[0.046s] Invoking command in '/home/agilex/agilex_ws/build/nav2_constrained_smoother': AMENT_PREFIX_PATH=/home/agilex/agilex_ws/install/nav2_core:/home/agilex/agilex_ws/install/nav2_costmap_2d:/home/agilex/agilex_ws/install/nav2_util:/home/agilex/agilex_ws/install/nav2_voxel_grid:/home/agilex/agilex_ws/install/nav2_msgs:/home/agilex/agilex_ws/install/nav2_common CMAKE_PREFIX_PATH=/home/agilex/agilex_ws/install/nav2_core:/home/agilex/agilex_ws/install/nav2_costmap_2d:/home/agilex/agilex_ws/install/nav2_util:/home/agilex/agilex_ws/install/nav2_voxel_grid:/home/agilex/agilex_ws/install/nav2_msgs:/home/agilex/agilex_ws/install/nav2_common LD_LIBRARY_PATH=/home/agilex/agilex_ws/install/nav2_costmap_2d/lib:/home/agilex/agilex_ws/install/nav2_util/lib:/home/agilex/agilex_ws/install/nav2_voxel_grid/lib:/home/agilex/agilex_ws/install/nav2_msgs/lib PYTHONPATH=/home/agilex/agilex_ws/install/nav2_msgs/local/lib/python3.10/dist-packages:/home/agilex/agilex_ws/install/nav2_common/local/lib/python3.10/dist-packages /usr/bin/cmake --build /home/agilex/agilex_ws/build/nav2_constrained_smoother -- -j16 -l16
[31.428s] [ 10%] [32mBuilding CXX object CMakeFiles/nav2_constrained_smoother.dir/src/constrained_smoother.cpp.o[0m
[31.429s] [ 20%] [32m[1mLinking CXX shared library libnav2_constrained_smoother.so[0m
[31.429s] [ 20%] Built target nav2_constrained_smoother
[31.429s] [ 30%] [32mBuilding CXX object gtest/CMakeFiles/gtest.dir/src/gtest-all.cc.o[0m
[31.429s] [ 40%] [32m[1mLinking CXX static library libgtest.a[0m
[31.429s] [ 40%] Built target gtest
[31.429s] [35m[1mConsolidate compiler generated dependencies of target gtest_main[0m
[31.430s] [ 60%] Built target gtest_main
[31.430s] [ 70%] [32mBuilding CXX object test/CMakeFiles/test_constrained_smoother.dir/test_constrained_smoother.cpp.o[0m
[40.742s] [ 80%] [32m[1mLinking CXX executable test_constrained_smoother[0m
[41.127s] [ 80%] Built target test_constrained_smoother
[41.174s] [ 90%] [32mBuilding CXX object test/CMakeFiles/test_smoother_cost_function.dir/test_smoother_cost_function.cpp.o[0m
[50.088s] [100%] [32m[1mLinking CXX executable test_smoother_cost_function[0m
[50.368s] [100%] Built target test_smoother_cost_function
[50.404s] Invoked command in '/home/agilex/agilex_ws/build/nav2_constrained_smoother' returned '0': AMENT_PREFIX_PATH=/home/agilex/agilex_ws/install/nav2_core:/home/agilex/agilex_ws/install/nav2_costmap_2d:/home/agilex/agilex_ws/install/nav2_util:/home/agilex/agilex_ws/install/nav2_voxel_grid:/home/agilex/agilex_ws/install/nav2_msgs:/home/agilex/agilex_ws/install/nav2_common CMAKE_PREFIX_PATH=/home/agilex/agilex_ws/install/nav2_core:/home/agilex/agilex_ws/install/nav2_costmap_2d:/home/agilex/agilex_ws/install/nav2_util:/home/agilex/agilex_ws/install/nav2_voxel_grid:/home/agilex/agilex_ws/install/nav2_msgs:/home/agilex/agilex_ws/install/nav2_common LD_LIBRARY_PATH=/home/agilex/agilex_ws/install/nav2_costmap_2d/lib:/home/agilex/agilex_ws/install/nav2_util/lib:/home/agilex/agilex_ws/install/nav2_voxel_grid/lib:/home/agilex/agilex_ws/install/nav2_msgs/lib PYTHONPATH=/home/agilex/agilex_ws/install/nav2_msgs/local/lib/python3.10/dist-packages:/home/agilex/agilex_ws/install/nav2_common/local/lib/python3.10/dist-packages /usr/bin/cmake --build /home/agilex/agilex_ws/build/nav2_constrained_smoother -- -j16 -l16
[50.462s] Invoking command in '/home/agilex/agilex_ws/build/nav2_constrained_smoother': AMENT_PREFIX_PATH=/home/agilex/agilex_ws/install/nav2_core:/home/agilex/agilex_ws/install/nav2_costmap_2d:/home/agilex/agilex_ws/install/nav2_util:/home/agilex/agilex_ws/install/nav2_voxel_grid:/home/agilex/agilex_ws/install/nav2_msgs:/home/agilex/agilex_ws/install/nav2_common CMAKE_PREFIX_PATH=/home/agilex/agilex_ws/install/nav2_core:/home/agilex/agilex_ws/install/nav2_costmap_2d:/home/agilex/agilex_ws/install/nav2_util:/home/agilex/agilex_ws/install/nav2_voxel_grid:/home/agilex/agilex_ws/install/nav2_msgs:/home/agilex/agilex_ws/install/nav2_common LD_LIBRARY_PATH=/home/agilex/agilex_ws/install/nav2_costmap_2d/lib:/home/agilex/agilex_ws/install/nav2_util/lib:/home/agilex/agilex_ws/install/nav2_voxel_grid/lib:/home/agilex/agilex_ws/install/nav2_msgs/lib PYTHONPATH=/home/agilex/agilex_ws/install/nav2_msgs/local/lib/python3.10/dist-packages:/home/agilex/agilex_ws/install/nav2_common/local/lib/python3.10/dist-packages /usr/bin/cmake --install /home/agilex/agilex_ws/build/nav2_constrained_smoother
[50.472s] -- Install configuration: "Release"
[50.473s] -- Installing: /home/agilex/agilex_ws/install/nav2_constrained_smoother/lib/libnav2_constrained_smoother.so
[50.473s] -- Set runtime path of "/home/agilex/agilex_ws/install/nav2_constrained_smoother/lib/libnav2_constrained_smoother.so" to ""
[50.474s] -- Up-to-date: /home/agilex/agilex_ws/install/nav2_constrained_smoother/include/
[50.474s] -- Up-to-date: /home/agilex/agilex_ws/install/nav2_constrained_smoother/include//nav2_constrained_smoother
[50.474s] -- Up-to-date: /home/agilex/agilex_ws/install/nav2_constrained_smoother/include//nav2_constrained_smoother/utils.hpp
[50.474s] -- Up-to-date: /home/agilex/agilex_ws/install/nav2_constrained_smoother/include//nav2_constrained_smoother/smoother_cost_function.hpp
[50.474s] -- Up-to-date: /home/agilex/agilex_ws/install/nav2_constrained_smoother/include//nav2_constrained_smoother/smoother.hpp
[50.474s] -- Up-to-date: /home/agilex/agilex_ws/install/nav2_constrained_smoother/include//nav2_constrained_smoother/constrained_smoother.hpp
[50.474s] -- Up-to-date: /home/agilex/agilex_ws/install/nav2_constrained_smoother/include//nav2_constrained_smoother/options.hpp
[50.475s] -- Up-to-date: /home/agilex/agilex_ws/install/nav2_constrained_smoother/share/nav2_constrained_smoother/environment/library_path.sh
[50.475s] -- Up-to-date: /home/agilex/agilex_ws/install/nav2_constrained_smoother/share/nav2_constrained_smoother/environment/library_path.dsv
[50.475s] -- Up-to-date: /home/agilex/agilex_ws/install/nav2_constrained_smoother/share/nav2_constrained_smoother/nav2_constrained_smoother.xml
[50.476s] -- Up-to-date: /home/agilex/agilex_ws/install/nav2_constrained_smoother/share/ament_index/resource_index/package_run_dependencies/nav2_constrained_smoother
[50.476s] -- Up-to-date: /home/agilex/agilex_ws/install/nav2_constrained_smoother/share/ament_index/resource_index/parent_prefix_path/nav2_constrained_smoother
[50.476s] -- Up-to-date: /home/agilex/agilex_ws/install/nav2_constrained_smoother/share/nav2_constrained_smoother/environment/ament_prefix_path.sh
[50.476s] -- Up-to-date: /home/agilex/agilex_ws/install/nav2_constrained_smoother/share/nav2_constrained_smoother/environment/ament_prefix_path.dsv
[50.477s] -- Up-to-date: /home/agilex/agilex_ws/install/nav2_constrained_smoother/share/nav2_constrained_smoother/environment/path.sh
[50.477s] -- Up-to-date: /home/agilex/agilex_ws/install/nav2_constrained_smoother/share/nav2_constrained_smoother/environment/path.dsv
[50.478s] -- Up-to-date: /home/agilex/agilex_ws/install/nav2_constrained_smoother/share/nav2_constrained_smoother/local_setup.bash
[50.479s] -- Up-to-date: /home/agilex/agilex_ws/install/nav2_constrained_smoother/share/nav2_constrained_smoother/local_setup.sh
[50.479s] -- Up-to-date: /home/agilex/agilex_ws/install/nav2_constrained_smoother/share/nav2_constrained_smoother/local_setup.zsh
[50.479s] -- Up-to-date: /home/agilex/agilex_ws/install/nav2_constrained_smoother/share/nav2_constrained_smoother/local_setup.dsv
[50.479s] -- Installing: /home/agilex/agilex_ws/install/nav2_constrained_smoother/share/nav2_constrained_smoother/package.dsv
[50.479s] -- Up-to-date: /home/agilex/agilex_ws/install/nav2_constrained_smoother/share/ament_index/resource_index/packages/nav2_constrained_smoother
[50.480s] -- Up-to-date: /home/agilex/agilex_ws/install/nav2_constrained_smoother/share/ament_index/resource_index/nav2_core__pluginlib__plugin/nav2_constrained_smoother
[50.480s] -- Up-to-date: /home/agilex/agilex_ws/install/nav2_constrained_smoother/share/nav2_constrained_smoother/cmake/ament_cmake_export_include_directories-extras.cmake
[50.480s] -- Up-to-date: /home/agilex/agilex_ws/install/nav2_constrained_smoother/share/nav2_constrained_smoother/cmake/ament_cmake_export_libraries-extras.cmake
[50.480s] -- Up-to-date: /home/agilex/agilex_ws/install/nav2_constrained_smoother/share/nav2_constrained_smoother/cmake/ament_cmake_export_dependencies-extras.cmake
[50.480s] -- Up-to-date: /home/agilex/agilex_ws/install/nav2_constrained_smoother/share/nav2_constrained_smoother/cmake/nav2_constrained_smootherConfig.cmake
[50.480s] -- Up-to-date: /home/agilex/agilex_ws/install/nav2_constrained_smoother/share/nav2_constrained_smoother/cmake/nav2_constrained_smootherConfig-version.cmake
[50.480s] -- Up-to-date: /home/agilex/agilex_ws/install/nav2_constrained_smoother/share/nav2_constrained_smoother/package.xml
[50.483s] Invoked command in '/home/agilex/agilex_ws/build/nav2_constrained_smoother' returned '0': AMENT_PREFIX_PATH=/home/agilex/agilex_ws/install/nav2_core:/home/agilex/agilex_ws/install/nav2_costmap_2d:/home/agilex/agilex_ws/install/nav2_util:/home/agilex/agilex_ws/install/nav2_voxel_grid:/home/agilex/agilex_ws/install/nav2_msgs:/home/agilex/agilex_ws/install/nav2_common CMAKE_PREFIX_PATH=/home/agilex/agilex_ws/install/nav2_core:/home/agilex/agilex_ws/install/nav2_costmap_2d:/home/agilex/agilex_ws/install/nav2_util:/home/agilex/agilex_ws/install/nav2_voxel_grid:/home/agilex/agilex_ws/install/nav2_msgs:/home/agilex/agilex_ws/install/nav2_common LD_LIBRARY_PATH=/home/agilex/agilex_ws/install/nav2_costmap_2d/lib:/home/agilex/agilex_ws/install/nav2_util/lib:/home/agilex/agilex_ws/install/nav2_voxel_grid/lib:/home/agilex/agilex_ws/install/nav2_msgs/lib PYTHONPATH=/home/agilex/agilex_ws/install/nav2_msgs/local/lib/python3.10/dist-packages:/home/agilex/agilex_ws/install/nav2_common/local/lib/python3.10/dist-packages /usr/bin/cmake --install /home/agilex/agilex_ws/build/nav2_constrained_smoother
