[0.020s] Invoking command in '/home/agilex/agilex_ws/build/costmap_converter_msgs': /usr/bin/cmake /home/agilex/agilex_ws/src/costmap_converter/costmap_converter_msgs -DCMAKE_INSTALL_PREFIX=/home/agilex/agilex_ws/install/costmap_converter_msgs
[0.192s] -- The C compiler identification is GNU 11.3.0
[0.351s] -- The CXX compiler identification is GNU 11.3.0
[0.362s] -- Detecting C compiler ABI info
[0.428s] -- Detecting C compiler ABI info - done
[0.443s] -- Check for working C compiler: /usr/bin/cc - skipped
[0.443s] -- Detecting C compile features
[0.443s] -- Detecting C compile features - done
[0.443s] -- Detecting CXX compiler ABI info
[0.522s] -- Detecting CXX compiler ABI info - done
[0.530s] -- Check for working CXX compiler: /usr/bin/c++ - skipped
[0.531s] -- Detecting CXX compile features
[0.531s] -- Detecting CXX compile features - done
[0.551s] [31mCMake Error at CMakeLists.txt:14 (find_package):
[0.551s]   By not providing "Findament_cmake.cmake" in CMAKE_MODULE_PATH this project
[0.551s]   has asked CMake to find a package configuration file provided by
[0.551s]   "ament_cmake", but CMake did not find one.
[0.551s] 
[0.551s]   Could not find a package configuration file provided by "ament_cmake" with
[0.551s]   any of the following names:
[0.551s] 
[0.552s]     ament_cmakeConfig.cmake
[0.552s]     ament_cmake-config.cmake
[0.552s] 
[0.552s]   Add the installation prefix of "ament_cmake" to CMAKE_PREFIX_PATH or set
[0.552s]   "ament_cmake_DIR" to a directory containing one of the above files.  If
[0.552s]   "ament_cmake" provides a separate development package or SDK, be sure it
[0.552s]   has been installed.
[0.552s] 
[0.552s] [0m
[0.554s] -- Configuring incomplete, errors occurred!
[0.554s] See also "/home/agilex/agilex_ws/build/costmap_converter_msgs/CMakeFiles/CMakeOutput.log".
