[0.110s] Invoking command in '/home/agilex/agilex_ws/build/limo_msgs': /usr/bin/cmake --build /home/agilex/agilex_ws/build/limo_msgs -- -j16 -l16
[2.361s] [  3%] Built target limo_msgs__cpp
[2.361s] [  6%] [32mBuilding C object CMakeFiles/limo_msgs__rosidl_generator_c.dir/rosidl_generator_c/limo_msgs/msg/detail/limo_status__functions.c.o[0m
[2.361s] [  6%] Built target ament_cmake_python_copy_limo_msgs
[2.361s] [  9%] [32mBuilding CXX object CMakeFiles/limo_msgs__rosidl_typesupport_cpp.dir/rosidl_typesupport_cpp/limo_msgs/msg/limo_status__type_support.cpp.o[0m
[2.361s] [ 12%] [32mBuilding CXX object CMakeFiles/limo_msgs__rosidl_typesupport_fastrtps_cpp.dir/rosidl_typesupport_fastrtps_cpp/limo_msgs/msg/detail/dds_fastrtps/limo_status__type_support.cpp.o[0m
[2.361s] [ 16%] [32mBuilding CXX object CMakeFiles/limo_msgs__rosidl_typesupport_introspection_cpp.dir/rosidl_typesupport_introspection_cpp/limo_msgs/msg/detail/limo_status__type_support.cpp.o[0m
[2.361s] [ 19%] [32m[1mLinking C shared library liblimo_msgs__rosidl_generator_c.so[0m
[2.361s] [ 22%] Built target limo_msgs__rosidl_generator_c
[2.361s] [ 25%] [32mBuilding C object CMakeFiles/limo_msgs__rosidl_typesupport_introspection_c.dir/rosidl_typesupport_introspection_c/limo_msgs/msg/detail/limo_status__type_support.c.o[0m
[2.361s] [ 29%] [32mBuilding CXX object CMakeFiles/limo_msgs__rosidl_typesupport_c.dir/rosidl_typesupport_c/limo_msgs/msg/limo_status__type_support.cpp.o[0m
[2.361s] [ 32%] [32mBuilding CXX object CMakeFiles/limo_msgs__rosidl_typesupport_fastrtps_c.dir/rosidl_typesupport_fastrtps_c/limo_msgs/msg/detail/limo_status__type_support_c.cpp.o[0m
[2.361s] [ 35%] [32m[1mLinking C shared library liblimo_msgs__rosidl_typesupport_introspection_c.so[0m
[2.362s] [ 38%] [32m[1mLinking CXX shared library liblimo_msgs__rosidl_typesupport_c.so[0m
[2.362s] [ 41%] Built target limo_msgs__rosidl_typesupport_introspection_c
[2.362s] [ 45%] Built target limo_msgs__rosidl_typesupport_c
[2.901s] running egg_info
[2.903s] writing limo_msgs.egg-info/PKG-INFO
[2.904s] writing dependency_links to limo_msgs.egg-info/dependency_links.txt
[2.905s] writing top-level names to limo_msgs.egg-info/top_level.txt
[2.980s] reading manifest file 'limo_msgs.egg-info/SOURCES.txt'
[3.016s] writing manifest file 'limo_msgs.egg-info/SOURCES.txt'
[3.807s] [ 45%] Built target ament_cmake_python_build_limo_msgs_egg
[3.899s] [ 48%] [32m[1mLinking CXX shared library liblimo_msgs__rosidl_typesupport_cpp.so[0m
[4.204s] [ 51%] Built target limo_msgs__rosidl_typesupport_cpp
[4.578s] [ 54%] [32m[1mLinking CXX shared library liblimo_msgs__rosidl_typesupport_fastrtps_cpp.so[0m
[4.734s] [ 58%] [32m[1mLinking CXX shared library liblimo_msgs__rosidl_typesupport_introspection_cpp.so[0m
[5.018s] [ 61%] [32m[1mLinking CXX shared library liblimo_msgs__rosidl_typesupport_fastrtps_c.so[0m
[5.471s] [ 64%] Built target limo_msgs__rosidl_typesupport_introspection_cpp
[5.616s] [ 67%] Built target limo_msgs__rosidl_typesupport_fastrtps_cpp
[6.105s] [ 70%] Built target limo_msgs__rosidl_typesupport_fastrtps_c
[6.194s] [ 70%] Built target limo_msgs
[6.276s] [ 74%] Built target limo_msgs__py
[6.353s] [ 77%] [32mBuilding C object CMakeFiles/limo_msgs__rosidl_generator_py.dir/rosidl_generator_py/limo_msgs/msg/_limo_status_s.c.o[0m
[6.680s] [ 80%] [32m[1mLinking C shared library rosidl_generator_py/limo_msgs/liblimo_msgs__rosidl_generator_py.so[0m
[6.834s] [ 80%] Built target limo_msgs__rosidl_generator_py
[6.958s] [ 83%] [32mBuilding C object CMakeFiles/limo_msgs__rosidl_typesupport_introspection_c__pyext.dir/rosidl_generator_py/limo_msgs/_limo_msgs_s.ep.rosidl_typesupport_introspection_c.c.o[0m
[6.995s] [ 87%] [32mBuilding C object CMakeFiles/limo_msgs__rosidl_typesupport_c__pyext.dir/rosidl_generator_py/limo_msgs/_limo_msgs_s.ep.rosidl_typesupport_c.c.o[0m
[7.005s] [ 90%] [32mBuilding C object CMakeFiles/limo_msgs__rosidl_typesupport_fastrtps_c__pyext.dir/rosidl_generator_py/limo_msgs/_limo_msgs_s.ep.rosidl_typesupport_fastrtps_c.c.o[0m
[7.612s] [ 93%] [32m[1mLinking C shared library rosidl_generator_py/limo_msgs/limo_msgs_s__rosidl_typesupport_introspection_c.cpython-310-x86_64-linux-gnu.so[0m
[7.674s] [ 96%] [32m[1mLinking C shared library rosidl_generator_py/limo_msgs/limo_msgs_s__rosidl_typesupport_c.cpython-310-x86_64-linux-gnu.so[0m
[7.711s] [100%] [32m[1mLinking C shared library rosidl_generator_py/limo_msgs/limo_msgs_s__rosidl_typesupport_fastrtps_c.cpython-310-x86_64-linux-gnu.so[0m
[7.735s] [100%] Built target limo_msgs__rosidl_typesupport_introspection_c__pyext
[7.875s] [100%] Built target limo_msgs__rosidl_typesupport_c__pyext
[7.940s] [100%] Built target limo_msgs__rosidl_typesupport_fastrtps_c__pyext
[8.058s] Invoked command in '/home/agilex/agilex_ws/build/limo_msgs' returned '0': /usr/bin/cmake --build /home/agilex/agilex_ws/build/limo_msgs -- -j16 -l16
[9.050s] Invoking command in '/home/agilex/agilex_ws/build/limo_msgs': /usr/bin/cmake --install /home/agilex/agilex_ws/build/limo_msgs
[9.560s] -- Install configuration: ""
[9.560s] -- Up-to-date: /home/agilex/agilex_ws/install/limo_msgs/share/ament_index/resource_index/rosidl_interfaces/limo_msgs
[9.560s] -- Up-to-date: /home/agilex/agilex_ws/install/limo_msgs/include/limo_msgs/limo_msgs
[9.561s] -- Up-to-date: /home/agilex/agilex_ws/install/limo_msgs/include/limo_msgs/limo_msgs/msg
[9.561s] -- Up-to-date: /home/agilex/agilex_ws/install/limo_msgs/include/limo_msgs/limo_msgs/msg/limo_status.h
[9.561s] -- Up-to-date: /home/agilex/agilex_ws/install/limo_msgs/include/limo_msgs/limo_msgs/msg/detail
[9.561s] -- Up-to-date: /home/agilex/agilex_ws/install/limo_msgs/include/limo_msgs/limo_msgs/msg/detail/limo_status__functions.c
[9.561s] -- Up-to-date: /home/agilex/agilex_ws/install/limo_msgs/include/limo_msgs/limo_msgs/msg/detail/limo_status__struct.h
[9.561s] -- Up-to-date: /home/agilex/agilex_ws/install/limo_msgs/include/limo_msgs/limo_msgs/msg/detail/limo_status__functions.h
[9.561s] -- Up-to-date: /home/agilex/agilex_ws/install/limo_msgs/include/limo_msgs/limo_msgs/msg/detail/limo_status__type_support.h
[9.561s] -- Up-to-date: /home/agilex/agilex_ws/install/limo_msgs/include/limo_msgs/limo_msgs/msg/rosidl_generator_c__visibility_control.h
[9.561s] -- Up-to-date: /home/agilex/agilex_ws/install/limo_msgs/share/limo_msgs/environment/library_path.sh
[9.561s] -- Up-to-date: /home/agilex/agilex_ws/install/limo_msgs/share/limo_msgs/environment/library_path.dsv
[9.561s] -- Installing: /home/agilex/agilex_ws/install/limo_msgs/lib/liblimo_msgs__rosidl_generator_c.so
[9.561s] -- Set runtime path of "/home/agilex/agilex_ws/install/limo_msgs/lib/liblimo_msgs__rosidl_generator_c.so" to ""
[9.561s] -- Up-to-date: /home/agilex/agilex_ws/install/limo_msgs/include/limo_msgs/limo_msgs
[9.561s] -- Up-to-date: /home/agilex/agilex_ws/install/limo_msgs/include/limo_msgs/limo_msgs/msg
[9.561s] -- Up-to-date: /home/agilex/agilex_ws/install/limo_msgs/include/limo_msgs/limo_msgs/msg/rosidl_typesupport_fastrtps_c__visibility_control.h
[9.562s] -- Up-to-date: /home/agilex/agilex_ws/install/limo_msgs/include/limo_msgs/limo_msgs/msg/detail
[9.562s] -- Up-to-date: /home/agilex/agilex_ws/install/limo_msgs/include/limo_msgs/limo_msgs/msg/detail/limo_status__rosidl_typesupport_fastrtps_c.h
[9.562s] -- Installing: /home/agilex/agilex_ws/install/limo_msgs/lib/liblimo_msgs__rosidl_typesupport_fastrtps_c.so
[9.562s] -- Set runtime path of "/home/agilex/agilex_ws/install/limo_msgs/lib/liblimo_msgs__rosidl_typesupport_fastrtps_c.so" to ""
[9.562s] -- Up-to-date: /home/agilex/agilex_ws/install/limo_msgs/include/limo_msgs/limo_msgs
[9.562s] -- Up-to-date: /home/agilex/agilex_ws/install/limo_msgs/include/limo_msgs/limo_msgs/msg
[9.562s] -- Up-to-date: /home/agilex/agilex_ws/install/limo_msgs/include/limo_msgs/limo_msgs/msg/detail
[9.562s] -- Up-to-date: /home/agilex/agilex_ws/install/limo_msgs/include/limo_msgs/limo_msgs/msg/detail/limo_status__struct.hpp
[9.562s] -- Up-to-date: /home/agilex/agilex_ws/install/limo_msgs/include/limo_msgs/limo_msgs/msg/detail/limo_status__traits.hpp
[9.562s] -- Up-to-date: /home/agilex/agilex_ws/install/limo_msgs/include/limo_msgs/limo_msgs/msg/detail/limo_status__builder.hpp
[9.562s] -- Up-to-date: /home/agilex/agilex_ws/install/limo_msgs/include/limo_msgs/limo_msgs/msg/limo_status.hpp
[9.562s] -- Up-to-date: /home/agilex/agilex_ws/install/limo_msgs/include/limo_msgs/limo_msgs
[9.562s] -- Up-to-date: /home/agilex/agilex_ws/install/limo_msgs/include/limo_msgs/limo_msgs/msg
[9.562s] -- Up-to-date: /home/agilex/agilex_ws/install/limo_msgs/include/limo_msgs/limo_msgs/msg/rosidl_typesupport_fastrtps_cpp__visibility_control.h
[9.562s] -- Up-to-date: /home/agilex/agilex_ws/install/limo_msgs/include/limo_msgs/limo_msgs/msg/detail
[9.563s] -- Up-to-date: /home/agilex/agilex_ws/install/limo_msgs/include/limo_msgs/limo_msgs/msg/detail/limo_status__rosidl_typesupport_fastrtps_cpp.hpp
[9.563s] -- Up-to-date: /home/agilex/agilex_ws/install/limo_msgs/include/limo_msgs/limo_msgs/msg/detail/dds_fastrtps
[9.563s] -- Installing: /home/agilex/agilex_ws/install/limo_msgs/lib/liblimo_msgs__rosidl_typesupport_fastrtps_cpp.so
[9.563s] -- Set runtime path of "/home/agilex/agilex_ws/install/limo_msgs/lib/liblimo_msgs__rosidl_typesupport_fastrtps_cpp.so" to ""
[9.563s] -- Up-to-date: /home/agilex/agilex_ws/install/limo_msgs/include/limo_msgs/limo_msgs
[9.563s] -- Up-to-date: /home/agilex/agilex_ws/install/limo_msgs/include/limo_msgs/limo_msgs/msg
[9.563s] -- Up-to-date: /home/agilex/agilex_ws/install/limo_msgs/include/limo_msgs/limo_msgs/msg/detail
[9.563s] -- Up-to-date: /home/agilex/agilex_ws/install/limo_msgs/include/limo_msgs/limo_msgs/msg/detail/limo_status__rosidl_typesupport_introspection_c.h
[9.563s] -- Up-to-date: /home/agilex/agilex_ws/install/limo_msgs/include/limo_msgs/limo_msgs/msg/detail/limo_status__type_support.c
[9.563s] -- Up-to-date: /home/agilex/agilex_ws/install/limo_msgs/include/limo_msgs/limo_msgs/msg/rosidl_typesupport_introspection_c__visibility_control.h
[9.563s] -- Installing: /home/agilex/agilex_ws/install/limo_msgs/lib/liblimo_msgs__rosidl_typesupport_introspection_c.so
[9.563s] -- Set runtime path of "/home/agilex/agilex_ws/install/limo_msgs/lib/liblimo_msgs__rosidl_typesupport_introspection_c.so" to ""
[9.563s] -- Installing: /home/agilex/agilex_ws/install/limo_msgs/lib/liblimo_msgs__rosidl_typesupport_c.so
[9.563s] -- Set runtime path of "/home/agilex/agilex_ws/install/limo_msgs/lib/liblimo_msgs__rosidl_typesupport_c.so" to ""
[9.563s] -- Up-to-date: /home/agilex/agilex_ws/install/limo_msgs/include/limo_msgs/limo_msgs
[9.568s] -- Up-to-date: /home/agilex/agilex_ws/install/limo_msgs/include/limo_msgs/limo_msgs/msg
[9.568s] -- Up-to-date: /home/agilex/agilex_ws/install/limo_msgs/include/limo_msgs/limo_msgs/msg/detail
[9.568s] -- Up-to-date: /home/agilex/agilex_ws/install/limo_msgs/include/limo_msgs/limo_msgs/msg/detail/limo_status__rosidl_typesupport_introspection_cpp.hpp
[9.568s] -- Up-to-date: /home/agilex/agilex_ws/install/limo_msgs/include/limo_msgs/limo_msgs/msg/detail/limo_status__type_support.cpp
[9.568s] -- Installing: /home/agilex/agilex_ws/install/limo_msgs/lib/liblimo_msgs__rosidl_typesupport_introspection_cpp.so
[9.568s] -- Set runtime path of "/home/agilex/agilex_ws/install/limo_msgs/lib/liblimo_msgs__rosidl_typesupport_introspection_cpp.so" to ""
[9.568s] -- Installing: /home/agilex/agilex_ws/install/limo_msgs/lib/liblimo_msgs__rosidl_typesupport_cpp.so
[9.568s] -- Set runtime path of "/home/agilex/agilex_ws/install/limo_msgs/lib/liblimo_msgs__rosidl_typesupport_cpp.so" to ""
[9.568s] -- Up-to-date: /home/agilex/agilex_ws/install/limo_msgs/share/limo_msgs/environment/pythonpath.sh
[9.569s] -- Up-to-date: /home/agilex/agilex_ws/install/limo_msgs/share/limo_msgs/environment/pythonpath.dsv
[9.569s] -- Up-to-date: /home/agilex/agilex_ws/install/limo_msgs/local/lib/python3.10/dist-packages/limo_msgs-0.0.0-py3.10.egg-info
[9.569s] -- Installing: /home/agilex/agilex_ws/install/limo_msgs/local/lib/python3.10/dist-packages/limo_msgs-0.0.0-py3.10.egg-info/top_level.txt
[9.569s] -- Installing: /home/agilex/agilex_ws/install/limo_msgs/local/lib/python3.10/dist-packages/limo_msgs-0.0.0-py3.10.egg-info/SOURCES.txt
[9.575s] -- Installing: /home/agilex/agilex_ws/install/limo_msgs/local/lib/python3.10/dist-packages/limo_msgs-0.0.0-py3.10.egg-info/PKG-INFO
[9.575s] -- Installing: /home/agilex/agilex_ws/install/limo_msgs/local/lib/python3.10/dist-packages/limo_msgs-0.0.0-py3.10.egg-info/dependency_links.txt
[9.575s] -- Up-to-date: /home/agilex/agilex_ws/install/limo_msgs/local/lib/python3.10/dist-packages/limo_msgs
[9.575s] -- Up-to-date: /home/agilex/agilex_ws/install/limo_msgs/local/lib/python3.10/dist-packages/limo_msgs/_limo_msgs_s.ep.rosidl_typesupport_introspection_c.c
[9.575s] -- Up-to-date: /home/agilex/agilex_ws/install/limo_msgs/local/lib/python3.10/dist-packages/limo_msgs/__init__.py
[9.575s] -- Installing: /home/agilex/agilex_ws/install/limo_msgs/local/lib/python3.10/dist-packages/limo_msgs/limo_msgs_s__rosidl_typesupport_fastrtps_c.cpython-310-x86_64-linux-gnu.so
[9.575s] -- Installing: /home/agilex/agilex_ws/install/limo_msgs/local/lib/python3.10/dist-packages/limo_msgs/liblimo_msgs__rosidl_generator_py.so
[9.575s] -- Installing: /home/agilex/agilex_ws/install/limo_msgs/local/lib/python3.10/dist-packages/limo_msgs/limo_msgs_s__rosidl_typesupport_introspection_c.cpython-310-x86_64-linux-gnu.so
[9.576s] -- Up-to-date: /home/agilex/agilex_ws/install/limo_msgs/local/lib/python3.10/dist-packages/limo_msgs/msg
[9.576s] -- Up-to-date: /home/agilex/agilex_ws/install/limo_msgs/local/lib/python3.10/dist-packages/limo_msgs/msg/_limo_status.py
[9.576s] -- Up-to-date: /home/agilex/agilex_ws/install/limo_msgs/local/lib/python3.10/dist-packages/limo_msgs/msg/__init__.py
[9.576s] -- Up-to-date: /home/agilex/agilex_ws/install/limo_msgs/local/lib/python3.10/dist-packages/limo_msgs/msg/_limo_status_s.c
[9.576s] -- Up-to-date: /home/agilex/agilex_ws/install/limo_msgs/local/lib/python3.10/dist-packages/limo_msgs/_limo_msgs_s.ep.rosidl_typesupport_fastrtps_c.c
[9.576s] -- Up-to-date: /home/agilex/agilex_ws/install/limo_msgs/local/lib/python3.10/dist-packages/limo_msgs/_limo_msgs_s.ep.rosidl_typesupport_c.c
[9.576s] -- Installing: /home/agilex/agilex_ws/install/limo_msgs/local/lib/python3.10/dist-packages/limo_msgs/limo_msgs_s__rosidl_typesupport_c.cpython-310-x86_64-linux-gnu.so
[9.576s] Listing '/home/agilex/agilex_ws/install/limo_msgs/local/lib/python3.10/dist-packages/limo_msgs'...
[9.576s] Listing '/home/agilex/agilex_ws/install/limo_msgs/local/lib/python3.10/dist-packages/limo_msgs/msg'...
[9.579s] -- Installing: /home/agilex/agilex_ws/install/limo_msgs/local/lib/python3.10/dist-packages/limo_msgs/limo_msgs_s__rosidl_typesupport_fastrtps_c.cpython-310-x86_64-linux-gnu.so
[9.579s] -- Set runtime path of "/home/agilex/agilex_ws/install/limo_msgs/local/lib/python3.10/dist-packages/limo_msgs/limo_msgs_s__rosidl_typesupport_fastrtps_c.cpython-310-x86_64-linux-gnu.so" to ""
[9.579s] -- Installing: /home/agilex/agilex_ws/install/limo_msgs/local/lib/python3.10/dist-packages/limo_msgs/limo_msgs_s__rosidl_typesupport_introspection_c.cpython-310-x86_64-linux-gnu.so
[9.579s] -- Set runtime path of "/home/agilex/agilex_ws/install/limo_msgs/local/lib/python3.10/dist-packages/limo_msgs/limo_msgs_s__rosidl_typesupport_introspection_c.cpython-310-x86_64-linux-gnu.so" to ""
[9.579s] -- Installing: /home/agilex/agilex_ws/install/limo_msgs/local/lib/python3.10/dist-packages/limo_msgs/limo_msgs_s__rosidl_typesupport_c.cpython-310-x86_64-linux-gnu.so
[9.579s] -- Set runtime path of "/home/agilex/agilex_ws/install/limo_msgs/local/lib/python3.10/dist-packages/limo_msgs/limo_msgs_s__rosidl_typesupport_c.cpython-310-x86_64-linux-gnu.so" to ""
[9.579s] -- Installing: /home/agilex/agilex_ws/install/limo_msgs/lib/liblimo_msgs__rosidl_generator_py.so
[9.580s] -- Set runtime path of "/home/agilex/agilex_ws/install/limo_msgs/lib/liblimo_msgs__rosidl_generator_py.so" to ""
[9.580s] -- Up-to-date: /home/agilex/agilex_ws/install/limo_msgs/share/limo_msgs/msg/LimoStatus.idl
[9.580s] -- Up-to-date: /home/agilex/agilex_ws/install/limo_msgs/share/limo_msgs/msg/LimoStatus.msg
[9.580s] -- Up-to-date: /home/agilex/agilex_ws/install/limo_msgs/share/ament_index/resource_index/package_run_dependencies/limo_msgs
[9.580s] -- Up-to-date: /home/agilex/agilex_ws/install/limo_msgs/share/ament_index/resource_index/parent_prefix_path/limo_msgs
[9.580s] -- Up-to-date: /home/agilex/agilex_ws/install/limo_msgs/share/limo_msgs/environment/ament_prefix_path.sh
[9.580s] -- Up-to-date: /home/agilex/agilex_ws/install/limo_msgs/share/limo_msgs/environment/ament_prefix_path.dsv
[9.580s] -- Up-to-date: /home/agilex/agilex_ws/install/limo_msgs/share/limo_msgs/environment/path.sh
[9.580s] -- Up-to-date: /home/agilex/agilex_ws/install/limo_msgs/share/limo_msgs/environment/path.dsv
[9.580s] -- Up-to-date: /home/agilex/agilex_ws/install/limo_msgs/share/limo_msgs/local_setup.bash
[9.580s] -- Up-to-date: /home/agilex/agilex_ws/install/limo_msgs/share/limo_msgs/local_setup.sh
[9.580s] -- Up-to-date: /home/agilex/agilex_ws/install/limo_msgs/share/limo_msgs/local_setup.zsh
[9.580s] -- Up-to-date: /home/agilex/agilex_ws/install/limo_msgs/share/limo_msgs/local_setup.dsv
[9.580s] -- Installing: /home/agilex/agilex_ws/install/limo_msgs/share/limo_msgs/package.dsv
[9.580s] -- Up-to-date: /home/agilex/agilex_ws/install/limo_msgs/share/ament_index/resource_index/packages/limo_msgs
[9.581s] -- Up-to-date: /home/agilex/agilex_ws/install/limo_msgs/share/limo_msgs/cmake/export_limo_msgs__rosidl_generator_cExport.cmake
[9.581s] -- Up-to-date: /home/agilex/agilex_ws/install/limo_msgs/share/limo_msgs/cmake/export_limo_msgs__rosidl_generator_cExport-noconfig.cmake
[9.581s] -- Up-to-date: /home/agilex/agilex_ws/install/limo_msgs/share/limo_msgs/cmake/export_limo_msgs__rosidl_typesupport_fastrtps_cExport.cmake
[9.581s] -- Up-to-date: /home/agilex/agilex_ws/install/limo_msgs/share/limo_msgs/cmake/export_limo_msgs__rosidl_typesupport_fastrtps_cExport-noconfig.cmake
[9.581s] -- Up-to-date: /home/agilex/agilex_ws/install/limo_msgs/share/limo_msgs/cmake/export_limo_msgs__rosidl_generator_cppExport.cmake
[9.581s] -- Up-to-date: /home/agilex/agilex_ws/install/limo_msgs/share/limo_msgs/cmake/export_limo_msgs__rosidl_typesupport_fastrtps_cppExport.cmake
[9.581s] -- Up-to-date: /home/agilex/agilex_ws/install/limo_msgs/share/limo_msgs/cmake/export_limo_msgs__rosidl_typesupport_fastrtps_cppExport-noconfig.cmake
[9.581s] -- Up-to-date: /home/agilex/agilex_ws/install/limo_msgs/share/limo_msgs/cmake/limo_msgs__rosidl_typesupport_introspection_cExport.cmake
[9.581s] -- Up-to-date: /home/agilex/agilex_ws/install/limo_msgs/share/limo_msgs/cmake/limo_msgs__rosidl_typesupport_introspection_cExport-noconfig.cmake
[9.581s] -- Up-to-date: /home/agilex/agilex_ws/install/limo_msgs/share/limo_msgs/cmake/limo_msgs__rosidl_typesupport_cExport.cmake
[9.581s] -- Up-to-date: /home/agilex/agilex_ws/install/limo_msgs/share/limo_msgs/cmake/limo_msgs__rosidl_typesupport_cExport-noconfig.cmake
[9.581s] -- Up-to-date: /home/agilex/agilex_ws/install/limo_msgs/share/limo_msgs/cmake/limo_msgs__rosidl_typesupport_introspection_cppExport.cmake
[9.581s] -- Up-to-date: /home/agilex/agilex_ws/install/limo_msgs/share/limo_msgs/cmake/limo_msgs__rosidl_typesupport_introspection_cppExport-noconfig.cmake
[9.581s] -- Up-to-date: /home/agilex/agilex_ws/install/limo_msgs/share/limo_msgs/cmake/limo_msgs__rosidl_typesupport_cppExport.cmake
[9.582s] -- Up-to-date: /home/agilex/agilex_ws/install/limo_msgs/share/limo_msgs/cmake/limo_msgs__rosidl_typesupport_cppExport-noconfig.cmake
[9.582s] -- Up-to-date: /home/agilex/agilex_ws/install/limo_msgs/share/limo_msgs/cmake/export_limo_msgs__rosidl_generator_pyExport.cmake
[9.582s] -- Up-to-date: /home/agilex/agilex_ws/install/limo_msgs/share/limo_msgs/cmake/export_limo_msgs__rosidl_generator_pyExport-noconfig.cmake
[9.582s] -- Up-to-date: /home/agilex/agilex_ws/install/limo_msgs/share/limo_msgs/cmake/rosidl_cmake-extras.cmake
[9.582s] -- Up-to-date: /home/agilex/agilex_ws/install/limo_msgs/share/limo_msgs/cmake/ament_cmake_export_dependencies-extras.cmake
[9.582s] -- Up-to-date: /home/agilex/agilex_ws/install/limo_msgs/share/limo_msgs/cmake/ament_cmake_export_include_directories-extras.cmake
[9.582s] -- Up-to-date: /home/agilex/agilex_ws/install/limo_msgs/share/limo_msgs/cmake/ament_cmake_export_libraries-extras.cmake
[9.582s] -- Up-to-date: /home/agilex/agilex_ws/install/limo_msgs/share/limo_msgs/cmake/ament_cmake_export_targets-extras.cmake
[9.582s] -- Up-to-date: /home/agilex/agilex_ws/install/limo_msgs/share/limo_msgs/cmake/rosidl_cmake_export_typesupport_targets-extras.cmake
[9.582s] -- Up-to-date: /home/agilex/agilex_ws/install/limo_msgs/share/limo_msgs/cmake/rosidl_cmake_export_typesupport_libraries-extras.cmake
[9.582s] -- Up-to-date: /home/agilex/agilex_ws/install/limo_msgs/share/limo_msgs/cmake/limo_msgsConfig.cmake
[9.582s] -- Up-to-date: /home/agilex/agilex_ws/install/limo_msgs/share/limo_msgs/cmake/limo_msgsConfig-version.cmake
[9.582s] -- Up-to-date: /home/agilex/agilex_ws/install/limo_msgs/share/limo_msgs/package.xml
[9.783s] Invoked command in '/home/agilex/agilex_ws/build/limo_msgs' returned '0': /usr/bin/cmake --install /home/agilex/agilex_ws/build/limo_msgs
