[0.037s] Invoking command in '/home/agilex/agilex_ws/build/nav2_controller': AMENT_PREFIX_PATH=/home/agilex/agilex_ws/install/nav2_core:/home/agilex/agilex_ws/install/nav2_costmap_2d:/home/agilex/agilex_ws/install/nav_2d_utils:/home/agilex/agilex_ws/install/nav2_util:/home/agilex/agilex_ws/install/nav2_voxel_grid:/home/agilex/agilex_ws/install/nav2_msgs:/home/agilex/agilex_ws/install/nav_2d_msgs:/home/agilex/agilex_ws/install/nav2_common:${AMENT_PREFIX_PATH} CMAKE_PREFIX_PATH=/home/agilex/agilex_ws/install/nav2_core:/home/agilex/agilex_ws/install/nav2_costmap_2d:/home/agilex/agilex_ws/install/nav_2d_utils:/home/agilex/agilex_ws/install/nav2_util:/home/agilex/agilex_ws/install/nav2_voxel_grid:/home/agilex/agilex_ws/install/nav2_msgs:/home/agilex/agilex_ws/install/nav_2d_msgs:/home/agilex/agilex_ws/install/nav2_common:/opt/ros/humble LD_LIBRARY_PATH=/home/agilex/agilex_ws/install/nav2_costmap_2d/lib:/home/agilex/agilex_ws/install/nav_2d_utils/lib:/home/agilex/agilex_ws/install/nav2_util/lib:/home/agilex/agilex_ws/install/nav2_voxel_grid/lib:/home/agilex/agilex_ws/install/nav2_msgs/lib:/home/agilex/agilex_ws/install/nav_2d_msgs/lib:${LD_LIBRARY_PATH} PYTHONPATH=/home/agilex/agilex_ws/install/nav2_msgs/local/lib/python3.10/dist-packages:/home/agilex/agilex_ws/install/nav_2d_msgs/local/lib/python3.10/dist-packages:/home/agilex/agilex_ws/install/nav2_common/local/lib/python3.10/dist-packages:${PYTHONPATH} /usr/bin/cmake /home/agilex/agilex_ws/src/navigation2/nav2_controller -DCMAKE_INSTALL_PREFIX=/home/agilex/agilex_ws/install/nav2_controller
[0.104s] -- The C compiler identification is GNU 11.3.0
[0.172s] -- The CXX compiler identification is GNU 11.3.0
[0.179s] -- Detecting C compiler ABI info
[0.243s] -- Detecting C compiler ABI info - done
[0.253s] -- Check for working C compiler: /usr/bin/cc - skipped
[0.253s] -- Detecting C compile features
[0.254s] -- Detecting C compile features - done
[0.257s] -- Detecting CXX compiler ABI info
[0.373s] -- Detecting CXX compiler ABI info - done
[0.382s] -- Check for working CXX compiler: /usr/bin/c++ - skipped
[0.382s] -- Detecting CXX compile features
[0.383s] -- Detecting CXX compile features - done
[0.386s] -- Found ament_cmake: 1.3.4 (/opt/ros/humble/share/ament_cmake/cmake)
[0.596s] -- Found Python3: /usr/bin/python3.10 (found version "3.10.6") found components: Interpreter 
[0.707s] -- Found nav2_core: 1.1.0 (/home/agilex/agilex_ws/install/nav2_core/share/nav2_core/cmake)
[0.779s] -- Found rosidl_generator_c: 3.1.4 (/opt/ros/humble/share/rosidl_generator_c/cmake)
[0.784s] -- Found rosidl_adapter: 3.1.4 (/opt/ros/humble/share/rosidl_adapter/cmake)
[0.793s] -- Found rosidl_generator_cpp: 3.1.4 (/opt/ros/humble/share/rosidl_generator_cpp/cmake)
[0.820s] -- Using all available rosidl_typesupport_c: rosidl_typesupport_fastrtps_c;rosidl_typesupport_introspection_c
[0.852s] -- Using all available rosidl_typesupport_cpp: rosidl_typesupport_fastrtps_cpp;rosidl_typesupport_introspection_cpp
[0.997s] -- Found rmw_implementation_cmake: 6.1.1 (/opt/ros/humble/share/rmw_implementation_cmake/cmake)
[1.001s] -- Found rmw_fastrtps_cpp: 6.2.2 (/opt/ros/humble/share/rmw_fastrtps_cpp/cmake)
[1.138s] -- Found OpenSSL: /usr/lib/x86_64-linux-gnu/libcrypto.so (found version "3.0.2")  
[1.160s] -- Found FastRTPS: /opt/ros/humble/include  
[1.214s] -- Using RMW implementation 'rmw_fastrtps_cpp' as default
[1.224s] -- Looking for pthread.h
[1.289s] -- Looking for pthread.h - found
[1.294s] -- Performing Test CMAKE_HAVE_LIBC_PTHREAD
[1.360s] -- Performing Test CMAKE_HAVE_LIBC_PTHREAD - Success
[1.361s] -- Found Threads: TRUE  
[2.914s] -- Found Eigen3: TRUE (found version "3.4.0") 
[2.914s] -- Ensuring Eigen3 include directory is part of orocos-kdl CMake target
[7.466s] -- Found nav2_common: 1.1.0 (/home/agilex/agilex_ws/install/nav2_common/share/nav2_common/cmake)
[7.481s] -- Found nav_2d_utils: 1.1.0 (/home/agilex/agilex_ws/install/nav_2d_utils/share/nav_2d_utils/cmake)
[9.097s] -- Setting build type to Release as none was specified.
[34.299s] -- Found ament_lint_auto: 0.12.6 (/opt/ros/humble/share/ament_lint_auto/cmake)
[34.459s] -- Found gtest sources under '/opt/ros/humble/src/gtest_vendor': C++ tests using 'Google Test' will be built
[39.462s] -- Found gtest sources under '/opt/ros/humble/src/gtest_vendor': C++ tests using 'Google Test' will be built
[43.999s] -- Added test 'cppcheck' to perform static code analysis on C / C++ code
[44.001s] -- Configured cppcheck include dirs: /home/agilex/agilex_ws/src/navigation2/nav2_controller/include
[44.001s] -- Configured cppcheck exclude dirs and/or files: 
[44.003s] -- Added test 'cpplint' to check C / C++ code against the Google style
[44.004s] -- Configured cpplint exclude dirs and/or files: 
[44.005s] -- Added test 'lint_cmake' to check CMake code style
[44.006s] -- Added test 'uncrustify' to check C / C++ code style
[44.007s] -- Configured uncrustify additional arguments: 
[44.007s] -- Added test 'xmllint' to check XML markup files
[44.011s] -- Configuring done
[44.309s] -- Generating done
[44.335s] -- Build files have been written to: /home/agilex/agilex_ws/build/nav2_controller
[44.380s] Invoked command in '/home/agilex/agilex_ws/build/nav2_controller' returned '0': AMENT_PREFIX_PATH=/home/agilex/agilex_ws/install/nav2_core:/home/agilex/agilex_ws/install/nav2_costmap_2d:/home/agilex/agilex_ws/install/nav_2d_utils:/home/agilex/agilex_ws/install/nav2_util:/home/agilex/agilex_ws/install/nav2_voxel_grid:/home/agilex/agilex_ws/install/nav2_msgs:/home/agilex/agilex_ws/install/nav_2d_msgs:/home/agilex/agilex_ws/install/nav2_common:${AMENT_PREFIX_PATH} CMAKE_PREFIX_PATH=/home/agilex/agilex_ws/install/nav2_core:/home/agilex/agilex_ws/install/nav2_costmap_2d:/home/agilex/agilex_ws/install/nav_2d_utils:/home/agilex/agilex_ws/install/nav2_util:/home/agilex/agilex_ws/install/nav2_voxel_grid:/home/agilex/agilex_ws/install/nav2_msgs:/home/agilex/agilex_ws/install/nav_2d_msgs:/home/agilex/agilex_ws/install/nav2_common:/opt/ros/humble LD_LIBRARY_PATH=/home/agilex/agilex_ws/install/nav2_costmap_2d/lib:/home/agilex/agilex_ws/install/nav_2d_utils/lib:/home/agilex/agilex_ws/install/nav2_util/lib:/home/agilex/agilex_ws/install/nav2_voxel_grid/lib:/home/agilex/agilex_ws/install/nav2_msgs/lib:/home/agilex/agilex_ws/install/nav_2d_msgs/lib:${LD_LIBRARY_PATH} PYTHONPATH=/home/agilex/agilex_ws/install/nav2_msgs/local/lib/python3.10/dist-packages:/home/agilex/agilex_ws/install/nav_2d_msgs/local/lib/python3.10/dist-packages:/home/agilex/agilex_ws/install/nav2_common/local/lib/python3.10/dist-packages:${PYTHONPATH} /usr/bin/cmake /home/agilex/agilex_ws/src/navigation2/nav2_controller -DCMAKE_INSTALL_PREFIX=/home/agilex/agilex_ws/install/nav2_controller
[44.381s] Invoking command in '/home/agilex/agilex_ws/build/nav2_controller': AMENT_PREFIX_PATH=/home/agilex/agilex_ws/install/nav2_core:/home/agilex/agilex_ws/install/nav2_costmap_2d:/home/agilex/agilex_ws/install/nav_2d_utils:/home/agilex/agilex_ws/install/nav2_util:/home/agilex/agilex_ws/install/nav2_voxel_grid:/home/agilex/agilex_ws/install/nav2_msgs:/home/agilex/agilex_ws/install/nav_2d_msgs:/home/agilex/agilex_ws/install/nav2_common:${AMENT_PREFIX_PATH} CMAKE_PREFIX_PATH=/home/agilex/agilex_ws/install/nav2_core:/home/agilex/agilex_ws/install/nav2_costmap_2d:/home/agilex/agilex_ws/install/nav_2d_utils:/home/agilex/agilex_ws/install/nav2_util:/home/agilex/agilex_ws/install/nav2_voxel_grid:/home/agilex/agilex_ws/install/nav2_msgs:/home/agilex/agilex_ws/install/nav_2d_msgs:/home/agilex/agilex_ws/install/nav2_common:/opt/ros/humble LD_LIBRARY_PATH=/home/agilex/agilex_ws/install/nav2_costmap_2d/lib:/home/agilex/agilex_ws/install/nav_2d_utils/lib:/home/agilex/agilex_ws/install/nav2_util/lib:/home/agilex/agilex_ws/install/nav2_voxel_grid/lib:/home/agilex/agilex_ws/install/nav2_msgs/lib:/home/agilex/agilex_ws/install/nav_2d_msgs/lib:${LD_LIBRARY_PATH} PYTHONPATH=/home/agilex/agilex_ws/install/nav2_msgs/local/lib/python3.10/dist-packages:/home/agilex/agilex_ws/install/nav_2d_msgs/local/lib/python3.10/dist-packages:/home/agilex/agilex_ws/install/nav2_common/local/lib/python3.10/dist-packages:${PYTHONPATH} /usr/bin/cmake --build /home/agilex/agilex_ws/build/nav2_controller -- -j8 -l8
[47.821s] [  5%] [32mBuilding CXX object CMakeFiles/controller_server_core.dir/src/controller_server.cpp.o[0m
[76.972s] [ 10%] [32m[1mLinking CXX shared library libcontroller_server_core.so[0m
[77.444s] [ 10%] Built target controller_server_core
[77.462s] [ 15%] [32mBuilding CXX object gtest/CMakeFiles/gtest.dir/src/gtest-all.cc.o[0m
[85.328s] [ 20%] [32m[1mLinking CXX static library libgtest.a[0m
[85.363s] [ 20%] Built target gtest
[85.386s] [ 25%] [32mBuilding CXX object CMakeFiles/controller_server.dir/src/main.cpp.o[0m
[93.447s] [ 30%] [32m[1mLinking CXX executable controller_server[0m
[93.882s] [ 30%] Built target controller_server
[93.902s] [ 35%] [32mBuilding CXX object gtest/CMakeFiles/gtest_main.dir/src/gtest_main.cc.o[0m
[95.008s] [ 40%] [32m[1mLinking CXX static library libgtest_main.a[0m
[95.038s] [ 40%] Built target gtest_main
[95.060s] [ 45%] [32mBuilding CXX object CMakeFiles/simple_goal_checker.dir/plugins/simple_goal_checker.cpp.o[0m
[101.744s] [ 50%] [32m[1mLinking CXX shared library libsimple_goal_checker.so[0m
[101.999s] [ 50%] Built target simple_goal_checker
[102.022s] [ 55%] [32mBuilding CXX object test/CMakeFiles/test_dynamic_parameters.dir/test_dynamic_parameters.cpp.o[0m
[113.605s] [ 60%] [32m[1mLinking CXX executable test_dynamic_parameters[0m
[114.093s] [ 60%] Built target test_dynamic_parameters
[114.115s] [ 65%] [32mBuilding CXX object CMakeFiles/stopped_goal_checker.dir/plugins/stopped_goal_checker.cpp.o[0m
[120.182s] [ 70%] [32m[1mLinking CXX shared library libstopped_goal_checker.so[0m
[120.401s] [ 70%] Built target stopped_goal_checker
[120.419s] [ 75%] [32mBuilding CXX object CMakeFiles/simple_progress_checker.dir/plugins/simple_progress_checker.cpp.o[0m
[124.297s] [ 80%] [32m[1mLinking CXX shared library libsimple_progress_checker.so[0m
[124.515s] [ 80%] Built target simple_progress_checker
[124.533s] [ 85%] [32mBuilding CXX object plugins/test/CMakeFiles/gctest.dir/goal_checker.cpp.o[0m
[131.484s] [ 90%] [32m[1mLinking CXX executable gctest[0m
[131.780s] [ 90%] Built target gctest
[131.799s] [ 95%] [32mBuilding CXX object plugins/test/CMakeFiles/pctest.dir/progress_checker.cpp.o[0m
[136.507s] [100%] [32m[1mLinking CXX executable pctest[0m
[136.823s] [100%] Built target pctest
[136.843s] Invoked command in '/home/agilex/agilex_ws/build/nav2_controller' returned '0': AMENT_PREFIX_PATH=/home/agilex/agilex_ws/install/nav2_core:/home/agilex/agilex_ws/install/nav2_costmap_2d:/home/agilex/agilex_ws/install/nav_2d_utils:/home/agilex/agilex_ws/install/nav2_util:/home/agilex/agilex_ws/install/nav2_voxel_grid:/home/agilex/agilex_ws/install/nav2_msgs:/home/agilex/agilex_ws/install/nav_2d_msgs:/home/agilex/agilex_ws/install/nav2_common:${AMENT_PREFIX_PATH} CMAKE_PREFIX_PATH=/home/agilex/agilex_ws/install/nav2_core:/home/agilex/agilex_ws/install/nav2_costmap_2d:/home/agilex/agilex_ws/install/nav_2d_utils:/home/agilex/agilex_ws/install/nav2_util:/home/agilex/agilex_ws/install/nav2_voxel_grid:/home/agilex/agilex_ws/install/nav2_msgs:/home/agilex/agilex_ws/install/nav_2d_msgs:/home/agilex/agilex_ws/install/nav2_common:/opt/ros/humble LD_LIBRARY_PATH=/home/agilex/agilex_ws/install/nav2_costmap_2d/lib:/home/agilex/agilex_ws/install/nav_2d_utils/lib:/home/agilex/agilex_ws/install/nav2_util/lib:/home/agilex/agilex_ws/install/nav2_voxel_grid/lib:/home/agilex/agilex_ws/install/nav2_msgs/lib:/home/agilex/agilex_ws/install/nav_2d_msgs/lib:${LD_LIBRARY_PATH} PYTHONPATH=/home/agilex/agilex_ws/install/nav2_msgs/local/lib/python3.10/dist-packages:/home/agilex/agilex_ws/install/nav_2d_msgs/local/lib/python3.10/dist-packages:/home/agilex/agilex_ws/install/nav2_common/local/lib/python3.10/dist-packages:${PYTHONPATH} /usr/bin/cmake --build /home/agilex/agilex_ws/build/nav2_controller -- -j8 -l8
[136.890s] Invoking command in '/home/agilex/agilex_ws/build/nav2_controller': AMENT_PREFIX_PATH=/home/agilex/agilex_ws/install/nav2_core:/home/agilex/agilex_ws/install/nav2_costmap_2d:/home/agilex/agilex_ws/install/nav_2d_utils:/home/agilex/agilex_ws/install/nav2_util:/home/agilex/agilex_ws/install/nav2_voxel_grid:/home/agilex/agilex_ws/install/nav2_msgs:/home/agilex/agilex_ws/install/nav_2d_msgs:/home/agilex/agilex_ws/install/nav2_common:${AMENT_PREFIX_PATH} CMAKE_PREFIX_PATH=/home/agilex/agilex_ws/install/nav2_core:/home/agilex/agilex_ws/install/nav2_costmap_2d:/home/agilex/agilex_ws/install/nav_2d_utils:/home/agilex/agilex_ws/install/nav2_util:/home/agilex/agilex_ws/install/nav2_voxel_grid:/home/agilex/agilex_ws/install/nav2_msgs:/home/agilex/agilex_ws/install/nav_2d_msgs:/home/agilex/agilex_ws/install/nav2_common:/opt/ros/humble LD_LIBRARY_PATH=/home/agilex/agilex_ws/install/nav2_costmap_2d/lib:/home/agilex/agilex_ws/install/nav_2d_utils/lib:/home/agilex/agilex_ws/install/nav2_util/lib:/home/agilex/agilex_ws/install/nav2_voxel_grid/lib:/home/agilex/agilex_ws/install/nav2_msgs/lib:/home/agilex/agilex_ws/install/nav_2d_msgs/lib:${LD_LIBRARY_PATH} PYTHONPATH=/home/agilex/agilex_ws/install/nav2_msgs/local/lib/python3.10/dist-packages:/home/agilex/agilex_ws/install/nav_2d_msgs/local/lib/python3.10/dist-packages:/home/agilex/agilex_ws/install/nav2_common/local/lib/python3.10/dist-packages:${PYTHONPATH} /usr/bin/cmake --install /home/agilex/agilex_ws/build/nav2_controller
[138.891s] -- Install configuration: "Release"
[138.891s] -- Installing: /home/agilex/agilex_ws/install/nav2_controller/lib/libsimple_progress_checker.so
[138.891s] -- Set runtime path of "/home/agilex/agilex_ws/install/nav2_controller/lib/libsimple_progress_checker.so" to ""
[138.891s] -- Installing: /home/agilex/agilex_ws/install/nav2_controller/lib/libsimple_goal_checker.so
[138.891s] -- Set runtime path of "/home/agilex/agilex_ws/install/nav2_controller/lib/libsimple_goal_checker.so" to ""
[138.891s] -- Installing: /home/agilex/agilex_ws/install/nav2_controller/lib/libstopped_goal_checker.so
[138.891s] -- Set runtime path of "/home/agilex/agilex_ws/install/nav2_controller/lib/libstopped_goal_checker.so" to ""
[138.892s] -- Installing: /home/agilex/agilex_ws/install/nav2_controller/lib/libcontroller_server_core.so
[138.892s] -- Set runtime path of "/home/agilex/agilex_ws/install/nav2_controller/lib/libcontroller_server_core.so" to ""
[138.892s] -- Installing: /home/agilex/agilex_ws/install/nav2_controller/lib/nav2_controller/controller_server
[138.892s] -- Set runtime path of "/home/agilex/agilex_ws/install/nav2_controller/lib/nav2_controller/controller_server" to ""
[138.892s] -- Installing: /home/agilex/agilex_ws/install/nav2_controller/include/
[138.892s] -- Installing: /home/agilex/agilex_ws/install/nav2_controller/include//nav2_controller
[138.892s] -- Installing: /home/agilex/agilex_ws/install/nav2_controller/include//nav2_controller/plugins
[138.892s] -- Installing: /home/agilex/agilex_ws/install/nav2_controller/include//nav2_controller/plugins/stopped_goal_checker.hpp
[138.892s] -- Installing: /home/agilex/agilex_ws/install/nav2_controller/include//nav2_controller/plugins/simple_progress_checker.hpp
[138.892s] -- Installing: /home/agilex/agilex_ws/install/nav2_controller/include//nav2_controller/plugins/simple_goal_checker.hpp
[138.892s] -- Installing: /home/agilex/agilex_ws/install/nav2_controller/include//nav2_controller/controller_server.hpp
[138.892s] -- Installing: /home/agilex/agilex_ws/install/nav2_controller/share/nav2_controller/environment/library_path.sh
[138.893s] -- Installing: /home/agilex/agilex_ws/install/nav2_controller/share/nav2_controller/environment/library_path.dsv
[138.893s] -- Installing: /home/agilex/agilex_ws/install/nav2_controller/share/nav2_controller/plugins.xml
[138.893s] -- Installing: /home/agilex/agilex_ws/install/nav2_controller/share/ament_index/resource_index/package_run_dependencies/nav2_controller
[138.893s] -- Installing: /home/agilex/agilex_ws/install/nav2_controller/share/ament_index/resource_index/parent_prefix_path/nav2_controller
[138.893s] -- Installing: /home/agilex/agilex_ws/install/nav2_controller/share/nav2_controller/environment/ament_prefix_path.sh
[138.893s] -- Installing: /home/agilex/agilex_ws/install/nav2_controller/share/nav2_controller/environment/ament_prefix_path.dsv
[138.893s] -- Installing: /home/agilex/agilex_ws/install/nav2_controller/share/nav2_controller/environment/path.sh
[138.893s] -- Installing: /home/agilex/agilex_ws/install/nav2_controller/share/nav2_controller/environment/path.dsv
[138.893s] -- Installing: /home/agilex/agilex_ws/install/nav2_controller/share/nav2_controller/local_setup.bash
[138.893s] -- Installing: /home/agilex/agilex_ws/install/nav2_controller/share/nav2_controller/local_setup.sh
[138.894s] -- Installing: /home/agilex/agilex_ws/install/nav2_controller/share/nav2_controller/local_setup.zsh
[138.894s] -- Installing: /home/agilex/agilex_ws/install/nav2_controller/share/nav2_controller/local_setup.dsv
[138.894s] -- Installing: /home/agilex/agilex_ws/install/nav2_controller/share/nav2_controller/package.dsv
[138.894s] -- Installing: /home/agilex/agilex_ws/install/nav2_controller/share/ament_index/resource_index/packages/nav2_controller
[138.894s] -- Installing: /home/agilex/agilex_ws/install/nav2_controller/share/ament_index/resource_index/nav2_core__pluginlib__plugin/nav2_controller
[138.894s] -- Installing: /home/agilex/agilex_ws/install/nav2_controller/share/ament_index/resource_index/rclcpp_components/nav2_controller
[138.894s] -- Installing: /home/agilex/agilex_ws/install/nav2_controller/share/nav2_controller/cmake/ament_cmake_export_include_directories-extras.cmake
[138.894s] -- Installing: /home/agilex/agilex_ws/install/nav2_controller/share/nav2_controller/cmake/ament_cmake_export_libraries-extras.cmake
[138.894s] -- Installing: /home/agilex/agilex_ws/install/nav2_controller/share/nav2_controller/cmake/ament_cmake_export_dependencies-extras.cmake
[138.895s] -- Installing: /home/agilex/agilex_ws/install/nav2_controller/share/nav2_controller/cmake/nav2_controllerConfig.cmake
[138.895s] -- Installing: /home/agilex/agilex_ws/install/nav2_controller/share/nav2_controller/cmake/nav2_controllerConfig-version.cmake
[138.895s] -- Installing: /home/agilex/agilex_ws/install/nav2_controller/share/nav2_controller/package.xml
[138.900s] Invoked command in '/home/agilex/agilex_ws/build/nav2_controller' returned '0': AMENT_PREFIX_PATH=/home/agilex/agilex_ws/install/nav2_core:/home/agilex/agilex_ws/install/nav2_costmap_2d:/home/agilex/agilex_ws/install/nav_2d_utils:/home/agilex/agilex_ws/install/nav2_util:/home/agilex/agilex_ws/install/nav2_voxel_grid:/home/agilex/agilex_ws/install/nav2_msgs:/home/agilex/agilex_ws/install/nav_2d_msgs:/home/agilex/agilex_ws/install/nav2_common:${AMENT_PREFIX_PATH} CMAKE_PREFIX_PATH=/home/agilex/agilex_ws/install/nav2_core:/home/agilex/agilex_ws/install/nav2_costmap_2d:/home/agilex/agilex_ws/install/nav_2d_utils:/home/agilex/agilex_ws/install/nav2_util:/home/agilex/agilex_ws/install/nav2_voxel_grid:/home/agilex/agilex_ws/install/nav2_msgs:/home/agilex/agilex_ws/install/nav_2d_msgs:/home/agilex/agilex_ws/install/nav2_common:/opt/ros/humble LD_LIBRARY_PATH=/home/agilex/agilex_ws/install/nav2_costmap_2d/lib:/home/agilex/agilex_ws/install/nav_2d_utils/lib:/home/agilex/agilex_ws/install/nav2_util/lib:/home/agilex/agilex_ws/install/nav2_voxel_grid/lib:/home/agilex/agilex_ws/install/nav2_msgs/lib:/home/agilex/agilex_ws/install/nav_2d_msgs/lib:${LD_LIBRARY_PATH} PYTHONPATH=/home/agilex/agilex_ws/install/nav2_msgs/local/lib/python3.10/dist-packages:/home/agilex/agilex_ws/install/nav_2d_msgs/local/lib/python3.10/dist-packages:/home/agilex/agilex_ws/install/nav2_common/local/lib/python3.10/dist-packages:${PYTHONPATH} /usr/bin/cmake --install /home/agilex/agilex_ws/build/nav2_controller
