[  9%] [32mBuilding CXX object CMakeFiles/aruco_ros_utils.dir/src/aruco_ros_utils.cpp.o[0m
[ 18%] [32m[1mLinking CXX shared library libaruco_ros_utils.so[0m
[ 18%] Built target aruco_ros_utils
[ 27%] [32mBuilding CXX object CMakeFiles/marker_publisher.dir/src/marker_publish.cpp.o[0m
In file included from [01m[K/home/agilex/agilex_ws/src/aruco_ros/aruco_ros/src/marker_publish.cpp:44[m[K:
[01m[K/opt/ros/humble/include/image_transport/image_transport/image_transport.h:32:89:[m[K [01;36m[Knote: [m[K‘[01m[K#pragma message: Warning: This header is deprecated. Use 'image_transport.hpp' instead[m[K’
   32 | #pragma message ("Warning: This header is deprecated. Use 'image_transport.hpp' instead"[01;36m[K)[m[K
      |                                                                                         [01;36m[K^[m[K
[01m[K/home/agilex/agilex_ws/src/aruco_ros/aruco_ros/src/marker_publish.cpp:[m[K In member function ‘[01m[Kbool ArucoMarkerPublisher::setup()[m[K’:
[01m[K/home/agilex/agilex_ws/src/aruco_ros/aruco_ros/src/marker_publish.cpp:113:23:[m[K [01;35m[Kwarning: [m[Kvariable ‘[01m[Kqos[m[K’ set but not used [[01;35m[K]8;;https://gcc.gnu.org/onlinedocs/gcc/Warning-Options.html#index-Wunused-but-set-variable-Wunused-but-set-variable]8;;[m[K]
  113 |     rmw_qos_profile_t [01;35m[Kqos[m[K = rmw_qos_profile_sensor_data;
      |                       [01;35m[K^~~[m[K
[01m[K/home/agilex/agilex_ws/src/aruco_ros/aruco_ros/src/marker_publish.cpp:166:3:[m[K [01;35m[Kwarning: [m[Kno return statement in function returning non-void [[01;35m[K]8;;https://gcc.gnu.org/onlinedocs/gcc/Warning-Options.html#index-Wreturn-type-Wreturn-type]8;;[m[K]
  166 |   [01;35m[K}[m[K
      |   [01;35m[K^[m[K
[ 36%] [32mBuilding CXX object CMakeFiles/marker_publisher.dir/src/aruco_ros_utils.cpp.o[0m
[ 45%] [32m[1mLinking CXX executable marker_publisher[0m
[ 45%] Built target marker_publisher
[ 54%] [32mBuilding CXX object CMakeFiles/double.dir/src/simple_double.cpp.o[0m
[ 63%] [32mBuilding CXX object CMakeFiles/double.dir/src/aruco_ros_utils.cpp.o[0m
[ 72%] [32m[1mLinking CXX executable double[0m
[ 72%] Built target double
[ 90%] [32mBuilding CXX object CMakeFiles/single.dir/src/simple_single.cpp.o[0m
[ 90%] [32mBuilding CXX object CMakeFiles/single.dir/src/aruco_ros_utils.cpp.o[0m
[100%] [32m[1mLinking CXX executable single[0m
[100%] Built target single
-- Install configuration: ""
-- Installing: /home/agilex/agilex_ws/install/aruco_ros/lib/libaruco_ros_utils.so
-- Set runtime path of "/home/agilex/agilex_ws/install/aruco_ros/lib/libaruco_ros_utils.so" to ""
-- Installing: /home/agilex/agilex_ws/install/aruco_ros/lib/aruco_ros/marker_publisher
-- Set runtime path of "/home/agilex/agilex_ws/install/aruco_ros/lib/aruco_ros/marker_publisher" to ""
-- Installing: /home/agilex/agilex_ws/install/aruco_ros/lib/aruco_ros/single
-- Set runtime path of "/home/agilex/agilex_ws/install/aruco_ros/lib/aruco_ros/single" to ""
-- Installing: /home/agilex/agilex_ws/install/aruco_ros/lib/aruco_ros/double
-- Set runtime path of "/home/agilex/agilex_ws/install/aruco_ros/lib/aruco_ros/double" to ""
-- Up-to-date: /home/agilex/agilex_ws/install/aruco_ros/include
-- Up-to-date: /home/agilex/agilex_ws/install/aruco_ros/include/aruco_ros
-- Up-to-date: /home/agilex/agilex_ws/install/aruco_ros/share/aruco_ros/etc
-- Up-to-date: /home/agilex/agilex_ws/install/aruco_ros/share/aruco_ros/etc/marker582_5cm.jpg
-- Up-to-date: /home/agilex/agilex_ws/install/aruco_ros/share/aruco_ros/etc/new_coordinates.png
-- Up-to-date: /home/agilex/agilex_ws/install/aruco_ros/share/aruco_ros/etc/marker26_5cm_margin_2cm.jpg
-- Up-to-date: /home/agilex/agilex_ws/install/aruco_ros/share/aruco_ros/etc/reem_gazebo_floating_marker.png
-- Up-to-date: /home/agilex/agilex_ws/install/aruco_ros/share/aruco_ros/etc/marker_in_hand.jpg
-- Up-to-date: /home/agilex/agilex_ws/install/aruco_ros/share/aruco_ros/etc/marker26_5cm_margin_1cm.jpg
-- Up-to-date: /home/agilex/agilex_ws/install/aruco_ros/share/aruco_ros/etc/marker_in_object.jpg
-- Up-to-date: /home/agilex/agilex_ws/install/aruco_ros/share/aruco_ros/etc/marker582_5cm_margin_2cm.jpg
-- Up-to-date: /home/agilex/agilex_ws/install/aruco_ros/share/aruco_ros/etc/marker26_5cm.jpg
-- Up-to-date: /home/agilex/agilex_ws/install/aruco_ros/share/aruco_ros/etc/reem_gazebo_floating_marker_world.png
-- Up-to-date: /home/agilex/agilex_ws/install/aruco_ros/share/aruco_ros/launch
-- Up-to-date: /home/agilex/agilex_ws/install/aruco_ros/share/aruco_ros/launch/single.launch.py
-- Up-to-date: /home/agilex/agilex_ws/install/aruco_ros/share/aruco_ros/launch/marker_publisher.launch.py
-- Up-to-date: /home/agilex/agilex_ws/install/aruco_ros/share/aruco_ros/launch/double.launch.py
-- Up-to-date: /home/agilex/agilex_ws/install/aruco_ros/share/ament_index/resource_index/package_run_dependencies/aruco_ros
-- Up-to-date: /home/agilex/agilex_ws/install/aruco_ros/share/ament_index/resource_index/parent_prefix_path/aruco_ros
-- Up-to-date: /home/agilex/agilex_ws/install/aruco_ros/share/aruco_ros/environment/ament_prefix_path.sh
-- Up-to-date: /home/agilex/agilex_ws/install/aruco_ros/share/aruco_ros/environment/ament_prefix_path.dsv
-- Up-to-date: /home/agilex/agilex_ws/install/aruco_ros/share/aruco_ros/environment/path.sh
-- Up-to-date: /home/agilex/agilex_ws/install/aruco_ros/share/aruco_ros/environment/path.dsv
-- Up-to-date: /home/agilex/agilex_ws/install/aruco_ros/share/aruco_ros/local_setup.bash
-- Up-to-date: /home/agilex/agilex_ws/install/aruco_ros/share/aruco_ros/local_setup.sh
-- Up-to-date: /home/agilex/agilex_ws/install/aruco_ros/share/aruco_ros/local_setup.zsh
-- Up-to-date: /home/agilex/agilex_ws/install/aruco_ros/share/aruco_ros/local_setup.dsv
-- Installing: /home/agilex/agilex_ws/install/aruco_ros/share/aruco_ros/package.dsv
-- Up-to-date: /home/agilex/agilex_ws/install/aruco_ros/share/ament_index/resource_index/packages/aruco_ros
-- Up-to-date: /home/agilex/agilex_ws/install/aruco_ros/share/aruco_ros/cmake/aruco_rosConfig.cmake
-- Up-to-date: /home/agilex/agilex_ws/install/aruco_ros/share/aruco_ros/cmake/aruco_rosConfig-version.cmake
-- Up-to-date: /home/agilex/agilex_ws/install/aruco_ros/share/aruco_ros/package.xml
