[0.046s] Invoking command in '/home/agilex/agilex_ws/build/aruco_ros': AMENT_PREFIX_PATH=/home/agilex/agilex_ws/install/aruco_msgs:/home/agilex/agilex_ws/install/aruco CMAKE_PREFIX_PATH=/home/agilex/agilex_ws/install/aruco_msgs:/home/agilex/agilex_ws/install/aruco LD_LIBRARY_PATH=/home/agilex/agilex_ws/install/aruco_msgs/lib:/home/agilex/agilex_ws/install/aruco/lib PYTHONPATH=/home/agilex/agilex_ws/install/aruco_msgs/local/lib/python3.10/dist-packages /usr/bin/cmake --build /home/agilex/agilex_ws/build/aruco_ros -- -j16 -l16
[0.170s] [  9%] [32mBuilding CXX object CMakeFiles/aruco_ros_utils.dir/src/aruco_ros_utils.cpp.o[0m
[2.413s] [ 18%] [32m[1mLinking CXX shared library libaruco_ros_utils.so[0m
[3.136s] [ 18%] Built target aruco_ros_utils
[3.186s] [ 27%] [32mBuilding CXX object CMakeFiles/marker_publisher.dir/src/marker_publish.cpp.o[0m
[6.673s] In file included from [01m[K/home/agilex/agilex_ws/src/aruco_ros/aruco_ros/src/marker_publish.cpp:44[m[K:
[6.675s] [01m[K/opt/ros/humble/include/image_transport/image_transport/image_transport.h:32:89:[m[K [01;36m[Knote: [m[K‘[01m[K#pragma message: Warning: This header is deprecated. Use 'image_transport.hpp' instead[m[K’
[6.675s]    32 | #pragma message ("Warning: This header is deprecated. Use 'image_transport.hpp' instead"[01;36m[K)[m[K
[6.675s]       |                                                                                         [01;36m[K^[m[K
[9.661s] [01m[K/home/agilex/agilex_ws/src/aruco_ros/aruco_ros/src/marker_publish.cpp:[m[K In member function ‘[01m[Kbool ArucoMarkerPublisher::setup()[m[K’:
[9.661s] [01m[K/home/agilex/agilex_ws/src/aruco_ros/aruco_ros/src/marker_publish.cpp:113:23:[m[K [01;35m[Kwarning: [m[Kvariable ‘[01m[Kqos[m[K’ set but not used [[01;35m[K]8;;https://gcc.gnu.org/onlinedocs/gcc/Warning-Options.html#index-Wunused-but-set-variable-Wunused-but-set-variable]8;;[m[K]
[9.661s]   113 |     rmw_qos_profile_t [01;35m[Kqos[m[K = rmw_qos_profile_sensor_data;
[9.661s]       |                       [01;35m[K^~~[m[K
[9.661s] [01m[K/home/agilex/agilex_ws/src/aruco_ros/aruco_ros/src/marker_publish.cpp:166:3:[m[K [01;35m[Kwarning: [m[Kno return statement in function returning non-void [[01;35m[K]8;;https://gcc.gnu.org/onlinedocs/gcc/Warning-Options.html#index-Wreturn-type-Wreturn-type]8;;[m[K]
[9.661s]   166 |   [01;35m[K}[m[K
[9.662s]       |   [01;35m[K^[m[K
[17.325s] [ 36%] [32mBuilding CXX object CMakeFiles/marker_publisher.dir/src/aruco_ros_utils.cpp.o[0m
[18.450s] [ 45%] [32m[1mLinking CXX executable marker_publisher[0m
[19.458s] [ 45%] Built target marker_publisher
[19.486s] [ 54%] [32mBuilding CXX object CMakeFiles/double.dir/src/simple_double.cpp.o[0m
[26.597s] [ 63%] [32mBuilding CXX object CMakeFiles/double.dir/src/aruco_ros_utils.cpp.o[0m
[27.684s] [ 72%] [32m[1mLinking CXX executable double[0m
[28.890s] [ 72%] Built target double
[28.925s] [ 90%] [32mBuilding CXX object CMakeFiles/single.dir/src/simple_single.cpp.o[0m
[28.925s] [ 90%] [32mBuilding CXX object CMakeFiles/single.dir/src/aruco_ros_utils.cpp.o[0m
[37.943s] [100%] [32m[1mLinking CXX executable single[0m
[39.504s] [100%] Built target single
[39.530s] Invoked command in '/home/agilex/agilex_ws/build/aruco_ros' returned '0': AMENT_PREFIX_PATH=/home/agilex/agilex_ws/install/aruco_msgs:/home/agilex/agilex_ws/install/aruco CMAKE_PREFIX_PATH=/home/agilex/agilex_ws/install/aruco_msgs:/home/agilex/agilex_ws/install/aruco LD_LIBRARY_PATH=/home/agilex/agilex_ws/install/aruco_msgs/lib:/home/agilex/agilex_ws/install/aruco/lib PYTHONPATH=/home/agilex/agilex_ws/install/aruco_msgs/local/lib/python3.10/dist-packages /usr/bin/cmake --build /home/agilex/agilex_ws/build/aruco_ros -- -j16 -l16
[39.564s] Invoking command in '/home/agilex/agilex_ws/build/aruco_ros': AMENT_PREFIX_PATH=/home/agilex/agilex_ws/install/aruco_msgs:/home/agilex/agilex_ws/install/aruco CMAKE_PREFIX_PATH=/home/agilex/agilex_ws/install/aruco_msgs:/home/agilex/agilex_ws/install/aruco LD_LIBRARY_PATH=/home/agilex/agilex_ws/install/aruco_msgs/lib:/home/agilex/agilex_ws/install/aruco/lib PYTHONPATH=/home/agilex/agilex_ws/install/aruco_msgs/local/lib/python3.10/dist-packages /usr/bin/cmake --install /home/agilex/agilex_ws/build/aruco_ros
[39.574s] -- Install configuration: ""
[39.575s] -- Installing: /home/agilex/agilex_ws/install/aruco_ros/lib/libaruco_ros_utils.so
[39.576s] -- Set runtime path of "/home/agilex/agilex_ws/install/aruco_ros/lib/libaruco_ros_utils.so" to ""
[39.577s] -- Installing: /home/agilex/agilex_ws/install/aruco_ros/lib/aruco_ros/marker_publisher
[39.583s] -- Set runtime path of "/home/agilex/agilex_ws/install/aruco_ros/lib/aruco_ros/marker_publisher" to ""
[39.583s] -- Installing: /home/agilex/agilex_ws/install/aruco_ros/lib/aruco_ros/single
[39.589s] -- Set runtime path of "/home/agilex/agilex_ws/install/aruco_ros/lib/aruco_ros/single" to ""
[39.590s] -- Installing: /home/agilex/agilex_ws/install/aruco_ros/lib/aruco_ros/double
[39.595s] -- Set runtime path of "/home/agilex/agilex_ws/install/aruco_ros/lib/aruco_ros/double" to ""
[39.595s] -- Up-to-date: /home/agilex/agilex_ws/install/aruco_ros/include
[39.596s] -- Up-to-date: /home/agilex/agilex_ws/install/aruco_ros/include/aruco_ros
[39.596s] -- Up-to-date: /home/agilex/agilex_ws/install/aruco_ros/share/aruco_ros/etc
[39.596s] -- Up-to-date: /home/agilex/agilex_ws/install/aruco_ros/share/aruco_ros/etc/marker582_5cm.jpg
[39.596s] -- Up-to-date: /home/agilex/agilex_ws/install/aruco_ros/share/aruco_ros/etc/new_coordinates.png
[39.597s] -- Up-to-date: /home/agilex/agilex_ws/install/aruco_ros/share/aruco_ros/etc/marker26_5cm_margin_2cm.jpg
[39.597s] -- Up-to-date: /home/agilex/agilex_ws/install/aruco_ros/share/aruco_ros/etc/reem_gazebo_floating_marker.png
[39.597s] -- Up-to-date: /home/agilex/agilex_ws/install/aruco_ros/share/aruco_ros/etc/marker_in_hand.jpg
[39.597s] -- Up-to-date: /home/agilex/agilex_ws/install/aruco_ros/share/aruco_ros/etc/marker26_5cm_margin_1cm.jpg
[39.597s] -- Up-to-date: /home/agilex/agilex_ws/install/aruco_ros/share/aruco_ros/etc/marker_in_object.jpg
[39.597s] -- Up-to-date: /home/agilex/agilex_ws/install/aruco_ros/share/aruco_ros/etc/marker582_5cm_margin_2cm.jpg
[39.597s] -- Up-to-date: /home/agilex/agilex_ws/install/aruco_ros/share/aruco_ros/etc/marker26_5cm.jpg
[39.597s] -- Up-to-date: /home/agilex/agilex_ws/install/aruco_ros/share/aruco_ros/etc/reem_gazebo_floating_marker_world.png
[39.597s] -- Up-to-date: /home/agilex/agilex_ws/install/aruco_ros/share/aruco_ros/launch
[39.598s] -- Up-to-date: /home/agilex/agilex_ws/install/aruco_ros/share/aruco_ros/launch/single.launch.py
[39.598s] -- Up-to-date: /home/agilex/agilex_ws/install/aruco_ros/share/aruco_ros/launch/marker_publisher.launch.py
[39.598s] -- Up-to-date: /home/agilex/agilex_ws/install/aruco_ros/share/aruco_ros/launch/double.launch.py
[39.598s] -- Up-to-date: /home/agilex/agilex_ws/install/aruco_ros/share/ament_index/resource_index/package_run_dependencies/aruco_ros
[39.598s] -- Up-to-date: /home/agilex/agilex_ws/install/aruco_ros/share/ament_index/resource_index/parent_prefix_path/aruco_ros
[39.598s] -- Up-to-date: /home/agilex/agilex_ws/install/aruco_ros/share/aruco_ros/environment/ament_prefix_path.sh
[39.599s] -- Up-to-date: /home/agilex/agilex_ws/install/aruco_ros/share/aruco_ros/environment/ament_prefix_path.dsv
[39.599s] -- Up-to-date: /home/agilex/agilex_ws/install/aruco_ros/share/aruco_ros/environment/path.sh
[39.599s] -- Up-to-date: /home/agilex/agilex_ws/install/aruco_ros/share/aruco_ros/environment/path.dsv
[39.599s] -- Up-to-date: /home/agilex/agilex_ws/install/aruco_ros/share/aruco_ros/local_setup.bash
[39.599s] -- Up-to-date: /home/agilex/agilex_ws/install/aruco_ros/share/aruco_ros/local_setup.sh
[39.599s] -- Up-to-date: /home/agilex/agilex_ws/install/aruco_ros/share/aruco_ros/local_setup.zsh
[39.599s] -- Up-to-date: /home/agilex/agilex_ws/install/aruco_ros/share/aruco_ros/local_setup.dsv
[39.599s] -- Installing: /home/agilex/agilex_ws/install/aruco_ros/share/aruco_ros/package.dsv
[39.600s] -- Up-to-date: /home/agilex/agilex_ws/install/aruco_ros/share/ament_index/resource_index/packages/aruco_ros
[39.600s] -- Up-to-date: /home/agilex/agilex_ws/install/aruco_ros/share/aruco_ros/cmake/aruco_rosConfig.cmake
[39.600s] -- Up-to-date: /home/agilex/agilex_ws/install/aruco_ros/share/aruco_ros/cmake/aruco_rosConfig-version.cmake
[39.600s] -- Up-to-date: /home/agilex/agilex_ws/install/aruco_ros/share/aruco_ros/package.xml
[39.603s] Invoked command in '/home/agilex/agilex_ws/build/aruco_ros' returned '0': AMENT_PREFIX_PATH=/home/agilex/agilex_ws/install/aruco_msgs:/home/agilex/agilex_ws/install/aruco CMAKE_PREFIX_PATH=/home/agilex/agilex_ws/install/aruco_msgs:/home/agilex/agilex_ws/install/aruco LD_LIBRARY_PATH=/home/agilex/agilex_ws/install/aruco_msgs/lib:/home/agilex/agilex_ws/install/aruco/lib PYTHONPATH=/home/agilex/agilex_ws/install/aruco_msgs/local/lib/python3.10/dist-packages /usr/bin/cmake --install /home/agilex/agilex_ws/build/aruco_ros
