[  3%] [32mBuilding CXX object CMakeFiles/glogbase.dir/src/demangle.cc.o[0m
[  6%] [32mBuilding CXX object CMakeFiles/glogbase.dir/src/signalhandler.cc.o[0m
[  9%] [32mBuilding CXX object CMakeFiles/glogbase.dir/src/vlog_is_on.cc.o[0m
[ 12%] [32mBuilding CXX object CMakeFiles/glogbase.dir/src/utilities.cc.o[0m
[ 15%] [32mBuilding CXX object CMakeFiles/glogbase.dir/src/symbolize.cc.o[0m
[ 18%] [32mBuilding CXX object CMakeFiles/glogbase.dir/src/raw_logging.cc.o[0m
[ 21%] [32mBuilding CXX object CMakeFiles/glogbase.dir/src/logging.cc.o[0m
[ 25%] Built target glogbase
[ 28%] [32m[1mLinking CXX shared library libglog.so[0m
[ 28%] Built target glog
[ 31%] [32m[1mLinking CXX static library libglogtest.a[0m
[ 31%] Built target glogtest
[ 34%] [32mBuilding CXX object CMakeFiles/logging_unittest.dir/src/logging_unittest.cc.o[0m
[ 37%] [32m[1mLinking CXX executable logging_unittest[0m
[ 37%] Built target logging_unittest
[ 40%] [32mBuilding CXX object CMakeFiles/signalhandler_unittest.dir/src/signalhandler_unittest.cc.o[0m
[ 43%] [32m[1mLinking CXX executable signalhandler_unittest[0m
[ 43%] Built target signalhandler_unittest
[ 46%] [32mBuilding CXX object CMakeFiles/cleanup_immediately_unittest.dir/src/cleanup_immediately_unittest.cc.o[0m
[ 50%] [32m[1mLinking CXX executable cleanup_immediately_unittest[0m
[ 50%] Built target cleanup_immediately_unittest
[ 53%] [32mBuilding CXX object CMakeFiles/cleanup_with_absolute_prefix_unittest.dir/src/cleanup_with_absolute_prefix_unittest.cc.o[0m
[ 56%] [32m[1mLinking CXX executable cleanup_with_absolute_prefix_unittest[0m
[ 56%] Built target cleanup_with_absolute_prefix_unittest
[ 59%] [32mBuilding CXX object CMakeFiles/cleanup_with_relative_prefix_unittest.dir/src/cleanup_with_relative_prefix_unittest.cc.o[0m
[ 62%] [32m[1mLinking CXX executable cleanup_with_relative_prefix_unittest[0m
[ 62%] Built target cleanup_with_relative_prefix_unittest
[ 65%] [32mBuilding CXX object CMakeFiles/utilities_unittest.dir/src/utilities_unittest.cc.o[0m
[ 68%] [32m[1mLinking CXX executable utilities_unittest[0m
[ 68%] Built target utilities_unittest
[ 71%] [32mBuilding CXX object CMakeFiles/stacktrace_unittest.dir/src/stacktrace_unittest.cc.o[0m
[ 75%] [32m[1mLinking CXX executable stacktrace_unittest[0m
[ 75%] Built target stacktrace_unittest
[ 78%] [32mBuilding CXX object CMakeFiles/demangle_unittest.dir/src/demangle_unittest.cc.o[0m
[ 81%] [32m[1mLinking CXX executable demangle_unittest[0m
[ 81%] Built target demangle_unittest
[ 84%] [32mBuilding CXX object CMakeFiles/symbolize_unittest.dir/src/symbolize_unittest.cc.o[0m
[ 87%] [32m[1mLinking CXX executable symbolize_unittest[0m
[ 87%] Built target symbolize_unittest
[ 90%] [32mBuilding CXX object CMakeFiles/stl_logging_unittest.dir/src/stl_logging_unittest.cc.o[0m
[ 93%] [32m[1mLinking CXX executable stl_logging_unittest[0m
[ 93%] Built target stl_logging_unittest
[ 96%] [32mBuilding CXX object CMakeFiles/logging_custom_prefix_unittest.dir/src/logging_custom_prefix_unittest.cc.o[0m
[100%] [32m[1mLinking CXX executable logging_custom_prefix_unittest[0m
[100%] Built target logging_custom_prefix_unittest
-- Install configuration: ""
-- Installing: /home/agilex/agilex_ws/install/glog/lib/libglog.so.0.6.0
-- Up-to-date: /home/agilex/agilex_ws/install/glog/lib/libglog.so.1
-- Up-to-date: /home/agilex/agilex_ws/install/glog/lib/libglog.so
-- Up-to-date: /home/agilex/agilex_ws/install/glog/include/glog/export.h
-- Up-to-date: /home/agilex/agilex_ws/install/glog/include/glog/logging.h
-- Up-to-date: /home/agilex/agilex_ws/install/glog/include/glog/raw_logging.h
-- Up-to-date: /home/agilex/agilex_ws/install/glog/include/glog/stl_logging.h
-- Up-to-date: /home/agilex/agilex_ws/install/glog/include/glog/vlog_is_on.h
-- Up-to-date: /home/agilex/agilex_ws/install/glog/include/glog/log_severity.h
-- Up-to-date: /home/agilex/agilex_ws/install/glog/include/glog/platform.h
-- Up-to-date: /home/agilex/agilex_ws/install/glog/lib/pkgconfig/libglog.pc
-- Up-to-date: /home/agilex/agilex_ws/install/glog/lib/cmake/glog/glog-modules.cmake
-- Up-to-date: /home/agilex/agilex_ws/install/glog/lib/cmake/glog/glog-config.cmake
-- Up-to-date: /home/agilex/agilex_ws/install/glog/lib/cmake/glog/glog-config-version.cmake
-- Up-to-date: /home/agilex/agilex_ws/install/glog/share/glog/cmake
-- Up-to-date: /home/agilex/agilex_ws/install/glog/share/glog/cmake/FindUnwind.cmake
-- Up-to-date: /home/agilex/agilex_ws/install/glog/lib/cmake/glog/glog-targets.cmake
-- Up-to-date: /home/agilex/agilex_ws/install/glog/lib/cmake/glog/glog-targets-noconfig.cmake
