[0.168s] Invoking command in '/home/agilex/agilex_ws/build/glog': /usr/bin/cmake --build /home/agilex/agilex_ws/build/glog -- -j8 -l8
[0.340s] [  3%] [32mBuilding CXX object CMakeFiles/glogbase.dir/src/demangle.cc.o[0m
[0.858s] [  6%] [32mBuilding CXX object CMakeFiles/glogbase.dir/src/signalhandler.cc.o[0m
[1.407s] [  9%] [32mBuilding CXX object CMakeFiles/glogbase.dir/src/vlog_is_on.cc.o[0m
[1.792s] [ 12%] [32mBuilding CXX object CMakeFiles/glogbase.dir/src/utilities.cc.o[0m
[2.196s] [ 15%] [32mBuilding CXX object CMakeFiles/glogbase.dir/src/symbolize.cc.o[0m
[2.694s] [ 18%] [32mBuilding CXX object CMakeFiles/glogbase.dir/src/raw_logging.cc.o[0m
[3.044s] [ 21%] [32mBuilding CXX object CMakeFiles/glogbase.dir/src/logging.cc.o[0m
[4.063s] [ 25%] Built target glogbase
[4.093s] [ 28%] [32m[1mLinking CXX shared library libglog.so[0m
[4.215s] [ 28%] Built target glog
[4.241s] [ 31%] [32m[1mLinking CXX static library libglogtest.a[0m
[4.282s] [ 31%] Built target glogtest
[4.310s] [ 34%] [32mBuilding CXX object CMakeFiles/logging_unittest.dir/src/logging_unittest.cc.o[0m
[5.967s] [ 37%] [32m[1mLinking CXX executable logging_unittest[0m
[6.105s] [ 37%] Built target logging_unittest
[6.134s] [ 40%] [32mBuilding CXX object CMakeFiles/signalhandler_unittest.dir/src/signalhandler_unittest.cc.o[0m
[6.484s] [ 43%] [32m[1mLinking CXX executable signalhandler_unittest[0m
[6.582s] [ 43%] Built target signalhandler_unittest
[6.611s] [ 46%] [32mBuilding CXX object CMakeFiles/cleanup_immediately_unittest.dir/src/cleanup_immediately_unittest.cc.o[0m
[7.617s] [ 50%] [32m[1mLinking CXX executable cleanup_immediately_unittest[0m
[7.745s] [ 50%] Built target cleanup_immediately_unittest
[7.773s] [ 53%] [32mBuilding CXX object CMakeFiles/cleanup_with_absolute_prefix_unittest.dir/src/cleanup_with_absolute_prefix_unittest.cc.o[0m
[8.787s] [ 56%] [32m[1mLinking CXX executable cleanup_with_absolute_prefix_unittest[0m
[8.905s] [ 56%] Built target cleanup_with_absolute_prefix_unittest
[8.934s] [ 59%] [32mBuilding CXX object CMakeFiles/cleanup_with_relative_prefix_unittest.dir/src/cleanup_with_relative_prefix_unittest.cc.o[0m
[9.954s] [ 62%] [32m[1mLinking CXX executable cleanup_with_relative_prefix_unittest[0m
[10.075s] [ 62%] Built target cleanup_with_relative_prefix_unittest
[10.106s] [ 65%] [32mBuilding CXX object CMakeFiles/utilities_unittest.dir/src/utilities_unittest.cc.o[0m
[11.104s] [ 68%] [32m[1mLinking CXX executable utilities_unittest[0m
[11.253s] [ 68%] Built target utilities_unittest
[11.282s] [ 71%] [32mBuilding CXX object CMakeFiles/stacktrace_unittest.dir/src/stacktrace_unittest.cc.o[0m
[11.669s] [ 75%] [32m[1mLinking CXX executable stacktrace_unittest[0m
[11.778s] [ 75%] Built target stacktrace_unittest
[11.810s] [ 78%] [32mBuilding CXX object CMakeFiles/demangle_unittest.dir/src/demangle_unittest.cc.o[0m
[12.979s] [ 81%] [32m[1mLinking CXX executable demangle_unittest[0m
[13.104s] [ 81%] Built target demangle_unittest
[13.133s] [ 84%] [32mBuilding CXX object CMakeFiles/symbolize_unittest.dir/src/symbolize_unittest.cc.o[0m
[14.249s] [ 87%] [32m[1mLinking CXX executable symbolize_unittest[0m
[14.374s] [ 87%] Built target symbolize_unittest
[14.409s] [ 90%] [32mBuilding CXX object CMakeFiles/stl_logging_unittest.dir/src/stl_logging_unittest.cc.o[0m
[16.083s] [ 93%] [32m[1mLinking CXX executable stl_logging_unittest[0m
[16.227s] [ 93%] Built target stl_logging_unittest
[16.257s] [ 96%] [32mBuilding CXX object CMakeFiles/logging_custom_prefix_unittest.dir/src/logging_custom_prefix_unittest.cc.o[0m
[17.877s] [100%] [32m[1mLinking CXX executable logging_custom_prefix_unittest[0m
[18.013s] [100%] Built target logging_custom_prefix_unittest
[18.031s] Invoked command in '/home/agilex/agilex_ws/build/glog' returned '0': /usr/bin/cmake --build /home/agilex/agilex_ws/build/glog -- -j8 -l8
[18.254s] Invoking command in '/home/agilex/agilex_ws/build/glog': /usr/bin/cmake --install /home/agilex/agilex_ws/build/glog
[18.267s] -- Install configuration: ""
[18.267s] -- Installing: /home/agilex/agilex_ws/install/glog/lib/libglog.so.0.6.0
[18.268s] -- Up-to-date: /home/agilex/agilex_ws/install/glog/lib/libglog.so.1
[18.268s] -- Up-to-date: /home/agilex/agilex_ws/install/glog/lib/libglog.so
[18.268s] -- Up-to-date: /home/agilex/agilex_ws/install/glog/include/glog/export.h
[18.268s] -- Up-to-date: /home/agilex/agilex_ws/install/glog/include/glog/logging.h
[18.268s] -- Up-to-date: /home/agilex/agilex_ws/install/glog/include/glog/raw_logging.h
[18.268s] -- Up-to-date: /home/agilex/agilex_ws/install/glog/include/glog/stl_logging.h
[18.268s] -- Up-to-date: /home/agilex/agilex_ws/install/glog/include/glog/vlog_is_on.h
[18.268s] -- Up-to-date: /home/agilex/agilex_ws/install/glog/include/glog/log_severity.h
[18.268s] -- Up-to-date: /home/agilex/agilex_ws/install/glog/include/glog/platform.h
[18.268s] -- Up-to-date: /home/agilex/agilex_ws/install/glog/lib/pkgconfig/libglog.pc
[18.268s] -- Up-to-date: /home/agilex/agilex_ws/install/glog/lib/cmake/glog/glog-modules.cmake
[18.268s] -- Up-to-date: /home/agilex/agilex_ws/install/glog/lib/cmake/glog/glog-config.cmake
[18.269s] -- Up-to-date: /home/agilex/agilex_ws/install/glog/lib/cmake/glog/glog-config-version.cmake
[18.269s] -- Up-to-date: /home/agilex/agilex_ws/install/glog/share/glog/cmake
[18.269s] -- Up-to-date: /home/agilex/agilex_ws/install/glog/share/glog/cmake/FindUnwind.cmake
[18.269s] -- Up-to-date: /home/agilex/agilex_ws/install/glog/lib/cmake/glog/glog-targets.cmake
[18.269s] -- Up-to-date: /home/agilex/agilex_ws/install/glog/lib/cmake/glog/glog-targets-noconfig.cmake
[18.284s] Invoked command in '/home/agilex/agilex_ws/build/glog' returned '0': /usr/bin/cmake --install /home/agilex/agilex_ws/build/glog
