[0.032s] Invoking command in '/home/agilex/agilex_ws/build/csm': CMAKE_PREFIX_PATH=/opt/ros/humble /usr/bin/cmake --build /home/agilex/agilex_ws/build/csm -- -j8 -l8
[0.516s] [35m[1mConsolidate compiler generated dependencies of target csm[0m
[0.516s] [100%] Built target csm
[0.517s] Invoked command in '/home/agilex/agilex_ws/build/csm' returned '0': CMAKE_PREFIX_PATH=/opt/ros/humble /usr/bin/cmake --build /home/agilex/agilex_ws/build/csm -- -j8 -l8
[0.597s] Invoking command in '/home/agilex/agilex_ws/build/csm': CMAKE_PREFIX_PATH=/opt/ros/humble /usr/bin/cmake --install /home/agilex/agilex_ws/build/csm
[0.603s] -- Install configuration: ""
[0.604s] -- Up-to-date: /home/agilex/agilex_ws/install/csm/lib/libcsm.so
[0.605s] -- Up-to-date: /home/agilex/agilex_ws/install/csm/include/..//include
[0.605s] -- Up-to-date: /home/agilex/agilex_ws/install/csm/include/..//include/gsl_eigen
[0.605s] -- Up-to-date: /home/agilex/agilex_ws/install/csm/include/..//include/gsl_eigen/gsl_eigen.h
[0.605s] -- Up-to-date: /home/agilex/agilex_ws/install/csm/include/..//include/csm
[0.605s] -- Up-to-date: /home/agilex/agilex_ws/install/csm/include/..//include/csm/laser_data.h
[0.605s] -- Up-to-date: /home/agilex/agilex_ws/install/csm/include/..//include/csm/restrict.h
[0.605s] -- Up-to-date: /home/agilex/agilex_ws/install/csm/include/..//include/csm/algos.h
[0.606s] -- Up-to-date: /home/agilex/agilex_ws/install/csm/include/..//include/csm/laser_data_inline.h
[0.606s] -- Up-to-date: /home/agilex/agilex_ws/install/csm/include/..//include/csm/csm.h
[0.606s] -- Up-to-date: /home/agilex/agilex_ws/install/csm/share/csm/resource
[0.606s] -- Up-to-date: /home/agilex/agilex_ws/install/csm/share/csm/resource/csm
[0.606s] -- Up-to-date: /home/agilex/agilex_ws/install/csm/include/../gsl_eigen
[0.607s] -- Up-to-date: /home/agilex/agilex_ws/install/csm/include/../gsl_eigen/gsl_eigen.h
[0.607s] -- Up-to-date: /home/agilex/agilex_ws/install/csm/share/csm/environment/library_path.sh
[0.607s] -- Up-to-date: /home/agilex/agilex_ws/install/csm/share/csm/environment/library_path.dsv
[0.607s] -- Up-to-date: /home/agilex/agilex_ws/install/csm/share/ament_index/resource_index/package_run_dependencies/csm
[0.607s] -- Up-to-date: /home/agilex/agilex_ws/install/csm/share/ament_index/resource_index/parent_prefix_path/csm
[0.607s] -- Up-to-date: /home/agilex/agilex_ws/install/csm/share/csm/environment/ament_prefix_path.sh
[0.607s] -- Up-to-date: /home/agilex/agilex_ws/install/csm/share/csm/environment/ament_prefix_path.dsv
[0.608s] -- Up-to-date: /home/agilex/agilex_ws/install/csm/share/csm/environment/path.sh
[0.608s] -- Up-to-date: /home/agilex/agilex_ws/install/csm/share/csm/environment/path.dsv
[0.608s] -- Up-to-date: /home/agilex/agilex_ws/install/csm/share/csm/local_setup.bash
[0.611s] -- Up-to-date: /home/agilex/agilex_ws/install/csm/share/csm/local_setup.sh
[0.612s] -- Up-to-date: /home/agilex/agilex_ws/install/csm/share/csm/local_setup.zsh
[0.612s] -- Up-to-date: /home/agilex/agilex_ws/install/csm/share/csm/local_setup.dsv
[0.612s] -- Installing: /home/agilex/agilex_ws/install/csm/share/csm/package.dsv
[0.612s] -- Up-to-date: /home/agilex/agilex_ws/install/csm/share/ament_index/resource_index/packages/csm
[0.612s] -- Up-to-date: /home/agilex/agilex_ws/install/csm/share/csm/cmake/ament_cmake_export_dependencies-extras.cmake
[0.612s] -- Up-to-date: /home/agilex/agilex_ws/install/csm/share/csm/cmake/ament_cmake_export_include_directories-extras.cmake
[0.613s] -- Up-to-date: /home/agilex/agilex_ws/install/csm/share/csm/cmake/ament_cmake_export_libraries-extras.cmake
[0.613s] -- Up-to-date: /home/agilex/agilex_ws/install/csm/share/csm/cmake/csmConfig.cmake
[0.613s] -- Up-to-date: /home/agilex/agilex_ws/install/csm/share/csm/cmake/csmConfig-version.cmake
[0.613s] -- Up-to-date: /home/agilex/agilex_ws/install/csm/share/csm/package.xml
[0.617s] Invoked command in '/home/agilex/agilex_ws/build/csm' returned '0': CMAKE_PREFIX_PATH=/opt/ros/humble /usr/bin/cmake --install /home/agilex/agilex_ws/build/csm
