[0.100s] Invoking command in '/home/agilex/agilex_ws/build/rf2o_laser_odometry': /usr/bin/cmake --build /home/agilex/agilex_ws/build/rf2o_laser_odometry -- -j16 -l16
[0.462s] [ 40%] Built target rf2o_laser_odometry
[0.462s] [100%] Built target rf2o_laser_odometry_node
[0.471s] Invoked command in '/home/agilex/agilex_ws/build/rf2o_laser_odometry' returned '0': /usr/bin/cmake --build /home/agilex/agilex_ws/build/rf2o_laser_odometry -- -j16 -l16
[0.533s] Invoking command in '/home/agilex/agilex_ws/build/rf2o_laser_odometry': /usr/bin/cmake --install /home/agilex/agilex_ws/build/rf2o_laser_odometry
[0.535s] -- Install configuration: ""
[0.535s] -- Up-to-date: /home/agilex/agilex_ws/install/rf2o_laser_odometry/lib/rf2o_laser_odometry/rf2o_laser_odometry_node
[0.535s] -- Up-to-date: /home/agilex/agilex_ws/install/rf2o_laser_odometry/share/rf2o_laser_odometry/launch
[0.535s] -- Up-to-date: /home/agilex/agilex_ws/install/rf2o_laser_odometry/share/rf2o_laser_odometry/launch/rf2o_laser_odometry.launch.py
[0.536s] -- Up-to-date: /home/agilex/agilex_ws/install/rf2o_laser_odometry/share/ament_index/resource_index/package_run_dependencies/rf2o_laser_odometry
[0.536s] -- Up-to-date: /home/agilex/agilex_ws/install/rf2o_laser_odometry/share/ament_index/resource_index/parent_prefix_path/rf2o_laser_odometry
[0.536s] -- Up-to-date: /home/agilex/agilex_ws/install/rf2o_laser_odometry/share/rf2o_laser_odometry/environment/ament_prefix_path.sh
[0.536s] -- Up-to-date: /home/agilex/agilex_ws/install/rf2o_laser_odometry/share/rf2o_laser_odometry/environment/ament_prefix_path.dsv
[0.536s] -- Up-to-date: /home/agilex/agilex_ws/install/rf2o_laser_odometry/share/rf2o_laser_odometry/environment/path.sh
[0.536s] -- Up-to-date: /home/agilex/agilex_ws/install/rf2o_laser_odometry/share/rf2o_laser_odometry/environment/path.dsv
[0.536s] -- Up-to-date: /home/agilex/agilex_ws/install/rf2o_laser_odometry/share/rf2o_laser_odometry/local_setup.bash
[0.536s] -- Up-to-date: /home/agilex/agilex_ws/install/rf2o_laser_odometry/share/rf2o_laser_odometry/local_setup.sh
[0.536s] -- Up-to-date: /home/agilex/agilex_ws/install/rf2o_laser_odometry/share/rf2o_laser_odometry/local_setup.zsh
[0.537s] -- Up-to-date: /home/agilex/agilex_ws/install/rf2o_laser_odometry/share/rf2o_laser_odometry/local_setup.dsv
[0.537s] -- Installing: /home/agilex/agilex_ws/install/rf2o_laser_odometry/share/rf2o_laser_odometry/package.dsv
[0.537s] -- Up-to-date: /home/agilex/agilex_ws/install/rf2o_laser_odometry/share/ament_index/resource_index/packages/rf2o_laser_odometry
[0.537s] -- Up-to-date: /home/agilex/agilex_ws/install/rf2o_laser_odometry/share/rf2o_laser_odometry/cmake/rf2o_laser_odometryConfig.cmake
[0.537s] -- Up-to-date: /home/agilex/agilex_ws/install/rf2o_laser_odometry/share/rf2o_laser_odometry/cmake/rf2o_laser_odometryConfig-version.cmake
[0.537s] -- Up-to-date: /home/agilex/agilex_ws/install/rf2o_laser_odometry/share/rf2o_laser_odometry/package.xml
[0.631s] Invoked command in '/home/agilex/agilex_ws/build/rf2o_laser_odometry' returned '0': /usr/bin/cmake --install /home/agilex/agilex_ws/build/rf2o_laser_odometry
