[0.427s] Invoking command in '/home/agilex/agilex_ws/build/rf2o_laser_odometry': CMAKE_PREFIX_PATH=${CMAKE_PREFIX_PATH}:/home/agilex/agilex_ws/install/yolov5_ros2:/home/agilex/agilex_ws/install/nav2_simple_commander:/opt/ros/humble /usr/bin/cmake --build /home/agilex/agilex_ws/build/rf2o_laser_odometry -- -j8 -l8
[0.486s] [35m[1mConsolidate compiler generated dependencies of target rf2o_laser_odometry[0m
[0.487s] [35m[1mConsolidate compiler generated dependencies of target rf2o_laser_odometry_node[0m
[0.520s] [ 40%] Built target rf2o_laser_odometry
[0.523s] [100%] Built target rf2o_laser_odometry_node
[0.669s] Invoked command in '/home/agilex/agilex_ws/build/rf2o_laser_odometry' returned '0': CMAKE_PREFIX_PATH=${CMAKE_PREFIX_PATH}:/home/agilex/agilex_ws/install/yolov5_ros2:/home/agilex/agilex_ws/install/nav2_simple_commander:/opt/ros/humble /usr/bin/cmake --build /home/agilex/agilex_ws/build/rf2o_laser_odometry -- -j8 -l8
[1.094s] Invoking command in '/home/agilex/agilex_ws/build/rf2o_laser_odometry': CMAKE_PREFIX_PATH=${CMAKE_PREFIX_PATH}:/home/agilex/agilex_ws/install/yolov5_ros2:/home/agilex/agilex_ws/install/nav2_simple_commander:/opt/ros/humble /usr/bin/cmake --install /home/agilex/agilex_ws/build/rf2o_laser_odometry
[1.257s] -- Install configuration: ""
[1.258s] -- Up-to-date: /home/agilex/agilex_ws/install/rf2o_laser_odometry/lib/rf2o_laser_odometry/rf2o_laser_odometry_node
[1.258s] -- Up-to-date: /home/agilex/agilex_ws/install/rf2o_laser_odometry/share/rf2o_laser_odometry/launch
[1.258s] -- Up-to-date: /home/agilex/agilex_ws/install/rf2o_laser_odometry/share/rf2o_laser_odometry/launch/rf2o_laser_odometry.launch.py
[1.258s] -- Up-to-date: /home/agilex/agilex_ws/install/rf2o_laser_odometry/share/ament_index/resource_index/package_run_dependencies/rf2o_laser_odometry
[1.259s] -- Up-to-date: /home/agilex/agilex_ws/install/rf2o_laser_odometry/share/ament_index/resource_index/parent_prefix_path/rf2o_laser_odometry
[1.259s] -- Up-to-date: /home/agilex/agilex_ws/install/rf2o_laser_odometry/share/rf2o_laser_odometry/environment/ament_prefix_path.sh
[1.259s] -- Up-to-date: /home/agilex/agilex_ws/install/rf2o_laser_odometry/share/rf2o_laser_odometry/environment/ament_prefix_path.dsv
[1.259s] -- Up-to-date: /home/agilex/agilex_ws/install/rf2o_laser_odometry/share/rf2o_laser_odometry/environment/path.sh
[1.259s] -- Up-to-date: /home/agilex/agilex_ws/install/rf2o_laser_odometry/share/rf2o_laser_odometry/environment/path.dsv
[1.259s] -- Up-to-date: /home/agilex/agilex_ws/install/rf2o_laser_odometry/share/rf2o_laser_odometry/local_setup.bash
[1.259s] -- Up-to-date: /home/agilex/agilex_ws/install/rf2o_laser_odometry/share/rf2o_laser_odometry/local_setup.sh
[1.259s] -- Up-to-date: /home/agilex/agilex_ws/install/rf2o_laser_odometry/share/rf2o_laser_odometry/local_setup.zsh
[1.259s] -- Up-to-date: /home/agilex/agilex_ws/install/rf2o_laser_odometry/share/rf2o_laser_odometry/local_setup.dsv
[1.259s] -- Installing: /home/agilex/agilex_ws/install/rf2o_laser_odometry/share/rf2o_laser_odometry/package.dsv
[1.259s] -- Up-to-date: /home/agilex/agilex_ws/install/rf2o_laser_odometry/share/ament_index/resource_index/packages/rf2o_laser_odometry
[1.259s] -- Up-to-date: /home/agilex/agilex_ws/install/rf2o_laser_odometry/share/rf2o_laser_odometry/cmake/rf2o_laser_odometryConfig.cmake
[1.259s] -- Up-to-date: /home/agilex/agilex_ws/install/rf2o_laser_odometry/share/rf2o_laser_odometry/cmake/rf2o_laser_odometryConfig-version.cmake
[1.259s] -- Up-to-date: /home/agilex/agilex_ws/install/rf2o_laser_odometry/share/rf2o_laser_odometry/package.xml
[1.721s] Invoked command in '/home/agilex/agilex_ws/build/rf2o_laser_odometry' returned '0': CMAKE_PREFIX_PATH=${CMAKE_PREFIX_PATH}:/home/agilex/agilex_ws/install/yolov5_ros2:/home/agilex/agilex_ws/install/nav2_simple_commander:/opt/ros/humble /usr/bin/cmake --install /home/agilex/agilex_ws/build/rf2o_laser_odometry
