/home/agilex/agilex_ws/install/nav2_simple_commander/lib/python3.10/site-packages/nav2_simple_commander/example_nav_through_poses.py
/home/agilex/agilex_ws/install/nav2_simple_commander/lib/python3.10/site-packages/nav2_simple_commander/example_nav_to_pose.py
/home/agilex/agilex_ws/install/nav2_simple_commander/lib/python3.10/site-packages/nav2_simple_commander/demo_inspection.py
/home/agilex/agilex_ws/install/nav2_simple_commander/lib/python3.10/site-packages/nav2_simple_commander/__init__.py
/home/agilex/agilex_ws/install/nav2_simple_commander/lib/python3.10/site-packages/nav2_simple_commander/example_follow_path.py
/home/agilex/agilex_ws/install/nav2_simple_commander/lib/python3.10/site-packages/nav2_simple_commander/demo_picking.py
/home/agilex/agilex_ws/install/nav2_simple_commander/lib/python3.10/site-packages/nav2_simple_commander/robot_navigator.py
/home/agilex/agilex_ws/install/nav2_simple_commander/lib/python3.10/site-packages/nav2_simple_commander/example_waypoint_follower.py
/home/agilex/agilex_ws/install/nav2_simple_commander/lib/python3.10/site-packages/nav2_simple_commander/demo_security.py
/home/agilex/agilex_ws/install/nav2_simple_commander/lib/python3.10/site-packages/nav2_simple_commander/demo_recoveries.py
/home/agilex/agilex_ws/install/nav2_simple_commander/lib/python3.10/site-packages/nav2_simple_commander/__pycache__/example_nav_through_poses.cpython-310.pyc
/home/agilex/agilex_ws/install/nav2_simple_commander/lib/python3.10/site-packages/nav2_simple_commander/__pycache__/example_nav_to_pose.cpython-310.pyc
/home/agilex/agilex_ws/install/nav2_simple_commander/lib/python3.10/site-packages/nav2_simple_commander/__pycache__/demo_inspection.cpython-310.pyc
/home/agilex/agilex_ws/install/nav2_simple_commander/lib/python3.10/site-packages/nav2_simple_commander/__pycache__/__init__.cpython-310.pyc
/home/agilex/agilex_ws/install/nav2_simple_commander/lib/python3.10/site-packages/nav2_simple_commander/__pycache__/example_follow_path.cpython-310.pyc
/home/agilex/agilex_ws/install/nav2_simple_commander/lib/python3.10/site-packages/nav2_simple_commander/__pycache__/demo_picking.cpython-310.pyc
/home/agilex/agilex_ws/install/nav2_simple_commander/lib/python3.10/site-packages/nav2_simple_commander/__pycache__/robot_navigator.cpython-310.pyc
/home/agilex/agilex_ws/install/nav2_simple_commander/lib/python3.10/site-packages/nav2_simple_commander/__pycache__/example_waypoint_follower.cpython-310.pyc
/home/agilex/agilex_ws/install/nav2_simple_commander/lib/python3.10/site-packages/nav2_simple_commander/__pycache__/demo_security.cpython-310.pyc
/home/agilex/agilex_ws/install/nav2_simple_commander/lib/python3.10/site-packages/nav2_simple_commander/__pycache__/demo_recoveries.cpython-310.pyc
/home/agilex/agilex_ws/install/nav2_simple_commander/share/ament_index/resource_index/packages/nav2_simple_commander
/home/agilex/agilex_ws/install/nav2_simple_commander/share/nav2_simple_commander/package.xml
/home/agilex/agilex_ws/install/nav2_simple_commander/share/nav2_simple_commander/warehouse.world
/home/agilex/agilex_ws/install/nav2_simple_commander/share/nav2_simple_commander/recoveries_example_launch.py
/home/agilex/agilex_ws/install/nav2_simple_commander/share/nav2_simple_commander/nav_through_poses_example_launch.py
/home/agilex/agilex_ws/install/nav2_simple_commander/share/nav2_simple_commander/security_demo_launch.py
/home/agilex/agilex_ws/install/nav2_simple_commander/share/nav2_simple_commander/waypoint_follower_example_launch.py
/home/agilex/agilex_ws/install/nav2_simple_commander/share/nav2_simple_commander/inspection_demo_launch.py
/home/agilex/agilex_ws/install/nav2_simple_commander/share/nav2_simple_commander/follow_path_example_launch.py
/home/agilex/agilex_ws/install/nav2_simple_commander/share/nav2_simple_commander/nav_to_pose_example_launch.py
/home/agilex/agilex_ws/install/nav2_simple_commander/share/nav2_simple_commander/picking_demo_launch.py
/home/agilex/agilex_ws/install/nav2_simple_commander/lib/python3.10/site-packages/nav2_simple_commander-1.0.0-py3.10.egg-info/top_level.txt
/home/agilex/agilex_ws/install/nav2_simple_commander/lib/python3.10/site-packages/nav2_simple_commander-1.0.0-py3.10.egg-info/SOURCES.txt
/home/agilex/agilex_ws/install/nav2_simple_commander/lib/python3.10/site-packages/nav2_simple_commander-1.0.0-py3.10.egg-info/requires.txt
/home/agilex/agilex_ws/install/nav2_simple_commander/lib/python3.10/site-packages/nav2_simple_commander-1.0.0-py3.10.egg-info/zip-safe
/home/agilex/agilex_ws/install/nav2_simple_commander/lib/python3.10/site-packages/nav2_simple_commander-1.0.0-py3.10.egg-info/entry_points.txt
/home/agilex/agilex_ws/install/nav2_simple_commander/lib/python3.10/site-packages/nav2_simple_commander-1.0.0-py3.10.egg-info/PKG-INFO
/home/agilex/agilex_ws/install/nav2_simple_commander/lib/python3.10/site-packages/nav2_simple_commander-1.0.0-py3.10.egg-info/dependency_links.txt
/home/agilex/agilex_ws/install/nav2_simple_commander/lib/nav2_simple_commander/demo_inspection
/home/agilex/agilex_ws/install/nav2_simple_commander/lib/nav2_simple_commander/demo_picking
/home/agilex/agilex_ws/install/nav2_simple_commander/lib/nav2_simple_commander/demo_recoveries
/home/agilex/agilex_ws/install/nav2_simple_commander/lib/nav2_simple_commander/demo_security
/home/agilex/agilex_ws/install/nav2_simple_commander/lib/nav2_simple_commander/example_follow_path
/home/agilex/agilex_ws/install/nav2_simple_commander/lib/nav2_simple_commander/example_nav_through_poses
/home/agilex/agilex_ws/install/nav2_simple_commander/lib/nav2_simple_commander/example_nav_to_pose
/home/agilex/agilex_ws/install/nav2_simple_commander/lib/nav2_simple_commander/example_waypoint_follower
