[0.067s] Invoking command in '/home/agilex/agilex_ws/build/nav2_navfn_planner': AMENT_PREFIX_PATH=/home/agilex/agilex_ws/install/nav2_core:/home/agilex/agilex_ws/install/nav2_costmap_2d:/home/agilex/agilex_ws/install/nav2_util:/home/agilex/agilex_ws/install/nav2_voxel_grid:/home/agilex/agilex_ws/install/nav2_msgs:/home/agilex/agilex_ws/install/nav2_common CMAKE_PREFIX_PATH=/home/agilex/agilex_ws/install/nav2_core:/home/agilex/agilex_ws/install/nav2_costmap_2d:/home/agilex/agilex_ws/install/nav2_util:/home/agilex/agilex_ws/install/nav2_voxel_grid:/home/agilex/agilex_ws/install/nav2_msgs:/home/agilex/agilex_ws/install/nav2_common LD_LIBRARY_PATH=/home/agilex/agilex_ws/install/nav2_costmap_2d/lib:/home/agilex/agilex_ws/install/nav2_util/lib:/home/agilex/agilex_ws/install/nav2_voxel_grid/lib:/home/agilex/agilex_ws/install/nav2_msgs/lib PYTHONPATH=/home/agilex/agilex_ws/install/nav2_msgs/local/lib/python3.10/dist-packages:/home/agilex/agilex_ws/install/nav2_common/local/lib/python3.10/dist-packages /usr/bin/cmake --build /home/agilex/agilex_ws/build/nav2_navfn_planner -- -j16 -l16
[0.133s] [ 11%] [32mBuilding CXX object CMakeFiles/nav2_navfn_planner.dir/src/navfn_planner.cpp.o[0m
[9.333s] [ 22%] [32mBuilding CXX object CMakeFiles/nav2_navfn_planner.dir/src/navfn.cpp.o[0m
[12.876s] [ 33%] [32m[1mLinking CXX shared library libnav2_navfn_planner.so[0m
[13.263s] [ 33%] Built target nav2_navfn_planner
[13.298s] [ 44%] [32mBuilding CXX object gtest/CMakeFiles/gtest.dir/src/gtest-all.cc.o[0m
[23.439s] [ 55%] [32m[1mLinking CXX static library libgtest.a[0m
[23.484s] [ 55%] Built target gtest
[23.508s] [ 66%] [32mBuilding CXX object gtest/CMakeFiles/gtest_main.dir/src/gtest_main.cc.o[0m
[24.264s] [ 77%] [32m[1mLinking CXX static library libgtest_main.a[0m
[24.294s] [ 77%] Built target gtest_main
[24.334s] [ 88%] [32mBuilding CXX object test/CMakeFiles/test_dynamic_parameters.dir/test_dynamic_parameters.cpp.o[0m
[30.885s] [100%] [32m[1mLinking CXX executable test_dynamic_parameters[0m
[31.429s] [100%] Built target test_dynamic_parameters
[31.464s] Invoked command in '/home/agilex/agilex_ws/build/nav2_navfn_planner' returned '0': AMENT_PREFIX_PATH=/home/agilex/agilex_ws/install/nav2_core:/home/agilex/agilex_ws/install/nav2_costmap_2d:/home/agilex/agilex_ws/install/nav2_util:/home/agilex/agilex_ws/install/nav2_voxel_grid:/home/agilex/agilex_ws/install/nav2_msgs:/home/agilex/agilex_ws/install/nav2_common CMAKE_PREFIX_PATH=/home/agilex/agilex_ws/install/nav2_core:/home/agilex/agilex_ws/install/nav2_costmap_2d:/home/agilex/agilex_ws/install/nav2_util:/home/agilex/agilex_ws/install/nav2_voxel_grid:/home/agilex/agilex_ws/install/nav2_msgs:/home/agilex/agilex_ws/install/nav2_common LD_LIBRARY_PATH=/home/agilex/agilex_ws/install/nav2_costmap_2d/lib:/home/agilex/agilex_ws/install/nav2_util/lib:/home/agilex/agilex_ws/install/nav2_voxel_grid/lib:/home/agilex/agilex_ws/install/nav2_msgs/lib PYTHONPATH=/home/agilex/agilex_ws/install/nav2_msgs/local/lib/python3.10/dist-packages:/home/agilex/agilex_ws/install/nav2_common/local/lib/python3.10/dist-packages /usr/bin/cmake --build /home/agilex/agilex_ws/build/nav2_navfn_planner -- -j16 -l16
[31.497s] Invoking command in '/home/agilex/agilex_ws/build/nav2_navfn_planner': AMENT_PREFIX_PATH=/home/agilex/agilex_ws/install/nav2_core:/home/agilex/agilex_ws/install/nav2_costmap_2d:/home/agilex/agilex_ws/install/nav2_util:/home/agilex/agilex_ws/install/nav2_voxel_grid:/home/agilex/agilex_ws/install/nav2_msgs:/home/agilex/agilex_ws/install/nav2_common CMAKE_PREFIX_PATH=/home/agilex/agilex_ws/install/nav2_core:/home/agilex/agilex_ws/install/nav2_costmap_2d:/home/agilex/agilex_ws/install/nav2_util:/home/agilex/agilex_ws/install/nav2_voxel_grid:/home/agilex/agilex_ws/install/nav2_msgs:/home/agilex/agilex_ws/install/nav2_common LD_LIBRARY_PATH=/home/agilex/agilex_ws/install/nav2_costmap_2d/lib:/home/agilex/agilex_ws/install/nav2_util/lib:/home/agilex/agilex_ws/install/nav2_voxel_grid/lib:/home/agilex/agilex_ws/install/nav2_msgs/lib PYTHONPATH=/home/agilex/agilex_ws/install/nav2_msgs/local/lib/python3.10/dist-packages:/home/agilex/agilex_ws/install/nav2_common/local/lib/python3.10/dist-packages /usr/bin/cmake --install /home/agilex/agilex_ws/build/nav2_navfn_planner
[32.570s] -- Install configuration: "Release"
[32.570s] -- Up-to-date: /home/agilex/agilex_ws/install/nav2_navfn_planner/share/nav2_navfn_planner/global_planner_plugin.xml
[32.570s] -- Installing: /home/agilex/agilex_ws/install/nav2_navfn_planner/lib/libnav2_navfn_planner.so
[32.570s] -- Set runtime path of "/home/agilex/agilex_ws/install/nav2_navfn_planner/lib/libnav2_navfn_planner.so" to ""
[32.570s] -- Up-to-date: /home/agilex/agilex_ws/install/nav2_navfn_planner/include/
[32.570s] -- Up-to-date: /home/agilex/agilex_ws/install/nav2_navfn_planner/include//nav2_navfn_planner
[32.570s] -- Up-to-date: /home/agilex/agilex_ws/install/nav2_navfn_planner/include//nav2_navfn_planner/navfn.hpp
[32.571s] -- Up-to-date: /home/agilex/agilex_ws/install/nav2_navfn_planner/include//nav2_navfn_planner/navfn_planner.hpp
[32.571s] -- Up-to-date: /home/agilex/agilex_ws/install/nav2_navfn_planner/share/nav2_navfn_planner/global_planner_plugin.xml
[32.571s] -- Up-to-date: /home/agilex/agilex_ws/install/nav2_navfn_planner/share/nav2_navfn_planner/environment/library_path.sh
[32.571s] -- Up-to-date: /home/agilex/agilex_ws/install/nav2_navfn_planner/share/nav2_navfn_planner/environment/library_path.dsv
[32.571s] -- Up-to-date: /home/agilex/agilex_ws/install/nav2_navfn_planner/share/ament_index/resource_index/package_run_dependencies/nav2_navfn_planner
[32.571s] -- Up-to-date: /home/agilex/agilex_ws/install/nav2_navfn_planner/share/ament_index/resource_index/parent_prefix_path/nav2_navfn_planner
[32.571s] -- Up-to-date: /home/agilex/agilex_ws/install/nav2_navfn_planner/share/nav2_navfn_planner/environment/ament_prefix_path.sh
[32.571s] -- Up-to-date: /home/agilex/agilex_ws/install/nav2_navfn_planner/share/nav2_navfn_planner/environment/ament_prefix_path.dsv
[32.571s] -- Up-to-date: /home/agilex/agilex_ws/install/nav2_navfn_planner/share/nav2_navfn_planner/environment/path.sh
[32.571s] -- Up-to-date: /home/agilex/agilex_ws/install/nav2_navfn_planner/share/nav2_navfn_planner/environment/path.dsv
[32.572s] -- Up-to-date: /home/agilex/agilex_ws/install/nav2_navfn_planner/share/nav2_navfn_planner/local_setup.bash
[32.572s] -- Up-to-date: /home/agilex/agilex_ws/install/nav2_navfn_planner/share/nav2_navfn_planner/local_setup.sh
[32.572s] -- Up-to-date: /home/agilex/agilex_ws/install/nav2_navfn_planner/share/nav2_navfn_planner/local_setup.zsh
[32.572s] -- Up-to-date: /home/agilex/agilex_ws/install/nav2_navfn_planner/share/nav2_navfn_planner/local_setup.dsv
[32.572s] -- Installing: /home/agilex/agilex_ws/install/nav2_navfn_planner/share/nav2_navfn_planner/package.dsv
[32.572s] -- Up-to-date: /home/agilex/agilex_ws/install/nav2_navfn_planner/share/ament_index/resource_index/packages/nav2_navfn_planner
[32.572s] -- Up-to-date: /home/agilex/agilex_ws/install/nav2_navfn_planner/share/ament_index/resource_index/nav2_core__pluginlib__plugin/nav2_navfn_planner
[32.572s] -- Up-to-date: /home/agilex/agilex_ws/install/nav2_navfn_planner/share/nav2_navfn_planner/cmake/ament_cmake_export_include_directories-extras.cmake
[32.572s] -- Up-to-date: /home/agilex/agilex_ws/install/nav2_navfn_planner/share/nav2_navfn_planner/cmake/ament_cmake_export_libraries-extras.cmake
[32.572s] -- Up-to-date: /home/agilex/agilex_ws/install/nav2_navfn_planner/share/nav2_navfn_planner/cmake/ament_cmake_export_dependencies-extras.cmake
[32.572s] -- Up-to-date: /home/agilex/agilex_ws/install/nav2_navfn_planner/share/nav2_navfn_planner/cmake/nav2_navfn_plannerConfig.cmake
[32.572s] -- Up-to-date: /home/agilex/agilex_ws/install/nav2_navfn_planner/share/nav2_navfn_planner/cmake/nav2_navfn_plannerConfig-version.cmake
[32.573s] -- Up-to-date: /home/agilex/agilex_ws/install/nav2_navfn_planner/share/nav2_navfn_planner/package.xml
[32.725s] Invoked command in '/home/agilex/agilex_ws/build/nav2_navfn_planner' returned '0': AMENT_PREFIX_PATH=/home/agilex/agilex_ws/install/nav2_core:/home/agilex/agilex_ws/install/nav2_costmap_2d:/home/agilex/agilex_ws/install/nav2_util:/home/agilex/agilex_ws/install/nav2_voxel_grid:/home/agilex/agilex_ws/install/nav2_msgs:/home/agilex/agilex_ws/install/nav2_common CMAKE_PREFIX_PATH=/home/agilex/agilex_ws/install/nav2_core:/home/agilex/agilex_ws/install/nav2_costmap_2d:/home/agilex/agilex_ws/install/nav2_util:/home/agilex/agilex_ws/install/nav2_voxel_grid:/home/agilex/agilex_ws/install/nav2_msgs:/home/agilex/agilex_ws/install/nav2_common LD_LIBRARY_PATH=/home/agilex/agilex_ws/install/nav2_costmap_2d/lib:/home/agilex/agilex_ws/install/nav2_util/lib:/home/agilex/agilex_ws/install/nav2_voxel_grid/lib:/home/agilex/agilex_ws/install/nav2_msgs/lib PYTHONPATH=/home/agilex/agilex_ws/install/nav2_msgs/local/lib/python3.10/dist-packages:/home/agilex/agilex_ws/install/nav2_common/local/lib/python3.10/dist-packages /usr/bin/cmake --install /home/agilex/agilex_ws/build/nav2_navfn_planner
