[0.065s] Invoking command in '/home/agilex/agilex_ws/build/dwb_critics': AMENT_PREFIX_PATH=/home/agilex/agilex_ws/install/dwb_core:/home/agilex/agilex_ws/install/nav2_core:/home/agilex/agilex_ws/install/costmap_queue:/home/agilex/agilex_ws/install/nav2_costmap_2d:/home/agilex/agilex_ws/install/nav_2d_utils:/home/agilex/agilex_ws/install/nav2_util:/home/agilex/agilex_ws/install/nav2_voxel_grid:/home/agilex/agilex_ws/install/nav2_msgs:/home/agilex/agilex_ws/install/dwb_msgs:/home/agilex/agilex_ws/install/nav_2d_msgs:/home/agilex/agilex_ws/install/nav2_common:${AMENT_PREFIX_PATH} CMAKE_PREFIX_PATH=/home/agilex/agilex_ws/install/dwb_core:/home/agilex/agilex_ws/install/nav2_core:/home/agilex/agilex_ws/install/costmap_queue:/home/agilex/agilex_ws/install/nav2_costmap_2d:/home/agilex/agilex_ws/install/nav_2d_utils:/home/agilex/agilex_ws/install/nav2_util:/home/agilex/agilex_ws/install/nav2_voxel_grid:/home/agilex/agilex_ws/install/nav2_msgs:/home/agilex/agilex_ws/install/dwb_msgs:/home/agilex/agilex_ws/install/nav_2d_msgs:/home/agilex/agilex_ws/install/nav2_common:/opt/ros/humble LD_LIBRARY_PATH=/home/agilex/agilex_ws/install/dwb_core/lib:/home/agilex/agilex_ws/install/costmap_queue/lib:/home/agilex/agilex_ws/install/nav2_costmap_2d/lib:/home/agilex/agilex_ws/install/nav_2d_utils/lib:/home/agilex/agilex_ws/install/nav2_util/lib:/home/agilex/agilex_ws/install/nav2_voxel_grid/lib:/home/agilex/agilex_ws/install/nav2_msgs/lib:/home/agilex/agilex_ws/install/dwb_msgs/lib:/home/agilex/agilex_ws/install/nav_2d_msgs/lib:${LD_LIBRARY_PATH} PYTHONPATH=/home/agilex/agilex_ws/install/nav2_msgs/local/lib/python3.10/dist-packages:/home/agilex/agilex_ws/install/dwb_msgs/local/lib/python3.10/dist-packages:/home/agilex/agilex_ws/install/nav_2d_msgs/local/lib/python3.10/dist-packages:/home/agilex/agilex_ws/install/nav2_common/local/lib/python3.10/dist-packages:${PYTHONPATH} /usr/bin/cmake --build /home/agilex/agilex_ws/build/dwb_critics -- -j8 -l8
[0.156s] [35m[1mConsolidate compiler generated dependencies of target gtest[0m
[0.168s] [35m[1mConsolidate compiler generated dependencies of target gtest_main[0m
[0.205s] [  7%] Built target gtest
[0.230s] [35m[1mConsolidate compiler generated dependencies of target dwb_critics[0m
[0.247s] [ 14%] Built target gtest_main
[0.361s] [ 62%] Built target dwb_critics
[0.379s] [35m[1mConsolidate compiler generated dependencies of target prefer_forward_tests[0m
[0.385s] [35m[1mConsolidate compiler generated dependencies of target obstacle_footprint_tests[0m
[0.396s] [35m[1mConsolidate compiler generated dependencies of target base_obstacle_tests[0m
[0.398s] [35m[1mConsolidate compiler generated dependencies of target twirling_tests[0m
[0.400s] [35m[1mConsolidate compiler generated dependencies of target alignment_util_tests[0m
[0.414s] [ 70%] Built target prefer_forward_tests
[0.422s] [ 77%] Built target obstacle_footprint_tests
[0.428s] [ 85%] Built target base_obstacle_tests
[0.441s] [100%] Built target twirling_tests
[0.441s] [100%] Built target alignment_util_tests
[0.470s] Invoked command in '/home/agilex/agilex_ws/build/dwb_critics' returned '0': AMENT_PREFIX_PATH=/home/agilex/agilex_ws/install/dwb_core:/home/agilex/agilex_ws/install/nav2_core:/home/agilex/agilex_ws/install/costmap_queue:/home/agilex/agilex_ws/install/nav2_costmap_2d:/home/agilex/agilex_ws/install/nav_2d_utils:/home/agilex/agilex_ws/install/nav2_util:/home/agilex/agilex_ws/install/nav2_voxel_grid:/home/agilex/agilex_ws/install/nav2_msgs:/home/agilex/agilex_ws/install/dwb_msgs:/home/agilex/agilex_ws/install/nav_2d_msgs:/home/agilex/agilex_ws/install/nav2_common:${AMENT_PREFIX_PATH} CMAKE_PREFIX_PATH=/home/agilex/agilex_ws/install/dwb_core:/home/agilex/agilex_ws/install/nav2_core:/home/agilex/agilex_ws/install/costmap_queue:/home/agilex/agilex_ws/install/nav2_costmap_2d:/home/agilex/agilex_ws/install/nav_2d_utils:/home/agilex/agilex_ws/install/nav2_util:/home/agilex/agilex_ws/install/nav2_voxel_grid:/home/agilex/agilex_ws/install/nav2_msgs:/home/agilex/agilex_ws/install/dwb_msgs:/home/agilex/agilex_ws/install/nav_2d_msgs:/home/agilex/agilex_ws/install/nav2_common:/opt/ros/humble LD_LIBRARY_PATH=/home/agilex/agilex_ws/install/dwb_core/lib:/home/agilex/agilex_ws/install/costmap_queue/lib:/home/agilex/agilex_ws/install/nav2_costmap_2d/lib:/home/agilex/agilex_ws/install/nav_2d_utils/lib:/home/agilex/agilex_ws/install/nav2_util/lib:/home/agilex/agilex_ws/install/nav2_voxel_grid/lib:/home/agilex/agilex_ws/install/nav2_msgs/lib:/home/agilex/agilex_ws/install/dwb_msgs/lib:/home/agilex/agilex_ws/install/nav_2d_msgs/lib:${LD_LIBRARY_PATH} PYTHONPATH=/home/agilex/agilex_ws/install/nav2_msgs/local/lib/python3.10/dist-packages:/home/agilex/agilex_ws/install/dwb_msgs/local/lib/python3.10/dist-packages:/home/agilex/agilex_ws/install/nav_2d_msgs/local/lib/python3.10/dist-packages:/home/agilex/agilex_ws/install/nav2_common/local/lib/python3.10/dist-packages:${PYTHONPATH} /usr/bin/cmake --build /home/agilex/agilex_ws/build/dwb_critics -- -j8 -l8
[0.582s] Invoking command in '/home/agilex/agilex_ws/build/dwb_critics': AMENT_PREFIX_PATH=/home/agilex/agilex_ws/install/dwb_core:/home/agilex/agilex_ws/install/nav2_core:/home/agilex/agilex_ws/install/costmap_queue:/home/agilex/agilex_ws/install/nav2_costmap_2d:/home/agilex/agilex_ws/install/nav_2d_utils:/home/agilex/agilex_ws/install/nav2_util:/home/agilex/agilex_ws/install/nav2_voxel_grid:/home/agilex/agilex_ws/install/nav2_msgs:/home/agilex/agilex_ws/install/dwb_msgs:/home/agilex/agilex_ws/install/nav_2d_msgs:/home/agilex/agilex_ws/install/nav2_common:${AMENT_PREFIX_PATH} CMAKE_PREFIX_PATH=/home/agilex/agilex_ws/install/dwb_core:/home/agilex/agilex_ws/install/nav2_core:/home/agilex/agilex_ws/install/costmap_queue:/home/agilex/agilex_ws/install/nav2_costmap_2d:/home/agilex/agilex_ws/install/nav_2d_utils:/home/agilex/agilex_ws/install/nav2_util:/home/agilex/agilex_ws/install/nav2_voxel_grid:/home/agilex/agilex_ws/install/nav2_msgs:/home/agilex/agilex_ws/install/dwb_msgs:/home/agilex/agilex_ws/install/nav_2d_msgs:/home/agilex/agilex_ws/install/nav2_common:/opt/ros/humble LD_LIBRARY_PATH=/home/agilex/agilex_ws/install/dwb_core/lib:/home/agilex/agilex_ws/install/costmap_queue/lib:/home/agilex/agilex_ws/install/nav2_costmap_2d/lib:/home/agilex/agilex_ws/install/nav_2d_utils/lib:/home/agilex/agilex_ws/install/nav2_util/lib:/home/agilex/agilex_ws/install/nav2_voxel_grid/lib:/home/agilex/agilex_ws/install/nav2_msgs/lib:/home/agilex/agilex_ws/install/dwb_msgs/lib:/home/agilex/agilex_ws/install/nav_2d_msgs/lib:${LD_LIBRARY_PATH} PYTHONPATH=/home/agilex/agilex_ws/install/nav2_msgs/local/lib/python3.10/dist-packages:/home/agilex/agilex_ws/install/dwb_msgs/local/lib/python3.10/dist-packages:/home/agilex/agilex_ws/install/nav_2d_msgs/local/lib/python3.10/dist-packages:/home/agilex/agilex_ws/install/nav2_common/local/lib/python3.10/dist-packages:${PYTHONPATH} /usr/bin/cmake --install /home/agilex/agilex_ws/build/dwb_critics
[0.582s] -- Install configuration: "Release"
[0.583s] -- Up-to-date: /home/agilex/agilex_ws/install/dwb_critics/lib/libdwb_critics.so
[0.588s] -- Up-to-date: /home/agilex/agilex_ws/install/dwb_critics/include/
[0.588s] -- Up-to-date: /home/agilex/agilex_ws/install/dwb_critics/include//dwb_critics
[0.588s] -- Up-to-date: /home/agilex/agilex_ws/install/dwb_critics/include//dwb_critics/base_obstacle.hpp
[0.588s] -- Up-to-date: /home/agilex/agilex_ws/install/dwb_critics/include//dwb_critics/goal_dist.hpp
[0.588s] -- Up-to-date: /home/agilex/agilex_ws/install/dwb_critics/include//dwb_critics/alignment_util.hpp
[0.588s] -- Up-to-date: /home/agilex/agilex_ws/install/dwb_critics/include//dwb_critics/twirling.hpp
[0.589s] -- Up-to-date: /home/agilex/agilex_ws/install/dwb_critics/include//dwb_critics/rotate_to_goal.hpp
[0.589s] -- Up-to-date: /home/agilex/agilex_ws/install/dwb_critics/include//dwb_critics/path_dist.hpp
[0.589s] -- Up-to-date: /home/agilex/agilex_ws/install/dwb_critics/include//dwb_critics/goal_align.hpp
[0.589s] -- Up-to-date: /home/agilex/agilex_ws/install/dwb_critics/include//dwb_critics/oscillation.hpp
[0.590s] -- Up-to-date: /home/agilex/agilex_ws/install/dwb_critics/include//dwb_critics/map_grid.hpp
[0.591s] -- Up-to-date: /home/agilex/agilex_ws/install/dwb_critics/include//dwb_critics/path_align.hpp
[0.591s] -- Up-to-date: /home/agilex/agilex_ws/install/dwb_critics/include//dwb_critics/line_iterator.hpp
[0.591s] -- Up-to-date: /home/agilex/agilex_ws/install/dwb_critics/include//dwb_critics/prefer_forward.hpp
[0.591s] -- Up-to-date: /home/agilex/agilex_ws/install/dwb_critics/include//dwb_critics/obstacle_footprint.hpp
[0.591s] -- Up-to-date: /home/agilex/agilex_ws/install/dwb_critics/share/dwb_critics/default_critics.xml
[0.592s] -- Up-to-date: /home/agilex/agilex_ws/install/dwb_critics/share/dwb_critics/environment/library_path.sh
[0.592s] -- Up-to-date: /home/agilex/agilex_ws/install/dwb_critics/share/dwb_critics/environment/library_path.dsv
[0.592s] -- Up-to-date: /home/agilex/agilex_ws/install/dwb_critics/share/dwb_critics/default_critics.xml
[0.592s] -- Up-to-date: /home/agilex/agilex_ws/install/dwb_critics/share/ament_index/resource_index/package_run_dependencies/dwb_critics
[0.592s] -- Up-to-date: /home/agilex/agilex_ws/install/dwb_critics/share/ament_index/resource_index/parent_prefix_path/dwb_critics
[0.594s] -- Up-to-date: /home/agilex/agilex_ws/install/dwb_critics/share/dwb_critics/environment/ament_prefix_path.sh
[0.594s] -- Up-to-date: /home/agilex/agilex_ws/install/dwb_critics/share/dwb_critics/environment/ament_prefix_path.dsv
[0.595s] -- Up-to-date: /home/agilex/agilex_ws/install/dwb_critics/share/dwb_critics/environment/path.sh
[0.595s] -- Up-to-date: /home/agilex/agilex_ws/install/dwb_critics/share/dwb_critics/environment/path.dsv
[0.596s] -- Up-to-date: /home/agilex/agilex_ws/install/dwb_critics/share/dwb_critics/local_setup.bash
[0.598s] -- Up-to-date: /home/agilex/agilex_ws/install/dwb_critics/share/dwb_critics/local_setup.sh
[0.598s] -- Up-to-date: /home/agilex/agilex_ws/install/dwb_critics/share/dwb_critics/local_setup.zsh
[0.599s] -- Up-to-date: /home/agilex/agilex_ws/install/dwb_critics/share/dwb_critics/local_setup.dsv
[0.599s] -- Installing: /home/agilex/agilex_ws/install/dwb_critics/share/dwb_critics/package.dsv
[0.599s] -- Up-to-date: /home/agilex/agilex_ws/install/dwb_critics/share/ament_index/resource_index/packages/dwb_critics
[0.600s] -- Up-to-date: /home/agilex/agilex_ws/install/dwb_critics/share/ament_index/resource_index/dwb_core__pluginlib__plugin/dwb_critics
[0.600s] -- Up-to-date: /home/agilex/agilex_ws/install/dwb_critics/share/dwb_critics/cmake/ament_cmake_export_include_directories-extras.cmake
[0.600s] -- Up-to-date: /home/agilex/agilex_ws/install/dwb_critics/share/dwb_critics/cmake/ament_cmake_export_libraries-extras.cmake
[0.601s] -- Up-to-date: /home/agilex/agilex_ws/install/dwb_critics/share/dwb_critics/cmake/ament_cmake_export_dependencies-extras.cmake
[0.601s] -- Up-to-date: /home/agilex/agilex_ws/install/dwb_critics/share/dwb_critics/cmake/dwb_criticsConfig.cmake
[0.601s] -- Up-to-date: /home/agilex/agilex_ws/install/dwb_critics/share/dwb_critics/cmake/dwb_criticsConfig-version.cmake
[0.601s] -- Up-to-date: /home/agilex/agilex_ws/install/dwb_critics/share/dwb_critics/package.xml
[0.605s] Invoked command in '/home/agilex/agilex_ws/build/dwb_critics' returned '0': AMENT_PREFIX_PATH=/home/agilex/agilex_ws/install/dwb_core:/home/agilex/agilex_ws/install/nav2_core:/home/agilex/agilex_ws/install/costmap_queue:/home/agilex/agilex_ws/install/nav2_costmap_2d:/home/agilex/agilex_ws/install/nav_2d_utils:/home/agilex/agilex_ws/install/nav2_util:/home/agilex/agilex_ws/install/nav2_voxel_grid:/home/agilex/agilex_ws/install/nav2_msgs:/home/agilex/agilex_ws/install/dwb_msgs:/home/agilex/agilex_ws/install/nav_2d_msgs:/home/agilex/agilex_ws/install/nav2_common:${AMENT_PREFIX_PATH} CMAKE_PREFIX_PATH=/home/agilex/agilex_ws/install/dwb_core:/home/agilex/agilex_ws/install/nav2_core:/home/agilex/agilex_ws/install/costmap_queue:/home/agilex/agilex_ws/install/nav2_costmap_2d:/home/agilex/agilex_ws/install/nav_2d_utils:/home/agilex/agilex_ws/install/nav2_util:/home/agilex/agilex_ws/install/nav2_voxel_grid:/home/agilex/agilex_ws/install/nav2_msgs:/home/agilex/agilex_ws/install/dwb_msgs:/home/agilex/agilex_ws/install/nav_2d_msgs:/home/agilex/agilex_ws/install/nav2_common:/opt/ros/humble LD_LIBRARY_PATH=/home/agilex/agilex_ws/install/dwb_core/lib:/home/agilex/agilex_ws/install/costmap_queue/lib:/home/agilex/agilex_ws/install/nav2_costmap_2d/lib:/home/agilex/agilex_ws/install/nav_2d_utils/lib:/home/agilex/agilex_ws/install/nav2_util/lib:/home/agilex/agilex_ws/install/nav2_voxel_grid/lib:/home/agilex/agilex_ws/install/nav2_msgs/lib:/home/agilex/agilex_ws/install/dwb_msgs/lib:/home/agilex/agilex_ws/install/nav_2d_msgs/lib:${LD_LIBRARY_PATH} PYTHONPATH=/home/agilex/agilex_ws/install/nav2_msgs/local/lib/python3.10/dist-packages:/home/agilex/agilex_ws/install/dwb_msgs/local/lib/python3.10/dist-packages:/home/agilex/agilex_ws/install/nav_2d_msgs/local/lib/python3.10/dist-packages:/home/agilex/agilex_ws/install/nav2_common/local/lib/python3.10/dist-packages:${PYTHONPATH} /usr/bin/cmake --install /home/agilex/agilex_ws/build/dwb_critics
