[1.372s] Invoking command in '/home/agilex/agilex_ws/src/yolov5_ros2': PYTHONPATH=/home/agilex/agilex_ws/build/yolov5_ros2/prefix_override:/home/agilex/agilex_ws/install/yolov5_ros2/lib/python3.10/site-packages:${PYTHONPATH} /usr/bin/python3 setup.py egg_info --egg-base ../../build/yolov5_ros2 build --build-base /home/agilex/agilex_ws/build/yolov5_ros2/build install --record /home/agilex/agilex_ws/build/yolov5_ros2/install.log --single-version-externally-managed
[1.514s] running egg_info
[1.514s] writing ../../build/yolov5_ros2/yolov5_ros2.egg-info/PKG-INFO
[1.514s] writing dependency_links to ../../build/yolov5_ros2/yolov5_ros2.egg-info/dependency_links.txt
[1.514s] writing entry points to ../../build/yolov5_ros2/yolov5_ros2.egg-info/entry_points.txt
[1.514s] writing requirements to ../../build/yolov5_ros2/yolov5_ros2.egg-info/requires.txt
[1.514s] writing top-level names to ../../build/yolov5_ros2/yolov5_ros2.egg-info/top_level.txt
[1.519s] reading manifest file '../../build/yolov5_ros2/yolov5_ros2.egg-info/SOURCES.txt'
[1.519s] writing manifest file '../../build/yolov5_ros2/yolov5_ros2.egg-info/SOURCES.txt'
[1.519s] running build
[1.520s] running build_py
[1.520s] running install
[1.521s] /usr/lib/python3/dist-packages/setuptools/command/install.py:34: SetuptoolsDeprecationWarning: setup.py install is deprecated. Use build and pip and other standards-based tools.
[1.521s]   warnings.warn(
[1.521s] running install_lib
[1.521s] running install_data
[1.521s] running install_egg_info
[1.521s] removing '/home/agilex/agilex_ws/install/yolov5_ros2/lib/python3.10/site-packages/yolov5_ros2-0.0.0-py3.10.egg-info' (and everything under it)
[1.522s] Copying ../../build/yolov5_ros2/yolov5_ros2.egg-info to /home/agilex/agilex_ws/install/yolov5_ros2/lib/python3.10/site-packages/yolov5_ros2-0.0.0-py3.10.egg-info
[1.522s] running install_scripts
[1.537s] Installing yolo_detect_2d script to /home/agilex/agilex_ws/install/yolov5_ros2/lib/yolov5_ros2
[1.538s] writing list of installed files to '/home/agilex/agilex_ws/build/yolov5_ros2/install.log'
[1.693s] Invoked command in '/home/agilex/agilex_ws/src/yolov5_ros2' returned '0': PYTHONPATH=/home/agilex/agilex_ws/build/yolov5_ros2/prefix_override:/home/agilex/agilex_ws/install/yolov5_ros2/lib/python3.10/site-packages:${PYTHONPATH} /usr/bin/python3 setup.py egg_info --egg-base ../../build/yolov5_ros2 build --build-base /home/agilex/agilex_ws/build/yolov5_ros2/build install --record /home/agilex/agilex_ws/build/yolov5_ros2/install.log --single-version-externally-managed
