[0.041s] Invoking command in '/home/agilex/agilex_ws/build/nav_2d_utils': AMENT_PREFIX_PATH=/home/agilex/agilex_ws/install/nav2_util:/home/agilex/agilex_ws/install/nav2_msgs:/home/agilex/agilex_ws/install/nav_2d_msgs:/home/agilex/agilex_ws/install/nav2_common CMAKE_PREFIX_PATH=/home/agilex/agilex_ws/install/nav2_util:/home/agilex/agilex_ws/install/nav2_msgs:/home/agilex/agilex_ws/install/nav_2d_msgs:/home/agilex/agilex_ws/install/nav2_common LD_LIBRARY_PATH=/home/agilex/agilex_ws/install/nav2_util/lib:/home/agilex/agilex_ws/install/nav2_msgs/lib:/home/agilex/agilex_ws/install/nav_2d_msgs/lib PYTHONPATH=/home/agilex/agilex_ws/install/nav2_msgs/local/lib/python3.10/dist-packages:/home/agilex/agilex_ws/install/nav_2d_msgs/local/lib/python3.10/dist-packages:/home/agilex/agilex_ws/install/nav2_common/local/lib/python3.10/dist-packages /usr/bin/cmake --build /home/agilex/agilex_ws/build/nav_2d_utils -- -j16 -l16
[0.097s] [ 12%] Built target gtest_main
[0.098s] [ 25%] Built target conversions
[0.100s] [ 50%] Built target gtest
[0.100s] [ 50%] Built target path_ops
[0.132s] [ 62%] Built target path_ops_tests
[0.135s] [ 75%] Built target 2d_utils_tests
[0.143s] [ 87%] Built target tf_help
[0.175s] [100%] Built target tf_help_tests
[0.190s] Invoked command in '/home/agilex/agilex_ws/build/nav_2d_utils' returned '0': AMENT_PREFIX_PATH=/home/agilex/agilex_ws/install/nav2_util:/home/agilex/agilex_ws/install/nav2_msgs:/home/agilex/agilex_ws/install/nav_2d_msgs:/home/agilex/agilex_ws/install/nav2_common CMAKE_PREFIX_PATH=/home/agilex/agilex_ws/install/nav2_util:/home/agilex/agilex_ws/install/nav2_msgs:/home/agilex/agilex_ws/install/nav_2d_msgs:/home/agilex/agilex_ws/install/nav2_common LD_LIBRARY_PATH=/home/agilex/agilex_ws/install/nav2_util/lib:/home/agilex/agilex_ws/install/nav2_msgs/lib:/home/agilex/agilex_ws/install/nav_2d_msgs/lib PYTHONPATH=/home/agilex/agilex_ws/install/nav2_msgs/local/lib/python3.10/dist-packages:/home/agilex/agilex_ws/install/nav_2d_msgs/local/lib/python3.10/dist-packages:/home/agilex/agilex_ws/install/nav2_common/local/lib/python3.10/dist-packages /usr/bin/cmake --build /home/agilex/agilex_ws/build/nav_2d_utils -- -j16 -l16
[0.292s] Invoking command in '/home/agilex/agilex_ws/build/nav_2d_utils': AMENT_PREFIX_PATH=/home/agilex/agilex_ws/install/nav2_util:/home/agilex/agilex_ws/install/nav2_msgs:/home/agilex/agilex_ws/install/nav_2d_msgs:/home/agilex/agilex_ws/install/nav2_common CMAKE_PREFIX_PATH=/home/agilex/agilex_ws/install/nav2_util:/home/agilex/agilex_ws/install/nav2_msgs:/home/agilex/agilex_ws/install/nav_2d_msgs:/home/agilex/agilex_ws/install/nav2_common LD_LIBRARY_PATH=/home/agilex/agilex_ws/install/nav2_util/lib:/home/agilex/agilex_ws/install/nav2_msgs/lib:/home/agilex/agilex_ws/install/nav_2d_msgs/lib PYTHONPATH=/home/agilex/agilex_ws/install/nav2_msgs/local/lib/python3.10/dist-packages:/home/agilex/agilex_ws/install/nav_2d_msgs/local/lib/python3.10/dist-packages:/home/agilex/agilex_ws/install/nav2_common/local/lib/python3.10/dist-packages /usr/bin/cmake --install /home/agilex/agilex_ws/build/nav_2d_utils
[0.305s] -- Install configuration: "Release"
[0.305s] -- Up-to-date: /home/agilex/agilex_ws/install/nav_2d_utils/lib/libconversions.so
[0.305s] -- Up-to-date: /home/agilex/agilex_ws/install/nav_2d_utils/lib/libpath_ops.so
[0.305s] -- Up-to-date: /home/agilex/agilex_ws/install/nav_2d_utils/lib/libtf_help.so
[0.305s] -- Up-to-date: /home/agilex/agilex_ws/install/nav_2d_utils/include/
[0.305s] -- Up-to-date: /home/agilex/agilex_ws/install/nav_2d_utils/include//nav_2d_utils
[0.305s] -- Up-to-date: /home/agilex/agilex_ws/install/nav_2d_utils/include//nav_2d_utils/tf_help.hpp
[0.305s] -- Up-to-date: /home/agilex/agilex_ws/install/nav_2d_utils/include//nav_2d_utils/odom_subscriber.hpp
[0.306s] -- Up-to-date: /home/agilex/agilex_ws/install/nav_2d_utils/include//nav_2d_utils/path_ops.hpp
[0.307s] -- Up-to-date: /home/agilex/agilex_ws/install/nav_2d_utils/include//nav_2d_utils/conversions.hpp
[0.308s] -- Up-to-date: /home/agilex/agilex_ws/install/nav_2d_utils/include//nav_2d_utils/parameters.hpp
[0.308s] -- Up-to-date: /home/agilex/agilex_ws/install/nav_2d_utils/share/nav_2d_utils/environment/library_path.sh
[0.308s] -- Up-to-date: /home/agilex/agilex_ws/install/nav_2d_utils/share/nav_2d_utils/environment/library_path.dsv
[0.308s] -- Up-to-date: /home/agilex/agilex_ws/install/nav_2d_utils/share/ament_index/resource_index/package_run_dependencies/nav_2d_utils
[0.309s] -- Up-to-date: /home/agilex/agilex_ws/install/nav_2d_utils/share/ament_index/resource_index/parent_prefix_path/nav_2d_utils
[0.309s] -- Up-to-date: /home/agilex/agilex_ws/install/nav_2d_utils/share/nav_2d_utils/environment/ament_prefix_path.sh
[0.309s] -- Up-to-date: /home/agilex/agilex_ws/install/nav_2d_utils/share/nav_2d_utils/environment/ament_prefix_path.dsv
[0.309s] -- Up-to-date: /home/agilex/agilex_ws/install/nav_2d_utils/share/nav_2d_utils/environment/path.sh
[0.309s] -- Up-to-date: /home/agilex/agilex_ws/install/nav_2d_utils/share/nav_2d_utils/environment/path.dsv
[0.309s] -- Up-to-date: /home/agilex/agilex_ws/install/nav_2d_utils/share/nav_2d_utils/local_setup.bash
[0.309s] -- Up-to-date: /home/agilex/agilex_ws/install/nav_2d_utils/share/nav_2d_utils/local_setup.sh
[0.309s] -- Up-to-date: /home/agilex/agilex_ws/install/nav_2d_utils/share/nav_2d_utils/local_setup.zsh
[0.309s] -- Up-to-date: /home/agilex/agilex_ws/install/nav_2d_utils/share/nav_2d_utils/local_setup.dsv
[0.312s] -- Installing: /home/agilex/agilex_ws/install/nav_2d_utils/share/nav_2d_utils/package.dsv
[0.313s] -- Up-to-date: /home/agilex/agilex_ws/install/nav_2d_utils/share/ament_index/resource_index/packages/nav_2d_utils
[0.317s] -- Up-to-date: /home/agilex/agilex_ws/install/nav_2d_utils/share/nav_2d_utils/cmake/ament_cmake_export_include_directories-extras.cmake
[0.317s] -- Up-to-date: /home/agilex/agilex_ws/install/nav_2d_utils/share/nav_2d_utils/cmake/ament_cmake_export_libraries-extras.cmake
[0.317s] -- Up-to-date: /home/agilex/agilex_ws/install/nav_2d_utils/share/nav_2d_utils/cmake/ament_cmake_export_dependencies-extras.cmake
[0.317s] -- Up-to-date: /home/agilex/agilex_ws/install/nav_2d_utils/share/nav_2d_utils/cmake/nav_2d_utilsConfig.cmake
[0.317s] -- Up-to-date: /home/agilex/agilex_ws/install/nav_2d_utils/share/nav_2d_utils/cmake/nav_2d_utilsConfig-version.cmake
[0.317s] -- Up-to-date: /home/agilex/agilex_ws/install/nav_2d_utils/share/nav_2d_utils/package.xml
[0.334s] Invoked command in '/home/agilex/agilex_ws/build/nav_2d_utils' returned '0': AMENT_PREFIX_PATH=/home/agilex/agilex_ws/install/nav2_util:/home/agilex/agilex_ws/install/nav2_msgs:/home/agilex/agilex_ws/install/nav_2d_msgs:/home/agilex/agilex_ws/install/nav2_common CMAKE_PREFIX_PATH=/home/agilex/agilex_ws/install/nav2_util:/home/agilex/agilex_ws/install/nav2_msgs:/home/agilex/agilex_ws/install/nav_2d_msgs:/home/agilex/agilex_ws/install/nav2_common LD_LIBRARY_PATH=/home/agilex/agilex_ws/install/nav2_util/lib:/home/agilex/agilex_ws/install/nav2_msgs/lib:/home/agilex/agilex_ws/install/nav_2d_msgs/lib PYTHONPATH=/home/agilex/agilex_ws/install/nav2_msgs/local/lib/python3.10/dist-packages:/home/agilex/agilex_ws/install/nav_2d_msgs/local/lib/python3.10/dist-packages:/home/agilex/agilex_ws/install/nav2_common/local/lib/python3.10/dist-packages /usr/bin/cmake --install /home/agilex/agilex_ws/build/nav_2d_utils
