[0.075s] Invoking command in '/home/agilex/agilex_ws/build/nav2_navfn_planner': AMENT_PREFIX_PATH=/home/agilex/agilex_ws/install/nav2_core:/home/agilex/agilex_ws/install/nav2_costmap_2d:/home/agilex/agilex_ws/install/nav2_util:/home/agilex/agilex_ws/install/nav2_voxel_grid:/home/agilex/agilex_ws/install/nav2_msgs:/home/agilex/agilex_ws/install/nav2_common CMAKE_PREFIX_PATH=/home/agilex/agilex_ws/install/nav2_core:/home/agilex/agilex_ws/install/nav2_costmap_2d:/home/agilex/agilex_ws/install/nav2_util:/home/agilex/agilex_ws/install/nav2_voxel_grid:/home/agilex/agilex_ws/install/nav2_msgs:/home/agilex/agilex_ws/install/nav2_common LD_LIBRARY_PATH=/home/agilex/agilex_ws/install/nav2_costmap_2d/lib:/home/agilex/agilex_ws/install/nav2_util/lib:/home/agilex/agilex_ws/install/nav2_voxel_grid/lib:/home/agilex/agilex_ws/install/nav2_msgs/lib PYTHONPATH=/home/agilex/agilex_ws/install/nav2_msgs/local/lib/python3.10/dist-packages:/home/agilex/agilex_ws/install/nav2_common/local/lib/python3.10/dist-packages /usr/bin/cmake --build /home/agilex/agilex_ws/build/nav2_navfn_planner -- -j16 -l16
[0.162s] [ 22%] Built target gtest
[0.167s] [ 44%] Built target gtest_main
[0.194s] [ 77%] Built target nav2_navfn_planner
[0.238s] [100%] Built target test_dynamic_parameters
[0.322s] Invoked command in '/home/agilex/agilex_ws/build/nav2_navfn_planner' returned '0': AMENT_PREFIX_PATH=/home/agilex/agilex_ws/install/nav2_core:/home/agilex/agilex_ws/install/nav2_costmap_2d:/home/agilex/agilex_ws/install/nav2_util:/home/agilex/agilex_ws/install/nav2_voxel_grid:/home/agilex/agilex_ws/install/nav2_msgs:/home/agilex/agilex_ws/install/nav2_common CMAKE_PREFIX_PATH=/home/agilex/agilex_ws/install/nav2_core:/home/agilex/agilex_ws/install/nav2_costmap_2d:/home/agilex/agilex_ws/install/nav2_util:/home/agilex/agilex_ws/install/nav2_voxel_grid:/home/agilex/agilex_ws/install/nav2_msgs:/home/agilex/agilex_ws/install/nav2_common LD_LIBRARY_PATH=/home/agilex/agilex_ws/install/nav2_costmap_2d/lib:/home/agilex/agilex_ws/install/nav2_util/lib:/home/agilex/agilex_ws/install/nav2_voxel_grid/lib:/home/agilex/agilex_ws/install/nav2_msgs/lib PYTHONPATH=/home/agilex/agilex_ws/install/nav2_msgs/local/lib/python3.10/dist-packages:/home/agilex/agilex_ws/install/nav2_common/local/lib/python3.10/dist-packages /usr/bin/cmake --build /home/agilex/agilex_ws/build/nav2_navfn_planner -- -j16 -l16
[0.357s] Invoking command in '/home/agilex/agilex_ws/build/nav2_navfn_planner': AMENT_PREFIX_PATH=/home/agilex/agilex_ws/install/nav2_core:/home/agilex/agilex_ws/install/nav2_costmap_2d:/home/agilex/agilex_ws/install/nav2_util:/home/agilex/agilex_ws/install/nav2_voxel_grid:/home/agilex/agilex_ws/install/nav2_msgs:/home/agilex/agilex_ws/install/nav2_common CMAKE_PREFIX_PATH=/home/agilex/agilex_ws/install/nav2_core:/home/agilex/agilex_ws/install/nav2_costmap_2d:/home/agilex/agilex_ws/install/nav2_util:/home/agilex/agilex_ws/install/nav2_voxel_grid:/home/agilex/agilex_ws/install/nav2_msgs:/home/agilex/agilex_ws/install/nav2_common LD_LIBRARY_PATH=/home/agilex/agilex_ws/install/nav2_costmap_2d/lib:/home/agilex/agilex_ws/install/nav2_util/lib:/home/agilex/agilex_ws/install/nav2_voxel_grid/lib:/home/agilex/agilex_ws/install/nav2_msgs/lib PYTHONPATH=/home/agilex/agilex_ws/install/nav2_msgs/local/lib/python3.10/dist-packages:/home/agilex/agilex_ws/install/nav2_common/local/lib/python3.10/dist-packages /usr/bin/cmake --install /home/agilex/agilex_ws/build/nav2_navfn_planner
[0.382s] -- Install configuration: "Release"
[0.382s] -- Up-to-date: /home/agilex/agilex_ws/install/nav2_navfn_planner/share/nav2_navfn_planner/global_planner_plugin.xml
[0.382s] -- Up-to-date: /home/agilex/agilex_ws/install/nav2_navfn_planner/lib/libnav2_navfn_planner.so
[0.383s] -- Up-to-date: /home/agilex/agilex_ws/install/nav2_navfn_planner/include/
[0.383s] -- Up-to-date: /home/agilex/agilex_ws/install/nav2_navfn_planner/include//nav2_navfn_planner
[0.383s] -- Up-to-date: /home/agilex/agilex_ws/install/nav2_navfn_planner/include//nav2_navfn_planner/navfn.hpp
[0.383s] -- Up-to-date: /home/agilex/agilex_ws/install/nav2_navfn_planner/include//nav2_navfn_planner/navfn_planner.hpp
[0.383s] -- Up-to-date: /home/agilex/agilex_ws/install/nav2_navfn_planner/share/nav2_navfn_planner/global_planner_plugin.xml
[0.384s] -- Up-to-date: /home/agilex/agilex_ws/install/nav2_navfn_planner/share/nav2_navfn_planner/environment/library_path.sh
[0.386s] -- Up-to-date: /home/agilex/agilex_ws/install/nav2_navfn_planner/share/nav2_navfn_planner/environment/library_path.dsv
[0.386s] -- Up-to-date: /home/agilex/agilex_ws/install/nav2_navfn_planner/share/ament_index/resource_index/package_run_dependencies/nav2_navfn_planner
[0.386s] -- Up-to-date: /home/agilex/agilex_ws/install/nav2_navfn_planner/share/ament_index/resource_index/parent_prefix_path/nav2_navfn_planner
[0.386s] -- Up-to-date: /home/agilex/agilex_ws/install/nav2_navfn_planner/share/nav2_navfn_planner/environment/ament_prefix_path.sh
[0.387s] -- Up-to-date: /home/agilex/agilex_ws/install/nav2_navfn_planner/share/nav2_navfn_planner/environment/ament_prefix_path.dsv
[0.387s] -- Up-to-date: /home/agilex/agilex_ws/install/nav2_navfn_planner/share/nav2_navfn_planner/environment/path.sh
[0.387s] -- Up-to-date: /home/agilex/agilex_ws/install/nav2_navfn_planner/share/nav2_navfn_planner/environment/path.dsv
[0.387s] -- Up-to-date: /home/agilex/agilex_ws/install/nav2_navfn_planner/share/nav2_navfn_planner/local_setup.bash
[0.387s] -- Up-to-date: /home/agilex/agilex_ws/install/nav2_navfn_planner/share/nav2_navfn_planner/local_setup.sh
[0.387s] -- Up-to-date: /home/agilex/agilex_ws/install/nav2_navfn_planner/share/nav2_navfn_planner/local_setup.zsh
[0.387s] -- Up-to-date: /home/agilex/agilex_ws/install/nav2_navfn_planner/share/nav2_navfn_planner/local_setup.dsv
[0.387s] -- Installing: /home/agilex/agilex_ws/install/nav2_navfn_planner/share/nav2_navfn_planner/package.dsv
[0.387s] -- Up-to-date: /home/agilex/agilex_ws/install/nav2_navfn_planner/share/ament_index/resource_index/packages/nav2_navfn_planner
[0.387s] -- Up-to-date: /home/agilex/agilex_ws/install/nav2_navfn_planner/share/ament_index/resource_index/nav2_core__pluginlib__plugin/nav2_navfn_planner
[0.387s] -- Up-to-date: /home/agilex/agilex_ws/install/nav2_navfn_planner/share/nav2_navfn_planner/cmake/ament_cmake_export_include_directories-extras.cmake
[0.387s] -- Up-to-date: /home/agilex/agilex_ws/install/nav2_navfn_planner/share/nav2_navfn_planner/cmake/ament_cmake_export_libraries-extras.cmake
[0.387s] -- Up-to-date: /home/agilex/agilex_ws/install/nav2_navfn_planner/share/nav2_navfn_planner/cmake/ament_cmake_export_dependencies-extras.cmake
[0.387s] -- Up-to-date: /home/agilex/agilex_ws/install/nav2_navfn_planner/share/nav2_navfn_planner/cmake/nav2_navfn_plannerConfig.cmake
[0.387s] -- Up-to-date: /home/agilex/agilex_ws/install/nav2_navfn_planner/share/nav2_navfn_planner/cmake/nav2_navfn_plannerConfig-version.cmake
[0.387s] -- Up-to-date: /home/agilex/agilex_ws/install/nav2_navfn_planner/share/nav2_navfn_planner/package.xml
[0.454s] Invoked command in '/home/agilex/agilex_ws/build/nav2_navfn_planner' returned '0': AMENT_PREFIX_PATH=/home/agilex/agilex_ws/install/nav2_core:/home/agilex/agilex_ws/install/nav2_costmap_2d:/home/agilex/agilex_ws/install/nav2_util:/home/agilex/agilex_ws/install/nav2_voxel_grid:/home/agilex/agilex_ws/install/nav2_msgs:/home/agilex/agilex_ws/install/nav2_common CMAKE_PREFIX_PATH=/home/agilex/agilex_ws/install/nav2_core:/home/agilex/agilex_ws/install/nav2_costmap_2d:/home/agilex/agilex_ws/install/nav2_util:/home/agilex/agilex_ws/install/nav2_voxel_grid:/home/agilex/agilex_ws/install/nav2_msgs:/home/agilex/agilex_ws/install/nav2_common LD_LIBRARY_PATH=/home/agilex/agilex_ws/install/nav2_costmap_2d/lib:/home/agilex/agilex_ws/install/nav2_util/lib:/home/agilex/agilex_ws/install/nav2_voxel_grid/lib:/home/agilex/agilex_ws/install/nav2_msgs/lib PYTHONPATH=/home/agilex/agilex_ws/install/nav2_msgs/local/lib/python3.10/dist-packages:/home/agilex/agilex_ws/install/nav2_common/local/lib/python3.10/dist-packages /usr/bin/cmake --install /home/agilex/agilex_ws/build/nav2_navfn_planner
