[0.455s] Invoking command in '/home/agilex/agilex_ws/build/nav_2d_msgs': CMAKE_PREFIX_PATH=${CMAKE_PREFIX_PATH}:/home/agilex/agilex_ws/install/yolov5_ros2:/home/agilex/agilex_ws/install/nav2_simple_commander:/opt/ros/humble /usr/bin/cmake --build /home/agilex/agilex_ws/build/nav_2d_msgs -- -j16 -l16
[0.529s] [ 11%] Built target nav_2d_msgs__rosidl_generator_c
[0.542s] [ 12%] Built target nav_2d_msgs__cpp
[0.575s] [ 12%] Built target ament_cmake_python_copy_nav_2d_msgs
[0.631s] [ 23%] Built target nav_2d_msgs__rosidl_typesupport_fastrtps_c
[0.632s] [ 35%] Built target nav_2d_msgs__rosidl_typesupport_introspection_c
[0.663s] [ 46%] Built target nav_2d_msgs__rosidl_typesupport_c
[0.663s] [ 57%] Built target nav_2d_msgs__rosidl_typesupport_introspection_cpp
[0.669s] [ 78%] Built target nav_2d_msgs__rosidl_typesupport_fastrtps_cpp
[0.669s] [ 80%] Built target nav_2d_msgs__rosidl_typesupport_cpp
[0.754s] [ 80%] Built target nav_2d_msgs
[0.850s] [ 81%] Built target nav_2d_msgs__py
[0.920s] [ 91%] Built target nav_2d_msgs__rosidl_generator_py
[0.999s] [ 94%] Built target nav_2d_msgs__rosidl_typesupport_c__pyext
[1.007s] [ 97%] Built target nav_2d_msgs__rosidl_typesupport_fastrtps_c__pyext
[1.008s] [100%] Built target nav_2d_msgs__rosidl_typesupport_introspection_c__pyext
[1.082s] running egg_info
[1.084s] writing nav_2d_msgs.egg-info/PKG-INFO
[1.084s] writing dependency_links to nav_2d_msgs.egg-info/dependency_links.txt
[1.084s] writing top-level names to nav_2d_msgs.egg-info/top_level.txt
[1.087s] reading manifest file 'nav_2d_msgs.egg-info/SOURCES.txt'
[1.088s] writing manifest file 'nav_2d_msgs.egg-info/SOURCES.txt'
[1.143s] [100%] Built target ament_cmake_python_build_nav_2d_msgs_egg
[1.407s] Invoked command in '/home/agilex/agilex_ws/build/nav_2d_msgs' returned '0': CMAKE_PREFIX_PATH=${CMAKE_PREFIX_PATH}:/home/agilex/agilex_ws/install/yolov5_ros2:/home/agilex/agilex_ws/install/nav2_simple_commander:/opt/ros/humble /usr/bin/cmake --build /home/agilex/agilex_ws/build/nav_2d_msgs -- -j16 -l16
[1.790s] Invoking command in '/home/agilex/agilex_ws/build/nav_2d_msgs': CMAKE_PREFIX_PATH=${CMAKE_PREFIX_PATH}:/home/agilex/agilex_ws/install/yolov5_ros2:/home/agilex/agilex_ws/install/nav2_simple_commander:/opt/ros/humble /usr/bin/cmake --install /home/agilex/agilex_ws/build/nav_2d_msgs
[1.890s] -- Install configuration: ""
[1.890s] -- Up-to-date: /home/agilex/agilex_ws/install/nav_2d_msgs/share/ament_index/resource_index/rosidl_interfaces/nav_2d_msgs
[1.890s] -- Up-to-date: /home/agilex/agilex_ws/install/nav_2d_msgs/include/nav_2d_msgs/nav_2d_msgs
[1.890s] -- Up-to-date: /home/agilex/agilex_ws/install/nav_2d_msgs/include/nav_2d_msgs/nav_2d_msgs/msg
[1.890s] -- Up-to-date: /home/agilex/agilex_ws/install/nav_2d_msgs/include/nav_2d_msgs/nav_2d_msgs/msg/pose2_d_stamped.h
[1.890s] -- Up-to-date: /home/agilex/agilex_ws/install/nav_2d_msgs/include/nav_2d_msgs/nav_2d_msgs/msg/pose2_d32.h
[1.890s] -- Up-to-date: /home/agilex/agilex_ws/install/nav_2d_msgs/include/nav_2d_msgs/nav_2d_msgs/msg/path2_d.h
[1.891s] -- Up-to-date: /home/agilex/agilex_ws/install/nav_2d_msgs/include/nav_2d_msgs/nav_2d_msgs/msg/detail
[1.891s] -- Up-to-date: /home/agilex/agilex_ws/install/nav_2d_msgs/include/nav_2d_msgs/nav_2d_msgs/msg/detail/pose2_d_stamped__functions.h
[1.891s] -- Up-to-date: /home/agilex/agilex_ws/install/nav_2d_msgs/include/nav_2d_msgs/nav_2d_msgs/msg/detail/twist2_d_stamped__functions.h
[1.891s] -- Up-to-date: /home/agilex/agilex_ws/install/nav_2d_msgs/include/nav_2d_msgs/nav_2d_msgs/msg/detail/twist2_d32__functions.c
[1.891s] -- Up-to-date: /home/agilex/agilex_ws/install/nav_2d_msgs/include/nav_2d_msgs/nav_2d_msgs/msg/detail/twist2_d_stamped__struct.h
[1.891s] -- Up-to-date: /home/agilex/agilex_ws/install/nav_2d_msgs/include/nav_2d_msgs/nav_2d_msgs/msg/detail/pose2_d32__type_support.h
[1.891s] -- Up-to-date: /home/agilex/agilex_ws/install/nav_2d_msgs/include/nav_2d_msgs/nav_2d_msgs/msg/detail/pose2_d32__functions.c
[1.891s] -- Up-to-date: /home/agilex/agilex_ws/install/nav_2d_msgs/include/nav_2d_msgs/nav_2d_msgs/msg/detail/path2_d__functions.h
[1.891s] -- Up-to-date: /home/agilex/agilex_ws/install/nav_2d_msgs/include/nav_2d_msgs/nav_2d_msgs/msg/detail/pose2_d_stamped__struct.h
[1.891s] -- Up-to-date: /home/agilex/agilex_ws/install/nav_2d_msgs/include/nav_2d_msgs/nav_2d_msgs/msg/detail/twist2_d__type_support.h
[1.891s] -- Up-to-date: /home/agilex/agilex_ws/install/nav_2d_msgs/include/nav_2d_msgs/nav_2d_msgs/msg/detail/pose2_d_stamped__functions.c
[1.891s] -- Up-to-date: /home/agilex/agilex_ws/install/nav_2d_msgs/include/nav_2d_msgs/nav_2d_msgs/msg/detail/path2_d__functions.c
[1.892s] -- Up-to-date: /home/agilex/agilex_ws/install/nav_2d_msgs/include/nav_2d_msgs/nav_2d_msgs/msg/detail/twist2_d_stamped__type_support.h
[1.892s] -- Up-to-date: /home/agilex/agilex_ws/install/nav_2d_msgs/include/nav_2d_msgs/nav_2d_msgs/msg/detail/twist2_d__functions.h
[1.892s] -- Up-to-date: /home/agilex/agilex_ws/install/nav_2d_msgs/include/nav_2d_msgs/nav_2d_msgs/msg/detail/twist2_d32__functions.h
[1.892s] -- Up-to-date: /home/agilex/agilex_ws/install/nav_2d_msgs/include/nav_2d_msgs/nav_2d_msgs/msg/detail/path2_d__struct.h
[1.892s] -- Up-to-date: /home/agilex/agilex_ws/install/nav_2d_msgs/include/nav_2d_msgs/nav_2d_msgs/msg/detail/twist2_d__struct.h
[1.892s] -- Up-to-date: /home/agilex/agilex_ws/install/nav_2d_msgs/include/nav_2d_msgs/nav_2d_msgs/msg/detail/twist2_d32__type_support.h
[1.892s] -- Up-to-date: /home/agilex/agilex_ws/install/nav_2d_msgs/include/nav_2d_msgs/nav_2d_msgs/msg/detail/twist2_d32__struct.h
[1.892s] -- Up-to-date: /home/agilex/agilex_ws/install/nav_2d_msgs/include/nav_2d_msgs/nav_2d_msgs/msg/detail/path2_d__type_support.h
[1.892s] -- Up-to-date: /home/agilex/agilex_ws/install/nav_2d_msgs/include/nav_2d_msgs/nav_2d_msgs/msg/detail/twist2_d__functions.c
[1.892s] -- Up-to-date: /home/agilex/agilex_ws/install/nav_2d_msgs/include/nav_2d_msgs/nav_2d_msgs/msg/detail/pose2_d32__struct.h
[1.892s] -- Up-to-date: /home/agilex/agilex_ws/install/nav_2d_msgs/include/nav_2d_msgs/nav_2d_msgs/msg/detail/pose2_d32__functions.h
[1.892s] -- Up-to-date: /home/agilex/agilex_ws/install/nav_2d_msgs/include/nav_2d_msgs/nav_2d_msgs/msg/detail/pose2_d_stamped__type_support.h
[1.892s] -- Up-to-date: /home/agilex/agilex_ws/install/nav_2d_msgs/include/nav_2d_msgs/nav_2d_msgs/msg/detail/twist2_d_stamped__functions.c
[1.893s] -- Up-to-date: /home/agilex/agilex_ws/install/nav_2d_msgs/include/nav_2d_msgs/nav_2d_msgs/msg/twist2_d32.h
[1.893s] -- Up-to-date: /home/agilex/agilex_ws/install/nav_2d_msgs/include/nav_2d_msgs/nav_2d_msgs/msg/twist2_d.h
[1.893s] -- Up-to-date: /home/agilex/agilex_ws/install/nav_2d_msgs/include/nav_2d_msgs/nav_2d_msgs/msg/twist2_d_stamped.h
[1.893s] -- Up-to-date: /home/agilex/agilex_ws/install/nav_2d_msgs/include/nav_2d_msgs/nav_2d_msgs/msg/rosidl_generator_c__visibility_control.h
[1.893s] -- Up-to-date: /home/agilex/agilex_ws/install/nav_2d_msgs/share/nav_2d_msgs/environment/library_path.sh
[1.893s] -- Up-to-date: /home/agilex/agilex_ws/install/nav_2d_msgs/share/nav_2d_msgs/environment/library_path.dsv
[1.893s] -- Up-to-date: /home/agilex/agilex_ws/install/nav_2d_msgs/lib/libnav_2d_msgs__rosidl_generator_c.so
[1.893s] -- Up-to-date: /home/agilex/agilex_ws/install/nav_2d_msgs/include/nav_2d_msgs/nav_2d_msgs
[1.893s] -- Up-to-date: /home/agilex/agilex_ws/install/nav_2d_msgs/include/nav_2d_msgs/nav_2d_msgs/msg
[1.893s] -- Up-to-date: /home/agilex/agilex_ws/install/nav_2d_msgs/include/nav_2d_msgs/nav_2d_msgs/msg/rosidl_typesupport_fastrtps_c__visibility_control.h
[1.893s] -- Up-to-date: /home/agilex/agilex_ws/install/nav_2d_msgs/include/nav_2d_msgs/nav_2d_msgs/msg/detail
[1.893s] -- Up-to-date: /home/agilex/agilex_ws/install/nav_2d_msgs/include/nav_2d_msgs/nav_2d_msgs/msg/detail/path2_d__rosidl_typesupport_fastrtps_c.h
[1.893s] -- Up-to-date: /home/agilex/agilex_ws/install/nav_2d_msgs/include/nav_2d_msgs/nav_2d_msgs/msg/detail/pose2_d32__rosidl_typesupport_fastrtps_c.h
[1.894s] -- Up-to-date: /home/agilex/agilex_ws/install/nav_2d_msgs/include/nav_2d_msgs/nav_2d_msgs/msg/detail/twist2_d32__rosidl_typesupport_fastrtps_c.h
[1.894s] -- Up-to-date: /home/agilex/agilex_ws/install/nav_2d_msgs/include/nav_2d_msgs/nav_2d_msgs/msg/detail/pose2_d_stamped__rosidl_typesupport_fastrtps_c.h
[1.894s] -- Up-to-date: /home/agilex/agilex_ws/install/nav_2d_msgs/include/nav_2d_msgs/nav_2d_msgs/msg/detail/twist2_d_stamped__rosidl_typesupport_fastrtps_c.h
[1.894s] -- Up-to-date: /home/agilex/agilex_ws/install/nav_2d_msgs/include/nav_2d_msgs/nav_2d_msgs/msg/detail/twist2_d__rosidl_typesupport_fastrtps_c.h
[1.894s] -- Up-to-date: /home/agilex/agilex_ws/install/nav_2d_msgs/lib/libnav_2d_msgs__rosidl_typesupport_fastrtps_c.so
[1.894s] -- Up-to-date: /home/agilex/agilex_ws/install/nav_2d_msgs/include/nav_2d_msgs/nav_2d_msgs
[1.894s] -- Up-to-date: /home/agilex/agilex_ws/install/nav_2d_msgs/include/nav_2d_msgs/nav_2d_msgs/msg
[1.894s] -- Up-to-date: /home/agilex/agilex_ws/install/nav_2d_msgs/include/nav_2d_msgs/nav_2d_msgs/msg/pose2_d32.hpp
[1.894s] -- Up-to-date: /home/agilex/agilex_ws/install/nav_2d_msgs/include/nav_2d_msgs/nav_2d_msgs/msg/path2_d.hpp
[1.894s] -- Up-to-date: /home/agilex/agilex_ws/install/nav_2d_msgs/include/nav_2d_msgs/nav_2d_msgs/msg/twist2_d_stamped.hpp
[1.894s] -- Up-to-date: /home/agilex/agilex_ws/install/nav_2d_msgs/include/nav_2d_msgs/nav_2d_msgs/msg/detail
[1.894s] -- Up-to-date: /home/agilex/agilex_ws/install/nav_2d_msgs/include/nav_2d_msgs/nav_2d_msgs/msg/detail/pose2_d32__builder.hpp
[1.894s] -- Up-to-date: /home/agilex/agilex_ws/install/nav_2d_msgs/include/nav_2d_msgs/nav_2d_msgs/msg/detail/twist2_d__struct.hpp
[1.895s] -- Up-to-date: /home/agilex/agilex_ws/install/nav_2d_msgs/include/nav_2d_msgs/nav_2d_msgs/msg/detail/twist2_d_stamped__builder.hpp
[1.895s] -- Up-to-date: /home/agilex/agilex_ws/install/nav_2d_msgs/include/nav_2d_msgs/nav_2d_msgs/msg/detail/twist2_d_stamped__struct.hpp
[1.895s] -- Up-to-date: /home/agilex/agilex_ws/install/nav_2d_msgs/include/nav_2d_msgs/nav_2d_msgs/msg/detail/twist2_d32__builder.hpp
[1.895s] -- Up-to-date: /home/agilex/agilex_ws/install/nav_2d_msgs/include/nav_2d_msgs/nav_2d_msgs/msg/detail/pose2_d_stamped__builder.hpp
[1.895s] -- Up-to-date: /home/agilex/agilex_ws/install/nav_2d_msgs/include/nav_2d_msgs/nav_2d_msgs/msg/detail/twist2_d_stamped__traits.hpp
[1.895s] -- Up-to-date: /home/agilex/agilex_ws/install/nav_2d_msgs/include/nav_2d_msgs/nav_2d_msgs/msg/detail/path2_d__builder.hpp
[1.895s] -- Up-to-date: /home/agilex/agilex_ws/install/nav_2d_msgs/include/nav_2d_msgs/nav_2d_msgs/msg/detail/twist2_d32__struct.hpp
[1.895s] -- Up-to-date: /home/agilex/agilex_ws/install/nav_2d_msgs/include/nav_2d_msgs/nav_2d_msgs/msg/detail/twist2_d__builder.hpp
[1.895s] -- Up-to-date: /home/agilex/agilex_ws/install/nav_2d_msgs/include/nav_2d_msgs/nav_2d_msgs/msg/detail/pose2_d32__traits.hpp
[1.895s] -- Up-to-date: /home/agilex/agilex_ws/install/nav_2d_msgs/include/nav_2d_msgs/nav_2d_msgs/msg/detail/twist2_d__traits.hpp
[1.898s] -- Up-to-date: /home/agilex/agilex_ws/install/nav_2d_msgs/include/nav_2d_msgs/nav_2d_msgs/msg/detail/path2_d__struct.hpp
[1.898s] -- Up-to-date: /home/agilex/agilex_ws/install/nav_2d_msgs/include/nav_2d_msgs/nav_2d_msgs/msg/detail/pose2_d32__struct.hpp
[1.898s] -- Up-to-date: /home/agilex/agilex_ws/install/nav_2d_msgs/include/nav_2d_msgs/nav_2d_msgs/msg/detail/pose2_d_stamped__traits.hpp
[1.898s] -- Up-to-date: /home/agilex/agilex_ws/install/nav_2d_msgs/include/nav_2d_msgs/nav_2d_msgs/msg/detail/pose2_d_stamped__struct.hpp
[1.898s] -- Up-to-date: /home/agilex/agilex_ws/install/nav_2d_msgs/include/nav_2d_msgs/nav_2d_msgs/msg/detail/path2_d__traits.hpp
[1.898s] -- Up-to-date: /home/agilex/agilex_ws/install/nav_2d_msgs/include/nav_2d_msgs/nav_2d_msgs/msg/detail/twist2_d32__traits.hpp
[1.898s] -- Up-to-date: /home/agilex/agilex_ws/install/nav_2d_msgs/include/nav_2d_msgs/nav_2d_msgs/msg/pose2_d_stamped.hpp
[1.898s] -- Up-to-date: /home/agilex/agilex_ws/install/nav_2d_msgs/include/nav_2d_msgs/nav_2d_msgs/msg/twist2_d32.hpp
[1.898s] -- Up-to-date: /home/agilex/agilex_ws/install/nav_2d_msgs/include/nav_2d_msgs/nav_2d_msgs/msg/twist2_d.hpp
[1.898s] -- Up-to-date: /home/agilex/agilex_ws/install/nav_2d_msgs/include/nav_2d_msgs/nav_2d_msgs
[1.899s] -- Up-to-date: /home/agilex/agilex_ws/install/nav_2d_msgs/include/nav_2d_msgs/nav_2d_msgs/msg
[1.899s] -- Up-to-date: /home/agilex/agilex_ws/install/nav_2d_msgs/include/nav_2d_msgs/nav_2d_msgs/msg/rosidl_typesupport_fastrtps_cpp__visibility_control.h
[1.899s] -- Up-to-date: /home/agilex/agilex_ws/install/nav_2d_msgs/include/nav_2d_msgs/nav_2d_msgs/msg/detail
[1.899s] -- Up-to-date: /home/agilex/agilex_ws/install/nav_2d_msgs/include/nav_2d_msgs/nav_2d_msgs/msg/detail/pose2_d_stamped__rosidl_typesupport_fastrtps_cpp.hpp
[1.899s] -- Up-to-date: /home/agilex/agilex_ws/install/nav_2d_msgs/include/nav_2d_msgs/nav_2d_msgs/msg/detail/twist2_d__rosidl_typesupport_fastrtps_cpp.hpp
[1.899s] -- Up-to-date: /home/agilex/agilex_ws/install/nav_2d_msgs/include/nav_2d_msgs/nav_2d_msgs/msg/detail/twist2_d32__rosidl_typesupport_fastrtps_cpp.hpp
[1.899s] -- Up-to-date: /home/agilex/agilex_ws/install/nav_2d_msgs/include/nav_2d_msgs/nav_2d_msgs/msg/detail/twist2_d_stamped__rosidl_typesupport_fastrtps_cpp.hpp
[1.899s] -- Up-to-date: /home/agilex/agilex_ws/install/nav_2d_msgs/include/nav_2d_msgs/nav_2d_msgs/msg/detail/pose2_d32__rosidl_typesupport_fastrtps_cpp.hpp
[1.899s] -- Up-to-date: /home/agilex/agilex_ws/install/nav_2d_msgs/include/nav_2d_msgs/nav_2d_msgs/msg/detail/dds_fastrtps
[1.899s] -- Up-to-date: /home/agilex/agilex_ws/install/nav_2d_msgs/include/nav_2d_msgs/nav_2d_msgs/msg/detail/path2_d__rosidl_typesupport_fastrtps_cpp.hpp
[1.899s] -- Up-to-date: /home/agilex/agilex_ws/install/nav_2d_msgs/lib/libnav_2d_msgs__rosidl_typesupport_fastrtps_cpp.so
[1.899s] -- Up-to-date: /home/agilex/agilex_ws/install/nav_2d_msgs/include/nav_2d_msgs/nav_2d_msgs
[1.899s] -- Up-to-date: /home/agilex/agilex_ws/install/nav_2d_msgs/include/nav_2d_msgs/nav_2d_msgs/msg
[1.900s] -- Up-to-date: /home/agilex/agilex_ws/install/nav_2d_msgs/include/nav_2d_msgs/nav_2d_msgs/msg/detail
[1.900s] -- Up-to-date: /home/agilex/agilex_ws/install/nav_2d_msgs/include/nav_2d_msgs/nav_2d_msgs/msg/detail/twist2_d_stamped__type_support.c
[1.900s] -- Up-to-date: /home/agilex/agilex_ws/install/nav_2d_msgs/include/nav_2d_msgs/nav_2d_msgs/msg/detail/twist2_d__rosidl_typesupport_introspection_c.h
[1.900s] -- Up-to-date: /home/agilex/agilex_ws/install/nav_2d_msgs/include/nav_2d_msgs/nav_2d_msgs/msg/detail/pose2_d_stamped__type_support.c
[1.900s] -- Up-to-date: /home/agilex/agilex_ws/install/nav_2d_msgs/include/nav_2d_msgs/nav_2d_msgs/msg/detail/pose2_d32__type_support.c
[1.900s] -- Up-to-date: /home/agilex/agilex_ws/install/nav_2d_msgs/include/nav_2d_msgs/nav_2d_msgs/msg/detail/twist2_d32__rosidl_typesupport_introspection_c.h
[1.900s] -- Up-to-date: /home/agilex/agilex_ws/install/nav_2d_msgs/include/nav_2d_msgs/nav_2d_msgs/msg/detail/twist2_d__type_support.c
[1.900s] -- Up-to-date: /home/agilex/agilex_ws/install/nav_2d_msgs/include/nav_2d_msgs/nav_2d_msgs/msg/detail/pose2_d32__rosidl_typesupport_introspection_c.h
[1.900s] -- Up-to-date: /home/agilex/agilex_ws/install/nav_2d_msgs/include/nav_2d_msgs/nav_2d_msgs/msg/detail/path2_d__type_support.c
[1.900s] -- Up-to-date: /home/agilex/agilex_ws/install/nav_2d_msgs/include/nav_2d_msgs/nav_2d_msgs/msg/detail/twist2_d_stamped__rosidl_typesupport_introspection_c.h
[1.900s] -- Up-to-date: /home/agilex/agilex_ws/install/nav_2d_msgs/include/nav_2d_msgs/nav_2d_msgs/msg/detail/path2_d__rosidl_typesupport_introspection_c.h
[1.900s] -- Up-to-date: /home/agilex/agilex_ws/install/nav_2d_msgs/include/nav_2d_msgs/nav_2d_msgs/msg/detail/pose2_d_stamped__rosidl_typesupport_introspection_c.h
[1.900s] -- Up-to-date: /home/agilex/agilex_ws/install/nav_2d_msgs/include/nav_2d_msgs/nav_2d_msgs/msg/detail/twist2_d32__type_support.c
[1.901s] -- Up-to-date: /home/agilex/agilex_ws/install/nav_2d_msgs/include/nav_2d_msgs/nav_2d_msgs/msg/rosidl_typesupport_introspection_c__visibility_control.h
[1.901s] -- Up-to-date: /home/agilex/agilex_ws/install/nav_2d_msgs/lib/libnav_2d_msgs__rosidl_typesupport_introspection_c.so
[1.901s] -- Up-to-date: /home/agilex/agilex_ws/install/nav_2d_msgs/lib/libnav_2d_msgs__rosidl_typesupport_c.so
[1.901s] -- Up-to-date: /home/agilex/agilex_ws/install/nav_2d_msgs/include/nav_2d_msgs/nav_2d_msgs
[1.901s] -- Up-to-date: /home/agilex/agilex_ws/install/nav_2d_msgs/include/nav_2d_msgs/nav_2d_msgs/msg
[1.901s] -- Up-to-date: /home/agilex/agilex_ws/install/nav_2d_msgs/include/nav_2d_msgs/nav_2d_msgs/msg/detail
[1.901s] -- Up-to-date: /home/agilex/agilex_ws/install/nav_2d_msgs/include/nav_2d_msgs/nav_2d_msgs/msg/detail/pose2_d_stamped__type_support.cpp
[1.901s] -- Up-to-date: /home/agilex/agilex_ws/install/nav_2d_msgs/include/nav_2d_msgs/nav_2d_msgs/msg/detail/twist2_d_stamped__type_support.cpp
[1.901s] -- Up-to-date: /home/agilex/agilex_ws/install/nav_2d_msgs/include/nav_2d_msgs/nav_2d_msgs/msg/detail/path2_d__rosidl_typesupport_introspection_cpp.hpp
[1.901s] -- Up-to-date: /home/agilex/agilex_ws/install/nav_2d_msgs/include/nav_2d_msgs/nav_2d_msgs/msg/detail/pose2_d_stamped__rosidl_typesupport_introspection_cpp.hpp
[1.901s] -- Up-to-date: /home/agilex/agilex_ws/install/nav_2d_msgs/include/nav_2d_msgs/nav_2d_msgs/msg/detail/twist2_d__rosidl_typesupport_introspection_cpp.hpp
[1.901s] -- Up-to-date: /home/agilex/agilex_ws/install/nav_2d_msgs/include/nav_2d_msgs/nav_2d_msgs/msg/detail/twist2_d_stamped__rosidl_typesupport_introspection_cpp.hpp
[1.902s] -- Up-to-date: /home/agilex/agilex_ws/install/nav_2d_msgs/include/nav_2d_msgs/nav_2d_msgs/msg/detail/twist2_d32__type_support.cpp
[1.902s] -- Up-to-date: /home/agilex/agilex_ws/install/nav_2d_msgs/include/nav_2d_msgs/nav_2d_msgs/msg/detail/twist2_d32__rosidl_typesupport_introspection_cpp.hpp
[1.902s] -- Up-to-date: /home/agilex/agilex_ws/install/nav_2d_msgs/include/nav_2d_msgs/nav_2d_msgs/msg/detail/path2_d__type_support.cpp
[1.902s] -- Up-to-date: /home/agilex/agilex_ws/install/nav_2d_msgs/include/nav_2d_msgs/nav_2d_msgs/msg/detail/pose2_d32__rosidl_typesupport_introspection_cpp.hpp
[1.902s] -- Up-to-date: /home/agilex/agilex_ws/install/nav_2d_msgs/include/nav_2d_msgs/nav_2d_msgs/msg/detail/twist2_d__type_support.cpp
[1.902s] -- Up-to-date: /home/agilex/agilex_ws/install/nav_2d_msgs/include/nav_2d_msgs/nav_2d_msgs/msg/detail/pose2_d32__type_support.cpp
[1.902s] -- Up-to-date: /home/agilex/agilex_ws/install/nav_2d_msgs/lib/libnav_2d_msgs__rosidl_typesupport_introspection_cpp.so
[1.902s] -- Up-to-date: /home/agilex/agilex_ws/install/nav_2d_msgs/lib/libnav_2d_msgs__rosidl_typesupport_cpp.so
[1.902s] -- Up-to-date: /home/agilex/agilex_ws/install/nav_2d_msgs/share/nav_2d_msgs/environment/pythonpath.sh
[1.902s] -- Up-to-date: /home/agilex/agilex_ws/install/nav_2d_msgs/share/nav_2d_msgs/environment/pythonpath.dsv
[1.902s] -- Up-to-date: /home/agilex/agilex_ws/install/nav_2d_msgs/local/lib/python3.10/dist-packages/nav_2d_msgs-1.1.0-py3.10.egg-info
[1.902s] -- Installing: /home/agilex/agilex_ws/install/nav_2d_msgs/local/lib/python3.10/dist-packages/nav_2d_msgs-1.1.0-py3.10.egg-info/top_level.txt
[1.903s] -- Installing: /home/agilex/agilex_ws/install/nav_2d_msgs/local/lib/python3.10/dist-packages/nav_2d_msgs-1.1.0-py3.10.egg-info/SOURCES.txt
[1.903s] -- Installing: /home/agilex/agilex_ws/install/nav_2d_msgs/local/lib/python3.10/dist-packages/nav_2d_msgs-1.1.0-py3.10.egg-info/PKG-INFO
[1.903s] -- Installing: /home/agilex/agilex_ws/install/nav_2d_msgs/local/lib/python3.10/dist-packages/nav_2d_msgs-1.1.0-py3.10.egg-info/dependency_links.txt
[1.903s] -- Up-to-date: /home/agilex/agilex_ws/install/nav_2d_msgs/local/lib/python3.10/dist-packages/nav_2d_msgs
[1.903s] -- Up-to-date: /home/agilex/agilex_ws/install/nav_2d_msgs/local/lib/python3.10/dist-packages/nav_2d_msgs/_nav_2d_msgs_s.ep.rosidl_typesupport_c.c
[1.903s] -- Up-to-date: /home/agilex/agilex_ws/install/nav_2d_msgs/local/lib/python3.10/dist-packages/nav_2d_msgs/__init__.py
[1.903s] -- Up-to-date: /home/agilex/agilex_ws/install/nav_2d_msgs/local/lib/python3.10/dist-packages/nav_2d_msgs/libnav_2d_msgs__rosidl_generator_py.so
[1.903s] -- Up-to-date: /home/agilex/agilex_ws/install/nav_2d_msgs/local/lib/python3.10/dist-packages/nav_2d_msgs/nav_2d_msgs_s__rosidl_typesupport_introspection_c.cpython-310-x86_64-linux-gnu.so
[1.903s] -- Up-to-date: /home/agilex/agilex_ws/install/nav_2d_msgs/local/lib/python3.10/dist-packages/nav_2d_msgs/msg
[1.903s] -- Up-to-date: /home/agilex/agilex_ws/install/nav_2d_msgs/local/lib/python3.10/dist-packages/nav_2d_msgs/msg/_pose2_d32_s.c
[1.903s] -- Up-to-date: /home/agilex/agilex_ws/install/nav_2d_msgs/local/lib/python3.10/dist-packages/nav_2d_msgs/msg/_twist2_d_stamped.py
[1.903s] -- Up-to-date: /home/agilex/agilex_ws/install/nav_2d_msgs/local/lib/python3.10/dist-packages/nav_2d_msgs/msg/_pose2_d_stamped.py
[1.903s] -- Up-to-date: /home/agilex/agilex_ws/install/nav_2d_msgs/local/lib/python3.10/dist-packages/nav_2d_msgs/msg/__init__.py
[1.904s] -- Up-to-date: /home/agilex/agilex_ws/install/nav_2d_msgs/local/lib/python3.10/dist-packages/nav_2d_msgs/msg/_path2_d.py
[1.904s] -- Up-to-date: /home/agilex/agilex_ws/install/nav_2d_msgs/local/lib/python3.10/dist-packages/nav_2d_msgs/msg/_path2_d_s.c
[1.904s] -- Up-to-date: /home/agilex/agilex_ws/install/nav_2d_msgs/local/lib/python3.10/dist-packages/nav_2d_msgs/msg/_twist2_d32_s.c
[1.904s] -- Up-to-date: /home/agilex/agilex_ws/install/nav_2d_msgs/local/lib/python3.10/dist-packages/nav_2d_msgs/msg/_twist2_d_s.c
[1.904s] -- Up-to-date: /home/agilex/agilex_ws/install/nav_2d_msgs/local/lib/python3.10/dist-packages/nav_2d_msgs/msg/_twist2_d.py
[1.904s] -- Up-to-date: /home/agilex/agilex_ws/install/nav_2d_msgs/local/lib/python3.10/dist-packages/nav_2d_msgs/msg/_pose2_d_stamped_s.c
[1.904s] -- Up-to-date: /home/agilex/agilex_ws/install/nav_2d_msgs/local/lib/python3.10/dist-packages/nav_2d_msgs/msg/_twist2_d32.py
[1.904s] -- Up-to-date: /home/agilex/agilex_ws/install/nav_2d_msgs/local/lib/python3.10/dist-packages/nav_2d_msgs/msg/_twist2_d_stamped_s.c
[1.904s] -- Up-to-date: /home/agilex/agilex_ws/install/nav_2d_msgs/local/lib/python3.10/dist-packages/nav_2d_msgs/msg/_pose2_d32.py
[1.904s] -- Up-to-date: /home/agilex/agilex_ws/install/nav_2d_msgs/local/lib/python3.10/dist-packages/nav_2d_msgs/_nav_2d_msgs_s.ep.rosidl_typesupport_fastrtps_c.c
[1.904s] -- Up-to-date: /home/agilex/agilex_ws/install/nav_2d_msgs/local/lib/python3.10/dist-packages/nav_2d_msgs/_nav_2d_msgs_s.ep.rosidl_typesupport_introspection_c.c
[1.904s] -- Up-to-date: /home/agilex/agilex_ws/install/nav_2d_msgs/local/lib/python3.10/dist-packages/nav_2d_msgs/nav_2d_msgs_s__rosidl_typesupport_fastrtps_c.cpython-310-x86_64-linux-gnu.so
[1.904s] -- Up-to-date: /home/agilex/agilex_ws/install/nav_2d_msgs/local/lib/python3.10/dist-packages/nav_2d_msgs/nav_2d_msgs_s__rosidl_typesupport_c.cpython-310-x86_64-linux-gnu.so
[1.950s] Listing '/home/agilex/agilex_ws/install/nav_2d_msgs/local/lib/python3.10/dist-packages/nav_2d_msgs'...
[1.950s] Listing '/home/agilex/agilex_ws/install/nav_2d_msgs/local/lib/python3.10/dist-packages/nav_2d_msgs/msg'...
[1.956s] -- Up-to-date: /home/agilex/agilex_ws/install/nav_2d_msgs/local/lib/python3.10/dist-packages/nav_2d_msgs/nav_2d_msgs_s__rosidl_typesupport_fastrtps_c.cpython-310-x86_64-linux-gnu.so
[1.956s] -- Up-to-date: /home/agilex/agilex_ws/install/nav_2d_msgs/local/lib/python3.10/dist-packages/nav_2d_msgs/nav_2d_msgs_s__rosidl_typesupport_introspection_c.cpython-310-x86_64-linux-gnu.so
[1.956s] -- Up-to-date: /home/agilex/agilex_ws/install/nav_2d_msgs/local/lib/python3.10/dist-packages/nav_2d_msgs/nav_2d_msgs_s__rosidl_typesupport_c.cpython-310-x86_64-linux-gnu.so
[1.956s] -- Up-to-date: /home/agilex/agilex_ws/install/nav_2d_msgs/lib/libnav_2d_msgs__rosidl_generator_py.so
[1.956s] -- Up-to-date: /home/agilex/agilex_ws/install/nav_2d_msgs/share/nav_2d_msgs/msg/Path2D.idl
[1.956s] -- Up-to-date: /home/agilex/agilex_ws/install/nav_2d_msgs/share/nav_2d_msgs/msg/Pose2D32.idl
[1.957s] -- Up-to-date: /home/agilex/agilex_ws/install/nav_2d_msgs/share/nav_2d_msgs/msg/Pose2DStamped.idl
[1.957s] -- Up-to-date: /home/agilex/agilex_ws/install/nav_2d_msgs/share/nav_2d_msgs/msg/Twist2D.idl
[1.957s] -- Up-to-date: /home/agilex/agilex_ws/install/nav_2d_msgs/share/nav_2d_msgs/msg/Twist2D32.idl
[1.957s] -- Up-to-date: /home/agilex/agilex_ws/install/nav_2d_msgs/share/nav_2d_msgs/msg/Twist2DStamped.idl
[1.957s] -- Up-to-date: /home/agilex/agilex_ws/install/nav_2d_msgs/share/nav_2d_msgs/msg/Path2D.msg
[1.957s] -- Up-to-date: /home/agilex/agilex_ws/install/nav_2d_msgs/share/nav_2d_msgs/msg/Pose2D32.msg
[1.957s] -- Up-to-date: /home/agilex/agilex_ws/install/nav_2d_msgs/share/nav_2d_msgs/msg/Pose2DStamped.msg
[1.957s] -- Up-to-date: /home/agilex/agilex_ws/install/nav_2d_msgs/share/nav_2d_msgs/msg/Twist2D.msg
[1.957s] -- Up-to-date: /home/agilex/agilex_ws/install/nav_2d_msgs/share/nav_2d_msgs/msg/Twist2D32.msg
[1.957s] -- Up-to-date: /home/agilex/agilex_ws/install/nav_2d_msgs/share/nav_2d_msgs/msg/Twist2DStamped.msg
[1.957s] -- Up-to-date: /home/agilex/agilex_ws/install/nav_2d_msgs/share/ament_index/resource_index/package_run_dependencies/nav_2d_msgs
[1.957s] -- Up-to-date: /home/agilex/agilex_ws/install/nav_2d_msgs/share/ament_index/resource_index/parent_prefix_path/nav_2d_msgs
[1.957s] -- Up-to-date: /home/agilex/agilex_ws/install/nav_2d_msgs/share/nav_2d_msgs/environment/ament_prefix_path.sh
[1.957s] -- Up-to-date: /home/agilex/agilex_ws/install/nav_2d_msgs/share/nav_2d_msgs/environment/ament_prefix_path.dsv
[1.958s] -- Up-to-date: /home/agilex/agilex_ws/install/nav_2d_msgs/share/nav_2d_msgs/environment/path.sh
[1.958s] -- Up-to-date: /home/agilex/agilex_ws/install/nav_2d_msgs/share/nav_2d_msgs/environment/path.dsv
[1.958s] -- Up-to-date: /home/agilex/agilex_ws/install/nav_2d_msgs/share/nav_2d_msgs/local_setup.bash
[1.958s] -- Up-to-date: /home/agilex/agilex_ws/install/nav_2d_msgs/share/nav_2d_msgs/local_setup.sh
[1.958s] -- Up-to-date: /home/agilex/agilex_ws/install/nav_2d_msgs/share/nav_2d_msgs/local_setup.zsh
[1.958s] -- Up-to-date: /home/agilex/agilex_ws/install/nav_2d_msgs/share/nav_2d_msgs/local_setup.dsv
[1.958s] -- Installing: /home/agilex/agilex_ws/install/nav_2d_msgs/share/nav_2d_msgs/package.dsv
[1.958s] -- Up-to-date: /home/agilex/agilex_ws/install/nav_2d_msgs/share/ament_index/resource_index/packages/nav_2d_msgs
[1.958s] -- Up-to-date: /home/agilex/agilex_ws/install/nav_2d_msgs/share/nav_2d_msgs/cmake/export_nav_2d_msgs__rosidl_generator_cExport.cmake
[1.958s] -- Up-to-date: /home/agilex/agilex_ws/install/nav_2d_msgs/share/nav_2d_msgs/cmake/export_nav_2d_msgs__rosidl_generator_cExport-noconfig.cmake
[1.958s] -- Up-to-date: /home/agilex/agilex_ws/install/nav_2d_msgs/share/nav_2d_msgs/cmake/export_nav_2d_msgs__rosidl_typesupport_fastrtps_cExport.cmake
[1.958s] -- Up-to-date: /home/agilex/agilex_ws/install/nav_2d_msgs/share/nav_2d_msgs/cmake/export_nav_2d_msgs__rosidl_typesupport_fastrtps_cExport-noconfig.cmake
[1.958s] -- Up-to-date: /home/agilex/agilex_ws/install/nav_2d_msgs/share/nav_2d_msgs/cmake/export_nav_2d_msgs__rosidl_generator_cppExport.cmake
[1.959s] -- Up-to-date: /home/agilex/agilex_ws/install/nav_2d_msgs/share/nav_2d_msgs/cmake/export_nav_2d_msgs__rosidl_typesupport_fastrtps_cppExport.cmake
[1.959s] -- Up-to-date: /home/agilex/agilex_ws/install/nav_2d_msgs/share/nav_2d_msgs/cmake/export_nav_2d_msgs__rosidl_typesupport_fastrtps_cppExport-noconfig.cmake
[1.959s] -- Up-to-date: /home/agilex/agilex_ws/install/nav_2d_msgs/share/nav_2d_msgs/cmake/nav_2d_msgs__rosidl_typesupport_introspection_cExport.cmake
[1.959s] -- Up-to-date: /home/agilex/agilex_ws/install/nav_2d_msgs/share/nav_2d_msgs/cmake/nav_2d_msgs__rosidl_typesupport_introspection_cExport-noconfig.cmake
[1.959s] -- Up-to-date: /home/agilex/agilex_ws/install/nav_2d_msgs/share/nav_2d_msgs/cmake/nav_2d_msgs__rosidl_typesupport_cExport.cmake
[1.959s] -- Up-to-date: /home/agilex/agilex_ws/install/nav_2d_msgs/share/nav_2d_msgs/cmake/nav_2d_msgs__rosidl_typesupport_cExport-noconfig.cmake
[1.959s] -- Up-to-date: /home/agilex/agilex_ws/install/nav_2d_msgs/share/nav_2d_msgs/cmake/nav_2d_msgs__rosidl_typesupport_introspection_cppExport.cmake
[1.959s] -- Up-to-date: /home/agilex/agilex_ws/install/nav_2d_msgs/share/nav_2d_msgs/cmake/nav_2d_msgs__rosidl_typesupport_introspection_cppExport-noconfig.cmake
[1.959s] -- Up-to-date: /home/agilex/agilex_ws/install/nav_2d_msgs/share/nav_2d_msgs/cmake/nav_2d_msgs__rosidl_typesupport_cppExport.cmake
[1.959s] -- Up-to-date: /home/agilex/agilex_ws/install/nav_2d_msgs/share/nav_2d_msgs/cmake/nav_2d_msgs__rosidl_typesupport_cppExport-noconfig.cmake
[1.959s] -- Up-to-date: /home/agilex/agilex_ws/install/nav_2d_msgs/share/nav_2d_msgs/cmake/export_nav_2d_msgs__rosidl_generator_pyExport.cmake
[1.959s] -- Up-to-date: /home/agilex/agilex_ws/install/nav_2d_msgs/share/nav_2d_msgs/cmake/export_nav_2d_msgs__rosidl_generator_pyExport-noconfig.cmake
[1.959s] -- Up-to-date: /home/agilex/agilex_ws/install/nav_2d_msgs/share/nav_2d_msgs/cmake/rosidl_cmake-extras.cmake
[1.960s] -- Up-to-date: /home/agilex/agilex_ws/install/nav_2d_msgs/share/nav_2d_msgs/cmake/ament_cmake_export_dependencies-extras.cmake
[1.960s] -- Up-to-date: /home/agilex/agilex_ws/install/nav_2d_msgs/share/nav_2d_msgs/cmake/ament_cmake_export_include_directories-extras.cmake
[1.960s] -- Up-to-date: /home/agilex/agilex_ws/install/nav_2d_msgs/share/nav_2d_msgs/cmake/ament_cmake_export_libraries-extras.cmake
[1.960s] -- Up-to-date: /home/agilex/agilex_ws/install/nav_2d_msgs/share/nav_2d_msgs/cmake/ament_cmake_export_targets-extras.cmake
[1.960s] -- Up-to-date: /home/agilex/agilex_ws/install/nav_2d_msgs/share/nav_2d_msgs/cmake/rosidl_cmake_export_typesupport_targets-extras.cmake
[1.960s] -- Up-to-date: /home/agilex/agilex_ws/install/nav_2d_msgs/share/nav_2d_msgs/cmake/rosidl_cmake_export_typesupport_libraries-extras.cmake
[1.960s] -- Up-to-date: /home/agilex/agilex_ws/install/nav_2d_msgs/share/nav_2d_msgs/cmake/nav_2d_msgsConfig.cmake
[1.960s] -- Up-to-date: /home/agilex/agilex_ws/install/nav_2d_msgs/share/nav_2d_msgs/cmake/nav_2d_msgsConfig-version.cmake
[1.960s] -- Up-to-date: /home/agilex/agilex_ws/install/nav_2d_msgs/share/nav_2d_msgs/package.xml
[2.307s] Invoked command in '/home/agilex/agilex_ws/build/nav_2d_msgs' returned '0': CMAKE_PREFIX_PATH=${CMAKE_PREFIX_PATH}:/home/agilex/agilex_ws/install/yolov5_ros2:/home/agilex/agilex_ws/install/nav2_simple_commander:/opt/ros/humble /usr/bin/cmake --install /home/agilex/agilex_ws/build/nav_2d_msgs
