[0.108s] Invoking command in '/home/agilex/agilex_ws/build/limo_base': AMENT_PREFIX_PATH=/home/agilex/agilex_ws/install/limo_msgs CMAKE_PREFIX_PATH=/home/agilex/agilex_ws/install/limo_msgs LD_LIBRARY_PATH=/home/agilex/agilex_ws/install/limo_msgs/lib PYTHONPATH=/home/agilex/agilex_ws/install/limo_msgs/local/lib/python3.10/dist-packages /usr/bin/cmake --build /home/agilex/agilex_ws/build/limo_base -- -j16 -l16
[0.155s] [ 66%] Built target limo_base
[0.155s] [100%] Built target tf_pub
[0.184s] Invoked command in '/home/agilex/agilex_ws/build/limo_base' returned '0': AMENT_PREFIX_PATH=/home/agilex/agilex_ws/install/limo_msgs CMAKE_PREFIX_PATH=/home/agilex/agilex_ws/install/limo_msgs LD_LIBRARY_PATH=/home/agilex/agilex_ws/install/limo_msgs/lib PYTHONPATH=/home/agilex/agilex_ws/install/limo_msgs/local/lib/python3.10/dist-packages /usr/bin/cmake --build /home/agilex/agilex_ws/build/limo_base -- -j16 -l16
[0.206s] Invoking command in '/home/agilex/agilex_ws/build/limo_base': AMENT_PREFIX_PATH=/home/agilex/agilex_ws/install/limo_msgs CMAKE_PREFIX_PATH=/home/agilex/agilex_ws/install/limo_msgs LD_LIBRARY_PATH=/home/agilex/agilex_ws/install/limo_msgs/lib PYTHONPATH=/home/agilex/agilex_ws/install/limo_msgs/local/lib/python3.10/dist-packages /usr/bin/cmake --install /home/agilex/agilex_ws/build/limo_base
[0.213s] -- Install configuration: ""
[0.217s] -- Up-to-date: /home/agilex/agilex_ws/install/limo_base/include
[0.217s] -- Up-to-date: /home/agilex/agilex_ws/install/limo_base/include/limo_base
[0.218s] -- Up-to-date: /home/agilex/agilex_ws/install/limo_base/include/limo_base/serial_port.h
[0.218s] -- Up-to-date: /home/agilex/agilex_ws/install/limo_base/include/limo_base/limo_protocol.h
[0.218s] -- Up-to-date: /home/agilex/agilex_ws/install/limo_base/include/limo_base/limo_driver.h
[0.220s] -- Up-to-date: /home/agilex/agilex_ws/install/limo_base/lib/limo_base/limo_base
[0.220s] -- Up-to-date: /home/agilex/agilex_ws/install/limo_base/lib/limo_base/tf_pub
[0.220s] -- Up-to-date: /home/agilex/agilex_ws/install/limo_base/share/limo_base//launch
[0.220s] -- Up-to-date: /home/agilex/agilex_ws/install/limo_base/share/limo_base//launch/open_ydlidar_launch.py
[0.220s] -- Installing: /home/agilex/agilex_ws/install/limo_base/share/limo_base//launch/limo_base.launch.py
[0.221s] -- Up-to-date: /home/agilex/agilex_ws/install/limo_base/share/limo_base//launch/start_limo.launch.py
[0.221s] -- Up-to-date: /home/agilex/agilex_ws/install/limo_base/share/limo_base//src
[0.221s] -- Up-to-date: /home/agilex/agilex_ws/install/limo_base/share/limo_base//src/tf_pub.cpp
[0.221s] -- Up-to-date: /home/agilex/agilex_ws/install/limo_base/share/limo_base//src/serial_port.cpp
[0.221s] -- Up-to-date: /home/agilex/agilex_ws/install/limo_base/share/limo_base//src/limo_driver.cpp
[0.221s] -- Up-to-date: /home/agilex/agilex_ws/install/limo_base/share/limo_base//src/limo_base_node.cpp
[0.221s] -- Up-to-date: /home/agilex/agilex_ws/install/limo_base/share/ament_index/resource_index/package_run_dependencies/limo_base
[0.221s] -- Up-to-date: /home/agilex/agilex_ws/install/limo_base/share/ament_index/resource_index/parent_prefix_path/limo_base
[0.221s] -- Up-to-date: /home/agilex/agilex_ws/install/limo_base/share/limo_base/environment/ament_prefix_path.sh
[0.221s] -- Up-to-date: /home/agilex/agilex_ws/install/limo_base/share/limo_base/environment/ament_prefix_path.dsv
[0.222s] -- Up-to-date: /home/agilex/agilex_ws/install/limo_base/share/limo_base/environment/path.sh
[0.222s] -- Up-to-date: /home/agilex/agilex_ws/install/limo_base/share/limo_base/environment/path.dsv
[0.222s] -- Up-to-date: /home/agilex/agilex_ws/install/limo_base/share/limo_base/local_setup.bash
[0.222s] -- Up-to-date: /home/agilex/agilex_ws/install/limo_base/share/limo_base/local_setup.sh
[0.222s] -- Up-to-date: /home/agilex/agilex_ws/install/limo_base/share/limo_base/local_setup.zsh
[0.222s] -- Up-to-date: /home/agilex/agilex_ws/install/limo_base/share/limo_base/local_setup.dsv
[0.222s] -- Installing: /home/agilex/agilex_ws/install/limo_base/share/limo_base/package.dsv
[0.222s] -- Up-to-date: /home/agilex/agilex_ws/install/limo_base/share/ament_index/resource_index/packages/limo_base
[0.222s] -- Up-to-date: /home/agilex/agilex_ws/install/limo_base/share/limo_base/cmake/ament_cmake_export_include_directories-extras.cmake
[0.222s] -- Up-to-date: /home/agilex/agilex_ws/install/limo_base/share/limo_base/cmake/limo_baseConfig.cmake
[0.227s] -- Up-to-date: /home/agilex/agilex_ws/install/limo_base/share/limo_base/cmake/limo_baseConfig-version.cmake
[0.227s] -- Up-to-date: /home/agilex/agilex_ws/install/limo_base/share/limo_base/package.xml
[0.276s] Invoked command in '/home/agilex/agilex_ws/build/limo_base' returned '0': AMENT_PREFIX_PATH=/home/agilex/agilex_ws/install/limo_msgs CMAKE_PREFIX_PATH=/home/agilex/agilex_ws/install/limo_msgs LD_LIBRARY_PATH=/home/agilex/agilex_ws/install/limo_msgs/lib PYTHONPATH=/home/agilex/agilex_ws/install/limo_msgs/local/lib/python3.10/dist-packages /usr/bin/cmake --install /home/agilex/agilex_ws/build/limo_base
