[1.230s] Invoking command in '/home/agilex/agilex_ws/src/yolov5_ros2': PYTHONPATH=/home/agilex/agilex_ws/build/yolov5_ros2/prefix_override:/home/agilex/agilex_ws/install/yolov5_ros2/lib/python3.10/site-packages:${PYTHONPATH} /usr/bin/python3 setup.py egg_info --egg-base ../../build/yolov5_ros2 build --build-base /home/agilex/agilex_ws/build/yolov5_ros2/build install --record /home/agilex/agilex_ws/build/yolov5_ros2/install.log --single-version-externally-managed
[5.721s] running egg_info
[5.721s] writing ../../build/yolov5_ros2/yolov5_ros2.egg-info/PKG-INFO
[5.721s] writing dependency_links to ../../build/yolov5_ros2/yolov5_ros2.egg-info/dependency_links.txt
[5.721s] writing entry points to ../../build/yolov5_ros2/yolov5_ros2.egg-info/entry_points.txt
[5.721s] writing requirements to ../../build/yolov5_ros2/yolov5_ros2.egg-info/requires.txt
[5.721s] writing top-level names to ../../build/yolov5_ros2/yolov5_ros2.egg-info/top_level.txt
[5.721s] reading manifest file '../../build/yolov5_ros2/yolov5_ros2.egg-info/SOURCES.txt'
[5.721s] writing manifest file '../../build/yolov5_ros2/yolov5_ros2.egg-info/SOURCES.txt'
[5.721s] running build
[5.721s] running build_py
[5.721s] running install
[5.721s] running install_lib
[5.721s] running install_data
[5.722s] running install_egg_info
[5.722s] removing '/home/agilex/agilex_ws/install/yolov5_ros2/lib/python3.10/site-packages/yolov5_ros2-0.0.0-py3.10.egg-info' (and everything under it)
[5.722s] Copying ../../build/yolov5_ros2/yolov5_ros2.egg-info to /home/agilex/agilex_ws/install/yolov5_ros2/lib/python3.10/site-packages/yolov5_ros2-0.0.0-py3.10.egg-info
[5.722s] running install_scripts
[5.722s] Installing yolo_detect_2d script to /home/agilex/agilex_ws/install/yolov5_ros2/lib/yolov5_ros2
[5.722s] writing list of installed files to '/home/agilex/agilex_ws/build/yolov5_ros2/install.log'
[5.722s] /usr/lib/python3/dist-packages/setuptools/command/install.py:34: SetuptoolsDeprecationWarning: setup.py install is deprecated. Use build and pip and other standards-based tools.
[5.722s]   warnings.warn(
[5.795s] Invoked command in '/home/agilex/agilex_ws/src/yolov5_ros2' returned '0': PYTHONPATH=/home/agilex/agilex_ws/build/yolov5_ros2/prefix_override:/home/agilex/agilex_ws/install/yolov5_ros2/lib/python3.10/site-packages:${PYTHONPATH} /usr/bin/python3 setup.py egg_info --egg-base ../../build/yolov5_ros2 build --build-base /home/agilex/agilex_ws/build/yolov5_ros2/build install --record /home/agilex/agilex_ws/build/yolov5_ros2/install.log --single-version-externally-managed
