[  5%] [32mBuilding CXX object CMakeFiles/nav2_spin_behavior.dir/plugins/spin.cpp.o[0m
[ 11%] [32m[1mLinking CXX shared library libnav2_spin_behavior.so[0m
[ 11%] Built target nav2_spin_behavior
[ 16%] [32mBuilding CXX object gtest/CMakeFiles/gtest.dir/src/gtest-all.cc.o[0m
[ 22%] [32m[1mLinking CXX static library libgtest.a[0m
[ 22%] Built target gtest
[ 33%] Built target gtest_main
[ 38%] [32mBuilding CXX object CMakeFiles/behavior_server_core.dir/src/behavior_server.cpp.o[0m
[ 44%] [32m[1mLinking CXX shared library libbehavior_server_core.so[0m
[ 44%] Built target behavior_server_core
[ 50%] [32mBuilding CXX object CMakeFiles/nav2_back_up_behavior.dir/plugins/back_up.cpp.o[0m
[ 55%] [32mBuilding CXX object test/CMakeFiles/test_behaviors.dir/test_behaviors.cpp.o[0m
[ 61%] [32mBuilding CXX object CMakeFiles/nav2_drive_on_heading_behavior.dir/plugins/drive_on_heading.cpp.o[0m
[ 66%] [32m[1mLinking CXX shared library libnav2_back_up_behavior.so[0m
[ 72%] [32m[1mLinking CXX shared library libnav2_drive_on_heading_behavior.so[0m
[ 72%] Built target nav2_back_up_behavior
[ 77%] [32mBuilding CXX object CMakeFiles/behavior_server.dir/src/main.cpp.o[0m
[ 77%] Built target nav2_drive_on_heading_behavior
[ 83%] [32mBuilding CXX object CMakeFiles/nav2_wait_behavior.dir/plugins/wait.cpp.o[0m
[ 88%] [32m[1mLinking CXX executable test_behaviors[0m
[ 88%] Built target test_behaviors
[ 94%] [32m[1mLinking CXX executable behavior_server[0m
[ 94%] Built target behavior_server
[100%] [32m[1mLinking CXX shared library libnav2_wait_behavior.so[0m
[100%] Built target nav2_wait_behavior
-- Install configuration: "Release"
-- Up-to-date: /home/agilex/agilex_ws/install/nav2_behaviors/share/nav2_behaviors/behavior_plugin.xml
-- Installing: /home/agilex/agilex_ws/install/nav2_behaviors/lib/libbehavior_server_core.so
-- Set runtime path of "/home/agilex/agilex_ws/install/nav2_behaviors/lib/libbehavior_server_core.so" to ""
-- Installing: /home/agilex/agilex_ws/install/nav2_behaviors/lib/libnav2_spin_behavior.so
-- Set runtime path of "/home/agilex/agilex_ws/install/nav2_behaviors/lib/libnav2_spin_behavior.so" to ""
-- Installing: /home/agilex/agilex_ws/install/nav2_behaviors/lib/libnav2_wait_behavior.so
-- Set runtime path of "/home/agilex/agilex_ws/install/nav2_behaviors/lib/libnav2_wait_behavior.so" to ""
-- Installing: /home/agilex/agilex_ws/install/nav2_behaviors/lib/libnav2_drive_on_heading_behavior.so
-- Set runtime path of "/home/agilex/agilex_ws/install/nav2_behaviors/lib/libnav2_drive_on_heading_behavior.so" to ""
-- Installing: /home/agilex/agilex_ws/install/nav2_behaviors/lib/libnav2_back_up_behavior.so
-- Set runtime path of "/home/agilex/agilex_ws/install/nav2_behaviors/lib/libnav2_back_up_behavior.so" to ""
-- Installing: /home/agilex/agilex_ws/install/nav2_behaviors/lib/nav2_behaviors/behavior_server
-- Set runtime path of "/home/agilex/agilex_ws/install/nav2_behaviors/lib/nav2_behaviors/behavior_server" to ""
-- Up-to-date: /home/agilex/agilex_ws/install/nav2_behaviors/include/
-- Up-to-date: /home/agilex/agilex_ws/install/nav2_behaviors/include//nav2_behaviors
-- Up-to-date: /home/agilex/agilex_ws/install/nav2_behaviors/include//nav2_behaviors/behavior_server.hpp
-- Up-to-date: /home/agilex/agilex_ws/install/nav2_behaviors/include//nav2_behaviors/timed_behavior.hpp
-- Up-to-date: /home/agilex/agilex_ws/install/nav2_behaviors/share/nav2_behaviors/behavior_plugin.xml
-- Up-to-date: /home/agilex/agilex_ws/install/nav2_behaviors/share/nav2_behaviors/environment/library_path.sh
-- Up-to-date: /home/agilex/agilex_ws/install/nav2_behaviors/share/nav2_behaviors/environment/library_path.dsv
-- Up-to-date: /home/agilex/agilex_ws/install/nav2_behaviors/share/ament_index/resource_index/package_run_dependencies/nav2_behaviors
-- Up-to-date: /home/agilex/agilex_ws/install/nav2_behaviors/share/ament_index/resource_index/parent_prefix_path/nav2_behaviors
-- Up-to-date: /home/agilex/agilex_ws/install/nav2_behaviors/share/nav2_behaviors/environment/ament_prefix_path.sh
-- Up-to-date: /home/agilex/agilex_ws/install/nav2_behaviors/share/nav2_behaviors/environment/ament_prefix_path.dsv
-- Up-to-date: /home/agilex/agilex_ws/install/nav2_behaviors/share/nav2_behaviors/environment/path.sh
-- Up-to-date: /home/agilex/agilex_ws/install/nav2_behaviors/share/nav2_behaviors/environment/path.dsv
-- Up-to-date: /home/agilex/agilex_ws/install/nav2_behaviors/share/nav2_behaviors/local_setup.bash
-- Up-to-date: /home/agilex/agilex_ws/install/nav2_behaviors/share/nav2_behaviors/local_setup.sh
-- Up-to-date: /home/agilex/agilex_ws/install/nav2_behaviors/share/nav2_behaviors/local_setup.zsh
-- Up-to-date: /home/agilex/agilex_ws/install/nav2_behaviors/share/nav2_behaviors/local_setup.dsv
-- Installing: /home/agilex/agilex_ws/install/nav2_behaviors/share/nav2_behaviors/package.dsv
-- Up-to-date: /home/agilex/agilex_ws/install/nav2_behaviors/share/ament_index/resource_index/packages/nav2_behaviors
-- Up-to-date: /home/agilex/agilex_ws/install/nav2_behaviors/share/ament_index/resource_index/nav2_core__pluginlib__plugin/nav2_behaviors
-- Up-to-date: /home/agilex/agilex_ws/install/nav2_behaviors/share/ament_index/resource_index/rclcpp_components/nav2_behaviors
-- Up-to-date: /home/agilex/agilex_ws/install/nav2_behaviors/share/nav2_behaviors/cmake/ament_cmake_export_include_directories-extras.cmake
-- Up-to-date: /home/agilex/agilex_ws/install/nav2_behaviors/share/nav2_behaviors/cmake/ament_cmake_export_libraries-extras.cmake
-- Up-to-date: /home/agilex/agilex_ws/install/nav2_behaviors/share/nav2_behaviors/cmake/ament_cmake_export_dependencies-extras.cmake
-- Up-to-date: /home/agilex/agilex_ws/install/nav2_behaviors/share/nav2_behaviors/cmake/nav2_behaviorsConfig.cmake
-- Up-to-date: /home/agilex/agilex_ws/install/nav2_behaviors/share/nav2_behaviors/cmake/nav2_behaviorsConfig-version.cmake
-- Up-to-date: /home/agilex/agilex_ws/install/nav2_behaviors/share/nav2_behaviors/package.xml
