[0.104s] Invoking command in '/home/agilex/agilex_ws/build/teb_msgs': AMENT_PREFIX_PATH=/home/agilex/agilex_ws/install/costmap_converter_msgs:${AMENT_PREFIX_PATH} CMAKE_PREFIX_PATH=/home/agilex/agilex_ws/install/costmap_converter_msgs:/opt/ros/humble LD_LIBRARY_PATH=/home/agilex/agilex_ws/install/costmap_converter_msgs/lib:${LD_LIBRARY_PATH} PYTHONPATH=/home/agilex/agilex_ws/install/costmap_converter_msgs/local/lib/python3.10/dist-packages:${PYTHONPATH} /usr/bin/cmake /home/agilex/agilex_ws/src/teb_local_planner/teb_msgs -DCMAKE_INSTALL_PREFIX=/home/agilex/agilex_ws/install/teb_msgs
[2.728s] -- The C compiler identification is GNU 11.3.0
[2.728s] -- The CXX compiler identification is GNU 11.3.0
[2.728s] -- Detecting C compiler ABI info
[2.729s] -- Detecting C compiler ABI info - done
[2.729s] -- Check for working C compiler: /usr/bin/cc - skipped
[2.729s] -- Detecting C compile features
[2.729s] -- Detecting C compile features - done
[2.729s] -- Detecting CXX compiler ABI info
[2.729s] -- Detecting CXX compiler ABI info - done
[2.729s] -- Check for working CXX compiler: /usr/bin/c++ - skipped
[2.729s] -- Detecting CXX compile features
[2.729s] -- Detecting CXX compile features - done
[2.729s] -- Found ament_cmake: 1.3.4 (/opt/ros/humble/share/ament_cmake/cmake)
[2.729s] -- Found Python3: /usr/bin/python3.10 (found version "3.10.6") found components: Interpreter 
[2.729s] -- Found builtin_interfaces: 1.2.1 (/opt/ros/humble/share/builtin_interfaces/cmake)
[2.730s] -- Found rosidl_generator_c: 3.1.4 (/opt/ros/humble/share/rosidl_generator_c/cmake)
[2.730s] -- Found rosidl_adapter: 3.1.4 (/opt/ros/humble/share/rosidl_adapter/cmake)
[2.730s] -- Found rosidl_generator_cpp: 3.1.4 (/opt/ros/humble/share/rosidl_generator_cpp/cmake)
[2.730s] -- Using all available rosidl_typesupport_c: rosidl_typesupport_fastrtps_c;rosidl_typesupport_introspection_c
[2.730s] -- Using all available rosidl_typesupport_cpp: rosidl_typesupport_fastrtps_cpp;rosidl_typesupport_introspection_cpp
[2.730s] -- Found costmap_converter_msgs: 0.1.2 (/home/agilex/agilex_ws/install/costmap_converter_msgs/share/costmap_converter_msgs/cmake)
[2.730s] -- Found rosidl_default_generators: 1.2.0 (/opt/ros/humble/share/rosidl_default_generators/cmake)
[2.730s] -- Found ament_cmake_ros: 0.10.0 (/opt/ros/humble/share/ament_cmake_ros/cmake)
[2.765s] -- Using all available rosidl_typesupport_c: rosidl_typesupport_fastrtps_c;rosidl_typesupport_introspection_c
[2.950s] -- Using all available rosidl_typesupport_cpp: rosidl_typesupport_fastrtps_cpp;rosidl_typesupport_introspection_cpp
[2.976s] -- Found PythonInterp: /usr/bin/python3 (found suitable version "3.10.6", minimum required is "3.6") 
[2.977s] -- Found python_cmake_module: 0.10.0 (/opt/ros/humble/share/python_cmake_module/cmake)
[3.003s] -- Found PythonLibs: /usr/lib/x86_64-linux-gnu/libpython3.10.so (found suitable version "3.10.6", minimum required is "3.5") 
[3.004s] -- Using PYTHON_EXECUTABLE: /usr/bin/python3
[3.004s] -- Using PYTHON_INCLUDE_DIRS: /usr/include/python3.10
[3.004s] -- Using PYTHON_LIBRARIES: /usr/lib/x86_64-linux-gnu/libpython3.10.so
[3.027s] -- Found PythonExtra: .so  
[3.096s] -- Configuring done
[3.143s] -- Generating done
[3.147s] -- Build files have been written to: /home/agilex/agilex_ws/build/teb_msgs
[3.168s] Invoked command in '/home/agilex/agilex_ws/build/teb_msgs' returned '0': AMENT_PREFIX_PATH=/home/agilex/agilex_ws/install/costmap_converter_msgs:${AMENT_PREFIX_PATH} CMAKE_PREFIX_PATH=/home/agilex/agilex_ws/install/costmap_converter_msgs:/opt/ros/humble LD_LIBRARY_PATH=/home/agilex/agilex_ws/install/costmap_converter_msgs/lib:${LD_LIBRARY_PATH} PYTHONPATH=/home/agilex/agilex_ws/install/costmap_converter_msgs/local/lib/python3.10/dist-packages:${PYTHONPATH} /usr/bin/cmake /home/agilex/agilex_ws/src/teb_local_planner/teb_msgs -DCMAKE_INSTALL_PREFIX=/home/agilex/agilex_ws/install/teb_msgs
[3.168s] Invoking command in '/home/agilex/agilex_ws/build/teb_msgs': AMENT_PREFIX_PATH=/home/agilex/agilex_ws/install/costmap_converter_msgs:${AMENT_PREFIX_PATH} CMAKE_PREFIX_PATH=/home/agilex/agilex_ws/install/costmap_converter_msgs:/opt/ros/humble LD_LIBRARY_PATH=/home/agilex/agilex_ws/install/costmap_converter_msgs/lib:${LD_LIBRARY_PATH} PYTHONPATH=/home/agilex/agilex_ws/install/costmap_converter_msgs/local/lib/python3.10/dist-packages:${PYTHONPATH} /usr/bin/cmake --build /home/agilex/agilex_ws/build/teb_msgs -- -j8 -l8
[3.247s] [  2%] [34m[1mGenerating C++ code for ROS interfaces[0m
[3.882s] [  2%] Built target teb_msgs__cpp
[3.925s] [  2%] Built target ament_cmake_python_copy_teb_msgs
[3.933s] [  4%] [34m[1mGenerating C++ introspection for ROS interfaces[0m
[4.411s] [  6%] [32mBuilding CXX object CMakeFiles/teb_msgs__rosidl_typesupport_introspection_cpp.dir/rosidl_typesupport_introspection_cpp/teb_msgs/msg/detail/feedback_msg__type_support.cpp.o[0m
[4.948s] [  8%] [32mBuilding CXX object CMakeFiles/teb_msgs__rosidl_typesupport_introspection_cpp.dir/rosidl_typesupport_introspection_cpp/teb_msgs/msg/detail/trajectory_point_msg__type_support.cpp.o[0m
[5.316s] [ 10%] [32mBuilding CXX object CMakeFiles/teb_msgs__rosidl_typesupport_introspection_cpp.dir/rosidl_typesupport_introspection_cpp/teb_msgs/msg/detail/trajectory_msg__type_support.cpp.o[0m
[5.743s] [ 12%] [32m[1mLinking CXX shared library libteb_msgs__rosidl_typesupport_introspection_cpp.so[0m
[5.877s] [ 12%] Built target teb_msgs__rosidl_typesupport_introspection_cpp
[6.162s] running egg_info
[6.164s] creating teb_msgs.egg-info
[6.164s] writing teb_msgs.egg-info/PKG-INFO
[6.164s] writing dependency_links to teb_msgs.egg-info/dependency_links.txt
[6.165s] writing top-level names to teb_msgs.egg-info/top_level.txt
[6.165s] writing manifest file 'teb_msgs.egg-info/SOURCES.txt'
[6.168s] reading manifest file 'teb_msgs.egg-info/SOURCES.txt'
[6.168s] writing manifest file 'teb_msgs.egg-info/SOURCES.txt'
[6.204s] [ 12%] Built target ament_cmake_python_build_teb_msgs_egg
[6.212s] [ 14%] [34m[1mGenerating C++ type support for eProsima Fast-RTPS[0m
[6.742s] [ 17%] [32mBuilding CXX object CMakeFiles/teb_msgs__rosidl_typesupport_fastrtps_cpp.dir/rosidl_typesupport_fastrtps_cpp/teb_msgs/msg/detail/dds_fastrtps/feedback_msg__type_support.cpp.o[0m
[7.202s] [ 19%] [32mBuilding CXX object CMakeFiles/teb_msgs__rosidl_typesupport_fastrtps_cpp.dir/rosidl_typesupport_fastrtps_cpp/teb_msgs/msg/detail/dds_fastrtps/trajectory_point_msg__type_support.cpp.o[0m
[7.607s] [ 21%] [32mBuilding CXX object CMakeFiles/teb_msgs__rosidl_typesupport_fastrtps_cpp.dir/rosidl_typesupport_fastrtps_cpp/teb_msgs/msg/detail/dds_fastrtps/trajectory_msg__type_support.cpp.o[0m
[8.050s] [ 23%] [32m[1mLinking CXX shared library libteb_msgs__rosidl_typesupport_fastrtps_cpp.so[0m
[8.138s] [ 23%] Built target teb_msgs__rosidl_typesupport_fastrtps_cpp
[8.147s] [ 25%] [34m[1mGenerating C++ type support dispatch for ROS interfaces[0m
[8.596s] [ 27%] [32mBuilding CXX object CMakeFiles/teb_msgs__rosidl_typesupport_cpp.dir/rosidl_typesupport_cpp/teb_msgs/msg/feedback_msg__type_support.cpp.o[0m
[8.865s] [ 29%] [32mBuilding CXX object CMakeFiles/teb_msgs__rosidl_typesupport_cpp.dir/rosidl_typesupport_cpp/teb_msgs/msg/trajectory_point_msg__type_support.cpp.o[0m
[9.141s] [ 31%] [32mBuilding CXX object CMakeFiles/teb_msgs__rosidl_typesupport_cpp.dir/rosidl_typesupport_cpp/teb_msgs/msg/trajectory_msg__type_support.cpp.o[0m
[9.403s] [ 34%] [32m[1mLinking CXX shared library libteb_msgs__rosidl_typesupport_cpp.so[0m
[9.442s] [ 34%] Built target teb_msgs__rosidl_typesupport_cpp
[9.451s] [ 36%] [34m[1mGenerating C code for ROS interfaces[0m
[10.117s] [ 38%] [32mBuilding C object CMakeFiles/teb_msgs__rosidl_generator_c.dir/rosidl_generator_c/teb_msgs/msg/detail/feedback_msg__functions.c.o[0m
[10.168s] [ 40%] [32mBuilding C object CMakeFiles/teb_msgs__rosidl_generator_c.dir/rosidl_generator_c/teb_msgs/msg/detail/trajectory_point_msg__functions.c.o[0m
[10.218s] [ 42%] [32mBuilding C object CMakeFiles/teb_msgs__rosidl_generator_c.dir/rosidl_generator_c/teb_msgs/msg/detail/trajectory_msg__functions.c.o[0m
[10.265s] [ 44%] [32m[1mLinking C shared library libteb_msgs__rosidl_generator_c.so[0m
[10.300s] [ 44%] Built target teb_msgs__rosidl_generator_c
[10.309s] [ 46%] [34m[1mGenerating C type support for eProsima Fast-RTPS[0m
[10.854s] [ 48%] [32mBuilding CXX object CMakeFiles/teb_msgs__rosidl_typesupport_fastrtps_c.dir/rosidl_typesupport_fastrtps_c/teb_msgs/msg/detail/feedback_msg__type_support_c.cpp.o[0m
[11.190s] [ 51%] [32mBuilding CXX object CMakeFiles/teb_msgs__rosidl_typesupport_fastrtps_c.dir/rosidl_typesupport_fastrtps_c/teb_msgs/msg/detail/trajectory_point_msg__type_support_c.cpp.o[0m
[11.507s] [ 53%] [32mBuilding CXX object CMakeFiles/teb_msgs__rosidl_typesupport_fastrtps_c.dir/rosidl_typesupport_fastrtps_c/teb_msgs/msg/detail/trajectory_msg__type_support_c.cpp.o[0m
[11.834s] [ 55%] [32m[1mLinking CXX shared library libteb_msgs__rosidl_typesupport_fastrtps_c.so[0m
[11.919s] [ 55%] Built target teb_msgs__rosidl_typesupport_fastrtps_c
[11.928s] [ 57%] [34m[1mGenerating C type support dispatch for ROS interfaces[0m
[12.369s] [ 59%] [32mBuilding CXX object CMakeFiles/teb_msgs__rosidl_typesupport_c.dir/rosidl_typesupport_c/teb_msgs/msg/feedback_msg__type_support.cpp.o[0m
[12.415s] [ 61%] [32mBuilding CXX object CMakeFiles/teb_msgs__rosidl_typesupport_c.dir/rosidl_typesupport_c/teb_msgs/msg/trajectory_point_msg__type_support.cpp.o[0m
[12.444s] [ 63%] [32mBuilding CXX object CMakeFiles/teb_msgs__rosidl_typesupport_c.dir/rosidl_typesupport_c/teb_msgs/msg/trajectory_msg__type_support.cpp.o[0m
[12.473s] [ 65%] [32m[1mLinking CXX shared library libteb_msgs__rosidl_typesupport_c.so[0m
[12.515s] [ 65%] Built target teb_msgs__rosidl_typesupport_c
[12.524s] [ 68%] [34m[1mGenerating C introspection for ROS interfaces[0m
[13.054s] [ 70%] [32mBuilding C object CMakeFiles/teb_msgs__rosidl_typesupport_introspection_c.dir/rosidl_typesupport_introspection_c/teb_msgs/msg/detail/feedback_msg__type_support.c.o[0m
[13.092s] [ 72%] [32mBuilding C object CMakeFiles/teb_msgs__rosidl_typesupport_introspection_c.dir/rosidl_typesupport_introspection_c/teb_msgs/msg/detail/trajectory_point_msg__type_support.c.o[0m
[13.127s] [ 74%] [32mBuilding C object CMakeFiles/teb_msgs__rosidl_typesupport_introspection_c.dir/rosidl_typesupport_introspection_c/teb_msgs/msg/detail/trajectory_msg__type_support.c.o[0m
[13.166s] [ 76%] [32m[1mLinking C shared library libteb_msgs__rosidl_typesupport_introspection_c.so[0m
[13.193s] [ 76%] Built target teb_msgs__rosidl_typesupport_introspection_c
[13.210s] [ 76%] Built target teb_msgs
[13.226s] [ 78%] [34m[1mGenerating Python code for ROS interfaces[0m
[14.127s] [ 78%] Built target teb_msgs__py
[14.149s] [ 80%] [32mBuilding C object CMakeFiles/teb_msgs__rosidl_generator_py.dir/rosidl_generator_py/teb_msgs/msg/_feedback_msg_s.c.o[0m
[14.258s] [ 82%] [32mBuilding C object CMakeFiles/teb_msgs__rosidl_generator_py.dir/rosidl_generator_py/teb_msgs/msg/_trajectory_point_msg_s.c.o[0m
[14.399s] [ 85%] [32mBuilding C object CMakeFiles/teb_msgs__rosidl_generator_py.dir/rosidl_generator_py/teb_msgs/msg/_trajectory_msg_s.c.o[0m
[14.532s] [ 87%] [32m[1mLinking C shared library rosidl_generator_py/teb_msgs/libteb_msgs__rosidl_generator_py.so[0m
[14.580s] [ 87%] Built target teb_msgs__rosidl_generator_py
[14.604s] [ 89%] [32mBuilding C object CMakeFiles/teb_msgs__rosidl_typesupport_fastrtps_c__pyext.dir/rosidl_generator_py/teb_msgs/_teb_msgs_s.ep.rosidl_typesupport_fastrtps_c.c.o[0m
[14.713s] [ 91%] [32m[1mLinking C shared library rosidl_generator_py/teb_msgs/teb_msgs_s__rosidl_typesupport_fastrtps_c.cpython-310-x86_64-linux-gnu.so[0m
[14.758s] [ 91%] Built target teb_msgs__rosidl_typesupport_fastrtps_c__pyext
[14.775s] [ 93%] [32mBuilding C object CMakeFiles/teb_msgs__rosidl_typesupport_c__pyext.dir/rosidl_generator_py/teb_msgs/_teb_msgs_s.ep.rosidl_typesupport_c.c.o[0m
[14.882s] [ 95%] [32m[1mLinking C shared library rosidl_generator_py/teb_msgs/teb_msgs_s__rosidl_typesupport_c.cpython-310-x86_64-linux-gnu.so[0m
[14.922s] [ 95%] Built target teb_msgs__rosidl_typesupport_c__pyext
[14.938s] [ 97%] [32mBuilding C object CMakeFiles/teb_msgs__rosidl_typesupport_introspection_c__pyext.dir/rosidl_generator_py/teb_msgs/_teb_msgs_s.ep.rosidl_typesupport_introspection_c.c.o[0m
[15.037s] [100%] [32m[1mLinking C shared library rosidl_generator_py/teb_msgs/teb_msgs_s__rosidl_typesupport_introspection_c.cpython-310-x86_64-linux-gnu.so[0m
[15.074s] [100%] Built target teb_msgs__rosidl_typesupport_introspection_c__pyext
[15.089s] Invoked command in '/home/agilex/agilex_ws/build/teb_msgs' returned '0': AMENT_PREFIX_PATH=/home/agilex/agilex_ws/install/costmap_converter_msgs:${AMENT_PREFIX_PATH} CMAKE_PREFIX_PATH=/home/agilex/agilex_ws/install/costmap_converter_msgs:/opt/ros/humble LD_LIBRARY_PATH=/home/agilex/agilex_ws/install/costmap_converter_msgs/lib:${LD_LIBRARY_PATH} PYTHONPATH=/home/agilex/agilex_ws/install/costmap_converter_msgs/local/lib/python3.10/dist-packages:${PYTHONPATH} /usr/bin/cmake --build /home/agilex/agilex_ws/build/teb_msgs -- -j8 -l8
[15.165s] Invoking command in '/home/agilex/agilex_ws/build/teb_msgs': AMENT_PREFIX_PATH=/home/agilex/agilex_ws/install/costmap_converter_msgs:${AMENT_PREFIX_PATH} CMAKE_PREFIX_PATH=/home/agilex/agilex_ws/install/costmap_converter_msgs:/opt/ros/humble LD_LIBRARY_PATH=/home/agilex/agilex_ws/install/costmap_converter_msgs/lib:${LD_LIBRARY_PATH} PYTHONPATH=/home/agilex/agilex_ws/install/costmap_converter_msgs/local/lib/python3.10/dist-packages:${PYTHONPATH} /usr/bin/cmake --install /home/agilex/agilex_ws/build/teb_msgs
[16.128s] -- Install configuration: ""
[16.128s] -- Installing: /home/agilex/agilex_ws/install/teb_msgs/share/ament_index/resource_index/rosidl_interfaces/teb_msgs
[16.128s] -- Installing: /home/agilex/agilex_ws/install/teb_msgs/include/teb_msgs/teb_msgs
[16.128s] -- Installing: /home/agilex/agilex_ws/install/teb_msgs/include/teb_msgs/teb_msgs/msg
[16.128s] -- Installing: /home/agilex/agilex_ws/install/teb_msgs/include/teb_msgs/teb_msgs/msg/rosidl_generator_c__visibility_control.h
[16.128s] -- Installing: /home/agilex/agilex_ws/install/teb_msgs/include/teb_msgs/teb_msgs/msg/feedback_msg.h
[16.129s] -- Installing: /home/agilex/agilex_ws/install/teb_msgs/include/teb_msgs/teb_msgs/msg/detail
[16.129s] -- Installing: /home/agilex/agilex_ws/install/teb_msgs/include/teb_msgs/teb_msgs/msg/detail/feedback_msg__functions.c
[16.129s] -- Installing: /home/agilex/agilex_ws/install/teb_msgs/include/teb_msgs/teb_msgs/msg/detail/feedback_msg__functions.h
[16.129s] -- Installing: /home/agilex/agilex_ws/install/teb_msgs/include/teb_msgs/teb_msgs/msg/detail/feedback_msg__struct.h
[16.129s] -- Installing: /home/agilex/agilex_ws/install/teb_msgs/include/teb_msgs/teb_msgs/msg/detail/feedback_msg__type_support.h
[16.129s] -- Installing: /home/agilex/agilex_ws/install/teb_msgs/include/teb_msgs/teb_msgs/msg/detail/trajectory_msg__functions.c
[16.132s] -- Installing: /home/agilex/agilex_ws/install/teb_msgs/include/teb_msgs/teb_msgs/msg/detail/trajectory_msg__functions.h
[16.132s] -- Installing: /home/agilex/agilex_ws/install/teb_msgs/include/teb_msgs/teb_msgs/msg/detail/trajectory_msg__struct.h
[16.132s] -- Installing: /home/agilex/agilex_ws/install/teb_msgs/include/teb_msgs/teb_msgs/msg/detail/trajectory_msg__type_support.h
[16.132s] -- Installing: /home/agilex/agilex_ws/install/teb_msgs/include/teb_msgs/teb_msgs/msg/detail/trajectory_point_msg__functions.c
[16.132s] -- Installing: /home/agilex/agilex_ws/install/teb_msgs/include/teb_msgs/teb_msgs/msg/detail/trajectory_point_msg__functions.h
[16.132s] -- Installing: /home/agilex/agilex_ws/install/teb_msgs/include/teb_msgs/teb_msgs/msg/detail/trajectory_point_msg__struct.h
[16.132s] -- Installing: /home/agilex/agilex_ws/install/teb_msgs/include/teb_msgs/teb_msgs/msg/detail/trajectory_point_msg__type_support.h
[16.132s] -- Installing: /home/agilex/agilex_ws/install/teb_msgs/include/teb_msgs/teb_msgs/msg/trajectory_msg.h
[16.132s] -- Installing: /home/agilex/agilex_ws/install/teb_msgs/include/teb_msgs/teb_msgs/msg/trajectory_point_msg.h
[16.133s] -- Installing: /home/agilex/agilex_ws/install/teb_msgs/share/teb_msgs/environment/library_path.sh
[16.133s] -- Installing: /home/agilex/agilex_ws/install/teb_msgs/share/teb_msgs/environment/library_path.dsv
[16.133s] -- Installing: /home/agilex/agilex_ws/install/teb_msgs/lib/libteb_msgs__rosidl_generator_c.so
[16.133s] -- Set runtime path of "/home/agilex/agilex_ws/install/teb_msgs/lib/libteb_msgs__rosidl_generator_c.so" to ""
[16.133s] -- Up-to-date: /home/agilex/agilex_ws/install/teb_msgs/include/teb_msgs/teb_msgs
[16.133s] -- Up-to-date: /home/agilex/agilex_ws/install/teb_msgs/include/teb_msgs/teb_msgs/msg
[16.133s] -- Installing: /home/agilex/agilex_ws/install/teb_msgs/include/teb_msgs/teb_msgs/msg/rosidl_typesupport_fastrtps_c__visibility_control.h
[16.133s] -- Up-to-date: /home/agilex/agilex_ws/install/teb_msgs/include/teb_msgs/teb_msgs/msg/detail
[16.133s] -- Installing: /home/agilex/agilex_ws/install/teb_msgs/include/teb_msgs/teb_msgs/msg/detail/feedback_msg__rosidl_typesupport_fastrtps_c.h
[16.133s] -- Installing: /home/agilex/agilex_ws/install/teb_msgs/include/teb_msgs/teb_msgs/msg/detail/trajectory_msg__rosidl_typesupport_fastrtps_c.h
[16.133s] -- Installing: /home/agilex/agilex_ws/install/teb_msgs/include/teb_msgs/teb_msgs/msg/detail/trajectory_point_msg__rosidl_typesupport_fastrtps_c.h
[16.134s] -- Installing: /home/agilex/agilex_ws/install/teb_msgs/lib/libteb_msgs__rosidl_typesupport_fastrtps_c.so
[16.134s] -- Set runtime path of "/home/agilex/agilex_ws/install/teb_msgs/lib/libteb_msgs__rosidl_typesupport_fastrtps_c.so" to ""
[16.134s] -- Up-to-date: /home/agilex/agilex_ws/install/teb_msgs/include/teb_msgs/teb_msgs
[16.134s] -- Up-to-date: /home/agilex/agilex_ws/install/teb_msgs/include/teb_msgs/teb_msgs/msg
[16.134s] -- Installing: /home/agilex/agilex_ws/install/teb_msgs/include/teb_msgs/teb_msgs/msg/feedback_msg.hpp
[16.134s] -- Up-to-date: /home/agilex/agilex_ws/install/teb_msgs/include/teb_msgs/teb_msgs/msg/detail
[16.134s] -- Installing: /home/agilex/agilex_ws/install/teb_msgs/include/teb_msgs/teb_msgs/msg/detail/feedback_msg__builder.hpp
[16.134s] -- Installing: /home/agilex/agilex_ws/install/teb_msgs/include/teb_msgs/teb_msgs/msg/detail/feedback_msg__struct.hpp
[16.134s] -- Installing: /home/agilex/agilex_ws/install/teb_msgs/include/teb_msgs/teb_msgs/msg/detail/feedback_msg__traits.hpp
[16.134s] -- Installing: /home/agilex/agilex_ws/install/teb_msgs/include/teb_msgs/teb_msgs/msg/detail/trajectory_msg__builder.hpp
[16.135s] -- Installing: /home/agilex/agilex_ws/install/teb_msgs/include/teb_msgs/teb_msgs/msg/detail/trajectory_msg__struct.hpp
[16.135s] -- Installing: /home/agilex/agilex_ws/install/teb_msgs/include/teb_msgs/teb_msgs/msg/detail/trajectory_msg__traits.hpp
[16.137s] -- Installing: /home/agilex/agilex_ws/install/teb_msgs/include/teb_msgs/teb_msgs/msg/detail/trajectory_point_msg__builder.hpp
[16.137s] -- Installing: /home/agilex/agilex_ws/install/teb_msgs/include/teb_msgs/teb_msgs/msg/detail/trajectory_point_msg__struct.hpp
[16.137s] -- Installing: /home/agilex/agilex_ws/install/teb_msgs/include/teb_msgs/teb_msgs/msg/detail/trajectory_point_msg__traits.hpp
[16.137s] -- Installing: /home/agilex/agilex_ws/install/teb_msgs/include/teb_msgs/teb_msgs/msg/trajectory_msg.hpp
[16.137s] -- Installing: /home/agilex/agilex_ws/install/teb_msgs/include/teb_msgs/teb_msgs/msg/trajectory_point_msg.hpp
[16.137s] -- Up-to-date: /home/agilex/agilex_ws/install/teb_msgs/include/teb_msgs/teb_msgs
[16.137s] -- Up-to-date: /home/agilex/agilex_ws/install/teb_msgs/include/teb_msgs/teb_msgs/msg
[16.137s] -- Installing: /home/agilex/agilex_ws/install/teb_msgs/include/teb_msgs/teb_msgs/msg/rosidl_typesupport_fastrtps_cpp__visibility_control.h
[16.138s] -- Up-to-date: /home/agilex/agilex_ws/install/teb_msgs/include/teb_msgs/teb_msgs/msg/detail
[16.138s] -- Installing: /home/agilex/agilex_ws/install/teb_msgs/include/teb_msgs/teb_msgs/msg/detail/feedback_msg__rosidl_typesupport_fastrtps_cpp.hpp
[16.138s] -- Installing: /home/agilex/agilex_ws/install/teb_msgs/include/teb_msgs/teb_msgs/msg/detail/dds_fastrtps
[16.138s] -- Installing: /home/agilex/agilex_ws/install/teb_msgs/include/teb_msgs/teb_msgs/msg/detail/trajectory_msg__rosidl_typesupport_fastrtps_cpp.hpp
[16.138s] -- Installing: /home/agilex/agilex_ws/install/teb_msgs/include/teb_msgs/teb_msgs/msg/detail/trajectory_point_msg__rosidl_typesupport_fastrtps_cpp.hpp
[16.138s] -- Installing: /home/agilex/agilex_ws/install/teb_msgs/lib/libteb_msgs__rosidl_typesupport_fastrtps_cpp.so
[16.138s] -- Set runtime path of "/home/agilex/agilex_ws/install/teb_msgs/lib/libteb_msgs__rosidl_typesupport_fastrtps_cpp.so" to ""
[16.138s] -- Up-to-date: /home/agilex/agilex_ws/install/teb_msgs/include/teb_msgs/teb_msgs
[16.138s] -- Up-to-date: /home/agilex/agilex_ws/install/teb_msgs/include/teb_msgs/teb_msgs/msg
[16.138s] -- Installing: /home/agilex/agilex_ws/install/teb_msgs/include/teb_msgs/teb_msgs/msg/rosidl_typesupport_introspection_c__visibility_control.h
[16.138s] -- Up-to-date: /home/agilex/agilex_ws/install/teb_msgs/include/teb_msgs/teb_msgs/msg/detail
[16.138s] -- Installing: /home/agilex/agilex_ws/install/teb_msgs/include/teb_msgs/teb_msgs/msg/detail/feedback_msg__rosidl_typesupport_introspection_c.h
[16.139s] -- Installing: /home/agilex/agilex_ws/install/teb_msgs/include/teb_msgs/teb_msgs/msg/detail/feedback_msg__type_support.c
[16.139s] -- Installing: /home/agilex/agilex_ws/install/teb_msgs/include/teb_msgs/teb_msgs/msg/detail/trajectory_msg__rosidl_typesupport_introspection_c.h
[16.139s] -- Installing: /home/agilex/agilex_ws/install/teb_msgs/include/teb_msgs/teb_msgs/msg/detail/trajectory_msg__type_support.c
[16.139s] -- Installing: /home/agilex/agilex_ws/install/teb_msgs/include/teb_msgs/teb_msgs/msg/detail/trajectory_point_msg__rosidl_typesupport_introspection_c.h
[16.139s] -- Installing: /home/agilex/agilex_ws/install/teb_msgs/include/teb_msgs/teb_msgs/msg/detail/trajectory_point_msg__type_support.c
[16.139s] -- Installing: /home/agilex/agilex_ws/install/teb_msgs/lib/libteb_msgs__rosidl_typesupport_introspection_c.so
[16.139s] -- Set runtime path of "/home/agilex/agilex_ws/install/teb_msgs/lib/libteb_msgs__rosidl_typesupport_introspection_c.so" to ""
[16.139s] -- Installing: /home/agilex/agilex_ws/install/teb_msgs/lib/libteb_msgs__rosidl_typesupport_c.so
[16.140s] -- Set runtime path of "/home/agilex/agilex_ws/install/teb_msgs/lib/libteb_msgs__rosidl_typesupport_c.so" to ""
[16.140s] -- Up-to-date: /home/agilex/agilex_ws/install/teb_msgs/include/teb_msgs/teb_msgs
[16.140s] -- Up-to-date: /home/agilex/agilex_ws/install/teb_msgs/include/teb_msgs/teb_msgs/msg
[16.140s] -- Up-to-date: /home/agilex/agilex_ws/install/teb_msgs/include/teb_msgs/teb_msgs/msg/detail
[16.140s] -- Installing: /home/agilex/agilex_ws/install/teb_msgs/include/teb_msgs/teb_msgs/msg/detail/feedback_msg__rosidl_typesupport_introspection_cpp.hpp
[16.140s] -- Installing: /home/agilex/agilex_ws/install/teb_msgs/include/teb_msgs/teb_msgs/msg/detail/feedback_msg__type_support.cpp
[16.140s] -- Installing: /home/agilex/agilex_ws/install/teb_msgs/include/teb_msgs/teb_msgs/msg/detail/trajectory_msg__rosidl_typesupport_introspection_cpp.hpp
[16.140s] -- Installing: /home/agilex/agilex_ws/install/teb_msgs/include/teb_msgs/teb_msgs/msg/detail/trajectory_msg__type_support.cpp
[16.140s] -- Installing: /home/agilex/agilex_ws/install/teb_msgs/include/teb_msgs/teb_msgs/msg/detail/trajectory_point_msg__rosidl_typesupport_introspection_cpp.hpp
[16.140s] -- Installing: /home/agilex/agilex_ws/install/teb_msgs/include/teb_msgs/teb_msgs/msg/detail/trajectory_point_msg__type_support.cpp
[16.140s] -- Installing: /home/agilex/agilex_ws/install/teb_msgs/lib/libteb_msgs__rosidl_typesupport_introspection_cpp.so
[16.140s] -- Set runtime path of "/home/agilex/agilex_ws/install/teb_msgs/lib/libteb_msgs__rosidl_typesupport_introspection_cpp.so" to ""
[16.140s] -- Installing: /home/agilex/agilex_ws/install/teb_msgs/lib/libteb_msgs__rosidl_typesupport_cpp.so
[16.141s] -- Set runtime path of "/home/agilex/agilex_ws/install/teb_msgs/lib/libteb_msgs__rosidl_typesupport_cpp.so" to ""
[16.141s] -- Installing: /home/agilex/agilex_ws/install/teb_msgs/share/teb_msgs/environment/pythonpath.sh
[16.141s] -- Installing: /home/agilex/agilex_ws/install/teb_msgs/share/teb_msgs/environment/pythonpath.dsv
[16.141s] -- Installing: /home/agilex/agilex_ws/install/teb_msgs/local/lib/python3.10/dist-packages/teb_msgs-0.0.1-py3.10.egg-info
[16.141s] -- Installing: /home/agilex/agilex_ws/install/teb_msgs/local/lib/python3.10/dist-packages/teb_msgs-0.0.1-py3.10.egg-info/PKG-INFO
[16.141s] -- Installing: /home/agilex/agilex_ws/install/teb_msgs/local/lib/python3.10/dist-packages/teb_msgs-0.0.1-py3.10.egg-info/dependency_links.txt
[16.141s] -- Installing: /home/agilex/agilex_ws/install/teb_msgs/local/lib/python3.10/dist-packages/teb_msgs-0.0.1-py3.10.egg-info/top_level.txt
[16.141s] -- Installing: /home/agilex/agilex_ws/install/teb_msgs/local/lib/python3.10/dist-packages/teb_msgs-0.0.1-py3.10.egg-info/SOURCES.txt
[16.141s] -- Installing: /home/agilex/agilex_ws/install/teb_msgs/local/lib/python3.10/dist-packages/teb_msgs
[16.141s] -- Installing: /home/agilex/agilex_ws/install/teb_msgs/local/lib/python3.10/dist-packages/teb_msgs/__init__.py
[16.141s] -- Installing: /home/agilex/agilex_ws/install/teb_msgs/local/lib/python3.10/dist-packages/teb_msgs/msg
[16.141s] -- Installing: /home/agilex/agilex_ws/install/teb_msgs/local/lib/python3.10/dist-packages/teb_msgs/msg/_feedback_msg.py
[16.141s] -- Installing: /home/agilex/agilex_ws/install/teb_msgs/local/lib/python3.10/dist-packages/teb_msgs/msg/_feedback_msg_s.c
[16.141s] -- Installing: /home/agilex/agilex_ws/install/teb_msgs/local/lib/python3.10/dist-packages/teb_msgs/msg/_trajectory_msg.py
[16.142s] -- Installing: /home/agilex/agilex_ws/install/teb_msgs/local/lib/python3.10/dist-packages/teb_msgs/msg/_trajectory_msg_s.c
[16.142s] -- Installing: /home/agilex/agilex_ws/install/teb_msgs/local/lib/python3.10/dist-packages/teb_msgs/msg/_trajectory_point_msg.py
[16.142s] -- Installing: /home/agilex/agilex_ws/install/teb_msgs/local/lib/python3.10/dist-packages/teb_msgs/msg/_trajectory_point_msg_s.c
[16.142s] -- Installing: /home/agilex/agilex_ws/install/teb_msgs/local/lib/python3.10/dist-packages/teb_msgs/msg/__init__.py
[16.142s] -- Installing: /home/agilex/agilex_ws/install/teb_msgs/local/lib/python3.10/dist-packages/teb_msgs/_teb_msgs_s.ep.rosidl_typesupport_fastrtps_c.c
[16.142s] -- Installing: /home/agilex/agilex_ws/install/teb_msgs/local/lib/python3.10/dist-packages/teb_msgs/_teb_msgs_s.ep.rosidl_typesupport_introspection_c.c
[16.142s] -- Installing: /home/agilex/agilex_ws/install/teb_msgs/local/lib/python3.10/dist-packages/teb_msgs/_teb_msgs_s.ep.rosidl_typesupport_c.c
[16.142s] -- Installing: /home/agilex/agilex_ws/install/teb_msgs/local/lib/python3.10/dist-packages/teb_msgs/libteb_msgs__rosidl_generator_py.so
[16.142s] -- Installing: /home/agilex/agilex_ws/install/teb_msgs/local/lib/python3.10/dist-packages/teb_msgs/teb_msgs_s__rosidl_typesupport_fastrtps_c.cpython-310-x86_64-linux-gnu.so
[16.142s] -- Installing: /home/agilex/agilex_ws/install/teb_msgs/local/lib/python3.10/dist-packages/teb_msgs/teb_msgs_s__rosidl_typesupport_c.cpython-310-x86_64-linux-gnu.so
[16.142s] -- Installing: /home/agilex/agilex_ws/install/teb_msgs/local/lib/python3.10/dist-packages/teb_msgs/teb_msgs_s__rosidl_typesupport_introspection_c.cpython-310-x86_64-linux-gnu.so
[16.142s] Listing '/home/agilex/agilex_ws/install/teb_msgs/local/lib/python3.10/dist-packages/teb_msgs'...
[16.142s] Compiling '/home/agilex/agilex_ws/install/teb_msgs/local/lib/python3.10/dist-packages/teb_msgs/__init__.py'...
[16.142s] Listing '/home/agilex/agilex_ws/install/teb_msgs/local/lib/python3.10/dist-packages/teb_msgs/msg'...
[16.143s] Compiling '/home/agilex/agilex_ws/install/teb_msgs/local/lib/python3.10/dist-packages/teb_msgs/msg/__init__.py'...
[16.143s] Compiling '/home/agilex/agilex_ws/install/teb_msgs/local/lib/python3.10/dist-packages/teb_msgs/msg/_feedback_msg.py'...
[16.143s] Compiling '/home/agilex/agilex_ws/install/teb_msgs/local/lib/python3.10/dist-packages/teb_msgs/msg/_trajectory_msg.py'...
[16.143s] Compiling '/home/agilex/agilex_ws/install/teb_msgs/local/lib/python3.10/dist-packages/teb_msgs/msg/_trajectory_point_msg.py'...
[16.143s] -- Installing: /home/agilex/agilex_ws/install/teb_msgs/local/lib/python3.10/dist-packages/teb_msgs/teb_msgs_s__rosidl_typesupport_fastrtps_c.cpython-310-x86_64-linux-gnu.so
[16.143s] -- Set runtime path of "/home/agilex/agilex_ws/install/teb_msgs/local/lib/python3.10/dist-packages/teb_msgs/teb_msgs_s__rosidl_typesupport_fastrtps_c.cpython-310-x86_64-linux-gnu.so" to ""
[16.143s] -- Installing: /home/agilex/agilex_ws/install/teb_msgs/local/lib/python3.10/dist-packages/teb_msgs/teb_msgs_s__rosidl_typesupport_introspection_c.cpython-310-x86_64-linux-gnu.so
[16.143s] -- Set runtime path of "/home/agilex/agilex_ws/install/teb_msgs/local/lib/python3.10/dist-packages/teb_msgs/teb_msgs_s__rosidl_typesupport_introspection_c.cpython-310-x86_64-linux-gnu.so" to ""
[16.143s] -- Installing: /home/agilex/agilex_ws/install/teb_msgs/local/lib/python3.10/dist-packages/teb_msgs/teb_msgs_s__rosidl_typesupport_c.cpython-310-x86_64-linux-gnu.so
[16.143s] -- Set runtime path of "/home/agilex/agilex_ws/install/teb_msgs/local/lib/python3.10/dist-packages/teb_msgs/teb_msgs_s__rosidl_typesupport_c.cpython-310-x86_64-linux-gnu.so" to ""
[16.144s] -- Installing: /home/agilex/agilex_ws/install/teb_msgs/lib/libteb_msgs__rosidl_generator_py.so
[16.144s] -- Set runtime path of "/home/agilex/agilex_ws/install/teb_msgs/lib/libteb_msgs__rosidl_generator_py.so" to ""
[16.144s] -- Installing: /home/agilex/agilex_ws/install/teb_msgs/share/teb_msgs/msg/FeedbackMsg.idl
[16.144s] -- Installing: /home/agilex/agilex_ws/install/teb_msgs/share/teb_msgs/msg/TrajectoryMsg.idl
[16.144s] -- Installing: /home/agilex/agilex_ws/install/teb_msgs/share/teb_msgs/msg/TrajectoryPointMsg.idl
[16.144s] -- Installing: /home/agilex/agilex_ws/install/teb_msgs/share/teb_msgs/msg/FeedbackMsg.msg
[16.144s] -- Installing: /home/agilex/agilex_ws/install/teb_msgs/share/teb_msgs/msg/TrajectoryMsg.msg
[16.144s] -- Installing: /home/agilex/agilex_ws/install/teb_msgs/share/teb_msgs/msg/TrajectoryPointMsg.msg
[16.144s] -- Installing: /home/agilex/agilex_ws/install/teb_msgs/share/ament_index/resource_index/package_run_dependencies/teb_msgs
[16.144s] -- Installing: /home/agilex/agilex_ws/install/teb_msgs/share/ament_index/resource_index/parent_prefix_path/teb_msgs
[16.144s] -- Installing: /home/agilex/agilex_ws/install/teb_msgs/share/teb_msgs/environment/ament_prefix_path.sh
[16.144s] -- Installing: /home/agilex/agilex_ws/install/teb_msgs/share/teb_msgs/environment/ament_prefix_path.dsv
[16.144s] -- Installing: /home/agilex/agilex_ws/install/teb_msgs/share/teb_msgs/environment/path.sh
[16.145s] -- Installing: /home/agilex/agilex_ws/install/teb_msgs/share/teb_msgs/environment/path.dsv
[16.145s] -- Installing: /home/agilex/agilex_ws/install/teb_msgs/share/teb_msgs/local_setup.bash
[16.145s] -- Installing: /home/agilex/agilex_ws/install/teb_msgs/share/teb_msgs/local_setup.sh
[16.145s] -- Installing: /home/agilex/agilex_ws/install/teb_msgs/share/teb_msgs/local_setup.zsh
[16.145s] -- Installing: /home/agilex/agilex_ws/install/teb_msgs/share/teb_msgs/local_setup.dsv
[16.145s] -- Installing: /home/agilex/agilex_ws/install/teb_msgs/share/teb_msgs/package.dsv
[16.145s] -- Installing: /home/agilex/agilex_ws/install/teb_msgs/share/ament_index/resource_index/packages/teb_msgs
[16.145s] -- Installing: /home/agilex/agilex_ws/install/teb_msgs/share/teb_msgs/cmake/export_teb_msgs__rosidl_generator_cExport.cmake
[16.145s] -- Installing: /home/agilex/agilex_ws/install/teb_msgs/share/teb_msgs/cmake/export_teb_msgs__rosidl_generator_cExport-noconfig.cmake
[16.145s] -- Installing: /home/agilex/agilex_ws/install/teb_msgs/share/teb_msgs/cmake/export_teb_msgs__rosidl_typesupport_fastrtps_cExport.cmake
[16.145s] -- Installing: /home/agilex/agilex_ws/install/teb_msgs/share/teb_msgs/cmake/export_teb_msgs__rosidl_typesupport_fastrtps_cExport-noconfig.cmake
[16.145s] -- Installing: /home/agilex/agilex_ws/install/teb_msgs/share/teb_msgs/cmake/export_teb_msgs__rosidl_generator_cppExport.cmake
[16.145s] -- Installing: /home/agilex/agilex_ws/install/teb_msgs/share/teb_msgs/cmake/export_teb_msgs__rosidl_typesupport_fastrtps_cppExport.cmake
[16.145s] -- Installing: /home/agilex/agilex_ws/install/teb_msgs/share/teb_msgs/cmake/export_teb_msgs__rosidl_typesupport_fastrtps_cppExport-noconfig.cmake
[16.145s] -- Installing: /home/agilex/agilex_ws/install/teb_msgs/share/teb_msgs/cmake/teb_msgs__rosidl_typesupport_introspection_cExport.cmake
[16.145s] -- Installing: /home/agilex/agilex_ws/install/teb_msgs/share/teb_msgs/cmake/teb_msgs__rosidl_typesupport_introspection_cExport-noconfig.cmake
[16.146s] -- Installing: /home/agilex/agilex_ws/install/teb_msgs/share/teb_msgs/cmake/teb_msgs__rosidl_typesupport_cExport.cmake
[16.146s] -- Installing: /home/agilex/agilex_ws/install/teb_msgs/share/teb_msgs/cmake/teb_msgs__rosidl_typesupport_cExport-noconfig.cmake
[16.147s] -- Installing: /home/agilex/agilex_ws/install/teb_msgs/share/teb_msgs/cmake/teb_msgs__rosidl_typesupport_introspection_cppExport.cmake
[16.147s] -- Installing: /home/agilex/agilex_ws/install/teb_msgs/share/teb_msgs/cmake/teb_msgs__rosidl_typesupport_introspection_cppExport-noconfig.cmake
[16.147s] -- Installing: /home/agilex/agilex_ws/install/teb_msgs/share/teb_msgs/cmake/teb_msgs__rosidl_typesupport_cppExport.cmake
[16.147s] -- Installing: /home/agilex/agilex_ws/install/teb_msgs/share/teb_msgs/cmake/teb_msgs__rosidl_typesupport_cppExport-noconfig.cmake
[16.147s] -- Installing: /home/agilex/agilex_ws/install/teb_msgs/share/teb_msgs/cmake/export_teb_msgs__rosidl_generator_pyExport.cmake
[16.147s] -- Installing: /home/agilex/agilex_ws/install/teb_msgs/share/teb_msgs/cmake/export_teb_msgs__rosidl_generator_pyExport-noconfig.cmake
[16.148s] -- Installing: /home/agilex/agilex_ws/install/teb_msgs/share/teb_msgs/cmake/rosidl_cmake-extras.cmake
[16.148s] -- Installing: /home/agilex/agilex_ws/install/teb_msgs/share/teb_msgs/cmake/ament_cmake_export_dependencies-extras.cmake
[16.148s] -- Installing: /home/agilex/agilex_ws/install/teb_msgs/share/teb_msgs/cmake/ament_cmake_export_include_directories-extras.cmake
[16.148s] -- Installing: /home/agilex/agilex_ws/install/teb_msgs/share/teb_msgs/cmake/ament_cmake_export_libraries-extras.cmake
[16.148s] -- Installing: /home/agilex/agilex_ws/install/teb_msgs/share/teb_msgs/cmake/ament_cmake_export_targets-extras.cmake
[16.148s] -- Installing: /home/agilex/agilex_ws/install/teb_msgs/share/teb_msgs/cmake/rosidl_cmake_export_typesupport_targets-extras.cmake
[16.148s] -- Installing: /home/agilex/agilex_ws/install/teb_msgs/share/teb_msgs/cmake/rosidl_cmake_export_typesupport_libraries-extras.cmake
[16.148s] -- Installing: /home/agilex/agilex_ws/install/teb_msgs/share/teb_msgs/cmake/teb_msgsConfig.cmake
[16.148s] -- Installing: /home/agilex/agilex_ws/install/teb_msgs/share/teb_msgs/cmake/teb_msgsConfig-version.cmake
[16.148s] -- Installing: /home/agilex/agilex_ws/install/teb_msgs/share/teb_msgs/package.xml
[16.157s] Invoked command in '/home/agilex/agilex_ws/build/teb_msgs' returned '0': AMENT_PREFIX_PATH=/home/agilex/agilex_ws/install/costmap_converter_msgs:${AMENT_PREFIX_PATH} CMAKE_PREFIX_PATH=/home/agilex/agilex_ws/install/costmap_converter_msgs:/opt/ros/humble LD_LIBRARY_PATH=/home/agilex/agilex_ws/install/costmap_converter_msgs/lib:${LD_LIBRARY_PATH} PYTHONPATH=/home/agilex/agilex_ws/install/costmap_converter_msgs/local/lib/python3.10/dist-packages:${PYTHONPATH} /usr/bin/cmake --install /home/agilex/agilex_ws/build/teb_msgs
