[0.116s] Invoking command in '/home/agilex/agilex_ws/build/aruco_ros': AMENT_PREFIX_PATH=/home/agilex/agilex_ws/install/aruco_msgs:/home/agilex/agilex_ws/install/aruco:${AMENT_PREFIX_PATH} CMAKE_PREFIX_PATH=/home/agilex/agilex_ws/install/aruco_msgs:/home/agilex/agilex_ws/install/aruco:/opt/ros/humble LD_LIBRARY_PATH=/home/agilex/agilex_ws/install/aruco_msgs/lib:/home/agilex/agilex_ws/install/aruco/lib:${LD_LIBRARY_PATH} PYTHONPATH=/home/agilex/agilex_ws/install/aruco_msgs/local/lib/python3.10/dist-packages:${PYTHONPATH} /usr/bin/cmake --build /home/agilex/agilex_ws/build/aruco_ros -- -j8 -l8
[0.139s] [35m[1mConsolidate compiler generated dependencies of target aruco_ros_utils[0m
[0.140s] [35m[1mConsolidate compiler generated dependencies of target marker_publisher[0m
[0.140s] [35m[1mConsolidate compiler generated dependencies of target single[0m
[0.140s] [ 18%] Built target aruco_ros_utils
[0.140s] [35m[1mConsolidate compiler generated dependencies of target double[0m
[0.140s] [ 45%] Built target single
[0.141s] [ 72%] Built target marker_publisher
[0.157s] [100%] Built target double
[0.176s] Invoked command in '/home/agilex/agilex_ws/build/aruco_ros' returned '0': AMENT_PREFIX_PATH=/home/agilex/agilex_ws/install/aruco_msgs:/home/agilex/agilex_ws/install/aruco:${AMENT_PREFIX_PATH} CMAKE_PREFIX_PATH=/home/agilex/agilex_ws/install/aruco_msgs:/home/agilex/agilex_ws/install/aruco:/opt/ros/humble LD_LIBRARY_PATH=/home/agilex/agilex_ws/install/aruco_msgs/lib:/home/agilex/agilex_ws/install/aruco/lib:${LD_LIBRARY_PATH} PYTHONPATH=/home/agilex/agilex_ws/install/aruco_msgs/local/lib/python3.10/dist-packages:${PYTHONPATH} /usr/bin/cmake --build /home/agilex/agilex_ws/build/aruco_ros -- -j8 -l8
[0.201s] Invoking command in '/home/agilex/agilex_ws/build/aruco_ros': AMENT_PREFIX_PATH=/home/agilex/agilex_ws/install/aruco_msgs:/home/agilex/agilex_ws/install/aruco:${AMENT_PREFIX_PATH} CMAKE_PREFIX_PATH=/home/agilex/agilex_ws/install/aruco_msgs:/home/agilex/agilex_ws/install/aruco:/opt/ros/humble LD_LIBRARY_PATH=/home/agilex/agilex_ws/install/aruco_msgs/lib:/home/agilex/agilex_ws/install/aruco/lib:${LD_LIBRARY_PATH} PYTHONPATH=/home/agilex/agilex_ws/install/aruco_msgs/local/lib/python3.10/dist-packages:${PYTHONPATH} /usr/bin/cmake --install /home/agilex/agilex_ws/build/aruco_ros
[0.213s] -- Install configuration: ""
[0.214s] -- Up-to-date: /home/agilex/agilex_ws/install/aruco_ros/lib/libaruco_ros_utils.so
[0.217s] -- Up-to-date: /home/agilex/agilex_ws/install/aruco_ros/lib/aruco_ros/marker_publisher
[0.224s] -- Up-to-date: /home/agilex/agilex_ws/install/aruco_ros/lib/aruco_ros/single
[0.225s] -- Up-to-date: /home/agilex/agilex_ws/install/aruco_ros/lib/aruco_ros/double
[0.229s] -- Up-to-date: /home/agilex/agilex_ws/install/aruco_ros/include
[0.229s] -- Up-to-date: /home/agilex/agilex_ws/install/aruco_ros/include/aruco_ros
[0.229s] -- Up-to-date: /home/agilex/agilex_ws/install/aruco_ros/share/aruco_ros/etc
[0.229s] -- Up-to-date: /home/agilex/agilex_ws/install/aruco_ros/share/aruco_ros/etc/marker_in_object.jpg
[0.229s] -- Up-to-date: /home/agilex/agilex_ws/install/aruco_ros/share/aruco_ros/etc/reem_gazebo_floating_marker.png
[0.229s] -- Up-to-date: /home/agilex/agilex_ws/install/aruco_ros/share/aruco_ros/etc/marker_in_hand.jpg
[0.229s] -- Up-to-date: /home/agilex/agilex_ws/install/aruco_ros/share/aruco_ros/etc/new_coordinates.png
[0.229s] -- Up-to-date: /home/agilex/agilex_ws/install/aruco_ros/share/aruco_ros/etc/marker26_5cm_margin_2cm.jpg
[0.230s] -- Up-to-date: /home/agilex/agilex_ws/install/aruco_ros/share/aruco_ros/etc/reem_gazebo_floating_marker_world.png
[0.230s] -- Up-to-date: /home/agilex/agilex_ws/install/aruco_ros/share/aruco_ros/etc/marker582_5cm_margin_2cm.jpg
[0.230s] -- Up-to-date: /home/agilex/agilex_ws/install/aruco_ros/share/aruco_ros/etc/marker582_5cm.jpg
[0.230s] -- Up-to-date: /home/agilex/agilex_ws/install/aruco_ros/share/aruco_ros/etc/marker26_5cm.jpg
[0.230s] -- Up-to-date: /home/agilex/agilex_ws/install/aruco_ros/share/aruco_ros/etc/marker26_5cm_margin_1cm.jpg
[0.230s] -- Up-to-date: /home/agilex/agilex_ws/install/aruco_ros/share/aruco_ros/launch
[0.230s] -- Up-to-date: /home/agilex/agilex_ws/install/aruco_ros/share/aruco_ros/launch/marker_publisher.launch.py
[0.230s] -- Up-to-date: /home/agilex/agilex_ws/install/aruco_ros/share/aruco_ros/launch/single.launch.py
[0.230s] -- Up-to-date: /home/agilex/agilex_ws/install/aruco_ros/share/aruco_ros/launch/double.launch.py
[0.230s] -- Up-to-date: /home/agilex/agilex_ws/install/aruco_ros/share/ament_index/resource_index/package_run_dependencies/aruco_ros
[0.231s] -- Up-to-date: /home/agilex/agilex_ws/install/aruco_ros/share/ament_index/resource_index/parent_prefix_path/aruco_ros
[0.231s] -- Up-to-date: /home/agilex/agilex_ws/install/aruco_ros/share/aruco_ros/environment/ament_prefix_path.sh
[0.231s] -- Up-to-date: /home/agilex/agilex_ws/install/aruco_ros/share/aruco_ros/environment/ament_prefix_path.dsv
[0.232s] -- Up-to-date: /home/agilex/agilex_ws/install/aruco_ros/share/aruco_ros/environment/path.sh
[0.232s] -- Up-to-date: /home/agilex/agilex_ws/install/aruco_ros/share/aruco_ros/environment/path.dsv
[0.232s] -- Up-to-date: /home/agilex/agilex_ws/install/aruco_ros/share/aruco_ros/local_setup.bash
[0.232s] -- Up-to-date: /home/agilex/agilex_ws/install/aruco_ros/share/aruco_ros/local_setup.sh
[0.232s] -- Up-to-date: /home/agilex/agilex_ws/install/aruco_ros/share/aruco_ros/local_setup.zsh
[0.232s] -- Up-to-date: /home/agilex/agilex_ws/install/aruco_ros/share/aruco_ros/local_setup.dsv
[0.232s] -- Installing: /home/agilex/agilex_ws/install/aruco_ros/share/aruco_ros/package.dsv
[0.232s] -- Up-to-date: /home/agilex/agilex_ws/install/aruco_ros/share/ament_index/resource_index/packages/aruco_ros
[0.232s] -- Up-to-date: /home/agilex/agilex_ws/install/aruco_ros/share/aruco_ros/cmake/aruco_rosConfig.cmake
[0.232s] -- Up-to-date: /home/agilex/agilex_ws/install/aruco_ros/share/aruco_ros/cmake/aruco_rosConfig-version.cmake
[0.232s] -- Up-to-date: /home/agilex/agilex_ws/install/aruco_ros/share/aruco_ros/package.xml
[0.238s] Invoked command in '/home/agilex/agilex_ws/build/aruco_ros' returned '0': AMENT_PREFIX_PATH=/home/agilex/agilex_ws/install/aruco_msgs:/home/agilex/agilex_ws/install/aruco:${AMENT_PREFIX_PATH} CMAKE_PREFIX_PATH=/home/agilex/agilex_ws/install/aruco_msgs:/home/agilex/agilex_ws/install/aruco:/opt/ros/humble LD_LIBRARY_PATH=/home/agilex/agilex_ws/install/aruco_msgs/lib:/home/agilex/agilex_ws/install/aruco/lib:${LD_LIBRARY_PATH} PYTHONPATH=/home/agilex/agilex_ws/install/aruco_msgs/local/lib/python3.10/dist-packages:${PYTHONPATH} /usr/bin/cmake --install /home/agilex/agilex_ws/build/aruco_ros
