[0.129s] Invoking command in '/home/agilex/agilex_ws/build/limo_visions': CMAKE_PREFIX_PATH=${CMAKE_PREFIX_PATH}:/home/agilex/agilex_ws/install/yolov5_ros2:/home/agilex/agilex_ws/install/nav2_simple_commander:/opt/ros/humble /usr/bin/cmake --build /home/agilex/agilex_ws/build/limo_visions -- -j16 -l16
[0.296s] [ 25%] Built target move_to_ar
[0.314s] [ 50%] Built target object_detect
[0.321s] [ 75%] Built target detect_line
[0.333s] [100%] Built target traffic_light
[0.374s] Invoked command in '/home/agilex/agilex_ws/build/limo_visions' returned '0': CMAKE_PREFIX_PATH=${CMAKE_PREFIX_PATH}:/home/agilex/agilex_ws/install/yolov5_ros2:/home/agilex/agilex_ws/install/nav2_simple_commander:/opt/ros/humble /usr/bin/cmake --build /home/agilex/agilex_ws/build/limo_visions -- -j16 -l16
[0.501s] Invoking command in '/home/agilex/agilex_ws/build/limo_visions': CMAKE_PREFIX_PATH=${CMAKE_PREFIX_PATH}:/home/agilex/agilex_ws/install/yolov5_ros2:/home/agilex/agilex_ws/install/nav2_simple_commander:/opt/ros/humble /usr/bin/cmake --install /home/agilex/agilex_ws/build/limo_visions
[0.518s] -- Install configuration: ""
[0.518s] -- Up-to-date: /home/agilex/agilex_ws/install/limo_visions/lib/limo_visions/move_to_ar
[0.518s] -- Up-to-date: /home/agilex/agilex_ws/install/limo_visions/lib/limo_visions/object_detect
[0.518s] -- Up-to-date: /home/agilex/agilex_ws/install/limo_visions/lib/limo_visions/detect_line
[0.518s] -- Up-to-date: /home/agilex/agilex_ws/install/limo_visions/lib/limo_visions/traffic_light
[0.518s] -- Up-to-date: /home/agilex/agilex_ws/install/limo_visions/share/ament_index/resource_index/package_run_dependencies/limo_visions
[0.518s] -- Up-to-date: /home/agilex/agilex_ws/install/limo_visions/share/ament_index/resource_index/parent_prefix_path/limo_visions
[0.518s] -- Up-to-date: /home/agilex/agilex_ws/install/limo_visions/share/limo_visions/environment/ament_prefix_path.sh
[0.518s] -- Up-to-date: /home/agilex/agilex_ws/install/limo_visions/share/limo_visions/environment/ament_prefix_path.dsv
[0.518s] -- Up-to-date: /home/agilex/agilex_ws/install/limo_visions/share/limo_visions/environment/path.sh
[0.518s] -- Up-to-date: /home/agilex/agilex_ws/install/limo_visions/share/limo_visions/environment/path.dsv
[0.518s] -- Up-to-date: /home/agilex/agilex_ws/install/limo_visions/share/limo_visions/local_setup.bash
[0.519s] -- Up-to-date: /home/agilex/agilex_ws/install/limo_visions/share/limo_visions/local_setup.sh
[0.519s] -- Up-to-date: /home/agilex/agilex_ws/install/limo_visions/share/limo_visions/local_setup.zsh
[0.519s] -- Up-to-date: /home/agilex/agilex_ws/install/limo_visions/share/limo_visions/local_setup.dsv
[0.519s] -- Installing: /home/agilex/agilex_ws/install/limo_visions/share/limo_visions/package.dsv
[0.519s] -- Up-to-date: /home/agilex/agilex_ws/install/limo_visions/share/ament_index/resource_index/packages/limo_visions
[0.519s] -- Up-to-date: /home/agilex/agilex_ws/install/limo_visions/share/limo_visions/cmake/ament_cmake_export_include_directories-extras.cmake
[0.519s] -- Up-to-date: /home/agilex/agilex_ws/install/limo_visions/share/limo_visions/cmake/ament_cmake_export_dependencies-extras.cmake
[0.519s] -- Up-to-date: /home/agilex/agilex_ws/install/limo_visions/share/limo_visions/cmake/limo_visionsConfig.cmake
[0.519s] -- Up-to-date: /home/agilex/agilex_ws/install/limo_visions/share/limo_visions/cmake/limo_visionsConfig-version.cmake
[0.519s] -- Up-to-date: /home/agilex/agilex_ws/install/limo_visions/share/limo_visions/package.xml
[0.665s] Invoked command in '/home/agilex/agilex_ws/build/limo_visions' returned '0': CMAKE_PREFIX_PATH=${CMAKE_PREFIX_PATH}:/home/agilex/agilex_ws/install/yolov5_ros2:/home/agilex/agilex_ws/install/nav2_simple_commander:/opt/ros/humble /usr/bin/cmake --install /home/agilex/agilex_ws/build/limo_visions
