[0.254s] Invoking command in '/home/agilex/agilex_ws/build/csm': CMAKE_PREFIX_PATH=${CMAKE_PREFIX_PATH}:/home/agilex/agilex_ws/install/yolov5_ros2:/home/agilex/agilex_ws/install/nav2_simple_commander:/opt/ros/humble /usr/bin/cmake --build /home/agilex/agilex_ws/build/csm -- -j16 -l16
[0.413s] [100%] Built target csm
[0.445s] Invoked command in '/home/agilex/agilex_ws/build/csm' returned '0': CMAKE_PREFIX_PATH=${CMAKE_PREFIX_PATH}:/home/agilex/agilex_ws/install/yolov5_ros2:/home/agilex/agilex_ws/install/nav2_simple_commander:/opt/ros/humble /usr/bin/cmake --build /home/agilex/agilex_ws/build/csm -- -j16 -l16
[0.901s] Invoking command in '/home/agilex/agilex_ws/build/csm': CMAKE_PREFIX_PATH=${CMAKE_PREFIX_PATH}:/home/agilex/agilex_ws/install/yolov5_ros2:/home/agilex/agilex_ws/install/nav2_simple_commander:/opt/ros/humble /usr/bin/cmake --install /home/agilex/agilex_ws/build/csm
[0.945s] -- Install configuration: ""
[0.945s] -- Up-to-date: /home/agilex/agilex_ws/install/csm/lib/libcsm.so
[0.945s] -- Up-to-date: /home/agilex/agilex_ws/install/csm/include/..//include
[0.945s] -- Up-to-date: /home/agilex/agilex_ws/install/csm/include/..//include/gsl_eigen
[0.945s] -- Up-to-date: /home/agilex/agilex_ws/install/csm/include/..//include/gsl_eigen/gsl_eigen.h
[0.945s] -- Up-to-date: /home/agilex/agilex_ws/install/csm/include/..//include/csm
[0.945s] -- Up-to-date: /home/agilex/agilex_ws/install/csm/include/..//include/csm/restrict.h
[0.945s] -- Up-to-date: /home/agilex/agilex_ws/install/csm/include/..//include/csm/laser_data.h
[0.946s] -- Up-to-date: /home/agilex/agilex_ws/install/csm/include/..//include/csm/laser_data_inline.h
[0.946s] -- Up-to-date: /home/agilex/agilex_ws/install/csm/include/..//include/csm/csm.h
[0.946s] -- Up-to-date: /home/agilex/agilex_ws/install/csm/include/..//include/csm/algos.h
[0.946s] -- Up-to-date: /home/agilex/agilex_ws/install/csm/share/csm/resource
[0.946s] -- Up-to-date: /home/agilex/agilex_ws/install/csm/share/csm/resource/csm
[0.946s] -- Up-to-date: /home/agilex/agilex_ws/install/csm/include/../gsl_eigen
[0.946s] -- Up-to-date: /home/agilex/agilex_ws/install/csm/include/../gsl_eigen/gsl_eigen.h
[0.946s] -- Up-to-date: /home/agilex/agilex_ws/install/csm/share/csm/environment/library_path.sh
[0.946s] -- Up-to-date: /home/agilex/agilex_ws/install/csm/share/csm/environment/library_path.dsv
[0.946s] -- Up-to-date: /home/agilex/agilex_ws/install/csm/share/ament_index/resource_index/package_run_dependencies/csm
[0.946s] -- Up-to-date: /home/agilex/agilex_ws/install/csm/share/ament_index/resource_index/parent_prefix_path/csm
[0.946s] -- Up-to-date: /home/agilex/agilex_ws/install/csm/share/csm/environment/ament_prefix_path.sh
[0.946s] -- Up-to-date: /home/agilex/agilex_ws/install/csm/share/csm/environment/ament_prefix_path.dsv
[0.947s] -- Up-to-date: /home/agilex/agilex_ws/install/csm/share/csm/environment/path.sh
[0.947s] -- Up-to-date: /home/agilex/agilex_ws/install/csm/share/csm/environment/path.dsv
[0.947s] -- Up-to-date: /home/agilex/agilex_ws/install/csm/share/csm/local_setup.bash
[0.948s] -- Up-to-date: /home/agilex/agilex_ws/install/csm/share/csm/local_setup.sh
[0.948s] -- Up-to-date: /home/agilex/agilex_ws/install/csm/share/csm/local_setup.zsh
[0.948s] -- Up-to-date: /home/agilex/agilex_ws/install/csm/share/csm/local_setup.dsv
[0.948s] -- Installing: /home/agilex/agilex_ws/install/csm/share/csm/package.dsv
[0.948s] -- Up-to-date: /home/agilex/agilex_ws/install/csm/share/ament_index/resource_index/packages/csm
[0.948s] -- Up-to-date: /home/agilex/agilex_ws/install/csm/share/csm/cmake/ament_cmake_export_dependencies-extras.cmake
[0.948s] -- Up-to-date: /home/agilex/agilex_ws/install/csm/share/csm/cmake/ament_cmake_export_include_directories-extras.cmake
[0.948s] -- Up-to-date: /home/agilex/agilex_ws/install/csm/share/csm/cmake/ament_cmake_export_libraries-extras.cmake
[0.948s] -- Up-to-date: /home/agilex/agilex_ws/install/csm/share/csm/cmake/csmConfig.cmake
[0.948s] -- Up-to-date: /home/agilex/agilex_ws/install/csm/share/csm/cmake/csmConfig-version.cmake
[0.948s] -- Up-to-date: /home/agilex/agilex_ws/install/csm/share/csm/package.xml
[1.226s] Invoked command in '/home/agilex/agilex_ws/build/csm' returned '0': CMAKE_PREFIX_PATH=${CMAKE_PREFIX_PATH}:/home/agilex/agilex_ws/install/yolov5_ros2:/home/agilex/agilex_ws/install/nav2_simple_commander:/opt/ros/humble /usr/bin/cmake --install /home/agilex/agilex_ws/build/csm
