-- The C compiler identification is GNU 11.4.0
-- The CXX compiler identification is GNU 11.4.0
-- Detecting C compiler ABI info
-- Detecting C compiler ABI info - done
-- Check for working C compiler: /usr/bin/cc - skipped
-- Detecting C compile features
-- Detecting C compile features - done
-- Detecting CXX compiler ABI info
-- Detecting CXX compiler ABI info - done
-- Check for working CXX compiler: /usr/bin/c++ - skipped
-- Detecting CXX compile features
-- Detecting CXX compile features - done
-- Found ament_cmake: 1.3.6 (/opt/ros/humble/share/ament_cmake/cmake)
-- Found Python3: /usr/bin/python3.10 (found version "3.10.12") found components: Interpreter 
-- Found ament_index_cpp: 1.4.0 (/opt/ros/humble/share/ament_index_cpp/cmake)
-- Found builtin_interfaces: 1.2.1 (/opt/ros/humble/share/builtin_interfaces/cmake)
-- Found rosidl_generator_c: 3.1.5 (/opt/ros/humble/share/rosidl_generator_c/cmake)
-- Found rosidl_adapter: 3.1.5 (/opt/ros/humble/share/rosidl_adapter/cmake)
-- Found rosidl_generator_cpp: 3.1.5 (/opt/ros/humble/share/rosidl_generator_cpp/cmake)
-- Using all available rosidl_typesupport_c: rosidl_typesupport_fastrtps_c;rosidl_typesupport_introspection_c
-- Using all available rosidl_typesupport_cpp: rosidl_typesupport_fastrtps_cpp;rosidl_typesupport_introspection_cpp
-- Found cv_bridge: 3.2.1 (/opt/ros/humble/share/cv_bridge/cmake)
-- Found camera_info_manager: 3.1.7 (/opt/ros/humble/share/camera_info_manager/cmake)
-- Found rmw_implementation_cmake: 6.1.1 (/opt/ros/humble/share/rmw_implementation_cmake/cmake)
-- Found rmw_fastrtps_cpp: 6.2.5 (/opt/ros/humble/share/rmw_fastrtps_cpp/cmake)
-- Found OpenSSL: /usr/lib/x86_64-linux-gnu/libcrypto.so (found version "3.0.2")  
-- Found FastRTPS: /opt/ros/humble/include  
-- Using RMW implementation 'rmw_fastrtps_cpp' as default
-- Looking for pthread.h
-- Looking for pthread.h - found
-- Performing Test CMAKE_HAVE_LIBC_PTHREAD
-- Performing Test CMAKE_HAVE_LIBC_PTHREAD - Success
-- Found Threads: TRUE  
-- Found image_transport: 3.1.7 (/opt/ros/humble/share/image_transport/cmake)
-- Found image_publisher: 3.0.0 (/opt/ros/humble/share/image_publisher/cmake)
-- Found OpenCV: /usr (found version "4.5.4") 
-- Found orbbec_camera_msgs: 1.2.2 (/home/agilex/agilex_ws/install/orbbec_camera_msgs/share/orbbec_camera_msgs/cmake)
-- Found std_srvs: 4.2.3 (/opt/ros/humble/share/std_srvs/cmake)
-- Found tf2: 0.25.5 (/opt/ros/humble/share/tf2/cmake)
-- Found tf2_eigen: 0.25.5 (/opt/ros/humble/share/tf2_eigen/cmake)
-- Found tf2_sensor_msgs: 0.25.5 (/opt/ros/humble/share/tf2_sensor_msgs/cmake)
-- Found PkgConfig: /usr/bin/pkg-config (found version "0.29.2") 
-- Checking for one of the modules 'libglog'
-- ORRBEC Machine : x86_64

-- ORRBEC Machine Bits : 64

-- Found ament_lint_auto: 0.12.9 (/opt/ros/humble/share/ament_lint_auto/cmake)
-- Configuring done
-- Generating done
-- Build files have been written to: /home/agilex/agilex_ws/build/orbbec_camera
[  5%] [32mBuilding CXX object CMakeFiles/orbbec_camera.dir/src/d2c_viewer.cpp.o[0m
[ 11%] [32mBuilding CXX object CMakeFiles/orbbec_camera.dir/src/synced_imu_publisher.cpp.o[0m
[ 16%] [32mBuilding CXX object CMakeFiles/orbbec_camera.dir/src/ros_service.cpp.o[0m
[ 22%] [32mBuilding CXX object CMakeFiles/orbbec_camera.dir/src/utils.cpp.o[0m
[ 27%] [32mBuilding CXX object CMakeFiles/orbbec_camera.dir/src/ros_param_backend.cpp.o[0m
[ 33%] [32mBuilding CXX object CMakeFiles/orbbec_camera.dir/src/ob_camera_node.cpp.o[0m
[ 38%] [32mBuilding CXX object CMakeFiles/orbbec_camera.dir/src/ob_camera_node_driver.cpp.o[0m
[ 50%] [32mBuilding CXX object CMakeFiles/orbbec_camera.dir/src/jpeg_decoder.cpp.o[0m
[ 50%] [32mBuilding CXX object CMakeFiles/orbbec_camera.dir/src/dynamic_params.cpp.o[0m
[ 55%] [32m[1mLinking CXX shared library liborbbec_camera.so[0m
[ 55%] Built target orbbec_camera
[ 61%] [32mBuilding CXX object CMakeFiles/list_devices_node.dir/src/list_devices_node.cpp.o[0m
[ 66%] [32mBuilding CXX object CMakeFiles/list_depth_work_mode_node.dir/src/list_depth_work_mode.cpp.o[0m
[ 72%] [32mBuilding CXX object CMakeFiles/orbbec_camera_node.dir/rclcpp_components/node_main_orbbec_camera_node.cpp.o[0m
[ 77%] [32m[1mLinking CXX executable orbbec_camera_node[0m
[ 77%] Built target orbbec_camera_node
[ 83%] [32mBuilding CXX object CMakeFiles/list_camera_profile_mode_node.dir/src/list_camera_profile.cpp.o[0m
[ 88%] [32m[1mLinking CXX executable list_depth_work_mode_node[0m
[ 94%] [32m[1mLinking CXX executable list_devices_node[0m
[ 94%] Built target list_depth_work_mode_node
[ 94%] Built target list_devices_node
[100%] [32m[1mLinking CXX executable list_camera_profile_mode_node[0m
[100%] Built target list_camera_profile_mode_node
-- Install configuration: "Release"
-- Installing: /home/agilex/agilex_ws/install/orbbec_camera/lib/orbbec_camera/orbbec_camera_node
-- Set runtime path of "/home/agilex/agilex_ws/install/orbbec_camera/lib/orbbec_camera/orbbec_camera_node" to ":/home/agilex/agilex_ws/src/OrbbecSDK_ROS2/orbbec_camera/SDK/lib/x64"
-- Installing: /home/agilex/agilex_ws/install/orbbec_camera/lib/liborbbec_camera.so
-- Set runtime path of "/home/agilex/agilex_ws/install/orbbec_camera/lib/liborbbec_camera.so" to ":/home/agilex/agilex_ws/src/OrbbecSDK_ROS2/orbbec_camera/SDK/lib/x64"
-- Installing: /home/agilex/agilex_ws/install/orbbec_camera/include
-- Installing: /home/agilex/agilex_ws/install/orbbec_camera/include/magic_enum
-- Installing: /home/agilex/agilex_ws/install/orbbec_camera/include/magic_enum/magic_enum.hpp
-- Installing: /home/agilex/agilex_ws/install/orbbec_camera/include/orbbec_camera
-- Installing: /home/agilex/agilex_ws/install/orbbec_camera/include/orbbec_camera/d2c_viewer.h
-- Installing: /home/agilex/agilex_ws/install/orbbec_camera/include/orbbec_camera/jpeg_decoder.h
-- Installing: /home/agilex/agilex_ws/install/orbbec_camera/include/orbbec_camera/utils.h
-- Installing: /home/agilex/agilex_ws/install/orbbec_camera/include/orbbec_camera/ob_camera_node_driver.h
-- Installing: /home/agilex/agilex_ws/install/orbbec_camera/include/orbbec_camera/ros_param_backend.h
-- Installing: /home/agilex/agilex_ws/install/orbbec_camera/include/orbbec_camera/synced_imu_publisher.h
-- Installing: /home/agilex/agilex_ws/install/orbbec_camera/include/orbbec_camera/constants.h
-- Installing: /home/agilex/agilex_ws/install/orbbec_camera/include/orbbec_camera/dynamic_params.h
-- Installing: /home/agilex/agilex_ws/install/orbbec_camera/include/orbbec_camera/ob_camera_node.h
-- Installing: /home/agilex/agilex_ws/install/orbbec_camera/include/orbbec_camera/jetson_nv_decoder.h
-- Installing: /home/agilex/agilex_ws/install/orbbec_camera/include/orbbec_camera/rk_mpp_decoder.h
-- Installing: /home/agilex/agilex_ws/install/orbbec_camera/share/orbbec_camera//launch
-- Installing: /home/agilex/agilex_ws/install/orbbec_camera/share/orbbec_camera//launch/astra_embedded_s.launch.py
-- Installing: /home/agilex/agilex_ws/install/orbbec_camera/share/orbbec_camera//launch/dabai_d1.launch.py
-- Installing: /home/agilex/agilex_ws/install/orbbec_camera/share/orbbec_camera//launch/dabai.launch.py
-- Installing: /home/agilex/agilex_ws/install/orbbec_camera/share/orbbec_camera//launch/femto_mega.launch.py
-- Installing: /home/agilex/agilex_ws/install/orbbec_camera/share/orbbec_camera//launch/dabai_dw.launch.py
-- Installing: /home/agilex/agilex_ws/install/orbbec_camera/share/orbbec_camera//launch/dabai_dcw.launch.py
-- Installing: /home/agilex/agilex_ws/install/orbbec_camera/share/orbbec_camera//launch/multi_camera.launch.py
-- Installing: /home/agilex/agilex_ws/install/orbbec_camera/share/orbbec_camera//launch/gemini2VL.launch.py
-- Installing: /home/agilex/agilex_ws/install/orbbec_camera/share/orbbec_camera//launch/ob_camera.launch.py
-- Installing: /home/agilex/agilex_ws/install/orbbec_camera/share/orbbec_camera//launch/femto.launch.py
-- Installing: /home/agilex/agilex_ws/install/orbbec_camera/share/orbbec_camera//launch/gemini_e.launch.py
-- Installing: /home/agilex/agilex_ws/install/orbbec_camera/share/orbbec_camera//launch/dabai_max.launch.py
-- Installing: /home/agilex/agilex_ws/install/orbbec_camera/share/orbbec_camera//launch/gemini2XL.launch.py
-- Installing: /home/agilex/agilex_ws/install/orbbec_camera/share/orbbec_camera//launch/astra_adv.launch.py
-- Installing: /home/agilex/agilex_ws/install/orbbec_camera/share/orbbec_camera//launch/astra.launch.py
-- Installing: /home/agilex/agilex_ws/install/orbbec_camera/share/orbbec_camera//launch/astra2.launch.py
-- Installing: /home/agilex/agilex_ws/install/orbbec_camera/share/orbbec_camera//launch/dabai_pro.launch.py
-- Installing: /home/agilex/agilex_ws/install/orbbec_camera/share/orbbec_camera//launch/gemini_e_lite.launch.py
-- Installing: /home/agilex/agilex_ws/install/orbbec_camera/share/orbbec_camera//launch/gemini2L.launch.py
-- Installing: /home/agilex/agilex_ws/install/orbbec_camera/share/orbbec_camera//launch/gemini2.launch.py
-- Installing: /home/agilex/agilex_ws/install/orbbec_camera/share/orbbec_camera//launch/femto_bolt.launch.py
-- Installing: /home/agilex/agilex_ws/install/orbbec_camera/share/orbbec_camera//launch/deeya.launch.py
-- Installing: /home/agilex/agilex_ws/install/orbbec_camera/share/orbbec_camera//launch/dabai_dcw2.launch.py
-- Installing: /home/agilex/agilex_ws/install/orbbec_camera/share/orbbec_camera//launch/astra_stereo_u3.launch.py
-- Installing: /home/agilex/agilex_ws/install/orbbec_camera/share/orbbec_camera//config
-- Installing: /home/agilex/agilex_ws/install/orbbec_camera/share/orbbec_camera//config/.gitkeep
-- Installing: /home/agilex/agilex_ws/install/orbbec_camera/share/orbbec_camera//config/OrbbecSDKConfig_v1.0.xml
-- Up-to-date: /home/agilex/agilex_ws/install/orbbec_camera/include
-- Installing: /home/agilex/agilex_ws/install/orbbec_camera/include/libobsensor
-- Installing: /home/agilex/agilex_ws/install/orbbec_camera/include/libobsensor/ObSensor.h
-- Installing: /home/agilex/agilex_ws/install/orbbec_camera/include/libobsensor/hpp
-- Installing: /home/agilex/agilex_ws/install/orbbec_camera/include/libobsensor/hpp/Error.hpp
-- Installing: /home/agilex/agilex_ws/install/orbbec_camera/include/libobsensor/hpp/Version.hpp
-- Installing: /home/agilex/agilex_ws/install/orbbec_camera/include/libobsensor/hpp/RecordPlayback.hpp
-- Installing: /home/agilex/agilex_ws/install/orbbec_camera/include/libobsensor/hpp/Filter.hpp
-- Installing: /home/agilex/agilex_ws/install/orbbec_camera/include/libobsensor/hpp/Context.hpp
-- Installing: /home/agilex/agilex_ws/install/orbbec_camera/include/libobsensor/hpp/Pipeline.hpp
-- Installing: /home/agilex/agilex_ws/install/orbbec_camera/include/libobsensor/hpp/Frame.hpp
-- Installing: /home/agilex/agilex_ws/install/orbbec_camera/include/libobsensor/hpp/Types.hpp
-- Installing: /home/agilex/agilex_ws/install/orbbec_camera/include/libobsensor/hpp/Device.hpp
-- Installing: /home/agilex/agilex_ws/install/orbbec_camera/include/libobsensor/hpp/StreamProfile.hpp
-- Installing: /home/agilex/agilex_ws/install/orbbec_camera/include/libobsensor/hpp/Sensor.hpp
-- Installing: /home/agilex/agilex_ws/install/orbbec_camera/include/libobsensor/h
-- Installing: /home/agilex/agilex_ws/install/orbbec_camera/include/libobsensor/h/MultipleDevices.h
-- Installing: /home/agilex/agilex_ws/install/orbbec_camera/include/libobsensor/h/Error.h
-- Installing: /home/agilex/agilex_ws/install/orbbec_camera/include/libobsensor/h/Sensor.h
-- Installing: /home/agilex/agilex_ws/install/orbbec_camera/include/libobsensor/h/Pipeline.h
-- Installing: /home/agilex/agilex_ws/install/orbbec_camera/include/libobsensor/h/Context.h
-- Installing: /home/agilex/agilex_ws/install/orbbec_camera/include/libobsensor/h/RecordPlayback.h
-- Installing: /home/agilex/agilex_ws/install/orbbec_camera/include/libobsensor/h/ObTypes.h
-- Installing: /home/agilex/agilex_ws/install/orbbec_camera/include/libobsensor/h/Version.h
-- Installing: /home/agilex/agilex_ws/install/orbbec_camera/include/libobsensor/h/Filter.h
-- Installing: /home/agilex/agilex_ws/install/orbbec_camera/include/libobsensor/h/Frame.h
-- Installing: /home/agilex/agilex_ws/install/orbbec_camera/include/libobsensor/h/StreamProfile.h
-- Installing: /home/agilex/agilex_ws/install/orbbec_camera/include/libobsensor/h/Property.h
-- Installing: /home/agilex/agilex_ws/install/orbbec_camera/include/libobsensor/h/Device.h
-- Installing: /home/agilex/agilex_ws/install/orbbec_camera/include/libobsensor/ObSensor.hpp
-- Up-to-date: /home/agilex/agilex_ws/install/orbbec_camera/lib/
-- Installing: /home/agilex/agilex_ws/install/orbbec_camera/lib//libdepthengine.so.2.0
-- Installing: /home/agilex/agilex_ws/install/orbbec_camera/lib//libdepthengine.so
-- Installing: /home/agilex/agilex_ws/install/orbbec_camera/lib//libOrbbecSDK.so
-- Installing: /home/agilex/agilex_ws/install/orbbec_camera/lib//libOrbbecSDK.so.1.8.3
-- Installing: /home/agilex/agilex_ws/install/orbbec_camera/lib//libOrbbecSDK.so.1.8
-- Installing: /home/agilex/agilex_ws/install/orbbec_camera/lib/orbbec_camera/list_devices_node
-- Set runtime path of "/home/agilex/agilex_ws/install/orbbec_camera/lib/orbbec_camera/list_devices_node" to ":/home/agilex/agilex_ws/src/OrbbecSDK_ROS2/orbbec_camera/SDK/lib/x64"
-- Installing: /home/agilex/agilex_ws/install/orbbec_camera/lib/orbbec_camera/list_depth_work_mode_node
-- Set runtime path of "/home/agilex/agilex_ws/install/orbbec_camera/lib/orbbec_camera/list_depth_work_mode_node" to ":/home/agilex/agilex_ws/src/OrbbecSDK_ROS2/orbbec_camera/SDK/lib/x64"
-- Installing: /home/agilex/agilex_ws/install/orbbec_camera/lib/orbbec_camera/list_camera_profile_mode_node
-- Set runtime path of "/home/agilex/agilex_ws/install/orbbec_camera/lib/orbbec_camera/list_camera_profile_mode_node" to ":/home/agilex/agilex_ws/src/OrbbecSDK_ROS2/orbbec_camera/SDK/lib/x64"
-- Installing: /home/agilex/agilex_ws/install/orbbec_camera/share/orbbec_camera/environment/library_path.sh
-- Installing: /home/agilex/agilex_ws/install/orbbec_camera/share/orbbec_camera/environment/library_path.dsv
-- Installing: /home/agilex/agilex_ws/install/orbbec_camera/share/ament_index/resource_index/package_run_dependencies/orbbec_camera
-- Installing: /home/agilex/agilex_ws/install/orbbec_camera/share/ament_index/resource_index/parent_prefix_path/orbbec_camera
-- Installing: /home/agilex/agilex_ws/install/orbbec_camera/share/orbbec_camera/environment/ament_prefix_path.sh
-- Installing: /home/agilex/agilex_ws/install/orbbec_camera/share/orbbec_camera/environment/ament_prefix_path.dsv
-- Installing: /home/agilex/agilex_ws/install/orbbec_camera/share/orbbec_camera/environment/path.sh
-- Installing: /home/agilex/agilex_ws/install/orbbec_camera/share/orbbec_camera/environment/path.dsv
-- Installing: /home/agilex/agilex_ws/install/orbbec_camera/share/orbbec_camera/local_setup.bash
-- Installing: /home/agilex/agilex_ws/install/orbbec_camera/share/orbbec_camera/local_setup.sh
-- Installing: /home/agilex/agilex_ws/install/orbbec_camera/share/orbbec_camera/local_setup.zsh
-- Installing: /home/agilex/agilex_ws/install/orbbec_camera/share/orbbec_camera/local_setup.dsv
-- Installing: /home/agilex/agilex_ws/install/orbbec_camera/share/orbbec_camera/package.dsv
-- Installing: /home/agilex/agilex_ws/install/orbbec_camera/share/ament_index/resource_index/packages/orbbec_camera
-- Installing: /home/agilex/agilex_ws/install/orbbec_camera/share/ament_index/resource_index/rclcpp_components/orbbec_camera
-- Installing: /home/agilex/agilex_ws/install/orbbec_camera/share/orbbec_camera/cmake/ament_cmake_export_include_directories-extras.cmake
-- Installing: /home/agilex/agilex_ws/install/orbbec_camera/share/orbbec_camera/cmake/ament_cmake_export_libraries-extras.cmake
-- Installing: /home/agilex/agilex_ws/install/orbbec_camera/share/orbbec_camera/cmake/ament_cmake_export_dependencies-extras.cmake
-- Installing: /home/agilex/agilex_ws/install/orbbec_camera/share/orbbec_camera/cmake/orbbec_cameraConfig.cmake
-- Installing: /home/agilex/agilex_ws/install/orbbec_camera/share/orbbec_camera/cmake/orbbec_cameraConfig-version.cmake
-- Installing: /home/agilex/agilex_ws/install/orbbec_camera/share/orbbec_camera/package.xml
