[0.027s] Invoking command in '/home/agilex/agilex_ws/build/nav2_map_server': AMENT_PREFIX_PATH=/home/agilex/agilex_ws/install/nav2_util:/home/agilex/agilex_ws/install/nav2_msgs:/home/agilex/agilex_ws/install/nav2_common CMAKE_PREFIX_PATH=/home/agilex/agilex_ws/install/nav2_util:/home/agilex/agilex_ws/install/nav2_msgs:/home/agilex/agilex_ws/install/nav2_common LD_LIBRARY_PATH=/home/agilex/agilex_ws/install/nav2_util/lib:/home/agilex/agilex_ws/install/nav2_msgs/lib PYTHONPATH=/home/agilex/agilex_ws/install/nav2_msgs/local/lib/python3.10/dist-packages:/home/agilex/agilex_ws/install/nav2_common/local/lib/python3.10/dist-packages /usr/bin/cmake --build /home/agilex/agilex_ws/build/nav2_map_server -- -j16 -l16
[0.096s] [  5%] Built target gtest_main
[0.099s] [ 13%] Built target map_io
[0.103s] [ 19%] Built target gtest
[0.151s] [ 27%] Built target test_map_io
[0.151s] [ 36%] Built target test_map_saver_cli
[0.151s] [ 47%] Built target map_server_core
[0.151s] [ 55%] Built target test_map_saver_publisher
[0.183s] [ 61%] Built target map_server
[0.190s] [ 66%] Built target costmap_filter_info_server
[0.193s] [ 72%] Built target map_saver_cli
[0.202s] [ 77%] Built target map_saver_server
[0.202s] [ 83%] Built target test_costmap_filter_info_server
[0.205s] [ 91%] Built target test_map_server_node
[0.206s] [100%] Built target test_map_saver_node
[0.291s] Invoked command in '/home/agilex/agilex_ws/build/nav2_map_server' returned '0': AMENT_PREFIX_PATH=/home/agilex/agilex_ws/install/nav2_util:/home/agilex/agilex_ws/install/nav2_msgs:/home/agilex/agilex_ws/install/nav2_common CMAKE_PREFIX_PATH=/home/agilex/agilex_ws/install/nav2_util:/home/agilex/agilex_ws/install/nav2_msgs:/home/agilex/agilex_ws/install/nav2_common LD_LIBRARY_PATH=/home/agilex/agilex_ws/install/nav2_util/lib:/home/agilex/agilex_ws/install/nav2_msgs/lib PYTHONPATH=/home/agilex/agilex_ws/install/nav2_msgs/local/lib/python3.10/dist-packages:/home/agilex/agilex_ws/install/nav2_common/local/lib/python3.10/dist-packages /usr/bin/cmake --build /home/agilex/agilex_ws/build/nav2_map_server -- -j16 -l16
[0.343s] Invoking command in '/home/agilex/agilex_ws/build/nav2_map_server': AMENT_PREFIX_PATH=/home/agilex/agilex_ws/install/nav2_util:/home/agilex/agilex_ws/install/nav2_msgs:/home/agilex/agilex_ws/install/nav2_common CMAKE_PREFIX_PATH=/home/agilex/agilex_ws/install/nav2_util:/home/agilex/agilex_ws/install/nav2_msgs:/home/agilex/agilex_ws/install/nav2_common LD_LIBRARY_PATH=/home/agilex/agilex_ws/install/nav2_util/lib:/home/agilex/agilex_ws/install/nav2_msgs/lib PYTHONPATH=/home/agilex/agilex_ws/install/nav2_msgs/local/lib/python3.10/dist-packages:/home/agilex/agilex_ws/install/nav2_common/local/lib/python3.10/dist-packages /usr/bin/cmake --install /home/agilex/agilex_ws/build/nav2_map_server
[0.366s] -- Install configuration: "Release"
[0.366s] -- Up-to-date: /home/agilex/agilex_ws/install/nav2_map_server/lib/libmap_server_core.so
[0.366s] -- Up-to-date: /home/agilex/agilex_ws/install/nav2_map_server/lib/libmap_io.so
[0.366s] -- Up-to-date: /home/agilex/agilex_ws/install/nav2_map_server/lib/nav2_map_server/map_server
[0.366s] -- Up-to-date: /home/agilex/agilex_ws/install/nav2_map_server/lib/nav2_map_server/map_saver_cli
[0.366s] -- Up-to-date: /home/agilex/agilex_ws/install/nav2_map_server/lib/nav2_map_server/map_saver_server
[0.366s] -- Up-to-date: /home/agilex/agilex_ws/install/nav2_map_server/lib/nav2_map_server/costmap_filter_info_server
[0.366s] -- Up-to-date: /home/agilex/agilex_ws/install/nav2_map_server/include/
[0.366s] -- Up-to-date: /home/agilex/agilex_ws/install/nav2_map_server/include//nav2_map_server
[0.366s] -- Up-to-date: /home/agilex/agilex_ws/install/nav2_map_server/include//nav2_map_server/map_mode.hpp
[0.366s] -- Up-to-date: /home/agilex/agilex_ws/install/nav2_map_server/include//nav2_map_server/map_server.hpp
[0.366s] -- Up-to-date: /home/agilex/agilex_ws/install/nav2_map_server/include//nav2_map_server/map_saver.hpp
[0.366s] -- Up-to-date: /home/agilex/agilex_ws/install/nav2_map_server/include//nav2_map_server/map_io.hpp
[0.366s] -- Up-to-date: /home/agilex/agilex_ws/install/nav2_map_server/include//nav2_map_server/costmap_filter_info_server.hpp
[0.366s] -- Up-to-date: /home/agilex/agilex_ws/install/nav2_map_server/share/nav2_map_server/launch
[0.366s] -- Up-to-date: /home/agilex/agilex_ws/install/nav2_map_server/share/nav2_map_server/launch/map_saver_server.launch.py
[0.366s] -- Up-to-date: /home/agilex/agilex_ws/install/nav2_map_server/share/nav2_map_server/environment/library_path.sh
[0.366s] -- Up-to-date: /home/agilex/agilex_ws/install/nav2_map_server/share/nav2_map_server/environment/library_path.dsv
[0.366s] -- Up-to-date: /home/agilex/agilex_ws/install/nav2_map_server/share/ament_index/resource_index/package_run_dependencies/nav2_map_server
[0.366s] -- Up-to-date: /home/agilex/agilex_ws/install/nav2_map_server/share/ament_index/resource_index/parent_prefix_path/nav2_map_server
[0.366s] -- Up-to-date: /home/agilex/agilex_ws/install/nav2_map_server/share/nav2_map_server/environment/ament_prefix_path.sh
[0.366s] -- Up-to-date: /home/agilex/agilex_ws/install/nav2_map_server/share/nav2_map_server/environment/ament_prefix_path.dsv
[0.366s] -- Up-to-date: /home/agilex/agilex_ws/install/nav2_map_server/share/nav2_map_server/environment/path.sh
[0.367s] -- Up-to-date: /home/agilex/agilex_ws/install/nav2_map_server/share/nav2_map_server/environment/path.dsv
[0.367s] -- Up-to-date: /home/agilex/agilex_ws/install/nav2_map_server/share/nav2_map_server/local_setup.bash
[0.367s] -- Up-to-date: /home/agilex/agilex_ws/install/nav2_map_server/share/nav2_map_server/local_setup.sh
[0.367s] -- Up-to-date: /home/agilex/agilex_ws/install/nav2_map_server/share/nav2_map_server/local_setup.zsh
[0.367s] -- Up-to-date: /home/agilex/agilex_ws/install/nav2_map_server/share/nav2_map_server/local_setup.dsv
[0.367s] -- Installing: /home/agilex/agilex_ws/install/nav2_map_server/share/nav2_map_server/package.dsv
[0.367s] -- Up-to-date: /home/agilex/agilex_ws/install/nav2_map_server/share/ament_index/resource_index/packages/nav2_map_server
[0.367s] -- Up-to-date: /home/agilex/agilex_ws/install/nav2_map_server/share/ament_index/resource_index/rclcpp_components/nav2_map_server
[0.367s] -- Up-to-date: /home/agilex/agilex_ws/install/nav2_map_server/share/nav2_map_server/cmake/ament_cmake_export_include_directories-extras.cmake
[0.367s] -- Up-to-date: /home/agilex/agilex_ws/install/nav2_map_server/share/nav2_map_server/cmake/ament_cmake_export_libraries-extras.cmake
[0.367s] -- Up-to-date: /home/agilex/agilex_ws/install/nav2_map_server/share/nav2_map_server/cmake/ament_cmake_export_dependencies-extras.cmake
[0.367s] -- Up-to-date: /home/agilex/agilex_ws/install/nav2_map_server/share/nav2_map_server/cmake/nav2_map_serverConfig.cmake
[0.367s] -- Up-to-date: /home/agilex/agilex_ws/install/nav2_map_server/share/nav2_map_server/cmake/nav2_map_serverConfig-version.cmake
[0.367s] -- Up-to-date: /home/agilex/agilex_ws/install/nav2_map_server/share/nav2_map_server/package.xml
[0.426s] Invoked command in '/home/agilex/agilex_ws/build/nav2_map_server' returned '0': AMENT_PREFIX_PATH=/home/agilex/agilex_ws/install/nav2_util:/home/agilex/agilex_ws/install/nav2_msgs:/home/agilex/agilex_ws/install/nav2_common CMAKE_PREFIX_PATH=/home/agilex/agilex_ws/install/nav2_util:/home/agilex/agilex_ws/install/nav2_msgs:/home/agilex/agilex_ws/install/nav2_common LD_LIBRARY_PATH=/home/agilex/agilex_ws/install/nav2_util/lib:/home/agilex/agilex_ws/install/nav2_msgs/lib PYTHONPATH=/home/agilex/agilex_ws/install/nav2_msgs/local/lib/python3.10/dist-packages:/home/agilex/agilex_ws/install/nav2_common/local/lib/python3.10/dist-packages /usr/bin/cmake --install /home/agilex/agilex_ws/build/nav2_map_server
