[0.140s] Invoking command in '/home/agilex/agilex_ws/build/orbbec_camera': AMENT_PREFIX_PATH=/home/agilex/agilex_ws/install/orbbec_camera_msgs CMAKE_PREFIX_PATH=/home/agilex/agilex_ws/install/orbbec_camera_msgs LD_LIBRARY_PATH=/home/agilex/agilex_ws/install/orbbec_camera_msgs/lib PYTHONPATH=/home/agilex/agilex_ws/install/orbbec_camera_msgs/local/lib/python3.10/dist-packages /usr/bin/cmake --build /home/agilex/agilex_ws/build/orbbec_camera -- -j16 -l16
[0.373s] [  5%] [32mBuilding CXX object CMakeFiles/orbbec_camera_node.dir/rclcpp_components/node_main_orbbec_camera_node.cpp.o[0m
[0.415s] [ 11%] [32mBuilding CXX object CMakeFiles/orbbec_camera.dir/src/d2c_viewer.cpp.o[0m
[0.427s] [ 16%] [32mBuilding CXX object CMakeFiles/orbbec_camera.dir/src/dynamic_params.cpp.o[0m
[0.444s] [ 22%] [32mBuilding CXX object CMakeFiles/orbbec_camera.dir/src/ob_camera_node.cpp.o[0m
[0.444s] [ 27%] [32mBuilding CXX object CMakeFiles/orbbec_camera.dir/src/ob_camera_node_driver.cpp.o[0m
[0.506s] [ 33%] [32mBuilding CXX object CMakeFiles/orbbec_camera.dir/src/jpeg_decoder.cpp.o[0m
[0.512s] [ 38%] [32mBuilding CXX object CMakeFiles/orbbec_camera.dir/src/ros_service.cpp.o[0m
[0.515s] [ 44%] [32mBuilding CXX object CMakeFiles/orbbec_camera.dir/src/ros_param_backend.cpp.o[0m
[0.535s] [ 50%] [32mBuilding CXX object CMakeFiles/orbbec_camera.dir/src/utils.cpp.o[0m
[0.539s] [ 55%] [32mBuilding CXX object CMakeFiles/orbbec_camera.dir/src/synced_imu_publisher.cpp.o[0m
[12.637s] [ 61%] [32m[1mLinking CXX executable orbbec_camera_node[0m
[12.850s] [ 61%] Built target orbbec_camera_node
[30.082s] [ 66%] [32m[1mLinking CXX shared library liborbbec_camera.so[0m
[30.617s] [ 66%] Built target orbbec_camera
[30.667s] [ 72%] [32mBuilding CXX object CMakeFiles/list_devices_node.dir/src/list_devices_node.cpp.o[0m
[36.454s] [ 77%] [32m[1mLinking CXX executable list_devices_node[0m
[36.928s] [ 77%] Built target list_devices_node
[36.957s] [ 83%] [32mBuilding CXX object CMakeFiles/list_camera_profile_mode_node.dir/src/list_camera_profile.cpp.o[0m
[42.780s] [ 88%] [32m[1mLinking CXX executable list_camera_profile_mode_node[0m
[43.223s] [ 88%] Built target list_camera_profile_mode_node
[43.254s] [ 94%] [32mBuilding CXX object CMakeFiles/list_depth_work_mode_node.dir/src/list_depth_work_mode.cpp.o[0m
[48.889s] [100%] [32m[1mLinking CXX executable list_depth_work_mode_node[0m
[49.014s] [100%] Built target list_depth_work_mode_node
[49.039s] Invoked command in '/home/agilex/agilex_ws/build/orbbec_camera' returned '0': AMENT_PREFIX_PATH=/home/agilex/agilex_ws/install/orbbec_camera_msgs CMAKE_PREFIX_PATH=/home/agilex/agilex_ws/install/orbbec_camera_msgs LD_LIBRARY_PATH=/home/agilex/agilex_ws/install/orbbec_camera_msgs/lib PYTHONPATH=/home/agilex/agilex_ws/install/orbbec_camera_msgs/local/lib/python3.10/dist-packages /usr/bin/cmake --build /home/agilex/agilex_ws/build/orbbec_camera -- -j16 -l16
[49.073s] Invoking command in '/home/agilex/agilex_ws/build/orbbec_camera': AMENT_PREFIX_PATH=/home/agilex/agilex_ws/install/orbbec_camera_msgs CMAKE_PREFIX_PATH=/home/agilex/agilex_ws/install/orbbec_camera_msgs LD_LIBRARY_PATH=/home/agilex/agilex_ws/install/orbbec_camera_msgs/lib PYTHONPATH=/home/agilex/agilex_ws/install/orbbec_camera_msgs/local/lib/python3.10/dist-packages /usr/bin/cmake --install /home/agilex/agilex_ws/build/orbbec_camera
[49.078s] -- Install configuration: "Release"
[49.079s] -- Installing: /home/agilex/agilex_ws/install/orbbec_camera/lib/orbbec_camera/orbbec_camera_node
[49.079s] -- Set runtime path of "/home/agilex/agilex_ws/install/orbbec_camera/lib/orbbec_camera/orbbec_camera_node" to ":/home/agilex/agilex_ws/src/OrbbecSDK_ROS2/orbbec_camera/SDK/lib/x64"
[49.080s] -- Installing: /home/agilex/agilex_ws/install/orbbec_camera/lib/liborbbec_camera.so
[49.082s] -- Set runtime path of "/home/agilex/agilex_ws/install/orbbec_camera/lib/liborbbec_camera.so" to ":/home/agilex/agilex_ws/src/OrbbecSDK_ROS2/orbbec_camera/SDK/lib/x64"
[49.082s] -- Up-to-date: /home/agilex/agilex_ws/install/orbbec_camera/include
[49.082s] -- Up-to-date: /home/agilex/agilex_ws/install/orbbec_camera/include/orbbec_camera
[49.082s] -- Up-to-date: /home/agilex/agilex_ws/install/orbbec_camera/include/orbbec_camera/ob_camera_node.h
[49.082s] -- Up-to-date: /home/agilex/agilex_ws/install/orbbec_camera/include/orbbec_camera/synced_imu_publisher.h
[49.082s] -- Up-to-date: /home/agilex/agilex_ws/install/orbbec_camera/include/orbbec_camera/ob_camera_node_driver.h
[49.082s] -- Up-to-date: /home/agilex/agilex_ws/install/orbbec_camera/include/orbbec_camera/jpeg_decoder.h
[49.082s] -- Up-to-date: /home/agilex/agilex_ws/install/orbbec_camera/include/orbbec_camera/ros_param_backend.h
[49.082s] -- Up-to-date: /home/agilex/agilex_ws/install/orbbec_camera/include/orbbec_camera/jetson_nv_decoder.h
[49.083s] -- Up-to-date: /home/agilex/agilex_ws/install/orbbec_camera/include/orbbec_camera/utils.h
[49.083s] -- Up-to-date: /home/agilex/agilex_ws/install/orbbec_camera/include/orbbec_camera/dynamic_params.h
[49.083s] -- Up-to-date: /home/agilex/agilex_ws/install/orbbec_camera/include/orbbec_camera/d2c_viewer.h
[49.083s] -- Up-to-date: /home/agilex/agilex_ws/install/orbbec_camera/include/orbbec_camera/constants.h
[49.083s] -- Up-to-date: /home/agilex/agilex_ws/install/orbbec_camera/include/orbbec_camera/rk_mpp_decoder.h
[49.083s] -- Up-to-date: /home/agilex/agilex_ws/install/orbbec_camera/include/magic_enum
[49.083s] -- Up-to-date: /home/agilex/agilex_ws/install/orbbec_camera/include/magic_enum/magic_enum.hpp
[49.083s] -- Up-to-date: /home/agilex/agilex_ws/install/orbbec_camera/share/orbbec_camera//launch
[49.083s] -- Up-to-date: /home/agilex/agilex_ws/install/orbbec_camera/share/orbbec_camera//launch/gemini_e_lite.launch.py
[49.083s] -- Up-to-date: /home/agilex/agilex_ws/install/orbbec_camera/share/orbbec_camera//launch/dabai_dcw2.launch.py
[49.083s] -- Up-to-date: /home/agilex/agilex_ws/install/orbbec_camera/share/orbbec_camera//launch/gemini2L.launch.py
[49.083s] -- Up-to-date: /home/agilex/agilex_ws/install/orbbec_camera/share/orbbec_camera//launch/astra2.launch.py
[49.083s] -- Up-to-date: /home/agilex/agilex_ws/install/orbbec_camera/share/orbbec_camera//launch/astra_stereo_u3.launch.py
[49.083s] -- Up-to-date: /home/agilex/agilex_ws/install/orbbec_camera/share/orbbec_camera//launch/ob_camera.launch.py
[49.083s] -- Up-to-date: /home/agilex/agilex_ws/install/orbbec_camera/share/orbbec_camera//launch/gemini_e.launch.py
[49.083s] -- Up-to-date: /home/agilex/agilex_ws/install/orbbec_camera/share/orbbec_camera//launch/gemini2.launch.py
[49.083s] -- Up-to-date: /home/agilex/agilex_ws/install/orbbec_camera/share/orbbec_camera//launch/astra.launch.py
[49.083s] -- Up-to-date: /home/agilex/agilex_ws/install/orbbec_camera/share/orbbec_camera//launch/gemini2VL.launch.py
[49.083s] -- Up-to-date: /home/agilex/agilex_ws/install/orbbec_camera/share/orbbec_camera//launch/dabai_d1.launch.py
[49.083s] -- Up-to-date: /home/agilex/agilex_ws/install/orbbec_camera/share/orbbec_camera//launch/dabai_dcw.launch.py
[49.083s] -- Up-to-date: /home/agilex/agilex_ws/install/orbbec_camera/share/orbbec_camera//launch/dabai_max.launch.py
[49.083s] -- Up-to-date: /home/agilex/agilex_ws/install/orbbec_camera/share/orbbec_camera//launch/dabai_pro.launch.py
[49.083s] -- Up-to-date: /home/agilex/agilex_ws/install/orbbec_camera/share/orbbec_camera//launch/astra_adv.launch.py
[49.083s] -- Up-to-date: /home/agilex/agilex_ws/install/orbbec_camera/share/orbbec_camera//launch/dabai_dw.launch.py
[49.083s] -- Up-to-date: /home/agilex/agilex_ws/install/orbbec_camera/share/orbbec_camera//launch/femto.launch.py
[49.083s] -- Up-to-date: /home/agilex/agilex_ws/install/orbbec_camera/share/orbbec_camera//launch/gemini2XL.launch.py
[49.084s] -- Up-to-date: /home/agilex/agilex_ws/install/orbbec_camera/share/orbbec_camera//launch/deeya.launch.py
[49.084s] -- Up-to-date: /home/agilex/agilex_ws/install/orbbec_camera/share/orbbec_camera//launch/femto_bolt.launch.py
[49.084s] -- Up-to-date: /home/agilex/agilex_ws/install/orbbec_camera/share/orbbec_camera//launch/multi_camera.launch.py
[49.084s] -- Up-to-date: /home/agilex/agilex_ws/install/orbbec_camera/share/orbbec_camera//launch/dabai.launch.py
[49.084s] -- Up-to-date: /home/agilex/agilex_ws/install/orbbec_camera/share/orbbec_camera//launch/astra_embedded_s.launch.py
[49.084s] -- Up-to-date: /home/agilex/agilex_ws/install/orbbec_camera/share/orbbec_camera//launch/femto_mega.launch.py
[49.084s] -- Up-to-date: /home/agilex/agilex_ws/install/orbbec_camera/share/orbbec_camera//config
[49.084s] -- Up-to-date: /home/agilex/agilex_ws/install/orbbec_camera/share/orbbec_camera//config/OrbbecSDKConfig_v1.0.xml
[49.084s] -- Up-to-date: /home/agilex/agilex_ws/install/orbbec_camera/share/orbbec_camera//config/.gitkeep
[49.084s] -- Up-to-date: /home/agilex/agilex_ws/install/orbbec_camera/include
[49.084s] -- Up-to-date: /home/agilex/agilex_ws/install/orbbec_camera/include/libobsensor
[49.084s] -- Up-to-date: /home/agilex/agilex_ws/install/orbbec_camera/include/libobsensor/ObSensor.hpp
[49.084s] -- Up-to-date: /home/agilex/agilex_ws/install/orbbec_camera/include/libobsensor/hpp
[49.084s] -- Up-to-date: /home/agilex/agilex_ws/install/orbbec_camera/include/libobsensor/hpp/Pipeline.hpp
[49.084s] -- Up-to-date: /home/agilex/agilex_ws/install/orbbec_camera/include/libobsensor/hpp/Sensor.hpp
[49.084s] -- Up-to-date: /home/agilex/agilex_ws/install/orbbec_camera/include/libobsensor/hpp/Version.hpp
[49.084s] -- Up-to-date: /home/agilex/agilex_ws/install/orbbec_camera/include/libobsensor/hpp/Filter.hpp
[49.084s] -- Up-to-date: /home/agilex/agilex_ws/install/orbbec_camera/include/libobsensor/hpp/Error.hpp
[49.084s] -- Up-to-date: /home/agilex/agilex_ws/install/orbbec_camera/include/libobsensor/hpp/Context.hpp
[49.084s] -- Up-to-date: /home/agilex/agilex_ws/install/orbbec_camera/include/libobsensor/hpp/Device.hpp
[49.085s] -- Up-to-date: /home/agilex/agilex_ws/install/orbbec_camera/include/libobsensor/hpp/Types.hpp
[49.085s] -- Up-to-date: /home/agilex/agilex_ws/install/orbbec_camera/include/libobsensor/hpp/StreamProfile.hpp
[49.085s] -- Up-to-date: /home/agilex/agilex_ws/install/orbbec_camera/include/libobsensor/hpp/RecordPlayback.hpp
[49.085s] -- Up-to-date: /home/agilex/agilex_ws/install/orbbec_camera/include/libobsensor/hpp/Frame.hpp
[49.085s] -- Up-to-date: /home/agilex/agilex_ws/install/orbbec_camera/include/libobsensor/ObSensor.h
[49.085s] -- Up-to-date: /home/agilex/agilex_ws/install/orbbec_camera/include/libobsensor/h
[49.085s] -- Up-to-date: /home/agilex/agilex_ws/install/orbbec_camera/include/libobsensor/h/ObTypes.h
[49.085s] -- Up-to-date: /home/agilex/agilex_ws/install/orbbec_camera/include/libobsensor/h/Device.h
[49.085s] -- Up-to-date: /home/agilex/agilex_ws/install/orbbec_camera/include/libobsensor/h/Frame.h
[49.085s] -- Up-to-date: /home/agilex/agilex_ws/install/orbbec_camera/include/libobsensor/h/MultipleDevices.h
[49.085s] -- Up-to-date: /home/agilex/agilex_ws/install/orbbec_camera/include/libobsensor/h/Filter.h
[49.085s] -- Up-to-date: /home/agilex/agilex_ws/install/orbbec_camera/include/libobsensor/h/Sensor.h
[49.085s] -- Up-to-date: /home/agilex/agilex_ws/install/orbbec_camera/include/libobsensor/h/Pipeline.h
[49.085s] -- Up-to-date: /home/agilex/agilex_ws/install/orbbec_camera/include/libobsensor/h/RecordPlayback.h
[49.085s] -- Up-to-date: /home/agilex/agilex_ws/install/orbbec_camera/include/libobsensor/h/Property.h
[49.085s] -- Up-to-date: /home/agilex/agilex_ws/install/orbbec_camera/include/libobsensor/h/Error.h
[49.085s] -- Up-to-date: /home/agilex/agilex_ws/install/orbbec_camera/include/libobsensor/h/Context.h
[49.086s] -- Up-to-date: /home/agilex/agilex_ws/install/orbbec_camera/include/libobsensor/h/StreamProfile.h
[49.086s] -- Up-to-date: /home/agilex/agilex_ws/install/orbbec_camera/include/libobsensor/h/Version.h
[49.086s] -- Up-to-date: /home/agilex/agilex_ws/install/orbbec_camera/lib/
[49.086s] -- Up-to-date: /home/agilex/agilex_ws/install/orbbec_camera/lib//libdepthengine.so
[49.086s] -- Up-to-date: /home/agilex/agilex_ws/install/orbbec_camera/lib//libOrbbecSDK.so.1.8.3
[49.086s] -- Up-to-date: /home/agilex/agilex_ws/install/orbbec_camera/lib//libOrbbecSDK.so
[49.086s] -- Up-to-date: /home/agilex/agilex_ws/install/orbbec_camera/lib//libdepthengine.so.2.0
[49.086s] -- Up-to-date: /home/agilex/agilex_ws/install/orbbec_camera/lib//libOrbbecSDK.so.1.8
[49.086s] -- Installing: /home/agilex/agilex_ws/install/orbbec_camera/lib/orbbec_camera/list_devices_node
[49.086s] -- Set runtime path of "/home/agilex/agilex_ws/install/orbbec_camera/lib/orbbec_camera/list_devices_node" to ":/home/agilex/agilex_ws/src/OrbbecSDK_ROS2/orbbec_camera/SDK/lib/x64"
[49.086s] -- Installing: /home/agilex/agilex_ws/install/orbbec_camera/lib/orbbec_camera/list_depth_work_mode_node
[49.086s] -- Set runtime path of "/home/agilex/agilex_ws/install/orbbec_camera/lib/orbbec_camera/list_depth_work_mode_node" to ":/home/agilex/agilex_ws/src/OrbbecSDK_ROS2/orbbec_camera/SDK/lib/x64"
[49.086s] -- Installing: /home/agilex/agilex_ws/install/orbbec_camera/lib/orbbec_camera/list_camera_profile_mode_node
[49.086s] -- Set runtime path of "/home/agilex/agilex_ws/install/orbbec_camera/lib/orbbec_camera/list_camera_profile_mode_node" to ":/home/agilex/agilex_ws/src/OrbbecSDK_ROS2/orbbec_camera/SDK/lib/x64"
[49.086s] -- Up-to-date: /home/agilex/agilex_ws/install/orbbec_camera/share/orbbec_camera/environment/library_path.sh
[49.086s] -- Up-to-date: /home/agilex/agilex_ws/install/orbbec_camera/share/orbbec_camera/environment/library_path.dsv
[49.087s] -- Up-to-date: /home/agilex/agilex_ws/install/orbbec_camera/share/ament_index/resource_index/package_run_dependencies/orbbec_camera
[49.088s] -- Up-to-date: /home/agilex/agilex_ws/install/orbbec_camera/share/ament_index/resource_index/parent_prefix_path/orbbec_camera
[49.088s] -- Up-to-date: /home/agilex/agilex_ws/install/orbbec_camera/share/orbbec_camera/environment/ament_prefix_path.sh
[49.088s] -- Up-to-date: /home/agilex/agilex_ws/install/orbbec_camera/share/orbbec_camera/environment/ament_prefix_path.dsv
[49.088s] -- Up-to-date: /home/agilex/agilex_ws/install/orbbec_camera/share/orbbec_camera/environment/path.sh
[49.088s] -- Up-to-date: /home/agilex/agilex_ws/install/orbbec_camera/share/orbbec_camera/environment/path.dsv
[49.088s] -- Up-to-date: /home/agilex/agilex_ws/install/orbbec_camera/share/orbbec_camera/local_setup.bash
[49.088s] -- Up-to-date: /home/agilex/agilex_ws/install/orbbec_camera/share/orbbec_camera/local_setup.sh
[49.088s] -- Up-to-date: /home/agilex/agilex_ws/install/orbbec_camera/share/orbbec_camera/local_setup.zsh
[49.088s] -- Up-to-date: /home/agilex/agilex_ws/install/orbbec_camera/share/orbbec_camera/local_setup.dsv
[49.088s] -- Installing: /home/agilex/agilex_ws/install/orbbec_camera/share/orbbec_camera/package.dsv
[49.088s] -- Up-to-date: /home/agilex/agilex_ws/install/orbbec_camera/share/ament_index/resource_index/packages/orbbec_camera
[49.088s] -- Up-to-date: /home/agilex/agilex_ws/install/orbbec_camera/share/ament_index/resource_index/rclcpp_components/orbbec_camera
[49.089s] -- Up-to-date: /home/agilex/agilex_ws/install/orbbec_camera/share/orbbec_camera/cmake/ament_cmake_export_include_directories-extras.cmake
[49.089s] -- Up-to-date: /home/agilex/agilex_ws/install/orbbec_camera/share/orbbec_camera/cmake/ament_cmake_export_libraries-extras.cmake
[49.089s] -- Up-to-date: /home/agilex/agilex_ws/install/orbbec_camera/share/orbbec_camera/cmake/ament_cmake_export_dependencies-extras.cmake
[49.089s] -- Up-to-date: /home/agilex/agilex_ws/install/orbbec_camera/share/orbbec_camera/cmake/orbbec_cameraConfig.cmake
[49.089s] -- Up-to-date: /home/agilex/agilex_ws/install/orbbec_camera/share/orbbec_camera/cmake/orbbec_cameraConfig-version.cmake
[49.089s] -- Up-to-date: /home/agilex/agilex_ws/install/orbbec_camera/share/orbbec_camera/package.xml
[49.091s] Invoked command in '/home/agilex/agilex_ws/build/orbbec_camera' returned '0': AMENT_PREFIX_PATH=/home/agilex/agilex_ws/install/orbbec_camera_msgs CMAKE_PREFIX_PATH=/home/agilex/agilex_ws/install/orbbec_camera_msgs LD_LIBRARY_PATH=/home/agilex/agilex_ws/install/orbbec_camera_msgs/lib PYTHONPATH=/home/agilex/agilex_ws/install/orbbec_camera_msgs/local/lib/python3.10/dist-packages /usr/bin/cmake --install /home/agilex/agilex_ws/build/orbbec_camera
