[0.388s] Invoking command in '/home/agilex/agilex_ws/build/costmap_converter_msgs': CMAKE_PREFIX_PATH=${CMAKE_PREFIX_PATH}:/home/agilex/agilex_ws/install/yolov5_ros2:/home/agilex/agilex_ws/install/nav2_simple_commander:/opt/ros/humble /usr/bin/cmake --build /home/agilex/agilex_ws/build/costmap_converter_msgs -- -j8 -l8
[0.515s] -- Found ament_cmake: 1.3.6 (/opt/ros/humble/share/ament_cmake/cmake)
[0.604s] -- Found Python3: /usr/bin/python3.10 (found version "3.10.12") found components: Interpreter 
[0.700s] -- Found builtin_interfaces: 1.2.1 (/opt/ros/humble/share/builtin_interfaces/cmake)
[0.746s] -- Found rosidl_generator_c: 3.1.5 (/opt/ros/humble/share/rosidl_generator_c/cmake)
[0.748s] -- Found rosidl_adapter: 3.1.5 (/opt/ros/humble/share/rosidl_adapter/cmake)
[0.755s] -- Found rosidl_generator_cpp: 3.1.5 (/opt/ros/humble/share/rosidl_generator_cpp/cmake)
[0.781s] -- Using all available rosidl_typesupport_c: rosidl_typesupport_fastrtps_c;rosidl_typesupport_introspection_c
[0.800s] -- Using all available rosidl_typesupport_cpp: rosidl_typesupport_fastrtps_cpp;rosidl_typesupport_introspection_cpp
[0.819s] -- Found geometry_msgs: 4.2.3 (/opt/ros/humble/share/geometry_msgs/cmake)
[0.931s] -- Found rosidl_default_generators: 1.2.0 (/opt/ros/humble/share/rosidl_default_generators/cmake)
[1.559s] -- Found ament_cmake_ros: 0.10.0 (/opt/ros/humble/share/ament_cmake_ros/cmake)
[2.660s] -- Using all available rosidl_typesupport_c: rosidl_typesupport_fastrtps_c;rosidl_typesupport_introspection_c
[3.108s] -- Using all available rosidl_typesupport_cpp: rosidl_typesupport_fastrtps_cpp;rosidl_typesupport_introspection_cpp
[3.178s] -- Found PythonInterp: /usr/bin/python3 (found suitable version "3.10.12", minimum required is "3.6") 
[3.179s] -- Found python_cmake_module: 0.10.0 (/opt/ros/humble/share/python_cmake_module/cmake)
[3.241s] -- Found PythonLibs: /usr/lib/x86_64-linux-gnu/libpython3.10.so (found suitable version "3.10.12", minimum required is "3.5") 
[3.241s] -- Using PYTHON_EXECUTABLE: /usr/bin/python3
[3.241s] -- Using PYTHON_INCLUDE_DIRS: /usr/include/python3.10
[3.242s] -- Using PYTHON_LIBRARIES: /usr/lib/x86_64-linux-gnu/libpython3.10.so
[3.412s] -- Configuring done
[3.639s] -- Generating done
[3.660s] -- Build files have been written to: /home/agilex/agilex_ws/build/costmap_converter_msgs
[3.849s] [  2%] [34m[1mGenerating C code for ROS interfaces[0m
[3.915s] [  5%] [34m[1mGenerating C++ code for ROS interfaces[0m
[3.934s] [  5%] Built target ament_cmake_python_copy_costmap_converter_msgs
[4.861s] running egg_info
[4.880s] writing costmap_converter_msgs.egg-info/PKG-INFO
[4.880s] writing dependency_links to costmap_converter_msgs.egg-info/dependency_links.txt
[4.880s] writing top-level names to costmap_converter_msgs.egg-info/top_level.txt
[4.883s] reading manifest file 'costmap_converter_msgs.egg-info/SOURCES.txt'
[4.887s] writing manifest file 'costmap_converter_msgs.egg-info/SOURCES.txt'
[5.039s] [  5%] Built target ament_cmake_python_build_costmap_converter_msgs_egg
[5.403s] [35m[1mConsolidate compiler generated dependencies of target costmap_converter_msgs__rosidl_generator_c[0m
[5.495s] [  7%] [32mBuilding C object CMakeFiles/costmap_converter_msgs__rosidl_generator_c.dir/rosidl_generator_c/costmap_converter_msgs/msg/detail/obstacle_msg__functions.c.o[0m
[5.510s] [ 10%] [32mBuilding C object CMakeFiles/costmap_converter_msgs__rosidl_generator_c.dir/rosidl_generator_c/costmap_converter_msgs/msg/detail/obstacle_array_msg__functions.c.o[0m
[5.648s] [ 10%] Built target costmap_converter_msgs__cpp
[5.718s] [ 12%] [34m[1mGenerating C++ type support for eProsima Fast-RTPS[0m
[5.735s] [ 15%] [34m[1mGenerating C++ type support dispatch for ROS interfaces[0m
[5.751s] [ 17%] [32m[1mLinking C shared library libcostmap_converter_msgs__rosidl_generator_c.so[0m
[5.779s] [ 20%] [34m[1mGenerating C++ introspection for ROS interfaces[0m
[6.012s] [ 20%] Built target costmap_converter_msgs__rosidl_generator_c
[6.109s] [ 23%] [34m[1mGenerating C introspection for ROS interfaces[0m
[6.122s] [ 25%] [34m[1mGenerating C type support dispatch for ROS interfaces[0m
[6.130s] [ 28%] [34m[1mGenerating C type support for eProsima Fast-RTPS[0m
[7.191s] [35m[1mConsolidate compiler generated dependencies of target costmap_converter_msgs__rosidl_typesupport_cpp[0m
[7.288s] [ 33%] [32mBuilding CXX object CMakeFiles/costmap_converter_msgs__rosidl_typesupport_cpp.dir/rosidl_typesupport_cpp/costmap_converter_msgs/msg/obstacle_msg__type_support.cpp.o[0m
[7.289s] [ 33%] [32mBuilding CXX object CMakeFiles/costmap_converter_msgs__rosidl_typesupport_cpp.dir/rosidl_typesupport_cpp/costmap_converter_msgs/msg/obstacle_array_msg__type_support.cpp.o[0m
[7.331s] [35m[1mConsolidate compiler generated dependencies of target costmap_converter_msgs__rosidl_typesupport_introspection_cpp[0m
[7.413s] [ 35%] [32mBuilding CXX object CMakeFiles/costmap_converter_msgs__rosidl_typesupport_introspection_cpp.dir/rosidl_typesupport_introspection_cpp/costmap_converter_msgs/msg/detail/obstacle_msg__type_support.cpp.o[0m
[7.474s] [ 38%] [32mBuilding CXX object CMakeFiles/costmap_converter_msgs__rosidl_typesupport_introspection_cpp.dir/rosidl_typesupport_introspection_cpp/costmap_converter_msgs/msg/detail/obstacle_array_msg__type_support.cpp.o[0m
[7.587s] [35m[1mConsolidate compiler generated dependencies of target costmap_converter_msgs__rosidl_typesupport_introspection_c[0m
[7.699s] [35m[1mConsolidate compiler generated dependencies of target costmap_converter_msgs__rosidl_typesupport_c[0m
[7.743s] [ 41%] [32mBuilding C object CMakeFiles/costmap_converter_msgs__rosidl_typesupport_introspection_c.dir/rosidl_typesupport_introspection_c/costmap_converter_msgs/msg/detail/obstacle_msg__type_support.c.o[0m
[7.768s] [ 43%] [32mBuilding CXX object CMakeFiles/costmap_converter_msgs__rosidl_typesupport_c.dir/rosidl_typesupport_c/costmap_converter_msgs/msg/obstacle_msg__type_support.cpp.o[0m
[7.828s] [35m[1mConsolidate compiler generated dependencies of target costmap_converter_msgs__rosidl_typesupport_fastrtps_cpp[0m
[7.883s] [ 46%] [32mBuilding CXX object CMakeFiles/costmap_converter_msgs__rosidl_typesupport_c.dir/rosidl_typesupport_c/costmap_converter_msgs/msg/obstacle_array_msg__type_support.cpp.o[0m
[7.940s] [ 48%] [32mBuilding CXX object CMakeFiles/costmap_converter_msgs__rosidl_typesupport_fastrtps_cpp.dir/rosidl_typesupport_fastrtps_cpp/costmap_converter_msgs/msg/detail/dds_fastrtps/obstacle_msg__type_support.cpp.o[0m
[7.957s] [ 51%] [32mBuilding C object CMakeFiles/costmap_converter_msgs__rosidl_typesupport_introspection_c.dir/rosidl_typesupport_introspection_c/costmap_converter_msgs/msg/detail/obstacle_array_msg__type_support.c.o[0m
[7.958s] [ 53%] [32mBuilding CXX object CMakeFiles/costmap_converter_msgs__rosidl_typesupport_fastrtps_cpp.dir/rosidl_typesupport_fastrtps_cpp/costmap_converter_msgs/msg/detail/dds_fastrtps/obstacle_array_msg__type_support.cpp.o[0m
[7.990s] [35m[1mConsolidate compiler generated dependencies of target costmap_converter_msgs__rosidl_typesupport_fastrtps_c[0m
[8.078s] [ 56%] [32m[1mLinking CXX shared library libcostmap_converter_msgs__rosidl_typesupport_c.so[0m
[8.080s] [ 58%] [32mBuilding CXX object CMakeFiles/costmap_converter_msgs__rosidl_typesupport_fastrtps_c.dir/rosidl_typesupport_fastrtps_c/costmap_converter_msgs/msg/detail/obstacle_msg__type_support_c.cpp.o[0m
[8.148s] [ 61%] [32m[1mLinking C shared library libcostmap_converter_msgs__rosidl_typesupport_introspection_c.so[0m
[8.234s] [ 64%] [32m[1mLinking CXX shared library libcostmap_converter_msgs__rosidl_typesupport_cpp.so[0m
[8.262s] [ 64%] Built target costmap_converter_msgs__rosidl_typesupport_c
[8.302s] [ 64%] Built target costmap_converter_msgs__rosidl_typesupport_introspection_c
[8.355s] [ 66%] [32mBuilding CXX object CMakeFiles/costmap_converter_msgs__rosidl_typesupport_fastrtps_c.dir/rosidl_typesupport_fastrtps_c/costmap_converter_msgs/msg/detail/obstacle_array_msg__type_support_c.cpp.o[0m
[8.395s] [ 66%] Built target costmap_converter_msgs__rosidl_typesupport_cpp
[8.984s] [ 69%] [32m[1mLinking CXX shared library libcostmap_converter_msgs__rosidl_typesupport_introspection_cpp.so[0m
[9.212s] [ 69%] Built target costmap_converter_msgs__rosidl_typesupport_introspection_cpp
[9.364s] [ 71%] [32m[1mLinking CXX shared library libcostmap_converter_msgs__rosidl_typesupport_fastrtps_c.so[0m
[9.396s] [ 74%] [32m[1mLinking CXX shared library libcostmap_converter_msgs__rosidl_typesupport_fastrtps_cpp.so[0m
[9.605s] [ 74%] Built target costmap_converter_msgs__rosidl_typesupport_fastrtps_c
[9.655s] [ 74%] Built target costmap_converter_msgs__rosidl_typesupport_fastrtps_cpp
[9.762s] [ 74%] Built target costmap_converter_msgs
[9.879s] [ 76%] [34m[1mGenerating Python code for ROS interfaces[0m
[11.262s] [ 76%] Built target costmap_converter_msgs__py
[11.290s] [35m[1mConsolidate compiler generated dependencies of target costmap_converter_msgs__rosidl_generator_py[0m
[11.345s] [ 79%] [32mBuilding C object CMakeFiles/costmap_converter_msgs__rosidl_generator_py.dir/rosidl_generator_py/costmap_converter_msgs/msg/_obstacle_msg_s.c.o[0m
[11.369s] [ 82%] [32mBuilding C object CMakeFiles/costmap_converter_msgs__rosidl_generator_py.dir/rosidl_generator_py/costmap_converter_msgs/msg/_obstacle_array_msg_s.c.o[0m
[11.718s] [ 84%] [32m[1mLinking C shared library rosidl_generator_py/costmap_converter_msgs/libcostmap_converter_msgs__rosidl_generator_py.so[0m
[11.910s] [ 84%] Built target costmap_converter_msgs__rosidl_generator_py
[11.970s] [35m[1mConsolidate compiler generated dependencies of target costmap_converter_msgs__rosidl_typesupport_fastrtps_c__pyext[0m
[11.987s] [35m[1mConsolidate compiler generated dependencies of target costmap_converter_msgs__rosidl_typesupport_c__pyext[0m
[11.990s] [35m[1mConsolidate compiler generated dependencies of target costmap_converter_msgs__rosidl_typesupport_introspection_c__pyext[0m
[12.033s] [ 87%] [32mBuilding C object CMakeFiles/costmap_converter_msgs__rosidl_typesupport_fastrtps_c__pyext.dir/rosidl_generator_py/costmap_converter_msgs/_costmap_converter_msgs_s.ep.rosidl_typesupport_fastrtps_c.c.o[0m
[12.076s] [ 89%] [32mBuilding C object CMakeFiles/costmap_converter_msgs__rosidl_typesupport_c__pyext.dir/rosidl_generator_py/costmap_converter_msgs/_costmap_converter_msgs_s.ep.rosidl_typesupport_c.c.o[0m
[12.101s] [ 92%] [32mBuilding C object CMakeFiles/costmap_converter_msgs__rosidl_typesupport_introspection_c__pyext.dir/rosidl_generator_py/costmap_converter_msgs/_costmap_converter_msgs_s.ep.rosidl_typesupport_introspection_c.c.o[0m
[12.270s] [ 94%] [32m[1mLinking C shared library rosidl_generator_py/costmap_converter_msgs/costmap_converter_msgs_s__rosidl_typesupport_fastrtps_c.cpython-310-x86_64-linux-gnu.so[0m
[12.345s] [ 97%] [32m[1mLinking C shared library rosidl_generator_py/costmap_converter_msgs/costmap_converter_msgs_s__rosidl_typesupport_c.cpython-310-x86_64-linux-gnu.so[0m
[12.376s] [100%] [32m[1mLinking C shared library rosidl_generator_py/costmap_converter_msgs/costmap_converter_msgs_s__rosidl_typesupport_introspection_c.cpython-310-x86_64-linux-gnu.so[0m
[12.428s] [100%] Built target costmap_converter_msgs__rosidl_typesupport_fastrtps_c__pyext
[12.475s] [100%] Built target costmap_converter_msgs__rosidl_typesupport_c__pyext
[12.511s] [100%] Built target costmap_converter_msgs__rosidl_typesupport_introspection_c__pyext
[12.559s] Invoked command in '/home/agilex/agilex_ws/build/costmap_converter_msgs' returned '0': CMAKE_PREFIX_PATH=${CMAKE_PREFIX_PATH}:/home/agilex/agilex_ws/install/yolov5_ros2:/home/agilex/agilex_ws/install/nav2_simple_commander:/opt/ros/humble /usr/bin/cmake --build /home/agilex/agilex_ws/build/costmap_converter_msgs -- -j8 -l8
[13.887s] Invoking command in '/home/agilex/agilex_ws/build/costmap_converter_msgs': CMAKE_PREFIX_PATH=${CMAKE_PREFIX_PATH}:/home/agilex/agilex_ws/install/yolov5_ros2:/home/agilex/agilex_ws/install/nav2_simple_commander:/opt/ros/humble /usr/bin/cmake --install /home/agilex/agilex_ws/build/costmap_converter_msgs
[13.919s] -- Install configuration: ""
[13.919s] -- Up-to-date: /home/agilex/agilex_ws/install/costmap_converter_msgs/share/ament_index/resource_index/rosidl_interfaces/costmap_converter_msgs
[13.919s] -- Up-to-date: /home/agilex/agilex_ws/install/costmap_converter_msgs/include/costmap_converter_msgs/costmap_converter_msgs
[13.919s] -- Up-to-date: /home/agilex/agilex_ws/install/costmap_converter_msgs/include/costmap_converter_msgs/costmap_converter_msgs/msg
[13.919s] -- Up-to-date: /home/agilex/agilex_ws/install/costmap_converter_msgs/include/costmap_converter_msgs/costmap_converter_msgs/msg/detail
[13.919s] -- Installing: /home/agilex/agilex_ws/install/costmap_converter_msgs/include/costmap_converter_msgs/costmap_converter_msgs/msg/detail/obstacle_msg__functions.c
[13.920s] -- Installing: /home/agilex/agilex_ws/install/costmap_converter_msgs/include/costmap_converter_msgs/costmap_converter_msgs/msg/detail/obstacle_array_msg__functions.c
[13.920s] -- Installing: /home/agilex/agilex_ws/install/costmap_converter_msgs/include/costmap_converter_msgs/costmap_converter_msgs/msg/detail/obstacle_array_msg__functions.h
[13.920s] -- Installing: /home/agilex/agilex_ws/install/costmap_converter_msgs/include/costmap_converter_msgs/costmap_converter_msgs/msg/detail/obstacle_array_msg__struct.h
[13.920s] -- Installing: /home/agilex/agilex_ws/install/costmap_converter_msgs/include/costmap_converter_msgs/costmap_converter_msgs/msg/detail/obstacle_array_msg__type_support.h
[13.920s] -- Installing: /home/agilex/agilex_ws/install/costmap_converter_msgs/include/costmap_converter_msgs/costmap_converter_msgs/msg/detail/obstacle_msg__functions.h
[13.920s] -- Installing: /home/agilex/agilex_ws/install/costmap_converter_msgs/include/costmap_converter_msgs/costmap_converter_msgs/msg/detail/obstacle_msg__struct.h
[13.920s] -- Installing: /home/agilex/agilex_ws/install/costmap_converter_msgs/include/costmap_converter_msgs/costmap_converter_msgs/msg/detail/obstacle_msg__type_support.h
[13.920s] -- Installing: /home/agilex/agilex_ws/install/costmap_converter_msgs/include/costmap_converter_msgs/costmap_converter_msgs/msg/obstacle_array_msg.h
[13.920s] -- Installing: /home/agilex/agilex_ws/install/costmap_converter_msgs/include/costmap_converter_msgs/costmap_converter_msgs/msg/obstacle_msg.h
[13.920s] -- Up-to-date: /home/agilex/agilex_ws/install/costmap_converter_msgs/include/costmap_converter_msgs/costmap_converter_msgs/msg/rosidl_generator_c__visibility_control.h
[13.920s] -- Up-to-date: /home/agilex/agilex_ws/install/costmap_converter_msgs/share/costmap_converter_msgs/environment/library_path.sh
[13.920s] -- Installing: /home/agilex/agilex_ws/install/costmap_converter_msgs/share/costmap_converter_msgs/environment/library_path.dsv
[13.921s] -- Installing: /home/agilex/agilex_ws/install/costmap_converter_msgs/lib/libcostmap_converter_msgs__rosidl_generator_c.so
[13.921s] -- Set runtime path of "/home/agilex/agilex_ws/install/costmap_converter_msgs/lib/libcostmap_converter_msgs__rosidl_generator_c.so" to ""
[13.921s] -- Up-to-date: /home/agilex/agilex_ws/install/costmap_converter_msgs/include/costmap_converter_msgs/costmap_converter_msgs
[13.927s] -- Up-to-date: /home/agilex/agilex_ws/install/costmap_converter_msgs/include/costmap_converter_msgs/costmap_converter_msgs/msg
[13.956s] -- Up-to-date: /home/agilex/agilex_ws/install/costmap_converter_msgs/include/costmap_converter_msgs/costmap_converter_msgs/msg/detail
[13.964s] -- Installing: /home/agilex/agilex_ws/install/costmap_converter_msgs/include/costmap_converter_msgs/costmap_converter_msgs/msg/detail/obstacle_array_msg__rosidl_typesupport_fastrtps_c.h
[13.981s] -- Installing: /home/agilex/agilex_ws/install/costmap_converter_msgs/include/costmap_converter_msgs/costmap_converter_msgs/msg/detail/obstacle_msg__rosidl_typesupport_fastrtps_c.h
[13.982s] -- Up-to-date: /home/agilex/agilex_ws/install/costmap_converter_msgs/include/costmap_converter_msgs/costmap_converter_msgs/msg/rosidl_typesupport_fastrtps_c__visibility_control.h
[13.982s] -- Installing: /home/agilex/agilex_ws/install/costmap_converter_msgs/lib/libcostmap_converter_msgs__rosidl_typesupport_fastrtps_c.so
[13.982s] -- Set runtime path of "/home/agilex/agilex_ws/install/costmap_converter_msgs/lib/libcostmap_converter_msgs__rosidl_typesupport_fastrtps_c.so" to ""
[13.982s] -- Up-to-date: /home/agilex/agilex_ws/install/costmap_converter_msgs/include/costmap_converter_msgs/costmap_converter_msgs
[13.982s] -- Up-to-date: /home/agilex/agilex_ws/install/costmap_converter_msgs/include/costmap_converter_msgs/costmap_converter_msgs/msg
[13.982s] -- Installing: /home/agilex/agilex_ws/install/costmap_converter_msgs/include/costmap_converter_msgs/costmap_converter_msgs/msg/obstacle_msg.hpp
[13.982s] -- Up-to-date: /home/agilex/agilex_ws/install/costmap_converter_msgs/include/costmap_converter_msgs/costmap_converter_msgs/msg/detail
[13.982s] -- Installing: /home/agilex/agilex_ws/install/costmap_converter_msgs/include/costmap_converter_msgs/costmap_converter_msgs/msg/detail/obstacle_msg__builder.hpp
[13.982s] -- Installing: /home/agilex/agilex_ws/install/costmap_converter_msgs/include/costmap_converter_msgs/costmap_converter_msgs/msg/detail/obstacle_msg__struct.hpp
[13.982s] -- Installing: /home/agilex/agilex_ws/install/costmap_converter_msgs/include/costmap_converter_msgs/costmap_converter_msgs/msg/detail/obstacle_msg__traits.hpp
[13.982s] -- Installing: /home/agilex/agilex_ws/install/costmap_converter_msgs/include/costmap_converter_msgs/costmap_converter_msgs/msg/detail/obstacle_array_msg__builder.hpp
[13.983s] -- Installing: /home/agilex/agilex_ws/install/costmap_converter_msgs/include/costmap_converter_msgs/costmap_converter_msgs/msg/detail/obstacle_array_msg__struct.hpp
[13.983s] -- Installing: /home/agilex/agilex_ws/install/costmap_converter_msgs/include/costmap_converter_msgs/costmap_converter_msgs/msg/detail/obstacle_array_msg__traits.hpp
[13.983s] -- Installing: /home/agilex/agilex_ws/install/costmap_converter_msgs/include/costmap_converter_msgs/costmap_converter_msgs/msg/obstacle_array_msg.hpp
[13.983s] -- Up-to-date: /home/agilex/agilex_ws/install/costmap_converter_msgs/include/costmap_converter_msgs/costmap_converter_msgs
[13.983s] -- Up-to-date: /home/agilex/agilex_ws/install/costmap_converter_msgs/include/costmap_converter_msgs/costmap_converter_msgs/msg
[13.983s] -- Up-to-date: /home/agilex/agilex_ws/install/costmap_converter_msgs/include/costmap_converter_msgs/costmap_converter_msgs/msg/detail
[13.983s] -- Installing: /home/agilex/agilex_ws/install/costmap_converter_msgs/include/costmap_converter_msgs/costmap_converter_msgs/msg/detail/obstacle_msg__rosidl_typesupport_fastrtps_cpp.hpp
[13.983s] -- Up-to-date: /home/agilex/agilex_ws/install/costmap_converter_msgs/include/costmap_converter_msgs/costmap_converter_msgs/msg/detail/dds_fastrtps
[13.983s] -- Installing: /home/agilex/agilex_ws/install/costmap_converter_msgs/include/costmap_converter_msgs/costmap_converter_msgs/msg/detail/obstacle_array_msg__rosidl_typesupport_fastrtps_cpp.hpp
[13.983s] -- Up-to-date: /home/agilex/agilex_ws/install/costmap_converter_msgs/include/costmap_converter_msgs/costmap_converter_msgs/msg/rosidl_typesupport_fastrtps_cpp__visibility_control.h
[13.983s] -- Installing: /home/agilex/agilex_ws/install/costmap_converter_msgs/lib/libcostmap_converter_msgs__rosidl_typesupport_fastrtps_cpp.so
[13.983s] -- Set runtime path of "/home/agilex/agilex_ws/install/costmap_converter_msgs/lib/libcostmap_converter_msgs__rosidl_typesupport_fastrtps_cpp.so" to ""
[13.983s] -- Up-to-date: /home/agilex/agilex_ws/install/costmap_converter_msgs/include/costmap_converter_msgs/costmap_converter_msgs
[13.984s] -- Up-to-date: /home/agilex/agilex_ws/install/costmap_converter_msgs/include/costmap_converter_msgs/costmap_converter_msgs/msg
[13.984s] -- Up-to-date: /home/agilex/agilex_ws/install/costmap_converter_msgs/include/costmap_converter_msgs/costmap_converter_msgs/msg/detail
[13.984s] -- Installing: /home/agilex/agilex_ws/install/costmap_converter_msgs/include/costmap_converter_msgs/costmap_converter_msgs/msg/detail/obstacle_msg__type_support.c
[13.984s] -- Installing: /home/agilex/agilex_ws/install/costmap_converter_msgs/include/costmap_converter_msgs/costmap_converter_msgs/msg/detail/obstacle_array_msg__type_support.c
[13.984s] -- Installing: /home/agilex/agilex_ws/install/costmap_converter_msgs/include/costmap_converter_msgs/costmap_converter_msgs/msg/detail/obstacle_array_msg__rosidl_typesupport_introspection_c.h
[13.984s] -- Installing: /home/agilex/agilex_ws/install/costmap_converter_msgs/include/costmap_converter_msgs/costmap_converter_msgs/msg/detail/obstacle_msg__rosidl_typesupport_introspection_c.h
[13.984s] -- Up-to-date: /home/agilex/agilex_ws/install/costmap_converter_msgs/include/costmap_converter_msgs/costmap_converter_msgs/msg/rosidl_typesupport_introspection_c__visibility_control.h
[13.984s] -- Installing: /home/agilex/agilex_ws/install/costmap_converter_msgs/lib/libcostmap_converter_msgs__rosidl_typesupport_introspection_c.so
[13.984s] -- Set runtime path of "/home/agilex/agilex_ws/install/costmap_converter_msgs/lib/libcostmap_converter_msgs__rosidl_typesupport_introspection_c.so" to ""
[13.984s] -- Installing: /home/agilex/agilex_ws/install/costmap_converter_msgs/lib/libcostmap_converter_msgs__rosidl_typesupport_c.so
[13.984s] -- Set runtime path of "/home/agilex/agilex_ws/install/costmap_converter_msgs/lib/libcostmap_converter_msgs__rosidl_typesupport_c.so" to ""
[13.984s] -- Up-to-date: /home/agilex/agilex_ws/install/costmap_converter_msgs/include/costmap_converter_msgs/costmap_converter_msgs
[13.984s] -- Up-to-date: /home/agilex/agilex_ws/install/costmap_converter_msgs/include/costmap_converter_msgs/costmap_converter_msgs/msg
[13.985s] -- Up-to-date: /home/agilex/agilex_ws/install/costmap_converter_msgs/include/costmap_converter_msgs/costmap_converter_msgs/msg/detail
[13.985s] -- Installing: /home/agilex/agilex_ws/install/costmap_converter_msgs/include/costmap_converter_msgs/costmap_converter_msgs/msg/detail/obstacle_msg__rosidl_typesupport_introspection_cpp.hpp
[13.985s] -- Installing: /home/agilex/agilex_ws/install/costmap_converter_msgs/include/costmap_converter_msgs/costmap_converter_msgs/msg/detail/obstacle_array_msg__rosidl_typesupport_introspection_cpp.hpp
[13.985s] -- Installing: /home/agilex/agilex_ws/install/costmap_converter_msgs/include/costmap_converter_msgs/costmap_converter_msgs/msg/detail/obstacle_array_msg__type_support.cpp
[13.985s] -- Installing: /home/agilex/agilex_ws/install/costmap_converter_msgs/include/costmap_converter_msgs/costmap_converter_msgs/msg/detail/obstacle_msg__type_support.cpp
[13.985s] -- Installing: /home/agilex/agilex_ws/install/costmap_converter_msgs/lib/libcostmap_converter_msgs__rosidl_typesupport_introspection_cpp.so
[13.986s] -- Set runtime path of "/home/agilex/agilex_ws/install/costmap_converter_msgs/lib/libcostmap_converter_msgs__rosidl_typesupport_introspection_cpp.so" to ""
[13.987s] -- Installing: /home/agilex/agilex_ws/install/costmap_converter_msgs/lib/libcostmap_converter_msgs__rosidl_typesupport_cpp.so
[13.988s] -- Set runtime path of "/home/agilex/agilex_ws/install/costmap_converter_msgs/lib/libcostmap_converter_msgs__rosidl_typesupport_cpp.so" to ""
[13.988s] -- Up-to-date: /home/agilex/agilex_ws/install/costmap_converter_msgs/share/costmap_converter_msgs/environment/pythonpath.sh
[13.989s] -- Installing: /home/agilex/agilex_ws/install/costmap_converter_msgs/share/costmap_converter_msgs/environment/pythonpath.dsv
[13.989s] -- Up-to-date: /home/agilex/agilex_ws/install/costmap_converter_msgs/local/lib/python3.10/dist-packages/costmap_converter_msgs-0.1.2-py3.10.egg-info
[13.989s] -- Installing: /home/agilex/agilex_ws/install/costmap_converter_msgs/local/lib/python3.10/dist-packages/costmap_converter_msgs-0.1.2-py3.10.egg-info/PKG-INFO
[13.989s] -- Installing: /home/agilex/agilex_ws/install/costmap_converter_msgs/local/lib/python3.10/dist-packages/costmap_converter_msgs-0.1.2-py3.10.egg-info/dependency_links.txt
[13.990s] -- Installing: /home/agilex/agilex_ws/install/costmap_converter_msgs/local/lib/python3.10/dist-packages/costmap_converter_msgs-0.1.2-py3.10.egg-info/top_level.txt
[13.990s] -- Installing: /home/agilex/agilex_ws/install/costmap_converter_msgs/local/lib/python3.10/dist-packages/costmap_converter_msgs-0.1.2-py3.10.egg-info/SOURCES.txt
[13.990s] -- Up-to-date: /home/agilex/agilex_ws/install/costmap_converter_msgs/local/lib/python3.10/dist-packages/costmap_converter_msgs
[13.991s] -- Up-to-date: /home/agilex/agilex_ws/install/costmap_converter_msgs/local/lib/python3.10/dist-packages/costmap_converter_msgs/msg
[13.991s] -- Installing: /home/agilex/agilex_ws/install/costmap_converter_msgs/local/lib/python3.10/dist-packages/costmap_converter_msgs/msg/_obstacle_msg_s.c
[13.991s] -- Installing: /home/agilex/agilex_ws/install/costmap_converter_msgs/local/lib/python3.10/dist-packages/costmap_converter_msgs/msg/_obstacle_array_msg_s.c
[13.992s] -- Installing: /home/agilex/agilex_ws/install/costmap_converter_msgs/local/lib/python3.10/dist-packages/costmap_converter_msgs/msg/__init__.py
[13.992s] -- Installing: /home/agilex/agilex_ws/install/costmap_converter_msgs/local/lib/python3.10/dist-packages/costmap_converter_msgs/msg/_obstacle_array_msg.py
[13.992s] -- Installing: /home/agilex/agilex_ws/install/costmap_converter_msgs/local/lib/python3.10/dist-packages/costmap_converter_msgs/msg/_obstacle_msg.py
[13.993s] -- Installing: /home/agilex/agilex_ws/install/costmap_converter_msgs/local/lib/python3.10/dist-packages/costmap_converter_msgs/_costmap_converter_msgs_s.ep.rosidl_typesupport_fastrtps_c.c
[13.993s] -- Installing: /home/agilex/agilex_ws/install/costmap_converter_msgs/local/lib/python3.10/dist-packages/costmap_converter_msgs/_costmap_converter_msgs_s.ep.rosidl_typesupport_introspection_c.c
[13.993s] -- Installing: /home/agilex/agilex_ws/install/costmap_converter_msgs/local/lib/python3.10/dist-packages/costmap_converter_msgs/_costmap_converter_msgs_s.ep.rosidl_typesupport_c.c
[13.993s] -- Installing: /home/agilex/agilex_ws/install/costmap_converter_msgs/local/lib/python3.10/dist-packages/costmap_converter_msgs/__init__.py
[13.994s] -- Installing: /home/agilex/agilex_ws/install/costmap_converter_msgs/local/lib/python3.10/dist-packages/costmap_converter_msgs/libcostmap_converter_msgs__rosidl_generator_py.so
[13.994s] -- Installing: /home/agilex/agilex_ws/install/costmap_converter_msgs/local/lib/python3.10/dist-packages/costmap_converter_msgs/costmap_converter_msgs_s__rosidl_typesupport_fastrtps_c.cpython-310-x86_64-linux-gnu.so
[13.995s] -- Installing: /home/agilex/agilex_ws/install/costmap_converter_msgs/local/lib/python3.10/dist-packages/costmap_converter_msgs/costmap_converter_msgs_s__rosidl_typesupport_c.cpython-310-x86_64-linux-gnu.so
[13.996s] -- Installing: /home/agilex/agilex_ws/install/costmap_converter_msgs/local/lib/python3.10/dist-packages/costmap_converter_msgs/costmap_converter_msgs_s__rosidl_typesupport_introspection_c.cpython-310-x86_64-linux-gnu.so
[14.093s] Listing '/home/agilex/agilex_ws/install/costmap_converter_msgs/local/lib/python3.10/dist-packages/costmap_converter_msgs'...
[14.093s] Compiling '/home/agilex/agilex_ws/install/costmap_converter_msgs/local/lib/python3.10/dist-packages/costmap_converter_msgs/__init__.py'...
[14.093s] Listing '/home/agilex/agilex_ws/install/costmap_converter_msgs/local/lib/python3.10/dist-packages/costmap_converter_msgs/msg'...
[14.093s] Compiling '/home/agilex/agilex_ws/install/costmap_converter_msgs/local/lib/python3.10/dist-packages/costmap_converter_msgs/msg/__init__.py'...
[14.093s] Compiling '/home/agilex/agilex_ws/install/costmap_converter_msgs/local/lib/python3.10/dist-packages/costmap_converter_msgs/msg/_obstacle_array_msg.py'...
[14.093s] Compiling '/home/agilex/agilex_ws/install/costmap_converter_msgs/local/lib/python3.10/dist-packages/costmap_converter_msgs/msg/_obstacle_msg.py'...
[14.101s] -- Installing: /home/agilex/agilex_ws/install/costmap_converter_msgs/local/lib/python3.10/dist-packages/costmap_converter_msgs/costmap_converter_msgs_s__rosidl_typesupport_fastrtps_c.cpython-310-x86_64-linux-gnu.so
[14.101s] -- Set runtime path of "/home/agilex/agilex_ws/install/costmap_converter_msgs/local/lib/python3.10/dist-packages/costmap_converter_msgs/costmap_converter_msgs_s__rosidl_typesupport_fastrtps_c.cpython-310-x86_64-linux-gnu.so" to ""
[14.102s] -- Installing: /home/agilex/agilex_ws/install/costmap_converter_msgs/local/lib/python3.10/dist-packages/costmap_converter_msgs/costmap_converter_msgs_s__rosidl_typesupport_introspection_c.cpython-310-x86_64-linux-gnu.so
[14.102s] -- Set runtime path of "/home/agilex/agilex_ws/install/costmap_converter_msgs/local/lib/python3.10/dist-packages/costmap_converter_msgs/costmap_converter_msgs_s__rosidl_typesupport_introspection_c.cpython-310-x86_64-linux-gnu.so" to ""
[14.103s] -- Installing: /home/agilex/agilex_ws/install/costmap_converter_msgs/local/lib/python3.10/dist-packages/costmap_converter_msgs/costmap_converter_msgs_s__rosidl_typesupport_c.cpython-310-x86_64-linux-gnu.so
[14.103s] -- Set runtime path of "/home/agilex/agilex_ws/install/costmap_converter_msgs/local/lib/python3.10/dist-packages/costmap_converter_msgs/costmap_converter_msgs_s__rosidl_typesupport_c.cpython-310-x86_64-linux-gnu.so" to ""
[14.103s] -- Installing: /home/agilex/agilex_ws/install/costmap_converter_msgs/lib/libcostmap_converter_msgs__rosidl_generator_py.so
[14.104s] -- Set runtime path of "/home/agilex/agilex_ws/install/costmap_converter_msgs/lib/libcostmap_converter_msgs__rosidl_generator_py.so" to ""
[14.104s] -- Up-to-date: /home/agilex/agilex_ws/install/costmap_converter_msgs/share/costmap_converter_msgs/msg/ObstacleMsg.idl
[14.104s] -- Up-to-date: /home/agilex/agilex_ws/install/costmap_converter_msgs/share/costmap_converter_msgs/msg/ObstacleArrayMsg.idl
[14.104s] -- Up-to-date: /home/agilex/agilex_ws/install/costmap_converter_msgs/share/costmap_converter_msgs/msg/ObstacleMsg.msg
[14.104s] -- Up-to-date: /home/agilex/agilex_ws/install/costmap_converter_msgs/share/costmap_converter_msgs/msg/ObstacleArrayMsg.msg
[14.105s] -- Up-to-date: /home/agilex/agilex_ws/install/costmap_converter_msgs/share/ament_index/resource_index/package_run_dependencies/costmap_converter_msgs
[14.105s] -- Installing: /home/agilex/agilex_ws/install/costmap_converter_msgs/share/ament_index/resource_index/parent_prefix_path/costmap_converter_msgs
[14.105s] -- Installing: /home/agilex/agilex_ws/install/costmap_converter_msgs/share/costmap_converter_msgs/environment/ament_prefix_path.sh
[14.105s] -- Installing: /home/agilex/agilex_ws/install/costmap_converter_msgs/share/costmap_converter_msgs/environment/ament_prefix_path.dsv
[14.105s] -- Installing: /home/agilex/agilex_ws/install/costmap_converter_msgs/share/costmap_converter_msgs/environment/path.sh
[14.105s] -- Installing: /home/agilex/agilex_ws/install/costmap_converter_msgs/share/costmap_converter_msgs/environment/path.dsv
[14.106s] -- Up-to-date: /home/agilex/agilex_ws/install/costmap_converter_msgs/share/costmap_converter_msgs/local_setup.bash
[14.106s] -- Up-to-date: /home/agilex/agilex_ws/install/costmap_converter_msgs/share/costmap_converter_msgs/local_setup.sh
[14.106s] -- Up-to-date: /home/agilex/agilex_ws/install/costmap_converter_msgs/share/costmap_converter_msgs/local_setup.zsh
[14.106s] -- Installing: /home/agilex/agilex_ws/install/costmap_converter_msgs/share/costmap_converter_msgs/local_setup.dsv
[14.106s] -- Installing: /home/agilex/agilex_ws/install/costmap_converter_msgs/share/costmap_converter_msgs/package.dsv
[14.106s] -- Up-to-date: /home/agilex/agilex_ws/install/costmap_converter_msgs/share/ament_index/resource_index/packages/costmap_converter_msgs
[14.107s] -- Up-to-date: /home/agilex/agilex_ws/install/costmap_converter_msgs/share/costmap_converter_msgs/cmake/export_costmap_converter_msgs__rosidl_generator_cExport.cmake
[14.107s] -- Up-to-date: /home/agilex/agilex_ws/install/costmap_converter_msgs/share/costmap_converter_msgs/cmake/export_costmap_converter_msgs__rosidl_generator_cExport-noconfig.cmake
[14.108s] -- Up-to-date: /home/agilex/agilex_ws/install/costmap_converter_msgs/share/costmap_converter_msgs/cmake/export_costmap_converter_msgs__rosidl_typesupport_fastrtps_cExport.cmake
[14.108s] -- Up-to-date: /home/agilex/agilex_ws/install/costmap_converter_msgs/share/costmap_converter_msgs/cmake/export_costmap_converter_msgs__rosidl_typesupport_fastrtps_cExport-noconfig.cmake
[14.109s] -- Up-to-date: /home/agilex/agilex_ws/install/costmap_converter_msgs/share/costmap_converter_msgs/cmake/export_costmap_converter_msgs__rosidl_generator_cppExport.cmake
[14.109s] -- Up-to-date: /home/agilex/agilex_ws/install/costmap_converter_msgs/share/costmap_converter_msgs/cmake/export_costmap_converter_msgs__rosidl_typesupport_fastrtps_cppExport.cmake
[14.109s] -- Up-to-date: /home/agilex/agilex_ws/install/costmap_converter_msgs/share/costmap_converter_msgs/cmake/export_costmap_converter_msgs__rosidl_typesupport_fastrtps_cppExport-noconfig.cmake
[14.110s] -- Up-to-date: /home/agilex/agilex_ws/install/costmap_converter_msgs/share/costmap_converter_msgs/cmake/costmap_converter_msgs__rosidl_typesupport_introspection_cExport.cmake
[14.110s] -- Up-to-date: /home/agilex/agilex_ws/install/costmap_converter_msgs/share/costmap_converter_msgs/cmake/costmap_converter_msgs__rosidl_typesupport_introspection_cExport-noconfig.cmake
[14.111s] -- Up-to-date: /home/agilex/agilex_ws/install/costmap_converter_msgs/share/costmap_converter_msgs/cmake/costmap_converter_msgs__rosidl_typesupport_cExport.cmake
[14.111s] -- Up-to-date: /home/agilex/agilex_ws/install/costmap_converter_msgs/share/costmap_converter_msgs/cmake/costmap_converter_msgs__rosidl_typesupport_cExport-noconfig.cmake
[14.111s] -- Up-to-date: /home/agilex/agilex_ws/install/costmap_converter_msgs/share/costmap_converter_msgs/cmake/costmap_converter_msgs__rosidl_typesupport_introspection_cppExport.cmake
[14.111s] -- Up-to-date: /home/agilex/agilex_ws/install/costmap_converter_msgs/share/costmap_converter_msgs/cmake/costmap_converter_msgs__rosidl_typesupport_introspection_cppExport-noconfig.cmake
[14.112s] -- Up-to-date: /home/agilex/agilex_ws/install/costmap_converter_msgs/share/costmap_converter_msgs/cmake/costmap_converter_msgs__rosidl_typesupport_cppExport.cmake
[14.112s] -- Up-to-date: /home/agilex/agilex_ws/install/costmap_converter_msgs/share/costmap_converter_msgs/cmake/costmap_converter_msgs__rosidl_typesupport_cppExport-noconfig.cmake
[14.112s] -- Up-to-date: /home/agilex/agilex_ws/install/costmap_converter_msgs/share/costmap_converter_msgs/cmake/export_costmap_converter_msgs__rosidl_generator_pyExport.cmake
[14.113s] -- Up-to-date: /home/agilex/agilex_ws/install/costmap_converter_msgs/share/costmap_converter_msgs/cmake/export_costmap_converter_msgs__rosidl_generator_pyExport-noconfig.cmake
[14.113s] -- Up-to-date: /home/agilex/agilex_ws/install/costmap_converter_msgs/share/costmap_converter_msgs/cmake/rosidl_cmake-extras.cmake
[14.113s] -- Up-to-date: /home/agilex/agilex_ws/install/costmap_converter_msgs/share/costmap_converter_msgs/cmake/ament_cmake_export_dependencies-extras.cmake
[14.113s] -- Up-to-date: /home/agilex/agilex_ws/install/costmap_converter_msgs/share/costmap_converter_msgs/cmake/ament_cmake_export_include_directories-extras.cmake
[14.113s] -- Up-to-date: /home/agilex/agilex_ws/install/costmap_converter_msgs/share/costmap_converter_msgs/cmake/ament_cmake_export_libraries-extras.cmake
[14.114s] -- Up-to-date: /home/agilex/agilex_ws/install/costmap_converter_msgs/share/costmap_converter_msgs/cmake/ament_cmake_export_targets-extras.cmake
[14.114s] -- Up-to-date: /home/agilex/agilex_ws/install/costmap_converter_msgs/share/costmap_converter_msgs/cmake/rosidl_cmake_export_typesupport_targets-extras.cmake
[14.114s] -- Up-to-date: /home/agilex/agilex_ws/install/costmap_converter_msgs/share/costmap_converter_msgs/cmake/rosidl_cmake_export_typesupport_libraries-extras.cmake
[14.114s] -- Up-to-date: /home/agilex/agilex_ws/install/costmap_converter_msgs/share/costmap_converter_msgs/cmake/costmap_converter_msgsConfig.cmake
[14.115s] -- Up-to-date: /home/agilex/agilex_ws/install/costmap_converter_msgs/share/costmap_converter_msgs/cmake/costmap_converter_msgsConfig-version.cmake
[14.115s] -- Up-to-date: /home/agilex/agilex_ws/install/costmap_converter_msgs/share/costmap_converter_msgs/package.xml
[14.127s] Invoked command in '/home/agilex/agilex_ws/build/costmap_converter_msgs' returned '0': CMAKE_PREFIX_PATH=${CMAKE_PREFIX_PATH}:/home/agilex/agilex_ws/install/yolov5_ros2:/home/agilex/agilex_ws/install/nav2_simple_commander:/opt/ros/humble /usr/bin/cmake --install /home/agilex/agilex_ws/build/costmap_converter_msgs
