[0.116s] Invoking command in '/home/agilex/agilex_ws/build/nav2_voxel_grid': AMENT_PREFIX_PATH=/home/agilex/agilex_ws/install/nav2_common:${AMENT_PREFIX_PATH} CMAKE_PREFIX_PATH=/home/agilex/agilex_ws/install/nav2_common:/opt/ros/humble PYTHONPATH=/home/agilex/agilex_ws/install/nav2_common/local/lib/python3.10/dist-packages:${PYTHONPATH} /usr/bin/cmake /home/agilex/agilex_ws/src/navigation2/nav2_voxel_grid -DCMAKE_INSTALL_PREFIX=/home/agilex/agilex_ws/install/nav2_voxel_grid
[0.359s] -- The C compiler identification is GNU 11.3.0
[0.453s] -- The CXX compiler identification is GNU 11.3.0
[0.473s] -- Detecting C compiler ABI info
[0.700s] -- Detecting C compiler ABI info - done
[0.704s] -- Check for working C compiler: /usr/bin/cc - skipped
[0.704s] -- Detecting C compile features
[0.704s] -- Detecting C compile features - done
[0.706s] -- Detecting CXX compiler ABI info
[0.953s] -- Detecting CXX compiler ABI info - done
[0.961s] -- Check for working CXX compiler: /usr/bin/c++ - skipped
[0.961s] -- Detecting CXX compile features
[0.961s] -- Detecting CXX compile features - done
[0.964s] -- Found ament_cmake: 1.3.4 (/opt/ros/humble/share/ament_cmake/cmake)
[1.458s] -- Found Python3: /usr/bin/python3.10 (found version "3.10.6") found components: Interpreter 
[1.559s] -- Found nav2_common: 1.1.0 (/home/agilex/agilex_ws/install/nav2_common/share/nav2_common/cmake)
[1.560s] -- Found rclcpp: 16.0.4 (/opt/ros/humble/share/rclcpp/cmake)
[1.662s] -- Found rosidl_generator_c: 3.1.4 (/opt/ros/humble/share/rosidl_generator_c/cmake)
[1.672s] -- Found rosidl_adapter: 3.1.4 (/opt/ros/humble/share/rosidl_adapter/cmake)
[1.688s] -- Found rosidl_generator_cpp: 3.1.4 (/opt/ros/humble/share/rosidl_generator_cpp/cmake)
[1.720s] -- Using all available rosidl_typesupport_c: rosidl_typesupport_fastrtps_c;rosidl_typesupport_introspection_c
[1.768s] -- Using all available rosidl_typesupport_cpp: rosidl_typesupport_fastrtps_cpp;rosidl_typesupport_introspection_cpp
[1.850s] -- Found rmw_implementation_cmake: 6.1.1 (/opt/ros/humble/share/rmw_implementation_cmake/cmake)
[1.852s] -- Found rmw_fastrtps_cpp: 6.2.2 (/opt/ros/humble/share/rmw_fastrtps_cpp/cmake)
[1.993s] -- Found OpenSSL: /usr/lib/x86_64-linux-gnu/libcrypto.so (found version "3.0.2")  
[2.018s] -- Found FastRTPS: /opt/ros/humble/include  
[2.065s] -- Using RMW implementation 'rmw_fastrtps_cpp' as default
[2.074s] -- Looking for pthread.h
[2.290s] -- Looking for pthread.h - found
[2.291s] -- Performing Test CMAKE_HAVE_LIBC_PTHREAD
[2.492s] -- Performing Test CMAKE_HAVE_LIBC_PTHREAD - Success
[2.492s] -- Found Threads: TRUE  
[2.700s] -- Setting build type to Release as none was specified.
[2.702s] -- Found ament_lint_auto: 0.12.6 (/opt/ros/humble/share/ament_lint_auto/cmake)
[2.787s] -- Found gtest sources under '/opt/ros/humble/src/gtest_vendor': C++ tests using 'Google Test' will be built
[2.798s] -- Added test 'cppcheck' to perform static code analysis on C / C++ code
[2.798s] -- Configured cppcheck include dirs: /home/agilex/agilex_ws/src/navigation2/nav2_voxel_grid/include
[2.798s] -- Configured cppcheck exclude dirs and/or files: 
[2.799s] -- Added test 'cpplint' to check C / C++ code against the Google style
[2.799s] -- Configured cpplint exclude dirs and/or files: 
[2.799s] -- Added test 'lint_cmake' to check CMake code style
[2.800s] -- Added test 'uncrustify' to check C / C++ code style
[2.801s] -- Configured uncrustify additional arguments: 
[2.802s] -- Added test 'xmllint' to check XML markup files
[2.808s] -- Configuring done
[2.827s] -- Generating done
[2.830s] -- Build files have been written to: /home/agilex/agilex_ws/build/nav2_voxel_grid
[2.851s] Invoked command in '/home/agilex/agilex_ws/build/nav2_voxel_grid' returned '0': AMENT_PREFIX_PATH=/home/agilex/agilex_ws/install/nav2_common:${AMENT_PREFIX_PATH} CMAKE_PREFIX_PATH=/home/agilex/agilex_ws/install/nav2_common:/opt/ros/humble PYTHONPATH=/home/agilex/agilex_ws/install/nav2_common/local/lib/python3.10/dist-packages:${PYTHONPATH} /usr/bin/cmake /home/agilex/agilex_ws/src/navigation2/nav2_voxel_grid -DCMAKE_INSTALL_PREFIX=/home/agilex/agilex_ws/install/nav2_voxel_grid
[2.851s] Invoking command in '/home/agilex/agilex_ws/build/nav2_voxel_grid': AMENT_PREFIX_PATH=/home/agilex/agilex_ws/install/nav2_common:${AMENT_PREFIX_PATH} CMAKE_PREFIX_PATH=/home/agilex/agilex_ws/install/nav2_common:/opt/ros/humble PYTHONPATH=/home/agilex/agilex_ws/install/nav2_common/local/lib/python3.10/dist-packages:${PYTHONPATH} /usr/bin/cmake --build /home/agilex/agilex_ws/build/nav2_voxel_grid -- -j8 -l8
[3.859s] [ 10%] [32mBuilding CXX object CMakeFiles/voxel_grid.dir/src/voxel_grid.cpp.o[0m
[6.256s] [ 20%] [32m[1mLinking CXX shared library libvoxel_grid.so[0m
[6.425s] [ 20%] Built target voxel_grid
[6.441s] [ 30%] [32mBuilding CXX object gtest/CMakeFiles/gtest.dir/src/gtest-all.cc.o[0m
[14.835s] [ 40%] [32m[1mLinking CXX static library libgtest.a[0m
[14.879s] [ 40%] Built target gtest
[14.898s] [ 50%] [32mBuilding CXX object gtest/CMakeFiles/gtest_main.dir/src/gtest_main.cc.o[0m
[15.904s] [ 60%] [32m[1mLinking CXX static library libgtest_main.a[0m
[15.932s] [ 60%] Built target gtest_main
[15.947s] [ 70%] [32mBuilding CXX object test/CMakeFiles/voxel_grid_tests.dir/voxel_grid_tests.cpp.o[0m
[19.913s] [ 80%] [32m[1mLinking CXX executable voxel_grid_tests[0m
[20.037s] [ 80%] Built target voxel_grid_tests
[20.052s] [ 90%] [32mBuilding CXX object test/CMakeFiles/voxel_grid_bresenham_3d.dir/voxel_grid_bresenham_3d.cpp.o[0m
[23.769s] [100%] [32m[1mLinking CXX executable voxel_grid_bresenham_3d[0m
[23.898s] [100%] Built target voxel_grid_bresenham_3d
[23.909s] Invoked command in '/home/agilex/agilex_ws/build/nav2_voxel_grid' returned '0': AMENT_PREFIX_PATH=/home/agilex/agilex_ws/install/nav2_common:${AMENT_PREFIX_PATH} CMAKE_PREFIX_PATH=/home/agilex/agilex_ws/install/nav2_common:/opt/ros/humble PYTHONPATH=/home/agilex/agilex_ws/install/nav2_common/local/lib/python3.10/dist-packages:${PYTHONPATH} /usr/bin/cmake --build /home/agilex/agilex_ws/build/nav2_voxel_grid -- -j8 -l8
[23.930s] Invoking command in '/home/agilex/agilex_ws/build/nav2_voxel_grid': AMENT_PREFIX_PATH=/home/agilex/agilex_ws/install/nav2_common:${AMENT_PREFIX_PATH} CMAKE_PREFIX_PATH=/home/agilex/agilex_ws/install/nav2_common:/opt/ros/humble PYTHONPATH=/home/agilex/agilex_ws/install/nav2_common/local/lib/python3.10/dist-packages:${PYTHONPATH} /usr/bin/cmake --install /home/agilex/agilex_ws/build/nav2_voxel_grid
[28.849s] -- Install configuration: "Release"
[28.849s] -- Installing: /home/agilex/agilex_ws/install/nav2_voxel_grid/lib/libvoxel_grid.so
[28.849s] -- Set runtime path of "/home/agilex/agilex_ws/install/nav2_voxel_grid/lib/libvoxel_grid.so" to ""
[28.849s] -- Installing: /home/agilex/agilex_ws/install/nav2_voxel_grid/include
[28.849s] -- Installing: /home/agilex/agilex_ws/install/nav2_voxel_grid/include/nav2_voxel_grid
[28.849s] -- Installing: /home/agilex/agilex_ws/install/nav2_voxel_grid/include/nav2_voxel_grid/voxel_grid.hpp
[28.849s] -- Installing: /home/agilex/agilex_ws/install/nav2_voxel_grid/share/nav2_voxel_grid/environment/library_path.sh
[28.849s] -- Installing: /home/agilex/agilex_ws/install/nav2_voxel_grid/share/nav2_voxel_grid/environment/library_path.dsv
[28.849s] -- Installing: /home/agilex/agilex_ws/install/nav2_voxel_grid/share/ament_index/resource_index/package_run_dependencies/nav2_voxel_grid
[28.849s] -- Installing: /home/agilex/agilex_ws/install/nav2_voxel_grid/share/ament_index/resource_index/parent_prefix_path/nav2_voxel_grid
[28.849s] -- Installing: /home/agilex/agilex_ws/install/nav2_voxel_grid/share/nav2_voxel_grid/environment/ament_prefix_path.sh
[28.850s] -- Installing: /home/agilex/agilex_ws/install/nav2_voxel_grid/share/nav2_voxel_grid/environment/ament_prefix_path.dsv
[28.850s] -- Installing: /home/agilex/agilex_ws/install/nav2_voxel_grid/share/nav2_voxel_grid/environment/path.sh
[28.850s] -- Installing: /home/agilex/agilex_ws/install/nav2_voxel_grid/share/nav2_voxel_grid/environment/path.dsv
[28.850s] -- Installing: /home/agilex/agilex_ws/install/nav2_voxel_grid/share/nav2_voxel_grid/local_setup.bash
[28.850s] -- Installing: /home/agilex/agilex_ws/install/nav2_voxel_grid/share/nav2_voxel_grid/local_setup.sh
[28.850s] -- Installing: /home/agilex/agilex_ws/install/nav2_voxel_grid/share/nav2_voxel_grid/local_setup.zsh
[28.850s] -- Installing: /home/agilex/agilex_ws/install/nav2_voxel_grid/share/nav2_voxel_grid/local_setup.dsv
[28.850s] -- Installing: /home/agilex/agilex_ws/install/nav2_voxel_grid/share/nav2_voxel_grid/package.dsv
[28.850s] -- Installing: /home/agilex/agilex_ws/install/nav2_voxel_grid/share/ament_index/resource_index/packages/nav2_voxel_grid
[28.850s] -- Installing: /home/agilex/agilex_ws/install/nav2_voxel_grid/share/nav2_voxel_grid/cmake/ament_cmake_export_dependencies-extras.cmake
[28.850s] -- Installing: /home/agilex/agilex_ws/install/nav2_voxel_grid/share/nav2_voxel_grid/cmake/ament_cmake_export_include_directories-extras.cmake
[28.850s] -- Installing: /home/agilex/agilex_ws/install/nav2_voxel_grid/share/nav2_voxel_grid/cmake/ament_cmake_export_libraries-extras.cmake
[28.850s] -- Installing: /home/agilex/agilex_ws/install/nav2_voxel_grid/share/nav2_voxel_grid/cmake/nav2_voxel_gridConfig.cmake
[28.850s] -- Installing: /home/agilex/agilex_ws/install/nav2_voxel_grid/share/nav2_voxel_grid/cmake/nav2_voxel_gridConfig-version.cmake
[28.850s] -- Installing: /home/agilex/agilex_ws/install/nav2_voxel_grid/share/nav2_voxel_grid/package.xml
[28.856s] Invoked command in '/home/agilex/agilex_ws/build/nav2_voxel_grid' returned '0': AMENT_PREFIX_PATH=/home/agilex/agilex_ws/install/nav2_common:${AMENT_PREFIX_PATH} CMAKE_PREFIX_PATH=/home/agilex/agilex_ws/install/nav2_common:/opt/ros/humble PYTHONPATH=/home/agilex/agilex_ws/install/nav2_common/local/lib/python3.10/dist-packages:${PYTHONPATH} /usr/bin/cmake --install /home/agilex/agilex_ws/build/nav2_voxel_grid
