[  2%] Built target teb_msgs__cpp
[  4%] [32mBuilding C object CMakeFiles/teb_msgs__rosidl_generator_c.dir/rosidl_generator_c/teb_msgs/msg/detail/feedback_msg__functions.c.o[0m
[  6%] [32mBuilding C object CMakeFiles/teb_msgs__rosidl_generator_c.dir/rosidl_generator_c/teb_msgs/msg/detail/trajectory_msg__functions.c.o[0m
[  8%] [32mBuilding C object CMakeFiles/teb_msgs__rosidl_generator_c.dir/rosidl_generator_c/teb_msgs/msg/detail/trajectory_point_msg__functions.c.o[0m
[  8%] Built target ament_cmake_python_copy_teb_msgs
[ 10%] [32mBuilding CXX object CMakeFiles/teb_msgs__rosidl_typesupport_fastrtps_cpp.dir/rosidl_typesupport_fastrtps_cpp/teb_msgs/msg/detail/dds_fastrtps/trajectory_point_msg__type_support.cpp.o[0m
[ 12%] [32mBuilding CXX object CMakeFiles/teb_msgs__rosidl_typesupport_fastrtps_cpp.dir/rosidl_typesupport_fastrtps_cpp/teb_msgs/msg/detail/dds_fastrtps/feedback_msg__type_support.cpp.o[0m
[ 14%] [32mBuilding CXX object CMakeFiles/teb_msgs__rosidl_typesupport_fastrtps_cpp.dir/rosidl_typesupport_fastrtps_cpp/teb_msgs/msg/detail/dds_fastrtps/trajectory_msg__type_support.cpp.o[0m
[ 17%] [32mBuilding CXX object CMakeFiles/teb_msgs__rosidl_typesupport_introspection_cpp.dir/rosidl_typesupport_introspection_cpp/teb_msgs/msg/detail/feedback_msg__type_support.cpp.o[0m
[ 19%] [32mBuilding CXX object CMakeFiles/teb_msgs__rosidl_typesupport_introspection_cpp.dir/rosidl_typesupport_introspection_cpp/teb_msgs/msg/detail/trajectory_msg__type_support.cpp.o[0m
[ 21%] [32mBuilding CXX object CMakeFiles/teb_msgs__rosidl_typesupport_cpp.dir/rosidl_typesupport_cpp/teb_msgs/msg/feedback_msg__type_support.cpp.o[0m
[ 23%] [32mBuilding CXX object CMakeFiles/teb_msgs__rosidl_typesupport_cpp.dir/rosidl_typesupport_cpp/teb_msgs/msg/trajectory_msg__type_support.cpp.o[0m
[ 25%] [32mBuilding CXX object CMakeFiles/teb_msgs__rosidl_typesupport_introspection_cpp.dir/rosidl_typesupport_introspection_cpp/teb_msgs/msg/detail/trajectory_point_msg__type_support.cpp.o[0m
[ 27%] [32mBuilding CXX object CMakeFiles/teb_msgs__rosidl_typesupport_cpp.dir/rosidl_typesupport_cpp/teb_msgs/msg/trajectory_point_msg__type_support.cpp.o[0m
[ 29%] [32m[1mLinking C shared library libteb_msgs__rosidl_generator_c.so[0m
[ 31%] Built target teb_msgs__rosidl_generator_c
[ 34%] [32mBuilding CXX object CMakeFiles/teb_msgs__rosidl_typesupport_c.dir/rosidl_typesupport_c/teb_msgs/msg/feedback_msg__type_support.cpp.o[0m
[ 38%] [32mBuilding CXX object CMakeFiles/teb_msgs__rosidl_typesupport_c.dir/rosidl_typesupport_c/teb_msgs/msg/trajectory_msg__type_support.cpp.o[0m
[ 38%] [32mBuilding CXX object CMakeFiles/teb_msgs__rosidl_typesupport_fastrtps_c.dir/rosidl_typesupport_fastrtps_c/teb_msgs/msg/detail/feedback_msg__type_support_c.cpp.o[0m
[ 40%] [32mBuilding CXX object CMakeFiles/teb_msgs__rosidl_typesupport_fastrtps_c.dir/rosidl_typesupport_fastrtps_c/teb_msgs/msg/detail/trajectory_msg__type_support_c.cpp.o[0m
[ 42%] [32mBuilding CXX object CMakeFiles/teb_msgs__rosidl_typesupport_c.dir/rosidl_typesupport_c/teb_msgs/msg/trajectory_point_msg__type_support.cpp.o[0m
[ 44%] [32mBuilding C object CMakeFiles/teb_msgs__rosidl_typesupport_introspection_c.dir/rosidl_typesupport_introspection_c/teb_msgs/msg/detail/feedback_msg__type_support.c.o[0m
[ 46%] [32mBuilding C object CMakeFiles/teb_msgs__rosidl_typesupport_introspection_c.dir/rosidl_typesupport_introspection_c/teb_msgs/msg/detail/trajectory_msg__type_support.c.o[0m
[ 48%] [32mBuilding CXX object CMakeFiles/teb_msgs__rosidl_typesupport_fastrtps_c.dir/rosidl_typesupport_fastrtps_c/teb_msgs/msg/detail/trajectory_point_msg__type_support_c.cpp.o[0m
[ 51%] [32mBuilding C object CMakeFiles/teb_msgs__rosidl_typesupport_introspection_c.dir/rosidl_typesupport_introspection_c/teb_msgs/msg/detail/trajectory_point_msg__type_support.c.o[0m
[ 53%] [32m[1mLinking CXX shared library libteb_msgs__rosidl_typesupport_c.so[0m
[ 55%] [32m[1mLinking C shared library libteb_msgs__rosidl_typesupport_introspection_c.so[0m
[ 57%] Built target teb_msgs__rosidl_typesupport_c
[ 59%] Built target teb_msgs__rosidl_typesupport_introspection_c
running egg_info
writing teb_msgs.egg-info/PKG-INFO
writing dependency_links to teb_msgs.egg-info/dependency_links.txt
writing top-level names to teb_msgs.egg-info/top_level.txt
reading manifest file 'teb_msgs.egg-info/SOURCES.txt'
writing manifest file 'teb_msgs.egg-info/SOURCES.txt'
[ 61%] [32m[1mLinking CXX shared library libteb_msgs__rosidl_typesupport_cpp.so[0m
[ 61%] Built target ament_cmake_python_build_teb_msgs_egg
[ 63%] Built target teb_msgs__rosidl_typesupport_cpp
[ 65%] [32m[1mLinking CXX shared library libteb_msgs__rosidl_typesupport_fastrtps_c.so[0m
[ 68%] [32m[1mLinking CXX shared library libteb_msgs__rosidl_typesupport_fastrtps_cpp.so[0m
[ 70%] Built target teb_msgs__rosidl_typesupport_fastrtps_c
[ 72%] Built target teb_msgs__rosidl_typesupport_fastrtps_cpp
[ 74%] [32m[1mLinking CXX shared library libteb_msgs__rosidl_typesupport_introspection_cpp.so[0m
[ 76%] Built target teb_msgs__rosidl_typesupport_introspection_cpp
[ 76%] Built target teb_msgs
[ 78%] Built target teb_msgs__py
[ 80%] [32mBuilding C object CMakeFiles/teb_msgs__rosidl_generator_py.dir/rosidl_generator_py/teb_msgs/msg/_trajectory_msg_s.c.o[0m
[ 82%] [32mBuilding C object CMakeFiles/teb_msgs__rosidl_generator_py.dir/rosidl_generator_py/teb_msgs/msg/_feedback_msg_s.c.o[0m
[ 85%] [32mBuilding C object CMakeFiles/teb_msgs__rosidl_generator_py.dir/rosidl_generator_py/teb_msgs/msg/_trajectory_point_msg_s.c.o[0m
[ 87%] [32m[1mLinking C shared library rosidl_generator_py/teb_msgs/libteb_msgs__rosidl_generator_py.so[0m
[ 87%] Built target teb_msgs__rosidl_generator_py
[ 89%] [32mBuilding C object CMakeFiles/teb_msgs__rosidl_typesupport_introspection_c__pyext.dir/rosidl_generator_py/teb_msgs/_teb_msgs_s.ep.rosidl_typesupport_introspection_c.c.o[0m
[ 93%] [32mBuilding C object CMakeFiles/teb_msgs__rosidl_typesupport_fastrtps_c__pyext.dir/rosidl_generator_py/teb_msgs/_teb_msgs_s.ep.rosidl_typesupport_fastrtps_c.c.o[0m
[ 93%] [32mBuilding C object CMakeFiles/teb_msgs__rosidl_typesupport_c__pyext.dir/rosidl_generator_py/teb_msgs/_teb_msgs_s.ep.rosidl_typesupport_c.c.o[0m
[ 95%] [32m[1mLinking C shared library rosidl_generator_py/teb_msgs/teb_msgs_s__rosidl_typesupport_fastrtps_c.cpython-310-x86_64-linux-gnu.so[0m
[ 97%] [32m[1mLinking C shared library rosidl_generator_py/teb_msgs/teb_msgs_s__rosidl_typesupport_introspection_c.cpython-310-x86_64-linux-gnu.so[0m
[100%] [32m[1mLinking C shared library rosidl_generator_py/teb_msgs/teb_msgs_s__rosidl_typesupport_c.cpython-310-x86_64-linux-gnu.so[0m
[100%] Built target teb_msgs__rosidl_typesupport_fastrtps_c__pyext
[100%] Built target teb_msgs__rosidl_typesupport_c__pyext
[100%] Built target teb_msgs__rosidl_typesupport_introspection_c__pyext
-- Install configuration: ""
-- Up-to-date: /home/agilex/agilex_ws/install/teb_msgs/share/ament_index/resource_index/rosidl_interfaces/teb_msgs
-- Up-to-date: /home/agilex/agilex_ws/install/teb_msgs/include/teb_msgs/teb_msgs
-- Up-to-date: /home/agilex/agilex_ws/install/teb_msgs/include/teb_msgs/teb_msgs/msg
-- Up-to-date: /home/agilex/agilex_ws/install/teb_msgs/include/teb_msgs/teb_msgs/msg/feedback_msg.h
-- Up-to-date: /home/agilex/agilex_ws/install/teb_msgs/include/teb_msgs/teb_msgs/msg/trajectory_msg.h
-- Up-to-date: /home/agilex/agilex_ws/install/teb_msgs/include/teb_msgs/teb_msgs/msg/detail
-- Up-to-date: /home/agilex/agilex_ws/install/teb_msgs/include/teb_msgs/teb_msgs/msg/detail/feedback_msg__functions.h
-- Up-to-date: /home/agilex/agilex_ws/install/teb_msgs/include/teb_msgs/teb_msgs/msg/detail/feedback_msg__struct.h
-- Up-to-date: /home/agilex/agilex_ws/install/teb_msgs/include/teb_msgs/teb_msgs/msg/detail/trajectory_msg__functions.c
-- Up-to-date: /home/agilex/agilex_ws/install/teb_msgs/include/teb_msgs/teb_msgs/msg/detail/trajectory_point_msg__struct.h
-- Up-to-date: /home/agilex/agilex_ws/install/teb_msgs/include/teb_msgs/teb_msgs/msg/detail/feedback_msg__functions.c
-- Up-to-date: /home/agilex/agilex_ws/install/teb_msgs/include/teb_msgs/teb_msgs/msg/detail/trajectory_msg__functions.h
-- Up-to-date: /home/agilex/agilex_ws/install/teb_msgs/include/teb_msgs/teb_msgs/msg/detail/trajectory_msg__type_support.h
-- Up-to-date: /home/agilex/agilex_ws/install/teb_msgs/include/teb_msgs/teb_msgs/msg/detail/trajectory_msg__struct.h
-- Up-to-date: /home/agilex/agilex_ws/install/teb_msgs/include/teb_msgs/teb_msgs/msg/detail/trajectory_point_msg__functions.c
-- Up-to-date: /home/agilex/agilex_ws/install/teb_msgs/include/teb_msgs/teb_msgs/msg/detail/trajectory_point_msg__functions.h
-- Up-to-date: /home/agilex/agilex_ws/install/teb_msgs/include/teb_msgs/teb_msgs/msg/detail/trajectory_point_msg__type_support.h
-- Up-to-date: /home/agilex/agilex_ws/install/teb_msgs/include/teb_msgs/teb_msgs/msg/detail/feedback_msg__type_support.h
-- Up-to-date: /home/agilex/agilex_ws/install/teb_msgs/include/teb_msgs/teb_msgs/msg/trajectory_point_msg.h
-- Up-to-date: /home/agilex/agilex_ws/install/teb_msgs/include/teb_msgs/teb_msgs/msg/rosidl_generator_c__visibility_control.h
-- Up-to-date: /home/agilex/agilex_ws/install/teb_msgs/share/teb_msgs/environment/library_path.sh
-- Up-to-date: /home/agilex/agilex_ws/install/teb_msgs/share/teb_msgs/environment/library_path.dsv
-- Installing: /home/agilex/agilex_ws/install/teb_msgs/lib/libteb_msgs__rosidl_generator_c.so
-- Set runtime path of "/home/agilex/agilex_ws/install/teb_msgs/lib/libteb_msgs__rosidl_generator_c.so" to ""
-- Up-to-date: /home/agilex/agilex_ws/install/teb_msgs/include/teb_msgs/teb_msgs
-- Up-to-date: /home/agilex/agilex_ws/install/teb_msgs/include/teb_msgs/teb_msgs/msg
-- Up-to-date: /home/agilex/agilex_ws/install/teb_msgs/include/teb_msgs/teb_msgs/msg/rosidl_typesupport_fastrtps_c__visibility_control.h
-- Up-to-date: /home/agilex/agilex_ws/install/teb_msgs/include/teb_msgs/teb_msgs/msg/detail
-- Up-to-date: /home/agilex/agilex_ws/install/teb_msgs/include/teb_msgs/teb_msgs/msg/detail/feedback_msg__rosidl_typesupport_fastrtps_c.h
-- Up-to-date: /home/agilex/agilex_ws/install/teb_msgs/include/teb_msgs/teb_msgs/msg/detail/trajectory_msg__rosidl_typesupport_fastrtps_c.h
-- Up-to-date: /home/agilex/agilex_ws/install/teb_msgs/include/teb_msgs/teb_msgs/msg/detail/trajectory_point_msg__rosidl_typesupport_fastrtps_c.h
-- Installing: /home/agilex/agilex_ws/install/teb_msgs/lib/libteb_msgs__rosidl_typesupport_fastrtps_c.so
-- Set runtime path of "/home/agilex/agilex_ws/install/teb_msgs/lib/libteb_msgs__rosidl_typesupport_fastrtps_c.so" to ""
-- Up-to-date: /home/agilex/agilex_ws/install/teb_msgs/include/teb_msgs/teb_msgs
-- Up-to-date: /home/agilex/agilex_ws/install/teb_msgs/include/teb_msgs/teb_msgs/msg
-- Up-to-date: /home/agilex/agilex_ws/install/teb_msgs/include/teb_msgs/teb_msgs/msg/trajectory_msg.hpp
-- Up-to-date: /home/agilex/agilex_ws/install/teb_msgs/include/teb_msgs/teb_msgs/msg/feedback_msg.hpp
-- Up-to-date: /home/agilex/agilex_ws/install/teb_msgs/include/teb_msgs/teb_msgs/msg/trajectory_point_msg.hpp
-- Up-to-date: /home/agilex/agilex_ws/install/teb_msgs/include/teb_msgs/teb_msgs/msg/detail
-- Up-to-date: /home/agilex/agilex_ws/install/teb_msgs/include/teb_msgs/teb_msgs/msg/detail/feedback_msg__builder.hpp
-- Up-to-date: /home/agilex/agilex_ws/install/teb_msgs/include/teb_msgs/teb_msgs/msg/detail/trajectory_msg__builder.hpp
-- Up-to-date: /home/agilex/agilex_ws/install/teb_msgs/include/teb_msgs/teb_msgs/msg/detail/trajectory_point_msg__traits.hpp
-- Up-to-date: /home/agilex/agilex_ws/install/teb_msgs/include/teb_msgs/teb_msgs/msg/detail/trajectory_msg__traits.hpp
-- Up-to-date: /home/agilex/agilex_ws/install/teb_msgs/include/teb_msgs/teb_msgs/msg/detail/trajectory_point_msg__builder.hpp
-- Up-to-date: /home/agilex/agilex_ws/install/teb_msgs/include/teb_msgs/teb_msgs/msg/detail/trajectory_point_msg__struct.hpp
-- Up-to-date: /home/agilex/agilex_ws/install/teb_msgs/include/teb_msgs/teb_msgs/msg/detail/feedback_msg__traits.hpp
-- Up-to-date: /home/agilex/agilex_ws/install/teb_msgs/include/teb_msgs/teb_msgs/msg/detail/feedback_msg__struct.hpp
-- Up-to-date: /home/agilex/agilex_ws/install/teb_msgs/include/teb_msgs/teb_msgs/msg/detail/trajectory_msg__struct.hpp
-- Up-to-date: /home/agilex/agilex_ws/install/teb_msgs/include/teb_msgs/teb_msgs
-- Up-to-date: /home/agilex/agilex_ws/install/teb_msgs/include/teb_msgs/teb_msgs/msg
-- Up-to-date: /home/agilex/agilex_ws/install/teb_msgs/include/teb_msgs/teb_msgs/msg/rosidl_typesupport_fastrtps_cpp__visibility_control.h
-- Up-to-date: /home/agilex/agilex_ws/install/teb_msgs/include/teb_msgs/teb_msgs/msg/detail
-- Up-to-date: /home/agilex/agilex_ws/install/teb_msgs/include/teb_msgs/teb_msgs/msg/detail/trajectory_msg__rosidl_typesupport_fastrtps_cpp.hpp
-- Up-to-date: /home/agilex/agilex_ws/install/teb_msgs/include/teb_msgs/teb_msgs/msg/detail/feedback_msg__rosidl_typesupport_fastrtps_cpp.hpp
-- Up-to-date: /home/agilex/agilex_ws/install/teb_msgs/include/teb_msgs/teb_msgs/msg/detail/dds_fastrtps
-- Up-to-date: /home/agilex/agilex_ws/install/teb_msgs/include/teb_msgs/teb_msgs/msg/detail/trajectory_point_msg__rosidl_typesupport_fastrtps_cpp.hpp
-- Installing: /home/agilex/agilex_ws/install/teb_msgs/lib/libteb_msgs__rosidl_typesupport_fastrtps_cpp.so
-- Set runtime path of "/home/agilex/agilex_ws/install/teb_msgs/lib/libteb_msgs__rosidl_typesupport_fastrtps_cpp.so" to ""
-- Up-to-date: /home/agilex/agilex_ws/install/teb_msgs/include/teb_msgs/teb_msgs
-- Up-to-date: /home/agilex/agilex_ws/install/teb_msgs/include/teb_msgs/teb_msgs/msg
-- Up-to-date: /home/agilex/agilex_ws/install/teb_msgs/include/teb_msgs/teb_msgs/msg/detail
-- Up-to-date: /home/agilex/agilex_ws/install/teb_msgs/include/teb_msgs/teb_msgs/msg/detail/trajectory_point_msg__type_support.c
-- Up-to-date: /home/agilex/agilex_ws/install/teb_msgs/include/teb_msgs/teb_msgs/msg/detail/feedback_msg__type_support.c
-- Up-to-date: /home/agilex/agilex_ws/install/teb_msgs/include/teb_msgs/teb_msgs/msg/detail/trajectory_point_msg__rosidl_typesupport_introspection_c.h
-- Up-to-date: /home/agilex/agilex_ws/install/teb_msgs/include/teb_msgs/teb_msgs/msg/detail/trajectory_msg__type_support.c
-- Up-to-date: /home/agilex/agilex_ws/install/teb_msgs/include/teb_msgs/teb_msgs/msg/detail/trajectory_msg__rosidl_typesupport_introspection_c.h
-- Up-to-date: /home/agilex/agilex_ws/install/teb_msgs/include/teb_msgs/teb_msgs/msg/detail/feedback_msg__rosidl_typesupport_introspection_c.h
-- Up-to-date: /home/agilex/agilex_ws/install/teb_msgs/include/teb_msgs/teb_msgs/msg/rosidl_typesupport_introspection_c__visibility_control.h
-- Installing: /home/agilex/agilex_ws/install/teb_msgs/lib/libteb_msgs__rosidl_typesupport_introspection_c.so
-- Set runtime path of "/home/agilex/agilex_ws/install/teb_msgs/lib/libteb_msgs__rosidl_typesupport_introspection_c.so" to ""
-- Installing: /home/agilex/agilex_ws/install/teb_msgs/lib/libteb_msgs__rosidl_typesupport_c.so
-- Set runtime path of "/home/agilex/agilex_ws/install/teb_msgs/lib/libteb_msgs__rosidl_typesupport_c.so" to ""
-- Up-to-date: /home/agilex/agilex_ws/install/teb_msgs/include/teb_msgs/teb_msgs
-- Up-to-date: /home/agilex/agilex_ws/install/teb_msgs/include/teb_msgs/teb_msgs/msg
-- Up-to-date: /home/agilex/agilex_ws/install/teb_msgs/include/teb_msgs/teb_msgs/msg/detail
-- Up-to-date: /home/agilex/agilex_ws/install/teb_msgs/include/teb_msgs/teb_msgs/msg/detail/feedback_msg__rosidl_typesupport_introspection_cpp.hpp
-- Up-to-date: /home/agilex/agilex_ws/install/teb_msgs/include/teb_msgs/teb_msgs/msg/detail/feedback_msg__type_support.cpp
-- Up-to-date: /home/agilex/agilex_ws/install/teb_msgs/include/teb_msgs/teb_msgs/msg/detail/trajectory_msg__rosidl_typesupport_introspection_cpp.hpp
-- Up-to-date: /home/agilex/agilex_ws/install/teb_msgs/include/teb_msgs/teb_msgs/msg/detail/trajectory_msg__type_support.cpp
-- Up-to-date: /home/agilex/agilex_ws/install/teb_msgs/include/teb_msgs/teb_msgs/msg/detail/trajectory_point_msg__type_support.cpp
-- Up-to-date: /home/agilex/agilex_ws/install/teb_msgs/include/teb_msgs/teb_msgs/msg/detail/trajectory_point_msg__rosidl_typesupport_introspection_cpp.hpp
-- Installing: /home/agilex/agilex_ws/install/teb_msgs/lib/libteb_msgs__rosidl_typesupport_introspection_cpp.so
-- Set runtime path of "/home/agilex/agilex_ws/install/teb_msgs/lib/libteb_msgs__rosidl_typesupport_introspection_cpp.so" to ""
-- Installing: /home/agilex/agilex_ws/install/teb_msgs/lib/libteb_msgs__rosidl_typesupport_cpp.so
-- Set runtime path of "/home/agilex/agilex_ws/install/teb_msgs/lib/libteb_msgs__rosidl_typesupport_cpp.so" to ""
-- Up-to-date: /home/agilex/agilex_ws/install/teb_msgs/share/teb_msgs/environment/pythonpath.sh
-- Up-to-date: /home/agilex/agilex_ws/install/teb_msgs/share/teb_msgs/environment/pythonpath.dsv
-- Up-to-date: /home/agilex/agilex_ws/install/teb_msgs/local/lib/python3.10/dist-packages/teb_msgs-0.0.1-py3.10.egg-info
-- Installing: /home/agilex/agilex_ws/install/teb_msgs/local/lib/python3.10/dist-packages/teb_msgs-0.0.1-py3.10.egg-info/top_level.txt
-- Installing: /home/agilex/agilex_ws/install/teb_msgs/local/lib/python3.10/dist-packages/teb_msgs-0.0.1-py3.10.egg-info/SOURCES.txt
-- Installing: /home/agilex/agilex_ws/install/teb_msgs/local/lib/python3.10/dist-packages/teb_msgs-0.0.1-py3.10.egg-info/PKG-INFO
-- Installing: /home/agilex/agilex_ws/install/teb_msgs/local/lib/python3.10/dist-packages/teb_msgs-0.0.1-py3.10.egg-info/dependency_links.txt
-- Up-to-date: /home/agilex/agilex_ws/install/teb_msgs/local/lib/python3.10/dist-packages/teb_msgs
-- Installing: /home/agilex/agilex_ws/install/teb_msgs/local/lib/python3.10/dist-packages/teb_msgs/teb_msgs_s__rosidl_typesupport_fastrtps_c.cpython-310-x86_64-linux-gnu.so
-- Up-to-date: /home/agilex/agilex_ws/install/teb_msgs/local/lib/python3.10/dist-packages/teb_msgs/_teb_msgs_s.ep.rosidl_typesupport_introspection_c.c
-- Up-to-date: /home/agilex/agilex_ws/install/teb_msgs/local/lib/python3.10/dist-packages/teb_msgs/__init__.py
-- Up-to-date: /home/agilex/agilex_ws/install/teb_msgs/local/lib/python3.10/dist-packages/teb_msgs/_teb_msgs_s.ep.rosidl_typesupport_fastrtps_c.c
-- Up-to-date: /home/agilex/agilex_ws/install/teb_msgs/local/lib/python3.10/dist-packages/teb_msgs/msg
-- Up-to-date: /home/agilex/agilex_ws/install/teb_msgs/local/lib/python3.10/dist-packages/teb_msgs/msg/__init__.py
-- Up-to-date: /home/agilex/agilex_ws/install/teb_msgs/local/lib/python3.10/dist-packages/teb_msgs/msg/_trajectory_point_msg_s.c
-- Up-to-date: /home/agilex/agilex_ws/install/teb_msgs/local/lib/python3.10/dist-packages/teb_msgs/msg/_trajectory_point_msg.py
-- Up-to-date: /home/agilex/agilex_ws/install/teb_msgs/local/lib/python3.10/dist-packages/teb_msgs/msg/_trajectory_msg.py
-- Up-to-date: /home/agilex/agilex_ws/install/teb_msgs/local/lib/python3.10/dist-packages/teb_msgs/msg/_feedback_msg_s.c
-- Up-to-date: /home/agilex/agilex_ws/install/teb_msgs/local/lib/python3.10/dist-packages/teb_msgs/msg/_trajectory_msg_s.c
-- Up-to-date: /home/agilex/agilex_ws/install/teb_msgs/local/lib/python3.10/dist-packages/teb_msgs/msg/_feedback_msg.py
-- Installing: /home/agilex/agilex_ws/install/teb_msgs/local/lib/python3.10/dist-packages/teb_msgs/teb_msgs_s__rosidl_typesupport_introspection_c.cpython-310-x86_64-linux-gnu.so
-- Installing: /home/agilex/agilex_ws/install/teb_msgs/local/lib/python3.10/dist-packages/teb_msgs/teb_msgs_s__rosidl_typesupport_c.cpython-310-x86_64-linux-gnu.so
-- Up-to-date: /home/agilex/agilex_ws/install/teb_msgs/local/lib/python3.10/dist-packages/teb_msgs/_teb_msgs_s.ep.rosidl_typesupport_c.c
-- Installing: /home/agilex/agilex_ws/install/teb_msgs/local/lib/python3.10/dist-packages/teb_msgs/libteb_msgs__rosidl_generator_py.so
Listing '/home/agilex/agilex_ws/install/teb_msgs/local/lib/python3.10/dist-packages/teb_msgs'...
Listing '/home/agilex/agilex_ws/install/teb_msgs/local/lib/python3.10/dist-packages/teb_msgs/msg'...
-- Installing: /home/agilex/agilex_ws/install/teb_msgs/local/lib/python3.10/dist-packages/teb_msgs/teb_msgs_s__rosidl_typesupport_fastrtps_c.cpython-310-x86_64-linux-gnu.so
-- Set runtime path of "/home/agilex/agilex_ws/install/teb_msgs/local/lib/python3.10/dist-packages/teb_msgs/teb_msgs_s__rosidl_typesupport_fastrtps_c.cpython-310-x86_64-linux-gnu.so" to ""
-- Installing: /home/agilex/agilex_ws/install/teb_msgs/local/lib/python3.10/dist-packages/teb_msgs/teb_msgs_s__rosidl_typesupport_introspection_c.cpython-310-x86_64-linux-gnu.so
-- Set runtime path of "/home/agilex/agilex_ws/install/teb_msgs/local/lib/python3.10/dist-packages/teb_msgs/teb_msgs_s__rosidl_typesupport_introspection_c.cpython-310-x86_64-linux-gnu.so" to ""
-- Installing: /home/agilex/agilex_ws/install/teb_msgs/local/lib/python3.10/dist-packages/teb_msgs/teb_msgs_s__rosidl_typesupport_c.cpython-310-x86_64-linux-gnu.so
-- Set runtime path of "/home/agilex/agilex_ws/install/teb_msgs/local/lib/python3.10/dist-packages/teb_msgs/teb_msgs_s__rosidl_typesupport_c.cpython-310-x86_64-linux-gnu.so" to ""
-- Installing: /home/agilex/agilex_ws/install/teb_msgs/lib/libteb_msgs__rosidl_generator_py.so
-- Set runtime path of "/home/agilex/agilex_ws/install/teb_msgs/lib/libteb_msgs__rosidl_generator_py.so" to ""
-- Up-to-date: /home/agilex/agilex_ws/install/teb_msgs/share/teb_msgs/msg/FeedbackMsg.idl
-- Up-to-date: /home/agilex/agilex_ws/install/teb_msgs/share/teb_msgs/msg/TrajectoryMsg.idl
-- Up-to-date: /home/agilex/agilex_ws/install/teb_msgs/share/teb_msgs/msg/TrajectoryPointMsg.idl
-- Up-to-date: /home/agilex/agilex_ws/install/teb_msgs/share/teb_msgs/msg/FeedbackMsg.msg
-- Up-to-date: /home/agilex/agilex_ws/install/teb_msgs/share/teb_msgs/msg/TrajectoryMsg.msg
-- Up-to-date: /home/agilex/agilex_ws/install/teb_msgs/share/teb_msgs/msg/TrajectoryPointMsg.msg
-- Up-to-date: /home/agilex/agilex_ws/install/teb_msgs/share/ament_index/resource_index/package_run_dependencies/teb_msgs
-- Up-to-date: /home/agilex/agilex_ws/install/teb_msgs/share/ament_index/resource_index/parent_prefix_path/teb_msgs
-- Up-to-date: /home/agilex/agilex_ws/install/teb_msgs/share/teb_msgs/environment/ament_prefix_path.sh
-- Up-to-date: /home/agilex/agilex_ws/install/teb_msgs/share/teb_msgs/environment/ament_prefix_path.dsv
-- Up-to-date: /home/agilex/agilex_ws/install/teb_msgs/share/teb_msgs/environment/path.sh
-- Up-to-date: /home/agilex/agilex_ws/install/teb_msgs/share/teb_msgs/environment/path.dsv
-- Up-to-date: /home/agilex/agilex_ws/install/teb_msgs/share/teb_msgs/local_setup.bash
-- Up-to-date: /home/agilex/agilex_ws/install/teb_msgs/share/teb_msgs/local_setup.sh
-- Up-to-date: /home/agilex/agilex_ws/install/teb_msgs/share/teb_msgs/local_setup.zsh
-- Up-to-date: /home/agilex/agilex_ws/install/teb_msgs/share/teb_msgs/local_setup.dsv
-- Installing: /home/agilex/agilex_ws/install/teb_msgs/share/teb_msgs/package.dsv
-- Up-to-date: /home/agilex/agilex_ws/install/teb_msgs/share/ament_index/resource_index/packages/teb_msgs
-- Up-to-date: /home/agilex/agilex_ws/install/teb_msgs/share/teb_msgs/cmake/export_teb_msgs__rosidl_generator_cExport.cmake
-- Up-to-date: /home/agilex/agilex_ws/install/teb_msgs/share/teb_msgs/cmake/export_teb_msgs__rosidl_generator_cExport-noconfig.cmake
-- Up-to-date: /home/agilex/agilex_ws/install/teb_msgs/share/teb_msgs/cmake/export_teb_msgs__rosidl_typesupport_fastrtps_cExport.cmake
-- Up-to-date: /home/agilex/agilex_ws/install/teb_msgs/share/teb_msgs/cmake/export_teb_msgs__rosidl_typesupport_fastrtps_cExport-noconfig.cmake
-- Up-to-date: /home/agilex/agilex_ws/install/teb_msgs/share/teb_msgs/cmake/export_teb_msgs__rosidl_generator_cppExport.cmake
-- Up-to-date: /home/agilex/agilex_ws/install/teb_msgs/share/teb_msgs/cmake/export_teb_msgs__rosidl_typesupport_fastrtps_cppExport.cmake
-- Up-to-date: /home/agilex/agilex_ws/install/teb_msgs/share/teb_msgs/cmake/export_teb_msgs__rosidl_typesupport_fastrtps_cppExport-noconfig.cmake
-- Up-to-date: /home/agilex/agilex_ws/install/teb_msgs/share/teb_msgs/cmake/teb_msgs__rosidl_typesupport_introspection_cExport.cmake
-- Up-to-date: /home/agilex/agilex_ws/install/teb_msgs/share/teb_msgs/cmake/teb_msgs__rosidl_typesupport_introspection_cExport-noconfig.cmake
-- Up-to-date: /home/agilex/agilex_ws/install/teb_msgs/share/teb_msgs/cmake/teb_msgs__rosidl_typesupport_cExport.cmake
-- Up-to-date: /home/agilex/agilex_ws/install/teb_msgs/share/teb_msgs/cmake/teb_msgs__rosidl_typesupport_cExport-noconfig.cmake
-- Up-to-date: /home/agilex/agilex_ws/install/teb_msgs/share/teb_msgs/cmake/teb_msgs__rosidl_typesupport_introspection_cppExport.cmake
-- Up-to-date: /home/agilex/agilex_ws/install/teb_msgs/share/teb_msgs/cmake/teb_msgs__rosidl_typesupport_introspection_cppExport-noconfig.cmake
-- Up-to-date: /home/agilex/agilex_ws/install/teb_msgs/share/teb_msgs/cmake/teb_msgs__rosidl_typesupport_cppExport.cmake
-- Up-to-date: /home/agilex/agilex_ws/install/teb_msgs/share/teb_msgs/cmake/teb_msgs__rosidl_typesupport_cppExport-noconfig.cmake
-- Up-to-date: /home/agilex/agilex_ws/install/teb_msgs/share/teb_msgs/cmake/export_teb_msgs__rosidl_generator_pyExport.cmake
-- Up-to-date: /home/agilex/agilex_ws/install/teb_msgs/share/teb_msgs/cmake/export_teb_msgs__rosidl_generator_pyExport-noconfig.cmake
-- Up-to-date: /home/agilex/agilex_ws/install/teb_msgs/share/teb_msgs/cmake/rosidl_cmake-extras.cmake
-- Up-to-date: /home/agilex/agilex_ws/install/teb_msgs/share/teb_msgs/cmake/ament_cmake_export_dependencies-extras.cmake
-- Up-to-date: /home/agilex/agilex_ws/install/teb_msgs/share/teb_msgs/cmake/ament_cmake_export_include_directories-extras.cmake
-- Up-to-date: /home/agilex/agilex_ws/install/teb_msgs/share/teb_msgs/cmake/ament_cmake_export_libraries-extras.cmake
-- Up-to-date: /home/agilex/agilex_ws/install/teb_msgs/share/teb_msgs/cmake/ament_cmake_export_targets-extras.cmake
-- Up-to-date: /home/agilex/agilex_ws/install/teb_msgs/share/teb_msgs/cmake/rosidl_cmake_export_typesupport_targets-extras.cmake
-- Up-to-date: /home/agilex/agilex_ws/install/teb_msgs/share/teb_msgs/cmake/rosidl_cmake_export_typesupport_libraries-extras.cmake
-- Up-to-date: /home/agilex/agilex_ws/install/teb_msgs/share/teb_msgs/cmake/teb_msgsConfig.cmake
-- Up-to-date: /home/agilex/agilex_ws/install/teb_msgs/share/teb_msgs/cmake/teb_msgsConfig-version.cmake
-- Up-to-date: /home/agilex/agilex_ws/install/teb_msgs/share/teb_msgs/package.xml
