[0.034s] Invoking command in '/home/agilex/agilex_ws/build/nav2_planner': AMENT_PREFIX_PATH=/home/agilex/agilex_ws/install/nav2_core:/home/agilex/agilex_ws/install/nav2_costmap_2d:/home/agilex/agilex_ws/install/nav2_util:/home/agilex/agilex_ws/install/nav2_voxel_grid:/home/agilex/agilex_ws/install/nav2_msgs:/home/agilex/agilex_ws/install/nav2_common:${AMENT_PREFIX_PATH} CMAKE_PREFIX_PATH=/home/agilex/agilex_ws/install/nav2_core:/home/agilex/agilex_ws/install/nav2_costmap_2d:/home/agilex/agilex_ws/install/nav2_util:/home/agilex/agilex_ws/install/nav2_voxel_grid:/home/agilex/agilex_ws/install/nav2_msgs:/home/agilex/agilex_ws/install/nav2_common:/opt/ros/humble LD_LIBRARY_PATH=/home/agilex/agilex_ws/install/nav2_costmap_2d/lib:/home/agilex/agilex_ws/install/nav2_util/lib:/home/agilex/agilex_ws/install/nav2_voxel_grid/lib:/home/agilex/agilex_ws/install/nav2_msgs/lib:${LD_LIBRARY_PATH} PYTHONPATH=/home/agilex/agilex_ws/install/nav2_msgs/local/lib/python3.10/dist-packages:/home/agilex/agilex_ws/install/nav2_common/local/lib/python3.10/dist-packages:${PYTHONPATH} /usr/bin/cmake --build /home/agilex/agilex_ws/build/nav2_planner -- -j8 -l8
[0.073s] [35m[1mConsolidate compiler generated dependencies of target gtest_main[0m
[0.083s] [35m[1mConsolidate compiler generated dependencies of target planner_server_core[0m
[0.095s] [35m[1mConsolidate compiler generated dependencies of target gtest[0m
[0.115s] [ 20%] Built target gtest_main
[0.129s] [ 40%] Built target gtest
[0.152s] [ 60%] Built target planner_server_core
[0.165s] [35m[1mConsolidate compiler generated dependencies of target planner_server[0m
[0.168s] [35m[1mConsolidate compiler generated dependencies of target test_dynamic_parameters[0m
[0.190s] [ 80%] Built target planner_server
[0.206s] [100%] Built target test_dynamic_parameters
[0.228s] Invoked command in '/home/agilex/agilex_ws/build/nav2_planner' returned '0': AMENT_PREFIX_PATH=/home/agilex/agilex_ws/install/nav2_core:/home/agilex/agilex_ws/install/nav2_costmap_2d:/home/agilex/agilex_ws/install/nav2_util:/home/agilex/agilex_ws/install/nav2_voxel_grid:/home/agilex/agilex_ws/install/nav2_msgs:/home/agilex/agilex_ws/install/nav2_common:${AMENT_PREFIX_PATH} CMAKE_PREFIX_PATH=/home/agilex/agilex_ws/install/nav2_core:/home/agilex/agilex_ws/install/nav2_costmap_2d:/home/agilex/agilex_ws/install/nav2_util:/home/agilex/agilex_ws/install/nav2_voxel_grid:/home/agilex/agilex_ws/install/nav2_msgs:/home/agilex/agilex_ws/install/nav2_common:/opt/ros/humble LD_LIBRARY_PATH=/home/agilex/agilex_ws/install/nav2_costmap_2d/lib:/home/agilex/agilex_ws/install/nav2_util/lib:/home/agilex/agilex_ws/install/nav2_voxel_grid/lib:/home/agilex/agilex_ws/install/nav2_msgs/lib:${LD_LIBRARY_PATH} PYTHONPATH=/home/agilex/agilex_ws/install/nav2_msgs/local/lib/python3.10/dist-packages:/home/agilex/agilex_ws/install/nav2_common/local/lib/python3.10/dist-packages:${PYTHONPATH} /usr/bin/cmake --build /home/agilex/agilex_ws/build/nav2_planner -- -j8 -l8
[0.266s] Invoking command in '/home/agilex/agilex_ws/build/nav2_planner': AMENT_PREFIX_PATH=/home/agilex/agilex_ws/install/nav2_core:/home/agilex/agilex_ws/install/nav2_costmap_2d:/home/agilex/agilex_ws/install/nav2_util:/home/agilex/agilex_ws/install/nav2_voxel_grid:/home/agilex/agilex_ws/install/nav2_msgs:/home/agilex/agilex_ws/install/nav2_common:${AMENT_PREFIX_PATH} CMAKE_PREFIX_PATH=/home/agilex/agilex_ws/install/nav2_core:/home/agilex/agilex_ws/install/nav2_costmap_2d:/home/agilex/agilex_ws/install/nav2_util:/home/agilex/agilex_ws/install/nav2_voxel_grid:/home/agilex/agilex_ws/install/nav2_msgs:/home/agilex/agilex_ws/install/nav2_common:/opt/ros/humble LD_LIBRARY_PATH=/home/agilex/agilex_ws/install/nav2_costmap_2d/lib:/home/agilex/agilex_ws/install/nav2_util/lib:/home/agilex/agilex_ws/install/nav2_voxel_grid/lib:/home/agilex/agilex_ws/install/nav2_msgs/lib:${LD_LIBRARY_PATH} PYTHONPATH=/home/agilex/agilex_ws/install/nav2_msgs/local/lib/python3.10/dist-packages:/home/agilex/agilex_ws/install/nav2_common/local/lib/python3.10/dist-packages:${PYTHONPATH} /usr/bin/cmake --install /home/agilex/agilex_ws/build/nav2_planner
[0.282s] -- Install configuration: "Release"
[0.282s] -- Up-to-date: /home/agilex/agilex_ws/install/nav2_planner/lib/libplanner_server_core.so
[0.283s] -- Up-to-date: /home/agilex/agilex_ws/install/nav2_planner/lib/nav2_planner/planner_server
[0.283s] -- Up-to-date: /home/agilex/agilex_ws/install/nav2_planner/include/
[0.283s] -- Up-to-date: /home/agilex/agilex_ws/install/nav2_planner/include//nav2_planner
[0.283s] -- Up-to-date: /home/agilex/agilex_ws/install/nav2_planner/include//nav2_planner/planner_server.hpp
[0.283s] -- Up-to-date: /home/agilex/agilex_ws/install/nav2_planner/share/nav2_planner/environment/library_path.sh
[0.283s] -- Up-to-date: /home/agilex/agilex_ws/install/nav2_planner/share/nav2_planner/environment/library_path.dsv
[0.283s] -- Up-to-date: /home/agilex/agilex_ws/install/nav2_planner/share/ament_index/resource_index/package_run_dependencies/nav2_planner
[0.283s] -- Up-to-date: /home/agilex/agilex_ws/install/nav2_planner/share/ament_index/resource_index/parent_prefix_path/nav2_planner
[0.283s] -- Up-to-date: /home/agilex/agilex_ws/install/nav2_planner/share/nav2_planner/environment/ament_prefix_path.sh
[0.284s] -- Up-to-date: /home/agilex/agilex_ws/install/nav2_planner/share/nav2_planner/environment/ament_prefix_path.dsv
[0.284s] -- Up-to-date: /home/agilex/agilex_ws/install/nav2_planner/share/nav2_planner/environment/path.sh
[0.284s] -- Up-to-date: /home/agilex/agilex_ws/install/nav2_planner/share/nav2_planner/environment/path.dsv
[0.287s] -- Up-to-date: /home/agilex/agilex_ws/install/nav2_planner/share/nav2_planner/local_setup.bash
[0.287s] -- Up-to-date: /home/agilex/agilex_ws/install/nav2_planner/share/nav2_planner/local_setup.sh
[0.287s] -- Up-to-date: /home/agilex/agilex_ws/install/nav2_planner/share/nav2_planner/local_setup.zsh
[0.287s] -- Up-to-date: /home/agilex/agilex_ws/install/nav2_planner/share/nav2_planner/local_setup.dsv
[0.287s] -- Installing: /home/agilex/agilex_ws/install/nav2_planner/share/nav2_planner/package.dsv
[0.287s] -- Up-to-date: /home/agilex/agilex_ws/install/nav2_planner/share/ament_index/resource_index/packages/nav2_planner
[0.287s] -- Up-to-date: /home/agilex/agilex_ws/install/nav2_planner/share/ament_index/resource_index/rclcpp_components/nav2_planner
[0.287s] -- Up-to-date: /home/agilex/agilex_ws/install/nav2_planner/share/nav2_planner/cmake/ament_cmake_export_include_directories-extras.cmake
[0.287s] -- Up-to-date: /home/agilex/agilex_ws/install/nav2_planner/share/nav2_planner/cmake/ament_cmake_export_libraries-extras.cmake
[0.287s] -- Up-to-date: /home/agilex/agilex_ws/install/nav2_planner/share/nav2_planner/cmake/ament_cmake_export_dependencies-extras.cmake
[0.287s] -- Up-to-date: /home/agilex/agilex_ws/install/nav2_planner/share/nav2_planner/cmake/nav2_plannerConfig.cmake
[0.287s] -- Up-to-date: /home/agilex/agilex_ws/install/nav2_planner/share/nav2_planner/cmake/nav2_plannerConfig-version.cmake
[0.288s] -- Up-to-date: /home/agilex/agilex_ws/install/nav2_planner/share/nav2_planner/package.xml
[0.293s] Invoked command in '/home/agilex/agilex_ws/build/nav2_planner' returned '0': AMENT_PREFIX_PATH=/home/agilex/agilex_ws/install/nav2_core:/home/agilex/agilex_ws/install/nav2_costmap_2d:/home/agilex/agilex_ws/install/nav2_util:/home/agilex/agilex_ws/install/nav2_voxel_grid:/home/agilex/agilex_ws/install/nav2_msgs:/home/agilex/agilex_ws/install/nav2_common:${AMENT_PREFIX_PATH} CMAKE_PREFIX_PATH=/home/agilex/agilex_ws/install/nav2_core:/home/agilex/agilex_ws/install/nav2_costmap_2d:/home/agilex/agilex_ws/install/nav2_util:/home/agilex/agilex_ws/install/nav2_voxel_grid:/home/agilex/agilex_ws/install/nav2_msgs:/home/agilex/agilex_ws/install/nav2_common:/opt/ros/humble LD_LIBRARY_PATH=/home/agilex/agilex_ws/install/nav2_costmap_2d/lib:/home/agilex/agilex_ws/install/nav2_util/lib:/home/agilex/agilex_ws/install/nav2_voxel_grid/lib:/home/agilex/agilex_ws/install/nav2_msgs/lib:${LD_LIBRARY_PATH} PYTHONPATH=/home/agilex/agilex_ws/install/nav2_msgs/local/lib/python3.10/dist-packages:/home/agilex/agilex_ws/install/nav2_common/local/lib/python3.10/dist-packages:${PYTHONPATH} /usr/bin/cmake --install /home/agilex/agilex_ws/build/nav2_planner
