[0.318s] Invoking command in '/home/agilex/agilex_ws/build/glog': /usr/bin/cmake --build /home/agilex/agilex_ws/build/glog -- -j8 -l8
[0.385s] [35m[1mConsolidate compiler generated dependencies of target glogbase[0m
[0.431s] [ 25%] Built target glogbase
[0.476s] [ 28%] Built target glog
[0.479s] [ 31%] Built target glogtest
[0.509s] [35m[1mConsolidate compiler generated dependencies of target stl_logging_unittest[0m
[0.533s] [35m[1mConsolidate compiler generated dependencies of target demangle_unittest[0m
[0.536s] [35m[1mConsolidate compiler generated dependencies of target symbolize_unittest[0m
[0.537s] [35m[1mConsolidate compiler generated dependencies of target stacktrace_unittest[0m
[0.539s] [35m[1mConsolidate compiler generated dependencies of target logging_custom_prefix_unittest[0m
[0.542s] [35m[1mConsolidate compiler generated dependencies of target utilities_unittest[0m
[0.548s] [35m[1mConsolidate compiler generated dependencies of target signalhandler_unittest[0m
[0.559s] [35m[1mConsolidate compiler generated dependencies of target logging_unittest[0m
[0.619s] [ 43%] Built target stl_logging_unittest
[0.619s] [ 46%] Built target demangle_unittest
[0.620s] [ 50%] Built target logging_custom_prefix_unittest
[0.624s] [ 56%] Built target symbolize_unittest
[0.625s] [ 68%] Built target stacktrace_unittest
[0.625s] [ 68%] Built target logging_unittest
[0.646s] [ 75%] Built target signalhandler_unittest
[0.658s] [ 81%] Built target utilities_unittest
[0.679s] [35m[1mConsolidate compiler generated dependencies of target cleanup_immediately_unittest[0m
[0.693s] [35m[1mConsolidate compiler generated dependencies of target cleanup_with_absolute_prefix_unittest[0m
[0.699s] [ 87%] Built target cleanup_immediately_unittest
[0.710s] [35m[1mConsolidate compiler generated dependencies of target cleanup_with_relative_prefix_unittest[0m
[0.764s] [ 93%] Built target cleanup_with_absolute_prefix_unittest
[0.778s] [100%] Built target cleanup_with_relative_prefix_unittest
[1.006s] Invoked command in '/home/agilex/agilex_ws/build/glog' returned '0': /usr/bin/cmake --build /home/agilex/agilex_ws/build/glog -- -j8 -l8
[1.454s] Invoking command in '/home/agilex/agilex_ws/build/glog': /usr/bin/cmake --install /home/agilex/agilex_ws/build/glog
[1.569s] -- Install configuration: ""
[1.569s] -- Up-to-date: /home/agilex/agilex_ws/install/glog/lib/libglog.so.0.6.0
[1.570s] -- Up-to-date: /home/agilex/agilex_ws/install/glog/lib/libglog.so.1
[1.570s] -- Up-to-date: /home/agilex/agilex_ws/install/glog/lib/libglog.so
[1.571s] -- Up-to-date: /home/agilex/agilex_ws/install/glog/include/glog/export.h
[1.571s] -- Up-to-date: /home/agilex/agilex_ws/install/glog/include/glog/logging.h
[1.571s] -- Up-to-date: /home/agilex/agilex_ws/install/glog/include/glog/raw_logging.h
[1.571s] -- Up-to-date: /home/agilex/agilex_ws/install/glog/include/glog/stl_logging.h
[1.572s] -- Up-to-date: /home/agilex/agilex_ws/install/glog/include/glog/vlog_is_on.h
[1.572s] -- Up-to-date: /home/agilex/agilex_ws/install/glog/include/glog/log_severity.h
[1.572s] -- Up-to-date: /home/agilex/agilex_ws/install/glog/include/glog/platform.h
[1.572s] -- Up-to-date: /home/agilex/agilex_ws/install/glog/lib/pkgconfig/libglog.pc
[1.572s] -- Up-to-date: /home/agilex/agilex_ws/install/glog/lib/cmake/glog/glog-modules.cmake
[1.572s] -- Up-to-date: /home/agilex/agilex_ws/install/glog/lib/cmake/glog/glog-config.cmake
[1.573s] -- Up-to-date: /home/agilex/agilex_ws/install/glog/lib/cmake/glog/glog-config-version.cmake
[1.573s] -- Up-to-date: /home/agilex/agilex_ws/install/glog/share/glog/cmake
[1.573s] -- Up-to-date: /home/agilex/agilex_ws/install/glog/share/glog/cmake/FindUnwind.cmake
[1.573s] -- Up-to-date: /home/agilex/agilex_ws/install/glog/lib/cmake/glog/glog-targets.cmake
[1.573s] -- Up-to-date: /home/agilex/agilex_ws/install/glog/lib/cmake/glog/glog-targets-noconfig.cmake
[1.660s] Invoked command in '/home/agilex/agilex_ws/build/glog' returned '0': /usr/bin/cmake --install /home/agilex/agilex_ws/build/glog
