[0.189s] Invoking command in '/home/agilex/agilex_ws/build/astra_camera_msgs': CMAKE_PREFIX_PATH=${CMAKE_PREFIX_PATH}:/home/agilex/agilex_ws/install/yolov5_ros2:/home/agilex/agilex_ws/install/nav2_simple_commander:/opt/ros/humble /usr/bin/cmake --build /home/agilex/agilex_ws/build/astra_camera_msgs -- -j8 -l8
[0.938s] [  1%] Built target astra_camera_msgs__cpp
[0.939s] [35m[1mConsolidate compiler generated dependencies of target astra_camera_msgs__rosidl_generator_c[0m
[0.939s] [35m[1mConsolidate compiler generated dependencies of target astra_camera_msgs__rosidl_typesupport_cpp[0m
[0.939s] [35m[1mConsolidate compiler generated dependencies of target astra_camera_msgs__rosidl_typesupport_fastrtps_cpp[0m
[0.939s] [35m[1mConsolidate compiler generated dependencies of target astra_camera_msgs__rosidl_typesupport_introspection_cpp[0m
[0.939s] [ 26%] Built target astra_camera_msgs__rosidl_typesupport_cpp
[0.939s] [ 28%] Built target astra_camera_msgs__rosidl_generator_c
[0.939s] [ 35%] Built target astra_camera_msgs__rosidl_typesupport_introspection_cpp
[0.939s] [ 38%] Built target ament_cmake_python_copy_astra_camera_msgs
[0.939s] [ 47%] Built target astra_camera_msgs__rosidl_typesupport_fastrtps_cpp
[0.939s] [35m[1mConsolidate compiler generated dependencies of target astra_camera_msgs__rosidl_typesupport_c[0m
[0.939s] [35m[1mConsolidate compiler generated dependencies of target astra_camera_msgs__rosidl_typesupport_fastrtps_c[0m
[0.939s] [35m[1mConsolidate compiler generated dependencies of target astra_camera_msgs__rosidl_typesupport_introspection_c[0m
[0.940s] [ 58%] Built target astra_camera_msgs__rosidl_typesupport_c
[0.940s] [ 70%] Built target astra_camera_msgs__rosidl_typesupport_introspection_c
[0.940s] [ 82%] Built target astra_camera_msgs__rosidl_typesupport_fastrtps_c
[0.990s] [ 82%] Built target astra_camera_msgs
[1.065s] [ 83%] Built target astra_camera_msgs__py
[1.127s] [35m[1mConsolidate compiler generated dependencies of target astra_camera_msgs__rosidl_generator_py[0m
[1.166s] [ 93%] Built target astra_camera_msgs__rosidl_generator_py
[1.199s] [35m[1mConsolidate compiler generated dependencies of target astra_camera_msgs__rosidl_typesupport_introspection_c__pyext[0m
[1.223s] [35m[1mConsolidate compiler generated dependencies of target astra_camera_msgs__rosidl_typesupport_fastrtps_c__pyext[0m
[1.234s] [35m[1mConsolidate compiler generated dependencies of target astra_camera_msgs__rosidl_typesupport_c__pyext[0m
[1.250s] [ 95%] Built target astra_camera_msgs__rosidl_typesupport_introspection_c__pyext
[1.283s] [ 97%] Built target astra_camera_msgs__rosidl_typesupport_c__pyext
[1.287s] [100%] Built target astra_camera_msgs__rosidl_typesupport_fastrtps_c__pyext
[1.310s] running egg_info
[1.311s] writing astra_camera_msgs.egg-info/PKG-INFO
[1.311s] writing dependency_links to astra_camera_msgs.egg-info/dependency_links.txt
[1.312s] writing top-level names to astra_camera_msgs.egg-info/top_level.txt
[1.316s] reading manifest file 'astra_camera_msgs.egg-info/SOURCES.txt'
[1.322s] writing manifest file 'astra_camera_msgs.egg-info/SOURCES.txt'
[1.352s] [100%] Built target ament_cmake_python_build_astra_camera_msgs_egg
[1.426s] Invoked command in '/home/agilex/agilex_ws/build/astra_camera_msgs' returned '0': CMAKE_PREFIX_PATH=${CMAKE_PREFIX_PATH}:/home/agilex/agilex_ws/install/yolov5_ros2:/home/agilex/agilex_ws/install/nav2_simple_commander:/opt/ros/humble /usr/bin/cmake --build /home/agilex/agilex_ws/build/astra_camera_msgs -- -j8 -l8
[1.998s] Invoking command in '/home/agilex/agilex_ws/build/astra_camera_msgs': CMAKE_PREFIX_PATH=${CMAKE_PREFIX_PATH}:/home/agilex/agilex_ws/install/yolov5_ros2:/home/agilex/agilex_ws/install/nav2_simple_commander:/opt/ros/humble /usr/bin/cmake --install /home/agilex/agilex_ws/build/astra_camera_msgs
[2.309s] -- Install configuration: ""
[2.309s] -- Up-to-date: /home/agilex/agilex_ws/install/astra_camera_msgs/share/ament_index/resource_index/rosidl_interfaces/astra_camera_msgs
[2.309s] -- Up-to-date: /home/agilex/agilex_ws/install/astra_camera_msgs/include/astra_camera_msgs/astra_camera_msgs
[2.309s] -- Up-to-date: /home/agilex/agilex_ws/install/astra_camera_msgs/include/astra_camera_msgs/astra_camera_msgs/msg
[2.309s] -- Up-to-date: /home/agilex/agilex_ws/install/astra_camera_msgs/include/astra_camera_msgs/astra_camera_msgs/msg/detail
[2.310s] -- Up-to-date: /home/agilex/agilex_ws/install/astra_camera_msgs/include/astra_camera_msgs/astra_camera_msgs/msg/detail/device_info__functions.c
[2.310s] -- Up-to-date: /home/agilex/agilex_ws/install/astra_camera_msgs/include/astra_camera_msgs/astra_camera_msgs/msg/detail/extrinsics__functions.c
[2.310s] -- Up-to-date: /home/agilex/agilex_ws/install/astra_camera_msgs/include/astra_camera_msgs/astra_camera_msgs/msg/detail/metadata__functions.c
[2.310s] -- Up-to-date: /home/agilex/agilex_ws/install/astra_camera_msgs/include/astra_camera_msgs/astra_camera_msgs/msg/detail/device_info__functions.h
[2.310s] -- Up-to-date: /home/agilex/agilex_ws/install/astra_camera_msgs/include/astra_camera_msgs/astra_camera_msgs/msg/detail/device_info__struct.h
[2.311s] -- Up-to-date: /home/agilex/agilex_ws/install/astra_camera_msgs/include/astra_camera_msgs/astra_camera_msgs/msg/detail/device_info__type_support.h
[2.311s] -- Up-to-date: /home/agilex/agilex_ws/install/astra_camera_msgs/include/astra_camera_msgs/astra_camera_msgs/msg/detail/extrinsics__functions.h
[2.311s] -- Up-to-date: /home/agilex/agilex_ws/install/astra_camera_msgs/include/astra_camera_msgs/astra_camera_msgs/msg/detail/extrinsics__struct.h
[2.311s] -- Up-to-date: /home/agilex/agilex_ws/install/astra_camera_msgs/include/astra_camera_msgs/astra_camera_msgs/msg/detail/extrinsics__type_support.h
[2.311s] -- Up-to-date: /home/agilex/agilex_ws/install/astra_camera_msgs/include/astra_camera_msgs/astra_camera_msgs/msg/detail/metadata__functions.h
[2.312s] -- Up-to-date: /home/agilex/agilex_ws/install/astra_camera_msgs/include/astra_camera_msgs/astra_camera_msgs/msg/detail/metadata__struct.h
[2.312s] -- Up-to-date: /home/agilex/agilex_ws/install/astra_camera_msgs/include/astra_camera_msgs/astra_camera_msgs/msg/detail/metadata__type_support.h
[2.312s] -- Up-to-date: /home/agilex/agilex_ws/install/astra_camera_msgs/include/astra_camera_msgs/astra_camera_msgs/msg/device_info.h
[2.312s] -- Up-to-date: /home/agilex/agilex_ws/install/astra_camera_msgs/include/astra_camera_msgs/astra_camera_msgs/msg/extrinsics.h
[2.312s] -- Up-to-date: /home/agilex/agilex_ws/install/astra_camera_msgs/include/astra_camera_msgs/astra_camera_msgs/msg/metadata.h
[2.313s] -- Up-to-date: /home/agilex/agilex_ws/install/astra_camera_msgs/include/astra_camera_msgs/astra_camera_msgs/msg/rosidl_generator_c__visibility_control.h
[2.313s] -- Up-to-date: /home/agilex/agilex_ws/install/astra_camera_msgs/include/astra_camera_msgs/astra_camera_msgs/srv
[2.313s] -- Up-to-date: /home/agilex/agilex_ws/install/astra_camera_msgs/include/astra_camera_msgs/astra_camera_msgs/srv/detail
[2.314s] -- Up-to-date: /home/agilex/agilex_ws/install/astra_camera_msgs/include/astra_camera_msgs/astra_camera_msgs/srv/detail/get_device_info__functions.c
[2.314s] -- Up-to-date: /home/agilex/agilex_ws/install/astra_camera_msgs/include/astra_camera_msgs/astra_camera_msgs/srv/detail/get_camera_info__functions.c
[2.314s] -- Up-to-date: /home/agilex/agilex_ws/install/astra_camera_msgs/include/astra_camera_msgs/astra_camera_msgs/srv/detail/get_camera_params__functions.c
[2.314s] -- Up-to-date: /home/agilex/agilex_ws/install/astra_camera_msgs/include/astra_camera_msgs/astra_camera_msgs/srv/detail/get_int32__functions.c
[2.314s] -- Up-to-date: /home/agilex/agilex_ws/install/astra_camera_msgs/include/astra_camera_msgs/astra_camera_msgs/srv/detail/get_string__functions.c
[2.314s] -- Up-to-date: /home/agilex/agilex_ws/install/astra_camera_msgs/include/astra_camera_msgs/astra_camera_msgs/srv/detail/set_int32__functions.c
[2.314s] -- Up-to-date: /home/agilex/agilex_ws/install/astra_camera_msgs/include/astra_camera_msgs/astra_camera_msgs/srv/detail/get_camera_info__functions.h
[2.315s] -- Up-to-date: /home/agilex/agilex_ws/install/astra_camera_msgs/include/astra_camera_msgs/astra_camera_msgs/srv/detail/get_camera_info__struct.h
[2.315s] -- Up-to-date: /home/agilex/agilex_ws/install/astra_camera_msgs/include/astra_camera_msgs/astra_camera_msgs/srv/detail/get_camera_info__type_support.h
[2.315s] -- Up-to-date: /home/agilex/agilex_ws/install/astra_camera_msgs/include/astra_camera_msgs/astra_camera_msgs/srv/detail/get_camera_params__functions.h
[2.315s] -- Up-to-date: /home/agilex/agilex_ws/install/astra_camera_msgs/include/astra_camera_msgs/astra_camera_msgs/srv/detail/get_camera_params__struct.h
[2.315s] -- Up-to-date: /home/agilex/agilex_ws/install/astra_camera_msgs/include/astra_camera_msgs/astra_camera_msgs/srv/detail/get_camera_params__type_support.h
[2.315s] -- Up-to-date: /home/agilex/agilex_ws/install/astra_camera_msgs/include/astra_camera_msgs/astra_camera_msgs/srv/detail/get_device_info__functions.h
[2.316s] -- Up-to-date: /home/agilex/agilex_ws/install/astra_camera_msgs/include/astra_camera_msgs/astra_camera_msgs/srv/detail/get_device_info__struct.h
[2.316s] -- Up-to-date: /home/agilex/agilex_ws/install/astra_camera_msgs/include/astra_camera_msgs/astra_camera_msgs/srv/detail/get_device_info__type_support.h
[2.316s] -- Up-to-date: /home/agilex/agilex_ws/install/astra_camera_msgs/include/astra_camera_msgs/astra_camera_msgs/srv/detail/get_int32__functions.h
[2.316s] -- Up-to-date: /home/agilex/agilex_ws/install/astra_camera_msgs/include/astra_camera_msgs/astra_camera_msgs/srv/detail/get_int32__struct.h
[2.316s] -- Up-to-date: /home/agilex/agilex_ws/install/astra_camera_msgs/include/astra_camera_msgs/astra_camera_msgs/srv/detail/get_int32__type_support.h
[2.317s] -- Up-to-date: /home/agilex/agilex_ws/install/astra_camera_msgs/include/astra_camera_msgs/astra_camera_msgs/srv/detail/get_string__functions.h
[2.317s] -- Up-to-date: /home/agilex/agilex_ws/install/astra_camera_msgs/include/astra_camera_msgs/astra_camera_msgs/srv/detail/get_string__struct.h
[2.317s] -- Up-to-date: /home/agilex/agilex_ws/install/astra_camera_msgs/include/astra_camera_msgs/astra_camera_msgs/srv/detail/get_string__type_support.h
[2.317s] -- Up-to-date: /home/agilex/agilex_ws/install/astra_camera_msgs/include/astra_camera_msgs/astra_camera_msgs/srv/detail/set_int32__functions.h
[2.318s] -- Up-to-date: /home/agilex/agilex_ws/install/astra_camera_msgs/include/astra_camera_msgs/astra_camera_msgs/srv/detail/set_int32__struct.h
[2.318s] -- Up-to-date: /home/agilex/agilex_ws/install/astra_camera_msgs/include/astra_camera_msgs/astra_camera_msgs/srv/detail/set_int32__type_support.h
[2.318s] -- Up-to-date: /home/agilex/agilex_ws/install/astra_camera_msgs/include/astra_camera_msgs/astra_camera_msgs/srv/get_camera_info.h
[2.318s] -- Up-to-date: /home/agilex/agilex_ws/install/astra_camera_msgs/include/astra_camera_msgs/astra_camera_msgs/srv/get_camera_params.h
[2.319s] -- Up-to-date: /home/agilex/agilex_ws/install/astra_camera_msgs/include/astra_camera_msgs/astra_camera_msgs/srv/get_device_info.h
[2.319s] -- Up-to-date: /home/agilex/agilex_ws/install/astra_camera_msgs/include/astra_camera_msgs/astra_camera_msgs/srv/get_int32.h
[2.319s] -- Up-to-date: /home/agilex/agilex_ws/install/astra_camera_msgs/include/astra_camera_msgs/astra_camera_msgs/srv/get_string.h
[2.319s] -- Up-to-date: /home/agilex/agilex_ws/install/astra_camera_msgs/include/astra_camera_msgs/astra_camera_msgs/srv/set_int32.h
[2.320s] -- Up-to-date: /home/agilex/agilex_ws/install/astra_camera_msgs/share/astra_camera_msgs/environment/library_path.sh
[2.320s] -- Up-to-date: /home/agilex/agilex_ws/install/astra_camera_msgs/share/astra_camera_msgs/environment/library_path.dsv
[2.320s] -- Up-to-date: /home/agilex/agilex_ws/install/astra_camera_msgs/lib/libastra_camera_msgs__rosidl_generator_c.so
[2.321s] -- Up-to-date: /home/agilex/agilex_ws/install/astra_camera_msgs/include/astra_camera_msgs/astra_camera_msgs
[2.321s] -- Up-to-date: /home/agilex/agilex_ws/install/astra_camera_msgs/include/astra_camera_msgs/astra_camera_msgs/msg
[2.321s] -- Up-to-date: /home/agilex/agilex_ws/install/astra_camera_msgs/include/astra_camera_msgs/astra_camera_msgs/msg/detail
[2.322s] -- Up-to-date: /home/agilex/agilex_ws/install/astra_camera_msgs/include/astra_camera_msgs/astra_camera_msgs/msg/detail/device_info__rosidl_typesupport_fastrtps_c.h
[2.322s] -- Up-to-date: /home/agilex/agilex_ws/install/astra_camera_msgs/include/astra_camera_msgs/astra_camera_msgs/msg/detail/extrinsics__rosidl_typesupport_fastrtps_c.h
[2.322s] -- Up-to-date: /home/agilex/agilex_ws/install/astra_camera_msgs/include/astra_camera_msgs/astra_camera_msgs/msg/detail/metadata__rosidl_typesupport_fastrtps_c.h
[2.323s] -- Up-to-date: /home/agilex/agilex_ws/install/astra_camera_msgs/include/astra_camera_msgs/astra_camera_msgs/msg/rosidl_typesupport_fastrtps_c__visibility_control.h
[2.323s] -- Up-to-date: /home/agilex/agilex_ws/install/astra_camera_msgs/include/astra_camera_msgs/astra_camera_msgs/srv
[2.323s] -- Up-to-date: /home/agilex/agilex_ws/install/astra_camera_msgs/include/astra_camera_msgs/astra_camera_msgs/srv/detail
[2.323s] -- Up-to-date: /home/agilex/agilex_ws/install/astra_camera_msgs/include/astra_camera_msgs/astra_camera_msgs/srv/detail/get_camera_info__rosidl_typesupport_fastrtps_c.h
[2.323s] -- Up-to-date: /home/agilex/agilex_ws/install/astra_camera_msgs/include/astra_camera_msgs/astra_camera_msgs/srv/detail/get_camera_params__rosidl_typesupport_fastrtps_c.h
[2.324s] -- Up-to-date: /home/agilex/agilex_ws/install/astra_camera_msgs/include/astra_camera_msgs/astra_camera_msgs/srv/detail/get_device_info__rosidl_typesupport_fastrtps_c.h
[2.324s] -- Up-to-date: /home/agilex/agilex_ws/install/astra_camera_msgs/include/astra_camera_msgs/astra_camera_msgs/srv/detail/get_int32__rosidl_typesupport_fastrtps_c.h
[2.324s] -- Up-to-date: /home/agilex/agilex_ws/install/astra_camera_msgs/include/astra_camera_msgs/astra_camera_msgs/srv/detail/get_string__rosidl_typesupport_fastrtps_c.h
[2.324s] -- Up-to-date: /home/agilex/agilex_ws/install/astra_camera_msgs/include/astra_camera_msgs/astra_camera_msgs/srv/detail/set_int32__rosidl_typesupport_fastrtps_c.h
[2.324s] -- Up-to-date: /home/agilex/agilex_ws/install/astra_camera_msgs/lib/libastra_camera_msgs__rosidl_typesupport_fastrtps_c.so
[2.324s] -- Up-to-date: /home/agilex/agilex_ws/install/astra_camera_msgs/include/astra_camera_msgs/astra_camera_msgs
[2.325s] -- Up-to-date: /home/agilex/agilex_ws/install/astra_camera_msgs/include/astra_camera_msgs/astra_camera_msgs/msg
[2.325s] -- Up-to-date: /home/agilex/agilex_ws/install/astra_camera_msgs/include/astra_camera_msgs/astra_camera_msgs/msg/detail
[2.325s] -- Up-to-date: /home/agilex/agilex_ws/install/astra_camera_msgs/include/astra_camera_msgs/astra_camera_msgs/msg/detail/device_info__type_support.c
[2.326s] -- Up-to-date: /home/agilex/agilex_ws/install/astra_camera_msgs/include/astra_camera_msgs/astra_camera_msgs/msg/detail/extrinsics__type_support.c
[2.326s] -- Up-to-date: /home/agilex/agilex_ws/install/astra_camera_msgs/include/astra_camera_msgs/astra_camera_msgs/msg/detail/metadata__type_support.c
[2.326s] -- Up-to-date: /home/agilex/agilex_ws/install/astra_camera_msgs/include/astra_camera_msgs/astra_camera_msgs/msg/detail/device_info__rosidl_typesupport_introspection_c.h
[2.326s] -- Up-to-date: /home/agilex/agilex_ws/install/astra_camera_msgs/include/astra_camera_msgs/astra_camera_msgs/msg/detail/extrinsics__rosidl_typesupport_introspection_c.h
[2.327s] -- Up-to-date: /home/agilex/agilex_ws/install/astra_camera_msgs/include/astra_camera_msgs/astra_camera_msgs/msg/detail/metadata__rosidl_typesupport_introspection_c.h
[2.327s] -- Up-to-date: /home/agilex/agilex_ws/install/astra_camera_msgs/include/astra_camera_msgs/astra_camera_msgs/msg/rosidl_typesupport_introspection_c__visibility_control.h
[2.327s] -- Up-to-date: /home/agilex/agilex_ws/install/astra_camera_msgs/include/astra_camera_msgs/astra_camera_msgs/srv
[2.327s] -- Up-to-date: /home/agilex/agilex_ws/install/astra_camera_msgs/include/astra_camera_msgs/astra_camera_msgs/srv/detail
[2.327s] -- Up-to-date: /home/agilex/agilex_ws/install/astra_camera_msgs/include/astra_camera_msgs/astra_camera_msgs/srv/detail/get_device_info__type_support.c
[2.328s] -- Up-to-date: /home/agilex/agilex_ws/install/astra_camera_msgs/include/astra_camera_msgs/astra_camera_msgs/srv/detail/get_camera_info__type_support.c
[2.328s] -- Up-to-date: /home/agilex/agilex_ws/install/astra_camera_msgs/include/astra_camera_msgs/astra_camera_msgs/srv/detail/get_camera_params__type_support.c
[2.328s] -- Up-to-date: /home/agilex/agilex_ws/install/astra_camera_msgs/include/astra_camera_msgs/astra_camera_msgs/srv/detail/get_int32__type_support.c
[2.329s] -- Up-to-date: /home/agilex/agilex_ws/install/astra_camera_msgs/include/astra_camera_msgs/astra_camera_msgs/srv/detail/get_string__type_support.c
[2.329s] -- Up-to-date: /home/agilex/agilex_ws/install/astra_camera_msgs/include/astra_camera_msgs/astra_camera_msgs/srv/detail/set_int32__type_support.c
[2.329s] -- Up-to-date: /home/agilex/agilex_ws/install/astra_camera_msgs/include/astra_camera_msgs/astra_camera_msgs/srv/detail/get_camera_info__rosidl_typesupport_introspection_c.h
[2.329s] -- Up-to-date: /home/agilex/agilex_ws/install/astra_camera_msgs/include/astra_camera_msgs/astra_camera_msgs/srv/detail/get_camera_params__rosidl_typesupport_introspection_c.h
[2.330s] -- Up-to-date: /home/agilex/agilex_ws/install/astra_camera_msgs/include/astra_camera_msgs/astra_camera_msgs/srv/detail/get_device_info__rosidl_typesupport_introspection_c.h
[2.330s] -- Up-to-date: /home/agilex/agilex_ws/install/astra_camera_msgs/include/astra_camera_msgs/astra_camera_msgs/srv/detail/get_int32__rosidl_typesupport_introspection_c.h
[2.330s] -- Up-to-date: /home/agilex/agilex_ws/install/astra_camera_msgs/include/astra_camera_msgs/astra_camera_msgs/srv/detail/get_string__rosidl_typesupport_introspection_c.h
[2.330s] -- Up-to-date: /home/agilex/agilex_ws/install/astra_camera_msgs/include/astra_camera_msgs/astra_camera_msgs/srv/detail/set_int32__rosidl_typesupport_introspection_c.h
[2.330s] -- Up-to-date: /home/agilex/agilex_ws/install/astra_camera_msgs/lib/libastra_camera_msgs__rosidl_typesupport_introspection_c.so
[2.331s] -- Up-to-date: /home/agilex/agilex_ws/install/astra_camera_msgs/lib/libastra_camera_msgs__rosidl_typesupport_c.so
[2.331s] -- Up-to-date: /home/agilex/agilex_ws/install/astra_camera_msgs/include/astra_camera_msgs/astra_camera_msgs
[2.331s] -- Up-to-date: /home/agilex/agilex_ws/install/astra_camera_msgs/include/astra_camera_msgs/astra_camera_msgs/msg
[2.331s] -- Up-to-date: /home/agilex/agilex_ws/install/astra_camera_msgs/include/astra_camera_msgs/astra_camera_msgs/msg/device_info.hpp
[2.332s] -- Up-to-date: /home/agilex/agilex_ws/install/astra_camera_msgs/include/astra_camera_msgs/astra_camera_msgs/msg/detail
[2.332s] -- Up-to-date: /home/agilex/agilex_ws/install/astra_camera_msgs/include/astra_camera_msgs/astra_camera_msgs/msg/detail/device_info__builder.hpp
[2.332s] -- Up-to-date: /home/agilex/agilex_ws/install/astra_camera_msgs/include/astra_camera_msgs/astra_camera_msgs/msg/detail/device_info__struct.hpp
[2.332s] -- Up-to-date: /home/agilex/agilex_ws/install/astra_camera_msgs/include/astra_camera_msgs/astra_camera_msgs/msg/detail/device_info__traits.hpp
[2.333s] -- Up-to-date: /home/agilex/agilex_ws/install/astra_camera_msgs/include/astra_camera_msgs/astra_camera_msgs/msg/detail/extrinsics__builder.hpp
[2.333s] -- Up-to-date: /home/agilex/agilex_ws/install/astra_camera_msgs/include/astra_camera_msgs/astra_camera_msgs/msg/detail/extrinsics__struct.hpp
[2.334s] -- Up-to-date: /home/agilex/agilex_ws/install/astra_camera_msgs/include/astra_camera_msgs/astra_camera_msgs/msg/detail/extrinsics__traits.hpp
[2.334s] -- Up-to-date: /home/agilex/agilex_ws/install/astra_camera_msgs/include/astra_camera_msgs/astra_camera_msgs/msg/detail/metadata__builder.hpp
[2.334s] -- Up-to-date: /home/agilex/agilex_ws/install/astra_camera_msgs/include/astra_camera_msgs/astra_camera_msgs/msg/detail/metadata__struct.hpp
[2.334s] -- Up-to-date: /home/agilex/agilex_ws/install/astra_camera_msgs/include/astra_camera_msgs/astra_camera_msgs/msg/detail/metadata__traits.hpp
[2.335s] -- Up-to-date: /home/agilex/agilex_ws/install/astra_camera_msgs/include/astra_camera_msgs/astra_camera_msgs/msg/extrinsics.hpp
[2.335s] -- Up-to-date: /home/agilex/agilex_ws/install/astra_camera_msgs/include/astra_camera_msgs/astra_camera_msgs/msg/metadata.hpp
[2.335s] -- Up-to-date: /home/agilex/agilex_ws/install/astra_camera_msgs/include/astra_camera_msgs/astra_camera_msgs/srv
[2.335s] -- Up-to-date: /home/agilex/agilex_ws/install/astra_camera_msgs/include/astra_camera_msgs/astra_camera_msgs/srv/get_device_info.hpp
[2.336s] -- Up-to-date: /home/agilex/agilex_ws/install/astra_camera_msgs/include/astra_camera_msgs/astra_camera_msgs/srv/detail
[2.337s] -- Up-to-date: /home/agilex/agilex_ws/install/astra_camera_msgs/include/astra_camera_msgs/astra_camera_msgs/srv/detail/get_device_info__builder.hpp
[2.337s] -- Up-to-date: /home/agilex/agilex_ws/install/astra_camera_msgs/include/astra_camera_msgs/astra_camera_msgs/srv/detail/get_device_info__struct.hpp
[2.337s] -- Up-to-date: /home/agilex/agilex_ws/install/astra_camera_msgs/include/astra_camera_msgs/astra_camera_msgs/srv/detail/get_device_info__traits.hpp
[2.337s] -- Up-to-date: /home/agilex/agilex_ws/install/astra_camera_msgs/include/astra_camera_msgs/astra_camera_msgs/srv/detail/get_camera_info__builder.hpp
[2.338s] -- Up-to-date: /home/agilex/agilex_ws/install/astra_camera_msgs/include/astra_camera_msgs/astra_camera_msgs/srv/detail/get_camera_info__struct.hpp
[2.338s] -- Up-to-date: /home/agilex/agilex_ws/install/astra_camera_msgs/include/astra_camera_msgs/astra_camera_msgs/srv/detail/get_camera_info__traits.hpp
[2.338s] -- Up-to-date: /home/agilex/agilex_ws/install/astra_camera_msgs/include/astra_camera_msgs/astra_camera_msgs/srv/detail/get_camera_params__builder.hpp
[2.339s] -- Up-to-date: /home/agilex/agilex_ws/install/astra_camera_msgs/include/astra_camera_msgs/astra_camera_msgs/srv/detail/get_camera_params__struct.hpp
[2.339s] -- Up-to-date: /home/agilex/agilex_ws/install/astra_camera_msgs/include/astra_camera_msgs/astra_camera_msgs/srv/detail/get_camera_params__traits.hpp
[2.339s] -- Up-to-date: /home/agilex/agilex_ws/install/astra_camera_msgs/include/astra_camera_msgs/astra_camera_msgs/srv/detail/get_int32__builder.hpp
[2.339s] -- Up-to-date: /home/agilex/agilex_ws/install/astra_camera_msgs/include/astra_camera_msgs/astra_camera_msgs/srv/detail/get_int32__struct.hpp
[2.339s] -- Up-to-date: /home/agilex/agilex_ws/install/astra_camera_msgs/include/astra_camera_msgs/astra_camera_msgs/srv/detail/get_int32__traits.hpp
[2.340s] -- Up-to-date: /home/agilex/agilex_ws/install/astra_camera_msgs/include/astra_camera_msgs/astra_camera_msgs/srv/detail/get_string__builder.hpp
[2.340s] -- Up-to-date: /home/agilex/agilex_ws/install/astra_camera_msgs/include/astra_camera_msgs/astra_camera_msgs/srv/detail/get_string__struct.hpp
[2.340s] -- Up-to-date: /home/agilex/agilex_ws/install/astra_camera_msgs/include/astra_camera_msgs/astra_camera_msgs/srv/detail/get_string__traits.hpp
[2.340s] -- Up-to-date: /home/agilex/agilex_ws/install/astra_camera_msgs/include/astra_camera_msgs/astra_camera_msgs/srv/detail/set_int32__builder.hpp
[2.341s] -- Up-to-date: /home/agilex/agilex_ws/install/astra_camera_msgs/include/astra_camera_msgs/astra_camera_msgs/srv/detail/set_int32__struct.hpp
[2.341s] -- Up-to-date: /home/agilex/agilex_ws/install/astra_camera_msgs/include/astra_camera_msgs/astra_camera_msgs/srv/detail/set_int32__traits.hpp
[2.341s] -- Up-to-date: /home/agilex/agilex_ws/install/astra_camera_msgs/include/astra_camera_msgs/astra_camera_msgs/srv/get_camera_info.hpp
[2.341s] -- Up-to-date: /home/agilex/agilex_ws/install/astra_camera_msgs/include/astra_camera_msgs/astra_camera_msgs/srv/get_camera_params.hpp
[2.342s] -- Up-to-date: /home/agilex/agilex_ws/install/astra_camera_msgs/include/astra_camera_msgs/astra_camera_msgs/srv/get_int32.hpp
[2.342s] -- Up-to-date: /home/agilex/agilex_ws/install/astra_camera_msgs/include/astra_camera_msgs/astra_camera_msgs/srv/get_string.hpp
[2.342s] -- Up-to-date: /home/agilex/agilex_ws/install/astra_camera_msgs/include/astra_camera_msgs/astra_camera_msgs/srv/set_int32.hpp
[2.342s] -- Up-to-date: /home/agilex/agilex_ws/install/astra_camera_msgs/include/astra_camera_msgs/astra_camera_msgs
[2.342s] -- Up-to-date: /home/agilex/agilex_ws/install/astra_camera_msgs/include/astra_camera_msgs/astra_camera_msgs/msg
[2.342s] -- Up-to-date: /home/agilex/agilex_ws/install/astra_camera_msgs/include/astra_camera_msgs/astra_camera_msgs/msg/detail
[2.342s] -- Up-to-date: /home/agilex/agilex_ws/install/astra_camera_msgs/include/astra_camera_msgs/astra_camera_msgs/msg/detail/device_info__rosidl_typesupport_fastrtps_cpp.hpp
[2.344s] -- Up-to-date: /home/agilex/agilex_ws/install/astra_camera_msgs/include/astra_camera_msgs/astra_camera_msgs/msg/detail/dds_fastrtps
[2.344s] -- Up-to-date: /home/agilex/agilex_ws/install/astra_camera_msgs/include/astra_camera_msgs/astra_camera_msgs/msg/detail/extrinsics__rosidl_typesupport_fastrtps_cpp.hpp
[2.344s] -- Up-to-date: /home/agilex/agilex_ws/install/astra_camera_msgs/include/astra_camera_msgs/astra_camera_msgs/msg/detail/metadata__rosidl_typesupport_fastrtps_cpp.hpp
[2.344s] -- Up-to-date: /home/agilex/agilex_ws/install/astra_camera_msgs/include/astra_camera_msgs/astra_camera_msgs/msg/rosidl_typesupport_fastrtps_cpp__visibility_control.h
[2.344s] -- Up-to-date: /home/agilex/agilex_ws/install/astra_camera_msgs/include/astra_camera_msgs/astra_camera_msgs/srv
[2.344s] -- Up-to-date: /home/agilex/agilex_ws/install/astra_camera_msgs/include/astra_camera_msgs/astra_camera_msgs/srv/detail
[2.344s] -- Up-to-date: /home/agilex/agilex_ws/install/astra_camera_msgs/include/astra_camera_msgs/astra_camera_msgs/srv/detail/get_device_info__rosidl_typesupport_fastrtps_cpp.hpp
[2.344s] -- Up-to-date: /home/agilex/agilex_ws/install/astra_camera_msgs/include/astra_camera_msgs/astra_camera_msgs/srv/detail/dds_fastrtps
[2.344s] -- Up-to-date: /home/agilex/agilex_ws/install/astra_camera_msgs/include/astra_camera_msgs/astra_camera_msgs/srv/detail/get_camera_info__rosidl_typesupport_fastrtps_cpp.hpp
[2.345s] -- Up-to-date: /home/agilex/agilex_ws/install/astra_camera_msgs/include/astra_camera_msgs/astra_camera_msgs/srv/detail/get_camera_params__rosidl_typesupport_fastrtps_cpp.hpp
[2.345s] -- Up-to-date: /home/agilex/agilex_ws/install/astra_camera_msgs/include/astra_camera_msgs/astra_camera_msgs/srv/detail/get_int32__rosidl_typesupport_fastrtps_cpp.hpp
[2.345s] -- Up-to-date: /home/agilex/agilex_ws/install/astra_camera_msgs/include/astra_camera_msgs/astra_camera_msgs/srv/detail/get_string__rosidl_typesupport_fastrtps_cpp.hpp
[2.345s] -- Up-to-date: /home/agilex/agilex_ws/install/astra_camera_msgs/include/astra_camera_msgs/astra_camera_msgs/srv/detail/set_int32__rosidl_typesupport_fastrtps_cpp.hpp
[2.345s] -- Up-to-date: /home/agilex/agilex_ws/install/astra_camera_msgs/lib/libastra_camera_msgs__rosidl_typesupport_fastrtps_cpp.so
[2.345s] -- Up-to-date: /home/agilex/agilex_ws/install/astra_camera_msgs/include/astra_camera_msgs/astra_camera_msgs
[2.345s] -- Up-to-date: /home/agilex/agilex_ws/install/astra_camera_msgs/include/astra_camera_msgs/astra_camera_msgs/msg
[2.345s] -- Up-to-date: /home/agilex/agilex_ws/install/astra_camera_msgs/include/astra_camera_msgs/astra_camera_msgs/msg/detail
[2.345s] -- Up-to-date: /home/agilex/agilex_ws/install/astra_camera_msgs/include/astra_camera_msgs/astra_camera_msgs/msg/detail/device_info__rosidl_typesupport_introspection_cpp.hpp
[2.345s] -- Up-to-date: /home/agilex/agilex_ws/install/astra_camera_msgs/include/astra_camera_msgs/astra_camera_msgs/msg/detail/extrinsics__rosidl_typesupport_introspection_cpp.hpp
[2.345s] -- Up-to-date: /home/agilex/agilex_ws/install/astra_camera_msgs/include/astra_camera_msgs/astra_camera_msgs/msg/detail/metadata__rosidl_typesupport_introspection_cpp.hpp
[2.345s] -- Up-to-date: /home/agilex/agilex_ws/install/astra_camera_msgs/include/astra_camera_msgs/astra_camera_msgs/msg/detail/device_info__type_support.cpp
[2.346s] -- Up-to-date: /home/agilex/agilex_ws/install/astra_camera_msgs/include/astra_camera_msgs/astra_camera_msgs/msg/detail/extrinsics__type_support.cpp
[2.346s] -- Up-to-date: /home/agilex/agilex_ws/install/astra_camera_msgs/include/astra_camera_msgs/astra_camera_msgs/msg/detail/metadata__type_support.cpp
[2.346s] -- Up-to-date: /home/agilex/agilex_ws/install/astra_camera_msgs/include/astra_camera_msgs/astra_camera_msgs/srv
[2.346s] -- Up-to-date: /home/agilex/agilex_ws/install/astra_camera_msgs/include/astra_camera_msgs/astra_camera_msgs/srv/detail
[2.346s] -- Up-to-date: /home/agilex/agilex_ws/install/astra_camera_msgs/include/astra_camera_msgs/astra_camera_msgs/srv/detail/get_device_info__rosidl_typesupport_introspection_cpp.hpp
[2.346s] -- Up-to-date: /home/agilex/agilex_ws/install/astra_camera_msgs/include/astra_camera_msgs/astra_camera_msgs/srv/detail/get_camera_info__rosidl_typesupport_introspection_cpp.hpp
[2.346s] -- Up-to-date: /home/agilex/agilex_ws/install/astra_camera_msgs/include/astra_camera_msgs/astra_camera_msgs/srv/detail/get_camera_params__rosidl_typesupport_introspection_cpp.hpp
[2.346s] -- Up-to-date: /home/agilex/agilex_ws/install/astra_camera_msgs/include/astra_camera_msgs/astra_camera_msgs/srv/detail/get_int32__rosidl_typesupport_introspection_cpp.hpp
[2.346s] -- Up-to-date: /home/agilex/agilex_ws/install/astra_camera_msgs/include/astra_camera_msgs/astra_camera_msgs/srv/detail/get_string__rosidl_typesupport_introspection_cpp.hpp
[2.346s] -- Up-to-date: /home/agilex/agilex_ws/install/astra_camera_msgs/include/astra_camera_msgs/astra_camera_msgs/srv/detail/set_int32__rosidl_typesupport_introspection_cpp.hpp
[2.346s] -- Up-to-date: /home/agilex/agilex_ws/install/astra_camera_msgs/include/astra_camera_msgs/astra_camera_msgs/srv/detail/get_camera_info__type_support.cpp
[2.347s] -- Up-to-date: /home/agilex/agilex_ws/install/astra_camera_msgs/include/astra_camera_msgs/astra_camera_msgs/srv/detail/get_camera_params__type_support.cpp
[2.347s] -- Up-to-date: /home/agilex/agilex_ws/install/astra_camera_msgs/include/astra_camera_msgs/astra_camera_msgs/srv/detail/get_device_info__type_support.cpp
[2.347s] -- Up-to-date: /home/agilex/agilex_ws/install/astra_camera_msgs/include/astra_camera_msgs/astra_camera_msgs/srv/detail/get_int32__type_support.cpp
[2.347s] -- Up-to-date: /home/agilex/agilex_ws/install/astra_camera_msgs/include/astra_camera_msgs/astra_camera_msgs/srv/detail/get_string__type_support.cpp
[2.347s] -- Up-to-date: /home/agilex/agilex_ws/install/astra_camera_msgs/include/astra_camera_msgs/astra_camera_msgs/srv/detail/set_int32__type_support.cpp
[2.347s] -- Up-to-date: /home/agilex/agilex_ws/install/astra_camera_msgs/lib/libastra_camera_msgs__rosidl_typesupport_introspection_cpp.so
[2.347s] -- Up-to-date: /home/agilex/agilex_ws/install/astra_camera_msgs/lib/libastra_camera_msgs__rosidl_typesupport_cpp.so
[2.347s] -- Up-to-date: /home/agilex/agilex_ws/install/astra_camera_msgs/share/astra_camera_msgs/environment/pythonpath.sh
[2.347s] -- Up-to-date: /home/agilex/agilex_ws/install/astra_camera_msgs/share/astra_camera_msgs/environment/pythonpath.dsv
[2.347s] -- Up-to-date: /home/agilex/agilex_ws/install/astra_camera_msgs/local/lib/python3.10/dist-packages/astra_camera_msgs-1.0.1-py3.10.egg-info
[2.347s] -- Installing: /home/agilex/agilex_ws/install/astra_camera_msgs/local/lib/python3.10/dist-packages/astra_camera_msgs-1.0.1-py3.10.egg-info/PKG-INFO
[2.347s] -- Installing: /home/agilex/agilex_ws/install/astra_camera_msgs/local/lib/python3.10/dist-packages/astra_camera_msgs-1.0.1-py3.10.egg-info/dependency_links.txt
[2.347s] -- Installing: /home/agilex/agilex_ws/install/astra_camera_msgs/local/lib/python3.10/dist-packages/astra_camera_msgs-1.0.1-py3.10.egg-info/top_level.txt
[2.348s] -- Installing: /home/agilex/agilex_ws/install/astra_camera_msgs/local/lib/python3.10/dist-packages/astra_camera_msgs-1.0.1-py3.10.egg-info/SOURCES.txt
[2.348s] -- Up-to-date: /home/agilex/agilex_ws/install/astra_camera_msgs/local/lib/python3.10/dist-packages/astra_camera_msgs
[2.348s] -- Up-to-date: /home/agilex/agilex_ws/install/astra_camera_msgs/local/lib/python3.10/dist-packages/astra_camera_msgs/msg
[2.348s] -- Up-to-date: /home/agilex/agilex_ws/install/astra_camera_msgs/local/lib/python3.10/dist-packages/astra_camera_msgs/msg/_device_info_s.c
[2.348s] -- Up-to-date: /home/agilex/agilex_ws/install/astra_camera_msgs/local/lib/python3.10/dist-packages/astra_camera_msgs/msg/_extrinsics_s.c
[2.348s] -- Up-to-date: /home/agilex/agilex_ws/install/astra_camera_msgs/local/lib/python3.10/dist-packages/astra_camera_msgs/msg/_metadata_s.c
[2.348s] -- Up-to-date: /home/agilex/agilex_ws/install/astra_camera_msgs/local/lib/python3.10/dist-packages/astra_camera_msgs/msg/__init__.py
[2.348s] -- Up-to-date: /home/agilex/agilex_ws/install/astra_camera_msgs/local/lib/python3.10/dist-packages/astra_camera_msgs/msg/_device_info.py
[2.348s] -- Up-to-date: /home/agilex/agilex_ws/install/astra_camera_msgs/local/lib/python3.10/dist-packages/astra_camera_msgs/msg/_extrinsics.py
[2.348s] -- Up-to-date: /home/agilex/agilex_ws/install/astra_camera_msgs/local/lib/python3.10/dist-packages/astra_camera_msgs/msg/_metadata.py
[2.348s] -- Up-to-date: /home/agilex/agilex_ws/install/astra_camera_msgs/local/lib/python3.10/dist-packages/astra_camera_msgs/srv
[2.349s] -- Up-to-date: /home/agilex/agilex_ws/install/astra_camera_msgs/local/lib/python3.10/dist-packages/astra_camera_msgs/srv/_get_device_info_s.c
[2.349s] -- Up-to-date: /home/agilex/agilex_ws/install/astra_camera_msgs/local/lib/python3.10/dist-packages/astra_camera_msgs/srv/_get_camera_info_s.c
[2.349s] -- Up-to-date: /home/agilex/agilex_ws/install/astra_camera_msgs/local/lib/python3.10/dist-packages/astra_camera_msgs/srv/_get_camera_params_s.c
[2.349s] -- Up-to-date: /home/agilex/agilex_ws/install/astra_camera_msgs/local/lib/python3.10/dist-packages/astra_camera_msgs/srv/_get_int32_s.c
[2.349s] -- Up-to-date: /home/agilex/agilex_ws/install/astra_camera_msgs/local/lib/python3.10/dist-packages/astra_camera_msgs/srv/_get_string_s.c
[2.349s] -- Up-to-date: /home/agilex/agilex_ws/install/astra_camera_msgs/local/lib/python3.10/dist-packages/astra_camera_msgs/srv/_set_int32_s.c
[2.349s] -- Up-to-date: /home/agilex/agilex_ws/install/astra_camera_msgs/local/lib/python3.10/dist-packages/astra_camera_msgs/srv/__init__.py
[2.349s] -- Up-to-date: /home/agilex/agilex_ws/install/astra_camera_msgs/local/lib/python3.10/dist-packages/astra_camera_msgs/srv/_get_camera_info.py
[2.349s] -- Up-to-date: /home/agilex/agilex_ws/install/astra_camera_msgs/local/lib/python3.10/dist-packages/astra_camera_msgs/srv/_get_camera_params.py
[2.349s] -- Up-to-date: /home/agilex/agilex_ws/install/astra_camera_msgs/local/lib/python3.10/dist-packages/astra_camera_msgs/srv/_get_device_info.py
[2.349s] -- Up-to-date: /home/agilex/agilex_ws/install/astra_camera_msgs/local/lib/python3.10/dist-packages/astra_camera_msgs/srv/_get_int32.py
[2.349s] -- Up-to-date: /home/agilex/agilex_ws/install/astra_camera_msgs/local/lib/python3.10/dist-packages/astra_camera_msgs/srv/_get_string.py
[2.349s] -- Up-to-date: /home/agilex/agilex_ws/install/astra_camera_msgs/local/lib/python3.10/dist-packages/astra_camera_msgs/srv/_set_int32.py
[2.350s] -- Up-to-date: /home/agilex/agilex_ws/install/astra_camera_msgs/local/lib/python3.10/dist-packages/astra_camera_msgs/_astra_camera_msgs_s.ep.rosidl_typesupport_fastrtps_c.c
[2.350s] -- Up-to-date: /home/agilex/agilex_ws/install/astra_camera_msgs/local/lib/python3.10/dist-packages/astra_camera_msgs/_astra_camera_msgs_s.ep.rosidl_typesupport_introspection_c.c
[2.350s] -- Up-to-date: /home/agilex/agilex_ws/install/astra_camera_msgs/local/lib/python3.10/dist-packages/astra_camera_msgs/_astra_camera_msgs_s.ep.rosidl_typesupport_c.c
[2.350s] -- Up-to-date: /home/agilex/agilex_ws/install/astra_camera_msgs/local/lib/python3.10/dist-packages/astra_camera_msgs/__init__.py
[2.350s] -- Up-to-date: /home/agilex/agilex_ws/install/astra_camera_msgs/local/lib/python3.10/dist-packages/astra_camera_msgs/libastra_camera_msgs__rosidl_generator_py.so
[2.350s] -- Up-to-date: /home/agilex/agilex_ws/install/astra_camera_msgs/local/lib/python3.10/dist-packages/astra_camera_msgs/astra_camera_msgs_s__rosidl_typesupport_fastrtps_c.cpython-310-x86_64-linux-gnu.so
[2.350s] -- Up-to-date: /home/agilex/agilex_ws/install/astra_camera_msgs/local/lib/python3.10/dist-packages/astra_camera_msgs/astra_camera_msgs_s__rosidl_typesupport_c.cpython-310-x86_64-linux-gnu.so
[2.350s] -- Up-to-date: /home/agilex/agilex_ws/install/astra_camera_msgs/local/lib/python3.10/dist-packages/astra_camera_msgs/astra_camera_msgs_s__rosidl_typesupport_introspection_c.cpython-310-x86_64-linux-gnu.so
[2.352s] Listing '/home/agilex/agilex_ws/install/astra_camera_msgs/local/lib/python3.10/dist-packages/astra_camera_msgs'...
[2.352s] Listing '/home/agilex/agilex_ws/install/astra_camera_msgs/local/lib/python3.10/dist-packages/astra_camera_msgs/msg'...
[2.352s] Listing '/home/agilex/agilex_ws/install/astra_camera_msgs/local/lib/python3.10/dist-packages/astra_camera_msgs/srv'...
[2.357s] -- Up-to-date: /home/agilex/agilex_ws/install/astra_camera_msgs/local/lib/python3.10/dist-packages/astra_camera_msgs/astra_camera_msgs_s__rosidl_typesupport_fastrtps_c.cpython-310-x86_64-linux-gnu.so
[2.358s] -- Up-to-date: /home/agilex/agilex_ws/install/astra_camera_msgs/local/lib/python3.10/dist-packages/astra_camera_msgs/astra_camera_msgs_s__rosidl_typesupport_introspection_c.cpython-310-x86_64-linux-gnu.so
[2.358s] -- Up-to-date: /home/agilex/agilex_ws/install/astra_camera_msgs/local/lib/python3.10/dist-packages/astra_camera_msgs/astra_camera_msgs_s__rosidl_typesupport_c.cpython-310-x86_64-linux-gnu.so
[2.358s] -- Up-to-date: /home/agilex/agilex_ws/install/astra_camera_msgs/lib/libastra_camera_msgs__rosidl_generator_py.so
[2.359s] -- Up-to-date: /home/agilex/agilex_ws/install/astra_camera_msgs/share/astra_camera_msgs/msg/DeviceInfo.idl
[2.359s] -- Up-to-date: /home/agilex/agilex_ws/install/astra_camera_msgs/share/astra_camera_msgs/msg/Extrinsics.idl
[2.359s] -- Up-to-date: /home/agilex/agilex_ws/install/astra_camera_msgs/share/astra_camera_msgs/msg/Metadata.idl
[2.359s] -- Up-to-date: /home/agilex/agilex_ws/install/astra_camera_msgs/share/astra_camera_msgs/srv/GetDeviceInfo.idl
[2.359s] -- Up-to-date: /home/agilex/agilex_ws/install/astra_camera_msgs/share/astra_camera_msgs/srv/GetCameraInfo.idl
[2.359s] -- Up-to-date: /home/agilex/agilex_ws/install/astra_camera_msgs/share/astra_camera_msgs/srv/GetCameraParams.idl
[2.359s] -- Up-to-date: /home/agilex/agilex_ws/install/astra_camera_msgs/share/astra_camera_msgs/srv/GetInt32.idl
[2.359s] -- Up-to-date: /home/agilex/agilex_ws/install/astra_camera_msgs/share/astra_camera_msgs/srv/GetString.idl
[2.359s] -- Up-to-date: /home/agilex/agilex_ws/install/astra_camera_msgs/share/astra_camera_msgs/srv/SetInt32.idl
[2.360s] -- Up-to-date: /home/agilex/agilex_ws/install/astra_camera_msgs/share/astra_camera_msgs/msg/DeviceInfo.msg
[2.360s] -- Up-to-date: /home/agilex/agilex_ws/install/astra_camera_msgs/share/astra_camera_msgs/msg/Extrinsics.msg
[2.360s] -- Up-to-date: /home/agilex/agilex_ws/install/astra_camera_msgs/share/astra_camera_msgs/msg/Metadata.msg
[2.360s] -- Up-to-date: /home/agilex/agilex_ws/install/astra_camera_msgs/share/astra_camera_msgs/srv/GetDeviceInfo.srv
[2.360s] -- Up-to-date: /home/agilex/agilex_ws/install/astra_camera_msgs/share/astra_camera_msgs/srv/GetDeviceInfo_Request.msg
[2.360s] -- Up-to-date: /home/agilex/agilex_ws/install/astra_camera_msgs/share/astra_camera_msgs/srv/GetDeviceInfo_Response.msg
[2.360s] -- Up-to-date: /home/agilex/agilex_ws/install/astra_camera_msgs/share/astra_camera_msgs/srv/GetCameraInfo.srv
[2.360s] -- Up-to-date: /home/agilex/agilex_ws/install/astra_camera_msgs/share/astra_camera_msgs/srv/GetCameraInfo_Request.msg
[2.361s] -- Up-to-date: /home/agilex/agilex_ws/install/astra_camera_msgs/share/astra_camera_msgs/srv/GetCameraInfo_Response.msg
[2.361s] -- Up-to-date: /home/agilex/agilex_ws/install/astra_camera_msgs/share/astra_camera_msgs/srv/GetCameraParams.srv
[2.361s] -- Up-to-date: /home/agilex/agilex_ws/install/astra_camera_msgs/share/astra_camera_msgs/srv/GetCameraParams_Request.msg
[2.361s] -- Up-to-date: /home/agilex/agilex_ws/install/astra_camera_msgs/share/astra_camera_msgs/srv/GetCameraParams_Response.msg
[2.361s] -- Up-to-date: /home/agilex/agilex_ws/install/astra_camera_msgs/share/astra_camera_msgs/srv/GetInt32.srv
[2.361s] -- Up-to-date: /home/agilex/agilex_ws/install/astra_camera_msgs/share/astra_camera_msgs/srv/GetInt32_Request.msg
[2.362s] -- Up-to-date: /home/agilex/agilex_ws/install/astra_camera_msgs/share/astra_camera_msgs/srv/GetInt32_Response.msg
[2.362s] -- Up-to-date: /home/agilex/agilex_ws/install/astra_camera_msgs/share/astra_camera_msgs/srv/GetString.srv
[2.362s] -- Up-to-date: /home/agilex/agilex_ws/install/astra_camera_msgs/share/astra_camera_msgs/srv/GetString_Request.msg
[2.363s] -- Up-to-date: /home/agilex/agilex_ws/install/astra_camera_msgs/share/astra_camera_msgs/srv/GetString_Response.msg
[2.363s] -- Up-to-date: /home/agilex/agilex_ws/install/astra_camera_msgs/share/astra_camera_msgs/srv/SetInt32.srv
[2.363s] -- Up-to-date: /home/agilex/agilex_ws/install/astra_camera_msgs/share/astra_camera_msgs/srv/SetInt32_Request.msg
[2.363s] -- Up-to-date: /home/agilex/agilex_ws/install/astra_camera_msgs/share/astra_camera_msgs/srv/SetInt32_Response.msg
[2.363s] -- Up-to-date: /home/agilex/agilex_ws/install/astra_camera_msgs/share/ament_index/resource_index/package_run_dependencies/astra_camera_msgs
[2.364s] -- Up-to-date: /home/agilex/agilex_ws/install/astra_camera_msgs/share/ament_index/resource_index/parent_prefix_path/astra_camera_msgs
[2.364s] -- Up-to-date: /home/agilex/agilex_ws/install/astra_camera_msgs/share/astra_camera_msgs/environment/ament_prefix_path.sh
[2.364s] -- Up-to-date: /home/agilex/agilex_ws/install/astra_camera_msgs/share/astra_camera_msgs/environment/ament_prefix_path.dsv
[2.364s] -- Up-to-date: /home/agilex/agilex_ws/install/astra_camera_msgs/share/astra_camera_msgs/environment/path.sh
[2.364s] -- Up-to-date: /home/agilex/agilex_ws/install/astra_camera_msgs/share/astra_camera_msgs/environment/path.dsv
[2.365s] -- Up-to-date: /home/agilex/agilex_ws/install/astra_camera_msgs/share/astra_camera_msgs/local_setup.bash
[2.365s] -- Up-to-date: /home/agilex/agilex_ws/install/astra_camera_msgs/share/astra_camera_msgs/local_setup.sh
[2.365s] -- Up-to-date: /home/agilex/agilex_ws/install/astra_camera_msgs/share/astra_camera_msgs/local_setup.zsh
[2.365s] -- Up-to-date: /home/agilex/agilex_ws/install/astra_camera_msgs/share/astra_camera_msgs/local_setup.dsv
[2.365s] -- Installing: /home/agilex/agilex_ws/install/astra_camera_msgs/share/astra_camera_msgs/package.dsv
[2.365s] -- Up-to-date: /home/agilex/agilex_ws/install/astra_camera_msgs/share/ament_index/resource_index/packages/astra_camera_msgs
[2.365s] -- Up-to-date: /home/agilex/agilex_ws/install/astra_camera_msgs/share/astra_camera_msgs/cmake/export_astra_camera_msgs__rosidl_generator_cExport.cmake
[2.366s] -- Up-to-date: /home/agilex/agilex_ws/install/astra_camera_msgs/share/astra_camera_msgs/cmake/export_astra_camera_msgs__rosidl_generator_cExport-noconfig.cmake
[2.366s] -- Up-to-date: /home/agilex/agilex_ws/install/astra_camera_msgs/share/astra_camera_msgs/cmake/export_astra_camera_msgs__rosidl_typesupport_fastrtps_cExport.cmake
[2.366s] -- Up-to-date: /home/agilex/agilex_ws/install/astra_camera_msgs/share/astra_camera_msgs/cmake/export_astra_camera_msgs__rosidl_typesupport_fastrtps_cExport-noconfig.cmake
[2.366s] -- Up-to-date: /home/agilex/agilex_ws/install/astra_camera_msgs/share/astra_camera_msgs/cmake/astra_camera_msgs__rosidl_typesupport_introspection_cExport.cmake
[2.366s] -- Up-to-date: /home/agilex/agilex_ws/install/astra_camera_msgs/share/astra_camera_msgs/cmake/astra_camera_msgs__rosidl_typesupport_introspection_cExport-noconfig.cmake
[2.366s] -- Up-to-date: /home/agilex/agilex_ws/install/astra_camera_msgs/share/astra_camera_msgs/cmake/astra_camera_msgs__rosidl_typesupport_cExport.cmake
[2.366s] -- Up-to-date: /home/agilex/agilex_ws/install/astra_camera_msgs/share/astra_camera_msgs/cmake/astra_camera_msgs__rosidl_typesupport_cExport-noconfig.cmake
[2.367s] -- Up-to-date: /home/agilex/agilex_ws/install/astra_camera_msgs/share/astra_camera_msgs/cmake/export_astra_camera_msgs__rosidl_generator_cppExport.cmake
[2.367s] -- Up-to-date: /home/agilex/agilex_ws/install/astra_camera_msgs/share/astra_camera_msgs/cmake/export_astra_camera_msgs__rosidl_typesupport_fastrtps_cppExport.cmake
[2.367s] -- Up-to-date: /home/agilex/agilex_ws/install/astra_camera_msgs/share/astra_camera_msgs/cmake/export_astra_camera_msgs__rosidl_typesupport_fastrtps_cppExport-noconfig.cmake
[2.367s] -- Up-to-date: /home/agilex/agilex_ws/install/astra_camera_msgs/share/astra_camera_msgs/cmake/astra_camera_msgs__rosidl_typesupport_introspection_cppExport.cmake
[2.368s] -- Up-to-date: /home/agilex/agilex_ws/install/astra_camera_msgs/share/astra_camera_msgs/cmake/astra_camera_msgs__rosidl_typesupport_introspection_cppExport-noconfig.cmake
[2.368s] -- Up-to-date: /home/agilex/agilex_ws/install/astra_camera_msgs/share/astra_camera_msgs/cmake/astra_camera_msgs__rosidl_typesupport_cppExport.cmake
[2.368s] -- Up-to-date: /home/agilex/agilex_ws/install/astra_camera_msgs/share/astra_camera_msgs/cmake/astra_camera_msgs__rosidl_typesupport_cppExport-noconfig.cmake
[2.368s] -- Up-to-date: /home/agilex/agilex_ws/install/astra_camera_msgs/share/astra_camera_msgs/cmake/export_astra_camera_msgs__rosidl_generator_pyExport.cmake
[2.368s] -- Up-to-date: /home/agilex/agilex_ws/install/astra_camera_msgs/share/astra_camera_msgs/cmake/export_astra_camera_msgs__rosidl_generator_pyExport-noconfig.cmake
[2.369s] -- Up-to-date: /home/agilex/agilex_ws/install/astra_camera_msgs/share/astra_camera_msgs/cmake/rosidl_cmake-extras.cmake
[2.369s] -- Up-to-date: /home/agilex/agilex_ws/install/astra_camera_msgs/share/astra_camera_msgs/cmake/ament_cmake_export_dependencies-extras.cmake
[2.369s] -- Up-to-date: /home/agilex/agilex_ws/install/astra_camera_msgs/share/astra_camera_msgs/cmake/ament_cmake_export_include_directories-extras.cmake
[2.369s] -- Up-to-date: /home/agilex/agilex_ws/install/astra_camera_msgs/share/astra_camera_msgs/cmake/ament_cmake_export_libraries-extras.cmake
[2.369s] -- Up-to-date: /home/agilex/agilex_ws/install/astra_camera_msgs/share/astra_camera_msgs/cmake/ament_cmake_export_targets-extras.cmake
[2.370s] -- Up-to-date: /home/agilex/agilex_ws/install/astra_camera_msgs/share/astra_camera_msgs/cmake/rosidl_cmake_export_typesupport_targets-extras.cmake
[2.370s] -- Up-to-date: /home/agilex/agilex_ws/install/astra_camera_msgs/share/astra_camera_msgs/cmake/rosidl_cmake_export_typesupport_libraries-extras.cmake
[2.370s] -- Up-to-date: /home/agilex/agilex_ws/install/astra_camera_msgs/share/astra_camera_msgs/cmake/astra_camera_msgsConfig.cmake
[2.370s] -- Up-to-date: /home/agilex/agilex_ws/install/astra_camera_msgs/share/astra_camera_msgs/cmake/astra_camera_msgsConfig-version.cmake
[2.370s] -- Up-to-date: /home/agilex/agilex_ws/install/astra_camera_msgs/share/astra_camera_msgs/package.xml
[2.667s] Invoked command in '/home/agilex/agilex_ws/build/astra_camera_msgs' returned '0': CMAKE_PREFIX_PATH=${CMAKE_PREFIX_PATH}:/home/agilex/agilex_ws/install/yolov5_ros2:/home/agilex/agilex_ws/install/nav2_simple_commander:/opt/ros/humble /usr/bin/cmake --install /home/agilex/agilex_ws/build/astra_camera_msgs
