[0.026s] Invoking command in '/home/agilex/agilex_ws/build/nav2_lifecycle_manager': AMENT_PREFIX_PATH=/home/agilex/agilex_ws/install/nav2_util:/home/agilex/agilex_ws/install/nav2_msgs:/home/agilex/agilex_ws/install/nav2_common:${AMENT_PREFIX_PATH} CMAKE_PREFIX_PATH=/home/agilex/agilex_ws/install/nav2_util:/home/agilex/agilex_ws/install/nav2_msgs:/home/agilex/agilex_ws/install/nav2_common:/opt/ros/humble LD_LIBRARY_PATH=/home/agilex/agilex_ws/install/nav2_util/lib:/home/agilex/agilex_ws/install/nav2_msgs/lib:${LD_LIBRARY_PATH} PYTHONPATH=/home/agilex/agilex_ws/install/nav2_msgs/local/lib/python3.10/dist-packages:/home/agilex/agilex_ws/install/nav2_common/local/lib/python3.10/dist-packages:${PYTHONPATH} /usr/bin/cmake /home/agilex/agilex_ws/src/navigation2/nav2_lifecycle_manager -DCMAKE_INSTALL_PREFIX=/home/agilex/agilex_ws/install/nav2_lifecycle_manager
[0.088s] -- The C compiler identification is GNU 11.3.0
[0.141s] -- The CXX compiler identification is GNU 11.3.0
[0.149s] -- Detecting C compiler ABI info
[0.214s] -- Detecting C compiler ABI info - done
[0.224s] -- Check for working C compiler: /usr/bin/cc - skipped
[0.224s] -- Detecting C compile features
[0.224s] -- Detecting C compile features - done
[0.228s] -- Detecting CXX compiler ABI info
[0.294s] -- Detecting CXX compiler ABI info - done
[0.303s] -- Check for working CXX compiler: /usr/bin/c++ - skipped
[0.304s] -- Detecting CXX compile features
[0.304s] -- Detecting CXX compile features - done
[0.308s] -- Found ament_cmake: 1.3.4 (/opt/ros/humble/share/ament_cmake/cmake)
[0.484s] -- Found Python3: /usr/bin/python3.10 (found version "3.10.6") found components: Interpreter 
[0.581s] -- Found geometry_msgs: 4.2.3 (/opt/ros/humble/share/geometry_msgs/cmake)
[0.619s] -- Found rosidl_generator_c: 3.1.4 (/opt/ros/humble/share/rosidl_generator_c/cmake)
[0.625s] -- Found rosidl_adapter: 3.1.4 (/opt/ros/humble/share/rosidl_adapter/cmake)
[0.633s] -- Found rosidl_generator_cpp: 3.1.4 (/opt/ros/humble/share/rosidl_generator_cpp/cmake)
[0.646s] -- Using all available rosidl_typesupport_c: rosidl_typesupport_fastrtps_c;rosidl_typesupport_introspection_c
[0.665s] -- Using all available rosidl_typesupport_cpp: rosidl_typesupport_fastrtps_cpp;rosidl_typesupport_introspection_cpp
[0.793s] -- Found lifecycle_msgs: 1.2.1 (/opt/ros/humble/share/lifecycle_msgs/cmake)
[0.814s] -- Found nav2_common: 1.1.0 (/home/agilex/agilex_ws/install/nav2_common/share/nav2_common/cmake)
[0.815s] -- Found nav2_msgs: 1.1.0 (/home/agilex/agilex_ws/install/nav2_msgs/share/nav2_msgs/cmake)
[1.199s] -- Found nav2_util: 1.1.0 (/home/agilex/agilex_ws/install/nav2_util/share/nav2_util/cmake)
[1.335s] -- Found rmw_implementation_cmake: 6.1.1 (/opt/ros/humble/share/rmw_implementation_cmake/cmake)
[1.337s] -- Found rmw_fastrtps_cpp: 6.2.2 (/opt/ros/humble/share/rmw_fastrtps_cpp/cmake)
[1.412s] -- Found OpenSSL: /usr/lib/x86_64-linux-gnu/libcrypto.so (found version "3.0.2")  
[1.433s] -- Found FastRTPS: /opt/ros/humble/include  
[1.470s] -- Using RMW implementation 'rmw_fastrtps_cpp' as default
[1.477s] -- Looking for pthread.h
[1.533s] -- Looking for pthread.h - found
[1.533s] -- Performing Test CMAKE_HAVE_LIBC_PTHREAD
[1.589s] -- Performing Test CMAKE_HAVE_LIBC_PTHREAD - Success
[1.590s] -- Found Threads: TRUE  
[2.002s] -- Found eigen3_cmake_module: 0.1.1 (/opt/ros/humble/share/eigen3_cmake_module/cmake)
[2.003s] -- Found Eigen3: TRUE (found version "3.4.0") 
[2.003s] -- Ensuring Eigen3 include directory is part of orocos-kdl CMake target
[2.213s] -- Found std_srvs: 4.2.3 (/opt/ros/humble/share/std_srvs/cmake)
[2.232s] -- Found diagnostic_updater: 3.1.2 (/opt/ros/humble/share/diagnostic_updater/cmake)
[2.313s] -- Setting build type to Release as none was specified.
[3.506s] -- Found ament_lint_auto: 0.12.6 (/opt/ros/humble/share/ament_lint_auto/cmake)
[3.589s] -- Found gtest sources under '/opt/ros/humble/src/gtest_vendor': C++ tests using 'Google Test' will be built
[4.809s] -- Added test 'copyright' to check source files copyright and LICENSE
[4.810s] -- Added test 'cppcheck' to perform static code analysis on C / C++ code
[4.811s] -- Configured cppcheck include dirs: /home/agilex/agilex_ws/src/navigation2/nav2_lifecycle_manager/include
[4.811s] -- Configured cppcheck exclude dirs and/or files: 
[4.812s] -- Added test 'cpplint' to check C / C++ code against the Google style
[4.812s] -- Configured cpplint exclude dirs and/or files: 
[4.813s] -- Added test 'flake8' to check Python code syntax and style conventions
[4.814s] -- Added test 'lint_cmake' to check CMake code style
[4.814s] -- Added test 'pep257' to check Python code against some of the docstring style conventions in PEP 257
[4.816s] -- Added test 'uncrustify' to check C / C++ code style
[4.816s] -- Configured uncrustify additional arguments: 
[4.816s] -- Added test 'xmllint' to check XML markup files
[4.820s] -- Configuring done
[4.906s] -- Generating done
[4.909s] -- Build files have been written to: /home/agilex/agilex_ws/build/nav2_lifecycle_manager
[4.924s] Invoked command in '/home/agilex/agilex_ws/build/nav2_lifecycle_manager' returned '0': AMENT_PREFIX_PATH=/home/agilex/agilex_ws/install/nav2_util:/home/agilex/agilex_ws/install/nav2_msgs:/home/agilex/agilex_ws/install/nav2_common:${AMENT_PREFIX_PATH} CMAKE_PREFIX_PATH=/home/agilex/agilex_ws/install/nav2_util:/home/agilex/agilex_ws/install/nav2_msgs:/home/agilex/agilex_ws/install/nav2_common:/opt/ros/humble LD_LIBRARY_PATH=/home/agilex/agilex_ws/install/nav2_util/lib:/home/agilex/agilex_ws/install/nav2_msgs/lib:${LD_LIBRARY_PATH} PYTHONPATH=/home/agilex/agilex_ws/install/nav2_msgs/local/lib/python3.10/dist-packages:/home/agilex/agilex_ws/install/nav2_common/local/lib/python3.10/dist-packages:${PYTHONPATH} /usr/bin/cmake /home/agilex/agilex_ws/src/navigation2/nav2_lifecycle_manager -DCMAKE_INSTALL_PREFIX=/home/agilex/agilex_ws/install/nav2_lifecycle_manager
[4.925s] Invoking command in '/home/agilex/agilex_ws/build/nav2_lifecycle_manager': AMENT_PREFIX_PATH=/home/agilex/agilex_ws/install/nav2_util:/home/agilex/agilex_ws/install/nav2_msgs:/home/agilex/agilex_ws/install/nav2_common:${AMENT_PREFIX_PATH} CMAKE_PREFIX_PATH=/home/agilex/agilex_ws/install/nav2_util:/home/agilex/agilex_ws/install/nav2_msgs:/home/agilex/agilex_ws/install/nav2_common:/opt/ros/humble LD_LIBRARY_PATH=/home/agilex/agilex_ws/install/nav2_util/lib:/home/agilex/agilex_ws/install/nav2_msgs/lib:${LD_LIBRARY_PATH} PYTHONPATH=/home/agilex/agilex_ws/install/nav2_msgs/local/lib/python3.10/dist-packages:/home/agilex/agilex_ws/install/nav2_common/local/lib/python3.10/dist-packages:${PYTHONPATH} /usr/bin/cmake --build /home/agilex/agilex_ws/build/nav2_lifecycle_manager -- -j8 -l8
[4.974s] [  7%] [32mBuilding CXX object gtest/CMakeFiles/gtest_main.dir/src/gtest_main.cc.o[0m
[4.978s] [ 15%] [32mBuilding CXX object CMakeFiles/nav2_lifecycle_manager_core.dir/src/lifecycle_manager_client.cpp.o[0m
[4.984s] [ 23%] [32mBuilding CXX object CMakeFiles/nav2_lifecycle_manager_core.dir/src/lifecycle_manager.cpp.o[0m
[5.014s] [ 30%] [32mBuilding CXX object gtest/CMakeFiles/gtest.dir/src/gtest-all.cc.o[0m
[6.321s] [ 38%] [32m[1mLinking CXX static library libgtest_main.a[0m
[6.467s] [ 38%] Built target gtest_main
[15.512s] [ 46%] [32m[1mLinking CXX static library libgtest.a[0m
[15.655s] [ 46%] Built target gtest
[19.263s] [ 53%] [32m[1mLinking CXX shared library libnav2_lifecycle_manager_core.so[0m
[19.838s] [ 53%] Built target nav2_lifecycle_manager_core
[19.941s] [ 61%] [32mBuilding CXX object CMakeFiles/lifecycle_manager.dir/src/main.cpp.o[0m
[24.800s] [ 69%] [32m[1mLinking CXX executable lifecycle_manager[0m
[24.969s] [ 69%] Built target lifecycle_manager
[24.988s] [ 76%] [32mBuilding CXX object test/CMakeFiles/test_bond_gtest.dir/test_bond.cpp.o[0m
[30.961s] [ 84%] [32m[1mLinking CXX executable test_bond_gtest[0m
[31.187s] [ 84%] Built target test_bond_gtest
[31.206s] [ 92%] [32mBuilding CXX object test/CMakeFiles/test_lifecycle_gtest.dir/test_lifecycle_manager.cpp.o[0m
[35.574s] [100%] [32m[1mLinking CXX executable test_lifecycle_gtest[0m
[35.788s] [100%] Built target test_lifecycle_gtest
[35.799s] Invoked command in '/home/agilex/agilex_ws/build/nav2_lifecycle_manager' returned '0': AMENT_PREFIX_PATH=/home/agilex/agilex_ws/install/nav2_util:/home/agilex/agilex_ws/install/nav2_msgs:/home/agilex/agilex_ws/install/nav2_common:${AMENT_PREFIX_PATH} CMAKE_PREFIX_PATH=/home/agilex/agilex_ws/install/nav2_util:/home/agilex/agilex_ws/install/nav2_msgs:/home/agilex/agilex_ws/install/nav2_common:/opt/ros/humble LD_LIBRARY_PATH=/home/agilex/agilex_ws/install/nav2_util/lib:/home/agilex/agilex_ws/install/nav2_msgs/lib:${LD_LIBRARY_PATH} PYTHONPATH=/home/agilex/agilex_ws/install/nav2_msgs/local/lib/python3.10/dist-packages:/home/agilex/agilex_ws/install/nav2_common/local/lib/python3.10/dist-packages:${PYTHONPATH} /usr/bin/cmake --build /home/agilex/agilex_ws/build/nav2_lifecycle_manager -- -j8 -l8
[35.825s] Invoking command in '/home/agilex/agilex_ws/build/nav2_lifecycle_manager': AMENT_PREFIX_PATH=/home/agilex/agilex_ws/install/nav2_util:/home/agilex/agilex_ws/install/nav2_msgs:/home/agilex/agilex_ws/install/nav2_common:${AMENT_PREFIX_PATH} CMAKE_PREFIX_PATH=/home/agilex/agilex_ws/install/nav2_util:/home/agilex/agilex_ws/install/nav2_msgs:/home/agilex/agilex_ws/install/nav2_common:/opt/ros/humble LD_LIBRARY_PATH=/home/agilex/agilex_ws/install/nav2_util/lib:/home/agilex/agilex_ws/install/nav2_msgs/lib:${LD_LIBRARY_PATH} PYTHONPATH=/home/agilex/agilex_ws/install/nav2_msgs/local/lib/python3.10/dist-packages:/home/agilex/agilex_ws/install/nav2_common/local/lib/python3.10/dist-packages:${PYTHONPATH} /usr/bin/cmake --install /home/agilex/agilex_ws/build/nav2_lifecycle_manager
[35.831s] -- Install configuration: "Release"
[35.831s] -- Installing: /home/agilex/agilex_ws/install/nav2_lifecycle_manager/lib/libnav2_lifecycle_manager_core.so
[35.833s] -- Set runtime path of "/home/agilex/agilex_ws/install/nav2_lifecycle_manager/lib/libnav2_lifecycle_manager_core.so" to ""
[35.833s] -- Installing: /home/agilex/agilex_ws/install/nav2_lifecycle_manager/lib/nav2_lifecycle_manager/lifecycle_manager
[35.835s] -- Set runtime path of "/home/agilex/agilex_ws/install/nav2_lifecycle_manager/lib/nav2_lifecycle_manager/lifecycle_manager" to ""
[35.835s] -- Installing: /home/agilex/agilex_ws/install/nav2_lifecycle_manager/include/
[35.835s] -- Installing: /home/agilex/agilex_ws/install/nav2_lifecycle_manager/include//nav2_lifecycle_manager
[35.835s] -- Installing: /home/agilex/agilex_ws/install/nav2_lifecycle_manager/include//nav2_lifecycle_manager/lifecycle_manager_client.hpp
[35.836s] -- Installing: /home/agilex/agilex_ws/install/nav2_lifecycle_manager/include//nav2_lifecycle_manager/lifecycle_manager.hpp
[35.836s] -- Installing: /home/agilex/agilex_ws/install/nav2_lifecycle_manager/share/nav2_lifecycle_manager/environment/library_path.sh
[35.836s] -- Installing: /home/agilex/agilex_ws/install/nav2_lifecycle_manager/share/nav2_lifecycle_manager/environment/library_path.dsv
[35.836s] -- Installing: /home/agilex/agilex_ws/install/nav2_lifecycle_manager/share/ament_index/resource_index/package_run_dependencies/nav2_lifecycle_manager
[35.836s] -- Installing: /home/agilex/agilex_ws/install/nav2_lifecycle_manager/share/ament_index/resource_index/parent_prefix_path/nav2_lifecycle_manager
[35.836s] -- Installing: /home/agilex/agilex_ws/install/nav2_lifecycle_manager/share/nav2_lifecycle_manager/environment/ament_prefix_path.sh
[35.837s] -- Installing: /home/agilex/agilex_ws/install/nav2_lifecycle_manager/share/nav2_lifecycle_manager/environment/ament_prefix_path.dsv
[35.837s] -- Installing: /home/agilex/agilex_ws/install/nav2_lifecycle_manager/share/nav2_lifecycle_manager/environment/path.sh
[35.837s] -- Installing: /home/agilex/agilex_ws/install/nav2_lifecycle_manager/share/nav2_lifecycle_manager/environment/path.dsv
[35.837s] -- Installing: /home/agilex/agilex_ws/install/nav2_lifecycle_manager/share/nav2_lifecycle_manager/local_setup.bash
[35.837s] -- Installing: /home/agilex/agilex_ws/install/nav2_lifecycle_manager/share/nav2_lifecycle_manager/local_setup.sh
[35.837s] -- Installing: /home/agilex/agilex_ws/install/nav2_lifecycle_manager/share/nav2_lifecycle_manager/local_setup.zsh
[35.837s] -- Installing: /home/agilex/agilex_ws/install/nav2_lifecycle_manager/share/nav2_lifecycle_manager/local_setup.dsv
[35.837s] -- Installing: /home/agilex/agilex_ws/install/nav2_lifecycle_manager/share/nav2_lifecycle_manager/package.dsv
[35.837s] -- Installing: /home/agilex/agilex_ws/install/nav2_lifecycle_manager/share/ament_index/resource_index/packages/nav2_lifecycle_manager
[35.838s] -- Installing: /home/agilex/agilex_ws/install/nav2_lifecycle_manager/share/ament_index/resource_index/rclcpp_components/nav2_lifecycle_manager
[35.838s] -- Installing: /home/agilex/agilex_ws/install/nav2_lifecycle_manager/share/nav2_lifecycle_manager/cmake/ament_cmake_export_include_directories-extras.cmake
[35.838s] -- Installing: /home/agilex/agilex_ws/install/nav2_lifecycle_manager/share/nav2_lifecycle_manager/cmake/ament_cmake_export_libraries-extras.cmake
[35.838s] -- Installing: /home/agilex/agilex_ws/install/nav2_lifecycle_manager/share/nav2_lifecycle_manager/cmake/ament_cmake_export_dependencies-extras.cmake
[35.838s] -- Installing: /home/agilex/agilex_ws/install/nav2_lifecycle_manager/share/nav2_lifecycle_manager/cmake/nav2_lifecycle_managerConfig.cmake
[35.838s] -- Installing: /home/agilex/agilex_ws/install/nav2_lifecycle_manager/share/nav2_lifecycle_manager/cmake/nav2_lifecycle_managerConfig-version.cmake
[35.838s] -- Installing: /home/agilex/agilex_ws/install/nav2_lifecycle_manager/share/nav2_lifecycle_manager/package.xml
[35.842s] Invoked command in '/home/agilex/agilex_ws/build/nav2_lifecycle_manager' returned '0': AMENT_PREFIX_PATH=/home/agilex/agilex_ws/install/nav2_util:/home/agilex/agilex_ws/install/nav2_msgs:/home/agilex/agilex_ws/install/nav2_common:${AMENT_PREFIX_PATH} CMAKE_PREFIX_PATH=/home/agilex/agilex_ws/install/nav2_util:/home/agilex/agilex_ws/install/nav2_msgs:/home/agilex/agilex_ws/install/nav2_common:/opt/ros/humble LD_LIBRARY_PATH=/home/agilex/agilex_ws/install/nav2_util/lib:/home/agilex/agilex_ws/install/nav2_msgs/lib:${LD_LIBRARY_PATH} PYTHONPATH=/home/agilex/agilex_ws/install/nav2_msgs/local/lib/python3.10/dist-packages:/home/agilex/agilex_ws/install/nav2_common/local/lib/python3.10/dist-packages:${PYTHONPATH} /usr/bin/cmake --install /home/agilex/agilex_ws/build/nav2_lifecycle_manager
