[0.133s] Invoking command in '/home/agilex/agilex_ws/build/orbbec_camera_msgs': CMAKE_PREFIX_PATH=${CMAKE_PREFIX_PATH}:/home/agilex/agilex_ws/install/yolov5_ros2:/home/agilex/agilex_ws/install/nav2_simple_commander:/opt/ros/humble /usr/bin/cmake --build /home/agilex/agilex_ws/build/orbbec_camera_msgs -- -j8 -l8
[1.208s] [  0%] Built target orbbec_camera_msgs__cpp
[1.209s] [35m[1mConsolidate compiler generated dependencies of target orbbec_camera_msgs__rosidl_generator_c[0m
[1.209s] [35m[1mConsolidate compiler generated dependencies of target orbbec_camera_msgs__rosidl_typesupport_cpp[0m
[1.209s] [35m[1mConsolidate compiler generated dependencies of target orbbec_camera_msgs__rosidl_typesupport_fastrtps_cpp[0m
[1.209s] [35m[1mConsolidate compiler generated dependencies of target orbbec_camera_msgs__rosidl_typesupport_introspection_cpp[0m
[1.209s] [  1%] Built target ament_cmake_python_copy_orbbec_camera_msgs
[1.209s] [ 16%] Built target orbbec_camera_msgs__rosidl_typesupport_cpp
[1.210s] [ 33%] Built target orbbec_camera_msgs__rosidl_typesupport_fastrtps_cpp
[1.210s] [ 40%] Built target orbbec_camera_msgs__rosidl_generator_c
[1.210s] [ 47%] Built target orbbec_camera_msgs__rosidl_typesupport_introspection_cpp
[1.210s] [35m[1mConsolidate compiler generated dependencies of target orbbec_camera_msgs__rosidl_typesupport_introspection_c[0m
[1.210s] [35m[1mConsolidate compiler generated dependencies of target orbbec_camera_msgs__rosidl_typesupport_c[0m
[1.210s] [35m[1mConsolidate compiler generated dependencies of target orbbec_camera_msgs__rosidl_typesupport_fastrtps_c[0m
[1.210s] [ 61%] Built target orbbec_camera_msgs__rosidl_typesupport_c
[1.210s] [ 71%] Built target orbbec_camera_msgs__rosidl_typesupport_introspection_c
[1.210s] [ 82%] Built target orbbec_camera_msgs__rosidl_typesupport_fastrtps_c
[1.210s] [ 82%] Built target orbbec_camera_msgs
[1.210s] [ 83%] Built target orbbec_camera_msgs__py
[1.211s] running egg_info
[1.211s] writing orbbec_camera_msgs.egg-info/PKG-INFO
[1.211s] writing dependency_links to orbbec_camera_msgs.egg-info/dependency_links.txt
[1.211s] writing top-level names to orbbec_camera_msgs.egg-info/top_level.txt
[1.211s] [35m[1mConsolidate compiler generated dependencies of target orbbec_camera_msgs__rosidl_generator_py[0m
[1.211s] reading manifest file 'orbbec_camera_msgs.egg-info/SOURCES.txt'
[1.211s] writing manifest file 'orbbec_camera_msgs.egg-info/SOURCES.txt'
[1.212s] [ 94%] Built target orbbec_camera_msgs__rosidl_generator_py
[1.212s] [ 94%] Built target ament_cmake_python_build_orbbec_camera_msgs_egg
[1.226s] [35m[1mConsolidate compiler generated dependencies of target orbbec_camera_msgs__rosidl_typesupport_introspection_c__pyext[0m
[1.236s] [35m[1mConsolidate compiler generated dependencies of target orbbec_camera_msgs__rosidl_typesupport_fastrtps_c__pyext[0m
[1.237s] [35m[1mConsolidate compiler generated dependencies of target orbbec_camera_msgs__rosidl_typesupport_c__pyext[0m
[1.245s] [ 96%] Built target orbbec_camera_msgs__rosidl_typesupport_introspection_c__pyext
[1.261s] [ 98%] Built target orbbec_camera_msgs__rosidl_typesupport_fastrtps_c__pyext
[1.268s] [100%] Built target orbbec_camera_msgs__rosidl_typesupport_c__pyext
[1.353s] Invoked command in '/home/agilex/agilex_ws/build/orbbec_camera_msgs' returned '0': CMAKE_PREFIX_PATH=${CMAKE_PREFIX_PATH}:/home/agilex/agilex_ws/install/yolov5_ros2:/home/agilex/agilex_ws/install/nav2_simple_commander:/opt/ros/humble /usr/bin/cmake --build /home/agilex/agilex_ws/build/orbbec_camera_msgs -- -j8 -l8
[1.924s] Invoking command in '/home/agilex/agilex_ws/build/orbbec_camera_msgs': CMAKE_PREFIX_PATH=${CMAKE_PREFIX_PATH}:/home/agilex/agilex_ws/install/yolov5_ros2:/home/agilex/agilex_ws/install/nav2_simple_commander:/opt/ros/humble /usr/bin/cmake --install /home/agilex/agilex_ws/build/orbbec_camera_msgs
[2.003s] -- Install configuration: ""
[2.003s] -- Up-to-date: /home/agilex/agilex_ws/install/orbbec_camera_msgs/share/ament_index/resource_index/rosidl_interfaces/orbbec_camera_msgs
[2.003s] -- Up-to-date: /home/agilex/agilex_ws/install/orbbec_camera_msgs/include/orbbec_camera_msgs/orbbec_camera_msgs
[2.003s] -- Up-to-date: /home/agilex/agilex_ws/install/orbbec_camera_msgs/include/orbbec_camera_msgs/orbbec_camera_msgs/msg
[2.003s] -- Up-to-date: /home/agilex/agilex_ws/install/orbbec_camera_msgs/include/orbbec_camera_msgs/orbbec_camera_msgs/msg/rosidl_generator_c__visibility_control.h
[2.003s] -- Up-to-date: /home/agilex/agilex_ws/install/orbbec_camera_msgs/include/orbbec_camera_msgs/orbbec_camera_msgs/msg/device_info.h
[2.003s] -- Up-to-date: /home/agilex/agilex_ws/install/orbbec_camera_msgs/include/orbbec_camera_msgs/orbbec_camera_msgs/msg/detail
[2.004s] -- Up-to-date: /home/agilex/agilex_ws/install/orbbec_camera_msgs/include/orbbec_camera_msgs/orbbec_camera_msgs/msg/detail/device_info__functions.c
[2.004s] -- Up-to-date: /home/agilex/agilex_ws/install/orbbec_camera_msgs/include/orbbec_camera_msgs/orbbec_camera_msgs/msg/detail/device_info__functions.h
[2.004s] -- Up-to-date: /home/agilex/agilex_ws/install/orbbec_camera_msgs/include/orbbec_camera_msgs/orbbec_camera_msgs/msg/detail/device_info__struct.h
[2.004s] -- Up-to-date: /home/agilex/agilex_ws/install/orbbec_camera_msgs/include/orbbec_camera_msgs/orbbec_camera_msgs/msg/detail/device_info__type_support.h
[2.004s] -- Up-to-date: /home/agilex/agilex_ws/install/orbbec_camera_msgs/include/orbbec_camera_msgs/orbbec_camera_msgs/msg/detail/extrinsics__functions.c
[2.005s] -- Up-to-date: /home/agilex/agilex_ws/install/orbbec_camera_msgs/include/orbbec_camera_msgs/orbbec_camera_msgs/msg/detail/extrinsics__functions.h
[2.005s] -- Up-to-date: /home/agilex/agilex_ws/install/orbbec_camera_msgs/include/orbbec_camera_msgs/orbbec_camera_msgs/msg/detail/extrinsics__struct.h
[2.005s] -- Up-to-date: /home/agilex/agilex_ws/install/orbbec_camera_msgs/include/orbbec_camera_msgs/orbbec_camera_msgs/msg/detail/extrinsics__type_support.h
[2.005s] -- Up-to-date: /home/agilex/agilex_ws/install/orbbec_camera_msgs/include/orbbec_camera_msgs/orbbec_camera_msgs/msg/detail/metadata__functions.c
[2.005s] -- Up-to-date: /home/agilex/agilex_ws/install/orbbec_camera_msgs/include/orbbec_camera_msgs/orbbec_camera_msgs/msg/detail/metadata__functions.h
[2.006s] -- Up-to-date: /home/agilex/agilex_ws/install/orbbec_camera_msgs/include/orbbec_camera_msgs/orbbec_camera_msgs/msg/detail/metadata__struct.h
[2.006s] -- Up-to-date: /home/agilex/agilex_ws/install/orbbec_camera_msgs/include/orbbec_camera_msgs/orbbec_camera_msgs/msg/detail/metadata__type_support.h
[2.006s] -- Up-to-date: /home/agilex/agilex_ws/install/orbbec_camera_msgs/include/orbbec_camera_msgs/orbbec_camera_msgs/msg/extrinsics.h
[2.006s] -- Up-to-date: /home/agilex/agilex_ws/install/orbbec_camera_msgs/include/orbbec_camera_msgs/orbbec_camera_msgs/msg/metadata.h
[2.006s] -- Up-to-date: /home/agilex/agilex_ws/install/orbbec_camera_msgs/include/orbbec_camera_msgs/orbbec_camera_msgs/srv
[2.007s] -- Up-to-date: /home/agilex/agilex_ws/install/orbbec_camera_msgs/include/orbbec_camera_msgs/orbbec_camera_msgs/srv/get_bool.h
[2.007s] -- Up-to-date: /home/agilex/agilex_ws/install/orbbec_camera_msgs/include/orbbec_camera_msgs/orbbec_camera_msgs/srv/detail
[2.007s] -- Up-to-date: /home/agilex/agilex_ws/install/orbbec_camera_msgs/include/orbbec_camera_msgs/orbbec_camera_msgs/srv/detail/get_bool__functions.c
[2.008s] -- Up-to-date: /home/agilex/agilex_ws/install/orbbec_camera_msgs/include/orbbec_camera_msgs/orbbec_camera_msgs/srv/detail/get_bool__functions.h
[2.008s] -- Up-to-date: /home/agilex/agilex_ws/install/orbbec_camera_msgs/include/orbbec_camera_msgs/orbbec_camera_msgs/srv/detail/get_bool__struct.h
[2.008s] -- Up-to-date: /home/agilex/agilex_ws/install/orbbec_camera_msgs/include/orbbec_camera_msgs/orbbec_camera_msgs/srv/detail/get_bool__type_support.h
[2.008s] -- Up-to-date: /home/agilex/agilex_ws/install/orbbec_camera_msgs/include/orbbec_camera_msgs/orbbec_camera_msgs/srv/detail/get_device_info__functions.c
[2.008s] -- Up-to-date: /home/agilex/agilex_ws/install/orbbec_camera_msgs/include/orbbec_camera_msgs/orbbec_camera_msgs/srv/detail/get_device_info__functions.h
[2.009s] -- Up-to-date: /home/agilex/agilex_ws/install/orbbec_camera_msgs/include/orbbec_camera_msgs/orbbec_camera_msgs/srv/detail/get_device_info__struct.h
[2.009s] -- Up-to-date: /home/agilex/agilex_ws/install/orbbec_camera_msgs/include/orbbec_camera_msgs/orbbec_camera_msgs/srv/detail/get_device_info__type_support.h
[2.009s] -- Up-to-date: /home/agilex/agilex_ws/install/orbbec_camera_msgs/include/orbbec_camera_msgs/orbbec_camera_msgs/srv/detail/get_camera_info__functions.c
[2.009s] -- Up-to-date: /home/agilex/agilex_ws/install/orbbec_camera_msgs/include/orbbec_camera_msgs/orbbec_camera_msgs/srv/detail/get_camera_info__functions.h
[2.009s] -- Up-to-date: /home/agilex/agilex_ws/install/orbbec_camera_msgs/include/orbbec_camera_msgs/orbbec_camera_msgs/srv/detail/get_camera_info__struct.h
[2.009s] -- Up-to-date: /home/agilex/agilex_ws/install/orbbec_camera_msgs/include/orbbec_camera_msgs/orbbec_camera_msgs/srv/detail/get_camera_info__type_support.h
[2.010s] -- Up-to-date: /home/agilex/agilex_ws/install/orbbec_camera_msgs/include/orbbec_camera_msgs/orbbec_camera_msgs/srv/detail/get_int32__functions.c
[2.010s] -- Up-to-date: /home/agilex/agilex_ws/install/orbbec_camera_msgs/include/orbbec_camera_msgs/orbbec_camera_msgs/srv/detail/get_int32__functions.h
[2.010s] -- Up-to-date: /home/agilex/agilex_ws/install/orbbec_camera_msgs/include/orbbec_camera_msgs/orbbec_camera_msgs/srv/detail/get_int32__struct.h
[2.010s] -- Up-to-date: /home/agilex/agilex_ws/install/orbbec_camera_msgs/include/orbbec_camera_msgs/orbbec_camera_msgs/srv/detail/get_int32__type_support.h
[2.011s] -- Up-to-date: /home/agilex/agilex_ws/install/orbbec_camera_msgs/include/orbbec_camera_msgs/orbbec_camera_msgs/srv/detail/get_string__functions.c
[2.011s] -- Up-to-date: /home/agilex/agilex_ws/install/orbbec_camera_msgs/include/orbbec_camera_msgs/orbbec_camera_msgs/srv/detail/get_string__functions.h
[2.011s] -- Up-to-date: /home/agilex/agilex_ws/install/orbbec_camera_msgs/include/orbbec_camera_msgs/orbbec_camera_msgs/srv/detail/get_string__struct.h
[2.011s] -- Up-to-date: /home/agilex/agilex_ws/install/orbbec_camera_msgs/include/orbbec_camera_msgs/orbbec_camera_msgs/srv/detail/get_string__type_support.h
[2.011s] -- Up-to-date: /home/agilex/agilex_ws/install/orbbec_camera_msgs/include/orbbec_camera_msgs/orbbec_camera_msgs/srv/detail/set_int32__functions.c
[2.012s] -- Up-to-date: /home/agilex/agilex_ws/install/orbbec_camera_msgs/include/orbbec_camera_msgs/orbbec_camera_msgs/srv/detail/set_int32__functions.h
[2.012s] -- Up-to-date: /home/agilex/agilex_ws/install/orbbec_camera_msgs/include/orbbec_camera_msgs/orbbec_camera_msgs/srv/detail/set_int32__struct.h
[2.012s] -- Up-to-date: /home/agilex/agilex_ws/install/orbbec_camera_msgs/include/orbbec_camera_msgs/orbbec_camera_msgs/srv/detail/set_int32__type_support.h
[2.012s] -- Up-to-date: /home/agilex/agilex_ws/install/orbbec_camera_msgs/include/orbbec_camera_msgs/orbbec_camera_msgs/srv/detail/set_string__functions.c
[2.012s] -- Up-to-date: /home/agilex/agilex_ws/install/orbbec_camera_msgs/include/orbbec_camera_msgs/orbbec_camera_msgs/srv/detail/set_string__functions.h
[2.012s] -- Up-to-date: /home/agilex/agilex_ws/install/orbbec_camera_msgs/include/orbbec_camera_msgs/orbbec_camera_msgs/srv/detail/set_string__struct.h
[2.012s] -- Up-to-date: /home/agilex/agilex_ws/install/orbbec_camera_msgs/include/orbbec_camera_msgs/orbbec_camera_msgs/srv/detail/set_string__type_support.h
[2.012s] -- Up-to-date: /home/agilex/agilex_ws/install/orbbec_camera_msgs/include/orbbec_camera_msgs/orbbec_camera_msgs/srv/get_device_info.h
[2.012s] -- Up-to-date: /home/agilex/agilex_ws/install/orbbec_camera_msgs/include/orbbec_camera_msgs/orbbec_camera_msgs/srv/get_camera_info.h
[2.012s] -- Up-to-date: /home/agilex/agilex_ws/install/orbbec_camera_msgs/include/orbbec_camera_msgs/orbbec_camera_msgs/srv/get_int32.h
[2.013s] -- Up-to-date: /home/agilex/agilex_ws/install/orbbec_camera_msgs/include/orbbec_camera_msgs/orbbec_camera_msgs/srv/get_string.h
[2.013s] -- Up-to-date: /home/agilex/agilex_ws/install/orbbec_camera_msgs/include/orbbec_camera_msgs/orbbec_camera_msgs/srv/set_int32.h
[2.013s] -- Up-to-date: /home/agilex/agilex_ws/install/orbbec_camera_msgs/include/orbbec_camera_msgs/orbbec_camera_msgs/srv/set_string.h
[2.013s] -- Up-to-date: /home/agilex/agilex_ws/install/orbbec_camera_msgs/share/orbbec_camera_msgs/environment/library_path.sh
[2.013s] -- Up-to-date: /home/agilex/agilex_ws/install/orbbec_camera_msgs/share/orbbec_camera_msgs/environment/library_path.dsv
[2.013s] -- Up-to-date: /home/agilex/agilex_ws/install/orbbec_camera_msgs/lib/liborbbec_camera_msgs__rosidl_generator_c.so
[2.013s] -- Up-to-date: /home/agilex/agilex_ws/install/orbbec_camera_msgs/include/orbbec_camera_msgs/orbbec_camera_msgs
[2.013s] -- Up-to-date: /home/agilex/agilex_ws/install/orbbec_camera_msgs/include/orbbec_camera_msgs/orbbec_camera_msgs/msg
[2.013s] -- Up-to-date: /home/agilex/agilex_ws/install/orbbec_camera_msgs/include/orbbec_camera_msgs/orbbec_camera_msgs/msg/rosidl_typesupport_fastrtps_c__visibility_control.h
[2.013s] -- Up-to-date: /home/agilex/agilex_ws/install/orbbec_camera_msgs/include/orbbec_camera_msgs/orbbec_camera_msgs/msg/detail
[2.013s] -- Up-to-date: /home/agilex/agilex_ws/install/orbbec_camera_msgs/include/orbbec_camera_msgs/orbbec_camera_msgs/msg/detail/device_info__rosidl_typesupport_fastrtps_c.h
[2.014s] -- Up-to-date: /home/agilex/agilex_ws/install/orbbec_camera_msgs/include/orbbec_camera_msgs/orbbec_camera_msgs/msg/detail/extrinsics__rosidl_typesupport_fastrtps_c.h
[2.014s] -- Up-to-date: /home/agilex/agilex_ws/install/orbbec_camera_msgs/include/orbbec_camera_msgs/orbbec_camera_msgs/msg/detail/metadata__rosidl_typesupport_fastrtps_c.h
[2.014s] -- Up-to-date: /home/agilex/agilex_ws/install/orbbec_camera_msgs/include/orbbec_camera_msgs/orbbec_camera_msgs/srv
[2.014s] -- Up-to-date: /home/agilex/agilex_ws/install/orbbec_camera_msgs/include/orbbec_camera_msgs/orbbec_camera_msgs/srv/detail
[2.014s] -- Up-to-date: /home/agilex/agilex_ws/install/orbbec_camera_msgs/include/orbbec_camera_msgs/orbbec_camera_msgs/srv/detail/get_bool__rosidl_typesupport_fastrtps_c.h
[2.014s] -- Up-to-date: /home/agilex/agilex_ws/install/orbbec_camera_msgs/include/orbbec_camera_msgs/orbbec_camera_msgs/srv/detail/get_device_info__rosidl_typesupport_fastrtps_c.h
[2.014s] -- Up-to-date: /home/agilex/agilex_ws/install/orbbec_camera_msgs/include/orbbec_camera_msgs/orbbec_camera_msgs/srv/detail/get_camera_info__rosidl_typesupport_fastrtps_c.h
[2.014s] -- Up-to-date: /home/agilex/agilex_ws/install/orbbec_camera_msgs/include/orbbec_camera_msgs/orbbec_camera_msgs/srv/detail/get_int32__rosidl_typesupport_fastrtps_c.h
[2.014s] -- Up-to-date: /home/agilex/agilex_ws/install/orbbec_camera_msgs/include/orbbec_camera_msgs/orbbec_camera_msgs/srv/detail/get_string__rosidl_typesupport_fastrtps_c.h
[2.014s] -- Up-to-date: /home/agilex/agilex_ws/install/orbbec_camera_msgs/include/orbbec_camera_msgs/orbbec_camera_msgs/srv/detail/set_int32__rosidl_typesupport_fastrtps_c.h
[2.014s] -- Up-to-date: /home/agilex/agilex_ws/install/orbbec_camera_msgs/include/orbbec_camera_msgs/orbbec_camera_msgs/srv/detail/set_string__rosidl_typesupport_fastrtps_c.h
[2.014s] -- Up-to-date: /home/agilex/agilex_ws/install/orbbec_camera_msgs/lib/liborbbec_camera_msgs__rosidl_typesupport_fastrtps_c.so
[2.014s] -- Up-to-date: /home/agilex/agilex_ws/install/orbbec_camera_msgs/include/orbbec_camera_msgs/orbbec_camera_msgs
[2.014s] -- Up-to-date: /home/agilex/agilex_ws/install/orbbec_camera_msgs/include/orbbec_camera_msgs/orbbec_camera_msgs/msg
[2.015s] -- Up-to-date: /home/agilex/agilex_ws/install/orbbec_camera_msgs/include/orbbec_camera_msgs/orbbec_camera_msgs/msg/rosidl_typesupport_introspection_c__visibility_control.h
[2.015s] -- Up-to-date: /home/agilex/agilex_ws/install/orbbec_camera_msgs/include/orbbec_camera_msgs/orbbec_camera_msgs/msg/detail
[2.015s] -- Up-to-date: /home/agilex/agilex_ws/install/orbbec_camera_msgs/include/orbbec_camera_msgs/orbbec_camera_msgs/msg/detail/device_info__rosidl_typesupport_introspection_c.h
[2.015s] -- Up-to-date: /home/agilex/agilex_ws/install/orbbec_camera_msgs/include/orbbec_camera_msgs/orbbec_camera_msgs/msg/detail/device_info__type_support.c
[2.015s] -- Up-to-date: /home/agilex/agilex_ws/install/orbbec_camera_msgs/include/orbbec_camera_msgs/orbbec_camera_msgs/msg/detail/extrinsics__rosidl_typesupport_introspection_c.h
[2.015s] -- Up-to-date: /home/agilex/agilex_ws/install/orbbec_camera_msgs/include/orbbec_camera_msgs/orbbec_camera_msgs/msg/detail/extrinsics__type_support.c
[2.015s] -- Up-to-date: /home/agilex/agilex_ws/install/orbbec_camera_msgs/include/orbbec_camera_msgs/orbbec_camera_msgs/msg/detail/metadata__rosidl_typesupport_introspection_c.h
[2.015s] -- Up-to-date: /home/agilex/agilex_ws/install/orbbec_camera_msgs/include/orbbec_camera_msgs/orbbec_camera_msgs/msg/detail/metadata__type_support.c
[2.015s] -- Up-to-date: /home/agilex/agilex_ws/install/orbbec_camera_msgs/include/orbbec_camera_msgs/orbbec_camera_msgs/srv
[2.015s] -- Up-to-date: /home/agilex/agilex_ws/install/orbbec_camera_msgs/include/orbbec_camera_msgs/orbbec_camera_msgs/srv/detail
[2.015s] -- Up-to-date: /home/agilex/agilex_ws/install/orbbec_camera_msgs/include/orbbec_camera_msgs/orbbec_camera_msgs/srv/detail/get_bool__rosidl_typesupport_introspection_c.h
[2.015s] -- Up-to-date: /home/agilex/agilex_ws/install/orbbec_camera_msgs/include/orbbec_camera_msgs/orbbec_camera_msgs/srv/detail/get_bool__type_support.c
[2.015s] -- Up-to-date: /home/agilex/agilex_ws/install/orbbec_camera_msgs/include/orbbec_camera_msgs/orbbec_camera_msgs/srv/detail/get_device_info__rosidl_typesupport_introspection_c.h
[2.015s] -- Up-to-date: /home/agilex/agilex_ws/install/orbbec_camera_msgs/include/orbbec_camera_msgs/orbbec_camera_msgs/srv/detail/get_device_info__type_support.c
[2.015s] -- Up-to-date: /home/agilex/agilex_ws/install/orbbec_camera_msgs/include/orbbec_camera_msgs/orbbec_camera_msgs/srv/detail/get_camera_info__rosidl_typesupport_introspection_c.h
[2.016s] -- Up-to-date: /home/agilex/agilex_ws/install/orbbec_camera_msgs/include/orbbec_camera_msgs/orbbec_camera_msgs/srv/detail/get_camera_info__type_support.c
[2.016s] -- Up-to-date: /home/agilex/agilex_ws/install/orbbec_camera_msgs/include/orbbec_camera_msgs/orbbec_camera_msgs/srv/detail/get_int32__rosidl_typesupport_introspection_c.h
[2.016s] -- Up-to-date: /home/agilex/agilex_ws/install/orbbec_camera_msgs/include/orbbec_camera_msgs/orbbec_camera_msgs/srv/detail/get_int32__type_support.c
[2.016s] -- Up-to-date: /home/agilex/agilex_ws/install/orbbec_camera_msgs/include/orbbec_camera_msgs/orbbec_camera_msgs/srv/detail/get_string__rosidl_typesupport_introspection_c.h
[2.016s] -- Up-to-date: /home/agilex/agilex_ws/install/orbbec_camera_msgs/include/orbbec_camera_msgs/orbbec_camera_msgs/srv/detail/get_string__type_support.c
[2.016s] -- Up-to-date: /home/agilex/agilex_ws/install/orbbec_camera_msgs/include/orbbec_camera_msgs/orbbec_camera_msgs/srv/detail/set_int32__rosidl_typesupport_introspection_c.h
[2.016s] -- Up-to-date: /home/agilex/agilex_ws/install/orbbec_camera_msgs/include/orbbec_camera_msgs/orbbec_camera_msgs/srv/detail/set_int32__type_support.c
[2.016s] -- Up-to-date: /home/agilex/agilex_ws/install/orbbec_camera_msgs/include/orbbec_camera_msgs/orbbec_camera_msgs/srv/detail/set_string__rosidl_typesupport_introspection_c.h
[2.016s] -- Up-to-date: /home/agilex/agilex_ws/install/orbbec_camera_msgs/include/orbbec_camera_msgs/orbbec_camera_msgs/srv/detail/set_string__type_support.c
[2.016s] -- Up-to-date: /home/agilex/agilex_ws/install/orbbec_camera_msgs/lib/liborbbec_camera_msgs__rosidl_typesupport_introspection_c.so
[2.016s] -- Up-to-date: /home/agilex/agilex_ws/install/orbbec_camera_msgs/lib/liborbbec_camera_msgs__rosidl_typesupport_c.so
[2.016s] -- Up-to-date: /home/agilex/agilex_ws/install/orbbec_camera_msgs/include/orbbec_camera_msgs/orbbec_camera_msgs
[2.016s] -- Up-to-date: /home/agilex/agilex_ws/install/orbbec_camera_msgs/include/orbbec_camera_msgs/orbbec_camera_msgs/msg
[2.016s] -- Up-to-date: /home/agilex/agilex_ws/install/orbbec_camera_msgs/include/orbbec_camera_msgs/orbbec_camera_msgs/msg/device_info.hpp
[2.017s] -- Up-to-date: /home/agilex/agilex_ws/install/orbbec_camera_msgs/include/orbbec_camera_msgs/orbbec_camera_msgs/msg/detail
[2.017s] -- Up-to-date: /home/agilex/agilex_ws/install/orbbec_camera_msgs/include/orbbec_camera_msgs/orbbec_camera_msgs/msg/detail/device_info__builder.hpp
[2.017s] -- Up-to-date: /home/agilex/agilex_ws/install/orbbec_camera_msgs/include/orbbec_camera_msgs/orbbec_camera_msgs/msg/detail/device_info__struct.hpp
[2.017s] -- Up-to-date: /home/agilex/agilex_ws/install/orbbec_camera_msgs/include/orbbec_camera_msgs/orbbec_camera_msgs/msg/detail/device_info__traits.hpp
[2.017s] -- Up-to-date: /home/agilex/agilex_ws/install/orbbec_camera_msgs/include/orbbec_camera_msgs/orbbec_camera_msgs/msg/detail/extrinsics__builder.hpp
[2.017s] -- Up-to-date: /home/agilex/agilex_ws/install/orbbec_camera_msgs/include/orbbec_camera_msgs/orbbec_camera_msgs/msg/detail/extrinsics__struct.hpp
[2.017s] -- Up-to-date: /home/agilex/agilex_ws/install/orbbec_camera_msgs/include/orbbec_camera_msgs/orbbec_camera_msgs/msg/detail/extrinsics__traits.hpp
[2.017s] -- Up-to-date: /home/agilex/agilex_ws/install/orbbec_camera_msgs/include/orbbec_camera_msgs/orbbec_camera_msgs/msg/detail/metadata__builder.hpp
[2.017s] -- Up-to-date: /home/agilex/agilex_ws/install/orbbec_camera_msgs/include/orbbec_camera_msgs/orbbec_camera_msgs/msg/detail/metadata__struct.hpp
[2.017s] -- Up-to-date: /home/agilex/agilex_ws/install/orbbec_camera_msgs/include/orbbec_camera_msgs/orbbec_camera_msgs/msg/detail/metadata__traits.hpp
[2.017s] -- Up-to-date: /home/agilex/agilex_ws/install/orbbec_camera_msgs/include/orbbec_camera_msgs/orbbec_camera_msgs/msg/extrinsics.hpp
[2.017s] -- Up-to-date: /home/agilex/agilex_ws/install/orbbec_camera_msgs/include/orbbec_camera_msgs/orbbec_camera_msgs/msg/metadata.hpp
[2.017s] -- Up-to-date: /home/agilex/agilex_ws/install/orbbec_camera_msgs/include/orbbec_camera_msgs/orbbec_camera_msgs/srv
[2.017s] -- Up-to-date: /home/agilex/agilex_ws/install/orbbec_camera_msgs/include/orbbec_camera_msgs/orbbec_camera_msgs/srv/get_bool.hpp
[2.018s] -- Up-to-date: /home/agilex/agilex_ws/install/orbbec_camera_msgs/include/orbbec_camera_msgs/orbbec_camera_msgs/srv/detail
[2.018s] -- Up-to-date: /home/agilex/agilex_ws/install/orbbec_camera_msgs/include/orbbec_camera_msgs/orbbec_camera_msgs/srv/detail/get_bool__builder.hpp
[2.018s] -- Up-to-date: /home/agilex/agilex_ws/install/orbbec_camera_msgs/include/orbbec_camera_msgs/orbbec_camera_msgs/srv/detail/get_bool__struct.hpp
[2.018s] -- Up-to-date: /home/agilex/agilex_ws/install/orbbec_camera_msgs/include/orbbec_camera_msgs/orbbec_camera_msgs/srv/detail/get_bool__traits.hpp
[2.018s] -- Up-to-date: /home/agilex/agilex_ws/install/orbbec_camera_msgs/include/orbbec_camera_msgs/orbbec_camera_msgs/srv/detail/get_device_info__builder.hpp
[2.018s] -- Up-to-date: /home/agilex/agilex_ws/install/orbbec_camera_msgs/include/orbbec_camera_msgs/orbbec_camera_msgs/srv/detail/get_device_info__struct.hpp
[2.018s] -- Up-to-date: /home/agilex/agilex_ws/install/orbbec_camera_msgs/include/orbbec_camera_msgs/orbbec_camera_msgs/srv/detail/get_device_info__traits.hpp
[2.018s] -- Up-to-date: /home/agilex/agilex_ws/install/orbbec_camera_msgs/include/orbbec_camera_msgs/orbbec_camera_msgs/srv/detail/get_camera_info__builder.hpp
[2.018s] -- Up-to-date: /home/agilex/agilex_ws/install/orbbec_camera_msgs/include/orbbec_camera_msgs/orbbec_camera_msgs/srv/detail/get_camera_info__struct.hpp
[2.018s] -- Up-to-date: /home/agilex/agilex_ws/install/orbbec_camera_msgs/include/orbbec_camera_msgs/orbbec_camera_msgs/srv/detail/get_camera_info__traits.hpp
[2.018s] -- Up-to-date: /home/agilex/agilex_ws/install/orbbec_camera_msgs/include/orbbec_camera_msgs/orbbec_camera_msgs/srv/detail/get_int32__builder.hpp
[2.018s] -- Up-to-date: /home/agilex/agilex_ws/install/orbbec_camera_msgs/include/orbbec_camera_msgs/orbbec_camera_msgs/srv/detail/get_int32__struct.hpp
[2.018s] -- Up-to-date: /home/agilex/agilex_ws/install/orbbec_camera_msgs/include/orbbec_camera_msgs/orbbec_camera_msgs/srv/detail/get_int32__traits.hpp
[2.018s] -- Up-to-date: /home/agilex/agilex_ws/install/orbbec_camera_msgs/include/orbbec_camera_msgs/orbbec_camera_msgs/srv/detail/get_string__builder.hpp
[2.019s] -- Up-to-date: /home/agilex/agilex_ws/install/orbbec_camera_msgs/include/orbbec_camera_msgs/orbbec_camera_msgs/srv/detail/get_string__struct.hpp
[2.019s] -- Up-to-date: /home/agilex/agilex_ws/install/orbbec_camera_msgs/include/orbbec_camera_msgs/orbbec_camera_msgs/srv/detail/get_string__traits.hpp
[2.019s] -- Up-to-date: /home/agilex/agilex_ws/install/orbbec_camera_msgs/include/orbbec_camera_msgs/orbbec_camera_msgs/srv/detail/set_int32__builder.hpp
[2.019s] -- Up-to-date: /home/agilex/agilex_ws/install/orbbec_camera_msgs/include/orbbec_camera_msgs/orbbec_camera_msgs/srv/detail/set_int32__struct.hpp
[2.019s] -- Up-to-date: /home/agilex/agilex_ws/install/orbbec_camera_msgs/include/orbbec_camera_msgs/orbbec_camera_msgs/srv/detail/set_int32__traits.hpp
[2.019s] -- Up-to-date: /home/agilex/agilex_ws/install/orbbec_camera_msgs/include/orbbec_camera_msgs/orbbec_camera_msgs/srv/detail/set_string__builder.hpp
[2.019s] -- Up-to-date: /home/agilex/agilex_ws/install/orbbec_camera_msgs/include/orbbec_camera_msgs/orbbec_camera_msgs/srv/detail/set_string__struct.hpp
[2.019s] -- Up-to-date: /home/agilex/agilex_ws/install/orbbec_camera_msgs/include/orbbec_camera_msgs/orbbec_camera_msgs/srv/detail/set_string__traits.hpp
[2.019s] -- Up-to-date: /home/agilex/agilex_ws/install/orbbec_camera_msgs/include/orbbec_camera_msgs/orbbec_camera_msgs/srv/get_device_info.hpp
[2.019s] -- Up-to-date: /home/agilex/agilex_ws/install/orbbec_camera_msgs/include/orbbec_camera_msgs/orbbec_camera_msgs/srv/get_camera_info.hpp
[2.019s] -- Up-to-date: /home/agilex/agilex_ws/install/orbbec_camera_msgs/include/orbbec_camera_msgs/orbbec_camera_msgs/srv/get_int32.hpp
[2.019s] -- Up-to-date: /home/agilex/agilex_ws/install/orbbec_camera_msgs/include/orbbec_camera_msgs/orbbec_camera_msgs/srv/get_string.hpp
[2.020s] -- Up-to-date: /home/agilex/agilex_ws/install/orbbec_camera_msgs/include/orbbec_camera_msgs/orbbec_camera_msgs/srv/set_int32.hpp
[2.020s] -- Up-to-date: /home/agilex/agilex_ws/install/orbbec_camera_msgs/include/orbbec_camera_msgs/orbbec_camera_msgs/srv/set_string.hpp
[2.020s] -- Up-to-date: /home/agilex/agilex_ws/install/orbbec_camera_msgs/include/orbbec_camera_msgs/orbbec_camera_msgs
[2.020s] -- Up-to-date: /home/agilex/agilex_ws/install/orbbec_camera_msgs/include/orbbec_camera_msgs/orbbec_camera_msgs/msg
[2.020s] -- Up-to-date: /home/agilex/agilex_ws/install/orbbec_camera_msgs/include/orbbec_camera_msgs/orbbec_camera_msgs/msg/rosidl_typesupport_fastrtps_cpp__visibility_control.h
[2.020s] -- Up-to-date: /home/agilex/agilex_ws/install/orbbec_camera_msgs/include/orbbec_camera_msgs/orbbec_camera_msgs/msg/detail
[2.020s] -- Up-to-date: /home/agilex/agilex_ws/install/orbbec_camera_msgs/include/orbbec_camera_msgs/orbbec_camera_msgs/msg/detail/device_info__rosidl_typesupport_fastrtps_cpp.hpp
[2.020s] -- Up-to-date: /home/agilex/agilex_ws/install/orbbec_camera_msgs/include/orbbec_camera_msgs/orbbec_camera_msgs/msg/detail/dds_fastrtps
[2.020s] -- Up-to-date: /home/agilex/agilex_ws/install/orbbec_camera_msgs/include/orbbec_camera_msgs/orbbec_camera_msgs/msg/detail/extrinsics__rosidl_typesupport_fastrtps_cpp.hpp
[2.020s] -- Up-to-date: /home/agilex/agilex_ws/install/orbbec_camera_msgs/include/orbbec_camera_msgs/orbbec_camera_msgs/msg/detail/metadata__rosidl_typesupport_fastrtps_cpp.hpp
[2.020s] -- Up-to-date: /home/agilex/agilex_ws/install/orbbec_camera_msgs/include/orbbec_camera_msgs/orbbec_camera_msgs/srv
[2.020s] -- Up-to-date: /home/agilex/agilex_ws/install/orbbec_camera_msgs/include/orbbec_camera_msgs/orbbec_camera_msgs/srv/detail
[2.021s] -- Up-to-date: /home/agilex/agilex_ws/install/orbbec_camera_msgs/include/orbbec_camera_msgs/orbbec_camera_msgs/srv/detail/get_bool__rosidl_typesupport_fastrtps_cpp.hpp
[2.021s] -- Up-to-date: /home/agilex/agilex_ws/install/orbbec_camera_msgs/include/orbbec_camera_msgs/orbbec_camera_msgs/srv/detail/dds_fastrtps
[2.021s] -- Up-to-date: /home/agilex/agilex_ws/install/orbbec_camera_msgs/include/orbbec_camera_msgs/orbbec_camera_msgs/srv/detail/get_device_info__rosidl_typesupport_fastrtps_cpp.hpp
[2.021s] -- Up-to-date: /home/agilex/agilex_ws/install/orbbec_camera_msgs/include/orbbec_camera_msgs/orbbec_camera_msgs/srv/detail/get_camera_info__rosidl_typesupport_fastrtps_cpp.hpp
[2.021s] -- Up-to-date: /home/agilex/agilex_ws/install/orbbec_camera_msgs/include/orbbec_camera_msgs/orbbec_camera_msgs/srv/detail/get_int32__rosidl_typesupport_fastrtps_cpp.hpp
[2.021s] -- Up-to-date: /home/agilex/agilex_ws/install/orbbec_camera_msgs/include/orbbec_camera_msgs/orbbec_camera_msgs/srv/detail/get_string__rosidl_typesupport_fastrtps_cpp.hpp
[2.021s] -- Up-to-date: /home/agilex/agilex_ws/install/orbbec_camera_msgs/include/orbbec_camera_msgs/orbbec_camera_msgs/srv/detail/set_int32__rosidl_typesupport_fastrtps_cpp.hpp
[2.021s] -- Up-to-date: /home/agilex/agilex_ws/install/orbbec_camera_msgs/include/orbbec_camera_msgs/orbbec_camera_msgs/srv/detail/set_string__rosidl_typesupport_fastrtps_cpp.hpp
[2.021s] -- Up-to-date: /home/agilex/agilex_ws/install/orbbec_camera_msgs/lib/liborbbec_camera_msgs__rosidl_typesupport_fastrtps_cpp.so
[2.022s] -- Up-to-date: /home/agilex/agilex_ws/install/orbbec_camera_msgs/include/orbbec_camera_msgs/orbbec_camera_msgs
[2.022s] -- Up-to-date: /home/agilex/agilex_ws/install/orbbec_camera_msgs/include/orbbec_camera_msgs/orbbec_camera_msgs/msg
[2.022s] -- Up-to-date: /home/agilex/agilex_ws/install/orbbec_camera_msgs/include/orbbec_camera_msgs/orbbec_camera_msgs/msg/detail
[2.022s] -- Up-to-date: /home/agilex/agilex_ws/install/orbbec_camera_msgs/include/orbbec_camera_msgs/orbbec_camera_msgs/msg/detail/device_info__rosidl_typesupport_introspection_cpp.hpp
[2.022s] -- Up-to-date: /home/agilex/agilex_ws/install/orbbec_camera_msgs/include/orbbec_camera_msgs/orbbec_camera_msgs/msg/detail/device_info__type_support.cpp
[2.022s] -- Up-to-date: /home/agilex/agilex_ws/install/orbbec_camera_msgs/include/orbbec_camera_msgs/orbbec_camera_msgs/msg/detail/extrinsics__rosidl_typesupport_introspection_cpp.hpp
[2.022s] -- Up-to-date: /home/agilex/agilex_ws/install/orbbec_camera_msgs/include/orbbec_camera_msgs/orbbec_camera_msgs/msg/detail/extrinsics__type_support.cpp
[2.022s] -- Up-to-date: /home/agilex/agilex_ws/install/orbbec_camera_msgs/include/orbbec_camera_msgs/orbbec_camera_msgs/msg/detail/metadata__rosidl_typesupport_introspection_cpp.hpp
[2.022s] -- Up-to-date: /home/agilex/agilex_ws/install/orbbec_camera_msgs/include/orbbec_camera_msgs/orbbec_camera_msgs/msg/detail/metadata__type_support.cpp
[2.022s] -- Up-to-date: /home/agilex/agilex_ws/install/orbbec_camera_msgs/include/orbbec_camera_msgs/orbbec_camera_msgs/srv
[2.022s] -- Up-to-date: /home/agilex/agilex_ws/install/orbbec_camera_msgs/include/orbbec_camera_msgs/orbbec_camera_msgs/srv/detail
[2.023s] -- Up-to-date: /home/agilex/agilex_ws/install/orbbec_camera_msgs/include/orbbec_camera_msgs/orbbec_camera_msgs/srv/detail/get_bool__rosidl_typesupport_introspection_cpp.hpp
[2.023s] -- Up-to-date: /home/agilex/agilex_ws/install/orbbec_camera_msgs/include/orbbec_camera_msgs/orbbec_camera_msgs/srv/detail/get_bool__type_support.cpp
[2.023s] -- Up-to-date: /home/agilex/agilex_ws/install/orbbec_camera_msgs/include/orbbec_camera_msgs/orbbec_camera_msgs/srv/detail/get_device_info__rosidl_typesupport_introspection_cpp.hpp
[2.023s] -- Up-to-date: /home/agilex/agilex_ws/install/orbbec_camera_msgs/include/orbbec_camera_msgs/orbbec_camera_msgs/srv/detail/get_device_info__type_support.cpp
[2.023s] -- Up-to-date: /home/agilex/agilex_ws/install/orbbec_camera_msgs/include/orbbec_camera_msgs/orbbec_camera_msgs/srv/detail/get_camera_info__rosidl_typesupport_introspection_cpp.hpp
[2.023s] -- Up-to-date: /home/agilex/agilex_ws/install/orbbec_camera_msgs/include/orbbec_camera_msgs/orbbec_camera_msgs/srv/detail/get_camera_info__type_support.cpp
[2.023s] -- Up-to-date: /home/agilex/agilex_ws/install/orbbec_camera_msgs/include/orbbec_camera_msgs/orbbec_camera_msgs/srv/detail/get_int32__rosidl_typesupport_introspection_cpp.hpp
[2.023s] -- Up-to-date: /home/agilex/agilex_ws/install/orbbec_camera_msgs/include/orbbec_camera_msgs/orbbec_camera_msgs/srv/detail/get_int32__type_support.cpp
[2.023s] -- Up-to-date: /home/agilex/agilex_ws/install/orbbec_camera_msgs/include/orbbec_camera_msgs/orbbec_camera_msgs/srv/detail/get_string__rosidl_typesupport_introspection_cpp.hpp
[2.025s] -- Up-to-date: /home/agilex/agilex_ws/install/orbbec_camera_msgs/include/orbbec_camera_msgs/orbbec_camera_msgs/srv/detail/get_string__type_support.cpp
[2.025s] -- Up-to-date: /home/agilex/agilex_ws/install/orbbec_camera_msgs/include/orbbec_camera_msgs/orbbec_camera_msgs/srv/detail/set_int32__rosidl_typesupport_introspection_cpp.hpp
[2.025s] -- Up-to-date: /home/agilex/agilex_ws/install/orbbec_camera_msgs/include/orbbec_camera_msgs/orbbec_camera_msgs/srv/detail/set_int32__type_support.cpp
[2.025s] -- Up-to-date: /home/agilex/agilex_ws/install/orbbec_camera_msgs/include/orbbec_camera_msgs/orbbec_camera_msgs/srv/detail/set_string__rosidl_typesupport_introspection_cpp.hpp
[2.025s] -- Up-to-date: /home/agilex/agilex_ws/install/orbbec_camera_msgs/include/orbbec_camera_msgs/orbbec_camera_msgs/srv/detail/set_string__type_support.cpp
[2.026s] -- Up-to-date: /home/agilex/agilex_ws/install/orbbec_camera_msgs/lib/liborbbec_camera_msgs__rosidl_typesupport_introspection_cpp.so
[2.026s] -- Up-to-date: /home/agilex/agilex_ws/install/orbbec_camera_msgs/lib/liborbbec_camera_msgs__rosidl_typesupport_cpp.so
[2.026s] -- Up-to-date: /home/agilex/agilex_ws/install/orbbec_camera_msgs/share/orbbec_camera_msgs/environment/pythonpath.sh
[2.026s] -- Up-to-date: /home/agilex/agilex_ws/install/orbbec_camera_msgs/share/orbbec_camera_msgs/environment/pythonpath.dsv
[2.027s] -- Up-to-date: /home/agilex/agilex_ws/install/orbbec_camera_msgs/local/lib/python3.10/dist-packages/orbbec_camera_msgs-1.2.2-py3.10.egg-info
[2.027s] -- Installing: /home/agilex/agilex_ws/install/orbbec_camera_msgs/local/lib/python3.10/dist-packages/orbbec_camera_msgs-1.2.2-py3.10.egg-info/PKG-INFO
[2.027s] -- Installing: /home/agilex/agilex_ws/install/orbbec_camera_msgs/local/lib/python3.10/dist-packages/orbbec_camera_msgs-1.2.2-py3.10.egg-info/dependency_links.txt
[2.027s] -- Installing: /home/agilex/agilex_ws/install/orbbec_camera_msgs/local/lib/python3.10/dist-packages/orbbec_camera_msgs-1.2.2-py3.10.egg-info/top_level.txt
[2.027s] -- Installing: /home/agilex/agilex_ws/install/orbbec_camera_msgs/local/lib/python3.10/dist-packages/orbbec_camera_msgs-1.2.2-py3.10.egg-info/SOURCES.txt
[2.028s] -- Up-to-date: /home/agilex/agilex_ws/install/orbbec_camera_msgs/local/lib/python3.10/dist-packages/orbbec_camera_msgs
[2.028s] -- Up-to-date: /home/agilex/agilex_ws/install/orbbec_camera_msgs/local/lib/python3.10/dist-packages/orbbec_camera_msgs/__init__.py
[2.028s] -- Up-to-date: /home/agilex/agilex_ws/install/orbbec_camera_msgs/local/lib/python3.10/dist-packages/orbbec_camera_msgs/msg
[2.028s] -- Up-to-date: /home/agilex/agilex_ws/install/orbbec_camera_msgs/local/lib/python3.10/dist-packages/orbbec_camera_msgs/msg/_device_info.py
[2.028s] -- Up-to-date: /home/agilex/agilex_ws/install/orbbec_camera_msgs/local/lib/python3.10/dist-packages/orbbec_camera_msgs/msg/_device_info_s.c
[2.029s] -- Up-to-date: /home/agilex/agilex_ws/install/orbbec_camera_msgs/local/lib/python3.10/dist-packages/orbbec_camera_msgs/msg/_extrinsics.py
[2.029s] -- Up-to-date: /home/agilex/agilex_ws/install/orbbec_camera_msgs/local/lib/python3.10/dist-packages/orbbec_camera_msgs/msg/_extrinsics_s.c
[2.029s] -- Up-to-date: /home/agilex/agilex_ws/install/orbbec_camera_msgs/local/lib/python3.10/dist-packages/orbbec_camera_msgs/msg/_metadata.py
[2.029s] -- Up-to-date: /home/agilex/agilex_ws/install/orbbec_camera_msgs/local/lib/python3.10/dist-packages/orbbec_camera_msgs/msg/_metadata_s.c
[2.029s] -- Up-to-date: /home/agilex/agilex_ws/install/orbbec_camera_msgs/local/lib/python3.10/dist-packages/orbbec_camera_msgs/msg/__init__.py
[2.029s] -- Up-to-date: /home/agilex/agilex_ws/install/orbbec_camera_msgs/local/lib/python3.10/dist-packages/orbbec_camera_msgs/srv
[2.029s] -- Up-to-date: /home/agilex/agilex_ws/install/orbbec_camera_msgs/local/lib/python3.10/dist-packages/orbbec_camera_msgs/srv/_get_bool.py
[2.029s] -- Up-to-date: /home/agilex/agilex_ws/install/orbbec_camera_msgs/local/lib/python3.10/dist-packages/orbbec_camera_msgs/srv/_get_bool_s.c
[2.029s] -- Up-to-date: /home/agilex/agilex_ws/install/orbbec_camera_msgs/local/lib/python3.10/dist-packages/orbbec_camera_msgs/srv/_get_device_info.py
[2.030s] -- Up-to-date: /home/agilex/agilex_ws/install/orbbec_camera_msgs/local/lib/python3.10/dist-packages/orbbec_camera_msgs/srv/_get_device_info_s.c
[2.030s] -- Up-to-date: /home/agilex/agilex_ws/install/orbbec_camera_msgs/local/lib/python3.10/dist-packages/orbbec_camera_msgs/srv/_get_camera_info.py
[2.030s] -- Up-to-date: /home/agilex/agilex_ws/install/orbbec_camera_msgs/local/lib/python3.10/dist-packages/orbbec_camera_msgs/srv/_get_camera_info_s.c
[2.030s] -- Up-to-date: /home/agilex/agilex_ws/install/orbbec_camera_msgs/local/lib/python3.10/dist-packages/orbbec_camera_msgs/srv/_get_int32.py
[2.031s] -- Up-to-date: /home/agilex/agilex_ws/install/orbbec_camera_msgs/local/lib/python3.10/dist-packages/orbbec_camera_msgs/srv/_get_int32_s.c
[2.031s] -- Up-to-date: /home/agilex/agilex_ws/install/orbbec_camera_msgs/local/lib/python3.10/dist-packages/orbbec_camera_msgs/srv/_get_string.py
[2.031s] -- Up-to-date: /home/agilex/agilex_ws/install/orbbec_camera_msgs/local/lib/python3.10/dist-packages/orbbec_camera_msgs/srv/_get_string_s.c
[2.031s] -- Up-to-date: /home/agilex/agilex_ws/install/orbbec_camera_msgs/local/lib/python3.10/dist-packages/orbbec_camera_msgs/srv/_set_int32.py
[2.031s] -- Up-to-date: /home/agilex/agilex_ws/install/orbbec_camera_msgs/local/lib/python3.10/dist-packages/orbbec_camera_msgs/srv/_set_int32_s.c
[2.032s] -- Up-to-date: /home/agilex/agilex_ws/install/orbbec_camera_msgs/local/lib/python3.10/dist-packages/orbbec_camera_msgs/srv/_set_string.py
[2.032s] -- Up-to-date: /home/agilex/agilex_ws/install/orbbec_camera_msgs/local/lib/python3.10/dist-packages/orbbec_camera_msgs/srv/_set_string_s.c
[2.032s] -- Up-to-date: /home/agilex/agilex_ws/install/orbbec_camera_msgs/local/lib/python3.10/dist-packages/orbbec_camera_msgs/srv/__init__.py
[2.032s] -- Up-to-date: /home/agilex/agilex_ws/install/orbbec_camera_msgs/local/lib/python3.10/dist-packages/orbbec_camera_msgs/_orbbec_camera_msgs_s.ep.rosidl_typesupport_fastrtps_c.c
[2.032s] -- Up-to-date: /home/agilex/agilex_ws/install/orbbec_camera_msgs/local/lib/python3.10/dist-packages/orbbec_camera_msgs/_orbbec_camera_msgs_s.ep.rosidl_typesupport_introspection_c.c
[2.033s] -- Up-to-date: /home/agilex/agilex_ws/install/orbbec_camera_msgs/local/lib/python3.10/dist-packages/orbbec_camera_msgs/_orbbec_camera_msgs_s.ep.rosidl_typesupport_c.c
[2.033s] -- Up-to-date: /home/agilex/agilex_ws/install/orbbec_camera_msgs/local/lib/python3.10/dist-packages/orbbec_camera_msgs/liborbbec_camera_msgs__rosidl_generator_py.so
[2.033s] -- Up-to-date: /home/agilex/agilex_ws/install/orbbec_camera_msgs/local/lib/python3.10/dist-packages/orbbec_camera_msgs/orbbec_camera_msgs_s__rosidl_typesupport_fastrtps_c.cpython-310-x86_64-linux-gnu.so
[2.033s] -- Up-to-date: /home/agilex/agilex_ws/install/orbbec_camera_msgs/local/lib/python3.10/dist-packages/orbbec_camera_msgs/orbbec_camera_msgs_s__rosidl_typesupport_c.cpython-310-x86_64-linux-gnu.so
[2.033s] -- Up-to-date: /home/agilex/agilex_ws/install/orbbec_camera_msgs/local/lib/python3.10/dist-packages/orbbec_camera_msgs/orbbec_camera_msgs_s__rosidl_typesupport_introspection_c.cpython-310-x86_64-linux-gnu.so
[2.048s] Listing '/home/agilex/agilex_ws/install/orbbec_camera_msgs/local/lib/python3.10/dist-packages/orbbec_camera_msgs'...
[2.048s] Listing '/home/agilex/agilex_ws/install/orbbec_camera_msgs/local/lib/python3.10/dist-packages/orbbec_camera_msgs/msg'...
[2.049s] Listing '/home/agilex/agilex_ws/install/orbbec_camera_msgs/local/lib/python3.10/dist-packages/orbbec_camera_msgs/srv'...
[2.054s] -- Up-to-date: /home/agilex/agilex_ws/install/orbbec_camera_msgs/local/lib/python3.10/dist-packages/orbbec_camera_msgs/orbbec_camera_msgs_s__rosidl_typesupport_fastrtps_c.cpython-310-x86_64-linux-gnu.so
[2.055s] -- Up-to-date: /home/agilex/agilex_ws/install/orbbec_camera_msgs/local/lib/python3.10/dist-packages/orbbec_camera_msgs/orbbec_camera_msgs_s__rosidl_typesupport_introspection_c.cpython-310-x86_64-linux-gnu.so
[2.055s] -- Up-to-date: /home/agilex/agilex_ws/install/orbbec_camera_msgs/local/lib/python3.10/dist-packages/orbbec_camera_msgs/orbbec_camera_msgs_s__rosidl_typesupport_c.cpython-310-x86_64-linux-gnu.so
[2.056s] -- Up-to-date: /home/agilex/agilex_ws/install/orbbec_camera_msgs/lib/liborbbec_camera_msgs__rosidl_generator_py.so
[2.056s] -- Up-to-date: /home/agilex/agilex_ws/install/orbbec_camera_msgs/share/orbbec_camera_msgs/msg/DeviceInfo.idl
[2.057s] -- Up-to-date: /home/agilex/agilex_ws/install/orbbec_camera_msgs/share/orbbec_camera_msgs/msg/Extrinsics.idl
[2.057s] -- Up-to-date: /home/agilex/agilex_ws/install/orbbec_camera_msgs/share/orbbec_camera_msgs/msg/Metadata.idl
[2.057s] -- Up-to-date: /home/agilex/agilex_ws/install/orbbec_camera_msgs/share/orbbec_camera_msgs/srv/GetBool.idl
[2.058s] -- Up-to-date: /home/agilex/agilex_ws/install/orbbec_camera_msgs/share/orbbec_camera_msgs/srv/GetDeviceInfo.idl
[2.058s] -- Up-to-date: /home/agilex/agilex_ws/install/orbbec_camera_msgs/share/orbbec_camera_msgs/srv/GetCameraInfo.idl
[2.058s] -- Up-to-date: /home/agilex/agilex_ws/install/orbbec_camera_msgs/share/orbbec_camera_msgs/srv/GetInt32.idl
[2.059s] -- Up-to-date: /home/agilex/agilex_ws/install/orbbec_camera_msgs/share/orbbec_camera_msgs/srv/GetString.idl
[2.059s] -- Up-to-date: /home/agilex/agilex_ws/install/orbbec_camera_msgs/share/orbbec_camera_msgs/srv/SetInt32.idl
[2.059s] -- Up-to-date: /home/agilex/agilex_ws/install/orbbec_camera_msgs/share/orbbec_camera_msgs/srv/SetString.idl
[2.059s] -- Up-to-date: /home/agilex/agilex_ws/install/orbbec_camera_msgs/share/orbbec_camera_msgs/msg/DeviceInfo.msg
[2.060s] -- Up-to-date: /home/agilex/agilex_ws/install/orbbec_camera_msgs/share/orbbec_camera_msgs/msg/Extrinsics.msg
[2.060s] -- Up-to-date: /home/agilex/agilex_ws/install/orbbec_camera_msgs/share/orbbec_camera_msgs/msg/Metadata.msg
[2.060s] -- Up-to-date: /home/agilex/agilex_ws/install/orbbec_camera_msgs/share/orbbec_camera_msgs/srv/GetBool.srv
[2.060s] -- Up-to-date: /home/agilex/agilex_ws/install/orbbec_camera_msgs/share/orbbec_camera_msgs/srv/GetBool_Request.msg
[2.060s] -- Up-to-date: /home/agilex/agilex_ws/install/orbbec_camera_msgs/share/orbbec_camera_msgs/srv/GetBool_Response.msg
[2.060s] -- Up-to-date: /home/agilex/agilex_ws/install/orbbec_camera_msgs/share/orbbec_camera_msgs/srv/GetDeviceInfo.srv
[2.061s] -- Up-to-date: /home/agilex/agilex_ws/install/orbbec_camera_msgs/share/orbbec_camera_msgs/srv/GetDeviceInfo_Request.msg
[2.062s] -- Up-to-date: /home/agilex/agilex_ws/install/orbbec_camera_msgs/share/orbbec_camera_msgs/srv/GetDeviceInfo_Response.msg
[2.063s] -- Up-to-date: /home/agilex/agilex_ws/install/orbbec_camera_msgs/share/orbbec_camera_msgs/srv/GetCameraInfo.srv
[2.063s] -- Up-to-date: /home/agilex/agilex_ws/install/orbbec_camera_msgs/share/orbbec_camera_msgs/srv/GetCameraInfo_Request.msg
[2.064s] -- Up-to-date: /home/agilex/agilex_ws/install/orbbec_camera_msgs/share/orbbec_camera_msgs/srv/GetCameraInfo_Response.msg
[2.064s] -- Up-to-date: /home/agilex/agilex_ws/install/orbbec_camera_msgs/share/orbbec_camera_msgs/srv/GetInt32.srv
[2.064s] -- Up-to-date: /home/agilex/agilex_ws/install/orbbec_camera_msgs/share/orbbec_camera_msgs/srv/GetInt32_Request.msg
[2.064s] -- Up-to-date: /home/agilex/agilex_ws/install/orbbec_camera_msgs/share/orbbec_camera_msgs/srv/GetInt32_Response.msg
[2.064s] -- Up-to-date: /home/agilex/agilex_ws/install/orbbec_camera_msgs/share/orbbec_camera_msgs/srv/GetString.srv
[2.064s] -- Up-to-date: /home/agilex/agilex_ws/install/orbbec_camera_msgs/share/orbbec_camera_msgs/srv/GetString_Request.msg
[2.065s] -- Up-to-date: /home/agilex/agilex_ws/install/orbbec_camera_msgs/share/orbbec_camera_msgs/srv/GetString_Response.msg
[2.065s] -- Up-to-date: /home/agilex/agilex_ws/install/orbbec_camera_msgs/share/orbbec_camera_msgs/srv/SetInt32.srv
[2.065s] -- Up-to-date: /home/agilex/agilex_ws/install/orbbec_camera_msgs/share/orbbec_camera_msgs/srv/SetInt32_Request.msg
[2.065s] -- Up-to-date: /home/agilex/agilex_ws/install/orbbec_camera_msgs/share/orbbec_camera_msgs/srv/SetInt32_Response.msg
[2.065s] -- Up-to-date: /home/agilex/agilex_ws/install/orbbec_camera_msgs/share/orbbec_camera_msgs/srv/SetString.srv
[2.065s] -- Up-to-date: /home/agilex/agilex_ws/install/orbbec_camera_msgs/share/orbbec_camera_msgs/srv/SetString_Request.msg
[2.065s] -- Up-to-date: /home/agilex/agilex_ws/install/orbbec_camera_msgs/share/orbbec_camera_msgs/srv/SetString_Response.msg
[2.065s] -- Up-to-date: /home/agilex/agilex_ws/install/orbbec_camera_msgs/share/ament_index/resource_index/package_run_dependencies/orbbec_camera_msgs
[2.066s] -- Up-to-date: /home/agilex/agilex_ws/install/orbbec_camera_msgs/share/ament_index/resource_index/parent_prefix_path/orbbec_camera_msgs
[2.066s] -- Up-to-date: /home/agilex/agilex_ws/install/orbbec_camera_msgs/share/orbbec_camera_msgs/environment/ament_prefix_path.sh
[2.066s] -- Up-to-date: /home/agilex/agilex_ws/install/orbbec_camera_msgs/share/orbbec_camera_msgs/environment/ament_prefix_path.dsv
[2.066s] -- Up-to-date: /home/agilex/agilex_ws/install/orbbec_camera_msgs/share/orbbec_camera_msgs/environment/path.sh
[2.066s] -- Up-to-date: /home/agilex/agilex_ws/install/orbbec_camera_msgs/share/orbbec_camera_msgs/environment/path.dsv
[2.067s] -- Up-to-date: /home/agilex/agilex_ws/install/orbbec_camera_msgs/share/orbbec_camera_msgs/local_setup.bash
[2.067s] -- Up-to-date: /home/agilex/agilex_ws/install/orbbec_camera_msgs/share/orbbec_camera_msgs/local_setup.sh
[2.067s] -- Up-to-date: /home/agilex/agilex_ws/install/orbbec_camera_msgs/share/orbbec_camera_msgs/local_setup.zsh
[2.067s] -- Up-to-date: /home/agilex/agilex_ws/install/orbbec_camera_msgs/share/orbbec_camera_msgs/local_setup.dsv
[2.067s] -- Installing: /home/agilex/agilex_ws/install/orbbec_camera_msgs/share/orbbec_camera_msgs/package.dsv
[2.067s] -- Up-to-date: /home/agilex/agilex_ws/install/orbbec_camera_msgs/share/ament_index/resource_index/packages/orbbec_camera_msgs
[2.068s] -- Up-to-date: /home/agilex/agilex_ws/install/orbbec_camera_msgs/share/orbbec_camera_msgs/cmake/export_orbbec_camera_msgs__rosidl_generator_cExport.cmake
[2.068s] -- Up-to-date: /home/agilex/agilex_ws/install/orbbec_camera_msgs/share/orbbec_camera_msgs/cmake/export_orbbec_camera_msgs__rosidl_generator_cExport-noconfig.cmake
[2.068s] -- Up-to-date: /home/agilex/agilex_ws/install/orbbec_camera_msgs/share/orbbec_camera_msgs/cmake/export_orbbec_camera_msgs__rosidl_typesupport_fastrtps_cExport.cmake
[2.068s] -- Up-to-date: /home/agilex/agilex_ws/install/orbbec_camera_msgs/share/orbbec_camera_msgs/cmake/export_orbbec_camera_msgs__rosidl_typesupport_fastrtps_cExport-noconfig.cmake
[2.068s] -- Up-to-date: /home/agilex/agilex_ws/install/orbbec_camera_msgs/share/orbbec_camera_msgs/cmake/orbbec_camera_msgs__rosidl_typesupport_introspection_cExport.cmake
[2.068s] -- Up-to-date: /home/agilex/agilex_ws/install/orbbec_camera_msgs/share/orbbec_camera_msgs/cmake/orbbec_camera_msgs__rosidl_typesupport_introspection_cExport-noconfig.cmake
[2.068s] -- Up-to-date: /home/agilex/agilex_ws/install/orbbec_camera_msgs/share/orbbec_camera_msgs/cmake/orbbec_camera_msgs__rosidl_typesupport_cExport.cmake
[2.069s] -- Up-to-date: /home/agilex/agilex_ws/install/orbbec_camera_msgs/share/orbbec_camera_msgs/cmake/orbbec_camera_msgs__rosidl_typesupport_cExport-noconfig.cmake
[2.069s] -- Up-to-date: /home/agilex/agilex_ws/install/orbbec_camera_msgs/share/orbbec_camera_msgs/cmake/export_orbbec_camera_msgs__rosidl_generator_cppExport.cmake
[2.069s] -- Up-to-date: /home/agilex/agilex_ws/install/orbbec_camera_msgs/share/orbbec_camera_msgs/cmake/export_orbbec_camera_msgs__rosidl_typesupport_fastrtps_cppExport.cmake
[2.069s] -- Up-to-date: /home/agilex/agilex_ws/install/orbbec_camera_msgs/share/orbbec_camera_msgs/cmake/export_orbbec_camera_msgs__rosidl_typesupport_fastrtps_cppExport-noconfig.cmake
[2.069s] -- Up-to-date: /home/agilex/agilex_ws/install/orbbec_camera_msgs/share/orbbec_camera_msgs/cmake/orbbec_camera_msgs__rosidl_typesupport_introspection_cppExport.cmake
[2.069s] -- Up-to-date: /home/agilex/agilex_ws/install/orbbec_camera_msgs/share/orbbec_camera_msgs/cmake/orbbec_camera_msgs__rosidl_typesupport_introspection_cppExport-noconfig.cmake
[2.069s] -- Up-to-date: /home/agilex/agilex_ws/install/orbbec_camera_msgs/share/orbbec_camera_msgs/cmake/orbbec_camera_msgs__rosidl_typesupport_cppExport.cmake
[2.070s] -- Up-to-date: /home/agilex/agilex_ws/install/orbbec_camera_msgs/share/orbbec_camera_msgs/cmake/orbbec_camera_msgs__rosidl_typesupport_cppExport-noconfig.cmake
[2.070s] -- Up-to-date: /home/agilex/agilex_ws/install/orbbec_camera_msgs/share/orbbec_camera_msgs/cmake/export_orbbec_camera_msgs__rosidl_generator_pyExport.cmake
[2.070s] -- Up-to-date: /home/agilex/agilex_ws/install/orbbec_camera_msgs/share/orbbec_camera_msgs/cmake/export_orbbec_camera_msgs__rosidl_generator_pyExport-noconfig.cmake
[2.070s] -- Up-to-date: /home/agilex/agilex_ws/install/orbbec_camera_msgs/share/orbbec_camera_msgs/cmake/rosidl_cmake-extras.cmake
[2.070s] -- Up-to-date: /home/agilex/agilex_ws/install/orbbec_camera_msgs/share/orbbec_camera_msgs/cmake/ament_cmake_export_dependencies-extras.cmake
[2.070s] -- Up-to-date: /home/agilex/agilex_ws/install/orbbec_camera_msgs/share/orbbec_camera_msgs/cmake/ament_cmake_export_include_directories-extras.cmake
[2.070s] -- Up-to-date: /home/agilex/agilex_ws/install/orbbec_camera_msgs/share/orbbec_camera_msgs/cmake/ament_cmake_export_libraries-extras.cmake
[2.070s] -- Up-to-date: /home/agilex/agilex_ws/install/orbbec_camera_msgs/share/orbbec_camera_msgs/cmake/ament_cmake_export_targets-extras.cmake
[2.071s] -- Up-to-date: /home/agilex/agilex_ws/install/orbbec_camera_msgs/share/orbbec_camera_msgs/cmake/rosidl_cmake_export_typesupport_targets-extras.cmake
[2.071s] -- Up-to-date: /home/agilex/agilex_ws/install/orbbec_camera_msgs/share/orbbec_camera_msgs/cmake/rosidl_cmake_export_typesupport_libraries-extras.cmake
[2.071s] -- Up-to-date: /home/agilex/agilex_ws/install/orbbec_camera_msgs/share/orbbec_camera_msgs/cmake/orbbec_camera_msgsConfig.cmake
[2.071s] -- Up-to-date: /home/agilex/agilex_ws/install/orbbec_camera_msgs/share/orbbec_camera_msgs/cmake/orbbec_camera_msgsConfig-version.cmake
[2.071s] -- Up-to-date: /home/agilex/agilex_ws/install/orbbec_camera_msgs/share/orbbec_camera_msgs/package.xml
[2.745s] Invoked command in '/home/agilex/agilex_ws/build/orbbec_camera_msgs' returned '0': CMAKE_PREFIX_PATH=${CMAKE_PREFIX_PATH}:/home/agilex/agilex_ws/install/yolov5_ros2:/home/agilex/agilex_ws/install/nav2_simple_commander:/opt/ros/humble /usr/bin/cmake --install /home/agilex/agilex_ws/build/orbbec_camera_msgs
