[0.104s] Invoking command in '/home/agilex/agilex_ws/build/csm': /usr/bin/cmake --build /home/agilex/agilex_ws/build/csm -- -j16 -l16
[0.444s] [100%] Built target csm
[0.446s] Invoked command in '/home/agilex/agilex_ws/build/csm' returned '0': /usr/bin/cmake --build /home/agilex/agilex_ws/build/csm -- -j16 -l16
[0.589s] Invoking command in '/home/agilex/agilex_ws/build/csm': /usr/bin/cmake --install /home/agilex/agilex_ws/build/csm
[0.611s] -- Install configuration: ""
[0.611s] -- Up-to-date: /home/agilex/agilex_ws/install/csm/lib/libcsm.so
[0.611s] -- Up-to-date: /home/agilex/agilex_ws/install/csm/include/..//include
[0.611s] -- Up-to-date: /home/agilex/agilex_ws/install/csm/include/..//include/gsl_eigen
[0.611s] -- Up-to-date: /home/agilex/agilex_ws/install/csm/include/..//include/gsl_eigen/gsl_eigen.h
[0.611s] -- Up-to-date: /home/agilex/agilex_ws/install/csm/include/..//include/csm
[0.611s] -- Up-to-date: /home/agilex/agilex_ws/install/csm/include/..//include/csm/restrict.h
[0.611s] -- Up-to-date: /home/agilex/agilex_ws/install/csm/include/..//include/csm/laser_data.h
[0.611s] -- Up-to-date: /home/agilex/agilex_ws/install/csm/include/..//include/csm/laser_data_inline.h
[0.611s] -- Up-to-date: /home/agilex/agilex_ws/install/csm/include/..//include/csm/csm.h
[0.611s] -- Up-to-date: /home/agilex/agilex_ws/install/csm/include/..//include/csm/algos.h
[0.611s] -- Up-to-date: /home/agilex/agilex_ws/install/csm/share/csm/resource
[0.612s] -- Up-to-date: /home/agilex/agilex_ws/install/csm/share/csm/resource/csm
[0.612s] -- Up-to-date: /home/agilex/agilex_ws/install/csm/include/../gsl_eigen
[0.612s] -- Up-to-date: /home/agilex/agilex_ws/install/csm/include/../gsl_eigen/gsl_eigen.h
[0.612s] -- Up-to-date: /home/agilex/agilex_ws/install/csm/share/csm/environment/library_path.sh
[0.612s] -- Up-to-date: /home/agilex/agilex_ws/install/csm/share/csm/environment/library_path.dsv
[0.612s] -- Up-to-date: /home/agilex/agilex_ws/install/csm/share/ament_index/resource_index/package_run_dependencies/csm
[0.612s] -- Up-to-date: /home/agilex/agilex_ws/install/csm/share/ament_index/resource_index/parent_prefix_path/csm
[0.612s] -- Up-to-date: /home/agilex/agilex_ws/install/csm/share/csm/environment/ament_prefix_path.sh
[0.612s] -- Up-to-date: /home/agilex/agilex_ws/install/csm/share/csm/environment/ament_prefix_path.dsv
[0.612s] -- Up-to-date: /home/agilex/agilex_ws/install/csm/share/csm/environment/path.sh
[0.612s] -- Up-to-date: /home/agilex/agilex_ws/install/csm/share/csm/environment/path.dsv
[0.612s] -- Up-to-date: /home/agilex/agilex_ws/install/csm/share/csm/local_setup.bash
[0.612s] -- Up-to-date: /home/agilex/agilex_ws/install/csm/share/csm/local_setup.sh
[0.612s] -- Up-to-date: /home/agilex/agilex_ws/install/csm/share/csm/local_setup.zsh
[0.613s] -- Up-to-date: /home/agilex/agilex_ws/install/csm/share/csm/local_setup.dsv
[0.613s] -- Installing: /home/agilex/agilex_ws/install/csm/share/csm/package.dsv
[0.613s] -- Up-to-date: /home/agilex/agilex_ws/install/csm/share/ament_index/resource_index/packages/csm
[0.613s] -- Up-to-date: /home/agilex/agilex_ws/install/csm/share/csm/cmake/ament_cmake_export_dependencies-extras.cmake
[0.613s] -- Up-to-date: /home/agilex/agilex_ws/install/csm/share/csm/cmake/ament_cmake_export_include_directories-extras.cmake
[0.613s] -- Up-to-date: /home/agilex/agilex_ws/install/csm/share/csm/cmake/ament_cmake_export_libraries-extras.cmake
[0.613s] -- Up-to-date: /home/agilex/agilex_ws/install/csm/share/csm/cmake/csmConfig.cmake
[0.613s] -- Up-to-date: /home/agilex/agilex_ws/install/csm/share/csm/cmake/csmConfig-version.cmake
[0.613s] -- Up-to-date: /home/agilex/agilex_ws/install/csm/share/csm/package.xml
[0.698s] Invoked command in '/home/agilex/agilex_ws/build/csm' returned '0': /usr/bin/cmake --install /home/agilex/agilex_ws/build/csm
