[0.088s] Invoking command in '/home/agilex/agilex_ws/build/nav2_planner': AMENT_PREFIX_PATH=/home/agilex/agilex_ws/install/nav2_core:/home/agilex/agilex_ws/install/nav2_costmap_2d:/home/agilex/agilex_ws/install/nav2_util:/home/agilex/agilex_ws/install/nav2_voxel_grid:/home/agilex/agilex_ws/install/nav2_msgs:/home/agilex/agilex_ws/install/nav2_common CMAKE_PREFIX_PATH=/home/agilex/agilex_ws/install/nav2_core:/home/agilex/agilex_ws/install/nav2_costmap_2d:/home/agilex/agilex_ws/install/nav2_util:/home/agilex/agilex_ws/install/nav2_voxel_grid:/home/agilex/agilex_ws/install/nav2_msgs:/home/agilex/agilex_ws/install/nav2_common LD_LIBRARY_PATH=/home/agilex/agilex_ws/install/nav2_costmap_2d/lib:/home/agilex/agilex_ws/install/nav2_util/lib:/home/agilex/agilex_ws/install/nav2_voxel_grid/lib:/home/agilex/agilex_ws/install/nav2_msgs/lib PYTHONPATH=/home/agilex/agilex_ws/install/nav2_msgs/local/lib/python3.10/dist-packages:/home/agilex/agilex_ws/install/nav2_common/local/lib/python3.10/dist-packages /usr/bin/cmake --build /home/agilex/agilex_ws/build/nav2_planner -- -j16 -l16
[0.175s] [ 20%] Built target gtest
[0.189s] [ 40%] Built target gtest_main
[0.197s] [ 60%] Built target planner_server_core
[0.258s] [ 80%] Built target planner_server
[0.269s] [100%] Built target test_dynamic_parameters
[0.325s] Invoked command in '/home/agilex/agilex_ws/build/nav2_planner' returned '0': AMENT_PREFIX_PATH=/home/agilex/agilex_ws/install/nav2_core:/home/agilex/agilex_ws/install/nav2_costmap_2d:/home/agilex/agilex_ws/install/nav2_util:/home/agilex/agilex_ws/install/nav2_voxel_grid:/home/agilex/agilex_ws/install/nav2_msgs:/home/agilex/agilex_ws/install/nav2_common CMAKE_PREFIX_PATH=/home/agilex/agilex_ws/install/nav2_core:/home/agilex/agilex_ws/install/nav2_costmap_2d:/home/agilex/agilex_ws/install/nav2_util:/home/agilex/agilex_ws/install/nav2_voxel_grid:/home/agilex/agilex_ws/install/nav2_msgs:/home/agilex/agilex_ws/install/nav2_common LD_LIBRARY_PATH=/home/agilex/agilex_ws/install/nav2_costmap_2d/lib:/home/agilex/agilex_ws/install/nav2_util/lib:/home/agilex/agilex_ws/install/nav2_voxel_grid/lib:/home/agilex/agilex_ws/install/nav2_msgs/lib PYTHONPATH=/home/agilex/agilex_ws/install/nav2_msgs/local/lib/python3.10/dist-packages:/home/agilex/agilex_ws/install/nav2_common/local/lib/python3.10/dist-packages /usr/bin/cmake --build /home/agilex/agilex_ws/build/nav2_planner -- -j16 -l16
[0.367s] Invoking command in '/home/agilex/agilex_ws/build/nav2_planner': AMENT_PREFIX_PATH=/home/agilex/agilex_ws/install/nav2_core:/home/agilex/agilex_ws/install/nav2_costmap_2d:/home/agilex/agilex_ws/install/nav2_util:/home/agilex/agilex_ws/install/nav2_voxel_grid:/home/agilex/agilex_ws/install/nav2_msgs:/home/agilex/agilex_ws/install/nav2_common CMAKE_PREFIX_PATH=/home/agilex/agilex_ws/install/nav2_core:/home/agilex/agilex_ws/install/nav2_costmap_2d:/home/agilex/agilex_ws/install/nav2_util:/home/agilex/agilex_ws/install/nav2_voxel_grid:/home/agilex/agilex_ws/install/nav2_msgs:/home/agilex/agilex_ws/install/nav2_common LD_LIBRARY_PATH=/home/agilex/agilex_ws/install/nav2_costmap_2d/lib:/home/agilex/agilex_ws/install/nav2_util/lib:/home/agilex/agilex_ws/install/nav2_voxel_grid/lib:/home/agilex/agilex_ws/install/nav2_msgs/lib PYTHONPATH=/home/agilex/agilex_ws/install/nav2_msgs/local/lib/python3.10/dist-packages:/home/agilex/agilex_ws/install/nav2_common/local/lib/python3.10/dist-packages /usr/bin/cmake --install /home/agilex/agilex_ws/build/nav2_planner
[0.376s] -- Install configuration: "Release"
[0.377s] -- Up-to-date: /home/agilex/agilex_ws/install/nav2_planner/lib/libplanner_server_core.so
[0.378s] -- Up-to-date: /home/agilex/agilex_ws/install/nav2_planner/lib/nav2_planner/planner_server
[0.378s] -- Up-to-date: /home/agilex/agilex_ws/install/nav2_planner/include/
[0.378s] -- Up-to-date: /home/agilex/agilex_ws/install/nav2_planner/include//nav2_planner
[0.378s] -- Up-to-date: /home/agilex/agilex_ws/install/nav2_planner/include//nav2_planner/planner_server.hpp
[0.378s] -- Up-to-date: /home/agilex/agilex_ws/install/nav2_planner/share/nav2_planner/environment/library_path.sh
[0.378s] -- Up-to-date: /home/agilex/agilex_ws/install/nav2_planner/share/nav2_planner/environment/library_path.dsv
[0.378s] -- Up-to-date: /home/agilex/agilex_ws/install/nav2_planner/share/ament_index/resource_index/package_run_dependencies/nav2_planner
[0.379s] -- Up-to-date: /home/agilex/agilex_ws/install/nav2_planner/share/ament_index/resource_index/parent_prefix_path/nav2_planner
[0.379s] -- Up-to-date: /home/agilex/agilex_ws/install/nav2_planner/share/nav2_planner/environment/ament_prefix_path.sh
[0.379s] -- Up-to-date: /home/agilex/agilex_ws/install/nav2_planner/share/nav2_planner/environment/ament_prefix_path.dsv
[0.379s] -- Up-to-date: /home/agilex/agilex_ws/install/nav2_planner/share/nav2_planner/environment/path.sh
[0.379s] -- Up-to-date: /home/agilex/agilex_ws/install/nav2_planner/share/nav2_planner/environment/path.dsv
[0.379s] -- Up-to-date: /home/agilex/agilex_ws/install/nav2_planner/share/nav2_planner/local_setup.bash
[0.379s] -- Up-to-date: /home/agilex/agilex_ws/install/nav2_planner/share/nav2_planner/local_setup.sh
[0.380s] -- Up-to-date: /home/agilex/agilex_ws/install/nav2_planner/share/nav2_planner/local_setup.zsh
[0.380s] -- Up-to-date: /home/agilex/agilex_ws/install/nav2_planner/share/nav2_planner/local_setup.dsv
[0.380s] -- Installing: /home/agilex/agilex_ws/install/nav2_planner/share/nav2_planner/package.dsv
[0.381s] -- Up-to-date: /home/agilex/agilex_ws/install/nav2_planner/share/ament_index/resource_index/packages/nav2_planner
[0.385s] -- Up-to-date: /home/agilex/agilex_ws/install/nav2_planner/share/ament_index/resource_index/rclcpp_components/nav2_planner
[0.387s] -- Up-to-date: /home/agilex/agilex_ws/install/nav2_planner/share/nav2_planner/cmake/ament_cmake_export_include_directories-extras.cmake
[0.387s] -- Up-to-date: /home/agilex/agilex_ws/install/nav2_planner/share/nav2_planner/cmake/ament_cmake_export_libraries-extras.cmake
[0.387s] -- Up-to-date: /home/agilex/agilex_ws/install/nav2_planner/share/nav2_planner/cmake/ament_cmake_export_dependencies-extras.cmake
[0.387s] -- Up-to-date: /home/agilex/agilex_ws/install/nav2_planner/share/nav2_planner/cmake/nav2_plannerConfig.cmake
[0.387s] -- Up-to-date: /home/agilex/agilex_ws/install/nav2_planner/share/nav2_planner/cmake/nav2_plannerConfig-version.cmake
[0.387s] -- Up-to-date: /home/agilex/agilex_ws/install/nav2_planner/share/nav2_planner/package.xml
[0.420s] Invoked command in '/home/agilex/agilex_ws/build/nav2_planner' returned '0': AMENT_PREFIX_PATH=/home/agilex/agilex_ws/install/nav2_core:/home/agilex/agilex_ws/install/nav2_costmap_2d:/home/agilex/agilex_ws/install/nav2_util:/home/agilex/agilex_ws/install/nav2_voxel_grid:/home/agilex/agilex_ws/install/nav2_msgs:/home/agilex/agilex_ws/install/nav2_common CMAKE_PREFIX_PATH=/home/agilex/agilex_ws/install/nav2_core:/home/agilex/agilex_ws/install/nav2_costmap_2d:/home/agilex/agilex_ws/install/nav2_util:/home/agilex/agilex_ws/install/nav2_voxel_grid:/home/agilex/agilex_ws/install/nav2_msgs:/home/agilex/agilex_ws/install/nav2_common LD_LIBRARY_PATH=/home/agilex/agilex_ws/install/nav2_costmap_2d/lib:/home/agilex/agilex_ws/install/nav2_util/lib:/home/agilex/agilex_ws/install/nav2_voxel_grid/lib:/home/agilex/agilex_ws/install/nav2_msgs/lib PYTHONPATH=/home/agilex/agilex_ws/install/nav2_msgs/local/lib/python3.10/dist-packages:/home/agilex/agilex_ws/install/nav2_common/local/lib/python3.10/dist-packages /usr/bin/cmake --install /home/agilex/agilex_ws/build/nav2_planner
