[0.025s] Invoking command in '/home/agilex/agilex_ws/build/nav2_amcl': AMENT_PREFIX_PATH=/home/agilex/agilex_ws/install/nav2_util:/home/agilex/agilex_ws/install/nav2_msgs:/home/agilex/agilex_ws/install/nav2_common CMAKE_PREFIX_PATH=/home/agilex/agilex_ws/install/nav2_util:/home/agilex/agilex_ws/install/nav2_msgs:/home/agilex/agilex_ws/install/nav2_common LD_LIBRARY_PATH=/home/agilex/agilex_ws/install/nav2_util/lib:/home/agilex/agilex_ws/install/nav2_msgs/lib PYTHONPATH=/home/agilex/agilex_ws/install/nav2_msgs/local/lib/python3.10/dist-packages:/home/agilex/agilex_ws/install/nav2_common/local/lib/python3.10/dist-packages /usr/bin/cmake --build /home/agilex/agilex_ws/build/nav2_amcl -- -j16 -l16
[0.096s] [ 50%] Built target pf_lib
[0.097s] [ 50%] Built target map_lib
[0.129s] [ 70%] Built target sensors_lib
[0.139s] [ 83%] Built target motions_lib
[0.168s] [ 91%] Built target amcl_core
[0.216s] [100%] Built target amcl
[0.225s] Invoked command in '/home/agilex/agilex_ws/build/nav2_amcl' returned '0': AMENT_PREFIX_PATH=/home/agilex/agilex_ws/install/nav2_util:/home/agilex/agilex_ws/install/nav2_msgs:/home/agilex/agilex_ws/install/nav2_common CMAKE_PREFIX_PATH=/home/agilex/agilex_ws/install/nav2_util:/home/agilex/agilex_ws/install/nav2_msgs:/home/agilex/agilex_ws/install/nav2_common LD_LIBRARY_PATH=/home/agilex/agilex_ws/install/nav2_util/lib:/home/agilex/agilex_ws/install/nav2_msgs/lib PYTHONPATH=/home/agilex/agilex_ws/install/nav2_msgs/local/lib/python3.10/dist-packages:/home/agilex/agilex_ws/install/nav2_common/local/lib/python3.10/dist-packages /usr/bin/cmake --build /home/agilex/agilex_ws/build/nav2_amcl -- -j16 -l16
[0.312s] Invoking command in '/home/agilex/agilex_ws/build/nav2_amcl': AMENT_PREFIX_PATH=/home/agilex/agilex_ws/install/nav2_util:/home/agilex/agilex_ws/install/nav2_msgs:/home/agilex/agilex_ws/install/nav2_common CMAKE_PREFIX_PATH=/home/agilex/agilex_ws/install/nav2_util:/home/agilex/agilex_ws/install/nav2_msgs:/home/agilex/agilex_ws/install/nav2_common LD_LIBRARY_PATH=/home/agilex/agilex_ws/install/nav2_util/lib:/home/agilex/agilex_ws/install/nav2_msgs/lib PYTHONPATH=/home/agilex/agilex_ws/install/nav2_msgs/local/lib/python3.10/dist-packages:/home/agilex/agilex_ws/install/nav2_common/local/lib/python3.10/dist-packages /usr/bin/cmake --install /home/agilex/agilex_ws/build/nav2_amcl
[0.356s] -- Install configuration: "Release"
[0.357s] -- Up-to-date: /home/agilex/agilex_ws/install/nav2_amcl/lib/libamcl_core.so
[0.357s] -- Up-to-date: /home/agilex/agilex_ws/install/nav2_amcl/lib/nav2_amcl/amcl
[0.357s] -- Up-to-date: /home/agilex/agilex_ws/install/nav2_amcl/include/
[0.357s] -- Up-to-date: /home/agilex/agilex_ws/install/nav2_amcl/include//nav2_amcl
[0.358s] -- Up-to-date: /home/agilex/agilex_ws/install/nav2_amcl/include//nav2_amcl/sensors
[0.358s] -- Up-to-date: /home/agilex/agilex_ws/install/nav2_amcl/include//nav2_amcl/sensors/laser
[0.358s] -- Up-to-date: /home/agilex/agilex_ws/install/nav2_amcl/include//nav2_amcl/sensors/laser/laser.hpp
[0.358s] -- Up-to-date: /home/agilex/agilex_ws/install/nav2_amcl/include//nav2_amcl/angleutils.hpp
[0.359s] -- Up-to-date: /home/agilex/agilex_ws/install/nav2_amcl/include//nav2_amcl/motion_model
[0.359s] -- Up-to-date: /home/agilex/agilex_ws/install/nav2_amcl/include//nav2_amcl/motion_model/differential_motion_model.hpp
[0.359s] -- Up-to-date: /home/agilex/agilex_ws/install/nav2_amcl/include//nav2_amcl/motion_model/motion_model.hpp
[0.359s] -- Up-to-date: /home/agilex/agilex_ws/install/nav2_amcl/include//nav2_amcl/motion_model/omni_motion_model.hpp
[0.359s] -- Up-to-date: /home/agilex/agilex_ws/install/nav2_amcl/include//nav2_amcl/portable_utils.hpp
[0.359s] -- Up-to-date: /home/agilex/agilex_ws/install/nav2_amcl/include//nav2_amcl/amcl_node.hpp
[0.360s] -- Up-to-date: /home/agilex/agilex_ws/install/nav2_amcl/include//nav2_amcl/map
[0.360s] -- Up-to-date: /home/agilex/agilex_ws/install/nav2_amcl/include//nav2_amcl/map/map.hpp
[0.360s] -- Up-to-date: /home/agilex/agilex_ws/install/nav2_amcl/include//nav2_amcl/pf
[0.360s] -- Up-to-date: /home/agilex/agilex_ws/install/nav2_amcl/include//nav2_amcl/pf/eig3.hpp
[0.360s] -- Up-to-date: /home/agilex/agilex_ws/install/nav2_amcl/include//nav2_amcl/pf/pf_kdtree.hpp
[0.360s] -- Up-to-date: /home/agilex/agilex_ws/install/nav2_amcl/include//nav2_amcl/pf/pf_pdf.hpp
[0.360s] -- Up-to-date: /home/agilex/agilex_ws/install/nav2_amcl/include//nav2_amcl/pf/pf_vector.hpp
[0.361s] -- Up-to-date: /home/agilex/agilex_ws/install/nav2_amcl/include//nav2_amcl/pf/pf.hpp
[0.361s] -- Up-to-date: /home/agilex/agilex_ws/install/nav2_amcl/share/nav2_amcl/environment/library_path.sh
[0.361s] -- Up-to-date: /home/agilex/agilex_ws/install/nav2_amcl/share/nav2_amcl/environment/library_path.dsv
[0.361s] -- Up-to-date: /home/agilex/agilex_ws/install/nav2_amcl/share/nav2_amcl/plugins.xml
[0.361s] -- Up-to-date: /home/agilex/agilex_ws/install/nav2_amcl/share/ament_index/resource_index/package_run_dependencies/nav2_amcl
[0.361s] -- Up-to-date: /home/agilex/agilex_ws/install/nav2_amcl/share/ament_index/resource_index/parent_prefix_path/nav2_amcl
[0.361s] -- Up-to-date: /home/agilex/agilex_ws/install/nav2_amcl/share/nav2_amcl/environment/ament_prefix_path.sh
[0.361s] -- Up-to-date: /home/agilex/agilex_ws/install/nav2_amcl/share/nav2_amcl/environment/ament_prefix_path.dsv
[0.361s] -- Up-to-date: /home/agilex/agilex_ws/install/nav2_amcl/share/nav2_amcl/environment/path.sh
[0.361s] -- Up-to-date: /home/agilex/agilex_ws/install/nav2_amcl/share/nav2_amcl/environment/path.dsv
[0.362s] -- Up-to-date: /home/agilex/agilex_ws/install/nav2_amcl/share/nav2_amcl/local_setup.bash
[0.362s] -- Up-to-date: /home/agilex/agilex_ws/install/nav2_amcl/share/nav2_amcl/local_setup.sh
[0.362s] -- Up-to-date: /home/agilex/agilex_ws/install/nav2_amcl/share/nav2_amcl/local_setup.zsh
[0.362s] -- Up-to-date: /home/agilex/agilex_ws/install/nav2_amcl/share/nav2_amcl/local_setup.dsv
[0.362s] -- Installing: /home/agilex/agilex_ws/install/nav2_amcl/share/nav2_amcl/package.dsv
[0.362s] -- Up-to-date: /home/agilex/agilex_ws/install/nav2_amcl/share/ament_index/resource_index/packages/nav2_amcl
[0.362s] -- Up-to-date: /home/agilex/agilex_ws/install/nav2_amcl/share/ament_index/resource_index/nav2_amcl__pluginlib__plugin/nav2_amcl
[0.362s] -- Up-to-date: /home/agilex/agilex_ws/install/nav2_amcl/share/ament_index/resource_index/rclcpp_components/nav2_amcl
[0.363s] -- Up-to-date: /home/agilex/agilex_ws/install/nav2_amcl/share/nav2_amcl/cmake/ament_cmake_export_include_directories-extras.cmake
[0.363s] -- Up-to-date: /home/agilex/agilex_ws/install/nav2_amcl/share/nav2_amcl/cmake/ament_cmake_export_libraries-extras.cmake
[0.363s] -- Up-to-date: /home/agilex/agilex_ws/install/nav2_amcl/share/nav2_amcl/cmake/ament_cmake_export_dependencies-extras.cmake
[0.363s] -- Up-to-date: /home/agilex/agilex_ws/install/nav2_amcl/share/nav2_amcl/cmake/nav2_amclConfig.cmake
[0.363s] -- Up-to-date: /home/agilex/agilex_ws/install/nav2_amcl/share/nav2_amcl/cmake/nav2_amclConfig-version.cmake
[0.363s] -- Up-to-date: /home/agilex/agilex_ws/install/nav2_amcl/share/nav2_amcl/package.xml
[0.363s] -- Up-to-date: /home/agilex/agilex_ws/install/nav2_amcl/lib/libpf_lib.so
[0.363s] -- Up-to-date: /home/agilex/agilex_ws/install/nav2_amcl/lib/libmap_lib.so
[0.363s] -- Up-to-date: /home/agilex/agilex_ws/install/nav2_amcl/lib/libmotions_lib.so
[0.364s] -- Up-to-date: /home/agilex/agilex_ws/install/nav2_amcl/lib/libsensors_lib.so
[0.393s] Invoked command in '/home/agilex/agilex_ws/build/nav2_amcl' returned '0': AMENT_PREFIX_PATH=/home/agilex/agilex_ws/install/nav2_util:/home/agilex/agilex_ws/install/nav2_msgs:/home/agilex/agilex_ws/install/nav2_common CMAKE_PREFIX_PATH=/home/agilex/agilex_ws/install/nav2_util:/home/agilex/agilex_ws/install/nav2_msgs:/home/agilex/agilex_ws/install/nav2_common LD_LIBRARY_PATH=/home/agilex/agilex_ws/install/nav2_util/lib:/home/agilex/agilex_ws/install/nav2_msgs/lib PYTHONPATH=/home/agilex/agilex_ws/install/nav2_msgs/local/lib/python3.10/dist-packages:/home/agilex/agilex_ws/install/nav2_common/local/lib/python3.10/dist-packages /usr/bin/cmake --install /home/agilex/agilex_ws/build/nav2_amcl
