[0.107s] Invoking command in '/home/agilex/agilex_ws/build/magic_enum': CMAKE_PREFIX_PATH=${CMAKE_PREFIX_PATH}:/home/agilex/agilex_ws/install/yolov5_ros2:/home/agilex/agilex_ws/install/nav2_simple_commander:/opt/ros/humble /usr/bin/cmake --build /home/agilex/agilex_ws/build/magic_enum -- -j16 -l16
[0.304s] [ 11%] Built target example
[0.304s] [ 22%] Built target example_custom_name
[0.304s] [ 33%] Built target example_switch
[0.316s] [ 55%] Built target test-cpp17
[0.316s] [ 55%] Built target test-cpp20
[0.326s] [ 66%] Built target enum_flag_example
[0.334s] [ 77%] Built target example_nonascii_name
[0.345s] [ 88%] Built target test_flags-cpp17
[0.351s] [100%] Built target test_flags-cpp20
[0.394s] Invoked command in '/home/agilex/agilex_ws/build/magic_enum' returned '0': CMAKE_PREFIX_PATH=${CMAKE_PREFIX_PATH}:/home/agilex/agilex_ws/install/yolov5_ros2:/home/agilex/agilex_ws/install/nav2_simple_commander:/opt/ros/humble /usr/bin/cmake --build /home/agilex/agilex_ws/build/magic_enum -- -j16 -l16
[0.631s] Invoking command in '/home/agilex/agilex_ws/build/magic_enum': CMAKE_PREFIX_PATH=${CMAKE_PREFIX_PATH}:/home/agilex/agilex_ws/install/yolov5_ros2:/home/agilex/agilex_ws/install/nav2_simple_commander:/opt/ros/humble /usr/bin/cmake --install /home/agilex/agilex_ws/build/magic_enum
[0.727s] -- Install configuration: ""
[0.727s] -- Up-to-date: /home/agilex/agilex_ws/install/magic_enum/lib/cmake/magic_enum/magic_enumConfigVersion.cmake
[0.728s] -- Up-to-date: /home/agilex/agilex_ws/install/magic_enum/lib/cmake/magic_enum/magic_enumConfig.cmake
[0.728s] -- Up-to-date: /home/agilex/agilex_ws/install/magic_enum/./include
[0.728s] -- Up-to-date: /home/agilex/agilex_ws/install/magic_enum/./include/magic_enum.hpp
[0.728s] -- Up-to-date: /home/agilex/agilex_ws/install/magic_enum/./include/magic_enum_fuse.hpp
[0.728s] -- Up-to-date: /home/agilex/agilex_ws/install/magic_enum/share/magic_enum/package.xml
[0.767s] Invoked command in '/home/agilex/agilex_ws/build/magic_enum' returned '0': CMAKE_PREFIX_PATH=${CMAKE_PREFIX_PATH}:/home/agilex/agilex_ws/install/yolov5_ros2:/home/agilex/agilex_ws/install/nav2_simple_commander:/opt/ros/humble /usr/bin/cmake --install /home/agilex/agilex_ws/build/magic_enum
