[0.017s] Invoking command in '/home/agilex/agilex_ws/build/costmap_queue': AMENT_PREFIX_PATH=/home/agilex/agilex_ws/install/nav2_costmap_2d:/home/agilex/agilex_ws/install/nav2_util:/home/agilex/agilex_ws/install/nav2_voxel_grid:/home/agilex/agilex_ws/install/nav2_msgs:/home/agilex/agilex_ws/install/nav2_common CMAKE_PREFIX_PATH=/home/agilex/agilex_ws/install/nav2_costmap_2d:/home/agilex/agilex_ws/install/nav2_util:/home/agilex/agilex_ws/install/nav2_voxel_grid:/home/agilex/agilex_ws/install/nav2_msgs:/home/agilex/agilex_ws/install/nav2_common LD_LIBRARY_PATH=/home/agilex/agilex_ws/install/nav2_costmap_2d/lib:/home/agilex/agilex_ws/install/nav2_util/lib:/home/agilex/agilex_ws/install/nav2_voxel_grid/lib:/home/agilex/agilex_ws/install/nav2_msgs/lib PYTHONPATH=/home/agilex/agilex_ws/install/nav2_msgs/local/lib/python3.10/dist-packages:/home/agilex/agilex_ws/install/nav2_common/local/lib/python3.10/dist-packages /usr/bin/cmake --build /home/agilex/agilex_ws/build/costmap_queue -- -j16 -l16
[0.062s] [ 18%] Built target gtest_main
[0.062s] [ 45%] Built target costmap_queue
[0.067s] [ 63%] Built target gtest
[0.087s] [ 81%] Built target mbq_test
[0.089s] [100%] Built target utest
[0.102s] Invoked command in '/home/agilex/agilex_ws/build/costmap_queue' returned '0': AMENT_PREFIX_PATH=/home/agilex/agilex_ws/install/nav2_costmap_2d:/home/agilex/agilex_ws/install/nav2_util:/home/agilex/agilex_ws/install/nav2_voxel_grid:/home/agilex/agilex_ws/install/nav2_msgs:/home/agilex/agilex_ws/install/nav2_common CMAKE_PREFIX_PATH=/home/agilex/agilex_ws/install/nav2_costmap_2d:/home/agilex/agilex_ws/install/nav2_util:/home/agilex/agilex_ws/install/nav2_voxel_grid:/home/agilex/agilex_ws/install/nav2_msgs:/home/agilex/agilex_ws/install/nav2_common LD_LIBRARY_PATH=/home/agilex/agilex_ws/install/nav2_costmap_2d/lib:/home/agilex/agilex_ws/install/nav2_util/lib:/home/agilex/agilex_ws/install/nav2_voxel_grid/lib:/home/agilex/agilex_ws/install/nav2_msgs/lib PYTHONPATH=/home/agilex/agilex_ws/install/nav2_msgs/local/lib/python3.10/dist-packages:/home/agilex/agilex_ws/install/nav2_common/local/lib/python3.10/dist-packages /usr/bin/cmake --build /home/agilex/agilex_ws/build/costmap_queue -- -j16 -l16
[0.233s] Invoking command in '/home/agilex/agilex_ws/build/costmap_queue': AMENT_PREFIX_PATH=/home/agilex/agilex_ws/install/nav2_costmap_2d:/home/agilex/agilex_ws/install/nav2_util:/home/agilex/agilex_ws/install/nav2_voxel_grid:/home/agilex/agilex_ws/install/nav2_msgs:/home/agilex/agilex_ws/install/nav2_common CMAKE_PREFIX_PATH=/home/agilex/agilex_ws/install/nav2_costmap_2d:/home/agilex/agilex_ws/install/nav2_util:/home/agilex/agilex_ws/install/nav2_voxel_grid:/home/agilex/agilex_ws/install/nav2_msgs:/home/agilex/agilex_ws/install/nav2_common LD_LIBRARY_PATH=/home/agilex/agilex_ws/install/nav2_costmap_2d/lib:/home/agilex/agilex_ws/install/nav2_util/lib:/home/agilex/agilex_ws/install/nav2_voxel_grid/lib:/home/agilex/agilex_ws/install/nav2_msgs/lib PYTHONPATH=/home/agilex/agilex_ws/install/nav2_msgs/local/lib/python3.10/dist-packages:/home/agilex/agilex_ws/install/nav2_common/local/lib/python3.10/dist-packages /usr/bin/cmake --install /home/agilex/agilex_ws/build/costmap_queue
[0.240s] -- Install configuration: "Release"
[0.240s] -- Up-to-date: /home/agilex/agilex_ws/install/costmap_queue/lib/libcostmap_queue.a
[0.241s] -- Up-to-date: /home/agilex/agilex_ws/install/costmap_queue/include/
[0.241s] -- Up-to-date: /home/agilex/agilex_ws/install/costmap_queue/include//costmap_queue
[0.241s] -- Up-to-date: /home/agilex/agilex_ws/install/costmap_queue/include//costmap_queue/limited_costmap_queue.hpp
[0.241s] -- Up-to-date: /home/agilex/agilex_ws/install/costmap_queue/include//costmap_queue/costmap_queue.hpp
[0.241s] -- Up-to-date: /home/agilex/agilex_ws/install/costmap_queue/include//costmap_queue/map_based_queue.hpp
[0.241s] -- Up-to-date: /home/agilex/agilex_ws/install/costmap_queue/share/costmap_queue/environment/library_path.sh
[0.241s] -- Up-to-date: /home/agilex/agilex_ws/install/costmap_queue/share/costmap_queue/environment/library_path.dsv
[0.241s] -- Up-to-date: /home/agilex/agilex_ws/install/costmap_queue/share/ament_index/resource_index/package_run_dependencies/costmap_queue
[0.241s] -- Up-to-date: /home/agilex/agilex_ws/install/costmap_queue/share/ament_index/resource_index/parent_prefix_path/costmap_queue
[0.241s] -- Up-to-date: /home/agilex/agilex_ws/install/costmap_queue/share/costmap_queue/environment/ament_prefix_path.sh
[0.241s] -- Up-to-date: /home/agilex/agilex_ws/install/costmap_queue/share/costmap_queue/environment/ament_prefix_path.dsv
[0.241s] -- Up-to-date: /home/agilex/agilex_ws/install/costmap_queue/share/costmap_queue/environment/path.sh
[0.241s] -- Up-to-date: /home/agilex/agilex_ws/install/costmap_queue/share/costmap_queue/environment/path.dsv
[0.242s] -- Up-to-date: /home/agilex/agilex_ws/install/costmap_queue/share/costmap_queue/local_setup.bash
[0.242s] -- Up-to-date: /home/agilex/agilex_ws/install/costmap_queue/share/costmap_queue/local_setup.sh
[0.242s] -- Up-to-date: /home/agilex/agilex_ws/install/costmap_queue/share/costmap_queue/local_setup.zsh
[0.242s] -- Up-to-date: /home/agilex/agilex_ws/install/costmap_queue/share/costmap_queue/local_setup.dsv
[0.242s] -- Installing: /home/agilex/agilex_ws/install/costmap_queue/share/costmap_queue/package.dsv
[0.242s] -- Up-to-date: /home/agilex/agilex_ws/install/costmap_queue/share/ament_index/resource_index/packages/costmap_queue
[0.242s] -- Up-to-date: /home/agilex/agilex_ws/install/costmap_queue/share/costmap_queue/cmake/ament_cmake_export_include_directories-extras.cmake
[0.242s] -- Up-to-date: /home/agilex/agilex_ws/install/costmap_queue/share/costmap_queue/cmake/ament_cmake_export_libraries-extras.cmake
[0.242s] -- Up-to-date: /home/agilex/agilex_ws/install/costmap_queue/share/costmap_queue/cmake/costmap_queueConfig.cmake
[0.242s] -- Up-to-date: /home/agilex/agilex_ws/install/costmap_queue/share/costmap_queue/cmake/costmap_queueConfig-version.cmake
[0.242s] -- Up-to-date: /home/agilex/agilex_ws/install/costmap_queue/share/costmap_queue/package.xml
[0.292s] Invoked command in '/home/agilex/agilex_ws/build/costmap_queue' returned '0': AMENT_PREFIX_PATH=/home/agilex/agilex_ws/install/nav2_costmap_2d:/home/agilex/agilex_ws/install/nav2_util:/home/agilex/agilex_ws/install/nav2_voxel_grid:/home/agilex/agilex_ws/install/nav2_msgs:/home/agilex/agilex_ws/install/nav2_common CMAKE_PREFIX_PATH=/home/agilex/agilex_ws/install/nav2_costmap_2d:/home/agilex/agilex_ws/install/nav2_util:/home/agilex/agilex_ws/install/nav2_voxel_grid:/home/agilex/agilex_ws/install/nav2_msgs:/home/agilex/agilex_ws/install/nav2_common LD_LIBRARY_PATH=/home/agilex/agilex_ws/install/nav2_costmap_2d/lib:/home/agilex/agilex_ws/install/nav2_util/lib:/home/agilex/agilex_ws/install/nav2_voxel_grid/lib:/home/agilex/agilex_ws/install/nav2_msgs/lib PYTHONPATH=/home/agilex/agilex_ws/install/nav2_msgs/local/lib/python3.10/dist-packages:/home/agilex/agilex_ws/install/nav2_common/local/lib/python3.10/dist-packages /usr/bin/cmake --install /home/agilex/agilex_ws/build/costmap_queue
