[0.018s] Invoking command in '/home/agilex/agilex_ws/build/nav2_common': /usr/bin/cmake /home/agilex/agilex_ws/src/navigation2/nav2_common -DCMAKE_INSTALL_PREFIX=/home/agilex/agilex_ws/install/nav2_common
[0.041s] -- Configuring incomplete, errors occurred!
[0.041s] See also "/home/agilex/agilex_ws/build/nav2_common/CMakeFiles/CMakeOutput.log".
[0.041s] [31mCMake Error at CMakeLists.txt:5 (find_package):
[0.042s]   By not providing "Findament_cmake_core.cmake" in CMAKE_MODULE_PATH this
[0.042s]   project has asked CMake to find a package configuration file provided by
[0.042s]   "ament_cmake_core", but CMake did not find one.
[0.042s] 
[0.042s]   Could not find a package configuration file provided by "ament_cmake_core"
[0.042s]   with any of the following names:
[0.043s] 
[0.044s]     ament_cmake_coreConfig.cmake
[0.044s]     ament_cmake_core-config.cmake
[0.044s] 
[0.044s]   Add the installation prefix of "ament_cmake_core" to CMAKE_PREFIX_PATH or
[0.044s]   set "ament_cmake_core_DIR" to a directory containing one of the above
[0.045s]   files.  If "ament_cmake_core" provides a separate development package or
[0.045s]   SDK, be sure it has been installed.
[0.045s] 
[0.045s] [0m
[0.045s] Invoked command in '/home/agilex/agilex_ws/build/nav2_common' returned '1': /usr/bin/cmake /home/agilex/agilex_ws/src/navigation2/nav2_common -DCMAKE_INSTALL_PREFIX=/home/agilex/agilex_ws/install/nav2_common
