-- Found ament_cmake: 1.3.6 (/opt/ros/humble/share/ament_cmake/cmake)
-- Found Python3: /usr/bin/python3.10 (found version "3.10.12") found components: Interpreter 
-- Found cv_bridge: 3.2.1 (/opt/ros/humble/share/cv_bridge/cmake)
-- Found rosidl_generator_c: 3.1.5 (/opt/ros/humble/share/rosidl_generator_c/cmake)
-- Found rosidl_adapter: 3.1.5 (/opt/ros/humble/share/rosidl_adapter/cmake)
-- Found rosidl_generator_cpp: 3.1.5 (/opt/ros/humble/share/rosidl_generator_cpp/cmake)
-- Using all available rosidl_typesupport_c: rosidl_typesupport_fastrtps_c;rosidl_typesupport_introspection_c
-- Using all available rosidl_typesupport_cpp: rosidl_typesupport_fastrtps_cpp;rosidl_typesupport_introspection_cpp
-- Found image_transport: 3.1.7 (/opt/ros/humble/share/image_transport/cmake)
-- Found rmw_implementation_cmake: 6.1.1 (/opt/ros/humble/share/rmw_implementation_cmake/cmake)
-- Found rmw_fastrtps_cpp: 6.2.5 (/opt/ros/humble/share/rmw_fastrtps_cpp/cmake)
-- Using RMW implementation 'rmw_fastrtps_cpp' as default
-- Found rclpy: 3.3.11 (/opt/ros/humble/share/rclpy/cmake)
-- Found tf2: 0.25.5 (/opt/ros/humble/share/tf2/cmake)
-- Found tf2_ros: 0.25.5 (/opt/ros/humble/share/tf2_ros/cmake)
-- Found tf2_geometry_msgs: 0.25.5 (/opt/ros/humble/share/tf2_geometry_msgs/cmake)
-- Found eigen3_cmake_module: 0.1.1 (/opt/ros/humble/share/eigen3_cmake_module/cmake)
-- Ensuring Eigen3 include directory is part of orocos-kdl CMake target
-- Found aruco: 3.1.2 (/home/agilex/agilex_ws/install/aruco/share/aruco/cmake)
-- Found aruco_msgs: 3.1.2 (/home/agilex/agilex_ws/install/aruco_msgs/share/aruco_msgs/cmake)
-- Found visualization_msgs: 4.2.3 (/opt/ros/humble/share/visualization_msgs/cmake)
-- Found ament_lint_auto: 0.12.9 (/opt/ros/humble/share/ament_lint_auto/cmake)
-- Added test 'cppcheck' to perform static code analysis on C / C++ code
-- Configured cppcheck include dirs: /home/agilex/agilex_ws/src/aruco_ros/aruco_ros/include
-- Configured cppcheck exclude dirs and/or files: 
-- Added test 'cpplint' to check C / C++ code against the Google style
-- Configured cpplint exclude dirs and/or files: 
-- Added test 'flake8' to check Python code syntax and style conventions
-- Added test 'lint_cmake' to check CMake code style
-- Added test 'pep257' to check Python code against some of the docstring style conventions in PEP 257
-- Added test 'uncrustify' to check C / C++ code style
-- Configured uncrustify additional arguments: 
-- Added test 'xmllint' to check XML markup files
-- Configuring done
-- Generating done
-- Build files have been written to: /home/agilex/agilex_ws/build/aruco_ros
[35m[1mConsolidate compiler generated dependencies of target aruco_ros_utils[0m
[  9%] [32mBuilding CXX object CMakeFiles/aruco_ros_utils.dir/src/aruco_ros_utils.cpp.o[0m
[ 18%] [32m[1mLinking CXX shared library libaruco_ros_utils.so[0m
[ 18%] Built target aruco_ros_utils
[35m[1mConsolidate compiler generated dependencies of target marker_publisher[0m
[ 27%] [32mBuilding CXX object CMakeFiles/marker_publisher.dir/src/marker_publish.cpp.o[0m
In file included from [01m[K/home/agilex/agilex_ws/src/aruco_ros/aruco_ros/src/marker_publish.cpp:44[m[K:
[01m[K/opt/ros/humble/include/image_transport/image_transport/image_transport.h:32:89:[m[K [01;36m[Knote: [m[K‘[01m[K#pragma message: Warning: This header is deprecated. Use 'image_transport.hpp' instead[m[K’
   32 | #pragma message ("Warning: This header is deprecated. Use 'image_transport.hpp' instead"[01;36m[K)[m[K
      |                                                                                         [01;36m[K^[m[K
[01m[K/home/agilex/agilex_ws/src/aruco_ros/aruco_ros/src/marker_publish.cpp:[m[K In member function ‘[01m[Kbool ArucoMarkerPublisher::setup()[m[K’:
[01m[K/home/agilex/agilex_ws/src/aruco_ros/aruco_ros/src/marker_publish.cpp:113:23:[m[K [01;35m[Kwarning: [m[Kvariable ‘[01m[Kqos[m[K’ set but not used [[01;35m[K]8;;https://gcc.gnu.org/onlinedocs/gcc/Warning-Options.html#index-Wunused-but-set-variable-Wunused-but-set-variable]8;;[m[K]
  113 |     rmw_qos_profile_t [01;35m[Kqos[m[K = rmw_qos_profile_sensor_data;
      |                       [01;35m[K^~~[m[K
[01m[K/home/agilex/agilex_ws/src/aruco_ros/aruco_ros/src/marker_publish.cpp:166:3:[m[K [01;35m[Kwarning: [m[Kno return statement in function returning non-void [[01;35m[K]8;;https://gcc.gnu.org/onlinedocs/gcc/Warning-Options.html#index-Wreturn-type-Wreturn-type]8;;[m[K]
  166 |   [01;35m[K}[m[K
      |   [01;35m[K^[m[K
[ 36%] [32mBuilding CXX object CMakeFiles/marker_publisher.dir/src/aruco_ros_utils.cpp.o[0m
[ 45%] [32m[1mLinking CXX executable marker_publisher[0m
[ 45%] Built target marker_publisher
[35m[1mConsolidate compiler generated dependencies of target double[0m
[ 54%] [32mBuilding CXX object CMakeFiles/double.dir/src/simple_double.cpp.o[0m
[ 63%] [32mBuilding CXX object CMakeFiles/double.dir/src/aruco_ros_utils.cpp.o[0m
[ 72%] [32m[1mLinking CXX executable double[0m
[ 72%] Built target double
[35m[1mConsolidate compiler generated dependencies of target single[0m
[ 81%] [32mBuilding CXX object CMakeFiles/single.dir/src/simple_single.cpp.o[0m
[ 90%] [32mBuilding CXX object CMakeFiles/single.dir/src/aruco_ros_utils.cpp.o[0m
[100%] [32m[1mLinking CXX executable single[0m
[100%] Built target single
-- Install configuration: ""
-- Installing: /home/agilex/agilex_ws/install/aruco_ros/lib/libaruco_ros_utils.so
-- Set runtime path of "/home/agilex/agilex_ws/install/aruco_ros/lib/libaruco_ros_utils.so" to ""
-- Installing: /home/agilex/agilex_ws/install/aruco_ros/lib/aruco_ros/marker_publisher
-- Set runtime path of "/home/agilex/agilex_ws/install/aruco_ros/lib/aruco_ros/marker_publisher" to ""
-- Installing: /home/agilex/agilex_ws/install/aruco_ros/lib/aruco_ros/single
-- Set runtime path of "/home/agilex/agilex_ws/install/aruco_ros/lib/aruco_ros/single" to ""
-- Installing: /home/agilex/agilex_ws/install/aruco_ros/lib/aruco_ros/double
-- Set runtime path of "/home/agilex/agilex_ws/install/aruco_ros/lib/aruco_ros/double" to ""
-- Up-to-date: /home/agilex/agilex_ws/install/aruco_ros/include
-- Up-to-date: /home/agilex/agilex_ws/install/aruco_ros/include/aruco_ros
-- Up-to-date: /home/agilex/agilex_ws/install/aruco_ros/share/aruco_ros/etc
-- Up-to-date: /home/agilex/agilex_ws/install/aruco_ros/share/aruco_ros/etc/marker_in_object.jpg
-- Up-to-date: /home/agilex/agilex_ws/install/aruco_ros/share/aruco_ros/etc/reem_gazebo_floating_marker.png
-- Up-to-date: /home/agilex/agilex_ws/install/aruco_ros/share/aruco_ros/etc/marker_in_hand.jpg
-- Up-to-date: /home/agilex/agilex_ws/install/aruco_ros/share/aruco_ros/etc/new_coordinates.png
-- Up-to-date: /home/agilex/agilex_ws/install/aruco_ros/share/aruco_ros/etc/marker26_5cm_margin_2cm.jpg
-- Up-to-date: /home/agilex/agilex_ws/install/aruco_ros/share/aruco_ros/etc/reem_gazebo_floating_marker_world.png
-- Up-to-date: /home/agilex/agilex_ws/install/aruco_ros/share/aruco_ros/etc/marker582_5cm_margin_2cm.jpg
-- Up-to-date: /home/agilex/agilex_ws/install/aruco_ros/share/aruco_ros/etc/marker582_5cm.jpg
-- Up-to-date: /home/agilex/agilex_ws/install/aruco_ros/share/aruco_ros/etc/marker26_5cm.jpg
-- Up-to-date: /home/agilex/agilex_ws/install/aruco_ros/share/aruco_ros/etc/marker26_5cm_margin_1cm.jpg
-- Up-to-date: /home/agilex/agilex_ws/install/aruco_ros/share/aruco_ros/launch
-- Up-to-date: /home/agilex/agilex_ws/install/aruco_ros/share/aruco_ros/launch/double.launch.py
-- Up-to-date: /home/agilex/agilex_ws/install/aruco_ros/share/aruco_ros/launch/marker_publisher.launch.py
-- Up-to-date: /home/agilex/agilex_ws/install/aruco_ros/share/aruco_ros/launch/single.launch.py
-- Up-to-date: /home/agilex/agilex_ws/install/aruco_ros/share/ament_index/resource_index/package_run_dependencies/aruco_ros
-- Installing: /home/agilex/agilex_ws/install/aruco_ros/share/ament_index/resource_index/parent_prefix_path/aruco_ros
-- Installing: /home/agilex/agilex_ws/install/aruco_ros/share/aruco_ros/environment/ament_prefix_path.sh
-- Installing: /home/agilex/agilex_ws/install/aruco_ros/share/aruco_ros/environment/ament_prefix_path.dsv
-- Installing: /home/agilex/agilex_ws/install/aruco_ros/share/aruco_ros/environment/path.sh
-- Installing: /home/agilex/agilex_ws/install/aruco_ros/share/aruco_ros/environment/path.dsv
-- Up-to-date: /home/agilex/agilex_ws/install/aruco_ros/share/aruco_ros/local_setup.bash
-- Up-to-date: /home/agilex/agilex_ws/install/aruco_ros/share/aruco_ros/local_setup.sh
-- Up-to-date: /home/agilex/agilex_ws/install/aruco_ros/share/aruco_ros/local_setup.zsh
-- Installing: /home/agilex/agilex_ws/install/aruco_ros/share/aruco_ros/local_setup.dsv
-- Installing: /home/agilex/agilex_ws/install/aruco_ros/share/aruco_ros/package.dsv
-- Up-to-date: /home/agilex/agilex_ws/install/aruco_ros/share/ament_index/resource_index/packages/aruco_ros
-- Up-to-date: /home/agilex/agilex_ws/install/aruco_ros/share/aruco_ros/cmake/aruco_rosConfig.cmake
-- Up-to-date: /home/agilex/agilex_ws/install/aruco_ros/share/aruco_ros/cmake/aruco_rosConfig-version.cmake
-- Up-to-date: /home/agilex/agilex_ws/install/aruco_ros/share/aruco_ros/package.xml
