[0.182s] Invoking command in '/home/agilex/agilex_ws/build/limo_car': CMAKE_PREFIX_PATH=${CMAKE_PREFIX_PATH}:/home/agilex/agilex_ws/install/yolov5_ros2:/home/agilex/agilex_ws/install/nav2_simple_commander:/opt/ros/humble /usr/bin/cmake --build /home/agilex/agilex_ws/build/limo_car -- -j16 -l16
[0.369s] Invoked command in '/home/agilex/agilex_ws/build/limo_car' returned '0': CMAKE_PREFIX_PATH=${CMAKE_PREFIX_PATH}:/home/agilex/agilex_ws/install/yolov5_ros2:/home/agilex/agilex_ws/install/nav2_simple_commander:/opt/ros/humble /usr/bin/cmake --build /home/agilex/agilex_ws/build/limo_car -- -j16 -l16
[0.560s] Invoking command in '/home/agilex/agilex_ws/build/limo_car': CMAKE_PREFIX_PATH=${CMAKE_PREFIX_PATH}:/home/agilex/agilex_ws/install/yolov5_ros2:/home/agilex/agilex_ws/install/nav2_simple_commander:/opt/ros/humble /usr/bin/cmake --install /home/agilex/agilex_ws/build/limo_car
[0.605s] -- Install configuration: ""
[0.605s] -- Up-to-date: /home/agilex/agilex_ws/install/limo_car/share/limo_car/launch
[0.605s] -- Up-to-date: /home/agilex/agilex_ws/install/limo_car/share/limo_car/launch/ackermann_gazebo.launch.py
[0.606s] -- Up-to-date: /home/agilex/agilex_ws/install/limo_car/share/limo_car/launch/__pycache__
[0.606s] -- Up-to-date: /home/agilex/agilex_ws/install/limo_car/share/limo_car/launch/__pycache__/ackermann.launch.cpython-310.pyc
[0.606s] -- Up-to-date: /home/agilex/agilex_ws/install/limo_car/share/limo_car/launch/__pycache__/ackermann_gazebo.launch.cpython-310.pyc
[0.606s] -- Up-to-date: /home/agilex/agilex_ws/install/limo_car/share/limo_car/launch/display_ackermann.launch.py
[0.606s] -- Up-to-date: /home/agilex/agilex_ws/install/limo_car/share/limo_car/launch/ackermann.launch.py
[0.606s] -- Up-to-date: /home/agilex/agilex_ws/install/limo_car/share/limo_car/gazebo
[0.606s] -- Up-to-date: /home/agilex/agilex_ws/install/limo_car/share/limo_car/gazebo/sensor.xacro
[0.606s] -- Up-to-date: /home/agilex/agilex_ws/install/limo_car/share/limo_car/gazebo/ackermann.xacro
[0.606s] -- Up-to-date: /home/agilex/agilex_ws/install/limo_car/share/limo_car/gazebo/ackermann_with_sensor.xacro
[0.606s] -- Up-to-date: /home/agilex/agilex_ws/install/limo_car/share/limo_car/log
[0.606s] -- Up-to-date: /home/agilex/agilex_ws/install/limo_car/share/limo_car/log/COLCON_IGNORE
[0.606s] -- Up-to-date: /home/agilex/agilex_ws/install/limo_car/share/limo_car/log/latest
[0.606s] -- Up-to-date: /home/agilex/agilex_ws/install/limo_car/share/limo_car/log/latest_build
[0.606s] -- Up-to-date: /home/agilex/agilex_ws/install/limo_car/share/limo_car/log/build_2022-12-14_17-02-44
[0.606s] -- Up-to-date: /home/agilex/agilex_ws/install/limo_car/share/limo_car/log/build_2022-12-14_17-02-44/events.log
[0.607s] -- Up-to-date: /home/agilex/agilex_ws/install/limo_car/share/limo_car/log/build_2022-12-14_17-02-44/logger_all.log
[0.607s] -- Up-to-date: /home/agilex/agilex_ws/install/limo_car/share/limo_car/log/build_2022-12-14_17-02-44/limo_car
[0.607s] -- Up-to-date: /home/agilex/agilex_ws/install/limo_car/share/limo_car/log/build_2022-12-14_17-02-44/limo_car/stderr.log
[0.607s] -- Up-to-date: /home/agilex/agilex_ws/install/limo_car/share/limo_car/log/build_2022-12-14_17-02-44/limo_car/streams.log
[0.607s] -- Up-to-date: /home/agilex/agilex_ws/install/limo_car/share/limo_car/log/build_2022-12-14_17-02-44/limo_car/command.log
[0.607s] -- Up-to-date: /home/agilex/agilex_ws/install/limo_car/share/limo_car/log/build_2022-12-14_17-02-44/limo_car/stdout.log
[0.607s] -- Up-to-date: /home/agilex/agilex_ws/install/limo_car/share/limo_car/log/build_2022-12-14_17-02-44/limo_car/stdout_stderr.log
[0.607s] -- Up-to-date: /home/agilex/agilex_ws/install/limo_car/share/limo_car/meshes
[0.607s] -- Up-to-date: /home/agilex/agilex_ws/install/limo_car/share/limo_car/meshes/limo_wheel.stl
[0.607s] -- Up-to-date: /home/agilex/agilex_ws/install/limo_car/share/limo_car/meshes/limo_base.stl
[0.607s] -- Up-to-date: /home/agilex/agilex_ws/install/limo_car/share/limo_car/meshes/limo_base.dae
[0.607s] -- Up-to-date: /home/agilex/agilex_ws/install/limo_car/share/limo_car/meshes/limo_wheel.dae
[0.607s] -- Up-to-date: /home/agilex/agilex_ws/install/limo_car/share/limo_car/rviz
[0.607s] -- Up-to-date: /home/agilex/agilex_ws/install/limo_car/share/limo_car/rviz/gazebo.rviz
[0.608s] -- Up-to-date: /home/agilex/agilex_ws/install/limo_car/share/limo_car/rviz/urdf.rviz
[0.608s] -- Up-to-date: /home/agilex/agilex_ws/install/limo_car/share/limo_car/src
[0.608s] -- Up-to-date: /home/agilex/agilex_ws/install/limo_car/share/limo_car/urdf
[0.608s] -- Up-to-date: /home/agilex/agilex_ws/install/limo_car/share/limo_car/urdf/limo_anteil.xacro
[0.608s] -- Up-to-date: /home/agilex/agilex_ws/install/limo_car/share/limo_car/urdf/limo_ackerman_base.xacro
[0.608s] -- Up-to-date: /home/agilex/agilex_ws/install/limo_car/share/limo_car/urdf/limo_steering_hinge.xacro
[0.608s] -- Up-to-date: /home/agilex/agilex_ws/install/limo_car/share/limo_car/worlds
[0.608s] -- Up-to-date: /home/agilex/agilex_ws/install/limo_car/share/limo_car/worlds/empty_world.model
[0.608s] -- Up-to-date: /home/agilex/agilex_ws/install/limo_car/share/ament_index/resource_index/package_run_dependencies/limo_car
[0.608s] -- Up-to-date: /home/agilex/agilex_ws/install/limo_car/share/ament_index/resource_index/parent_prefix_path/limo_car
[0.608s] -- Up-to-date: /home/agilex/agilex_ws/install/limo_car/share/limo_car/environment/ament_prefix_path.sh
[0.608s] -- Up-to-date: /home/agilex/agilex_ws/install/limo_car/share/limo_car/environment/ament_prefix_path.dsv
[0.609s] -- Up-to-date: /home/agilex/agilex_ws/install/limo_car/share/limo_car/environment/path.sh
[0.609s] -- Up-to-date: /home/agilex/agilex_ws/install/limo_car/share/limo_car/environment/path.dsv
[0.609s] -- Up-to-date: /home/agilex/agilex_ws/install/limo_car/share/limo_car/local_setup.bash
[0.609s] -- Up-to-date: /home/agilex/agilex_ws/install/limo_car/share/limo_car/local_setup.sh
[0.609s] -- Up-to-date: /home/agilex/agilex_ws/install/limo_car/share/limo_car/local_setup.zsh
[0.611s] -- Up-to-date: /home/agilex/agilex_ws/install/limo_car/share/limo_car/local_setup.dsv
[0.611s] -- Installing: /home/agilex/agilex_ws/install/limo_car/share/limo_car/package.dsv
[0.611s] -- Up-to-date: /home/agilex/agilex_ws/install/limo_car/share/ament_index/resource_index/packages/limo_car
[0.611s] -- Up-to-date: /home/agilex/agilex_ws/install/limo_car/share/limo_car/cmake/limo_carConfig.cmake
[0.611s] -- Up-to-date: /home/agilex/agilex_ws/install/limo_car/share/limo_car/cmake/limo_carConfig-version.cmake
[0.611s] -- Up-to-date: /home/agilex/agilex_ws/install/limo_car/share/limo_car/package.xml
[0.755s] Invoked command in '/home/agilex/agilex_ws/build/limo_car' returned '0': CMAKE_PREFIX_PATH=${CMAKE_PREFIX_PATH}:/home/agilex/agilex_ws/install/yolov5_ros2:/home/agilex/agilex_ws/install/nav2_simple_commander:/opt/ros/humble /usr/bin/cmake --install /home/agilex/agilex_ws/build/limo_car
