[0.093s] Invoking command in '/home/agilex/agilex_ws/build/nav2_smoother': AMENT_PREFIX_PATH=/home/agilex/agilex_ws/install/nav2_core:/home/agilex/agilex_ws/install/nav2_costmap_2d:/home/agilex/agilex_ws/install/nav_2d_utils:/home/agilex/agilex_ws/install/nav2_util:/home/agilex/agilex_ws/install/nav2_voxel_grid:/home/agilex/agilex_ws/install/nav2_msgs:/home/agilex/agilex_ws/install/nav_2d_msgs:/home/agilex/agilex_ws/install/nav2_common:${AMENT_PREFIX_PATH} CMAKE_PREFIX_PATH=/home/agilex/agilex_ws/install/nav2_core:/home/agilex/agilex_ws/install/nav2_costmap_2d:/home/agilex/agilex_ws/install/nav_2d_utils:/home/agilex/agilex_ws/install/nav2_util:/home/agilex/agilex_ws/install/nav2_voxel_grid:/home/agilex/agilex_ws/install/nav2_msgs:/home/agilex/agilex_ws/install/nav_2d_msgs:/home/agilex/agilex_ws/install/nav2_common:/opt/ros/humble LD_LIBRARY_PATH=/home/agilex/agilex_ws/install/nav2_costmap_2d/lib:/home/agilex/agilex_ws/install/nav_2d_utils/lib:/home/agilex/agilex_ws/install/nav2_util/lib:/home/agilex/agilex_ws/install/nav2_voxel_grid/lib:/home/agilex/agilex_ws/install/nav2_msgs/lib:/home/agilex/agilex_ws/install/nav_2d_msgs/lib:${LD_LIBRARY_PATH} PYTHONPATH=/home/agilex/agilex_ws/install/nav2_msgs/local/lib/python3.10/dist-packages:/home/agilex/agilex_ws/install/nav_2d_msgs/local/lib/python3.10/dist-packages:/home/agilex/agilex_ws/install/nav2_common/local/lib/python3.10/dist-packages:${PYTHONPATH} /usr/bin/cmake --build /home/agilex/agilex_ws/build/nav2_smoother -- -j8 -l8
[0.128s] [35m[1mConsolidate compiler generated dependencies of target smoother_server_core[0m
[0.132s] [35m[1mConsolidate compiler generated dependencies of target simple_smoother[0m
[0.143s] [35m[1mConsolidate compiler generated dependencies of target gtest_main[0m
[0.146s] [35m[1mConsolidate compiler generated dependencies of target gtest[0m
[0.165s] [ 14%] Built target smoother_server_core
[0.176s] [ 57%] Built target gtest_main
[0.176s] [ 57%] Built target gtest
[0.176s] [ 42%] Built target simple_smoother
[0.190s] [35m[1mConsolidate compiler generated dependencies of target smoother_server[0m
[0.201s] [35m[1mConsolidate compiler generated dependencies of target test_smoother_server[0m
[0.207s] [35m[1mConsolidate compiler generated dependencies of target test_simple_smoother[0m
[0.279s] [ 78%] Built target test_smoother_server
[0.280s] [100%] Built target smoother_server
[0.282s] [100%] Built target test_simple_smoother
[0.304s] Invoked command in '/home/agilex/agilex_ws/build/nav2_smoother' returned '0': AMENT_PREFIX_PATH=/home/agilex/agilex_ws/install/nav2_core:/home/agilex/agilex_ws/install/nav2_costmap_2d:/home/agilex/agilex_ws/install/nav_2d_utils:/home/agilex/agilex_ws/install/nav2_util:/home/agilex/agilex_ws/install/nav2_voxel_grid:/home/agilex/agilex_ws/install/nav2_msgs:/home/agilex/agilex_ws/install/nav_2d_msgs:/home/agilex/agilex_ws/install/nav2_common:${AMENT_PREFIX_PATH} CMAKE_PREFIX_PATH=/home/agilex/agilex_ws/install/nav2_core:/home/agilex/agilex_ws/install/nav2_costmap_2d:/home/agilex/agilex_ws/install/nav_2d_utils:/home/agilex/agilex_ws/install/nav2_util:/home/agilex/agilex_ws/install/nav2_voxel_grid:/home/agilex/agilex_ws/install/nav2_msgs:/home/agilex/agilex_ws/install/nav_2d_msgs:/home/agilex/agilex_ws/install/nav2_common:/opt/ros/humble LD_LIBRARY_PATH=/home/agilex/agilex_ws/install/nav2_costmap_2d/lib:/home/agilex/agilex_ws/install/nav_2d_utils/lib:/home/agilex/agilex_ws/install/nav2_util/lib:/home/agilex/agilex_ws/install/nav2_voxel_grid/lib:/home/agilex/agilex_ws/install/nav2_msgs/lib:/home/agilex/agilex_ws/install/nav_2d_msgs/lib:${LD_LIBRARY_PATH} PYTHONPATH=/home/agilex/agilex_ws/install/nav2_msgs/local/lib/python3.10/dist-packages:/home/agilex/agilex_ws/install/nav_2d_msgs/local/lib/python3.10/dist-packages:/home/agilex/agilex_ws/install/nav2_common/local/lib/python3.10/dist-packages:${PYTHONPATH} /usr/bin/cmake --build /home/agilex/agilex_ws/build/nav2_smoother -- -j8 -l8
[0.360s] Invoking command in '/home/agilex/agilex_ws/build/nav2_smoother': AMENT_PREFIX_PATH=/home/agilex/agilex_ws/install/nav2_core:/home/agilex/agilex_ws/install/nav2_costmap_2d:/home/agilex/agilex_ws/install/nav_2d_utils:/home/agilex/agilex_ws/install/nav2_util:/home/agilex/agilex_ws/install/nav2_voxel_grid:/home/agilex/agilex_ws/install/nav2_msgs:/home/agilex/agilex_ws/install/nav_2d_msgs:/home/agilex/agilex_ws/install/nav2_common:${AMENT_PREFIX_PATH} CMAKE_PREFIX_PATH=/home/agilex/agilex_ws/install/nav2_core:/home/agilex/agilex_ws/install/nav2_costmap_2d:/home/agilex/agilex_ws/install/nav_2d_utils:/home/agilex/agilex_ws/install/nav2_util:/home/agilex/agilex_ws/install/nav2_voxel_grid:/home/agilex/agilex_ws/install/nav2_msgs:/home/agilex/agilex_ws/install/nav_2d_msgs:/home/agilex/agilex_ws/install/nav2_common:/opt/ros/humble LD_LIBRARY_PATH=/home/agilex/agilex_ws/install/nav2_costmap_2d/lib:/home/agilex/agilex_ws/install/nav_2d_utils/lib:/home/agilex/agilex_ws/install/nav2_util/lib:/home/agilex/agilex_ws/install/nav2_voxel_grid/lib:/home/agilex/agilex_ws/install/nav2_msgs/lib:/home/agilex/agilex_ws/install/nav_2d_msgs/lib:${LD_LIBRARY_PATH} PYTHONPATH=/home/agilex/agilex_ws/install/nav2_msgs/local/lib/python3.10/dist-packages:/home/agilex/agilex_ws/install/nav_2d_msgs/local/lib/python3.10/dist-packages:/home/agilex/agilex_ws/install/nav2_common/local/lib/python3.10/dist-packages:${PYTHONPATH} /usr/bin/cmake --install /home/agilex/agilex_ws/build/nav2_smoother
[0.369s] -- Install configuration: "Release"
[0.372s] -- Up-to-date: /home/agilex/agilex_ws/install/nav2_smoother/share/nav2_smoother/plugins.xml
[0.377s] -- Up-to-date: /home/agilex/agilex_ws/install/nav2_smoother/lib/libsmoother_server_core.so
[0.380s] -- Up-to-date: /home/agilex/agilex_ws/install/nav2_smoother/lib/libsimple_smoother.so
[0.383s] -- Up-to-date: /home/agilex/agilex_ws/install/nav2_smoother/lib/nav2_smoother/smoother_server
[0.383s] -- Up-to-date: /home/agilex/agilex_ws/install/nav2_smoother/include/
[0.383s] -- Up-to-date: /home/agilex/agilex_ws/install/nav2_smoother/include//nav2_smoother
[0.383s] -- Up-to-date: /home/agilex/agilex_ws/install/nav2_smoother/include//nav2_smoother/nav2_smoother.hpp
[0.384s] -- Up-to-date: /home/agilex/agilex_ws/install/nav2_smoother/include//nav2_smoother/simple_smoother.hpp
[0.384s] -- Up-to-date: /home/agilex/agilex_ws/install/nav2_smoother/share/nav2_smoother/environment/library_path.sh
[0.384s] -- Up-to-date: /home/agilex/agilex_ws/install/nav2_smoother/share/nav2_smoother/environment/library_path.dsv
[0.384s] -- Up-to-date: /home/agilex/agilex_ws/install/nav2_smoother/share/ament_index/resource_index/package_run_dependencies/nav2_smoother
[0.384s] -- Up-to-date: /home/agilex/agilex_ws/install/nav2_smoother/share/ament_index/resource_index/parent_prefix_path/nav2_smoother
[0.385s] -- Up-to-date: /home/agilex/agilex_ws/install/nav2_smoother/share/nav2_smoother/environment/ament_prefix_path.sh
[0.387s] -- Up-to-date: /home/agilex/agilex_ws/install/nav2_smoother/share/nav2_smoother/environment/ament_prefix_path.dsv
[0.388s] -- Up-to-date: /home/agilex/agilex_ws/install/nav2_smoother/share/nav2_smoother/environment/path.sh
[0.388s] -- Up-to-date: /home/agilex/agilex_ws/install/nav2_smoother/share/nav2_smoother/environment/path.dsv
[0.388s] -- Up-to-date: /home/agilex/agilex_ws/install/nav2_smoother/share/nav2_smoother/local_setup.bash
[0.388s] -- Up-to-date: /home/agilex/agilex_ws/install/nav2_smoother/share/nav2_smoother/local_setup.sh
[0.388s] -- Up-to-date: /home/agilex/agilex_ws/install/nav2_smoother/share/nav2_smoother/local_setup.zsh
[0.388s] -- Up-to-date: /home/agilex/agilex_ws/install/nav2_smoother/share/nav2_smoother/local_setup.dsv
[0.388s] -- Installing: /home/agilex/agilex_ws/install/nav2_smoother/share/nav2_smoother/package.dsv
[0.388s] -- Up-to-date: /home/agilex/agilex_ws/install/nav2_smoother/share/ament_index/resource_index/packages/nav2_smoother
[0.392s] -- Up-to-date: /home/agilex/agilex_ws/install/nav2_smoother/share/ament_index/resource_index/nav2_core__pluginlib__plugin/nav2_smoother
[0.392s] -- Up-to-date: /home/agilex/agilex_ws/install/nav2_smoother/share/ament_index/resource_index/rclcpp_components/nav2_smoother
[0.392s] -- Up-to-date: /home/agilex/agilex_ws/install/nav2_smoother/share/nav2_smoother/cmake/ament_cmake_export_include_directories-extras.cmake
[0.392s] -- Up-to-date: /home/agilex/agilex_ws/install/nav2_smoother/share/nav2_smoother/cmake/ament_cmake_export_libraries-extras.cmake
[0.392s] -- Up-to-date: /home/agilex/agilex_ws/install/nav2_smoother/share/nav2_smoother/cmake/ament_cmake_export_dependencies-extras.cmake
[0.392s] -- Up-to-date: /home/agilex/agilex_ws/install/nav2_smoother/share/nav2_smoother/cmake/nav2_smootherConfig.cmake
[0.392s] -- Up-to-date: /home/agilex/agilex_ws/install/nav2_smoother/share/nav2_smoother/cmake/nav2_smootherConfig-version.cmake
[0.392s] -- Up-to-date: /home/agilex/agilex_ws/install/nav2_smoother/share/nav2_smoother/package.xml
[0.394s] Invoked command in '/home/agilex/agilex_ws/build/nav2_smoother' returned '0': AMENT_PREFIX_PATH=/home/agilex/agilex_ws/install/nav2_core:/home/agilex/agilex_ws/install/nav2_costmap_2d:/home/agilex/agilex_ws/install/nav_2d_utils:/home/agilex/agilex_ws/install/nav2_util:/home/agilex/agilex_ws/install/nav2_voxel_grid:/home/agilex/agilex_ws/install/nav2_msgs:/home/agilex/agilex_ws/install/nav_2d_msgs:/home/agilex/agilex_ws/install/nav2_common:${AMENT_PREFIX_PATH} CMAKE_PREFIX_PATH=/home/agilex/agilex_ws/install/nav2_core:/home/agilex/agilex_ws/install/nav2_costmap_2d:/home/agilex/agilex_ws/install/nav_2d_utils:/home/agilex/agilex_ws/install/nav2_util:/home/agilex/agilex_ws/install/nav2_voxel_grid:/home/agilex/agilex_ws/install/nav2_msgs:/home/agilex/agilex_ws/install/nav_2d_msgs:/home/agilex/agilex_ws/install/nav2_common:/opt/ros/humble LD_LIBRARY_PATH=/home/agilex/agilex_ws/install/nav2_costmap_2d/lib:/home/agilex/agilex_ws/install/nav_2d_utils/lib:/home/agilex/agilex_ws/install/nav2_util/lib:/home/agilex/agilex_ws/install/nav2_voxel_grid/lib:/home/agilex/agilex_ws/install/nav2_msgs/lib:/home/agilex/agilex_ws/install/nav_2d_msgs/lib:${LD_LIBRARY_PATH} PYTHONPATH=/home/agilex/agilex_ws/install/nav2_msgs/local/lib/python3.10/dist-packages:/home/agilex/agilex_ws/install/nav_2d_msgs/local/lib/python3.10/dist-packages:/home/agilex/agilex_ws/install/nav2_common/local/lib/python3.10/dist-packages:${PYTHONPATH} /usr/bin/cmake --install /home/agilex/agilex_ws/build/nav2_smoother
