[0.020s] Invoking command in '/home/agilex/agilex_ws/build/nav2_bt_navigator': AMENT_PREFIX_PATH=/home/agilex/agilex_ws/install/nav2_core:/home/agilex/agilex_ws/install/nav2_costmap_2d:/home/agilex/agilex_ws/install/nav2_behavior_tree:/home/agilex/agilex_ws/install/nav2_util:/home/agilex/agilex_ws/install/nav2_voxel_grid:/home/agilex/agilex_ws/install/nav2_msgs:/home/agilex/agilex_ws/install/nav2_common:${AMENT_PREFIX_PATH} CMAKE_PREFIX_PATH=/home/agilex/agilex_ws/install/nav2_core:/home/agilex/agilex_ws/install/nav2_costmap_2d:/home/agilex/agilex_ws/install/nav2_behavior_tree:/home/agilex/agilex_ws/install/nav2_util:/home/agilex/agilex_ws/install/nav2_voxel_grid:/home/agilex/agilex_ws/install/nav2_msgs:/home/agilex/agilex_ws/install/nav2_common:/opt/ros/humble LD_LIBRARY_PATH=/home/agilex/agilex_ws/install/nav2_costmap_2d/lib:/home/agilex/agilex_ws/install/nav2_behavior_tree/lib:/home/agilex/agilex_ws/install/nav2_util/lib:/home/agilex/agilex_ws/install/nav2_voxel_grid/lib:/home/agilex/agilex_ws/install/nav2_msgs/lib:${LD_LIBRARY_PATH} PYTHONPATH=/home/agilex/agilex_ws/install/nav2_msgs/local/lib/python3.10/dist-packages:/home/agilex/agilex_ws/install/nav2_common/local/lib/python3.10/dist-packages:${PYTHONPATH} /usr/bin/cmake /home/agilex/agilex_ws/src/navigation2/nav2_bt_navigator -DCMAKE_INSTALL_PREFIX=/home/agilex/agilex_ws/install/nav2_bt_navigator
[22.812s] -- The C compiler identification is GNU 11.3.0
[22.812s] -- The CXX compiler identification is GNU 11.3.0
[22.812s] -- Detecting C compiler ABI info
[22.812s] -- Detecting C compiler ABI info - done
[22.812s] -- Check for working C compiler: /usr/bin/cc - skipped
[22.812s] -- Detecting C compile features
[22.812s] -- Detecting C compile features - done
[22.812s] -- Detecting CXX compiler ABI info
[22.812s] -- Detecting CXX compiler ABI info - done
[22.812s] -- Check for working CXX compiler: /usr/bin/c++ - skipped
[22.813s] -- Detecting CXX compile features
[22.813s] -- Detecting CXX compile features - done
[22.813s] -- Found ament_cmake: 1.3.4 (/opt/ros/humble/share/ament_cmake/cmake)
[22.815s] -- Found Python3: /usr/bin/python3.10 (found version "3.10.6") found components: Interpreter 
[22.815s] -- Found nav2_common: 1.1.0 (/home/agilex/agilex_ws/install/nav2_common/share/nav2_common/cmake)
[22.815s] -- Found rclcpp: 16.0.4 (/opt/ros/humble/share/rclcpp/cmake)
[22.815s] -- Found rosidl_generator_c: 3.1.4 (/opt/ros/humble/share/rosidl_generator_c/cmake)
[22.815s] -- Found rosidl_adapter: 3.1.4 (/opt/ros/humble/share/rosidl_adapter/cmake)
[22.815s] -- Found rosidl_generator_cpp: 3.1.4 (/opt/ros/humble/share/rosidl_generator_cpp/cmake)
[22.815s] -- Using all available rosidl_typesupport_c: rosidl_typesupport_fastrtps_c;rosidl_typesupport_introspection_c
[22.815s] -- Using all available rosidl_typesupport_cpp: rosidl_typesupport_fastrtps_cpp;rosidl_typesupport_introspection_cpp
[22.816s] -- Found rmw_implementation_cmake: 6.1.1 (/opt/ros/humble/share/rmw_implementation_cmake/cmake)
[22.816s] -- Found rmw_fastrtps_cpp: 6.2.2 (/opt/ros/humble/share/rmw_fastrtps_cpp/cmake)
[22.816s] -- Found OpenSSL: /usr/lib/x86_64-linux-gnu/libcrypto.so (found version "3.0.2")  
[22.816s] -- Found FastRTPS: /opt/ros/humble/include  
[22.816s] -- Using RMW implementation 'rmw_fastrtps_cpp' as default
[22.816s] -- Looking for pthread.h
[22.816s] -- Looking for pthread.h - found
[22.816s] -- Performing Test CMAKE_HAVE_LIBC_PTHREAD
[22.816s] -- Performing Test CMAKE_HAVE_LIBC_PTHREAD - Success
[22.816s] -- Found Threads: TRUE  
[22.816s] -- Found rclcpp_action: 16.0.4 (/opt/ros/humble/share/rclcpp_action/cmake)
[22.816s] -- Found rclcpp_lifecycle: 16.0.4 (/opt/ros/humble/share/rclcpp_lifecycle/cmake)
[22.817s] -- Found rclcpp_components: 16.0.4 (/opt/ros/humble/share/rclcpp_components/cmake)
[22.817s] -- Found geometry_msgs: 4.2.3 (/opt/ros/humble/share/geometry_msgs/cmake)
[22.817s] -- Found nav2_behavior_tree: 1.1.0 (/home/agilex/agilex_ws/install/nav2_behavior_tree/share/nav2_behavior_tree/cmake)
[22.817s] -- Found eigen3_cmake_module: 0.1.1 (/opt/ros/humble/share/eigen3_cmake_module/cmake)
[22.817s] -- Found Eigen3: TRUE (found version "3.4.0") 
[22.817s] -- Ensuring Eigen3 include directory is part of orocos-kdl CMake target
[22.817s] -- Found nav2_core: 1.1.0 (/home/agilex/agilex_ws/install/nav2_core/share/nav2_core/cmake)
[22.817s] -- Setting build type to Release as none was specified.
[22.817s] -- Found ament_lint_auto: 0.12.6 (/opt/ros/humble/share/ament_lint_auto/cmake)
[22.817s] -- Added test 'copyright' to check source files copyright and LICENSE
[22.817s] -- Added test 'cppcheck' to perform static code analysis on C / C++ code
[22.818s] -- Configured cppcheck include dirs: /home/agilex/agilex_ws/src/navigation2/nav2_bt_navigator/include
[22.818s] -- Configured cppcheck exclude dirs and/or files: 
[22.818s] -- Added test 'cpplint' to check C / C++ code against the Google style
[22.818s] -- Configured cpplint exclude dirs and/or files: 
[22.818s] -- Added test 'lint_cmake' to check CMake code style
[22.818s] -- Added test 'uncrustify' to check C / C++ code style
[22.818s] -- Configured uncrustify additional arguments: 
[22.818s] -- Added test 'xmllint' to check XML markup files
[22.818s] -- Configuring done
[22.818s] -- Generating done
[22.818s] -- Build files have been written to: /home/agilex/agilex_ws/build/nav2_bt_navigator
[22.830s] Invoked command in '/home/agilex/agilex_ws/build/nav2_bt_navigator' returned '0': AMENT_PREFIX_PATH=/home/agilex/agilex_ws/install/nav2_core:/home/agilex/agilex_ws/install/nav2_costmap_2d:/home/agilex/agilex_ws/install/nav2_behavior_tree:/home/agilex/agilex_ws/install/nav2_util:/home/agilex/agilex_ws/install/nav2_voxel_grid:/home/agilex/agilex_ws/install/nav2_msgs:/home/agilex/agilex_ws/install/nav2_common:${AMENT_PREFIX_PATH} CMAKE_PREFIX_PATH=/home/agilex/agilex_ws/install/nav2_core:/home/agilex/agilex_ws/install/nav2_costmap_2d:/home/agilex/agilex_ws/install/nav2_behavior_tree:/home/agilex/agilex_ws/install/nav2_util:/home/agilex/agilex_ws/install/nav2_voxel_grid:/home/agilex/agilex_ws/install/nav2_msgs:/home/agilex/agilex_ws/install/nav2_common:/opt/ros/humble LD_LIBRARY_PATH=/home/agilex/agilex_ws/install/nav2_costmap_2d/lib:/home/agilex/agilex_ws/install/nav2_behavior_tree/lib:/home/agilex/agilex_ws/install/nav2_util/lib:/home/agilex/agilex_ws/install/nav2_voxel_grid/lib:/home/agilex/agilex_ws/install/nav2_msgs/lib:${LD_LIBRARY_PATH} PYTHONPATH=/home/agilex/agilex_ws/install/nav2_msgs/local/lib/python3.10/dist-packages:/home/agilex/agilex_ws/install/nav2_common/local/lib/python3.10/dist-packages:${PYTHONPATH} /usr/bin/cmake /home/agilex/agilex_ws/src/navigation2/nav2_bt_navigator -DCMAKE_INSTALL_PREFIX=/home/agilex/agilex_ws/install/nav2_bt_navigator
[22.830s] Invoking command in '/home/agilex/agilex_ws/build/nav2_bt_navigator': AMENT_PREFIX_PATH=/home/agilex/agilex_ws/install/nav2_core:/home/agilex/agilex_ws/install/nav2_costmap_2d:/home/agilex/agilex_ws/install/nav2_behavior_tree:/home/agilex/agilex_ws/install/nav2_util:/home/agilex/agilex_ws/install/nav2_voxel_grid:/home/agilex/agilex_ws/install/nav2_msgs:/home/agilex/agilex_ws/install/nav2_common:${AMENT_PREFIX_PATH} CMAKE_PREFIX_PATH=/home/agilex/agilex_ws/install/nav2_core:/home/agilex/agilex_ws/install/nav2_costmap_2d:/home/agilex/agilex_ws/install/nav2_behavior_tree:/home/agilex/agilex_ws/install/nav2_util:/home/agilex/agilex_ws/install/nav2_voxel_grid:/home/agilex/agilex_ws/install/nav2_msgs:/home/agilex/agilex_ws/install/nav2_common:/opt/ros/humble LD_LIBRARY_PATH=/home/agilex/agilex_ws/install/nav2_costmap_2d/lib:/home/agilex/agilex_ws/install/nav2_behavior_tree/lib:/home/agilex/agilex_ws/install/nav2_util/lib:/home/agilex/agilex_ws/install/nav2_voxel_grid/lib:/home/agilex/agilex_ws/install/nav2_msgs/lib:${LD_LIBRARY_PATH} PYTHONPATH=/home/agilex/agilex_ws/install/nav2_msgs/local/lib/python3.10/dist-packages:/home/agilex/agilex_ws/install/nav2_common/local/lib/python3.10/dist-packages:${PYTHONPATH} /usr/bin/cmake --build /home/agilex/agilex_ws/build/nav2_bt_navigator -- -j8 -l8
[23.861s] [ 16%] [32mBuilding CXX object CMakeFiles/bt_navigator_core.dir/src/bt_navigator.cpp.o[0m
[44.465s] [ 33%] [32mBuilding CXX object CMakeFiles/bt_navigator_core.dir/src/navigators/navigate_through_poses.cpp.o[0m
[55.005s] [ 50%] [32mBuilding CXX object CMakeFiles/bt_navigator_core.dir/src/navigators/navigate_to_pose.cpp.o[0m
[74.600s] [ 66%] [32m[1mLinking CXX shared library libbt_navigator_core.so[0m
[75.101s] [ 66%] Built target bt_navigator_core
[75.121s] [ 83%] [32mBuilding CXX object CMakeFiles/bt_navigator.dir/src/main.cpp.o[0m
[81.455s] [100%] [32m[1mLinking CXX executable bt_navigator[0m
[81.986s] [100%] Built target bt_navigator
[81.997s] Invoked command in '/home/agilex/agilex_ws/build/nav2_bt_navigator' returned '0': AMENT_PREFIX_PATH=/home/agilex/agilex_ws/install/nav2_core:/home/agilex/agilex_ws/install/nav2_costmap_2d:/home/agilex/agilex_ws/install/nav2_behavior_tree:/home/agilex/agilex_ws/install/nav2_util:/home/agilex/agilex_ws/install/nav2_voxel_grid:/home/agilex/agilex_ws/install/nav2_msgs:/home/agilex/agilex_ws/install/nav2_common:${AMENT_PREFIX_PATH} CMAKE_PREFIX_PATH=/home/agilex/agilex_ws/install/nav2_core:/home/agilex/agilex_ws/install/nav2_costmap_2d:/home/agilex/agilex_ws/install/nav2_behavior_tree:/home/agilex/agilex_ws/install/nav2_util:/home/agilex/agilex_ws/install/nav2_voxel_grid:/home/agilex/agilex_ws/install/nav2_msgs:/home/agilex/agilex_ws/install/nav2_common:/opt/ros/humble LD_LIBRARY_PATH=/home/agilex/agilex_ws/install/nav2_costmap_2d/lib:/home/agilex/agilex_ws/install/nav2_behavior_tree/lib:/home/agilex/agilex_ws/install/nav2_util/lib:/home/agilex/agilex_ws/install/nav2_voxel_grid/lib:/home/agilex/agilex_ws/install/nav2_msgs/lib:${LD_LIBRARY_PATH} PYTHONPATH=/home/agilex/agilex_ws/install/nav2_msgs/local/lib/python3.10/dist-packages:/home/agilex/agilex_ws/install/nav2_common/local/lib/python3.10/dist-packages:${PYTHONPATH} /usr/bin/cmake --build /home/agilex/agilex_ws/build/nav2_bt_navigator -- -j8 -l8
[82.036s] Invoking command in '/home/agilex/agilex_ws/build/nav2_bt_navigator': AMENT_PREFIX_PATH=/home/agilex/agilex_ws/install/nav2_core:/home/agilex/agilex_ws/install/nav2_costmap_2d:/home/agilex/agilex_ws/install/nav2_behavior_tree:/home/agilex/agilex_ws/install/nav2_util:/home/agilex/agilex_ws/install/nav2_voxel_grid:/home/agilex/agilex_ws/install/nav2_msgs:/home/agilex/agilex_ws/install/nav2_common:${AMENT_PREFIX_PATH} CMAKE_PREFIX_PATH=/home/agilex/agilex_ws/install/nav2_core:/home/agilex/agilex_ws/install/nav2_costmap_2d:/home/agilex/agilex_ws/install/nav2_behavior_tree:/home/agilex/agilex_ws/install/nav2_util:/home/agilex/agilex_ws/install/nav2_voxel_grid:/home/agilex/agilex_ws/install/nav2_msgs:/home/agilex/agilex_ws/install/nav2_common:/opt/ros/humble LD_LIBRARY_PATH=/home/agilex/agilex_ws/install/nav2_costmap_2d/lib:/home/agilex/agilex_ws/install/nav2_behavior_tree/lib:/home/agilex/agilex_ws/install/nav2_util/lib:/home/agilex/agilex_ws/install/nav2_voxel_grid/lib:/home/agilex/agilex_ws/install/nav2_msgs/lib:${LD_LIBRARY_PATH} PYTHONPATH=/home/agilex/agilex_ws/install/nav2_msgs/local/lib/python3.10/dist-packages:/home/agilex/agilex_ws/install/nav2_common/local/lib/python3.10/dist-packages:${PYTHONPATH} /usr/bin/cmake --install /home/agilex/agilex_ws/build/nav2_bt_navigator
[92.216s] -- Install configuration: "Release"
[92.216s] -- Installing: /home/agilex/agilex_ws/install/nav2_bt_navigator/lib/libbt_navigator_core.so
[92.216s] -- Set runtime path of "/home/agilex/agilex_ws/install/nav2_bt_navigator/lib/libbt_navigator_core.so" to ""
[92.216s] -- Installing: /home/agilex/agilex_ws/install/nav2_bt_navigator/lib/nav2_bt_navigator/bt_navigator
[92.216s] -- Set runtime path of "/home/agilex/agilex_ws/install/nav2_bt_navigator/lib/nav2_bt_navigator/bt_navigator" to ""
[92.216s] -- Installing: /home/agilex/agilex_ws/install/nav2_bt_navigator/include/
[92.216s] -- Installing: /home/agilex/agilex_ws/install/nav2_bt_navigator/include//nav2_bt_navigator
[92.216s] -- Installing: /home/agilex/agilex_ws/install/nav2_bt_navigator/include//nav2_bt_navigator/navigators
[92.217s] -- Installing: /home/agilex/agilex_ws/install/nav2_bt_navigator/include//nav2_bt_navigator/navigators/navigate_through_poses.hpp
[92.217s] -- Installing: /home/agilex/agilex_ws/install/nav2_bt_navigator/include//nav2_bt_navigator/navigators/navigate_to_pose.hpp
[92.217s] -- Installing: /home/agilex/agilex_ws/install/nav2_bt_navigator/include//nav2_bt_navigator/navigator.hpp
[92.217s] -- Installing: /home/agilex/agilex_ws/install/nav2_bt_navigator/include//nav2_bt_navigator/bt_navigator.hpp
[92.217s] -- Installing: /home/agilex/agilex_ws/install/nav2_bt_navigator/share/nav2_bt_navigator/behavior_trees
[92.217s] -- Installing: /home/agilex/agilex_ws/install/nav2_bt_navigator/share/nav2_bt_navigator/behavior_trees/navigate_to_pose_w_replanning_goal_patience_and_recovery.xml
[92.217s] -- Installing: /home/agilex/agilex_ws/install/nav2_bt_navigator/share/nav2_bt_navigator/behavior_trees/navigate_to_pose_w_replanning_and_recovery.xml
[92.217s] -- Installing: /home/agilex/agilex_ws/install/nav2_bt_navigator/share/nav2_bt_navigator/behavior_trees/nav_to_pose_with_consistent_replanning_and_if_path_becomes_invalid.xml
[92.217s] -- Installing: /home/agilex/agilex_ws/install/nav2_bt_navigator/share/nav2_bt_navigator/behavior_trees/navigate_through_poses_w_replanning_and_recovery.xml
[92.217s] -- Installing: /home/agilex/agilex_ws/install/nav2_bt_navigator/share/nav2_bt_navigator/behavior_trees/navigate_w_replanning_only_if_path_becomes_invalid.xml
[92.217s] -- Installing: /home/agilex/agilex_ws/install/nav2_bt_navigator/share/nav2_bt_navigator/behavior_trees/navigate_w_replanning_time.xml
[92.218s] -- Installing: /home/agilex/agilex_ws/install/nav2_bt_navigator/share/nav2_bt_navigator/behavior_trees/navigate_w_replanning_speed.xml
[92.218s] -- Installing: /home/agilex/agilex_ws/install/nav2_bt_navigator/share/nav2_bt_navigator/behavior_trees/follow_point.xml
[92.218s] -- Installing: /home/agilex/agilex_ws/install/nav2_bt_navigator/share/nav2_bt_navigator/behavior_trees/odometry_calibration.xml
[92.218s] -- Installing: /home/agilex/agilex_ws/install/nav2_bt_navigator/share/nav2_bt_navigator/behavior_trees/navigate_w_recovery_and_replanning_only_if_path_becomes_invalid.xml
[92.218s] -- Installing: /home/agilex/agilex_ws/install/nav2_bt_navigator/share/nav2_bt_navigator/behavior_trees/navigate_w_replanning_distance.xml
[92.218s] -- Installing: /home/agilex/agilex_ws/install/nav2_bt_navigator/share/nav2_bt_navigator/environment/library_path.sh
[92.218s] -- Installing: /home/agilex/agilex_ws/install/nav2_bt_navigator/share/nav2_bt_navigator/environment/library_path.dsv
[92.218s] -- Installing: /home/agilex/agilex_ws/install/nav2_bt_navigator/share/ament_index/resource_index/package_run_dependencies/nav2_bt_navigator
[92.218s] -- Installing: /home/agilex/agilex_ws/install/nav2_bt_navigator/share/ament_index/resource_index/parent_prefix_path/nav2_bt_navigator
[92.218s] -- Installing: /home/agilex/agilex_ws/install/nav2_bt_navigator/share/nav2_bt_navigator/environment/ament_prefix_path.sh
[92.218s] -- Installing: /home/agilex/agilex_ws/install/nav2_bt_navigator/share/nav2_bt_navigator/environment/ament_prefix_path.dsv
[92.218s] -- Installing: /home/agilex/agilex_ws/install/nav2_bt_navigator/share/nav2_bt_navigator/environment/path.sh
[92.219s] -- Installing: /home/agilex/agilex_ws/install/nav2_bt_navigator/share/nav2_bt_navigator/environment/path.dsv
[92.219s] -- Installing: /home/agilex/agilex_ws/install/nav2_bt_navigator/share/nav2_bt_navigator/local_setup.bash
[92.219s] -- Installing: /home/agilex/agilex_ws/install/nav2_bt_navigator/share/nav2_bt_navigator/local_setup.sh
[92.219s] -- Installing: /home/agilex/agilex_ws/install/nav2_bt_navigator/share/nav2_bt_navigator/local_setup.zsh
[92.219s] -- Installing: /home/agilex/agilex_ws/install/nav2_bt_navigator/share/nav2_bt_navigator/local_setup.dsv
[92.219s] -- Installing: /home/agilex/agilex_ws/install/nav2_bt_navigator/share/nav2_bt_navigator/package.dsv
[92.219s] -- Installing: /home/agilex/agilex_ws/install/nav2_bt_navigator/share/ament_index/resource_index/packages/nav2_bt_navigator
[92.219s] -- Installing: /home/agilex/agilex_ws/install/nav2_bt_navigator/share/ament_index/resource_index/rclcpp_components/nav2_bt_navigator
[92.219s] -- Installing: /home/agilex/agilex_ws/install/nav2_bt_navigator/share/nav2_bt_navigator/cmake/ament_cmake_export_include_directories-extras.cmake
[92.219s] -- Installing: /home/agilex/agilex_ws/install/nav2_bt_navigator/share/nav2_bt_navigator/cmake/ament_cmake_export_libraries-extras.cmake
[92.219s] -- Installing: /home/agilex/agilex_ws/install/nav2_bt_navigator/share/nav2_bt_navigator/cmake/ament_cmake_export_dependencies-extras.cmake
[92.220s] -- Installing: /home/agilex/agilex_ws/install/nav2_bt_navigator/share/nav2_bt_navigator/cmake/nav2_bt_navigatorConfig.cmake
[92.220s] -- Installing: /home/agilex/agilex_ws/install/nav2_bt_navigator/share/nav2_bt_navigator/cmake/nav2_bt_navigatorConfig-version.cmake
[92.220s] -- Installing: /home/agilex/agilex_ws/install/nav2_bt_navigator/share/nav2_bt_navigator/package.xml
[92.226s] Invoked command in '/home/agilex/agilex_ws/build/nav2_bt_navigator' returned '0': AMENT_PREFIX_PATH=/home/agilex/agilex_ws/install/nav2_core:/home/agilex/agilex_ws/install/nav2_costmap_2d:/home/agilex/agilex_ws/install/nav2_behavior_tree:/home/agilex/agilex_ws/install/nav2_util:/home/agilex/agilex_ws/install/nav2_voxel_grid:/home/agilex/agilex_ws/install/nav2_msgs:/home/agilex/agilex_ws/install/nav2_common:${AMENT_PREFIX_PATH} CMAKE_PREFIX_PATH=/home/agilex/agilex_ws/install/nav2_core:/home/agilex/agilex_ws/install/nav2_costmap_2d:/home/agilex/agilex_ws/install/nav2_behavior_tree:/home/agilex/agilex_ws/install/nav2_util:/home/agilex/agilex_ws/install/nav2_voxel_grid:/home/agilex/agilex_ws/install/nav2_msgs:/home/agilex/agilex_ws/install/nav2_common:/opt/ros/humble LD_LIBRARY_PATH=/home/agilex/agilex_ws/install/nav2_costmap_2d/lib:/home/agilex/agilex_ws/install/nav2_behavior_tree/lib:/home/agilex/agilex_ws/install/nav2_util/lib:/home/agilex/agilex_ws/install/nav2_voxel_grid/lib:/home/agilex/agilex_ws/install/nav2_msgs/lib:${LD_LIBRARY_PATH} PYTHONPATH=/home/agilex/agilex_ws/install/nav2_msgs/local/lib/python3.10/dist-packages:/home/agilex/agilex_ws/install/nav2_common/local/lib/python3.10/dist-packages:${PYTHONPATH} /usr/bin/cmake --install /home/agilex/agilex_ws/build/nav2_bt_navigator
