[0.108s] Invoking command in '/home/agilex/agilex_ws/build/limo_car': /usr/bin/cmake --build /home/agilex/agilex_ws/build/limo_car -- -j16 -l16
[0.477s] Invoked command in '/home/agilex/agilex_ws/build/limo_car' returned '0': /usr/bin/cmake --build /home/agilex/agilex_ws/build/limo_car -- -j16 -l16
[0.523s] Invoking command in '/home/agilex/agilex_ws/build/limo_car': /usr/bin/cmake --install /home/agilex/agilex_ws/build/limo_car
[0.533s] -- Install configuration: ""
[0.534s] -- Up-to-date: /home/agilex/agilex_ws/install/limo_car/share/limo_car/launch
[0.535s] -- Up-to-date: /home/agilex/agilex_ws/install/limo_car/share/limo_car/launch/ackermann_gazebo.launch.py
[0.536s] -- Up-to-date: /home/agilex/agilex_ws/install/limo_car/share/limo_car/launch/__pycache__
[0.536s] -- Up-to-date: /home/agilex/agilex_ws/install/limo_car/share/limo_car/launch/__pycache__/ackermann.launch.cpython-310.pyc
[0.536s] -- Up-to-date: /home/agilex/agilex_ws/install/limo_car/share/limo_car/launch/__pycache__/ackermann_gazebo.launch.cpython-310.pyc
[0.536s] -- Up-to-date: /home/agilex/agilex_ws/install/limo_car/share/limo_car/launch/display_ackermann.launch.py
[0.536s] -- Up-to-date: /home/agilex/agilex_ws/install/limo_car/share/limo_car/launch/ackermann.launch.py
[0.536s] -- Up-to-date: /home/agilex/agilex_ws/install/limo_car/share/limo_car/gazebo
[0.537s] -- Up-to-date: /home/agilex/agilex_ws/install/limo_car/share/limo_car/gazebo/sensor.xacro
[0.537s] -- Up-to-date: /home/agilex/agilex_ws/install/limo_car/share/limo_car/gazebo/ackermann.xacro
[0.537s] -- Up-to-date: /home/agilex/agilex_ws/install/limo_car/share/limo_car/gazebo/ackermann_with_sensor.xacro
[0.537s] -- Up-to-date: /home/agilex/agilex_ws/install/limo_car/share/limo_car/log
[0.537s] -- Up-to-date: /home/agilex/agilex_ws/install/limo_car/share/limo_car/log/COLCON_IGNORE
[0.537s] -- Up-to-date: /home/agilex/agilex_ws/install/limo_car/share/limo_car/log/latest
[0.537s] -- Up-to-date: /home/agilex/agilex_ws/install/limo_car/share/limo_car/log/latest_build
[0.537s] -- Up-to-date: /home/agilex/agilex_ws/install/limo_car/share/limo_car/log/build_2022-12-14_17-02-44
[0.537s] -- Up-to-date: /home/agilex/agilex_ws/install/limo_car/share/limo_car/log/build_2022-12-14_17-02-44/events.log
[0.538s] -- Up-to-date: /home/agilex/agilex_ws/install/limo_car/share/limo_car/log/build_2022-12-14_17-02-44/logger_all.log
[0.539s] -- Up-to-date: /home/agilex/agilex_ws/install/limo_car/share/limo_car/log/build_2022-12-14_17-02-44/limo_car
[0.541s] -- Up-to-date: /home/agilex/agilex_ws/install/limo_car/share/limo_car/log/build_2022-12-14_17-02-44/limo_car/stderr.log
[0.541s] -- Up-to-date: /home/agilex/agilex_ws/install/limo_car/share/limo_car/log/build_2022-12-14_17-02-44/limo_car/streams.log
[0.541s] -- Up-to-date: /home/agilex/agilex_ws/install/limo_car/share/limo_car/log/build_2022-12-14_17-02-44/limo_car/command.log
[0.542s] -- Up-to-date: /home/agilex/agilex_ws/install/limo_car/share/limo_car/log/build_2022-12-14_17-02-44/limo_car/stdout.log
[0.542s] -- Up-to-date: /home/agilex/agilex_ws/install/limo_car/share/limo_car/log/build_2022-12-14_17-02-44/limo_car/stdout_stderr.log
[0.542s] -- Up-to-date: /home/agilex/agilex_ws/install/limo_car/share/limo_car/meshes
[0.542s] -- Up-to-date: /home/agilex/agilex_ws/install/limo_car/share/limo_car/meshes/limo_wheel.stl
[0.542s] -- Up-to-date: /home/agilex/agilex_ws/install/limo_car/share/limo_car/meshes/limo_base.stl
[0.542s] -- Up-to-date: /home/agilex/agilex_ws/install/limo_car/share/limo_car/meshes/limo_base.dae
[0.542s] -- Up-to-date: /home/agilex/agilex_ws/install/limo_car/share/limo_car/meshes/limo_wheel.dae
[0.542s] -- Up-to-date: /home/agilex/agilex_ws/install/limo_car/share/limo_car/rviz
[0.542s] -- Up-to-date: /home/agilex/agilex_ws/install/limo_car/share/limo_car/rviz/gazebo.rviz
[0.542s] -- Up-to-date: /home/agilex/agilex_ws/install/limo_car/share/limo_car/rviz/urdf.rviz
[0.542s] -- Up-to-date: /home/agilex/agilex_ws/install/limo_car/share/limo_car/src
[0.542s] -- Up-to-date: /home/agilex/agilex_ws/install/limo_car/share/limo_car/urdf
[0.542s] -- Up-to-date: /home/agilex/agilex_ws/install/limo_car/share/limo_car/urdf/limo_anteil.xacro
[0.544s] -- Up-to-date: /home/agilex/agilex_ws/install/limo_car/share/limo_car/urdf/limo_ackerman_base.xacro
[0.544s] -- Up-to-date: /home/agilex/agilex_ws/install/limo_car/share/limo_car/urdf/limo_steering_hinge.xacro
[0.544s] -- Up-to-date: /home/agilex/agilex_ws/install/limo_car/share/limo_car/worlds
[0.544s] -- Up-to-date: /home/agilex/agilex_ws/install/limo_car/share/limo_car/worlds/empty_world.model
[0.544s] -- Up-to-date: /home/agilex/agilex_ws/install/limo_car/share/ament_index/resource_index/package_run_dependencies/limo_car
[0.544s] -- Up-to-date: /home/agilex/agilex_ws/install/limo_car/share/ament_index/resource_index/parent_prefix_path/limo_car
[0.545s] -- Up-to-date: /home/agilex/agilex_ws/install/limo_car/share/limo_car/environment/ament_prefix_path.sh
[0.546s] -- Up-to-date: /home/agilex/agilex_ws/install/limo_car/share/limo_car/environment/ament_prefix_path.dsv
[0.547s] -- Up-to-date: /home/agilex/agilex_ws/install/limo_car/share/limo_car/environment/path.sh
[0.547s] -- Up-to-date: /home/agilex/agilex_ws/install/limo_car/share/limo_car/environment/path.dsv
[0.547s] -- Up-to-date: /home/agilex/agilex_ws/install/limo_car/share/limo_car/local_setup.bash
[0.547s] -- Up-to-date: /home/agilex/agilex_ws/install/limo_car/share/limo_car/local_setup.sh
[0.547s] -- Up-to-date: /home/agilex/agilex_ws/install/limo_car/share/limo_car/local_setup.zsh
[0.547s] -- Up-to-date: /home/agilex/agilex_ws/install/limo_car/share/limo_car/local_setup.dsv
[0.547s] -- Installing: /home/agilex/agilex_ws/install/limo_car/share/limo_car/package.dsv
[0.547s] -- Up-to-date: /home/agilex/agilex_ws/install/limo_car/share/ament_index/resource_index/packages/limo_car
[0.547s] -- Up-to-date: /home/agilex/agilex_ws/install/limo_car/share/limo_car/cmake/limo_carConfig.cmake
[0.547s] -- Up-to-date: /home/agilex/agilex_ws/install/limo_car/share/limo_car/cmake/limo_carConfig-version.cmake
[0.547s] -- Up-to-date: /home/agilex/agilex_ws/install/limo_car/share/limo_car/package.xml
[0.560s] Invoked command in '/home/agilex/agilex_ws/build/limo_car' returned '0': /usr/bin/cmake --install /home/agilex/agilex_ws/build/limo_car
