[0.105s] Invoking command in '/home/agilex/agilex_ws/build/dwb_core': AMENT_PREFIX_PATH=/home/agilex/agilex_ws/install/nav2_core:/home/agilex/agilex_ws/install/nav2_costmap_2d:/home/agilex/agilex_ws/install/nav_2d_utils:/home/agilex/agilex_ws/install/nav2_util:/home/agilex/agilex_ws/install/nav2_voxel_grid:/home/agilex/agilex_ws/install/nav2_msgs:/home/agilex/agilex_ws/install/dwb_msgs:/home/agilex/agilex_ws/install/nav_2d_msgs:/home/agilex/agilex_ws/install/nav2_common CMAKE_PREFIX_PATH=/home/agilex/agilex_ws/install/nav2_core:/home/agilex/agilex_ws/install/nav2_costmap_2d:/home/agilex/agilex_ws/install/nav_2d_utils:/home/agilex/agilex_ws/install/nav2_util:/home/agilex/agilex_ws/install/nav2_voxel_grid:/home/agilex/agilex_ws/install/nav2_msgs:/home/agilex/agilex_ws/install/dwb_msgs:/home/agilex/agilex_ws/install/nav_2d_msgs:/home/agilex/agilex_ws/install/nav2_common LD_LIBRARY_PATH=/home/agilex/agilex_ws/install/nav2_costmap_2d/lib:/home/agilex/agilex_ws/install/nav_2d_utils/lib:/home/agilex/agilex_ws/install/nav2_util/lib:/home/agilex/agilex_ws/install/nav2_voxel_grid/lib:/home/agilex/agilex_ws/install/nav2_msgs/lib:/home/agilex/agilex_ws/install/dwb_msgs/lib:/home/agilex/agilex_ws/install/nav_2d_msgs/lib PYTHONPATH=/home/agilex/agilex_ws/install/nav2_msgs/local/lib/python3.10/dist-packages:/home/agilex/agilex_ws/install/dwb_msgs/local/lib/python3.10/dist-packages:/home/agilex/agilex_ws/install/nav_2d_msgs/local/lib/python3.10/dist-packages:/home/agilex/agilex_ws/install/nav2_common/local/lib/python3.10/dist-packages /usr/bin/cmake --build /home/agilex/agilex_ws/build/dwb_core -- -j16 -l16
[0.170s] [ 36%] Built target gtest_main
[0.170s] [ 36%] Built target gtest
[0.203s] [ 81%] Built target dwb_core
[0.276s] [100%] Built target utils_test
[0.303s] Invoked command in '/home/agilex/agilex_ws/build/dwb_core' returned '0': AMENT_PREFIX_PATH=/home/agilex/agilex_ws/install/nav2_core:/home/agilex/agilex_ws/install/nav2_costmap_2d:/home/agilex/agilex_ws/install/nav_2d_utils:/home/agilex/agilex_ws/install/nav2_util:/home/agilex/agilex_ws/install/nav2_voxel_grid:/home/agilex/agilex_ws/install/nav2_msgs:/home/agilex/agilex_ws/install/dwb_msgs:/home/agilex/agilex_ws/install/nav_2d_msgs:/home/agilex/agilex_ws/install/nav2_common CMAKE_PREFIX_PATH=/home/agilex/agilex_ws/install/nav2_core:/home/agilex/agilex_ws/install/nav2_costmap_2d:/home/agilex/agilex_ws/install/nav_2d_utils:/home/agilex/agilex_ws/install/nav2_util:/home/agilex/agilex_ws/install/nav2_voxel_grid:/home/agilex/agilex_ws/install/nav2_msgs:/home/agilex/agilex_ws/install/dwb_msgs:/home/agilex/agilex_ws/install/nav_2d_msgs:/home/agilex/agilex_ws/install/nav2_common LD_LIBRARY_PATH=/home/agilex/agilex_ws/install/nav2_costmap_2d/lib:/home/agilex/agilex_ws/install/nav_2d_utils/lib:/home/agilex/agilex_ws/install/nav2_util/lib:/home/agilex/agilex_ws/install/nav2_voxel_grid/lib:/home/agilex/agilex_ws/install/nav2_msgs/lib:/home/agilex/agilex_ws/install/dwb_msgs/lib:/home/agilex/agilex_ws/install/nav_2d_msgs/lib PYTHONPATH=/home/agilex/agilex_ws/install/nav2_msgs/local/lib/python3.10/dist-packages:/home/agilex/agilex_ws/install/dwb_msgs/local/lib/python3.10/dist-packages:/home/agilex/agilex_ws/install/nav_2d_msgs/local/lib/python3.10/dist-packages:/home/agilex/agilex_ws/install/nav2_common/local/lib/python3.10/dist-packages /usr/bin/cmake --build /home/agilex/agilex_ws/build/dwb_core -- -j16 -l16
[0.409s] Invoking command in '/home/agilex/agilex_ws/build/dwb_core': AMENT_PREFIX_PATH=/home/agilex/agilex_ws/install/nav2_core:/home/agilex/agilex_ws/install/nav2_costmap_2d:/home/agilex/agilex_ws/install/nav_2d_utils:/home/agilex/agilex_ws/install/nav2_util:/home/agilex/agilex_ws/install/nav2_voxel_grid:/home/agilex/agilex_ws/install/nav2_msgs:/home/agilex/agilex_ws/install/dwb_msgs:/home/agilex/agilex_ws/install/nav_2d_msgs:/home/agilex/agilex_ws/install/nav2_common CMAKE_PREFIX_PATH=/home/agilex/agilex_ws/install/nav2_core:/home/agilex/agilex_ws/install/nav2_costmap_2d:/home/agilex/agilex_ws/install/nav_2d_utils:/home/agilex/agilex_ws/install/nav2_util:/home/agilex/agilex_ws/install/nav2_voxel_grid:/home/agilex/agilex_ws/install/nav2_msgs:/home/agilex/agilex_ws/install/dwb_msgs:/home/agilex/agilex_ws/install/nav_2d_msgs:/home/agilex/agilex_ws/install/nav2_common LD_LIBRARY_PATH=/home/agilex/agilex_ws/install/nav2_costmap_2d/lib:/home/agilex/agilex_ws/install/nav_2d_utils/lib:/home/agilex/agilex_ws/install/nav2_util/lib:/home/agilex/agilex_ws/install/nav2_voxel_grid/lib:/home/agilex/agilex_ws/install/nav2_msgs/lib:/home/agilex/agilex_ws/install/dwb_msgs/lib:/home/agilex/agilex_ws/install/nav_2d_msgs/lib PYTHONPATH=/home/agilex/agilex_ws/install/nav2_msgs/local/lib/python3.10/dist-packages:/home/agilex/agilex_ws/install/dwb_msgs/local/lib/python3.10/dist-packages:/home/agilex/agilex_ws/install/nav_2d_msgs/local/lib/python3.10/dist-packages:/home/agilex/agilex_ws/install/nav2_common/local/lib/python3.10/dist-packages /usr/bin/cmake --install /home/agilex/agilex_ws/build/dwb_core
[0.418s] -- Install configuration: "Release"
[0.418s] -- Up-to-date: /home/agilex/agilex_ws/install/dwb_core/lib/libdwb_core.so
[0.418s] -- Up-to-date: /home/agilex/agilex_ws/install/dwb_core/include/
[0.418s] -- Up-to-date: /home/agilex/agilex_ws/install/dwb_core/include//dwb_core
[0.418s] -- Up-to-date: /home/agilex/agilex_ws/install/dwb_core/include//dwb_core/dwb_local_planner.hpp
[0.418s] -- Up-to-date: /home/agilex/agilex_ws/install/dwb_core/include//dwb_core/publisher.hpp
[0.418s] -- Up-to-date: /home/agilex/agilex_ws/install/dwb_core/include//dwb_core/exceptions.hpp
[0.418s] -- Up-to-date: /home/agilex/agilex_ws/install/dwb_core/include//dwb_core/trajectory_critic.hpp
[0.419s] -- Up-to-date: /home/agilex/agilex_ws/install/dwb_core/include//dwb_core/trajectory_generator.hpp
[0.420s] -- Up-to-date: /home/agilex/agilex_ws/install/dwb_core/include//dwb_core/trajectory_utils.hpp
[0.420s] -- Up-to-date: /home/agilex/agilex_ws/install/dwb_core/include//dwb_core/illegal_trajectory_tracker.hpp
[0.420s] -- Up-to-date: /home/agilex/agilex_ws/install/dwb_core/share/dwb_core/environment/library_path.sh
[0.420s] -- Up-to-date: /home/agilex/agilex_ws/install/dwb_core/share/dwb_core/environment/library_path.dsv
[0.420s] -- Up-to-date: /home/agilex/agilex_ws/install/dwb_core/share/dwb_core/local_planner_plugin.xml
[0.420s] -- Up-to-date: /home/agilex/agilex_ws/install/dwb_core/share/ament_index/resource_index/package_run_dependencies/dwb_core
[0.421s] -- Up-to-date: /home/agilex/agilex_ws/install/dwb_core/share/ament_index/resource_index/parent_prefix_path/dwb_core
[0.422s] -- Up-to-date: /home/agilex/agilex_ws/install/dwb_core/share/dwb_core/environment/ament_prefix_path.sh
[0.422s] -- Up-to-date: /home/agilex/agilex_ws/install/dwb_core/share/dwb_core/environment/ament_prefix_path.dsv
[0.422s] -- Up-to-date: /home/agilex/agilex_ws/install/dwb_core/share/dwb_core/environment/path.sh
[0.422s] -- Up-to-date: /home/agilex/agilex_ws/install/dwb_core/share/dwb_core/environment/path.dsv
[0.422s] -- Up-to-date: /home/agilex/agilex_ws/install/dwb_core/share/dwb_core/local_setup.bash
[0.423s] -- Up-to-date: /home/agilex/agilex_ws/install/dwb_core/share/dwb_core/local_setup.sh
[0.423s] -- Up-to-date: /home/agilex/agilex_ws/install/dwb_core/share/dwb_core/local_setup.zsh
[0.423s] -- Up-to-date: /home/agilex/agilex_ws/install/dwb_core/share/dwb_core/local_setup.dsv
[0.423s] -- Installing: /home/agilex/agilex_ws/install/dwb_core/share/dwb_core/package.dsv
[0.423s] -- Up-to-date: /home/agilex/agilex_ws/install/dwb_core/share/ament_index/resource_index/packages/dwb_core
[0.424s] -- Up-to-date: /home/agilex/agilex_ws/install/dwb_core/share/ament_index/resource_index/nav2_core__pluginlib__plugin/dwb_core
[0.425s] -- Up-to-date: /home/agilex/agilex_ws/install/dwb_core/share/dwb_core/cmake/ament_cmake_export_include_directories-extras.cmake
[0.425s] -- Up-to-date: /home/agilex/agilex_ws/install/dwb_core/share/dwb_core/cmake/ament_cmake_export_libraries-extras.cmake
[0.425s] -- Up-to-date: /home/agilex/agilex_ws/install/dwb_core/share/dwb_core/cmake/ament_cmake_export_dependencies-extras.cmake
[0.425s] -- Up-to-date: /home/agilex/agilex_ws/install/dwb_core/share/dwb_core/cmake/dwb_coreConfig.cmake
[0.425s] -- Up-to-date: /home/agilex/agilex_ws/install/dwb_core/share/dwb_core/cmake/dwb_coreConfig-version.cmake
[0.425s] -- Up-to-date: /home/agilex/agilex_ws/install/dwb_core/share/dwb_core/package.xml
[0.440s] Invoked command in '/home/agilex/agilex_ws/build/dwb_core' returned '0': AMENT_PREFIX_PATH=/home/agilex/agilex_ws/install/nav2_core:/home/agilex/agilex_ws/install/nav2_costmap_2d:/home/agilex/agilex_ws/install/nav_2d_utils:/home/agilex/agilex_ws/install/nav2_util:/home/agilex/agilex_ws/install/nav2_voxel_grid:/home/agilex/agilex_ws/install/nav2_msgs:/home/agilex/agilex_ws/install/dwb_msgs:/home/agilex/agilex_ws/install/nav_2d_msgs:/home/agilex/agilex_ws/install/nav2_common CMAKE_PREFIX_PATH=/home/agilex/agilex_ws/install/nav2_core:/home/agilex/agilex_ws/install/nav2_costmap_2d:/home/agilex/agilex_ws/install/nav_2d_utils:/home/agilex/agilex_ws/install/nav2_util:/home/agilex/agilex_ws/install/nav2_voxel_grid:/home/agilex/agilex_ws/install/nav2_msgs:/home/agilex/agilex_ws/install/dwb_msgs:/home/agilex/agilex_ws/install/nav_2d_msgs:/home/agilex/agilex_ws/install/nav2_common LD_LIBRARY_PATH=/home/agilex/agilex_ws/install/nav2_costmap_2d/lib:/home/agilex/agilex_ws/install/nav_2d_utils/lib:/home/agilex/agilex_ws/install/nav2_util/lib:/home/agilex/agilex_ws/install/nav2_voxel_grid/lib:/home/agilex/agilex_ws/install/nav2_msgs/lib:/home/agilex/agilex_ws/install/dwb_msgs/lib:/home/agilex/agilex_ws/install/nav_2d_msgs/lib PYTHONPATH=/home/agilex/agilex_ws/install/nav2_msgs/local/lib/python3.10/dist-packages:/home/agilex/agilex_ws/install/dwb_msgs/local/lib/python3.10/dist-packages:/home/agilex/agilex_ws/install/nav_2d_msgs/local/lib/python3.10/dist-packages:/home/agilex/agilex_ws/install/nav2_common/local/lib/python3.10/dist-packages /usr/bin/cmake --install /home/agilex/agilex_ws/build/dwb_core
