[0.086s] Invoking command in '/home/agilex/agilex_ws/build/nav2_smac_planner': AMENT_PREFIX_PATH=/home/agilex/agilex_ws/install/nav2_core:/home/agilex/agilex_ws/install/nav2_costmap_2d:/home/agilex/agilex_ws/install/nav2_util:/home/agilex/agilex_ws/install/nav2_voxel_grid:/home/agilex/agilex_ws/install/nav2_msgs:/home/agilex/agilex_ws/install/nav2_common:${AMENT_PREFIX_PATH} CMAKE_PREFIX_PATH=/home/agilex/agilex_ws/install/nav2_core:/home/agilex/agilex_ws/install/nav2_costmap_2d:/home/agilex/agilex_ws/install/nav2_util:/home/agilex/agilex_ws/install/nav2_voxel_grid:/home/agilex/agilex_ws/install/nav2_msgs:/home/agilex/agilex_ws/install/nav2_common:/opt/ros/humble LD_LIBRARY_PATH=/home/agilex/agilex_ws/install/nav2_costmap_2d/lib:/home/agilex/agilex_ws/install/nav2_util/lib:/home/agilex/agilex_ws/install/nav2_voxel_grid/lib:/home/agilex/agilex_ws/install/nav2_msgs/lib:${LD_LIBRARY_PATH} PYTHONPATH=/home/agilex/agilex_ws/install/nav2_msgs/local/lib/python3.10/dist-packages:/home/agilex/agilex_ws/install/nav2_common/local/lib/python3.10/dist-packages:${PYTHONPATH} /usr/bin/cmake --build /home/agilex/agilex_ws/build/nav2_smac_planner -- -j8 -l8
[0.119s] [35m[1mConsolidate compiler generated dependencies of target gtest_main[0m
[0.121s] [35m[1mConsolidate compiler generated dependencies of target gtest[0m
[0.130s] [  3%] Built target gtest
[0.132s] [  6%] Built target gtest_main
[0.135s] [35m[1mConsolidate compiler generated dependencies of target nav2_smac_planner_lattice[0m
[0.135s] [35m[1mConsolidate compiler generated dependencies of target nav2_smac_planner[0m
[0.136s] [35m[1mConsolidate compiler generated dependencies of target nav2_smac_planner_2d[0m
[0.341s] [ 50%] Built target nav2_smac_planner_2d
[0.341s] [ 50%] Built target nav2_smac_planner
[0.342s] [ 62%] Built target nav2_smac_planner_lattice
[0.353s] [35m[1mConsolidate compiler generated dependencies of target test_costmap_downsampler[0m
[0.359s] [35m[1mConsolidate compiler generated dependencies of target test_collision_checker[0m
[0.360s] [35m[1mConsolidate compiler generated dependencies of target test_node2d[0m
[0.363s] [35m[1mConsolidate compiler generated dependencies of target test_smac_2d[0m
[0.369s] [35m[1mConsolidate compiler generated dependencies of target test_smac_hybrid[0m
[0.371s] [35m[1mConsolidate compiler generated dependencies of target test_nodebasic[0m
[0.377s] [35m[1mConsolidate compiler generated dependencies of target test_a_star[0m
[0.385s] [ 66%] Built target test_costmap_downsampler
[0.386s] [35m[1mConsolidate compiler generated dependencies of target test_nodehybrid[0m
[0.405s] [ 69%] Built target test_collision_checker
[0.408s] [35m[1mConsolidate compiler generated dependencies of target test_smac_lattice[0m
[0.411s] [ 72%] Built target test_node2d
[0.419s] [ 76%] Built target test_smac_hybrid
[0.429s] [35m[1mConsolidate compiler generated dependencies of target test_smoother[0m
[0.432s] [ 79%] Built target test_nodebasic
[0.432s] [35m[1mConsolidate compiler generated dependencies of target test_lattice_node[0m
[0.442s] [ 83%] Built target test_smac_2d
[0.456s] [ 86%] Built target test_a_star
[0.456s] [ 89%] Built target test_nodehybrid
[0.465s] [ 93%] Built target test_smac_lattice
[0.466s] [ 96%] Built target test_lattice_node
[0.484s] [100%] Built target test_smoother
[0.521s] Invoked command in '/home/agilex/agilex_ws/build/nav2_smac_planner' returned '0': AMENT_PREFIX_PATH=/home/agilex/agilex_ws/install/nav2_core:/home/agilex/agilex_ws/install/nav2_costmap_2d:/home/agilex/agilex_ws/install/nav2_util:/home/agilex/agilex_ws/install/nav2_voxel_grid:/home/agilex/agilex_ws/install/nav2_msgs:/home/agilex/agilex_ws/install/nav2_common:${AMENT_PREFIX_PATH} CMAKE_PREFIX_PATH=/home/agilex/agilex_ws/install/nav2_core:/home/agilex/agilex_ws/install/nav2_costmap_2d:/home/agilex/agilex_ws/install/nav2_util:/home/agilex/agilex_ws/install/nav2_voxel_grid:/home/agilex/agilex_ws/install/nav2_msgs:/home/agilex/agilex_ws/install/nav2_common:/opt/ros/humble LD_LIBRARY_PATH=/home/agilex/agilex_ws/install/nav2_costmap_2d/lib:/home/agilex/agilex_ws/install/nav2_util/lib:/home/agilex/agilex_ws/install/nav2_voxel_grid/lib:/home/agilex/agilex_ws/install/nav2_msgs/lib:${LD_LIBRARY_PATH} PYTHONPATH=/home/agilex/agilex_ws/install/nav2_msgs/local/lib/python3.10/dist-packages:/home/agilex/agilex_ws/install/nav2_common/local/lib/python3.10/dist-packages:${PYTHONPATH} /usr/bin/cmake --build /home/agilex/agilex_ws/build/nav2_smac_planner -- -j8 -l8
[0.576s] Invoking command in '/home/agilex/agilex_ws/build/nav2_smac_planner': AMENT_PREFIX_PATH=/home/agilex/agilex_ws/install/nav2_core:/home/agilex/agilex_ws/install/nav2_costmap_2d:/home/agilex/agilex_ws/install/nav2_util:/home/agilex/agilex_ws/install/nav2_voxel_grid:/home/agilex/agilex_ws/install/nav2_msgs:/home/agilex/agilex_ws/install/nav2_common:${AMENT_PREFIX_PATH} CMAKE_PREFIX_PATH=/home/agilex/agilex_ws/install/nav2_core:/home/agilex/agilex_ws/install/nav2_costmap_2d:/home/agilex/agilex_ws/install/nav2_util:/home/agilex/agilex_ws/install/nav2_voxel_grid:/home/agilex/agilex_ws/install/nav2_msgs:/home/agilex/agilex_ws/install/nav2_common:/opt/ros/humble LD_LIBRARY_PATH=/home/agilex/agilex_ws/install/nav2_costmap_2d/lib:/home/agilex/agilex_ws/install/nav2_util/lib:/home/agilex/agilex_ws/install/nav2_voxel_grid/lib:/home/agilex/agilex_ws/install/nav2_msgs/lib:${LD_LIBRARY_PATH} PYTHONPATH=/home/agilex/agilex_ws/install/nav2_msgs/local/lib/python3.10/dist-packages:/home/agilex/agilex_ws/install/nav2_common/local/lib/python3.10/dist-packages:${PYTHONPATH} /usr/bin/cmake --install /home/agilex/agilex_ws/build/nav2_smac_planner
[0.601s] -- Install configuration: "Release"
[0.601s] -- Up-to-date: /home/agilex/agilex_ws/install/nav2_smac_planner/share/nav2_smac_planner/smac_plugin_hybrid.xml
[0.602s] -- Up-to-date: /home/agilex/agilex_ws/install/nav2_smac_planner/share/nav2_smac_planner/smac_plugin_2d.xml
[0.602s] -- Up-to-date: /home/agilex/agilex_ws/install/nav2_smac_planner/share/nav2_smac_planner/smac_plugin_lattice.xml
[0.602s] -- Up-to-date: /home/agilex/agilex_ws/install/nav2_smac_planner/lib/libnav2_smac_planner.so
[0.602s] -- Up-to-date: /home/agilex/agilex_ws/install/nav2_smac_planner/lib/libnav2_smac_planner_2d.so
[0.602s] -- Up-to-date: /home/agilex/agilex_ws/install/nav2_smac_planner/lib/libnav2_smac_planner_lattice.so
[0.603s] -- Up-to-date: /home/agilex/agilex_ws/install/nav2_smac_planner/include/
[0.603s] -- Up-to-date: /home/agilex/agilex_ws/install/nav2_smac_planner/include//nav2_smac_planner
[0.603s] -- Up-to-date: /home/agilex/agilex_ws/install/nav2_smac_planner/include//nav2_smac_planner/node_lattice.hpp
[0.603s] -- Up-to-date: /home/agilex/agilex_ws/install/nav2_smac_planner/include//nav2_smac_planner/smac_planner_hybrid.hpp
[0.603s] -- Up-to-date: /home/agilex/agilex_ws/install/nav2_smac_planner/include//nav2_smac_planner/types.hpp
[0.604s] -- Up-to-date: /home/agilex/agilex_ws/install/nav2_smac_planner/include//nav2_smac_planner/constants.hpp
[0.604s] -- Up-to-date: /home/agilex/agilex_ws/install/nav2_smac_planner/include//nav2_smac_planner/node_basic.hpp
[0.604s] -- Up-to-date: /home/agilex/agilex_ws/install/nav2_smac_planner/include//nav2_smac_planner/smac_planner_2d.hpp
[0.604s] -- Up-to-date: /home/agilex/agilex_ws/install/nav2_smac_planner/include//nav2_smac_planner/collision_checker.hpp
[0.607s] -- Up-to-date: /home/agilex/agilex_ws/install/nav2_smac_planner/include//nav2_smac_planner/analytic_expansion.hpp
[0.607s] -- Up-to-date: /home/agilex/agilex_ws/install/nav2_smac_planner/include//nav2_smac_planner/costmap_downsampler.hpp
[0.607s] -- Up-to-date: /home/agilex/agilex_ws/install/nav2_smac_planner/include//nav2_smac_planner/node_hybrid.hpp
[0.607s] -- Up-to-date: /home/agilex/agilex_ws/install/nav2_smac_planner/include//nav2_smac_planner/node_2d.hpp
[0.608s] -- Up-to-date: /home/agilex/agilex_ws/install/nav2_smac_planner/include//nav2_smac_planner/a_star.hpp
[0.608s] -- Up-to-date: /home/agilex/agilex_ws/install/nav2_smac_planner/include//nav2_smac_planner/smac_planner_lattice.hpp
[0.610s] -- Up-to-date: /home/agilex/agilex_ws/install/nav2_smac_planner/include//nav2_smac_planner/utils.hpp
[0.610s] -- Up-to-date: /home/agilex/agilex_ws/install/nav2_smac_planner/include//nav2_smac_planner/smoother.hpp
[0.610s] -- Up-to-date: /home/agilex/agilex_ws/install/nav2_smac_planner/share/nav2_smac_planner/sample_primitives
[0.610s] -- Up-to-date: /home/agilex/agilex_ws/install/nav2_smac_planner/share/nav2_smac_planner/sample_primitives/5cm_resolution
[0.611s] -- Up-to-date: /home/agilex/agilex_ws/install/nav2_smac_planner/share/nav2_smac_planner/sample_primitives/5cm_resolution/0.5m_turning_radius
[0.611s] -- Up-to-date: /home/agilex/agilex_ws/install/nav2_smac_planner/share/nav2_smac_planner/sample_primitives/5cm_resolution/0.5m_turning_radius/all_trajectories.png
[0.611s] -- Up-to-date: /home/agilex/agilex_ws/install/nav2_smac_planner/share/nav2_smac_planner/sample_primitives/5cm_resolution/0.5m_turning_radius/omni
[0.611s] -- Up-to-date: /home/agilex/agilex_ws/install/nav2_smac_planner/share/nav2_smac_planner/sample_primitives/5cm_resolution/0.5m_turning_radius/omni/output.json
[0.611s] -- Up-to-date: /home/agilex/agilex_ws/install/nav2_smac_planner/share/nav2_smac_planner/sample_primitives/5cm_resolution/0.5m_turning_radius/ackermann
[0.612s] -- Up-to-date: /home/agilex/agilex_ws/install/nav2_smac_planner/share/nav2_smac_planner/sample_primitives/5cm_resolution/0.5m_turning_radius/ackermann/output.json
[0.614s] -- Up-to-date: /home/agilex/agilex_ws/install/nav2_smac_planner/share/nav2_smac_planner/sample_primitives/5cm_resolution/0.5m_turning_radius/diff
[0.614s] -- Up-to-date: /home/agilex/agilex_ws/install/nav2_smac_planner/share/nav2_smac_planner/sample_primitives/5cm_resolution/0.5m_turning_radius/diff/output.json
[0.615s] -- Up-to-date: /home/agilex/agilex_ws/install/nav2_smac_planner/share/nav2_smac_planner/sample_primitives/5cm_resolution/1m_turning_radius
[0.615s] -- Up-to-date: /home/agilex/agilex_ws/install/nav2_smac_planner/share/nav2_smac_planner/sample_primitives/5cm_resolution/1m_turning_radius/all_trajectories.png
[0.615s] -- Up-to-date: /home/agilex/agilex_ws/install/nav2_smac_planner/share/nav2_smac_planner/sample_primitives/5cm_resolution/1m_turning_radius/omni
[0.615s] -- Up-to-date: /home/agilex/agilex_ws/install/nav2_smac_planner/share/nav2_smac_planner/sample_primitives/5cm_resolution/1m_turning_radius/omni/output.json
[0.616s] -- Up-to-date: /home/agilex/agilex_ws/install/nav2_smac_planner/share/nav2_smac_planner/sample_primitives/5cm_resolution/1m_turning_radius/ackermann
[0.616s] -- Up-to-date: /home/agilex/agilex_ws/install/nav2_smac_planner/share/nav2_smac_planner/sample_primitives/5cm_resolution/1m_turning_radius/ackermann/output.json
[0.616s] -- Up-to-date: /home/agilex/agilex_ws/install/nav2_smac_planner/share/nav2_smac_planner/sample_primitives/5cm_resolution/1m_turning_radius/diff
[0.616s] -- Up-to-date: /home/agilex/agilex_ws/install/nav2_smac_planner/share/nav2_smac_planner/sample_primitives/5cm_resolution/1m_turning_radius/diff/output.json
[0.616s] -- Up-to-date: /home/agilex/agilex_ws/install/nav2_smac_planner/share/nav2_smac_planner/environment/library_path.sh
[0.616s] -- Up-to-date: /home/agilex/agilex_ws/install/nav2_smac_planner/share/nav2_smac_planner/environment/library_path.dsv
[0.617s] -- Up-to-date: /home/agilex/agilex_ws/install/nav2_smac_planner/share/ament_index/resource_index/package_run_dependencies/nav2_smac_planner
[0.617s] -- Up-to-date: /home/agilex/agilex_ws/install/nav2_smac_planner/share/ament_index/resource_index/parent_prefix_path/nav2_smac_planner
[0.617s] -- Up-to-date: /home/agilex/agilex_ws/install/nav2_smac_planner/share/nav2_smac_planner/environment/ament_prefix_path.sh
[0.617s] -- Up-to-date: /home/agilex/agilex_ws/install/nav2_smac_planner/share/nav2_smac_planner/environment/ament_prefix_path.dsv
[0.617s] -- Up-to-date: /home/agilex/agilex_ws/install/nav2_smac_planner/share/nav2_smac_planner/environment/path.sh
[0.620s] -- Up-to-date: /home/agilex/agilex_ws/install/nav2_smac_planner/share/nav2_smac_planner/environment/path.dsv
[0.620s] -- Up-to-date: /home/agilex/agilex_ws/install/nav2_smac_planner/share/nav2_smac_planner/local_setup.bash
[0.620s] -- Up-to-date: /home/agilex/agilex_ws/install/nav2_smac_planner/share/nav2_smac_planner/local_setup.sh
[0.621s] -- Up-to-date: /home/agilex/agilex_ws/install/nav2_smac_planner/share/nav2_smac_planner/local_setup.zsh
[0.621s] -- Up-to-date: /home/agilex/agilex_ws/install/nav2_smac_planner/share/nav2_smac_planner/local_setup.dsv
[0.621s] -- Installing: /home/agilex/agilex_ws/install/nav2_smac_planner/share/nav2_smac_planner/package.dsv
[0.621s] -- Up-to-date: /home/agilex/agilex_ws/install/nav2_smac_planner/share/ament_index/resource_index/packages/nav2_smac_planner
[0.621s] -- Up-to-date: /home/agilex/agilex_ws/install/nav2_smac_planner/share/ament_index/resource_index/nav2_core__pluginlib__plugin/nav2_smac_planner
[0.621s] -- Up-to-date: /home/agilex/agilex_ws/install/nav2_smac_planner/share/nav2_smac_planner/cmake/ament_cmake_export_include_directories-extras.cmake
[0.621s] -- Up-to-date: /home/agilex/agilex_ws/install/nav2_smac_planner/share/nav2_smac_planner/cmake/ament_cmake_export_libraries-extras.cmake
[0.621s] -- Up-to-date: /home/agilex/agilex_ws/install/nav2_smac_planner/share/nav2_smac_planner/cmake/ament_cmake_export_dependencies-extras.cmake
[0.621s] -- Up-to-date: /home/agilex/agilex_ws/install/nav2_smac_planner/share/nav2_smac_planner/cmake/nav2_smac_plannerConfig.cmake
[0.621s] -- Up-to-date: /home/agilex/agilex_ws/install/nav2_smac_planner/share/nav2_smac_planner/cmake/nav2_smac_plannerConfig-version.cmake
[0.622s] -- Up-to-date: /home/agilex/agilex_ws/install/nav2_smac_planner/share/nav2_smac_planner/package.xml
[0.668s] Invoked command in '/home/agilex/agilex_ws/build/nav2_smac_planner' returned '0': AMENT_PREFIX_PATH=/home/agilex/agilex_ws/install/nav2_core:/home/agilex/agilex_ws/install/nav2_costmap_2d:/home/agilex/agilex_ws/install/nav2_util:/home/agilex/agilex_ws/install/nav2_voxel_grid:/home/agilex/agilex_ws/install/nav2_msgs:/home/agilex/agilex_ws/install/nav2_common:${AMENT_PREFIX_PATH} CMAKE_PREFIX_PATH=/home/agilex/agilex_ws/install/nav2_core:/home/agilex/agilex_ws/install/nav2_costmap_2d:/home/agilex/agilex_ws/install/nav2_util:/home/agilex/agilex_ws/install/nav2_voxel_grid:/home/agilex/agilex_ws/install/nav2_msgs:/home/agilex/agilex_ws/install/nav2_common:/opt/ros/humble LD_LIBRARY_PATH=/home/agilex/agilex_ws/install/nav2_costmap_2d/lib:/home/agilex/agilex_ws/install/nav2_util/lib:/home/agilex/agilex_ws/install/nav2_voxel_grid/lib:/home/agilex/agilex_ws/install/nav2_msgs/lib:${LD_LIBRARY_PATH} PYTHONPATH=/home/agilex/agilex_ws/install/nav2_msgs/local/lib/python3.10/dist-packages:/home/agilex/agilex_ws/install/nav2_common/local/lib/python3.10/dist-packages:${PYTHONPATH} /usr/bin/cmake --install /home/agilex/agilex_ws/build/nav2_smac_planner
