[0.485s] Invoking command in '/home/agilex/agilex_ws/build/nav2_common': CMAKE_PREFIX_PATH=${CMAKE_PREFIX_PATH}:/home/agilex/agilex_ws/install/yolov5_ros2:/home/agilex/agilex_ws/install/nav2_simple_commander:/opt/ros/humble /usr/bin/cmake --build /home/agilex/agilex_ws/build/nav2_common -- -j16 -l16
[0.554s] Built target ament_cmake_python_copy_nav2_common
[0.981s] running egg_info
[0.982s] writing nav2_common.egg-info/PKG-INFO
[0.982s] writing dependency_links to nav2_common.egg-info/dependency_links.txt
[0.983s] writing top-level names to nav2_common.egg-info/top_level.txt
[0.986s] reading manifest file 'nav2_common.egg-info/SOURCES.txt'
[0.986s] writing manifest file 'nav2_common.egg-info/SOURCES.txt'
[1.048s] Built target ament_cmake_python_build_nav2_common_egg
[1.173s] Invoked command in '/home/agilex/agilex_ws/build/nav2_common' returned '0': CMAKE_PREFIX_PATH=${CMAKE_PREFIX_PATH}:/home/agilex/agilex_ws/install/yolov5_ros2:/home/agilex/agilex_ws/install/nav2_simple_commander:/opt/ros/humble /usr/bin/cmake --build /home/agilex/agilex_ws/build/nav2_common -- -j16 -l16
[1.650s] Invoking command in '/home/agilex/agilex_ws/build/nav2_common': CMAKE_PREFIX_PATH=${CMAKE_PREFIX_PATH}:/home/agilex/agilex_ws/install/yolov5_ros2:/home/agilex/agilex_ws/install/nav2_simple_commander:/opt/ros/humble /usr/bin/cmake --install /home/agilex/agilex_ws/build/nav2_common
[1.735s] -- Install configuration: ""
[1.735s] -- Up-to-date: /home/agilex/agilex_ws/install/nav2_common/share/nav2_common/environment/pythonpath.sh
[1.735s] -- Up-to-date: /home/agilex/agilex_ws/install/nav2_common/share/nav2_common/environment/pythonpath.dsv
[1.736s] -- Up-to-date: /home/agilex/agilex_ws/install/nav2_common/local/lib/python3.10/dist-packages/nav2_common-1.1.0-py3.10.egg-info
[1.736s] -- Installing: /home/agilex/agilex_ws/install/nav2_common/local/lib/python3.10/dist-packages/nav2_common-1.1.0-py3.10.egg-info/top_level.txt
[1.736s] -- Installing: /home/agilex/agilex_ws/install/nav2_common/local/lib/python3.10/dist-packages/nav2_common-1.1.0-py3.10.egg-info/SOURCES.txt
[1.736s] -- Installing: /home/agilex/agilex_ws/install/nav2_common/local/lib/python3.10/dist-packages/nav2_common-1.1.0-py3.10.egg-info/PKG-INFO
[1.736s] -- Installing: /home/agilex/agilex_ws/install/nav2_common/local/lib/python3.10/dist-packages/nav2_common-1.1.0-py3.10.egg-info/dependency_links.txt
[1.737s] -- Up-to-date: /home/agilex/agilex_ws/install/nav2_common/local/lib/python3.10/dist-packages/nav2_common
[1.737s] -- Up-to-date: /home/agilex/agilex_ws/install/nav2_common/local/lib/python3.10/dist-packages/nav2_common/__init__.py
[1.737s] -- Up-to-date: /home/agilex/agilex_ws/install/nav2_common/local/lib/python3.10/dist-packages/nav2_common/launch
[1.737s] -- Up-to-date: /home/agilex/agilex_ws/install/nav2_common/local/lib/python3.10/dist-packages/nav2_common/launch/replace_string.py
[1.738s] -- Up-to-date: /home/agilex/agilex_ws/install/nav2_common/local/lib/python3.10/dist-packages/nav2_common/launch/__init__.py
[1.738s] -- Up-to-date: /home/agilex/agilex_ws/install/nav2_common/local/lib/python3.10/dist-packages/nav2_common/launch/rewritten_yaml.py
[1.738s] -- Up-to-date: /home/agilex/agilex_ws/install/nav2_common/local/lib/python3.10/dist-packages/nav2_common/launch/has_node_params.py
[1.738s] Listing '/home/agilex/agilex_ws/install/nav2_common/local/lib/python3.10/dist-packages/nav2_common'...
[1.738s] Listing '/home/agilex/agilex_ws/install/nav2_common/local/lib/python3.10/dist-packages/nav2_common/launch'...
[1.738s] -- Up-to-date: /home/agilex/agilex_ws/install/nav2_common/share/ament_index/resource_index/package_run_dependencies/nav2_common
[1.739s] -- Up-to-date: /home/agilex/agilex_ws/install/nav2_common/share/ament_index/resource_index/parent_prefix_path/nav2_common
[1.739s] -- Up-to-date: /home/agilex/agilex_ws/install/nav2_common/share/nav2_common/environment/ament_prefix_path.sh
[1.739s] -- Up-to-date: /home/agilex/agilex_ws/install/nav2_common/share/nav2_common/environment/ament_prefix_path.dsv
[1.739s] -- Up-to-date: /home/agilex/agilex_ws/install/nav2_common/share/nav2_common/environment/path.sh
[1.739s] -- Up-to-date: /home/agilex/agilex_ws/install/nav2_common/share/nav2_common/environment/path.dsv
[1.739s] -- Up-to-date: /home/agilex/agilex_ws/install/nav2_common/share/nav2_common/local_setup.bash
[1.740s] -- Up-to-date: /home/agilex/agilex_ws/install/nav2_common/share/nav2_common/local_setup.sh
[1.740s] -- Up-to-date: /home/agilex/agilex_ws/install/nav2_common/share/nav2_common/local_setup.zsh
[1.740s] -- Up-to-date: /home/agilex/agilex_ws/install/nav2_common/share/nav2_common/local_setup.dsv
[1.740s] -- Installing: /home/agilex/agilex_ws/install/nav2_common/share/nav2_common/package.dsv
[1.741s] -- Up-to-date: /home/agilex/agilex_ws/install/nav2_common/share/ament_index/resource_index/packages/nav2_common
[1.741s] -- Up-to-date: /home/agilex/agilex_ws/install/nav2_common/share/nav2_common/cmake/nav2_common-extras.cmake
[1.741s] -- Up-to-date: /home/agilex/agilex_ws/install/nav2_common/share/nav2_common/cmake/nav2_commonConfig.cmake
[1.742s] -- Up-to-date: /home/agilex/agilex_ws/install/nav2_common/share/nav2_common/cmake/nav2_commonConfig-version.cmake
[1.742s] -- Up-to-date: /home/agilex/agilex_ws/install/nav2_common/share/nav2_common/package.xml
[1.743s] -- Up-to-date: /home/agilex/agilex_ws/install/nav2_common/share/nav2_common/cmake
[1.743s] -- Up-to-date: /home/agilex/agilex_ws/install/nav2_common/share/nav2_common/cmake/nav2_package.cmake
[1.833s] Invoked command in '/home/agilex/agilex_ws/build/nav2_common' returned '0': CMAKE_PREFIX_PATH=${CMAKE_PREFIX_PATH}:/home/agilex/agilex_ws/install/yolov5_ros2:/home/agilex/agilex_ws/install/nav2_simple_commander:/opt/ros/humble /usr/bin/cmake --install /home/agilex/agilex_ws/build/nav2_common
