[0.407s] Invoking command in '/home/agilex/agilex_ws/build/costmap_converter_msgs': CMAKE_PREFIX_PATH=${CMAKE_PREFIX_PATH}:/home/agilex/agilex_ws/install/yolov5_ros2:/home/agilex/agilex_ws/install/nav2_simple_commander:/opt/ros/humble /usr/bin/cmake --build /home/agilex/agilex_ws/build/costmap_converter_msgs -- -j16 -l16
[0.548s] [  2%] Built target costmap_converter_msgs__cpp
[0.548s] [ 12%] Built target costmap_converter_msgs__rosidl_generator_c
[0.552s] [ 12%] Built target ament_cmake_python_copy_costmap_converter_msgs
[0.664s] [ 23%] Built target costmap_converter_msgs__rosidl_typesupport_cpp
[0.666s] [ 33%] Built target costmap_converter_msgs__rosidl_typesupport_introspection_cpp
[0.676s] [ 43%] Built target costmap_converter_msgs__rosidl_typesupport_fastrtps_cpp
[0.747s] [ 53%] Built target costmap_converter_msgs__rosidl_typesupport_fastrtps_c
[0.747s] [ 64%] Built target costmap_converter_msgs__rosidl_typesupport_introspection_c
[0.765s] [ 74%] Built target costmap_converter_msgs__rosidl_typesupport_c
[0.830s] [ 74%] Built target costmap_converter_msgs
[0.861s] [ 76%] Built target costmap_converter_msgs__py
[0.924s] [ 84%] Built target costmap_converter_msgs__rosidl_generator_py
[0.967s] [ 94%] Built target costmap_converter_msgs__rosidl_typesupport_fastrtps_c__pyext
[0.968s] [ 94%] Built target costmap_converter_msgs__rosidl_typesupport_c__pyext
[0.979s] [100%] Built target costmap_converter_msgs__rosidl_typesupport_introspection_c__pyext
[0.992s] running egg_info
[0.993s] writing costmap_converter_msgs.egg-info/PKG-INFO
[0.994s] writing dependency_links to costmap_converter_msgs.egg-info/dependency_links.txt
[0.994s] writing top-level names to costmap_converter_msgs.egg-info/top_level.txt
[0.997s] reading manifest file 'costmap_converter_msgs.egg-info/SOURCES.txt'
[1.000s] writing manifest file 'costmap_converter_msgs.egg-info/SOURCES.txt'
[1.052s] [100%] Built target ament_cmake_python_build_costmap_converter_msgs_egg
[1.157s] Invoked command in '/home/agilex/agilex_ws/build/costmap_converter_msgs' returned '0': CMAKE_PREFIX_PATH=${CMAKE_PREFIX_PATH}:/home/agilex/agilex_ws/install/yolov5_ros2:/home/agilex/agilex_ws/install/nav2_simple_commander:/opt/ros/humble /usr/bin/cmake --build /home/agilex/agilex_ws/build/costmap_converter_msgs -- -j16 -l16
[1.623s] Invoking command in '/home/agilex/agilex_ws/build/costmap_converter_msgs': CMAKE_PREFIX_PATH=${CMAKE_PREFIX_PATH}:/home/agilex/agilex_ws/install/yolov5_ros2:/home/agilex/agilex_ws/install/nav2_simple_commander:/opt/ros/humble /usr/bin/cmake --install /home/agilex/agilex_ws/build/costmap_converter_msgs
[1.646s] -- Install configuration: ""
[1.646s] -- Up-to-date: /home/agilex/agilex_ws/install/costmap_converter_msgs/share/ament_index/resource_index/rosidl_interfaces/costmap_converter_msgs
[1.646s] -- Up-to-date: /home/agilex/agilex_ws/install/costmap_converter_msgs/include/costmap_converter_msgs/costmap_converter_msgs
[1.646s] -- Up-to-date: /home/agilex/agilex_ws/install/costmap_converter_msgs/include/costmap_converter_msgs/costmap_converter_msgs/msg
[1.646s] -- Up-to-date: /home/agilex/agilex_ws/install/costmap_converter_msgs/include/costmap_converter_msgs/costmap_converter_msgs/msg/obstacle_array_msg.h
[1.646s] -- Up-to-date: /home/agilex/agilex_ws/install/costmap_converter_msgs/include/costmap_converter_msgs/costmap_converter_msgs/msg/detail
[1.646s] -- Up-to-date: /home/agilex/agilex_ws/install/costmap_converter_msgs/include/costmap_converter_msgs/costmap_converter_msgs/msg/detail/obstacle_array_msg__functions.c
[1.646s] -- Up-to-date: /home/agilex/agilex_ws/install/costmap_converter_msgs/include/costmap_converter_msgs/costmap_converter_msgs/msg/detail/obstacle_msg__type_support.h
[1.646s] -- Up-to-date: /home/agilex/agilex_ws/install/costmap_converter_msgs/include/costmap_converter_msgs/costmap_converter_msgs/msg/detail/obstacle_msg__functions.h
[1.646s] -- Up-to-date: /home/agilex/agilex_ws/install/costmap_converter_msgs/include/costmap_converter_msgs/costmap_converter_msgs/msg/detail/obstacle_array_msg__type_support.h
[1.646s] -- Up-to-date: /home/agilex/agilex_ws/install/costmap_converter_msgs/include/costmap_converter_msgs/costmap_converter_msgs/msg/detail/obstacle_msg__struct.h
[1.646s] -- Up-to-date: /home/agilex/agilex_ws/install/costmap_converter_msgs/include/costmap_converter_msgs/costmap_converter_msgs/msg/detail/obstacle_array_msg__functions.h
[1.646s] -- Up-to-date: /home/agilex/agilex_ws/install/costmap_converter_msgs/include/costmap_converter_msgs/costmap_converter_msgs/msg/detail/obstacle_array_msg__struct.h
[1.647s] -- Up-to-date: /home/agilex/agilex_ws/install/costmap_converter_msgs/include/costmap_converter_msgs/costmap_converter_msgs/msg/detail/obstacle_msg__functions.c
[1.647s] -- Up-to-date: /home/agilex/agilex_ws/install/costmap_converter_msgs/include/costmap_converter_msgs/costmap_converter_msgs/msg/obstacle_msg.h
[1.647s] -- Up-to-date: /home/agilex/agilex_ws/install/costmap_converter_msgs/include/costmap_converter_msgs/costmap_converter_msgs/msg/rosidl_generator_c__visibility_control.h
[1.647s] -- Up-to-date: /home/agilex/agilex_ws/install/costmap_converter_msgs/share/costmap_converter_msgs/environment/library_path.sh
[1.647s] -- Up-to-date: /home/agilex/agilex_ws/install/costmap_converter_msgs/share/costmap_converter_msgs/environment/library_path.dsv
[1.647s] -- Up-to-date: /home/agilex/agilex_ws/install/costmap_converter_msgs/lib/libcostmap_converter_msgs__rosidl_generator_c.so
[1.647s] -- Up-to-date: /home/agilex/agilex_ws/install/costmap_converter_msgs/include/costmap_converter_msgs/costmap_converter_msgs
[1.647s] -- Up-to-date: /home/agilex/agilex_ws/install/costmap_converter_msgs/include/costmap_converter_msgs/costmap_converter_msgs/msg
[1.647s] -- Up-to-date: /home/agilex/agilex_ws/install/costmap_converter_msgs/include/costmap_converter_msgs/costmap_converter_msgs/msg/rosidl_typesupport_fastrtps_c__visibility_control.h
[1.647s] -- Up-to-date: /home/agilex/agilex_ws/install/costmap_converter_msgs/include/costmap_converter_msgs/costmap_converter_msgs/msg/detail
[1.647s] -- Up-to-date: /home/agilex/agilex_ws/install/costmap_converter_msgs/include/costmap_converter_msgs/costmap_converter_msgs/msg/detail/obstacle_array_msg__rosidl_typesupport_fastrtps_c.h
[1.647s] -- Up-to-date: /home/agilex/agilex_ws/install/costmap_converter_msgs/include/costmap_converter_msgs/costmap_converter_msgs/msg/detail/obstacle_msg__rosidl_typesupport_fastrtps_c.h
[1.647s] -- Up-to-date: /home/agilex/agilex_ws/install/costmap_converter_msgs/lib/libcostmap_converter_msgs__rosidl_typesupport_fastrtps_c.so
[1.647s] -- Up-to-date: /home/agilex/agilex_ws/install/costmap_converter_msgs/include/costmap_converter_msgs/costmap_converter_msgs
[1.647s] -- Up-to-date: /home/agilex/agilex_ws/install/costmap_converter_msgs/include/costmap_converter_msgs/costmap_converter_msgs/msg
[1.647s] -- Up-to-date: /home/agilex/agilex_ws/install/costmap_converter_msgs/include/costmap_converter_msgs/costmap_converter_msgs/msg/detail
[1.648s] -- Up-to-date: /home/agilex/agilex_ws/install/costmap_converter_msgs/include/costmap_converter_msgs/costmap_converter_msgs/msg/detail/obstacle_array_msg__traits.hpp
[1.648s] -- Up-to-date: /home/agilex/agilex_ws/install/costmap_converter_msgs/include/costmap_converter_msgs/costmap_converter_msgs/msg/detail/obstacle_msg__traits.hpp
[1.648s] -- Up-to-date: /home/agilex/agilex_ws/install/costmap_converter_msgs/include/costmap_converter_msgs/costmap_converter_msgs/msg/detail/obstacle_array_msg__struct.hpp
[1.648s] -- Up-to-date: /home/agilex/agilex_ws/install/costmap_converter_msgs/include/costmap_converter_msgs/costmap_converter_msgs/msg/detail/obstacle_msg__builder.hpp
[1.648s] -- Up-to-date: /home/agilex/agilex_ws/install/costmap_converter_msgs/include/costmap_converter_msgs/costmap_converter_msgs/msg/detail/obstacle_msg__struct.hpp
[1.648s] -- Up-to-date: /home/agilex/agilex_ws/install/costmap_converter_msgs/include/costmap_converter_msgs/costmap_converter_msgs/msg/detail/obstacle_array_msg__builder.hpp
[1.648s] -- Up-to-date: /home/agilex/agilex_ws/install/costmap_converter_msgs/include/costmap_converter_msgs/costmap_converter_msgs/msg/obstacle_msg.hpp
[1.648s] -- Up-to-date: /home/agilex/agilex_ws/install/costmap_converter_msgs/include/costmap_converter_msgs/costmap_converter_msgs/msg/obstacle_array_msg.hpp
[1.648s] -- Up-to-date: /home/agilex/agilex_ws/install/costmap_converter_msgs/include/costmap_converter_msgs/costmap_converter_msgs
[1.648s] -- Up-to-date: /home/agilex/agilex_ws/install/costmap_converter_msgs/include/costmap_converter_msgs/costmap_converter_msgs/msg
[1.648s] -- Up-to-date: /home/agilex/agilex_ws/install/costmap_converter_msgs/include/costmap_converter_msgs/costmap_converter_msgs/msg/rosidl_typesupport_fastrtps_cpp__visibility_control.h
[1.649s] -- Up-to-date: /home/agilex/agilex_ws/install/costmap_converter_msgs/include/costmap_converter_msgs/costmap_converter_msgs/msg/detail
[1.649s] -- Up-to-date: /home/agilex/agilex_ws/install/costmap_converter_msgs/include/costmap_converter_msgs/costmap_converter_msgs/msg/detail/obstacle_array_msg__rosidl_typesupport_fastrtps_cpp.hpp
[1.649s] -- Up-to-date: /home/agilex/agilex_ws/install/costmap_converter_msgs/include/costmap_converter_msgs/costmap_converter_msgs/msg/detail/dds_fastrtps
[1.649s] -- Up-to-date: /home/agilex/agilex_ws/install/costmap_converter_msgs/include/costmap_converter_msgs/costmap_converter_msgs/msg/detail/obstacle_msg__rosidl_typesupport_fastrtps_cpp.hpp
[1.653s] -- Up-to-date: /home/agilex/agilex_ws/install/costmap_converter_msgs/lib/libcostmap_converter_msgs__rosidl_typesupport_fastrtps_cpp.so
[1.654s] -- Up-to-date: /home/agilex/agilex_ws/install/costmap_converter_msgs/include/costmap_converter_msgs/costmap_converter_msgs
[1.655s] -- Up-to-date: /home/agilex/agilex_ws/install/costmap_converter_msgs/include/costmap_converter_msgs/costmap_converter_msgs/msg
[1.658s] -- Up-to-date: /home/agilex/agilex_ws/install/costmap_converter_msgs/include/costmap_converter_msgs/costmap_converter_msgs/msg/detail
[1.659s] -- Up-to-date: /home/agilex/agilex_ws/install/costmap_converter_msgs/include/costmap_converter_msgs/costmap_converter_msgs/msg/detail/obstacle_msg__type_support.c
[1.660s] -- Up-to-date: /home/agilex/agilex_ws/install/costmap_converter_msgs/include/costmap_converter_msgs/costmap_converter_msgs/msg/detail/obstacle_msg__rosidl_typesupport_introspection_c.h
[1.660s] -- Up-to-date: /home/agilex/agilex_ws/install/costmap_converter_msgs/include/costmap_converter_msgs/costmap_converter_msgs/msg/detail/obstacle_array_msg__rosidl_typesupport_introspection_c.h
[1.661s] -- Up-to-date: /home/agilex/agilex_ws/install/costmap_converter_msgs/include/costmap_converter_msgs/costmap_converter_msgs/msg/detail/obstacle_array_msg__type_support.c
[1.661s] -- Up-to-date: /home/agilex/agilex_ws/install/costmap_converter_msgs/include/costmap_converter_msgs/costmap_converter_msgs/msg/rosidl_typesupport_introspection_c__visibility_control.h
[1.661s] -- Up-to-date: /home/agilex/agilex_ws/install/costmap_converter_msgs/lib/libcostmap_converter_msgs__rosidl_typesupport_introspection_c.so
[1.663s] -- Up-to-date: /home/agilex/agilex_ws/install/costmap_converter_msgs/lib/libcostmap_converter_msgs__rosidl_typesupport_c.so
[1.665s] -- Up-to-date: /home/agilex/agilex_ws/install/costmap_converter_msgs/include/costmap_converter_msgs/costmap_converter_msgs
[1.665s] -- Up-to-date: /home/agilex/agilex_ws/install/costmap_converter_msgs/include/costmap_converter_msgs/costmap_converter_msgs/msg
[1.665s] -- Up-to-date: /home/agilex/agilex_ws/install/costmap_converter_msgs/include/costmap_converter_msgs/costmap_converter_msgs/msg/detail
[1.666s] -- Up-to-date: /home/agilex/agilex_ws/install/costmap_converter_msgs/include/costmap_converter_msgs/costmap_converter_msgs/msg/detail/obstacle_msg__type_support.cpp
[1.666s] -- Up-to-date: /home/agilex/agilex_ws/install/costmap_converter_msgs/include/costmap_converter_msgs/costmap_converter_msgs/msg/detail/obstacle_array_msg__rosidl_typesupport_introspection_cpp.hpp
[1.666s] -- Up-to-date: /home/agilex/agilex_ws/install/costmap_converter_msgs/include/costmap_converter_msgs/costmap_converter_msgs/msg/detail/obstacle_array_msg__type_support.cpp
[1.666s] -- Up-to-date: /home/agilex/agilex_ws/install/costmap_converter_msgs/include/costmap_converter_msgs/costmap_converter_msgs/msg/detail/obstacle_msg__rosidl_typesupport_introspection_cpp.hpp
[1.666s] -- Up-to-date: /home/agilex/agilex_ws/install/costmap_converter_msgs/lib/libcostmap_converter_msgs__rosidl_typesupport_introspection_cpp.so
[1.667s] -- Up-to-date: /home/agilex/agilex_ws/install/costmap_converter_msgs/lib/libcostmap_converter_msgs__rosidl_typesupport_cpp.so
[1.667s] -- Up-to-date: /home/agilex/agilex_ws/install/costmap_converter_msgs/share/costmap_converter_msgs/environment/pythonpath.sh
[1.667s] -- Up-to-date: /home/agilex/agilex_ws/install/costmap_converter_msgs/share/costmap_converter_msgs/environment/pythonpath.dsv
[1.667s] -- Up-to-date: /home/agilex/agilex_ws/install/costmap_converter_msgs/local/lib/python3.10/dist-packages/costmap_converter_msgs-0.1.2-py3.10.egg-info
[1.667s] -- Installing: /home/agilex/agilex_ws/install/costmap_converter_msgs/local/lib/python3.10/dist-packages/costmap_converter_msgs-0.1.2-py3.10.egg-info/top_level.txt
[1.667s] -- Installing: /home/agilex/agilex_ws/install/costmap_converter_msgs/local/lib/python3.10/dist-packages/costmap_converter_msgs-0.1.2-py3.10.egg-info/SOURCES.txt
[1.667s] -- Installing: /home/agilex/agilex_ws/install/costmap_converter_msgs/local/lib/python3.10/dist-packages/costmap_converter_msgs-0.1.2-py3.10.egg-info/PKG-INFO
[1.667s] -- Installing: /home/agilex/agilex_ws/install/costmap_converter_msgs/local/lib/python3.10/dist-packages/costmap_converter_msgs-0.1.2-py3.10.egg-info/dependency_links.txt
[1.668s] -- Up-to-date: /home/agilex/agilex_ws/install/costmap_converter_msgs/local/lib/python3.10/dist-packages/costmap_converter_msgs
[1.668s] -- Up-to-date: /home/agilex/agilex_ws/install/costmap_converter_msgs/local/lib/python3.10/dist-packages/costmap_converter_msgs/_costmap_converter_msgs_s.ep.rosidl_typesupport_c.c
[1.668s] -- Up-to-date: /home/agilex/agilex_ws/install/costmap_converter_msgs/local/lib/python3.10/dist-packages/costmap_converter_msgs/_costmap_converter_msgs_s.ep.rosidl_typesupport_introspection_c.c
[1.668s] -- Up-to-date: /home/agilex/agilex_ws/install/costmap_converter_msgs/local/lib/python3.10/dist-packages/costmap_converter_msgs/costmap_converter_msgs_s__rosidl_typesupport_introspection_c.cpython-310-x86_64-linux-gnu.so
[1.669s] -- Up-to-date: /home/agilex/agilex_ws/install/costmap_converter_msgs/local/lib/python3.10/dist-packages/costmap_converter_msgs/costmap_converter_msgs_s__rosidl_typesupport_c.cpython-310-x86_64-linux-gnu.so
[1.669s] -- Up-to-date: /home/agilex/agilex_ws/install/costmap_converter_msgs/local/lib/python3.10/dist-packages/costmap_converter_msgs/costmap_converter_msgs_s__rosidl_typesupport_fastrtps_c.cpython-310-x86_64-linux-gnu.so
[1.669s] -- Up-to-date: /home/agilex/agilex_ws/install/costmap_converter_msgs/local/lib/python3.10/dist-packages/costmap_converter_msgs/libcostmap_converter_msgs__rosidl_generator_py.so
[1.669s] -- Up-to-date: /home/agilex/agilex_ws/install/costmap_converter_msgs/local/lib/python3.10/dist-packages/costmap_converter_msgs/__init__.py
[1.669s] -- Up-to-date: /home/agilex/agilex_ws/install/costmap_converter_msgs/local/lib/python3.10/dist-packages/costmap_converter_msgs/msg
[1.669s] -- Up-to-date: /home/agilex/agilex_ws/install/costmap_converter_msgs/local/lib/python3.10/dist-packages/costmap_converter_msgs/msg/_obstacle_array_msg.py
[1.670s] -- Up-to-date: /home/agilex/agilex_ws/install/costmap_converter_msgs/local/lib/python3.10/dist-packages/costmap_converter_msgs/msg/_obstacle_array_msg_s.c
[1.670s] -- Up-to-date: /home/agilex/agilex_ws/install/costmap_converter_msgs/local/lib/python3.10/dist-packages/costmap_converter_msgs/msg/_obstacle_msg_s.c
[1.670s] -- Up-to-date: /home/agilex/agilex_ws/install/costmap_converter_msgs/local/lib/python3.10/dist-packages/costmap_converter_msgs/msg/__init__.py
[1.670s] -- Up-to-date: /home/agilex/agilex_ws/install/costmap_converter_msgs/local/lib/python3.10/dist-packages/costmap_converter_msgs/msg/_obstacle_msg.py
[1.670s] -- Up-to-date: /home/agilex/agilex_ws/install/costmap_converter_msgs/local/lib/python3.10/dist-packages/costmap_converter_msgs/_costmap_converter_msgs_s.ep.rosidl_typesupport_fastrtps_c.c
[1.750s] Listing '/home/agilex/agilex_ws/install/costmap_converter_msgs/local/lib/python3.10/dist-packages/costmap_converter_msgs'...
[1.750s] Listing '/home/agilex/agilex_ws/install/costmap_converter_msgs/local/lib/python3.10/dist-packages/costmap_converter_msgs/msg'...
[1.750s] -- Up-to-date: /home/agilex/agilex_ws/install/costmap_converter_msgs/local/lib/python3.10/dist-packages/costmap_converter_msgs/costmap_converter_msgs_s__rosidl_typesupport_fastrtps_c.cpython-310-x86_64-linux-gnu.so
[1.750s] -- Up-to-date: /home/agilex/agilex_ws/install/costmap_converter_msgs/local/lib/python3.10/dist-packages/costmap_converter_msgs/costmap_converter_msgs_s__rosidl_typesupport_introspection_c.cpython-310-x86_64-linux-gnu.so
[1.750s] -- Up-to-date: /home/agilex/agilex_ws/install/costmap_converter_msgs/local/lib/python3.10/dist-packages/costmap_converter_msgs/costmap_converter_msgs_s__rosidl_typesupport_c.cpython-310-x86_64-linux-gnu.so
[1.750s] -- Up-to-date: /home/agilex/agilex_ws/install/costmap_converter_msgs/lib/libcostmap_converter_msgs__rosidl_generator_py.so
[1.750s] -- Up-to-date: /home/agilex/agilex_ws/install/costmap_converter_msgs/share/costmap_converter_msgs/msg/ObstacleMsg.idl
[1.750s] -- Up-to-date: /home/agilex/agilex_ws/install/costmap_converter_msgs/share/costmap_converter_msgs/msg/ObstacleArrayMsg.idl
[1.750s] -- Up-to-date: /home/agilex/agilex_ws/install/costmap_converter_msgs/share/costmap_converter_msgs/msg/ObstacleMsg.msg
[1.750s] -- Up-to-date: /home/agilex/agilex_ws/install/costmap_converter_msgs/share/costmap_converter_msgs/msg/ObstacleArrayMsg.msg
[1.750s] -- Up-to-date: /home/agilex/agilex_ws/install/costmap_converter_msgs/share/ament_index/resource_index/package_run_dependencies/costmap_converter_msgs
[1.750s] -- Up-to-date: /home/agilex/agilex_ws/install/costmap_converter_msgs/share/ament_index/resource_index/parent_prefix_path/costmap_converter_msgs
[1.750s] -- Up-to-date: /home/agilex/agilex_ws/install/costmap_converter_msgs/share/costmap_converter_msgs/environment/ament_prefix_path.sh
[1.750s] -- Up-to-date: /home/agilex/agilex_ws/install/costmap_converter_msgs/share/costmap_converter_msgs/environment/ament_prefix_path.dsv
[1.750s] -- Up-to-date: /home/agilex/agilex_ws/install/costmap_converter_msgs/share/costmap_converter_msgs/environment/path.sh
[1.750s] -- Up-to-date: /home/agilex/agilex_ws/install/costmap_converter_msgs/share/costmap_converter_msgs/environment/path.dsv
[1.751s] -- Up-to-date: /home/agilex/agilex_ws/install/costmap_converter_msgs/share/costmap_converter_msgs/local_setup.bash
[1.751s] -- Up-to-date: /home/agilex/agilex_ws/install/costmap_converter_msgs/share/costmap_converter_msgs/local_setup.sh
[1.751s] -- Up-to-date: /home/agilex/agilex_ws/install/costmap_converter_msgs/share/costmap_converter_msgs/local_setup.zsh
[1.751s] -- Up-to-date: /home/agilex/agilex_ws/install/costmap_converter_msgs/share/costmap_converter_msgs/local_setup.dsv
[1.751s] -- Installing: /home/agilex/agilex_ws/install/costmap_converter_msgs/share/costmap_converter_msgs/package.dsv
[1.751s] -- Up-to-date: /home/agilex/agilex_ws/install/costmap_converter_msgs/share/ament_index/resource_index/packages/costmap_converter_msgs
[1.751s] -- Up-to-date: /home/agilex/agilex_ws/install/costmap_converter_msgs/share/costmap_converter_msgs/cmake/export_costmap_converter_msgs__rosidl_generator_cExport.cmake
[1.751s] -- Up-to-date: /home/agilex/agilex_ws/install/costmap_converter_msgs/share/costmap_converter_msgs/cmake/export_costmap_converter_msgs__rosidl_generator_cExport-noconfig.cmake
[1.751s] -- Up-to-date: /home/agilex/agilex_ws/install/costmap_converter_msgs/share/costmap_converter_msgs/cmake/export_costmap_converter_msgs__rosidl_typesupport_fastrtps_cExport.cmake
[1.752s] -- Up-to-date: /home/agilex/agilex_ws/install/costmap_converter_msgs/share/costmap_converter_msgs/cmake/export_costmap_converter_msgs__rosidl_typesupport_fastrtps_cExport-noconfig.cmake
[1.752s] -- Up-to-date: /home/agilex/agilex_ws/install/costmap_converter_msgs/share/costmap_converter_msgs/cmake/export_costmap_converter_msgs__rosidl_generator_cppExport.cmake
[1.752s] -- Up-to-date: /home/agilex/agilex_ws/install/costmap_converter_msgs/share/costmap_converter_msgs/cmake/export_costmap_converter_msgs__rosidl_typesupport_fastrtps_cppExport.cmake
[1.752s] -- Up-to-date: /home/agilex/agilex_ws/install/costmap_converter_msgs/share/costmap_converter_msgs/cmake/export_costmap_converter_msgs__rosidl_typesupport_fastrtps_cppExport-noconfig.cmake
[1.752s] -- Up-to-date: /home/agilex/agilex_ws/install/costmap_converter_msgs/share/costmap_converter_msgs/cmake/costmap_converter_msgs__rosidl_typesupport_introspection_cExport.cmake
[1.752s] -- Up-to-date: /home/agilex/agilex_ws/install/costmap_converter_msgs/share/costmap_converter_msgs/cmake/costmap_converter_msgs__rosidl_typesupport_introspection_cExport-noconfig.cmake
[1.752s] -- Up-to-date: /home/agilex/agilex_ws/install/costmap_converter_msgs/share/costmap_converter_msgs/cmake/costmap_converter_msgs__rosidl_typesupport_cExport.cmake
[1.752s] -- Up-to-date: /home/agilex/agilex_ws/install/costmap_converter_msgs/share/costmap_converter_msgs/cmake/costmap_converter_msgs__rosidl_typesupport_cExport-noconfig.cmake
[1.752s] -- Up-to-date: /home/agilex/agilex_ws/install/costmap_converter_msgs/share/costmap_converter_msgs/cmake/costmap_converter_msgs__rosidl_typesupport_introspection_cppExport.cmake
[1.752s] -- Up-to-date: /home/agilex/agilex_ws/install/costmap_converter_msgs/share/costmap_converter_msgs/cmake/costmap_converter_msgs__rosidl_typesupport_introspection_cppExport-noconfig.cmake
[1.752s] -- Up-to-date: /home/agilex/agilex_ws/install/costmap_converter_msgs/share/costmap_converter_msgs/cmake/costmap_converter_msgs__rosidl_typesupport_cppExport.cmake
[1.753s] -- Up-to-date: /home/agilex/agilex_ws/install/costmap_converter_msgs/share/costmap_converter_msgs/cmake/costmap_converter_msgs__rosidl_typesupport_cppExport-noconfig.cmake
[1.753s] -- Up-to-date: /home/agilex/agilex_ws/install/costmap_converter_msgs/share/costmap_converter_msgs/cmake/export_costmap_converter_msgs__rosidl_generator_pyExport.cmake
[1.753s] -- Up-to-date: /home/agilex/agilex_ws/install/costmap_converter_msgs/share/costmap_converter_msgs/cmake/export_costmap_converter_msgs__rosidl_generator_pyExport-noconfig.cmake
[1.753s] -- Up-to-date: /home/agilex/agilex_ws/install/costmap_converter_msgs/share/costmap_converter_msgs/cmake/rosidl_cmake-extras.cmake
[1.753s] -- Up-to-date: /home/agilex/agilex_ws/install/costmap_converter_msgs/share/costmap_converter_msgs/cmake/ament_cmake_export_dependencies-extras.cmake
[1.753s] -- Up-to-date: /home/agilex/agilex_ws/install/costmap_converter_msgs/share/costmap_converter_msgs/cmake/ament_cmake_export_include_directories-extras.cmake
[1.753s] -- Up-to-date: /home/agilex/agilex_ws/install/costmap_converter_msgs/share/costmap_converter_msgs/cmake/ament_cmake_export_libraries-extras.cmake
[1.753s] -- Up-to-date: /home/agilex/agilex_ws/install/costmap_converter_msgs/share/costmap_converter_msgs/cmake/ament_cmake_export_targets-extras.cmake
[1.753s] -- Up-to-date: /home/agilex/agilex_ws/install/costmap_converter_msgs/share/costmap_converter_msgs/cmake/rosidl_cmake_export_typesupport_targets-extras.cmake
[1.753s] -- Up-to-date: /home/agilex/agilex_ws/install/costmap_converter_msgs/share/costmap_converter_msgs/cmake/rosidl_cmake_export_typesupport_libraries-extras.cmake
[1.753s] -- Up-to-date: /home/agilex/agilex_ws/install/costmap_converter_msgs/share/costmap_converter_msgs/cmake/costmap_converter_msgsConfig.cmake
[1.753s] -- Up-to-date: /home/agilex/agilex_ws/install/costmap_converter_msgs/share/costmap_converter_msgs/cmake/costmap_converter_msgsConfig-version.cmake
[1.753s] -- Up-to-date: /home/agilex/agilex_ws/install/costmap_converter_msgs/share/costmap_converter_msgs/package.xml
[2.075s] Invoked command in '/home/agilex/agilex_ws/build/costmap_converter_msgs' returned '0': CMAKE_PREFIX_PATH=${CMAKE_PREFIX_PATH}:/home/agilex/agilex_ws/install/yolov5_ros2:/home/agilex/agilex_ws/install/nav2_simple_commander:/opt/ros/humble /usr/bin/cmake --install /home/agilex/agilex_ws/build/costmap_converter_msgs
