[0.134s] Invoking command in '/home/agilex/agilex_ws/build/ydlidar_ros2_driver': /usr/bin/cmake --build /home/agilex/agilex_ws/build/ydlidar_ros2_driver -- -j16 -l16
[0.436s] [ 50%] Built target ydlidar_ros2_driver_node
[0.436s] [100%] Built target ydlidar_ros2_driver_client
[0.447s] Invoked command in '/home/agilex/agilex_ws/build/ydlidar_ros2_driver' returned '0': /usr/bin/cmake --build /home/agilex/agilex_ws/build/ydlidar_ros2_driver -- -j16 -l16
[0.515s] Invoking command in '/home/agilex/agilex_ws/build/ydlidar_ros2_driver': /usr/bin/cmake --install /home/agilex/agilex_ws/build/ydlidar_ros2_driver
[0.515s] -- Install configuration: ""
[0.516s] -- Up-to-date: /home/agilex/agilex_ws/install/ydlidar_ros2_driver/lib/ydlidar_ros2_driver/ydlidar_ros2_driver_node
[0.516s] -- Up-to-date: /home/agilex/agilex_ws/install/ydlidar_ros2_driver/lib/ydlidar_ros2_driver/ydlidar_ros2_driver_client
[0.516s] -- Up-to-date: /home/agilex/agilex_ws/install/ydlidar_ros2_driver/share/ydlidar_ros2_driver/launch
[0.516s] -- Up-to-date: /home/agilex/agilex_ws/install/ydlidar_ros2_driver/share/ydlidar_ros2_driver/launch/ydlidar.launch.py
[0.516s] -- Up-to-date: /home/agilex/agilex_ws/install/ydlidar_ros2_driver/share/ydlidar_ros2_driver/launch/__pycache__
[0.516s] -- Up-to-date: /home/agilex/agilex_ws/install/ydlidar_ros2_driver/share/ydlidar_ros2_driver/launch/__pycache__/ydlidar.launch.cpython-310.pyc
[0.516s] -- Up-to-date: /home/agilex/agilex_ws/install/ydlidar_ros2_driver/share/ydlidar_ros2_driver/launch/ydlidar_launch_view.py
[0.516s] -- Up-to-date: /home/agilex/agilex_ws/install/ydlidar_ros2_driver/share/ydlidar_ros2_driver/launch/ydlidar.py
[0.516s] -- Up-to-date: /home/agilex/agilex_ws/install/ydlidar_ros2_driver/share/ydlidar_ros2_driver/params
[0.516s] -- Up-to-date: /home/agilex/agilex_ws/install/ydlidar_ros2_driver/share/ydlidar_ros2_driver/params/ydlidar.yaml
[0.516s] -- Up-to-date: /home/agilex/agilex_ws/install/ydlidar_ros2_driver/share/ydlidar_ros2_driver/startup
[0.516s] -- Up-to-date: /home/agilex/agilex_ws/install/ydlidar_ros2_driver/share/ydlidar_ros2_driver/startup/initenv.sh
[0.516s] -- Up-to-date: /home/agilex/agilex_ws/install/ydlidar_ros2_driver/share/ydlidar_ros2_driver/config
[0.516s] -- Up-to-date: /home/agilex/agilex_ws/install/ydlidar_ros2_driver/share/ydlidar_ros2_driver/config/ydlidar.rviz
[0.516s] -- Up-to-date: /home/agilex/agilex_ws/install/ydlidar_ros2_driver/share/ament_index/resource_index/package_run_dependencies/ydlidar_ros2_driver
[0.516s] -- Up-to-date: /home/agilex/agilex_ws/install/ydlidar_ros2_driver/share/ament_index/resource_index/parent_prefix_path/ydlidar_ros2_driver
[0.516s] -- Up-to-date: /home/agilex/agilex_ws/install/ydlidar_ros2_driver/share/ydlidar_ros2_driver/environment/ament_prefix_path.sh
[0.516s] -- Up-to-date: /home/agilex/agilex_ws/install/ydlidar_ros2_driver/share/ydlidar_ros2_driver/environment/ament_prefix_path.dsv
[0.516s] -- Up-to-date: /home/agilex/agilex_ws/install/ydlidar_ros2_driver/share/ydlidar_ros2_driver/environment/path.sh
[0.516s] -- Up-to-date: /home/agilex/agilex_ws/install/ydlidar_ros2_driver/share/ydlidar_ros2_driver/environment/path.dsv
[0.516s] -- Up-to-date: /home/agilex/agilex_ws/install/ydlidar_ros2_driver/share/ydlidar_ros2_driver/local_setup.bash
[0.516s] -- Up-to-date: /home/agilex/agilex_ws/install/ydlidar_ros2_driver/share/ydlidar_ros2_driver/local_setup.sh
[0.516s] -- Up-to-date: /home/agilex/agilex_ws/install/ydlidar_ros2_driver/share/ydlidar_ros2_driver/local_setup.zsh
[0.516s] -- Up-to-date: /home/agilex/agilex_ws/install/ydlidar_ros2_driver/share/ydlidar_ros2_driver/local_setup.dsv
[0.516s] -- Installing: /home/agilex/agilex_ws/install/ydlidar_ros2_driver/share/ydlidar_ros2_driver/package.dsv
[0.516s] -- Up-to-date: /home/agilex/agilex_ws/install/ydlidar_ros2_driver/share/ament_index/resource_index/packages/ydlidar_ros2_driver
[0.516s] -- Up-to-date: /home/agilex/agilex_ws/install/ydlidar_ros2_driver/share/ydlidar_ros2_driver/cmake/ydlidar_ros2_driverConfig.cmake
[0.516s] -- Up-to-date: /home/agilex/agilex_ws/install/ydlidar_ros2_driver/share/ydlidar_ros2_driver/cmake/ydlidar_ros2_driverConfig-version.cmake
[0.516s] -- Up-to-date: /home/agilex/agilex_ws/install/ydlidar_ros2_driver/share/ydlidar_ros2_driver/package.xml
[0.606s] Invoked command in '/home/agilex/agilex_ws/build/ydlidar_ros2_driver' returned '0': /usr/bin/cmake --install /home/agilex/agilex_ws/build/ydlidar_ros2_driver
