[0.431s] Invoking command in '/home/agilex/agilex_ws/build/libuvc': /usr/bin/cmake --build /home/agilex/agilex_ws/build/libuvc -- -j8 -l8
[0.506s] [  4%] [32mBuilding C object CMakeFiles/uvc.dir/src/ctrl.c.o[0m
[0.573s] [  9%] [32mBuilding C object CMakeFiles/uvc.dir/src/stream.c.o[0m
[0.884s] [ 13%] [32mBuilding C object CMakeFiles/uvc.dir/src/misc.c.o[0m
[0.916s] [ 18%] [32mBuilding C object CMakeFiles/uvc.dir/src/frame-mjpeg.c.o[0m
[0.999s] [ 22%] [32mBuilding C object CMakeFiles/uvc.dir/src/init.c.o[0m
[1.059s] [ 27%] [32mBuilding C object CMakeFiles/uvc.dir/src/frame.c.o[0m
[1.336s] [ 31%] [32mBuilding C object CMakeFiles/uvc.dir/src/diag.c.o[0m
[1.446s] [ 36%] [32mBuilding C object CMakeFiles/uvc.dir/src/device.c.o[0m
[1.765s] [ 40%] [32mBuilding C object CMakeFiles/uvc.dir/src/ctrl-gen.c.o[0m
[2.156s] [ 45%] [32m[1mLinking C shared library libuvc.so[0m
[2.230s] [ 45%] Built target uvc
[2.259s] [ 50%] [32mBuilding C object CMakeFiles/uvc_static.dir/src/ctrl.c.o[0m
[2.324s] [ 54%] [32mBuilding C object CMakeFiles/uvc_static.dir/src/stream.c.o[0m
[2.720s] [ 59%] [32mBuilding C object CMakeFiles/uvc_static.dir/src/misc.c.o[0m
[2.750s] [ 63%] [32mBuilding C object CMakeFiles/uvc_static.dir/src/frame-mjpeg.c.o[0m
[2.828s] [ 68%] [32mBuilding C object CMakeFiles/uvc_static.dir/src/init.c.o[0m
[2.887s] [ 72%] [32mBuilding C object CMakeFiles/uvc_static.dir/src/frame.c.o[0m
[3.187s] [ 77%] [32mBuilding C object CMakeFiles/uvc_static.dir/src/diag.c.o[0m
[3.305s] [ 81%] [32mBuilding C object CMakeFiles/uvc_static.dir/src/device.c.o[0m
[3.681s] [ 86%] [32mBuilding C object CMakeFiles/uvc_static.dir/src/ctrl-gen.c.o[0m
[4.061s] [ 90%] [32m[1mLinking C static library libuvc.a[0m
[4.102s] [ 90%] Built target uvc_static
[4.135s] [ 95%] [32mBuilding C object CMakeFiles/example.dir/src/example.c.o[0m
[4.154s] [01m[K/home/agilex/agilex_ws/src/ros2_astra_camera/libuvc/src/example.c:[m[K In function ‘[01m[Kcb[m[K’:
[4.154s] [01m[K/home/agilex/agilex_ws/src/ros2_astra_camera/libuvc/src/example.c:26:74:[m[K [01;35m[Kwarning: [m[Kcast from pointer to integer of different size [[01;35m[K]8;;https://gcc.gnu.org/onlinedocs/gcc/Warning-Options.html#index-Wpointer-to-int-cast-Wpointer-to-int-cast]8;;[m[K]
[4.154s]    26 |     frame->frame_format, frame->width, frame->height, frame->data_bytes, [01;35m[K([m[Kint) ptr);
[4.154s]       |                                                                          [01;35m[K^[m[K
[4.192s] [100%] [32m[1mLinking C executable example[0m
[4.235s] [100%] Built target example
[4.251s] Invoked command in '/home/agilex/agilex_ws/build/libuvc' returned '0': /usr/bin/cmake --build /home/agilex/agilex_ws/build/libuvc -- -j8 -l8
[4.325s] Invoking command in '/home/agilex/agilex_ws/build/libuvc': /usr/bin/cmake --install /home/agilex/agilex_ws/build/libuvc
[6.297s] -- Install configuration: "Release"
[6.297s] -- Installing: /home/agilex/agilex_ws/install/libuvc/lib/libuvc.so.0.0.6
[6.297s] -- Up-to-date: /home/agilex/agilex_ws/install/libuvc/lib/libuvc.so.0
[6.297s] -- Up-to-date: /home/agilex/agilex_ws/install/libuvc/lib/libuvc.so
[6.297s] -- Up-to-date: /home/agilex/agilex_ws/install/libuvc/include/libuvc/libuvc.h
[6.297s] -- Up-to-date: /home/agilex/agilex_ws/install/libuvc/include/libuvc/libuvc_config.h
[6.297s] -- Installing: /home/agilex/agilex_ws/install/libuvc/lib/libuvc.a
[6.297s] -- Up-to-date: /home/agilex/agilex_ws/install/libuvc/include/libuvc/libuvc.h
[6.297s] -- Up-to-date: /home/agilex/agilex_ws/install/libuvc/include/libuvc/libuvc_config.h
[6.297s] -- Up-to-date: /home/agilex/agilex_ws/install/libuvc/lib/cmake/libuvc/libuvcTargets.cmake
[6.297s] -- Up-to-date: /home/agilex/agilex_ws/install/libuvc/lib/cmake/libuvc/libuvcTargets-release.cmake
[6.297s] -- Up-to-date: /home/agilex/agilex_ws/install/libuvc/lib/cmake/libuvc/FindLibUSB.cmake
[6.297s] -- Up-to-date: /home/agilex/agilex_ws/install/libuvc/lib/cmake/libuvc/FindJpegPkg.cmake
[6.298s] -- Up-to-date: /home/agilex/agilex_ws/install/libuvc/lib/cmake/libuvc/libuvcConfigVersion.cmake
[6.298s] -- Up-to-date: /home/agilex/agilex_ws/install/libuvc/lib/pkgconfig/libuvc.pc
[6.298s] -- Up-to-date: /home/agilex/agilex_ws/install/libuvc/lib/cmake/libuvc/libuvcConfig.cmake
[6.304s] Invoked command in '/home/agilex/agilex_ws/build/libuvc' returned '0': /usr/bin/cmake --install /home/agilex/agilex_ws/build/libuvc
