[0.038s] Invoking command in '/home/agilex/agilex_ws/build/nav2_common': CMAKE_PREFIX_PATH=/opt/ros/humble /usr/bin/cmake /home/agilex/agilex_ws/src/navigation2/nav2_common -DCMAKE_INSTALL_PREFIX=/home/agilex/agilex_ws/install/nav2_common
[0.057s] -- Found ament_cmake_core: 1.3.4 (/opt/ros/humble/share/ament_cmake_core/cmake)
[0.309s] -- Found Python3: /usr/bin/python3.10 (found version "3.10.6") found components: Interpreter 
[0.377s] -- Found ament_cmake_python: 1.3.4 (/opt/ros/humble/share/ament_cmake_python/cmake)
[0.529s] -- Configuring done
[0.532s] -- Generating done
[0.533s] -- Build files have been written to: /home/agilex/agilex_ws/build/nav2_common
[0.538s] Invoked command in '/home/agilex/agilex_ws/build/nav2_common' returned '0': CMAKE_PREFIX_PATH=/opt/ros/humble /usr/bin/cmake /home/agilex/agilex_ws/src/navigation2/nav2_common -DCMAKE_INSTALL_PREFIX=/home/agilex/agilex_ws/install/nav2_common
[0.538s] Invoking command in '/home/agilex/agilex_ws/build/nav2_common': CMAKE_PREFIX_PATH=/opt/ros/humble /usr/bin/cmake --build /home/agilex/agilex_ws/build/nav2_common -- -j8 -l8
[2.665s] Built target ament_cmake_python_copy_nav2_common
[2.665s] running egg_info
[2.666s] creating nav2_common.egg-info
[2.666s] writing nav2_common.egg-info/PKG-INFO
[2.666s] writing dependency_links to nav2_common.egg-info/dependency_links.txt
[2.666s] writing top-level names to nav2_common.egg-info/top_level.txt
[2.666s] writing manifest file 'nav2_common.egg-info/SOURCES.txt'
[2.666s] reading manifest file 'nav2_common.egg-info/SOURCES.txt'
[2.666s] writing manifest file 'nav2_common.egg-info/SOURCES.txt'
[2.666s] Built target ament_cmake_python_build_nav2_common_egg
[2.683s] Invoked command in '/home/agilex/agilex_ws/build/nav2_common' returned '0': CMAKE_PREFIX_PATH=/opt/ros/humble /usr/bin/cmake --build /home/agilex/agilex_ws/build/nav2_common -- -j8 -l8
[2.968s] Invoking command in '/home/agilex/agilex_ws/build/nav2_common': CMAKE_PREFIX_PATH=/opt/ros/humble /usr/bin/cmake --install /home/agilex/agilex_ws/build/nav2_common
[3.297s] -- Install configuration: ""
[3.297s] -- Installing: /home/agilex/agilex_ws/install/nav2_common/share/nav2_common/environment/pythonpath.sh
[3.297s] -- Installing: /home/agilex/agilex_ws/install/nav2_common/share/nav2_common/environment/pythonpath.dsv
[3.297s] -- Installing: /home/agilex/agilex_ws/install/nav2_common/local/lib/python3.10/dist-packages/nav2_common-1.1.0-py3.10.egg-info
[3.297s] -- Installing: /home/agilex/agilex_ws/install/nav2_common/local/lib/python3.10/dist-packages/nav2_common-1.1.0-py3.10.egg-info/PKG-INFO
[3.297s] -- Installing: /home/agilex/agilex_ws/install/nav2_common/local/lib/python3.10/dist-packages/nav2_common-1.1.0-py3.10.egg-info/dependency_links.txt
[3.297s] -- Installing: /home/agilex/agilex_ws/install/nav2_common/local/lib/python3.10/dist-packages/nav2_common-1.1.0-py3.10.egg-info/top_level.txt
[3.297s] -- Installing: /home/agilex/agilex_ws/install/nav2_common/local/lib/python3.10/dist-packages/nav2_common-1.1.0-py3.10.egg-info/SOURCES.txt
[3.297s] -- Installing: /home/agilex/agilex_ws/install/nav2_common/local/lib/python3.10/dist-packages/nav2_common
[3.297s] -- Installing: /home/agilex/agilex_ws/install/nav2_common/local/lib/python3.10/dist-packages/nav2_common/__init__.py
[3.297s] -- Installing: /home/agilex/agilex_ws/install/nav2_common/local/lib/python3.10/dist-packages/nav2_common/launch
[3.297s] -- Installing: /home/agilex/agilex_ws/install/nav2_common/local/lib/python3.10/dist-packages/nav2_common/launch/__init__.py
[3.313s] -- Installing: /home/agilex/agilex_ws/install/nav2_common/local/lib/python3.10/dist-packages/nav2_common/launch/rewritten_yaml.py
[3.313s] -- Installing: /home/agilex/agilex_ws/install/nav2_common/local/lib/python3.10/dist-packages/nav2_common/launch/replace_string.py
[3.313s] -- Installing: /home/agilex/agilex_ws/install/nav2_common/local/lib/python3.10/dist-packages/nav2_common/launch/has_node_params.py
[3.314s] Listing '/home/agilex/agilex_ws/install/nav2_common/local/lib/python3.10/dist-packages/nav2_common'...
[3.314s] Compiling '/home/agilex/agilex_ws/install/nav2_common/local/lib/python3.10/dist-packages/nav2_common/__init__.py'...
[3.314s] Listing '/home/agilex/agilex_ws/install/nav2_common/local/lib/python3.10/dist-packages/nav2_common/launch'...
[3.314s] Compiling '/home/agilex/agilex_ws/install/nav2_common/local/lib/python3.10/dist-packages/nav2_common/launch/__init__.py'...
[3.314s] Compiling '/home/agilex/agilex_ws/install/nav2_common/local/lib/python3.10/dist-packages/nav2_common/launch/has_node_params.py'...
[3.314s] Compiling '/home/agilex/agilex_ws/install/nav2_common/local/lib/python3.10/dist-packages/nav2_common/launch/replace_string.py'...
[3.314s] Compiling '/home/agilex/agilex_ws/install/nav2_common/local/lib/python3.10/dist-packages/nav2_common/launch/rewritten_yaml.py'...
[3.314s] -- Installing: /home/agilex/agilex_ws/install/nav2_common/share/ament_index/resource_index/package_run_dependencies/nav2_common
[3.314s] -- Installing: /home/agilex/agilex_ws/install/nav2_common/share/ament_index/resource_index/parent_prefix_path/nav2_common
[3.314s] -- Installing: /home/agilex/agilex_ws/install/nav2_common/share/nav2_common/environment/ament_prefix_path.sh
[3.314s] -- Installing: /home/agilex/agilex_ws/install/nav2_common/share/nav2_common/environment/ament_prefix_path.dsv
[3.314s] -- Installing: /home/agilex/agilex_ws/install/nav2_common/share/nav2_common/environment/path.sh
[3.314s] -- Installing: /home/agilex/agilex_ws/install/nav2_common/share/nav2_common/environment/path.dsv
[3.314s] -- Installing: /home/agilex/agilex_ws/install/nav2_common/share/nav2_common/local_setup.bash
[3.315s] -- Installing: /home/agilex/agilex_ws/install/nav2_common/share/nav2_common/local_setup.sh
[3.315s] -- Installing: /home/agilex/agilex_ws/install/nav2_common/share/nav2_common/local_setup.zsh
[3.315s] -- Installing: /home/agilex/agilex_ws/install/nav2_common/share/nav2_common/local_setup.dsv
[3.315s] -- Installing: /home/agilex/agilex_ws/install/nav2_common/share/nav2_common/package.dsv
[3.315s] -- Installing: /home/agilex/agilex_ws/install/nav2_common/share/ament_index/resource_index/packages/nav2_common
[3.315s] -- Installing: /home/agilex/agilex_ws/install/nav2_common/share/nav2_common/cmake/nav2_common-extras.cmake
[3.315s] -- Installing: /home/agilex/agilex_ws/install/nav2_common/share/nav2_common/cmake/nav2_commonConfig.cmake
[3.315s] -- Installing: /home/agilex/agilex_ws/install/nav2_common/share/nav2_common/cmake/nav2_commonConfig-version.cmake
[3.315s] -- Installing: /home/agilex/agilex_ws/install/nav2_common/share/nav2_common/package.xml
[3.315s] -- Up-to-date: /home/agilex/agilex_ws/install/nav2_common/share/nav2_common/cmake
[3.315s] -- Installing: /home/agilex/agilex_ws/install/nav2_common/share/nav2_common/cmake/nav2_package.cmake
[3.332s] Invoked command in '/home/agilex/agilex_ws/build/nav2_common' returned '0': CMAKE_PREFIX_PATH=/opt/ros/humble /usr/bin/cmake --install /home/agilex/agilex_ws/build/nav2_common
