[0.103s] Invoking command in '/home/agilex/agilex_ws/build/rf2o_laser_odometry': /usr/bin/cmake --build /home/agilex/agilex_ws/build/rf2o_laser_odometry -- -j16 -l16
[0.411s] [ 60%] Built target rf2o_laser_odometry_node
[0.411s] [100%] Built target rf2o_laser_odometry
[0.419s] Invoked command in '/home/agilex/agilex_ws/build/rf2o_laser_odometry' returned '0': /usr/bin/cmake --build /home/agilex/agilex_ws/build/rf2o_laser_odometry -- -j16 -l16
[0.456s] Invoking command in '/home/agilex/agilex_ws/build/rf2o_laser_odometry': /usr/bin/cmake --install /home/agilex/agilex_ws/build/rf2o_laser_odometry
[0.480s] -- Install configuration: ""
[0.481s] -- Up-to-date: /home/agilex/agilex_ws/install/rf2o_laser_odometry/lib/rf2o_laser_odometry/rf2o_laser_odometry_node
[0.481s] -- Up-to-date: /home/agilex/agilex_ws/install/rf2o_laser_odometry/share/rf2o_laser_odometry/launch
[0.481s] -- Up-to-date: /home/agilex/agilex_ws/install/rf2o_laser_odometry/share/rf2o_laser_odometry/launch/rf2o_laser_odometry.launch.py
[0.481s] -- Up-to-date: /home/agilex/agilex_ws/install/rf2o_laser_odometry/share/ament_index/resource_index/package_run_dependencies/rf2o_laser_odometry
[0.481s] -- Up-to-date: /home/agilex/agilex_ws/install/rf2o_laser_odometry/share/ament_index/resource_index/parent_prefix_path/rf2o_laser_odometry
[0.481s] -- Up-to-date: /home/agilex/agilex_ws/install/rf2o_laser_odometry/share/rf2o_laser_odometry/environment/ament_prefix_path.sh
[0.481s] -- Up-to-date: /home/agilex/agilex_ws/install/rf2o_laser_odometry/share/rf2o_laser_odometry/environment/ament_prefix_path.dsv
[0.481s] -- Up-to-date: /home/agilex/agilex_ws/install/rf2o_laser_odometry/share/rf2o_laser_odometry/environment/path.sh
[0.481s] -- Up-to-date: /home/agilex/agilex_ws/install/rf2o_laser_odometry/share/rf2o_laser_odometry/environment/path.dsv
[0.481s] -- Up-to-date: /home/agilex/agilex_ws/install/rf2o_laser_odometry/share/rf2o_laser_odometry/local_setup.bash
[0.481s] -- Up-to-date: /home/agilex/agilex_ws/install/rf2o_laser_odometry/share/rf2o_laser_odometry/local_setup.sh
[0.481s] -- Up-to-date: /home/agilex/agilex_ws/install/rf2o_laser_odometry/share/rf2o_laser_odometry/local_setup.zsh
[0.481s] -- Up-to-date: /home/agilex/agilex_ws/install/rf2o_laser_odometry/share/rf2o_laser_odometry/local_setup.dsv
[0.481s] -- Installing: /home/agilex/agilex_ws/install/rf2o_laser_odometry/share/rf2o_laser_odometry/package.dsv
[0.481s] -- Up-to-date: /home/agilex/agilex_ws/install/rf2o_laser_odometry/share/ament_index/resource_index/packages/rf2o_laser_odometry
[0.481s] -- Up-to-date: /home/agilex/agilex_ws/install/rf2o_laser_odometry/share/rf2o_laser_odometry/cmake/rf2o_laser_odometryConfig.cmake
[0.481s] -- Up-to-date: /home/agilex/agilex_ws/install/rf2o_laser_odometry/share/rf2o_laser_odometry/cmake/rf2o_laser_odometryConfig-version.cmake
[0.482s] -- Up-to-date: /home/agilex/agilex_ws/install/rf2o_laser_odometry/share/rf2o_laser_odometry/package.xml
[0.556s] Invoked command in '/home/agilex/agilex_ws/build/rf2o_laser_odometry' returned '0': /usr/bin/cmake --install /home/agilex/agilex_ws/build/rf2o_laser_odometry
