[0.128s] Invoking command in '/home/agilex/agilex_ws/build/nav2_common': /usr/bin/cmake --build /home/agilex/agilex_ws/build/nav2_common -- -j16 -l16
[2.304s] Built target ament_cmake_python_copy_nav2_common
[2.795s] running egg_info
[2.818s] writing nav2_common.egg-info/PKG-INFO
[2.819s] writing dependency_links to nav2_common.egg-info/dependency_links.txt
[2.820s] writing top-level names to nav2_common.egg-info/top_level.txt
[2.853s] reading manifest file 'nav2_common.egg-info/SOURCES.txt'
[2.857s] writing manifest file 'nav2_common.egg-info/SOURCES.txt'
[3.347s] Built target ament_cmake_python_build_nav2_common_egg
[3.523s] Invoked command in '/home/agilex/agilex_ws/build/nav2_common' returned '0': /usr/bin/cmake --build /home/agilex/agilex_ws/build/nav2_common -- -j16 -l16
[3.687s] Invoking command in '/home/agilex/agilex_ws/build/nav2_common': /usr/bin/cmake --install /home/agilex/agilex_ws/build/nav2_common
[8.354s] -- Install configuration: ""
[8.354s] -- Up-to-date: /home/agilex/agilex_ws/install/nav2_common/share/nav2_common/environment/pythonpath.sh
[8.354s] -- Up-to-date: /home/agilex/agilex_ws/install/nav2_common/share/nav2_common/environment/pythonpath.dsv
[8.354s] -- Up-to-date: /home/agilex/agilex_ws/install/nav2_common/local/lib/python3.10/dist-packages/nav2_common-1.1.0-py3.10.egg-info
[8.354s] -- Installing: /home/agilex/agilex_ws/install/nav2_common/local/lib/python3.10/dist-packages/nav2_common-1.1.0-py3.10.egg-info/top_level.txt
[8.354s] -- Installing: /home/agilex/agilex_ws/install/nav2_common/local/lib/python3.10/dist-packages/nav2_common-1.1.0-py3.10.egg-info/SOURCES.txt
[8.354s] -- Installing: /home/agilex/agilex_ws/install/nav2_common/local/lib/python3.10/dist-packages/nav2_common-1.1.0-py3.10.egg-info/PKG-INFO
[8.354s] -- Installing: /home/agilex/agilex_ws/install/nav2_common/local/lib/python3.10/dist-packages/nav2_common-1.1.0-py3.10.egg-info/dependency_links.txt
[8.354s] -- Up-to-date: /home/agilex/agilex_ws/install/nav2_common/local/lib/python3.10/dist-packages/nav2_common
[8.355s] -- Up-to-date: /home/agilex/agilex_ws/install/nav2_common/local/lib/python3.10/dist-packages/nav2_common/__init__.py
[8.355s] -- Up-to-date: /home/agilex/agilex_ws/install/nav2_common/local/lib/python3.10/dist-packages/nav2_common/launch
[8.355s] -- Up-to-date: /home/agilex/agilex_ws/install/nav2_common/local/lib/python3.10/dist-packages/nav2_common/launch/replace_string.py
[8.355s] -- Up-to-date: /home/agilex/agilex_ws/install/nav2_common/local/lib/python3.10/dist-packages/nav2_common/launch/__init__.py
[8.355s] -- Up-to-date: /home/agilex/agilex_ws/install/nav2_common/local/lib/python3.10/dist-packages/nav2_common/launch/rewritten_yaml.py
[8.355s] -- Up-to-date: /home/agilex/agilex_ws/install/nav2_common/local/lib/python3.10/dist-packages/nav2_common/launch/has_node_params.py
[8.355s] Listing '/home/agilex/agilex_ws/install/nav2_common/local/lib/python3.10/dist-packages/nav2_common'...
[8.355s] Listing '/home/agilex/agilex_ws/install/nav2_common/local/lib/python3.10/dist-packages/nav2_common/launch'...
[8.355s] -- Up-to-date: /home/agilex/agilex_ws/install/nav2_common/share/ament_index/resource_index/package_run_dependencies/nav2_common
[8.355s] -- Up-to-date: /home/agilex/agilex_ws/install/nav2_common/share/ament_index/resource_index/parent_prefix_path/nav2_common
[8.355s] -- Up-to-date: /home/agilex/agilex_ws/install/nav2_common/share/nav2_common/environment/ament_prefix_path.sh
[8.355s] -- Up-to-date: /home/agilex/agilex_ws/install/nav2_common/share/nav2_common/environment/ament_prefix_path.dsv
[8.355s] -- Up-to-date: /home/agilex/agilex_ws/install/nav2_common/share/nav2_common/environment/path.sh
[8.355s] -- Up-to-date: /home/agilex/agilex_ws/install/nav2_common/share/nav2_common/environment/path.dsv
[8.355s] -- Up-to-date: /home/agilex/agilex_ws/install/nav2_common/share/nav2_common/local_setup.bash
[8.356s] -- Up-to-date: /home/agilex/agilex_ws/install/nav2_common/share/nav2_common/local_setup.sh
[8.360s] -- Up-to-date: /home/agilex/agilex_ws/install/nav2_common/share/nav2_common/local_setup.zsh
[8.360s] -- Up-to-date: /home/agilex/agilex_ws/install/nav2_common/share/nav2_common/local_setup.dsv
[8.360s] -- Installing: /home/agilex/agilex_ws/install/nav2_common/share/nav2_common/package.dsv
[8.360s] -- Up-to-date: /home/agilex/agilex_ws/install/nav2_common/share/ament_index/resource_index/packages/nav2_common
[8.360s] -- Up-to-date: /home/agilex/agilex_ws/install/nav2_common/share/nav2_common/cmake/nav2_common-extras.cmake
[8.361s] -- Up-to-date: /home/agilex/agilex_ws/install/nav2_common/share/nav2_common/cmake/nav2_commonConfig.cmake
[8.361s] -- Up-to-date: /home/agilex/agilex_ws/install/nav2_common/share/nav2_common/cmake/nav2_commonConfig-version.cmake
[8.361s] -- Up-to-date: /home/agilex/agilex_ws/install/nav2_common/share/nav2_common/package.xml
[8.361s] -- Up-to-date: /home/agilex/agilex_ws/install/nav2_common/share/nav2_common/cmake
[8.361s] -- Up-to-date: /home/agilex/agilex_ws/install/nav2_common/share/nav2_common/cmake/nav2_package.cmake
[8.809s] Invoked command in '/home/agilex/agilex_ws/build/nav2_common' returned '0': /usr/bin/cmake --install /home/agilex/agilex_ws/build/nav2_common
