[0.056s] Invoking command in '/home/agilex/agilex_ws/build/nav2_smoother': AMENT_PREFIX_PATH=/home/agilex/agilex_ws/install/nav2_core:/home/agilex/agilex_ws/install/nav2_costmap_2d:/home/agilex/agilex_ws/install/nav_2d_utils:/home/agilex/agilex_ws/install/nav2_util:/home/agilex/agilex_ws/install/nav2_voxel_grid:/home/agilex/agilex_ws/install/nav2_msgs:/home/agilex/agilex_ws/install/nav_2d_msgs:/home/agilex/agilex_ws/install/nav2_common CMAKE_PREFIX_PATH=/home/agilex/agilex_ws/install/nav2_core:/home/agilex/agilex_ws/install/nav2_costmap_2d:/home/agilex/agilex_ws/install/nav_2d_utils:/home/agilex/agilex_ws/install/nav2_util:/home/agilex/agilex_ws/install/nav2_voxel_grid:/home/agilex/agilex_ws/install/nav2_msgs:/home/agilex/agilex_ws/install/nav_2d_msgs:/home/agilex/agilex_ws/install/nav2_common LD_LIBRARY_PATH=/home/agilex/agilex_ws/install/nav2_costmap_2d/lib:/home/agilex/agilex_ws/install/nav_2d_utils/lib:/home/agilex/agilex_ws/install/nav2_util/lib:/home/agilex/agilex_ws/install/nav2_voxel_grid/lib:/home/agilex/agilex_ws/install/nav2_msgs/lib:/home/agilex/agilex_ws/install/nav_2d_msgs/lib PYTHONPATH=/home/agilex/agilex_ws/install/nav2_msgs/local/lib/python3.10/dist-packages:/home/agilex/agilex_ws/install/nav_2d_msgs/local/lib/python3.10/dist-packages:/home/agilex/agilex_ws/install/nav2_common/local/lib/python3.10/dist-packages /usr/bin/cmake --build /home/agilex/agilex_ws/build/nav2_smoother -- -j16 -l16
[0.879s] [  7%] [32mBuilding CXX object CMakeFiles/smoother_server_core.dir/src/nav2_smoother.cpp.o[0m
[22.039s] [ 14%] [32m[1mLinking CXX shared library libsmoother_server_core.so[0m
[22.492s] [ 14%] Built target smoother_server_core
[22.525s] [ 21%] [32mBuilding CXX object gtest/CMakeFiles/gtest.dir/src/gtest-all.cc.o[0m
[29.713s] [ 28%] [32m[1mLinking CXX static library libgtest.a[0m
[29.752s] [ 28%] Built target gtest
[29.791s] [ 35%] [32mBuilding CXX object CMakeFiles/smoother_server.dir/src/main.cpp.o[0m
[36.845s] [ 42%] [32m[1mLinking CXX executable smoother_server[0m
[37.401s] [ 42%] Built target smoother_server
[37.433s] [ 50%] [32mBuilding CXX object gtest/CMakeFiles/gtest_main.dir/src/gtest_main.cc.o[0m
[38.815s] [ 57%] [32m[1mLinking CXX static library libgtest_main.a[0m
[38.861s] [ 57%] Built target gtest_main
[38.902s] [ 64%] [32mBuilding CXX object CMakeFiles/simple_smoother.dir/src/simple_smoother.cpp.o[0m
[47.854s] [ 71%] [32m[1mLinking CXX shared library libsimple_smoother.so[0m
[48.297s] [ 71%] Built target simple_smoother
[48.342s] [ 78%] [32mBuilding CXX object test/CMakeFiles/test_smoother_server.dir/test_smoother_server.cpp.o[0m
[61.415s] [ 85%] [32m[1mLinking CXX executable test_smoother_server[0m
[61.854s] [ 85%] Built target test_smoother_server
[61.893s] [ 92%] [32mBuilding CXX object test/CMakeFiles/test_simple_smoother.dir/test_simple_smoother.cpp.o[0m
[67.542s] [100%] [32m[1mLinking CXX executable test_simple_smoother[0m
[67.815s] [100%] Built target test_simple_smoother
[67.843s] Invoked command in '/home/agilex/agilex_ws/build/nav2_smoother' returned '0': AMENT_PREFIX_PATH=/home/agilex/agilex_ws/install/nav2_core:/home/agilex/agilex_ws/install/nav2_costmap_2d:/home/agilex/agilex_ws/install/nav_2d_utils:/home/agilex/agilex_ws/install/nav2_util:/home/agilex/agilex_ws/install/nav2_voxel_grid:/home/agilex/agilex_ws/install/nav2_msgs:/home/agilex/agilex_ws/install/nav_2d_msgs:/home/agilex/agilex_ws/install/nav2_common CMAKE_PREFIX_PATH=/home/agilex/agilex_ws/install/nav2_core:/home/agilex/agilex_ws/install/nav2_costmap_2d:/home/agilex/agilex_ws/install/nav_2d_utils:/home/agilex/agilex_ws/install/nav2_util:/home/agilex/agilex_ws/install/nav2_voxel_grid:/home/agilex/agilex_ws/install/nav2_msgs:/home/agilex/agilex_ws/install/nav_2d_msgs:/home/agilex/agilex_ws/install/nav2_common LD_LIBRARY_PATH=/home/agilex/agilex_ws/install/nav2_costmap_2d/lib:/home/agilex/agilex_ws/install/nav_2d_utils/lib:/home/agilex/agilex_ws/install/nav2_util/lib:/home/agilex/agilex_ws/install/nav2_voxel_grid/lib:/home/agilex/agilex_ws/install/nav2_msgs/lib:/home/agilex/agilex_ws/install/nav_2d_msgs/lib PYTHONPATH=/home/agilex/agilex_ws/install/nav2_msgs/local/lib/python3.10/dist-packages:/home/agilex/agilex_ws/install/nav_2d_msgs/local/lib/python3.10/dist-packages:/home/agilex/agilex_ws/install/nav2_common/local/lib/python3.10/dist-packages /usr/bin/cmake --build /home/agilex/agilex_ws/build/nav2_smoother -- -j16 -l16
[67.876s] Invoking command in '/home/agilex/agilex_ws/build/nav2_smoother': AMENT_PREFIX_PATH=/home/agilex/agilex_ws/install/nav2_core:/home/agilex/agilex_ws/install/nav2_costmap_2d:/home/agilex/agilex_ws/install/nav_2d_utils:/home/agilex/agilex_ws/install/nav2_util:/home/agilex/agilex_ws/install/nav2_voxel_grid:/home/agilex/agilex_ws/install/nav2_msgs:/home/agilex/agilex_ws/install/nav_2d_msgs:/home/agilex/agilex_ws/install/nav2_common CMAKE_PREFIX_PATH=/home/agilex/agilex_ws/install/nav2_core:/home/agilex/agilex_ws/install/nav2_costmap_2d:/home/agilex/agilex_ws/install/nav_2d_utils:/home/agilex/agilex_ws/install/nav2_util:/home/agilex/agilex_ws/install/nav2_voxel_grid:/home/agilex/agilex_ws/install/nav2_msgs:/home/agilex/agilex_ws/install/nav_2d_msgs:/home/agilex/agilex_ws/install/nav2_common LD_LIBRARY_PATH=/home/agilex/agilex_ws/install/nav2_costmap_2d/lib:/home/agilex/agilex_ws/install/nav_2d_utils/lib:/home/agilex/agilex_ws/install/nav2_util/lib:/home/agilex/agilex_ws/install/nav2_voxel_grid/lib:/home/agilex/agilex_ws/install/nav2_msgs/lib:/home/agilex/agilex_ws/install/nav_2d_msgs/lib PYTHONPATH=/home/agilex/agilex_ws/install/nav2_msgs/local/lib/python3.10/dist-packages:/home/agilex/agilex_ws/install/nav_2d_msgs/local/lib/python3.10/dist-packages:/home/agilex/agilex_ws/install/nav2_common/local/lib/python3.10/dist-packages /usr/bin/cmake --install /home/agilex/agilex_ws/build/nav2_smoother
[67.886s] -- Install configuration: "Release"
[67.886s] -- Up-to-date: /home/agilex/agilex_ws/install/nav2_smoother/share/nav2_smoother/plugins.xml
[67.887s] -- Installing: /home/agilex/agilex_ws/install/nav2_smoother/lib/libsmoother_server_core.so
[67.889s] -- Set runtime path of "/home/agilex/agilex_ws/install/nav2_smoother/lib/libsmoother_server_core.so" to ""
[67.890s] -- Installing: /home/agilex/agilex_ws/install/nav2_smoother/lib/libsimple_smoother.so
[67.890s] -- Set runtime path of "/home/agilex/agilex_ws/install/nav2_smoother/lib/libsimple_smoother.so" to ""
[67.891s] -- Installing: /home/agilex/agilex_ws/install/nav2_smoother/lib/nav2_smoother/smoother_server
[67.891s] -- Set runtime path of "/home/agilex/agilex_ws/install/nav2_smoother/lib/nav2_smoother/smoother_server" to ""
[67.892s] -- Up-to-date: /home/agilex/agilex_ws/install/nav2_smoother/include/
[67.892s] -- Up-to-date: /home/agilex/agilex_ws/install/nav2_smoother/include//nav2_smoother
[67.892s] -- Up-to-date: /home/agilex/agilex_ws/install/nav2_smoother/include//nav2_smoother/simple_smoother.hpp
[67.892s] -- Up-to-date: /home/agilex/agilex_ws/install/nav2_smoother/include//nav2_smoother/nav2_smoother.hpp
[67.892s] -- Up-to-date: /home/agilex/agilex_ws/install/nav2_smoother/share/nav2_smoother/environment/library_path.sh
[67.892s] -- Up-to-date: /home/agilex/agilex_ws/install/nav2_smoother/share/nav2_smoother/environment/library_path.dsv
[67.893s] -- Up-to-date: /home/agilex/agilex_ws/install/nav2_smoother/share/ament_index/resource_index/package_run_dependencies/nav2_smoother
[67.893s] -- Up-to-date: /home/agilex/agilex_ws/install/nav2_smoother/share/ament_index/resource_index/parent_prefix_path/nav2_smoother
[67.893s] -- Up-to-date: /home/agilex/agilex_ws/install/nav2_smoother/share/nav2_smoother/environment/ament_prefix_path.sh
[67.894s] -- Up-to-date: /home/agilex/agilex_ws/install/nav2_smoother/share/nav2_smoother/environment/ament_prefix_path.dsv
[67.894s] -- Up-to-date: /home/agilex/agilex_ws/install/nav2_smoother/share/nav2_smoother/environment/path.sh
[67.894s] -- Up-to-date: /home/agilex/agilex_ws/install/nav2_smoother/share/nav2_smoother/environment/path.dsv
[67.894s] -- Up-to-date: /home/agilex/agilex_ws/install/nav2_smoother/share/nav2_smoother/local_setup.bash
[67.894s] -- Up-to-date: /home/agilex/agilex_ws/install/nav2_smoother/share/nav2_smoother/local_setup.sh
[67.894s] -- Up-to-date: /home/agilex/agilex_ws/install/nav2_smoother/share/nav2_smoother/local_setup.zsh
[67.894s] -- Up-to-date: /home/agilex/agilex_ws/install/nav2_smoother/share/nav2_smoother/local_setup.dsv
[67.894s] -- Installing: /home/agilex/agilex_ws/install/nav2_smoother/share/nav2_smoother/package.dsv
[67.894s] -- Up-to-date: /home/agilex/agilex_ws/install/nav2_smoother/share/ament_index/resource_index/packages/nav2_smoother
[67.895s] -- Up-to-date: /home/agilex/agilex_ws/install/nav2_smoother/share/ament_index/resource_index/nav2_core__pluginlib__plugin/nav2_smoother
[67.895s] -- Up-to-date: /home/agilex/agilex_ws/install/nav2_smoother/share/ament_index/resource_index/rclcpp_components/nav2_smoother
[67.895s] -- Up-to-date: /home/agilex/agilex_ws/install/nav2_smoother/share/nav2_smoother/cmake/ament_cmake_export_include_directories-extras.cmake
[67.895s] -- Up-to-date: /home/agilex/agilex_ws/install/nav2_smoother/share/nav2_smoother/cmake/ament_cmake_export_libraries-extras.cmake
[67.895s] -- Up-to-date: /home/agilex/agilex_ws/install/nav2_smoother/share/nav2_smoother/cmake/ament_cmake_export_dependencies-extras.cmake
[67.896s] -- Up-to-date: /home/agilex/agilex_ws/install/nav2_smoother/share/nav2_smoother/cmake/nav2_smootherConfig.cmake
[67.896s] -- Up-to-date: /home/agilex/agilex_ws/install/nav2_smoother/share/nav2_smoother/cmake/nav2_smootherConfig-version.cmake
[67.896s] -- Up-to-date: /home/agilex/agilex_ws/install/nav2_smoother/share/nav2_smoother/package.xml
[67.899s] Invoked command in '/home/agilex/agilex_ws/build/nav2_smoother' returned '0': AMENT_PREFIX_PATH=/home/agilex/agilex_ws/install/nav2_core:/home/agilex/agilex_ws/install/nav2_costmap_2d:/home/agilex/agilex_ws/install/nav_2d_utils:/home/agilex/agilex_ws/install/nav2_util:/home/agilex/agilex_ws/install/nav2_voxel_grid:/home/agilex/agilex_ws/install/nav2_msgs:/home/agilex/agilex_ws/install/nav_2d_msgs:/home/agilex/agilex_ws/install/nav2_common CMAKE_PREFIX_PATH=/home/agilex/agilex_ws/install/nav2_core:/home/agilex/agilex_ws/install/nav2_costmap_2d:/home/agilex/agilex_ws/install/nav_2d_utils:/home/agilex/agilex_ws/install/nav2_util:/home/agilex/agilex_ws/install/nav2_voxel_grid:/home/agilex/agilex_ws/install/nav2_msgs:/home/agilex/agilex_ws/install/nav_2d_msgs:/home/agilex/agilex_ws/install/nav2_common LD_LIBRARY_PATH=/home/agilex/agilex_ws/install/nav2_costmap_2d/lib:/home/agilex/agilex_ws/install/nav_2d_utils/lib:/home/agilex/agilex_ws/install/nav2_util/lib:/home/agilex/agilex_ws/install/nav2_voxel_grid/lib:/home/agilex/agilex_ws/install/nav2_msgs/lib:/home/agilex/agilex_ws/install/nav_2d_msgs/lib PYTHONPATH=/home/agilex/agilex_ws/install/nav2_msgs/local/lib/python3.10/dist-packages:/home/agilex/agilex_ws/install/nav_2d_msgs/local/lib/python3.10/dist-packages:/home/agilex/agilex_ws/install/nav2_common/local/lib/python3.10/dist-packages /usr/bin/cmake --install /home/agilex/agilex_ws/build/nav2_smoother
