[0.102s] Invoking command in '/home/agilex/agilex_ws/build/limo_car': /usr/bin/cmake --build /home/agilex/agilex_ws/build/limo_car -- -j16 -l16
[2.447s] Invoked command in '/home/agilex/agilex_ws/build/limo_car' returned '0': /usr/bin/cmake --build /home/agilex/agilex_ws/build/limo_car -- -j16 -l16
[2.664s] Invoking command in '/home/agilex/agilex_ws/build/limo_car': /usr/bin/cmake --install /home/agilex/agilex_ws/build/limo_car
[8.275s] -- Install configuration: ""
[8.280s] -- Up-to-date: /home/agilex/agilex_ws/install/limo_car/share/limo_car/launch
[8.280s] -- Up-to-date: /home/agilex/agilex_ws/install/limo_car/share/limo_car/launch/ackermann_gazebo.launch.py
[8.280s] -- Up-to-date: /home/agilex/agilex_ws/install/limo_car/share/limo_car/launch/__pycache__
[8.280s] -- Up-to-date: /home/agilex/agilex_ws/install/limo_car/share/limo_car/launch/__pycache__/ackermann.launch.cpython-310.pyc
[8.280s] -- Up-to-date: /home/agilex/agilex_ws/install/limo_car/share/limo_car/launch/__pycache__/ackermann_gazebo.launch.cpython-310.pyc
[8.280s] -- Up-to-date: /home/agilex/agilex_ws/install/limo_car/share/limo_car/launch/display_ackermann.launch.py
[8.280s] -- Up-to-date: /home/agilex/agilex_ws/install/limo_car/share/limo_car/launch/ackermann.launch.py
[8.280s] -- Up-to-date: /home/agilex/agilex_ws/install/limo_car/share/limo_car/gazebo
[8.280s] -- Up-to-date: /home/agilex/agilex_ws/install/limo_car/share/limo_car/gazebo/sensor.xacro
[8.281s] -- Up-to-date: /home/agilex/agilex_ws/install/limo_car/share/limo_car/gazebo/ackermann.xacro
[8.281s] -- Up-to-date: /home/agilex/agilex_ws/install/limo_car/share/limo_car/gazebo/ackermann_with_sensor.xacro
[8.281s] -- Up-to-date: /home/agilex/agilex_ws/install/limo_car/share/limo_car/log
[8.281s] -- Up-to-date: /home/agilex/agilex_ws/install/limo_car/share/limo_car/log/COLCON_IGNORE
[8.281s] -- Up-to-date: /home/agilex/agilex_ws/install/limo_car/share/limo_car/log/latest
[8.281s] -- Up-to-date: /home/agilex/agilex_ws/install/limo_car/share/limo_car/log/latest_build
[8.281s] -- Up-to-date: /home/agilex/agilex_ws/install/limo_car/share/limo_car/log/build_2022-12-14_17-02-44
[8.281s] -- Up-to-date: /home/agilex/agilex_ws/install/limo_car/share/limo_car/log/build_2022-12-14_17-02-44/events.log
[8.281s] -- Up-to-date: /home/agilex/agilex_ws/install/limo_car/share/limo_car/log/build_2022-12-14_17-02-44/logger_all.log
[8.281s] -- Up-to-date: /home/agilex/agilex_ws/install/limo_car/share/limo_car/log/build_2022-12-14_17-02-44/limo_car
[8.281s] -- Up-to-date: /home/agilex/agilex_ws/install/limo_car/share/limo_car/log/build_2022-12-14_17-02-44/limo_car/stderr.log
[8.281s] -- Up-to-date: /home/agilex/agilex_ws/install/limo_car/share/limo_car/log/build_2022-12-14_17-02-44/limo_car/streams.log
[8.281s] -- Up-to-date: /home/agilex/agilex_ws/install/limo_car/share/limo_car/log/build_2022-12-14_17-02-44/limo_car/command.log
[8.281s] -- Up-to-date: /home/agilex/agilex_ws/install/limo_car/share/limo_car/log/build_2022-12-14_17-02-44/limo_car/stdout.log
[8.282s] -- Up-to-date: /home/agilex/agilex_ws/install/limo_car/share/limo_car/log/build_2022-12-14_17-02-44/limo_car/stdout_stderr.log
[8.282s] -- Up-to-date: /home/agilex/agilex_ws/install/limo_car/share/limo_car/meshes
[8.282s] -- Up-to-date: /home/agilex/agilex_ws/install/limo_car/share/limo_car/meshes/limo_wheel.stl
[8.282s] -- Up-to-date: /home/agilex/agilex_ws/install/limo_car/share/limo_car/meshes/limo_base.stl
[8.282s] -- Up-to-date: /home/agilex/agilex_ws/install/limo_car/share/limo_car/meshes/limo_base.dae
[8.282s] -- Up-to-date: /home/agilex/agilex_ws/install/limo_car/share/limo_car/meshes/limo_wheel.dae
[8.282s] -- Up-to-date: /home/agilex/agilex_ws/install/limo_car/share/limo_car/rviz
[8.282s] -- Up-to-date: /home/agilex/agilex_ws/install/limo_car/share/limo_car/rviz/gazebo.rviz
[8.282s] -- Up-to-date: /home/agilex/agilex_ws/install/limo_car/share/limo_car/rviz/urdf.rviz
[8.282s] -- Up-to-date: /home/agilex/agilex_ws/install/limo_car/share/limo_car/src
[8.282s] -- Up-to-date: /home/agilex/agilex_ws/install/limo_car/share/limo_car/urdf
[8.282s] -- Up-to-date: /home/agilex/agilex_ws/install/limo_car/share/limo_car/urdf/limo_anteil.xacro
[8.282s] -- Up-to-date: /home/agilex/agilex_ws/install/limo_car/share/limo_car/urdf/limo_ackerman_base.xacro
[8.282s] -- Up-to-date: /home/agilex/agilex_ws/install/limo_car/share/limo_car/urdf/limo_steering_hinge.xacro
[8.282s] -- Up-to-date: /home/agilex/agilex_ws/install/limo_car/share/limo_car/worlds
[8.283s] -- Up-to-date: /home/agilex/agilex_ws/install/limo_car/share/limo_car/worlds/empty_world.model
[8.283s] -- Up-to-date: /home/agilex/agilex_ws/install/limo_car/share/ament_index/resource_index/package_run_dependencies/limo_car
[8.283s] -- Up-to-date: /home/agilex/agilex_ws/install/limo_car/share/ament_index/resource_index/parent_prefix_path/limo_car
[8.283s] -- Up-to-date: /home/agilex/agilex_ws/install/limo_car/share/limo_car/environment/ament_prefix_path.sh
[8.283s] -- Up-to-date: /home/agilex/agilex_ws/install/limo_car/share/limo_car/environment/ament_prefix_path.dsv
[8.283s] -- Up-to-date: /home/agilex/agilex_ws/install/limo_car/share/limo_car/environment/path.sh
[8.283s] -- Up-to-date: /home/agilex/agilex_ws/install/limo_car/share/limo_car/environment/path.dsv
[8.283s] -- Up-to-date: /home/agilex/agilex_ws/install/limo_car/share/limo_car/local_setup.bash
[8.283s] -- Up-to-date: /home/agilex/agilex_ws/install/limo_car/share/limo_car/local_setup.sh
[8.283s] -- Up-to-date: /home/agilex/agilex_ws/install/limo_car/share/limo_car/local_setup.zsh
[8.283s] -- Up-to-date: /home/agilex/agilex_ws/install/limo_car/share/limo_car/local_setup.dsv
[8.283s] -- Installing: /home/agilex/agilex_ws/install/limo_car/share/limo_car/package.dsv
[8.292s] -- Up-to-date: /home/agilex/agilex_ws/install/limo_car/share/ament_index/resource_index/packages/limo_car
[8.292s] -- Up-to-date: /home/agilex/agilex_ws/install/limo_car/share/limo_car/cmake/limo_carConfig.cmake
[8.292s] -- Up-to-date: /home/agilex/agilex_ws/install/limo_car/share/limo_car/cmake/limo_carConfig-version.cmake
[8.292s] -- Up-to-date: /home/agilex/agilex_ws/install/limo_car/share/limo_car/package.xml
[8.487s] Invoked command in '/home/agilex/agilex_ws/build/limo_car' returned '0': /usr/bin/cmake --install /home/agilex/agilex_ws/build/limo_car
