[  5%] [32mBuilding CXX object CMakeFiles/waypoint_follower_core.dir/src/waypoint_follower.cpp.o[0m
[ 11%] [32m[1mLinking CXX shared library libwaypoint_follower_core.so[0m
[ 11%] Built target waypoint_follower_core
[ 16%] [32mBuilding CXX object gtest/CMakeFiles/gtest.dir/src/gtest-all.cc.o[0m
[ 22%] [32m[1mLinking CXX static library libgtest.a[0m
[ 22%] Built target gtest
[ 27%] [32mBuilding CXX object CMakeFiles/waypoint_follower.dir/src/main.cpp.o[0m
[ 33%] [32m[1mLinking CXX executable waypoint_follower[0m
[ 33%] Built target waypoint_follower
[35m[1mConsolidate compiler generated dependencies of target gtest_main[0m
[ 44%] Built target gtest_main
[ 50%] [32mBuilding CXX object CMakeFiles/input_at_waypoint.dir/plugins/input_at_waypoint.cpp.o[0m
[ 55%] [32m[1mLinking CXX shared library libinput_at_waypoint.so[0m
[ 55%] Built target input_at_waypoint
[ 61%] [32mBuilding CXX object test/CMakeFiles/test_dynamic_parameters.dir/test_dynamic_parameters.cpp.o[0m
[ 66%] [32m[1mLinking CXX executable test_dynamic_parameters[0m
[ 66%] Built target test_dynamic_parameters
[ 72%] [32mBuilding CXX object CMakeFiles/photo_at_waypoint.dir/plugins/photo_at_waypoint.cpp.o[0m
[ 77%] [32m[1mLinking CXX shared library libphoto_at_waypoint.so[0m
[ 77%] Built target photo_at_waypoint
[ 83%] [32mBuilding CXX object CMakeFiles/wait_at_waypoint.dir/plugins/wait_at_waypoint.cpp.o[0m
[ 88%] [32m[1mLinking CXX shared library libwait_at_waypoint.so[0m
[ 88%] Built target wait_at_waypoint
[ 94%] [32mBuilding CXX object test/CMakeFiles/test_task_executors.dir/test_task_executors.cpp.o[0m
[100%] [32m[1mLinking CXX executable test_task_executors[0m
[100%] Built target test_task_executors
-- Install configuration: "Release"
-- Installing: /home/agilex/agilex_ws/install/nav2_waypoint_follower/lib/libwaypoint_follower_core.so
-- Set runtime path of "/home/agilex/agilex_ws/install/nav2_waypoint_follower/lib/libwaypoint_follower_core.so" to ""
-- Installing: /home/agilex/agilex_ws/install/nav2_waypoint_follower/lib/libwait_at_waypoint.so
-- Set runtime path of "/home/agilex/agilex_ws/install/nav2_waypoint_follower/lib/libwait_at_waypoint.so" to ""
-- Installing: /home/agilex/agilex_ws/install/nav2_waypoint_follower/lib/libphoto_at_waypoint.so
-- Set runtime path of "/home/agilex/agilex_ws/install/nav2_waypoint_follower/lib/libphoto_at_waypoint.so" to ""
-- Installing: /home/agilex/agilex_ws/install/nav2_waypoint_follower/lib/libinput_at_waypoint.so
-- Set runtime path of "/home/agilex/agilex_ws/install/nav2_waypoint_follower/lib/libinput_at_waypoint.so" to ""
-- Installing: /home/agilex/agilex_ws/install/nav2_waypoint_follower/lib/nav2_waypoint_follower/waypoint_follower
-- Set runtime path of "/home/agilex/agilex_ws/install/nav2_waypoint_follower/lib/nav2_waypoint_follower/waypoint_follower" to ""
-- Up-to-date: /home/agilex/agilex_ws/install/nav2_waypoint_follower/include/
-- Up-to-date: /home/agilex/agilex_ws/install/nav2_waypoint_follower/include//nav2_waypoint_follower
-- Up-to-date: /home/agilex/agilex_ws/install/nav2_waypoint_follower/include//nav2_waypoint_follower/waypoint_follower.hpp
-- Up-to-date: /home/agilex/agilex_ws/install/nav2_waypoint_follower/include//nav2_waypoint_follower/plugins
-- Up-to-date: /home/agilex/agilex_ws/install/nav2_waypoint_follower/include//nav2_waypoint_follower/plugins/wait_at_waypoint.hpp
-- Up-to-date: /home/agilex/agilex_ws/install/nav2_waypoint_follower/include//nav2_waypoint_follower/plugins/photo_at_waypoint.hpp
-- Up-to-date: /home/agilex/agilex_ws/install/nav2_waypoint_follower/include//nav2_waypoint_follower/plugins/input_at_waypoint.hpp
-- Up-to-date: /home/agilex/agilex_ws/install/nav2_waypoint_follower/share/nav2_waypoint_follower/environment/library_path.sh
-- Up-to-date: /home/agilex/agilex_ws/install/nav2_waypoint_follower/share/nav2_waypoint_follower/environment/library_path.dsv
-- Up-to-date: /home/agilex/agilex_ws/install/nav2_waypoint_follower/share/nav2_waypoint_follower/plugins.xml
-- Up-to-date: /home/agilex/agilex_ws/install/nav2_waypoint_follower/share/ament_index/resource_index/package_run_dependencies/nav2_waypoint_follower
-- Up-to-date: /home/agilex/agilex_ws/install/nav2_waypoint_follower/share/ament_index/resource_index/parent_prefix_path/nav2_waypoint_follower
-- Up-to-date: /home/agilex/agilex_ws/install/nav2_waypoint_follower/share/nav2_waypoint_follower/environment/ament_prefix_path.sh
-- Up-to-date: /home/agilex/agilex_ws/install/nav2_waypoint_follower/share/nav2_waypoint_follower/environment/ament_prefix_path.dsv
-- Up-to-date: /home/agilex/agilex_ws/install/nav2_waypoint_follower/share/nav2_waypoint_follower/environment/path.sh
-- Up-to-date: /home/agilex/agilex_ws/install/nav2_waypoint_follower/share/nav2_waypoint_follower/environment/path.dsv
-- Up-to-date: /home/agilex/agilex_ws/install/nav2_waypoint_follower/share/nav2_waypoint_follower/local_setup.bash
-- Up-to-date: /home/agilex/agilex_ws/install/nav2_waypoint_follower/share/nav2_waypoint_follower/local_setup.sh
-- Up-to-date: /home/agilex/agilex_ws/install/nav2_waypoint_follower/share/nav2_waypoint_follower/local_setup.zsh
-- Up-to-date: /home/agilex/agilex_ws/install/nav2_waypoint_follower/share/nav2_waypoint_follower/local_setup.dsv
-- Installing: /home/agilex/agilex_ws/install/nav2_waypoint_follower/share/nav2_waypoint_follower/package.dsv
-- Up-to-date: /home/agilex/agilex_ws/install/nav2_waypoint_follower/share/ament_index/resource_index/packages/nav2_waypoint_follower
-- Up-to-date: /home/agilex/agilex_ws/install/nav2_waypoint_follower/share/ament_index/resource_index/nav2_waypoint_follower__pluginlib__plugin/nav2_waypoint_follower
-- Up-to-date: /home/agilex/agilex_ws/install/nav2_waypoint_follower/share/ament_index/resource_index/rclcpp_components/nav2_waypoint_follower
-- Up-to-date: /home/agilex/agilex_ws/install/nav2_waypoint_follower/share/nav2_waypoint_follower/cmake/ament_cmake_export_include_directories-extras.cmake
-- Up-to-date: /home/agilex/agilex_ws/install/nav2_waypoint_follower/share/nav2_waypoint_follower/cmake/ament_cmake_export_libraries-extras.cmake
-- Up-to-date: /home/agilex/agilex_ws/install/nav2_waypoint_follower/share/nav2_waypoint_follower/cmake/ament_cmake_export_dependencies-extras.cmake
-- Up-to-date: /home/agilex/agilex_ws/install/nav2_waypoint_follower/share/nav2_waypoint_follower/cmake/nav2_waypoint_followerConfig.cmake
-- Up-to-date: /home/agilex/agilex_ws/install/nav2_waypoint_follower/share/nav2_waypoint_follower/cmake/nav2_waypoint_followerConfig-version.cmake
-- Up-to-date: /home/agilex/agilex_ws/install/nav2_waypoint_follower/share/nav2_waypoint_follower/package.xml
