[0.029s] Invoking command in '/home/agilex/agilex_ws/build/dwb_msgs': AMENT_PREFIX_PATH=/home/agilex/agilex_ws/install/nav_2d_msgs:${AMENT_PREFIX_PATH} CMAKE_PREFIX_PATH=/home/agilex/agilex_ws/install/nav_2d_msgs:/opt/ros/humble LD_LIBRARY_PATH=/home/agilex/agilex_ws/install/nav_2d_msgs/lib:${LD_LIBRARY_PATH} PYTHONPATH=/home/agilex/agilex_ws/install/nav_2d_msgs/local/lib/python3.10/dist-packages:${PYTHONPATH} /usr/bin/cmake --build /home/agilex/agilex_ws/build/dwb_msgs -- -j8 -l8
[0.086s] [35m[1mConsolidate compiler generated dependencies of target dwb_msgs__rosidl_generator_c[0m
[0.101s] [  1%] Built target dwb_msgs__cpp
[0.119s] [ 12%] Built target dwb_msgs__rosidl_generator_c
[0.120s] [35m[1mConsolidate compiler generated dependencies of target dwb_msgs__rosidl_typesupport_introspection_cpp[0m
[0.131s] [35m[1mConsolidate compiler generated dependencies of target dwb_msgs__rosidl_typesupport_cpp[0m
[0.139s] [35m[1mConsolidate compiler generated dependencies of target dwb_msgs__rosidl_typesupport_fastrtps_c[0m
[0.146s] [35m[1mConsolidate compiler generated dependencies of target dwb_msgs__rosidl_typesupport_c[0m
[0.148s] [ 12%] Built target ament_cmake_python_copy_dwb_msgs
[0.150s] [35m[1mConsolidate compiler generated dependencies of target dwb_msgs__rosidl_typesupport_introspection_c[0m
[0.156s] [ 24%] Built target dwb_msgs__rosidl_typesupport_introspection_cpp
[0.167s] [35m[1mConsolidate compiler generated dependencies of target dwb_msgs__rosidl_typesupport_fastrtps_cpp[0m
[0.168s] [ 35%] Built target dwb_msgs__rosidl_typesupport_fastrtps_c
[0.168s] [ 47%] Built target dwb_msgs__rosidl_typesupport_cpp
[0.176s] [ 58%] Built target dwb_msgs__rosidl_typesupport_c
[0.181s] [ 70%] Built target dwb_msgs__rosidl_typesupport_introspection_c
[0.197s] [ 82%] Built target dwb_msgs__rosidl_typesupport_fastrtps_cpp
[0.218s] [ 82%] Built target dwb_msgs
[0.247s] [ 83%] Built target dwb_msgs__py
[0.261s] [35m[1mConsolidate compiler generated dependencies of target dwb_msgs__rosidl_generator_py[0m
[0.283s] [ 93%] Built target dwb_msgs__rosidl_generator_py
[0.294s] [35m[1mConsolidate compiler generated dependencies of target dwb_msgs__rosidl_typesupport_c__pyext[0m
[0.295s] [35m[1mConsolidate compiler generated dependencies of target dwb_msgs__rosidl_typesupport_fastrtps_c__pyext[0m
[0.295s] [35m[1mConsolidate compiler generated dependencies of target dwb_msgs__rosidl_typesupport_introspection_c__pyext[0m
[0.313s] [ 95%] Built target dwb_msgs__rosidl_typesupport_fastrtps_c__pyext
[0.315s] [ 97%] Built target dwb_msgs__rosidl_typesupport_c__pyext
[0.322s] [100%] Built target dwb_msgs__rosidl_typesupport_introspection_c__pyext
[0.441s] running egg_info
[0.442s] writing dwb_msgs.egg-info/PKG-INFO
[0.443s] writing dependency_links to dwb_msgs.egg-info/dependency_links.txt
[0.444s] writing top-level names to dwb_msgs.egg-info/top_level.txt
[0.445s] reading manifest file 'dwb_msgs.egg-info/SOURCES.txt'
[0.446s] writing manifest file 'dwb_msgs.egg-info/SOURCES.txt'
[0.473s] [100%] Built target ament_cmake_python_build_dwb_msgs_egg
[0.872s] Invoked command in '/home/agilex/agilex_ws/build/dwb_msgs' returned '0': AMENT_PREFIX_PATH=/home/agilex/agilex_ws/install/nav_2d_msgs:${AMENT_PREFIX_PATH} CMAKE_PREFIX_PATH=/home/agilex/agilex_ws/install/nav_2d_msgs:/opt/ros/humble LD_LIBRARY_PATH=/home/agilex/agilex_ws/install/nav_2d_msgs/lib:${LD_LIBRARY_PATH} PYTHONPATH=/home/agilex/agilex_ws/install/nav_2d_msgs/local/lib/python3.10/dist-packages:${PYTHONPATH} /usr/bin/cmake --build /home/agilex/agilex_ws/build/dwb_msgs -- -j8 -l8
[0.957s] Invoking command in '/home/agilex/agilex_ws/build/dwb_msgs': AMENT_PREFIX_PATH=/home/agilex/agilex_ws/install/nav_2d_msgs:${AMENT_PREFIX_PATH} CMAKE_PREFIX_PATH=/home/agilex/agilex_ws/install/nav_2d_msgs:/opt/ros/humble LD_LIBRARY_PATH=/home/agilex/agilex_ws/install/nav_2d_msgs/lib:${LD_LIBRARY_PATH} PYTHONPATH=/home/agilex/agilex_ws/install/nav_2d_msgs/local/lib/python3.10/dist-packages:${PYTHONPATH} /usr/bin/cmake --install /home/agilex/agilex_ws/build/dwb_msgs
[0.963s] -- Install configuration: ""
[0.963s] -- Up-to-date: /home/agilex/agilex_ws/install/dwb_msgs/share/ament_index/resource_index/rosidl_interfaces/dwb_msgs
[0.963s] -- Up-to-date: /home/agilex/agilex_ws/install/dwb_msgs/include/dwb_msgs/dwb_msgs
[0.964s] -- Up-to-date: /home/agilex/agilex_ws/install/dwb_msgs/include/dwb_msgs/dwb_msgs/msg
[0.964s] -- Up-to-date: /home/agilex/agilex_ws/install/dwb_msgs/include/dwb_msgs/dwb_msgs/msg/rosidl_generator_c__visibility_control.h
[0.964s] -- Up-to-date: /home/agilex/agilex_ws/install/dwb_msgs/include/dwb_msgs/dwb_msgs/msg/critic_score.h
[0.964s] -- Up-to-date: /home/agilex/agilex_ws/install/dwb_msgs/include/dwb_msgs/dwb_msgs/msg/detail
[0.964s] -- Up-to-date: /home/agilex/agilex_ws/install/dwb_msgs/include/dwb_msgs/dwb_msgs/msg/detail/critic_score__functions.c
[0.964s] -- Up-to-date: /home/agilex/agilex_ws/install/dwb_msgs/include/dwb_msgs/dwb_msgs/msg/detail/critic_score__functions.h
[0.964s] -- Up-to-date: /home/agilex/agilex_ws/install/dwb_msgs/include/dwb_msgs/dwb_msgs/msg/detail/critic_score__struct.h
[0.964s] -- Up-to-date: /home/agilex/agilex_ws/install/dwb_msgs/include/dwb_msgs/dwb_msgs/msg/detail/critic_score__type_support.h
[0.965s] -- Up-to-date: /home/agilex/agilex_ws/install/dwb_msgs/include/dwb_msgs/dwb_msgs/msg/detail/local_plan_evaluation__functions.c
[0.965s] -- Up-to-date: /home/agilex/agilex_ws/install/dwb_msgs/include/dwb_msgs/dwb_msgs/msg/detail/local_plan_evaluation__functions.h
[0.965s] -- Up-to-date: /home/agilex/agilex_ws/install/dwb_msgs/include/dwb_msgs/dwb_msgs/msg/detail/local_plan_evaluation__struct.h
[0.965s] -- Up-to-date: /home/agilex/agilex_ws/install/dwb_msgs/include/dwb_msgs/dwb_msgs/msg/detail/local_plan_evaluation__type_support.h
[0.965s] -- Up-to-date: /home/agilex/agilex_ws/install/dwb_msgs/include/dwb_msgs/dwb_msgs/msg/detail/trajectory2_d__functions.c
[0.965s] -- Up-to-date: /home/agilex/agilex_ws/install/dwb_msgs/include/dwb_msgs/dwb_msgs/msg/detail/trajectory2_d__functions.h
[0.965s] -- Up-to-date: /home/agilex/agilex_ws/install/dwb_msgs/include/dwb_msgs/dwb_msgs/msg/detail/trajectory2_d__struct.h
[0.965s] -- Up-to-date: /home/agilex/agilex_ws/install/dwb_msgs/include/dwb_msgs/dwb_msgs/msg/detail/trajectory2_d__type_support.h
[0.965s] -- Up-to-date: /home/agilex/agilex_ws/install/dwb_msgs/include/dwb_msgs/dwb_msgs/msg/detail/trajectory_score__functions.c
[0.965s] -- Up-to-date: /home/agilex/agilex_ws/install/dwb_msgs/include/dwb_msgs/dwb_msgs/msg/detail/trajectory_score__functions.h
[0.965s] -- Up-to-date: /home/agilex/agilex_ws/install/dwb_msgs/include/dwb_msgs/dwb_msgs/msg/detail/trajectory_score__struct.h
[0.966s] -- Up-to-date: /home/agilex/agilex_ws/install/dwb_msgs/include/dwb_msgs/dwb_msgs/msg/detail/trajectory_score__type_support.h
[0.966s] -- Up-to-date: /home/agilex/agilex_ws/install/dwb_msgs/include/dwb_msgs/dwb_msgs/msg/local_plan_evaluation.h
[0.966s] -- Up-to-date: /home/agilex/agilex_ws/install/dwb_msgs/include/dwb_msgs/dwb_msgs/msg/trajectory2_d.h
[0.967s] -- Up-to-date: /home/agilex/agilex_ws/install/dwb_msgs/include/dwb_msgs/dwb_msgs/msg/trajectory_score.h
[0.967s] -- Up-to-date: /home/agilex/agilex_ws/install/dwb_msgs/include/dwb_msgs/dwb_msgs/srv
[0.967s] -- Up-to-date: /home/agilex/agilex_ws/install/dwb_msgs/include/dwb_msgs/dwb_msgs/srv/debug_local_plan.h
[0.967s] -- Up-to-date: /home/agilex/agilex_ws/install/dwb_msgs/include/dwb_msgs/dwb_msgs/srv/detail
[0.967s] -- Up-to-date: /home/agilex/agilex_ws/install/dwb_msgs/include/dwb_msgs/dwb_msgs/srv/detail/debug_local_plan__functions.c
[0.967s] -- Up-to-date: /home/agilex/agilex_ws/install/dwb_msgs/include/dwb_msgs/dwb_msgs/srv/detail/debug_local_plan__functions.h
[0.967s] -- Up-to-date: /home/agilex/agilex_ws/install/dwb_msgs/include/dwb_msgs/dwb_msgs/srv/detail/debug_local_plan__struct.h
[0.968s] -- Up-to-date: /home/agilex/agilex_ws/install/dwb_msgs/include/dwb_msgs/dwb_msgs/srv/detail/debug_local_plan__type_support.h
[0.968s] -- Up-to-date: /home/agilex/agilex_ws/install/dwb_msgs/include/dwb_msgs/dwb_msgs/srv/detail/generate_trajectory__functions.c
[0.968s] -- Up-to-date: /home/agilex/agilex_ws/install/dwb_msgs/include/dwb_msgs/dwb_msgs/srv/detail/generate_trajectory__functions.h
[0.968s] -- Up-to-date: /home/agilex/agilex_ws/install/dwb_msgs/include/dwb_msgs/dwb_msgs/srv/detail/generate_trajectory__struct.h
[0.968s] -- Up-to-date: /home/agilex/agilex_ws/install/dwb_msgs/include/dwb_msgs/dwb_msgs/srv/detail/generate_trajectory__type_support.h
[0.968s] -- Up-to-date: /home/agilex/agilex_ws/install/dwb_msgs/include/dwb_msgs/dwb_msgs/srv/detail/generate_twists__functions.c
[0.968s] -- Up-to-date: /home/agilex/agilex_ws/install/dwb_msgs/include/dwb_msgs/dwb_msgs/srv/detail/generate_twists__functions.h
[0.968s] -- Up-to-date: /home/agilex/agilex_ws/install/dwb_msgs/include/dwb_msgs/dwb_msgs/srv/detail/generate_twists__struct.h
[0.969s] -- Up-to-date: /home/agilex/agilex_ws/install/dwb_msgs/include/dwb_msgs/dwb_msgs/srv/detail/generate_twists__type_support.h
[0.969s] -- Up-to-date: /home/agilex/agilex_ws/install/dwb_msgs/include/dwb_msgs/dwb_msgs/srv/detail/get_critic_score__functions.c
[0.969s] -- Up-to-date: /home/agilex/agilex_ws/install/dwb_msgs/include/dwb_msgs/dwb_msgs/srv/detail/get_critic_score__functions.h
[0.969s] -- Up-to-date: /home/agilex/agilex_ws/install/dwb_msgs/include/dwb_msgs/dwb_msgs/srv/detail/get_critic_score__struct.h
[0.969s] -- Up-to-date: /home/agilex/agilex_ws/install/dwb_msgs/include/dwb_msgs/dwb_msgs/srv/detail/get_critic_score__type_support.h
[0.969s] -- Up-to-date: /home/agilex/agilex_ws/install/dwb_msgs/include/dwb_msgs/dwb_msgs/srv/detail/score_trajectory__functions.c
[0.969s] -- Up-to-date: /home/agilex/agilex_ws/install/dwb_msgs/include/dwb_msgs/dwb_msgs/srv/detail/score_trajectory__functions.h
[0.969s] -- Up-to-date: /home/agilex/agilex_ws/install/dwb_msgs/include/dwb_msgs/dwb_msgs/srv/detail/score_trajectory__struct.h
[0.969s] -- Up-to-date: /home/agilex/agilex_ws/install/dwb_msgs/include/dwb_msgs/dwb_msgs/srv/detail/score_trajectory__type_support.h
[0.969s] -- Up-to-date: /home/agilex/agilex_ws/install/dwb_msgs/include/dwb_msgs/dwb_msgs/srv/generate_trajectory.h
[0.969s] -- Up-to-date: /home/agilex/agilex_ws/install/dwb_msgs/include/dwb_msgs/dwb_msgs/srv/generate_twists.h
[0.970s] -- Up-to-date: /home/agilex/agilex_ws/install/dwb_msgs/include/dwb_msgs/dwb_msgs/srv/get_critic_score.h
[0.970s] -- Up-to-date: /home/agilex/agilex_ws/install/dwb_msgs/include/dwb_msgs/dwb_msgs/srv/score_trajectory.h
[0.970s] -- Up-to-date: /home/agilex/agilex_ws/install/dwb_msgs/share/dwb_msgs/environment/library_path.sh
[0.970s] -- Up-to-date: /home/agilex/agilex_ws/install/dwb_msgs/share/dwb_msgs/environment/library_path.dsv
[0.971s] -- Up-to-date: /home/agilex/agilex_ws/install/dwb_msgs/lib/libdwb_msgs__rosidl_generator_c.so
[0.971s] -- Up-to-date: /home/agilex/agilex_ws/install/dwb_msgs/include/dwb_msgs/dwb_msgs
[0.971s] -- Up-to-date: /home/agilex/agilex_ws/install/dwb_msgs/include/dwb_msgs/dwb_msgs/msg
[0.971s] -- Up-to-date: /home/agilex/agilex_ws/install/dwb_msgs/include/dwb_msgs/dwb_msgs/msg/rosidl_typesupport_fastrtps_c__visibility_control.h
[0.971s] -- Up-to-date: /home/agilex/agilex_ws/install/dwb_msgs/include/dwb_msgs/dwb_msgs/msg/detail
[0.972s] -- Up-to-date: /home/agilex/agilex_ws/install/dwb_msgs/include/dwb_msgs/dwb_msgs/msg/detail/critic_score__rosidl_typesupport_fastrtps_c.h
[0.972s] -- Up-to-date: /home/agilex/agilex_ws/install/dwb_msgs/include/dwb_msgs/dwb_msgs/msg/detail/local_plan_evaluation__rosidl_typesupport_fastrtps_c.h
[0.973s] -- Up-to-date: /home/agilex/agilex_ws/install/dwb_msgs/include/dwb_msgs/dwb_msgs/msg/detail/trajectory2_d__rosidl_typesupport_fastrtps_c.h
[0.978s] -- Up-to-date: /home/agilex/agilex_ws/install/dwb_msgs/include/dwb_msgs/dwb_msgs/msg/detail/trajectory_score__rosidl_typesupport_fastrtps_c.h
[0.978s] -- Up-to-date: /home/agilex/agilex_ws/install/dwb_msgs/include/dwb_msgs/dwb_msgs/srv
[0.979s] -- Up-to-date: /home/agilex/agilex_ws/install/dwb_msgs/include/dwb_msgs/dwb_msgs/srv/detail
[0.979s] -- Up-to-date: /home/agilex/agilex_ws/install/dwb_msgs/include/dwb_msgs/dwb_msgs/srv/detail/debug_local_plan__rosidl_typesupport_fastrtps_c.h
[0.979s] -- Up-to-date: /home/agilex/agilex_ws/install/dwb_msgs/include/dwb_msgs/dwb_msgs/srv/detail/generate_trajectory__rosidl_typesupport_fastrtps_c.h
[0.979s] -- Up-to-date: /home/agilex/agilex_ws/install/dwb_msgs/include/dwb_msgs/dwb_msgs/srv/detail/generate_twists__rosidl_typesupport_fastrtps_c.h
[0.980s] -- Up-to-date: /home/agilex/agilex_ws/install/dwb_msgs/include/dwb_msgs/dwb_msgs/srv/detail/get_critic_score__rosidl_typesupport_fastrtps_c.h
[0.980s] -- Up-to-date: /home/agilex/agilex_ws/install/dwb_msgs/include/dwb_msgs/dwb_msgs/srv/detail/score_trajectory__rosidl_typesupport_fastrtps_c.h
[0.980s] -- Up-to-date: /home/agilex/agilex_ws/install/dwb_msgs/lib/libdwb_msgs__rosidl_typesupport_fastrtps_c.so
[0.980s] -- Up-to-date: /home/agilex/agilex_ws/install/dwb_msgs/include/dwb_msgs/dwb_msgs
[0.980s] -- Up-to-date: /home/agilex/agilex_ws/install/dwb_msgs/include/dwb_msgs/dwb_msgs/msg
[0.980s] -- Up-to-date: /home/agilex/agilex_ws/install/dwb_msgs/include/dwb_msgs/dwb_msgs/msg/critic_score.hpp
[0.980s] -- Up-to-date: /home/agilex/agilex_ws/install/dwb_msgs/include/dwb_msgs/dwb_msgs/msg/detail
[0.980s] -- Up-to-date: /home/agilex/agilex_ws/install/dwb_msgs/include/dwb_msgs/dwb_msgs/msg/detail/critic_score__builder.hpp
[0.981s] -- Up-to-date: /home/agilex/agilex_ws/install/dwb_msgs/include/dwb_msgs/dwb_msgs/msg/detail/critic_score__struct.hpp
[0.981s] -- Up-to-date: /home/agilex/agilex_ws/install/dwb_msgs/include/dwb_msgs/dwb_msgs/msg/detail/critic_score__traits.hpp
[0.981s] -- Up-to-date: /home/agilex/agilex_ws/install/dwb_msgs/include/dwb_msgs/dwb_msgs/msg/detail/local_plan_evaluation__builder.hpp
[0.981s] -- Up-to-date: /home/agilex/agilex_ws/install/dwb_msgs/include/dwb_msgs/dwb_msgs/msg/detail/local_plan_evaluation__struct.hpp
[0.981s] -- Up-to-date: /home/agilex/agilex_ws/install/dwb_msgs/include/dwb_msgs/dwb_msgs/msg/detail/local_plan_evaluation__traits.hpp
[0.981s] -- Up-to-date: /home/agilex/agilex_ws/install/dwb_msgs/include/dwb_msgs/dwb_msgs/msg/detail/trajectory2_d__builder.hpp
[0.981s] -- Up-to-date: /home/agilex/agilex_ws/install/dwb_msgs/include/dwb_msgs/dwb_msgs/msg/detail/trajectory2_d__struct.hpp
[0.981s] -- Up-to-date: /home/agilex/agilex_ws/install/dwb_msgs/include/dwb_msgs/dwb_msgs/msg/detail/trajectory2_d__traits.hpp
[0.981s] -- Up-to-date: /home/agilex/agilex_ws/install/dwb_msgs/include/dwb_msgs/dwb_msgs/msg/detail/trajectory_score__builder.hpp
[0.981s] -- Up-to-date: /home/agilex/agilex_ws/install/dwb_msgs/include/dwb_msgs/dwb_msgs/msg/detail/trajectory_score__struct.hpp
[0.981s] -- Up-to-date: /home/agilex/agilex_ws/install/dwb_msgs/include/dwb_msgs/dwb_msgs/msg/detail/trajectory_score__traits.hpp
[0.981s] -- Up-to-date: /home/agilex/agilex_ws/install/dwb_msgs/include/dwb_msgs/dwb_msgs/msg/local_plan_evaluation.hpp
[0.982s] -- Up-to-date: /home/agilex/agilex_ws/install/dwb_msgs/include/dwb_msgs/dwb_msgs/msg/trajectory2_d.hpp
[0.982s] -- Up-to-date: /home/agilex/agilex_ws/install/dwb_msgs/include/dwb_msgs/dwb_msgs/msg/trajectory_score.hpp
[0.982s] -- Up-to-date: /home/agilex/agilex_ws/install/dwb_msgs/include/dwb_msgs/dwb_msgs/srv
[0.982s] -- Up-to-date: /home/agilex/agilex_ws/install/dwb_msgs/include/dwb_msgs/dwb_msgs/srv/debug_local_plan.hpp
[0.982s] -- Up-to-date: /home/agilex/agilex_ws/install/dwb_msgs/include/dwb_msgs/dwb_msgs/srv/detail
[0.982s] -- Up-to-date: /home/agilex/agilex_ws/install/dwb_msgs/include/dwb_msgs/dwb_msgs/srv/detail/debug_local_plan__builder.hpp
[0.982s] -- Up-to-date: /home/agilex/agilex_ws/install/dwb_msgs/include/dwb_msgs/dwb_msgs/srv/detail/debug_local_plan__struct.hpp
[0.982s] -- Up-to-date: /home/agilex/agilex_ws/install/dwb_msgs/include/dwb_msgs/dwb_msgs/srv/detail/debug_local_plan__traits.hpp
[0.982s] -- Up-to-date: /home/agilex/agilex_ws/install/dwb_msgs/include/dwb_msgs/dwb_msgs/srv/detail/generate_trajectory__builder.hpp
[0.982s] -- Up-to-date: /home/agilex/agilex_ws/install/dwb_msgs/include/dwb_msgs/dwb_msgs/srv/detail/generate_trajectory__struct.hpp
[0.982s] -- Up-to-date: /home/agilex/agilex_ws/install/dwb_msgs/include/dwb_msgs/dwb_msgs/srv/detail/generate_trajectory__traits.hpp
[0.982s] -- Up-to-date: /home/agilex/agilex_ws/install/dwb_msgs/include/dwb_msgs/dwb_msgs/srv/detail/generate_twists__builder.hpp
[0.983s] -- Up-to-date: /home/agilex/agilex_ws/install/dwb_msgs/include/dwb_msgs/dwb_msgs/srv/detail/generate_twists__struct.hpp
[0.983s] -- Up-to-date: /home/agilex/agilex_ws/install/dwb_msgs/include/dwb_msgs/dwb_msgs/srv/detail/generate_twists__traits.hpp
[0.983s] -- Up-to-date: /home/agilex/agilex_ws/install/dwb_msgs/include/dwb_msgs/dwb_msgs/srv/detail/get_critic_score__builder.hpp
[0.983s] -- Up-to-date: /home/agilex/agilex_ws/install/dwb_msgs/include/dwb_msgs/dwb_msgs/srv/detail/get_critic_score__struct.hpp
[0.985s] -- Up-to-date: /home/agilex/agilex_ws/install/dwb_msgs/include/dwb_msgs/dwb_msgs/srv/detail/get_critic_score__traits.hpp
[0.985s] -- Up-to-date: /home/agilex/agilex_ws/install/dwb_msgs/include/dwb_msgs/dwb_msgs/srv/detail/score_trajectory__builder.hpp
[0.985s] -- Up-to-date: /home/agilex/agilex_ws/install/dwb_msgs/include/dwb_msgs/dwb_msgs/srv/detail/score_trajectory__struct.hpp
[0.985s] -- Up-to-date: /home/agilex/agilex_ws/install/dwb_msgs/include/dwb_msgs/dwb_msgs/srv/detail/score_trajectory__traits.hpp
[0.985s] -- Up-to-date: /home/agilex/agilex_ws/install/dwb_msgs/include/dwb_msgs/dwb_msgs/srv/generate_trajectory.hpp
[0.985s] -- Up-to-date: /home/agilex/agilex_ws/install/dwb_msgs/include/dwb_msgs/dwb_msgs/srv/generate_twists.hpp
[0.986s] -- Up-to-date: /home/agilex/agilex_ws/install/dwb_msgs/include/dwb_msgs/dwb_msgs/srv/get_critic_score.hpp
[0.986s] -- Up-to-date: /home/agilex/agilex_ws/install/dwb_msgs/include/dwb_msgs/dwb_msgs/srv/score_trajectory.hpp
[0.986s] -- Up-to-date: /home/agilex/agilex_ws/install/dwb_msgs/include/dwb_msgs/dwb_msgs
[0.986s] -- Up-to-date: /home/agilex/agilex_ws/install/dwb_msgs/include/dwb_msgs/dwb_msgs/msg
[0.986s] -- Up-to-date: /home/agilex/agilex_ws/install/dwb_msgs/include/dwb_msgs/dwb_msgs/msg/rosidl_typesupport_fastrtps_cpp__visibility_control.h
[0.987s] -- Up-to-date: /home/agilex/agilex_ws/install/dwb_msgs/include/dwb_msgs/dwb_msgs/msg/detail
[0.987s] -- Up-to-date: /home/agilex/agilex_ws/install/dwb_msgs/include/dwb_msgs/dwb_msgs/msg/detail/critic_score__rosidl_typesupport_fastrtps_cpp.hpp
[0.987s] -- Up-to-date: /home/agilex/agilex_ws/install/dwb_msgs/include/dwb_msgs/dwb_msgs/msg/detail/dds_fastrtps
[0.987s] -- Up-to-date: /home/agilex/agilex_ws/install/dwb_msgs/include/dwb_msgs/dwb_msgs/msg/detail/local_plan_evaluation__rosidl_typesupport_fastrtps_cpp.hpp
[0.988s] -- Up-to-date: /home/agilex/agilex_ws/install/dwb_msgs/include/dwb_msgs/dwb_msgs/msg/detail/trajectory2_d__rosidl_typesupport_fastrtps_cpp.hpp
[0.988s] -- Up-to-date: /home/agilex/agilex_ws/install/dwb_msgs/include/dwb_msgs/dwb_msgs/msg/detail/trajectory_score__rosidl_typesupport_fastrtps_cpp.hpp
[0.988s] -- Up-to-date: /home/agilex/agilex_ws/install/dwb_msgs/include/dwb_msgs/dwb_msgs/srv
[0.988s] -- Up-to-date: /home/agilex/agilex_ws/install/dwb_msgs/include/dwb_msgs/dwb_msgs/srv/detail
[0.988s] -- Up-to-date: /home/agilex/agilex_ws/install/dwb_msgs/include/dwb_msgs/dwb_msgs/srv/detail/debug_local_plan__rosidl_typesupport_fastrtps_cpp.hpp
[0.988s] -- Up-to-date: /home/agilex/agilex_ws/install/dwb_msgs/include/dwb_msgs/dwb_msgs/srv/detail/dds_fastrtps
[0.988s] -- Up-to-date: /home/agilex/agilex_ws/install/dwb_msgs/include/dwb_msgs/dwb_msgs/srv/detail/generate_trajectory__rosidl_typesupport_fastrtps_cpp.hpp
[0.988s] -- Up-to-date: /home/agilex/agilex_ws/install/dwb_msgs/include/dwb_msgs/dwb_msgs/srv/detail/generate_twists__rosidl_typesupport_fastrtps_cpp.hpp
[0.988s] -- Up-to-date: /home/agilex/agilex_ws/install/dwb_msgs/include/dwb_msgs/dwb_msgs/srv/detail/get_critic_score__rosidl_typesupport_fastrtps_cpp.hpp
[0.988s] -- Up-to-date: /home/agilex/agilex_ws/install/dwb_msgs/include/dwb_msgs/dwb_msgs/srv/detail/score_trajectory__rosidl_typesupport_fastrtps_cpp.hpp
[0.988s] -- Up-to-date: /home/agilex/agilex_ws/install/dwb_msgs/lib/libdwb_msgs__rosidl_typesupport_fastrtps_cpp.so
[0.989s] -- Up-to-date: /home/agilex/agilex_ws/install/dwb_msgs/include/dwb_msgs/dwb_msgs
[0.989s] -- Up-to-date: /home/agilex/agilex_ws/install/dwb_msgs/include/dwb_msgs/dwb_msgs/msg
[0.989s] -- Up-to-date: /home/agilex/agilex_ws/install/dwb_msgs/include/dwb_msgs/dwb_msgs/msg/rosidl_typesupport_introspection_c__visibility_control.h
[0.990s] -- Up-to-date: /home/agilex/agilex_ws/install/dwb_msgs/include/dwb_msgs/dwb_msgs/msg/detail
[0.990s] -- Up-to-date: /home/agilex/agilex_ws/install/dwb_msgs/include/dwb_msgs/dwb_msgs/msg/detail/critic_score__rosidl_typesupport_introspection_c.h
[0.990s] -- Up-to-date: /home/agilex/agilex_ws/install/dwb_msgs/include/dwb_msgs/dwb_msgs/msg/detail/critic_score__type_support.c
[0.990s] -- Up-to-date: /home/agilex/agilex_ws/install/dwb_msgs/include/dwb_msgs/dwb_msgs/msg/detail/local_plan_evaluation__rosidl_typesupport_introspection_c.h
[0.990s] -- Up-to-date: /home/agilex/agilex_ws/install/dwb_msgs/include/dwb_msgs/dwb_msgs/msg/detail/local_plan_evaluation__type_support.c
[0.990s] -- Up-to-date: /home/agilex/agilex_ws/install/dwb_msgs/include/dwb_msgs/dwb_msgs/msg/detail/trajectory2_d__rosidl_typesupport_introspection_c.h
[0.990s] -- Up-to-date: /home/agilex/agilex_ws/install/dwb_msgs/include/dwb_msgs/dwb_msgs/msg/detail/trajectory2_d__type_support.c
[0.990s] -- Up-to-date: /home/agilex/agilex_ws/install/dwb_msgs/include/dwb_msgs/dwb_msgs/msg/detail/trajectory_score__rosidl_typesupport_introspection_c.h
[0.990s] -- Up-to-date: /home/agilex/agilex_ws/install/dwb_msgs/include/dwb_msgs/dwb_msgs/msg/detail/trajectory_score__type_support.c
[0.990s] -- Up-to-date: /home/agilex/agilex_ws/install/dwb_msgs/include/dwb_msgs/dwb_msgs/srv
[0.990s] -- Up-to-date: /home/agilex/agilex_ws/install/dwb_msgs/include/dwb_msgs/dwb_msgs/srv/detail
[0.990s] -- Up-to-date: /home/agilex/agilex_ws/install/dwb_msgs/include/dwb_msgs/dwb_msgs/srv/detail/debug_local_plan__rosidl_typesupport_introspection_c.h
[0.991s] -- Up-to-date: /home/agilex/agilex_ws/install/dwb_msgs/include/dwb_msgs/dwb_msgs/srv/detail/debug_local_plan__type_support.c
[0.991s] -- Up-to-date: /home/agilex/agilex_ws/install/dwb_msgs/include/dwb_msgs/dwb_msgs/srv/detail/generate_trajectory__rosidl_typesupport_introspection_c.h
[0.991s] -- Up-to-date: /home/agilex/agilex_ws/install/dwb_msgs/include/dwb_msgs/dwb_msgs/srv/detail/generate_trajectory__type_support.c
[0.991s] -- Up-to-date: /home/agilex/agilex_ws/install/dwb_msgs/include/dwb_msgs/dwb_msgs/srv/detail/generate_twists__rosidl_typesupport_introspection_c.h
[0.992s] -- Up-to-date: /home/agilex/agilex_ws/install/dwb_msgs/include/dwb_msgs/dwb_msgs/srv/detail/generate_twists__type_support.c
[0.992s] -- Up-to-date: /home/agilex/agilex_ws/install/dwb_msgs/include/dwb_msgs/dwb_msgs/srv/detail/get_critic_score__rosidl_typesupport_introspection_c.h
[0.992s] -- Up-to-date: /home/agilex/agilex_ws/install/dwb_msgs/include/dwb_msgs/dwb_msgs/srv/detail/get_critic_score__type_support.c
[0.994s] -- Up-to-date: /home/agilex/agilex_ws/install/dwb_msgs/include/dwb_msgs/dwb_msgs/srv/detail/score_trajectory__rosidl_typesupport_introspection_c.h
[0.994s] -- Up-to-date: /home/agilex/agilex_ws/install/dwb_msgs/include/dwb_msgs/dwb_msgs/srv/detail/score_trajectory__type_support.c
[0.995s] -- Up-to-date: /home/agilex/agilex_ws/install/dwb_msgs/lib/libdwb_msgs__rosidl_typesupport_introspection_c.so
[0.995s] -- Up-to-date: /home/agilex/agilex_ws/install/dwb_msgs/lib/libdwb_msgs__rosidl_typesupport_c.so
[0.995s] -- Up-to-date: /home/agilex/agilex_ws/install/dwb_msgs/include/dwb_msgs/dwb_msgs
[0.995s] -- Up-to-date: /home/agilex/agilex_ws/install/dwb_msgs/include/dwb_msgs/dwb_msgs/msg
[0.996s] -- Up-to-date: /home/agilex/agilex_ws/install/dwb_msgs/include/dwb_msgs/dwb_msgs/msg/detail
[0.996s] -- Up-to-date: /home/agilex/agilex_ws/install/dwb_msgs/include/dwb_msgs/dwb_msgs/msg/detail/critic_score__rosidl_typesupport_introspection_cpp.hpp
[0.996s] -- Up-to-date: /home/agilex/agilex_ws/install/dwb_msgs/include/dwb_msgs/dwb_msgs/msg/detail/critic_score__type_support.cpp
[0.999s] -- Up-to-date: /home/agilex/agilex_ws/install/dwb_msgs/include/dwb_msgs/dwb_msgs/msg/detail/local_plan_evaluation__rosidl_typesupport_introspection_cpp.hpp
[0.999s] -- Up-to-date: /home/agilex/agilex_ws/install/dwb_msgs/include/dwb_msgs/dwb_msgs/msg/detail/local_plan_evaluation__type_support.cpp
[1.000s] -- Up-to-date: /home/agilex/agilex_ws/install/dwb_msgs/include/dwb_msgs/dwb_msgs/msg/detail/trajectory2_d__rosidl_typesupport_introspection_cpp.hpp
[1.000s] -- Up-to-date: /home/agilex/agilex_ws/install/dwb_msgs/include/dwb_msgs/dwb_msgs/msg/detail/trajectory2_d__type_support.cpp
[1.000s] -- Up-to-date: /home/agilex/agilex_ws/install/dwb_msgs/include/dwb_msgs/dwb_msgs/msg/detail/trajectory_score__rosidl_typesupport_introspection_cpp.hpp
[1.000s] -- Up-to-date: /home/agilex/agilex_ws/install/dwb_msgs/include/dwb_msgs/dwb_msgs/msg/detail/trajectory_score__type_support.cpp
[1.000s] -- Up-to-date: /home/agilex/agilex_ws/install/dwb_msgs/include/dwb_msgs/dwb_msgs/srv
[1.000s] -- Up-to-date: /home/agilex/agilex_ws/install/dwb_msgs/include/dwb_msgs/dwb_msgs/srv/detail
[1.001s] -- Up-to-date: /home/agilex/agilex_ws/install/dwb_msgs/include/dwb_msgs/dwb_msgs/srv/detail/debug_local_plan__rosidl_typesupport_introspection_cpp.hpp
[1.001s] -- Up-to-date: /home/agilex/agilex_ws/install/dwb_msgs/include/dwb_msgs/dwb_msgs/srv/detail/debug_local_plan__type_support.cpp
[1.001s] -- Up-to-date: /home/agilex/agilex_ws/install/dwb_msgs/include/dwb_msgs/dwb_msgs/srv/detail/generate_trajectory__rosidl_typesupport_introspection_cpp.hpp
[1.001s] -- Up-to-date: /home/agilex/agilex_ws/install/dwb_msgs/include/dwb_msgs/dwb_msgs/srv/detail/generate_trajectory__type_support.cpp
[1.001s] -- Up-to-date: /home/agilex/agilex_ws/install/dwb_msgs/include/dwb_msgs/dwb_msgs/srv/detail/generate_twists__rosidl_typesupport_introspection_cpp.hpp
[1.001s] -- Up-to-date: /home/agilex/agilex_ws/install/dwb_msgs/include/dwb_msgs/dwb_msgs/srv/detail/generate_twists__type_support.cpp
[1.001s] -- Up-to-date: /home/agilex/agilex_ws/install/dwb_msgs/include/dwb_msgs/dwb_msgs/srv/detail/get_critic_score__rosidl_typesupport_introspection_cpp.hpp
[1.001s] -- Up-to-date: /home/agilex/agilex_ws/install/dwb_msgs/include/dwb_msgs/dwb_msgs/srv/detail/get_critic_score__type_support.cpp
[1.001s] -- Up-to-date: /home/agilex/agilex_ws/install/dwb_msgs/include/dwb_msgs/dwb_msgs/srv/detail/score_trajectory__rosidl_typesupport_introspection_cpp.hpp
[1.001s] -- Up-to-date: /home/agilex/agilex_ws/install/dwb_msgs/include/dwb_msgs/dwb_msgs/srv/detail/score_trajectory__type_support.cpp
[1.001s] -- Up-to-date: /home/agilex/agilex_ws/install/dwb_msgs/lib/libdwb_msgs__rosidl_typesupport_introspection_cpp.so
[1.001s] -- Up-to-date: /home/agilex/agilex_ws/install/dwb_msgs/lib/libdwb_msgs__rosidl_typesupport_cpp.so
[1.001s] -- Up-to-date: /home/agilex/agilex_ws/install/dwb_msgs/share/dwb_msgs/environment/pythonpath.sh
[1.001s] -- Up-to-date: /home/agilex/agilex_ws/install/dwb_msgs/share/dwb_msgs/environment/pythonpath.dsv
[1.002s] -- Up-to-date: /home/agilex/agilex_ws/install/dwb_msgs/local/lib/python3.10/dist-packages/dwb_msgs-1.1.0-py3.10.egg-info
[1.002s] -- Installing: /home/agilex/agilex_ws/install/dwb_msgs/local/lib/python3.10/dist-packages/dwb_msgs-1.1.0-py3.10.egg-info/PKG-INFO
[1.002s] -- Installing: /home/agilex/agilex_ws/install/dwb_msgs/local/lib/python3.10/dist-packages/dwb_msgs-1.1.0-py3.10.egg-info/dependency_links.txt
[1.002s] -- Installing: /home/agilex/agilex_ws/install/dwb_msgs/local/lib/python3.10/dist-packages/dwb_msgs-1.1.0-py3.10.egg-info/top_level.txt
[1.002s] -- Installing: /home/agilex/agilex_ws/install/dwb_msgs/local/lib/python3.10/dist-packages/dwb_msgs-1.1.0-py3.10.egg-info/SOURCES.txt
[1.002s] -- Up-to-date: /home/agilex/agilex_ws/install/dwb_msgs/local/lib/python3.10/dist-packages/dwb_msgs
[1.002s] -- Up-to-date: /home/agilex/agilex_ws/install/dwb_msgs/local/lib/python3.10/dist-packages/dwb_msgs/__init__.py
[1.002s] -- Up-to-date: /home/agilex/agilex_ws/install/dwb_msgs/local/lib/python3.10/dist-packages/dwb_msgs/msg
[1.002s] -- Up-to-date: /home/agilex/agilex_ws/install/dwb_msgs/local/lib/python3.10/dist-packages/dwb_msgs/msg/_critic_score.py
[1.002s] -- Up-to-date: /home/agilex/agilex_ws/install/dwb_msgs/local/lib/python3.10/dist-packages/dwb_msgs/msg/_critic_score_s.c
[1.002s] -- Up-to-date: /home/agilex/agilex_ws/install/dwb_msgs/local/lib/python3.10/dist-packages/dwb_msgs/msg/_local_plan_evaluation.py
[1.002s] -- Up-to-date: /home/agilex/agilex_ws/install/dwb_msgs/local/lib/python3.10/dist-packages/dwb_msgs/msg/_local_plan_evaluation_s.c
[1.003s] -- Up-to-date: /home/agilex/agilex_ws/install/dwb_msgs/local/lib/python3.10/dist-packages/dwb_msgs/msg/_trajectory2_d.py
[1.003s] -- Up-to-date: /home/agilex/agilex_ws/install/dwb_msgs/local/lib/python3.10/dist-packages/dwb_msgs/msg/_trajectory2_d_s.c
[1.004s] -- Up-to-date: /home/agilex/agilex_ws/install/dwb_msgs/local/lib/python3.10/dist-packages/dwb_msgs/msg/_trajectory_score.py
[1.004s] -- Up-to-date: /home/agilex/agilex_ws/install/dwb_msgs/local/lib/python3.10/dist-packages/dwb_msgs/msg/_trajectory_score_s.c
[1.005s] -- Up-to-date: /home/agilex/agilex_ws/install/dwb_msgs/local/lib/python3.10/dist-packages/dwb_msgs/msg/__init__.py
[1.005s] -- Up-to-date: /home/agilex/agilex_ws/install/dwb_msgs/local/lib/python3.10/dist-packages/dwb_msgs/srv
[1.005s] -- Up-to-date: /home/agilex/agilex_ws/install/dwb_msgs/local/lib/python3.10/dist-packages/dwb_msgs/srv/_debug_local_plan.py
[1.005s] -- Up-to-date: /home/agilex/agilex_ws/install/dwb_msgs/local/lib/python3.10/dist-packages/dwb_msgs/srv/_debug_local_plan_s.c
[1.005s] -- Up-to-date: /home/agilex/agilex_ws/install/dwb_msgs/local/lib/python3.10/dist-packages/dwb_msgs/srv/_generate_trajectory.py
[1.005s] -- Up-to-date: /home/agilex/agilex_ws/install/dwb_msgs/local/lib/python3.10/dist-packages/dwb_msgs/srv/_generate_trajectory_s.c
[1.005s] -- Up-to-date: /home/agilex/agilex_ws/install/dwb_msgs/local/lib/python3.10/dist-packages/dwb_msgs/srv/_generate_twists.py
[1.005s] -- Up-to-date: /home/agilex/agilex_ws/install/dwb_msgs/local/lib/python3.10/dist-packages/dwb_msgs/srv/_generate_twists_s.c
[1.005s] -- Up-to-date: /home/agilex/agilex_ws/install/dwb_msgs/local/lib/python3.10/dist-packages/dwb_msgs/srv/_get_critic_score.py
[1.005s] -- Up-to-date: /home/agilex/agilex_ws/install/dwb_msgs/local/lib/python3.10/dist-packages/dwb_msgs/srv/_get_critic_score_s.c
[1.005s] -- Up-to-date: /home/agilex/agilex_ws/install/dwb_msgs/local/lib/python3.10/dist-packages/dwb_msgs/srv/_score_trajectory.py
[1.005s] -- Up-to-date: /home/agilex/agilex_ws/install/dwb_msgs/local/lib/python3.10/dist-packages/dwb_msgs/srv/_score_trajectory_s.c
[1.005s] -- Up-to-date: /home/agilex/agilex_ws/install/dwb_msgs/local/lib/python3.10/dist-packages/dwb_msgs/srv/__init__.py
[1.005s] -- Up-to-date: /home/agilex/agilex_ws/install/dwb_msgs/local/lib/python3.10/dist-packages/dwb_msgs/_dwb_msgs_s.ep.rosidl_typesupport_fastrtps_c.c
[1.006s] -- Up-to-date: /home/agilex/agilex_ws/install/dwb_msgs/local/lib/python3.10/dist-packages/dwb_msgs/_dwb_msgs_s.ep.rosidl_typesupport_introspection_c.c
[1.006s] -- Up-to-date: /home/agilex/agilex_ws/install/dwb_msgs/local/lib/python3.10/dist-packages/dwb_msgs/_dwb_msgs_s.ep.rosidl_typesupport_c.c
[1.006s] -- Up-to-date: /home/agilex/agilex_ws/install/dwb_msgs/local/lib/python3.10/dist-packages/dwb_msgs/libdwb_msgs__rosidl_generator_py.so
[1.006s] -- Up-to-date: /home/agilex/agilex_ws/install/dwb_msgs/local/lib/python3.10/dist-packages/dwb_msgs/dwb_msgs_s__rosidl_typesupport_fastrtps_c.cpython-310-x86_64-linux-gnu.so
[1.006s] -- Up-to-date: /home/agilex/agilex_ws/install/dwb_msgs/local/lib/python3.10/dist-packages/dwb_msgs/dwb_msgs_s__rosidl_typesupport_c.cpython-310-x86_64-linux-gnu.so
[1.006s] -- Up-to-date: /home/agilex/agilex_ws/install/dwb_msgs/local/lib/python3.10/dist-packages/dwb_msgs/dwb_msgs_s__rosidl_typesupport_introspection_c.cpython-310-x86_64-linux-gnu.so
[1.012s] Listing '/home/agilex/agilex_ws/install/dwb_msgs/local/lib/python3.10/dist-packages/dwb_msgs'...
[1.012s] Listing '/home/agilex/agilex_ws/install/dwb_msgs/local/lib/python3.10/dist-packages/dwb_msgs/msg'...
[1.012s] Listing '/home/agilex/agilex_ws/install/dwb_msgs/local/lib/python3.10/dist-packages/dwb_msgs/srv'...
[1.018s] -- Up-to-date: /home/agilex/agilex_ws/install/dwb_msgs/local/lib/python3.10/dist-packages/dwb_msgs/dwb_msgs_s__rosidl_typesupport_fastrtps_c.cpython-310-x86_64-linux-gnu.so
[1.019s] -- Up-to-date: /home/agilex/agilex_ws/install/dwb_msgs/local/lib/python3.10/dist-packages/dwb_msgs/dwb_msgs_s__rosidl_typesupport_introspection_c.cpython-310-x86_64-linux-gnu.so
[1.019s] -- Up-to-date: /home/agilex/agilex_ws/install/dwb_msgs/local/lib/python3.10/dist-packages/dwb_msgs/dwb_msgs_s__rosidl_typesupport_c.cpython-310-x86_64-linux-gnu.so
[1.020s] -- Up-to-date: /home/agilex/agilex_ws/install/dwb_msgs/lib/libdwb_msgs__rosidl_generator_py.so
[1.020s] -- Up-to-date: /home/agilex/agilex_ws/install/dwb_msgs/share/dwb_msgs/msg/CriticScore.idl
[1.022s] -- Up-to-date: /home/agilex/agilex_ws/install/dwb_msgs/share/dwb_msgs/msg/LocalPlanEvaluation.idl
[1.022s] -- Up-to-date: /home/agilex/agilex_ws/install/dwb_msgs/share/dwb_msgs/msg/Trajectory2D.idl
[1.023s] -- Up-to-date: /home/agilex/agilex_ws/install/dwb_msgs/share/dwb_msgs/msg/TrajectoryScore.idl
[1.023s] -- Up-to-date: /home/agilex/agilex_ws/install/dwb_msgs/share/dwb_msgs/srv/DebugLocalPlan.idl
[1.023s] -- Up-to-date: /home/agilex/agilex_ws/install/dwb_msgs/share/dwb_msgs/srv/GenerateTrajectory.idl
[1.023s] -- Up-to-date: /home/agilex/agilex_ws/install/dwb_msgs/share/dwb_msgs/srv/GenerateTwists.idl
[1.023s] -- Up-to-date: /home/agilex/agilex_ws/install/dwb_msgs/share/dwb_msgs/srv/GetCriticScore.idl
[1.024s] -- Up-to-date: /home/agilex/agilex_ws/install/dwb_msgs/share/dwb_msgs/srv/ScoreTrajectory.idl
[1.024s] -- Up-to-date: /home/agilex/agilex_ws/install/dwb_msgs/share/dwb_msgs/msg/CriticScore.msg
[1.024s] -- Up-to-date: /home/agilex/agilex_ws/install/dwb_msgs/share/dwb_msgs/msg/LocalPlanEvaluation.msg
[1.024s] -- Up-to-date: /home/agilex/agilex_ws/install/dwb_msgs/share/dwb_msgs/msg/Trajectory2D.msg
[1.024s] -- Up-to-date: /home/agilex/agilex_ws/install/dwb_msgs/share/dwb_msgs/msg/TrajectoryScore.msg
[1.025s] -- Up-to-date: /home/agilex/agilex_ws/install/dwb_msgs/share/dwb_msgs/srv/DebugLocalPlan.srv
[1.025s] -- Up-to-date: /home/agilex/agilex_ws/install/dwb_msgs/share/dwb_msgs/srv/DebugLocalPlan_Request.msg
[1.026s] -- Up-to-date: /home/agilex/agilex_ws/install/dwb_msgs/share/dwb_msgs/srv/DebugLocalPlan_Response.msg
[1.027s] -- Up-to-date: /home/agilex/agilex_ws/install/dwb_msgs/share/dwb_msgs/srv/GenerateTrajectory.srv
[1.027s] -- Up-to-date: /home/agilex/agilex_ws/install/dwb_msgs/share/dwb_msgs/srv/GenerateTrajectory_Request.msg
[1.027s] -- Up-to-date: /home/agilex/agilex_ws/install/dwb_msgs/share/dwb_msgs/srv/GenerateTrajectory_Response.msg
[1.027s] -- Up-to-date: /home/agilex/agilex_ws/install/dwb_msgs/share/dwb_msgs/srv/GenerateTwists.srv
[1.027s] -- Up-to-date: /home/agilex/agilex_ws/install/dwb_msgs/share/dwb_msgs/srv/GenerateTwists_Request.msg
[1.027s] -- Up-to-date: /home/agilex/agilex_ws/install/dwb_msgs/share/dwb_msgs/srv/GenerateTwists_Response.msg
[1.027s] -- Up-to-date: /home/agilex/agilex_ws/install/dwb_msgs/share/dwb_msgs/srv/GetCriticScore.srv
[1.028s] -- Up-to-date: /home/agilex/agilex_ws/install/dwb_msgs/share/dwb_msgs/srv/GetCriticScore_Request.msg
[1.028s] -- Up-to-date: /home/agilex/agilex_ws/install/dwb_msgs/share/dwb_msgs/srv/GetCriticScore_Response.msg
[1.028s] -- Up-to-date: /home/agilex/agilex_ws/install/dwb_msgs/share/dwb_msgs/srv/ScoreTrajectory.srv
[1.028s] -- Up-to-date: /home/agilex/agilex_ws/install/dwb_msgs/share/dwb_msgs/srv/ScoreTrajectory_Request.msg
[1.028s] -- Up-to-date: /home/agilex/agilex_ws/install/dwb_msgs/share/dwb_msgs/srv/ScoreTrajectory_Response.msg
[1.028s] -- Up-to-date: /home/agilex/agilex_ws/install/dwb_msgs/share/ament_index/resource_index/package_run_dependencies/dwb_msgs
[1.028s] -- Up-to-date: /home/agilex/agilex_ws/install/dwb_msgs/share/ament_index/resource_index/parent_prefix_path/dwb_msgs
[1.028s] -- Up-to-date: /home/agilex/agilex_ws/install/dwb_msgs/share/dwb_msgs/environment/ament_prefix_path.sh
[1.028s] -- Up-to-date: /home/agilex/agilex_ws/install/dwb_msgs/share/dwb_msgs/environment/ament_prefix_path.dsv
[1.028s] -- Up-to-date: /home/agilex/agilex_ws/install/dwb_msgs/share/dwb_msgs/environment/path.sh
[1.028s] -- Up-to-date: /home/agilex/agilex_ws/install/dwb_msgs/share/dwb_msgs/environment/path.dsv
[1.028s] -- Up-to-date: /home/agilex/agilex_ws/install/dwb_msgs/share/dwb_msgs/local_setup.bash
[1.028s] -- Up-to-date: /home/agilex/agilex_ws/install/dwb_msgs/share/dwb_msgs/local_setup.sh
[1.028s] -- Up-to-date: /home/agilex/agilex_ws/install/dwb_msgs/share/dwb_msgs/local_setup.zsh
[1.029s] -- Up-to-date: /home/agilex/agilex_ws/install/dwb_msgs/share/dwb_msgs/local_setup.dsv
[1.029s] -- Installing: /home/agilex/agilex_ws/install/dwb_msgs/share/dwb_msgs/package.dsv
[1.029s] -- Up-to-date: /home/agilex/agilex_ws/install/dwb_msgs/share/ament_index/resource_index/packages/dwb_msgs
[1.029s] -- Up-to-date: /home/agilex/agilex_ws/install/dwb_msgs/share/dwb_msgs/cmake/export_dwb_msgs__rosidl_generator_cExport.cmake
[1.029s] -- Up-to-date: /home/agilex/agilex_ws/install/dwb_msgs/share/dwb_msgs/cmake/export_dwb_msgs__rosidl_generator_cExport-noconfig.cmake
[1.029s] -- Up-to-date: /home/agilex/agilex_ws/install/dwb_msgs/share/dwb_msgs/cmake/export_dwb_msgs__rosidl_typesupport_fastrtps_cExport.cmake
[1.029s] -- Up-to-date: /home/agilex/agilex_ws/install/dwb_msgs/share/dwb_msgs/cmake/export_dwb_msgs__rosidl_typesupport_fastrtps_cExport-noconfig.cmake
[1.029s] -- Up-to-date: /home/agilex/agilex_ws/install/dwb_msgs/share/dwb_msgs/cmake/export_dwb_msgs__rosidl_generator_cppExport.cmake
[1.029s] -- Up-to-date: /home/agilex/agilex_ws/install/dwb_msgs/share/dwb_msgs/cmake/export_dwb_msgs__rosidl_typesupport_fastrtps_cppExport.cmake
[1.029s] -- Up-to-date: /home/agilex/agilex_ws/install/dwb_msgs/share/dwb_msgs/cmake/export_dwb_msgs__rosidl_typesupport_fastrtps_cppExport-noconfig.cmake
[1.029s] -- Up-to-date: /home/agilex/agilex_ws/install/dwb_msgs/share/dwb_msgs/cmake/dwb_msgs__rosidl_typesupport_introspection_cExport.cmake
[1.029s] -- Up-to-date: /home/agilex/agilex_ws/install/dwb_msgs/share/dwb_msgs/cmake/dwb_msgs__rosidl_typesupport_introspection_cExport-noconfig.cmake
[1.029s] -- Up-to-date: /home/agilex/agilex_ws/install/dwb_msgs/share/dwb_msgs/cmake/dwb_msgs__rosidl_typesupport_cExport.cmake
[1.029s] -- Up-to-date: /home/agilex/agilex_ws/install/dwb_msgs/share/dwb_msgs/cmake/dwb_msgs__rosidl_typesupport_cExport-noconfig.cmake
[1.030s] -- Up-to-date: /home/agilex/agilex_ws/install/dwb_msgs/share/dwb_msgs/cmake/dwb_msgs__rosidl_typesupport_introspection_cppExport.cmake
[1.030s] -- Up-to-date: /home/agilex/agilex_ws/install/dwb_msgs/share/dwb_msgs/cmake/dwb_msgs__rosidl_typesupport_introspection_cppExport-noconfig.cmake
[1.030s] -- Up-to-date: /home/agilex/agilex_ws/install/dwb_msgs/share/dwb_msgs/cmake/dwb_msgs__rosidl_typesupport_cppExport.cmake
[1.030s] -- Up-to-date: /home/agilex/agilex_ws/install/dwb_msgs/share/dwb_msgs/cmake/dwb_msgs__rosidl_typesupport_cppExport-noconfig.cmake
[1.030s] -- Up-to-date: /home/agilex/agilex_ws/install/dwb_msgs/share/dwb_msgs/cmake/export_dwb_msgs__rosidl_generator_pyExport.cmake
[1.030s] -- Up-to-date: /home/agilex/agilex_ws/install/dwb_msgs/share/dwb_msgs/cmake/export_dwb_msgs__rosidl_generator_pyExport-noconfig.cmake
[1.031s] -- Up-to-date: /home/agilex/agilex_ws/install/dwb_msgs/share/dwb_msgs/cmake/rosidl_cmake-extras.cmake
[1.031s] -- Up-to-date: /home/agilex/agilex_ws/install/dwb_msgs/share/dwb_msgs/cmake/ament_cmake_export_dependencies-extras.cmake
[1.034s] -- Up-to-date: /home/agilex/agilex_ws/install/dwb_msgs/share/dwb_msgs/cmake/ament_cmake_export_include_directories-extras.cmake
[1.034s] -- Up-to-date: /home/agilex/agilex_ws/install/dwb_msgs/share/dwb_msgs/cmake/ament_cmake_export_libraries-extras.cmake
[1.035s] -- Up-to-date: /home/agilex/agilex_ws/install/dwb_msgs/share/dwb_msgs/cmake/ament_cmake_export_targets-extras.cmake
[1.035s] -- Up-to-date: /home/agilex/agilex_ws/install/dwb_msgs/share/dwb_msgs/cmake/rosidl_cmake_export_typesupport_targets-extras.cmake
[1.035s] -- Up-to-date: /home/agilex/agilex_ws/install/dwb_msgs/share/dwb_msgs/cmake/rosidl_cmake_export_typesupport_libraries-extras.cmake
[1.035s] -- Up-to-date: /home/agilex/agilex_ws/install/dwb_msgs/share/dwb_msgs/cmake/dwb_msgsConfig.cmake
[1.035s] -- Up-to-date: /home/agilex/agilex_ws/install/dwb_msgs/share/dwb_msgs/cmake/dwb_msgsConfig-version.cmake
[1.035s] -- Up-to-date: /home/agilex/agilex_ws/install/dwb_msgs/share/dwb_msgs/package.xml
[1.036s] Invoked command in '/home/agilex/agilex_ws/build/dwb_msgs' returned '0': AMENT_PREFIX_PATH=/home/agilex/agilex_ws/install/nav_2d_msgs:${AMENT_PREFIX_PATH} CMAKE_PREFIX_PATH=/home/agilex/agilex_ws/install/nav_2d_msgs:/opt/ros/humble LD_LIBRARY_PATH=/home/agilex/agilex_ws/install/nav_2d_msgs/lib:${LD_LIBRARY_PATH} PYTHONPATH=/home/agilex/agilex_ws/install/nav_2d_msgs/local/lib/python3.10/dist-packages:${PYTHONPATH} /usr/bin/cmake --install /home/agilex/agilex_ws/build/dwb_msgs
