[0.111s] Invoking command in '/home/agilex/agilex_ws/build/dwb_msgs': CMAKE_PREFIX_PATH=/home/agilex/agilex_ws/install/nav_2d_msgs:/home/agilex/agilex_ws/install/ydlidar_sdk:/home/agilex/agilex_ws/install/ydlidar_ros2_driver:/home/agilex/agilex_ws/install/teb_local_planner:/home/agilex/agilex_ws/install/teb_msgs:/home/agilex/agilex_ws/install/rf2o_laser_odometry:/home/agilex/agilex_ws/install/nav2_system_tests:/home/agilex/agilex_ws/install/nav2_bringup:/home/agilex/agilex_ws/install/navigation2:/home/agilex/agilex_ws/install/nav2_smoother:/home/agilex/agilex_ws/install/nav2_dwb_controller:/home/agilex/agilex_ws/install/limo_bringup:/home/agilex/agilex_ws/install/nav2_controller:/home/agilex/agilex_ws/install/dwb_plugins:/home/agilex/agilex_ws/install/dwb_critics:/home/agilex/agilex_ws/install/dwb_core:/home/agilex/agilex_ws/install/nav_2d_utils:/home/agilex/agilex_ws/install/dwb_msgs:/home/agilex/agilex_ws/install/nav2_waypoint_follower:/home/agilex/agilex_ws/install/nav2_theta_star_planner:/home/agilex/agilex_ws/install/nav2_smac_planner:/home/agilex/agilex_ws/install/nav2_rotation_shim_controller:/home/agilex/agilex_ws/install/nav2_regulated_pure_pursuit_controller:/home/agilex/agilex_ws/install/nav2_planner:/home/agilex/agilex_ws/install/nav2_navfn_planner:/home/agilex/agilex_ws/install/nav2_constrained_smoother:/home/agilex/agilex_ws/install/nav2_bt_navigator:/home/agilex/agilex_ws/install/nav2_behaviors:/home/agilex/agilex_ws/install/nav2_core:/home/agilex/agilex_ws/install/costmap_queue:/home/agilex/agilex_ws/install/costmap_converter:/home/agilex/agilex_ws/install/nav2_costmap_2d:/home/agilex/agilex_ws/install/nav2_voxel_grid:/home/agilex/agilex_ws/install/nav2_rviz_plugins:/home/agilex/agilex_ws/install/nav2_map_server:/home/agilex/agilex_ws/install/nav2_lifecycle_manager:/home/agilex/agilex_ws/install/nav2_behavior_tree:/home/agilex/agilex_ws/install/nav2_amcl:/home/agilex/agilex_ws/install/nav2_util:/home/agilex/agilex_ws/install/nav2_msgs:/home/agilex/agilex_ws/install/nav2_common:/home/agilex/agilex_ws/install/magic_enum:/home/agilex/agilex_ws/install/limo_visions:/home/agilex/agilex_ws/install/limo_base:/home/agilex/agilex_ws/install/limo_msgs:/home/agilex/agilex_ws/install/limo_description:/home/agilex/agilex_ws/install/limo_car:/home/agilex/agilex_ws/install/libuvc:/home/agilex/agilex_ws/install/glog:/home/agilex/agilex_ws/install/csm:/home/agilex/agilex_ws/install/costmap_converter_msgs:/home/agilex/agilex_ws/install/astra_camera:/home/agilex/agilex_ws/install/astra_camera_msgs:/home/agilex/agilex_ws/install/aruco_ros:/home/agilex/agilex_ws/install/aruco_msgs:/home/agilex/agilex_ws/install/aruco:/home/agilex/agilex_ws/install/yolov5_ros2:/home/agilex/agilex_ws/install/nav2_simple_commander:/opt/ros/humble LD_LIBRARY_PATH=/home/agilex/agilex_ws/install/nav_2d_msgs/lib:/home/agilex/agilex_ws/install/teb_local_planner/lib:/home/agilex/agilex_ws/install/teb_msgs/lib:/home/agilex/agilex_ws/install/nav2_smoother/lib:/home/agilex/agilex_ws/install/nav2_controller/lib:/home/agilex/agilex_ws/install/dwb_plugins/lib:/home/agilex/agilex_ws/install/dwb_critics/lib:/home/agilex/agilex_ws/install/dwb_core/lib:/home/agilex/agilex_ws/install/nav_2d_utils/lib:/home/agilex/agilex_ws/install/dwb_msgs/lib:/home/agilex/agilex_ws/install/nav2_waypoint_follower/lib:/home/agilex/agilex_ws/install/nav2_theta_star_planner/lib:/home/agilex/agilex_ws/install/nav2_smac_planner/lib:/home/agilex/agilex_ws/install/nav2_rotation_shim_controller/lib:/home/agilex/agilex_ws/install/nav2_regulated_pure_pursuit_controller/lib:/home/agilex/agilex_ws/install/nav2_planner/lib:/home/agilex/agilex_ws/install/nav2_navfn_planner/lib:/home/agilex/agilex_ws/install/nav2_constrained_smoother/lib:/home/agilex/agilex_ws/install/nav2_bt_navigator/lib:/home/agilex/agilex_ws/install/nav2_behaviors/lib:/home/agilex/agilex_ws/install/costmap_queue/lib:/home/agilex/agilex_ws/install/costmap_converter/lib:/home/agilex/agilex_ws/install/nav2_costmap_2d/lib:/home/agilex/agilex_ws/install/nav2_voxel_grid/lib:/home/agilex/agilex_ws/install/nav2_rviz_plugins/lib:/home/agilex/agilex_ws/install/nav2_map_server/lib:/home/agilex/agilex_ws/install/nav2_lifecycle_manager/lib:/home/agilex/agilex_ws/install/nav2_behavior_tree/lib:/home/agilex/agilex_ws/install/nav2_amcl/lib:/home/agilex/agilex_ws/install/nav2_util/lib:/home/agilex/agilex_ws/install/nav2_msgs/lib:/home/agilex/agilex_ws/install/limo_msgs/lib:/home/agilex/agilex_ws/install/libuvc/lib:/home/agilex/agilex_ws/install/glog/lib:/home/agilex/agilex_ws/install/csm/lib:/home/agilex/agilex_ws/install/costmap_converter_msgs/lib:/home/agilex/agilex_ws/install/astra_camera/lib:/home/agilex/agilex_ws/install/astra_camera_msgs/lib:/home/agilex/agilex_ws/install/aruco_ros/lib:/home/agilex/agilex_ws/install/aruco_msgs/lib:/home/agilex/agilex_ws/install/aruco/lib:/usr/lib/x86_64-linux-gnu/gazebo-11/plugins:/opt/ros/humble/opt/rviz_ogre_vendor/lib:/opt/ros/humble/lib/x86_64-linux-gnu:/opt/ros/humble/lib /usr/bin/cmake --build /home/agilex/agilex_ws/build/dwb_msgs -- -j8 -l8
[3.478s] -- Found builtin_interfaces: 1.2.1 (/opt/ros/humble/share/builtin_interfaces/cmake)
[3.478s] -- Found Python3: /usr/bin/python3.10 (found version "3.10.12") found components: Interpreter 
[3.479s] -- Found rosidl_generator_c: 3.1.5 (/opt/ros/humble/share/rosidl_generator_c/cmake)
[3.479s] -- Found rosidl_adapter: 3.1.5 (/opt/ros/humble/share/rosidl_adapter/cmake)
[3.479s] -- Found rosidl_generator_cpp: 3.1.5 (/opt/ros/humble/share/rosidl_generator_cpp/cmake)
[3.479s] -- Using all available rosidl_typesupport_c: rosidl_typesupport_fastrtps_c;rosidl_typesupport_introspection_c
[3.479s] -- Using all available rosidl_typesupport_cpp: rosidl_typesupport_fastrtps_cpp;rosidl_typesupport_introspection_cpp
[3.479s] -- Found geometry_msgs: 4.2.3 (/opt/ros/humble/share/geometry_msgs/cmake)
[3.479s] -- Found nav_2d_msgs: 1.1.0 (/home/agilex/agilex_ws/install/nav_2d_msgs/share/nav_2d_msgs/cmake)
[3.479s] -- Found nav_msgs: 4.2.3 (/opt/ros/humble/share/nav_msgs/cmake)
[3.479s] -- Found rosidl_default_generators: 1.2.0 (/opt/ros/humble/share/rosidl_default_generators/cmake)
[3.479s] -- Found ament_cmake_ros: 0.10.0 (/opt/ros/humble/share/ament_cmake_ros/cmake)
[3.479s] -- Using all available rosidl_typesupport_c: rosidl_typesupport_fastrtps_c;rosidl_typesupport_introspection_c
[3.479s] -- Using all available rosidl_typesupport_cpp: rosidl_typesupport_fastrtps_cpp;rosidl_typesupport_introspection_cpp
[3.480s] -- Found PythonInterp: /usr/bin/python3 (found suitable version "3.10.12", minimum required is "3.6") 
[3.480s] -- Found python_cmake_module: 0.10.0 (/opt/ros/humble/share/python_cmake_module/cmake)
[3.481s] -- Found PythonLibs: /usr/lib/x86_64-linux-gnu/libpython3.10.so (found suitable version "3.10.12", minimum required is "3.5") 
[3.481s] -- Using PYTHON_EXECUTABLE: /usr/bin/python3
[3.481s] -- Using PYTHON_INCLUDE_DIRS: /usr/include/python3.10
[3.481s] -- Using PYTHON_LIBRARIES: /usr/lib/x86_64-linux-gnu/libpython3.10.so
[3.481s] -- Configuring done
[3.481s] -- Generating done
[3.481s] -- Build files have been written to: /home/agilex/agilex_ws/build/dwb_msgs
[3.481s] [  1%] [34m[1mGenerating C++ code for ROS interfaces[0m
[3.889s] [  1%] Built target dwb_msgs__cpp
[3.929s] [  1%] Built target ament_cmake_python_copy_dwb_msgs
[3.942s] [  2%] [34m[1mGenerating C++ introspection for ROS interfaces[0m
[5.041s] [35m[1mConsolidate compiler generated dependencies of target dwb_msgs__rosidl_typesupport_introspection_cpp[0m
[5.064s] [  3%] [32mBuilding CXX object CMakeFiles/dwb_msgs__rosidl_typesupport_introspection_cpp.dir/rosidl_typesupport_introspection_cpp/dwb_msgs/msg/detail/critic_score__type_support.cpp.o[0m
[5.439s] [  4%] [32mBuilding CXX object CMakeFiles/dwb_msgs__rosidl_typesupport_introspection_cpp.dir/rosidl_typesupport_introspection_cpp/dwb_msgs/msg/detail/trajectory_score__type_support.cpp.o[0m
[5.865s] [  5%] [32mBuilding CXX object CMakeFiles/dwb_msgs__rosidl_typesupport_introspection_cpp.dir/rosidl_typesupport_introspection_cpp/dwb_msgs/srv/detail/debug_local_plan__type_support.cpp.o[0m
[6.278s] [  6%] [32mBuilding CXX object CMakeFiles/dwb_msgs__rosidl_typesupport_introspection_cpp.dir/rosidl_typesupport_introspection_cpp/dwb_msgs/srv/detail/generate_trajectory__type_support.cpp.o[0m
[6.668s] [  7%] [32mBuilding CXX object CMakeFiles/dwb_msgs__rosidl_typesupport_introspection_cpp.dir/rosidl_typesupport_introspection_cpp/dwb_msgs/srv/detail/generate_twists__type_support.cpp.o[0m
[7.085s] [  8%] [32mBuilding CXX object CMakeFiles/dwb_msgs__rosidl_typesupport_introspection_cpp.dir/rosidl_typesupport_introspection_cpp/dwb_msgs/srv/detail/get_critic_score__type_support.cpp.o[0m
[7.488s] [  9%] [32mBuilding CXX object CMakeFiles/dwb_msgs__rosidl_typesupport_introspection_cpp.dir/rosidl_typesupport_introspection_cpp/dwb_msgs/srv/detail/score_trajectory__type_support.cpp.o[0m
[7.905s] [ 10%] [32mBuilding CXX object CMakeFiles/dwb_msgs__rosidl_typesupport_introspection_cpp.dir/rosidl_typesupport_introspection_cpp/dwb_msgs/msg/detail/trajectory2_d__type_support.cpp.o[0m
[8.361s] [ 11%] [32mBuilding CXX object CMakeFiles/dwb_msgs__rosidl_typesupport_introspection_cpp.dir/rosidl_typesupport_introspection_cpp/dwb_msgs/msg/detail/local_plan_evaluation__type_support.cpp.o[0m
[8.908s] [ 12%] [32m[1mLinking CXX shared library libdwb_msgs__rosidl_typesupport_introspection_cpp.so[0m
[9.008s] [ 12%] Built target dwb_msgs__rosidl_typesupport_introspection_cpp
[9.300s] running egg_info
[9.301s] writing dwb_msgs.egg-info/PKG-INFO
[9.301s] writing dependency_links to dwb_msgs.egg-info/dependency_links.txt
[9.302s] writing top-level names to dwb_msgs.egg-info/top_level.txt
[9.304s] reading manifest file 'dwb_msgs.egg-info/SOURCES.txt'
[9.305s] writing manifest file 'dwb_msgs.egg-info/SOURCES.txt'
[9.340s] [ 12%] Built target ament_cmake_python_build_dwb_msgs_egg
[9.355s] [ 13%] [34m[1mGenerating C++ type support for eProsima Fast-RTPS[0m
[10.631s] [35m[1mConsolidate compiler generated dependencies of target dwb_msgs__rosidl_typesupport_fastrtps_cpp[0m
[10.662s] [ 14%] [32mBuilding CXX object CMakeFiles/dwb_msgs__rosidl_typesupport_fastrtps_cpp.dir/rosidl_typesupport_fastrtps_cpp/dwb_msgs/msg/detail/dds_fastrtps/critic_score__type_support.cpp.o[0m
[11.071s] [ 15%] [32mBuilding CXX object CMakeFiles/dwb_msgs__rosidl_typesupport_fastrtps_cpp.dir/rosidl_typesupport_fastrtps_cpp/dwb_msgs/srv/detail/dds_fastrtps/generate_trajectory__type_support.cpp.o[0m
[11.474s] [ 16%] [32mBuilding CXX object CMakeFiles/dwb_msgs__rosidl_typesupport_fastrtps_cpp.dir/rosidl_typesupport_fastrtps_cpp/dwb_msgs/srv/detail/dds_fastrtps/generate_twists__type_support.cpp.o[0m
[11.937s] [ 17%] [32mBuilding CXX object CMakeFiles/dwb_msgs__rosidl_typesupport_fastrtps_cpp.dir/rosidl_typesupport_fastrtps_cpp/dwb_msgs/srv/detail/dds_fastrtps/get_critic_score__type_support.cpp.o[0m
[12.359s] [ 18%] [32mBuilding CXX object CMakeFiles/dwb_msgs__rosidl_typesupport_fastrtps_cpp.dir/rosidl_typesupport_fastrtps_cpp/dwb_msgs/srv/detail/dds_fastrtps/score_trajectory__type_support.cpp.o[0m
[12.762s] [ 20%] [32mBuilding CXX object CMakeFiles/dwb_msgs__rosidl_typesupport_fastrtps_cpp.dir/rosidl_typesupport_fastrtps_cpp/dwb_msgs/srv/detail/dds_fastrtps/debug_local_plan__type_support.cpp.o[0m
[13.170s] [ 21%] [32mBuilding CXX object CMakeFiles/dwb_msgs__rosidl_typesupport_fastrtps_cpp.dir/rosidl_typesupport_fastrtps_cpp/dwb_msgs/msg/detail/dds_fastrtps/trajectory_score__type_support.cpp.o[0m
[13.601s] [ 22%] [32mBuilding CXX object CMakeFiles/dwb_msgs__rosidl_typesupport_fastrtps_cpp.dir/rosidl_typesupport_fastrtps_cpp/dwb_msgs/msg/detail/dds_fastrtps/trajectory2_d__type_support.cpp.o[0m
[14.084s] [ 23%] [32mBuilding CXX object CMakeFiles/dwb_msgs__rosidl_typesupport_fastrtps_cpp.dir/rosidl_typesupport_fastrtps_cpp/dwb_msgs/msg/detail/dds_fastrtps/local_plan_evaluation__type_support.cpp.o[0m
[14.564s] [ 24%] [32m[1mLinking CXX shared library libdwb_msgs__rosidl_typesupport_fastrtps_cpp.so[0m
[14.665s] [ 24%] Built target dwb_msgs__rosidl_typesupport_fastrtps_cpp
[14.678s] [ 25%] [34m[1mGenerating C++ type support dispatch for ROS interfaces[0m
[15.586s] [35m[1mConsolidate compiler generated dependencies of target dwb_msgs__rosidl_typesupport_cpp[0m
[15.610s] [ 26%] [32mBuilding CXX object CMakeFiles/dwb_msgs__rosidl_typesupport_cpp.dir/rosidl_typesupport_cpp/dwb_msgs/msg/critic_score__type_support.cpp.o[0m
[15.863s] [ 27%] [32mBuilding CXX object CMakeFiles/dwb_msgs__rosidl_typesupport_cpp.dir/rosidl_typesupport_cpp/dwb_msgs/srv/generate_twists__type_support.cpp.o[0m
[16.119s] [ 28%] [32mBuilding CXX object CMakeFiles/dwb_msgs__rosidl_typesupport_cpp.dir/rosidl_typesupport_cpp/dwb_msgs/srv/get_critic_score__type_support.cpp.o[0m
[16.382s] [ 29%] [32mBuilding CXX object CMakeFiles/dwb_msgs__rosidl_typesupport_cpp.dir/rosidl_typesupport_cpp/dwb_msgs/srv/score_trajectory__type_support.cpp.o[0m
[16.657s] [ 30%] [32mBuilding CXX object CMakeFiles/dwb_msgs__rosidl_typesupport_cpp.dir/rosidl_typesupport_cpp/dwb_msgs/srv/generate_trajectory__type_support.cpp.o[0m
[16.922s] [ 31%] [32mBuilding CXX object CMakeFiles/dwb_msgs__rosidl_typesupport_cpp.dir/rosidl_typesupport_cpp/dwb_msgs/srv/debug_local_plan__type_support.cpp.o[0m
[17.192s] [ 32%] [32mBuilding CXX object CMakeFiles/dwb_msgs__rosidl_typesupport_cpp.dir/rosidl_typesupport_cpp/dwb_msgs/msg/trajectory_score__type_support.cpp.o[0m
[17.459s] [ 33%] [32mBuilding CXX object CMakeFiles/dwb_msgs__rosidl_typesupport_cpp.dir/rosidl_typesupport_cpp/dwb_msgs/msg/trajectory2_d__type_support.cpp.o[0m
[17.737s] [ 34%] [32mBuilding CXX object CMakeFiles/dwb_msgs__rosidl_typesupport_cpp.dir/rosidl_typesupport_cpp/dwb_msgs/msg/local_plan_evaluation__type_support.cpp.o[0m
[17.997s] [ 35%] [32m[1mLinking CXX shared library libdwb_msgs__rosidl_typesupport_cpp.so[0m
[18.048s] [ 35%] Built target dwb_msgs__rosidl_typesupport_cpp
[18.061s] [ 36%] [34m[1mGenerating C code for ROS interfaces[0m
[19.748s] [35m[1mConsolidate compiler generated dependencies of target dwb_msgs__rosidl_generator_c[0m
[19.776s] [ 37%] [32mBuilding C object CMakeFiles/dwb_msgs__rosidl_generator_c.dir/rosidl_generator_c/dwb_msgs/msg/detail/critic_score__functions.c.o[0m
[19.829s] [ 38%] [32mBuilding C object CMakeFiles/dwb_msgs__rosidl_generator_c.dir/rosidl_generator_c/dwb_msgs/srv/detail/get_critic_score__functions.c.o[0m
[19.901s] [ 40%] [32mBuilding C object CMakeFiles/dwb_msgs__rosidl_generator_c.dir/rosidl_generator_c/dwb_msgs/srv/detail/score_trajectory__functions.c.o[0m
[19.970s] [ 41%] [32mBuilding C object CMakeFiles/dwb_msgs__rosidl_generator_c.dir/rosidl_generator_c/dwb_msgs/srv/detail/generate_twists__functions.c.o[0m
[20.041s] [ 42%] [32mBuilding C object CMakeFiles/dwb_msgs__rosidl_generator_c.dir/rosidl_generator_c/dwb_msgs/srv/detail/generate_trajectory__functions.c.o[0m
[20.120s] [ 43%] [32mBuilding C object CMakeFiles/dwb_msgs__rosidl_generator_c.dir/rosidl_generator_c/dwb_msgs/srv/detail/debug_local_plan__functions.c.o[0m
[20.187s] [ 44%] [32mBuilding C object CMakeFiles/dwb_msgs__rosidl_generator_c.dir/rosidl_generator_c/dwb_msgs/msg/detail/trajectory_score__functions.c.o[0m
[20.239s] [ 45%] [32mBuilding C object CMakeFiles/dwb_msgs__rosidl_generator_c.dir/rosidl_generator_c/dwb_msgs/msg/detail/trajectory2_d__functions.c.o[0m
[20.304s] [ 46%] [32mBuilding C object CMakeFiles/dwb_msgs__rosidl_generator_c.dir/rosidl_generator_c/dwb_msgs/msg/detail/local_plan_evaluation__functions.c.o[0m
[20.359s] [ 47%] [32m[1mLinking C shared library libdwb_msgs__rosidl_generator_c.so[0m
[20.412s] [ 47%] Built target dwb_msgs__rosidl_generator_c
[20.426s] [ 48%] [34m[1mGenerating C type support for eProsima Fast-RTPS[0m
[21.698s] [35m[1mConsolidate compiler generated dependencies of target dwb_msgs__rosidl_typesupport_fastrtps_c[0m
[21.723s] [ 49%] [32mBuilding CXX object CMakeFiles/dwb_msgs__rosidl_typesupport_fastrtps_c.dir/rosidl_typesupport_fastrtps_c/dwb_msgs/msg/detail/critic_score__type_support_c.cpp.o[0m
[22.050s] [ 50%] [32mBuilding CXX object CMakeFiles/dwb_msgs__rosidl_typesupport_fastrtps_c.dir/rosidl_typesupport_fastrtps_c/dwb_msgs/srv/detail/generate_trajectory__type_support_c.cpp.o[0m
[22.380s] [ 51%] [32mBuilding CXX object CMakeFiles/dwb_msgs__rosidl_typesupport_fastrtps_c.dir/rosidl_typesupport_fastrtps_c/dwb_msgs/srv/detail/generate_twists__type_support_c.cpp.o[0m
[22.381s] [ 52%] [32mBuilding CXX object CMakeFiles/dwb_msgs__rosidl_typesupport_fastrtps_c.dir/rosidl_typesupport_fastrtps_c/dwb_msgs/srv/detail/debug_local_plan__type_support_c.cpp.o[0m
[22.736s] [ 53%] [32mBuilding CXX object CMakeFiles/dwb_msgs__rosidl_typesupport_fastrtps_c.dir/rosidl_typesupport_fastrtps_c/dwb_msgs/srv/detail/get_critic_score__type_support_c.cpp.o[0m
[22.769s] [ 54%] [32mBuilding CXX object CMakeFiles/dwb_msgs__rosidl_typesupport_fastrtps_c.dir/rosidl_typesupport_fastrtps_c/dwb_msgs/srv/detail/score_trajectory__type_support_c.cpp.o[0m
[23.218s] [ 55%] [32mBuilding CXX object CMakeFiles/dwb_msgs__rosidl_typesupport_fastrtps_c.dir/rosidl_typesupport_fastrtps_c/dwb_msgs/msg/detail/trajectory_score__type_support_c.cpp.o[0m
[23.236s] [ 56%] [32mBuilding CXX object CMakeFiles/dwb_msgs__rosidl_typesupport_fastrtps_c.dir/rosidl_typesupport_fastrtps_c/dwb_msgs/msg/detail/trajectory2_d__type_support_c.cpp.o[0m
[23.678s] [ 57%] [32mBuilding CXX object CMakeFiles/dwb_msgs__rosidl_typesupport_fastrtps_c.dir/rosidl_typesupport_fastrtps_c/dwb_msgs/msg/detail/local_plan_evaluation__type_support_c.cpp.o[0m
[24.025s] [ 58%] [32m[1mLinking CXX shared library libdwb_msgs__rosidl_typesupport_fastrtps_c.so[0m
[24.210s] [ 58%] Built target dwb_msgs__rosidl_typesupport_fastrtps_c
[24.225s] [ 60%] [34m[1mGenerating C type support dispatch for ROS interfaces[0m
[24.258s] [ 61%] [34m[1mGenerating C introspection for ROS interfaces[0m
[25.386s] [35m[1mConsolidate compiler generated dependencies of target dwb_msgs__rosidl_typesupport_c[0m
[25.456s] [ 62%] [32mBuilding CXX object CMakeFiles/dwb_msgs__rosidl_typesupport_c.dir/rosidl_typesupport_c/dwb_msgs/msg/critic_score__type_support.cpp.o[0m
[25.471s] [ 63%] [32mBuilding CXX object CMakeFiles/dwb_msgs__rosidl_typesupport_c.dir/rosidl_typesupport_c/dwb_msgs/msg/local_plan_evaluation__type_support.cpp.o[0m
[25.540s] [ 64%] [32mBuilding CXX object CMakeFiles/dwb_msgs__rosidl_typesupport_c.dir/rosidl_typesupport_c/dwb_msgs/srv/generate_trajectory__type_support.cpp.o[0m
[25.579s] [ 65%] [32mBuilding CXX object CMakeFiles/dwb_msgs__rosidl_typesupport_c.dir/rosidl_typesupport_c/dwb_msgs/srv/get_critic_score__type_support.cpp.o[0m
[25.644s] [35m[1mConsolidate compiler generated dependencies of target dwb_msgs__rosidl_typesupport_introspection_c[0m
[25.656s] [ 66%] [32mBuilding CXX object CMakeFiles/dwb_msgs__rosidl_typesupport_c.dir/rosidl_typesupport_c/dwb_msgs/srv/score_trajectory__type_support.cpp.o[0m
[25.720s] [ 68%] [32mBuilding C object CMakeFiles/dwb_msgs__rosidl_typesupport_introspection_c.dir/rosidl_typesupport_introspection_c/dwb_msgs/msg/detail/critic_score__type_support.c.o[0m
[25.720s] [ 68%] [32mBuilding CXX object CMakeFiles/dwb_msgs__rosidl_typesupport_c.dir/rosidl_typesupport_c/dwb_msgs/srv/generate_twists__type_support.cpp.o[0m
[25.721s] [ 69%] [32mBuilding C object CMakeFiles/dwb_msgs__rosidl_typesupport_introspection_c.dir/rosidl_typesupport_introspection_c/dwb_msgs/msg/detail/local_plan_evaluation__type_support.c.o[0m
[25.721s] [ 70%] [32mBuilding CXX object CMakeFiles/dwb_msgs__rosidl_typesupport_c.dir/rosidl_typesupport_c/dwb_msgs/srv/debug_local_plan__type_support.cpp.o[0m
[25.778s] [ 71%] [32mBuilding CXX object CMakeFiles/dwb_msgs__rosidl_typesupport_c.dir/rosidl_typesupport_c/dwb_msgs/msg/trajectory_score__type_support.cpp.o[0m
[25.832s] [ 72%] [32mBuilding C object CMakeFiles/dwb_msgs__rosidl_typesupport_introspection_c.dir/rosidl_typesupport_introspection_c/dwb_msgs/srv/detail/debug_local_plan__type_support.c.o[0m
[25.842s] [ 73%] [32mBuilding C object CMakeFiles/dwb_msgs__rosidl_typesupport_introspection_c.dir/rosidl_typesupport_introspection_c/dwb_msgs/msg/detail/trajectory_score__type_support.c.o[0m
[25.845s] [ 74%] [32mBuilding CXX object CMakeFiles/dwb_msgs__rosidl_typesupport_c.dir/rosidl_typesupport_c/dwb_msgs/msg/trajectory2_d__type_support.cpp.o[0m
[25.905s] [ 75%] [32mBuilding C object CMakeFiles/dwb_msgs__rosidl_typesupport_introspection_c.dir/rosidl_typesupport_introspection_c/dwb_msgs/srv/detail/score_trajectory__type_support.c.o[0m
[25.940s] [ 77%] [32mBuilding C object CMakeFiles/dwb_msgs__rosidl_typesupport_introspection_c.dir/rosidl_typesupport_introspection_c/dwb_msgs/srv/detail/get_critic_score__type_support.c.o[0m
[25.941s] [ 77%] [32m[1mLinking CXX shared library libdwb_msgs__rosidl_typesupport_c.so[0m
[25.998s] [ 78%] [32mBuilding C object CMakeFiles/dwb_msgs__rosidl_typesupport_introspection_c.dir/rosidl_typesupport_introspection_c/dwb_msgs/srv/detail/generate_trajectory__type_support.c.o[0m
[25.998s] [ 80%] [32mBuilding C object CMakeFiles/dwb_msgs__rosidl_typesupport_introspection_c.dir/rosidl_typesupport_introspection_c/dwb_msgs/srv/detail/generate_twists__type_support.c.o[0m
[26.078s] [ 80%] Built target dwb_msgs__rosidl_typesupport_c
[26.107s] [ 81%] [32mBuilding C object CMakeFiles/dwb_msgs__rosidl_typesupport_introspection_c.dir/rosidl_typesupport_introspection_c/dwb_msgs/msg/detail/trajectory2_d__type_support.c.o[0m
[26.221s] [ 82%] [32m[1mLinking C shared library libdwb_msgs__rosidl_typesupport_introspection_c.so[0m
[26.366s] [ 82%] Built target dwb_msgs__rosidl_typesupport_introspection_c
[26.471s] [ 82%] Built target dwb_msgs
[26.584s] [ 83%] [34m[1mGenerating Python code for ROS interfaces[0m
[29.246s] [ 83%] Built target dwb_msgs__py
[29.264s] [35m[1mConsolidate compiler generated dependencies of target dwb_msgs__rosidl_generator_py[0m
[29.289s] [ 84%] [32mBuilding C object CMakeFiles/dwb_msgs__rosidl_generator_py.dir/rosidl_generator_py/dwb_msgs/msg/_critic_score_s.c.o[0m
[29.399s] [ 85%] [32mBuilding C object CMakeFiles/dwb_msgs__rosidl_generator_py.dir/rosidl_generator_py/dwb_msgs/srv/_get_critic_score_s.c.o[0m
[29.531s] [ 86%] [32mBuilding C object CMakeFiles/dwb_msgs__rosidl_generator_py.dir/rosidl_generator_py/dwb_msgs/srv/_score_trajectory_s.c.o[0m
[29.673s] [ 87%] [32mBuilding C object CMakeFiles/dwb_msgs__rosidl_generator_py.dir/rosidl_generator_py/dwb_msgs/srv/_generate_twists_s.c.o[0m
[29.793s] [ 88%] [32mBuilding C object CMakeFiles/dwb_msgs__rosidl_generator_py.dir/rosidl_generator_py/dwb_msgs/srv/_generate_trajectory_s.c.o[0m
[29.908s] [ 89%] [32mBuilding C object CMakeFiles/dwb_msgs__rosidl_generator_py.dir/rosidl_generator_py/dwb_msgs/srv/_debug_local_plan_s.c.o[0m
[30.020s] [ 90%] [32mBuilding C object CMakeFiles/dwb_msgs__rosidl_generator_py.dir/rosidl_generator_py/dwb_msgs/msg/_trajectory_score_s.c.o[0m
[30.143s] [ 91%] [32mBuilding C object CMakeFiles/dwb_msgs__rosidl_generator_py.dir/rosidl_generator_py/dwb_msgs/msg/_trajectory2_d_s.c.o[0m
[30.272s] [ 92%] [32mBuilding C object CMakeFiles/dwb_msgs__rosidl_generator_py.dir/rosidl_generator_py/dwb_msgs/msg/_local_plan_evaluation_s.c.o[0m
[30.379s] [ 93%] [32m[1mLinking C shared library rosidl_generator_py/dwb_msgs/libdwb_msgs__rosidl_generator_py.so[0m
[30.431s] [ 93%] Built target dwb_msgs__rosidl_generator_py
[30.449s] [35m[1mConsolidate compiler generated dependencies of target dwb_msgs__rosidl_typesupport_fastrtps_c__pyext[0m
[30.465s] [ 94%] [32mBuilding C object CMakeFiles/dwb_msgs__rosidl_typesupport_fastrtps_c__pyext.dir/rosidl_generator_py/dwb_msgs/_dwb_msgs_s.ep.rosidl_typesupport_fastrtps_c.c.o[0m
[30.612s] [ 95%] [32m[1mLinking C shared library rosidl_generator_py/dwb_msgs/dwb_msgs_s__rosidl_typesupport_fastrtps_c.cpython-310-x86_64-linux-gnu.so[0m
[30.665s] [ 95%] Built target dwb_msgs__rosidl_typesupport_fastrtps_c__pyext
[30.679s] [35m[1mConsolidate compiler generated dependencies of target dwb_msgs__rosidl_typesupport_c__pyext[0m
[30.695s] [ 96%] [32mBuilding C object CMakeFiles/dwb_msgs__rosidl_typesupport_c__pyext.dir/rosidl_generator_py/dwb_msgs/_dwb_msgs_s.ep.rosidl_typesupport_c.c.o[0m
[30.844s] [ 97%] [32m[1mLinking C shared library rosidl_generator_py/dwb_msgs/dwb_msgs_s__rosidl_typesupport_c.cpython-310-x86_64-linux-gnu.so[0m
[30.892s] [ 97%] Built target dwb_msgs__rosidl_typesupport_c__pyext
[30.905s] [35m[1mConsolidate compiler generated dependencies of target dwb_msgs__rosidl_typesupport_introspection_c__pyext[0m
[30.922s] [ 98%] [32mBuilding C object CMakeFiles/dwb_msgs__rosidl_typesupport_introspection_c__pyext.dir/rosidl_generator_py/dwb_msgs/_dwb_msgs_s.ep.rosidl_typesupport_introspection_c.c.o[0m
[31.071s] [100%] [32m[1mLinking C shared library rosidl_generator_py/dwb_msgs/dwb_msgs_s__rosidl_typesupport_introspection_c.cpython-310-x86_64-linux-gnu.so[0m
[31.120s] [100%] Built target dwb_msgs__rosidl_typesupport_introspection_c__pyext
[31.142s] Invoked command in '/home/agilex/agilex_ws/build/dwb_msgs' returned '0': CMAKE_PREFIX_PATH=/home/agilex/agilex_ws/install/nav_2d_msgs:/home/agilex/agilex_ws/install/ydlidar_sdk:/home/agilex/agilex_ws/install/ydlidar_ros2_driver:/home/agilex/agilex_ws/install/teb_local_planner:/home/agilex/agilex_ws/install/teb_msgs:/home/agilex/agilex_ws/install/rf2o_laser_odometry:/home/agilex/agilex_ws/install/nav2_system_tests:/home/agilex/agilex_ws/install/nav2_bringup:/home/agilex/agilex_ws/install/navigation2:/home/agilex/agilex_ws/install/nav2_smoother:/home/agilex/agilex_ws/install/nav2_dwb_controller:/home/agilex/agilex_ws/install/limo_bringup:/home/agilex/agilex_ws/install/nav2_controller:/home/agilex/agilex_ws/install/dwb_plugins:/home/agilex/agilex_ws/install/dwb_critics:/home/agilex/agilex_ws/install/dwb_core:/home/agilex/agilex_ws/install/nav_2d_utils:/home/agilex/agilex_ws/install/dwb_msgs:/home/agilex/agilex_ws/install/nav2_waypoint_follower:/home/agilex/agilex_ws/install/nav2_theta_star_planner:/home/agilex/agilex_ws/install/nav2_smac_planner:/home/agilex/agilex_ws/install/nav2_rotation_shim_controller:/home/agilex/agilex_ws/install/nav2_regulated_pure_pursuit_controller:/home/agilex/agilex_ws/install/nav2_planner:/home/agilex/agilex_ws/install/nav2_navfn_planner:/home/agilex/agilex_ws/install/nav2_constrained_smoother:/home/agilex/agilex_ws/install/nav2_bt_navigator:/home/agilex/agilex_ws/install/nav2_behaviors:/home/agilex/agilex_ws/install/nav2_core:/home/agilex/agilex_ws/install/costmap_queue:/home/agilex/agilex_ws/install/costmap_converter:/home/agilex/agilex_ws/install/nav2_costmap_2d:/home/agilex/agilex_ws/install/nav2_voxel_grid:/home/agilex/agilex_ws/install/nav2_rviz_plugins:/home/agilex/agilex_ws/install/nav2_map_server:/home/agilex/agilex_ws/install/nav2_lifecycle_manager:/home/agilex/agilex_ws/install/nav2_behavior_tree:/home/agilex/agilex_ws/install/nav2_amcl:/home/agilex/agilex_ws/install/nav2_util:/home/agilex/agilex_ws/install/nav2_msgs:/home/agilex/agilex_ws/install/nav2_common:/home/agilex/agilex_ws/install/magic_enum:/home/agilex/agilex_ws/install/limo_visions:/home/agilex/agilex_ws/install/limo_base:/home/agilex/agilex_ws/install/limo_msgs:/home/agilex/agilex_ws/install/limo_description:/home/agilex/agilex_ws/install/limo_car:/home/agilex/agilex_ws/install/libuvc:/home/agilex/agilex_ws/install/glog:/home/agilex/agilex_ws/install/csm:/home/agilex/agilex_ws/install/costmap_converter_msgs:/home/agilex/agilex_ws/install/astra_camera:/home/agilex/agilex_ws/install/astra_camera_msgs:/home/agilex/agilex_ws/install/aruco_ros:/home/agilex/agilex_ws/install/aruco_msgs:/home/agilex/agilex_ws/install/aruco:/home/agilex/agilex_ws/install/yolov5_ros2:/home/agilex/agilex_ws/install/nav2_simple_commander:/opt/ros/humble LD_LIBRARY_PATH=/home/agilex/agilex_ws/install/nav_2d_msgs/lib:/home/agilex/agilex_ws/install/teb_local_planner/lib:/home/agilex/agilex_ws/install/teb_msgs/lib:/home/agilex/agilex_ws/install/nav2_smoother/lib:/home/agilex/agilex_ws/install/nav2_controller/lib:/home/agilex/agilex_ws/install/dwb_plugins/lib:/home/agilex/agilex_ws/install/dwb_critics/lib:/home/agilex/agilex_ws/install/dwb_core/lib:/home/agilex/agilex_ws/install/nav_2d_utils/lib:/home/agilex/agilex_ws/install/dwb_msgs/lib:/home/agilex/agilex_ws/install/nav2_waypoint_follower/lib:/home/agilex/agilex_ws/install/nav2_theta_star_planner/lib:/home/agilex/agilex_ws/install/nav2_smac_planner/lib:/home/agilex/agilex_ws/install/nav2_rotation_shim_controller/lib:/home/agilex/agilex_ws/install/nav2_regulated_pure_pursuit_controller/lib:/home/agilex/agilex_ws/install/nav2_planner/lib:/home/agilex/agilex_ws/install/nav2_navfn_planner/lib:/home/agilex/agilex_ws/install/nav2_constrained_smoother/lib:/home/agilex/agilex_ws/install/nav2_bt_navigator/lib:/home/agilex/agilex_ws/install/nav2_behaviors/lib:/home/agilex/agilex_ws/install/costmap_queue/lib:/home/agilex/agilex_ws/install/costmap_converter/lib:/home/agilex/agilex_ws/install/nav2_costmap_2d/lib:/home/agilex/agilex_ws/install/nav2_voxel_grid/lib:/home/agilex/agilex_ws/install/nav2_rviz_plugins/lib:/home/agilex/agilex_ws/install/nav2_map_server/lib:/home/agilex/agilex_ws/install/nav2_lifecycle_manager/lib:/home/agilex/agilex_ws/install/nav2_behavior_tree/lib:/home/agilex/agilex_ws/install/nav2_amcl/lib:/home/agilex/agilex_ws/install/nav2_util/lib:/home/agilex/agilex_ws/install/nav2_msgs/lib:/home/agilex/agilex_ws/install/limo_msgs/lib:/home/agilex/agilex_ws/install/libuvc/lib:/home/agilex/agilex_ws/install/glog/lib:/home/agilex/agilex_ws/install/csm/lib:/home/agilex/agilex_ws/install/costmap_converter_msgs/lib:/home/agilex/agilex_ws/install/astra_camera/lib:/home/agilex/agilex_ws/install/astra_camera_msgs/lib:/home/agilex/agilex_ws/install/aruco_ros/lib:/home/agilex/agilex_ws/install/aruco_msgs/lib:/home/agilex/agilex_ws/install/aruco/lib:/usr/lib/x86_64-linux-gnu/gazebo-11/plugins:/opt/ros/humble/opt/rviz_ogre_vendor/lib:/opt/ros/humble/lib/x86_64-linux-gnu:/opt/ros/humble/lib /usr/bin/cmake --build /home/agilex/agilex_ws/build/dwb_msgs -- -j8 -l8
[31.515s] Invoking command in '/home/agilex/agilex_ws/build/dwb_msgs': CMAKE_PREFIX_PATH=/home/agilex/agilex_ws/install/nav_2d_msgs:/home/agilex/agilex_ws/install/ydlidar_sdk:/home/agilex/agilex_ws/install/ydlidar_ros2_driver:/home/agilex/agilex_ws/install/teb_local_planner:/home/agilex/agilex_ws/install/teb_msgs:/home/agilex/agilex_ws/install/rf2o_laser_odometry:/home/agilex/agilex_ws/install/nav2_system_tests:/home/agilex/agilex_ws/install/nav2_bringup:/home/agilex/agilex_ws/install/navigation2:/home/agilex/agilex_ws/install/nav2_smoother:/home/agilex/agilex_ws/install/nav2_dwb_controller:/home/agilex/agilex_ws/install/limo_bringup:/home/agilex/agilex_ws/install/nav2_controller:/home/agilex/agilex_ws/install/dwb_plugins:/home/agilex/agilex_ws/install/dwb_critics:/home/agilex/agilex_ws/install/dwb_core:/home/agilex/agilex_ws/install/nav_2d_utils:/home/agilex/agilex_ws/install/dwb_msgs:/home/agilex/agilex_ws/install/nav2_waypoint_follower:/home/agilex/agilex_ws/install/nav2_theta_star_planner:/home/agilex/agilex_ws/install/nav2_smac_planner:/home/agilex/agilex_ws/install/nav2_rotation_shim_controller:/home/agilex/agilex_ws/install/nav2_regulated_pure_pursuit_controller:/home/agilex/agilex_ws/install/nav2_planner:/home/agilex/agilex_ws/install/nav2_navfn_planner:/home/agilex/agilex_ws/install/nav2_constrained_smoother:/home/agilex/agilex_ws/install/nav2_bt_navigator:/home/agilex/agilex_ws/install/nav2_behaviors:/home/agilex/agilex_ws/install/nav2_core:/home/agilex/agilex_ws/install/costmap_queue:/home/agilex/agilex_ws/install/costmap_converter:/home/agilex/agilex_ws/install/nav2_costmap_2d:/home/agilex/agilex_ws/install/nav2_voxel_grid:/home/agilex/agilex_ws/install/nav2_rviz_plugins:/home/agilex/agilex_ws/install/nav2_map_server:/home/agilex/agilex_ws/install/nav2_lifecycle_manager:/home/agilex/agilex_ws/install/nav2_behavior_tree:/home/agilex/agilex_ws/install/nav2_amcl:/home/agilex/agilex_ws/install/nav2_util:/home/agilex/agilex_ws/install/nav2_msgs:/home/agilex/agilex_ws/install/nav2_common:/home/agilex/agilex_ws/install/magic_enum:/home/agilex/agilex_ws/install/limo_visions:/home/agilex/agilex_ws/install/limo_base:/home/agilex/agilex_ws/install/limo_msgs:/home/agilex/agilex_ws/install/limo_description:/home/agilex/agilex_ws/install/limo_car:/home/agilex/agilex_ws/install/libuvc:/home/agilex/agilex_ws/install/glog:/home/agilex/agilex_ws/install/csm:/home/agilex/agilex_ws/install/costmap_converter_msgs:/home/agilex/agilex_ws/install/astra_camera:/home/agilex/agilex_ws/install/astra_camera_msgs:/home/agilex/agilex_ws/install/aruco_ros:/home/agilex/agilex_ws/install/aruco_msgs:/home/agilex/agilex_ws/install/aruco:/home/agilex/agilex_ws/install/yolov5_ros2:/home/agilex/agilex_ws/install/nav2_simple_commander:/opt/ros/humble LD_LIBRARY_PATH=/home/agilex/agilex_ws/install/nav_2d_msgs/lib:/home/agilex/agilex_ws/install/teb_local_planner/lib:/home/agilex/agilex_ws/install/teb_msgs/lib:/home/agilex/agilex_ws/install/nav2_smoother/lib:/home/agilex/agilex_ws/install/nav2_controller/lib:/home/agilex/agilex_ws/install/dwb_plugins/lib:/home/agilex/agilex_ws/install/dwb_critics/lib:/home/agilex/agilex_ws/install/dwb_core/lib:/home/agilex/agilex_ws/install/nav_2d_utils/lib:/home/agilex/agilex_ws/install/dwb_msgs/lib:/home/agilex/agilex_ws/install/nav2_waypoint_follower/lib:/home/agilex/agilex_ws/install/nav2_theta_star_planner/lib:/home/agilex/agilex_ws/install/nav2_smac_planner/lib:/home/agilex/agilex_ws/install/nav2_rotation_shim_controller/lib:/home/agilex/agilex_ws/install/nav2_regulated_pure_pursuit_controller/lib:/home/agilex/agilex_ws/install/nav2_planner/lib:/home/agilex/agilex_ws/install/nav2_navfn_planner/lib:/home/agilex/agilex_ws/install/nav2_constrained_smoother/lib:/home/agilex/agilex_ws/install/nav2_bt_navigator/lib:/home/agilex/agilex_ws/install/nav2_behaviors/lib:/home/agilex/agilex_ws/install/costmap_queue/lib:/home/agilex/agilex_ws/install/costmap_converter/lib:/home/agilex/agilex_ws/install/nav2_costmap_2d/lib:/home/agilex/agilex_ws/install/nav2_voxel_grid/lib:/home/agilex/agilex_ws/install/nav2_rviz_plugins/lib:/home/agilex/agilex_ws/install/nav2_map_server/lib:/home/agilex/agilex_ws/install/nav2_lifecycle_manager/lib:/home/agilex/agilex_ws/install/nav2_behavior_tree/lib:/home/agilex/agilex_ws/install/nav2_amcl/lib:/home/agilex/agilex_ws/install/nav2_util/lib:/home/agilex/agilex_ws/install/nav2_msgs/lib:/home/agilex/agilex_ws/install/limo_msgs/lib:/home/agilex/agilex_ws/install/libuvc/lib:/home/agilex/agilex_ws/install/glog/lib:/home/agilex/agilex_ws/install/csm/lib:/home/agilex/agilex_ws/install/costmap_converter_msgs/lib:/home/agilex/agilex_ws/install/astra_camera/lib:/home/agilex/agilex_ws/install/astra_camera_msgs/lib:/home/agilex/agilex_ws/install/aruco_ros/lib:/home/agilex/agilex_ws/install/aruco_msgs/lib:/home/agilex/agilex_ws/install/aruco/lib:/usr/lib/x86_64-linux-gnu/gazebo-11/plugins:/opt/ros/humble/opt/rviz_ogre_vendor/lib:/opt/ros/humble/lib/x86_64-linux-gnu:/opt/ros/humble/lib /usr/bin/cmake --install /home/agilex/agilex_ws/build/dwb_msgs
[34.479s] -- Install configuration: ""
[34.479s] -- Up-to-date: /home/agilex/agilex_ws/install/dwb_msgs/share/ament_index/resource_index/rosidl_interfaces/dwb_msgs
[34.485s] -- Up-to-date: /home/agilex/agilex_ws/install/dwb_msgs/include/dwb_msgs/dwb_msgs
[34.485s] -- Up-to-date: /home/agilex/agilex_ws/install/dwb_msgs/include/dwb_msgs/dwb_msgs/msg
[34.485s] -- Up-to-date: /home/agilex/agilex_ws/install/dwb_msgs/include/dwb_msgs/dwb_msgs/msg/detail
[34.486s] -- Installing: /home/agilex/agilex_ws/install/dwb_msgs/include/dwb_msgs/dwb_msgs/msg/detail/critic_score__functions.c
[34.486s] -- Installing: /home/agilex/agilex_ws/install/dwb_msgs/include/dwb_msgs/dwb_msgs/msg/detail/local_plan_evaluation__functions.c
[34.486s] -- Installing: /home/agilex/agilex_ws/install/dwb_msgs/include/dwb_msgs/dwb_msgs/msg/detail/trajectory2_d__functions.c
[34.486s] -- Installing: /home/agilex/agilex_ws/install/dwb_msgs/include/dwb_msgs/dwb_msgs/msg/detail/trajectory_score__functions.c
[34.486s] -- Installing: /home/agilex/agilex_ws/install/dwb_msgs/include/dwb_msgs/dwb_msgs/msg/detail/critic_score__functions.h
[34.487s] -- Installing: /home/agilex/agilex_ws/install/dwb_msgs/include/dwb_msgs/dwb_msgs/msg/detail/critic_score__struct.h
[34.487s] -- Installing: /home/agilex/agilex_ws/install/dwb_msgs/include/dwb_msgs/dwb_msgs/msg/detail/critic_score__type_support.h
[34.487s] -- Installing: /home/agilex/agilex_ws/install/dwb_msgs/include/dwb_msgs/dwb_msgs/msg/detail/local_plan_evaluation__functions.h
[34.487s] -- Installing: /home/agilex/agilex_ws/install/dwb_msgs/include/dwb_msgs/dwb_msgs/msg/detail/local_plan_evaluation__struct.h
[34.490s] -- Installing: /home/agilex/agilex_ws/install/dwb_msgs/include/dwb_msgs/dwb_msgs/msg/detail/local_plan_evaluation__type_support.h
[34.490s] -- Installing: /home/agilex/agilex_ws/install/dwb_msgs/include/dwb_msgs/dwb_msgs/msg/detail/trajectory2_d__functions.h
[34.491s] -- Installing: /home/agilex/agilex_ws/install/dwb_msgs/include/dwb_msgs/dwb_msgs/msg/detail/trajectory2_d__struct.h
[34.491s] -- Installing: /home/agilex/agilex_ws/install/dwb_msgs/include/dwb_msgs/dwb_msgs/msg/detail/trajectory2_d__type_support.h
[34.492s] -- Installing: /home/agilex/agilex_ws/install/dwb_msgs/include/dwb_msgs/dwb_msgs/msg/detail/trajectory_score__functions.h
[34.492s] -- Installing: /home/agilex/agilex_ws/install/dwb_msgs/include/dwb_msgs/dwb_msgs/msg/detail/trajectory_score__struct.h
[34.492s] -- Installing: /home/agilex/agilex_ws/install/dwb_msgs/include/dwb_msgs/dwb_msgs/msg/detail/trajectory_score__type_support.h
[34.493s] -- Installing: /home/agilex/agilex_ws/install/dwb_msgs/include/dwb_msgs/dwb_msgs/msg/critic_score.h
[34.494s] -- Installing: /home/agilex/agilex_ws/install/dwb_msgs/include/dwb_msgs/dwb_msgs/msg/local_plan_evaluation.h
[34.494s] -- Up-to-date: /home/agilex/agilex_ws/install/dwb_msgs/include/dwb_msgs/dwb_msgs/msg/rosidl_generator_c__visibility_control.h
[34.495s] -- Installing: /home/agilex/agilex_ws/install/dwb_msgs/include/dwb_msgs/dwb_msgs/msg/trajectory2_d.h
[34.495s] -- Installing: /home/agilex/agilex_ws/install/dwb_msgs/include/dwb_msgs/dwb_msgs/msg/trajectory_score.h
[34.495s] -- Up-to-date: /home/agilex/agilex_ws/install/dwb_msgs/include/dwb_msgs/dwb_msgs/srv
[34.495s] -- Up-to-date: /home/agilex/agilex_ws/install/dwb_msgs/include/dwb_msgs/dwb_msgs/srv/detail
[34.495s] -- Installing: /home/agilex/agilex_ws/install/dwb_msgs/include/dwb_msgs/dwb_msgs/srv/detail/debug_local_plan__functions.c
[34.495s] -- Installing: /home/agilex/agilex_ws/install/dwb_msgs/include/dwb_msgs/dwb_msgs/srv/detail/generate_trajectory__functions.c
[34.496s] -- Installing: /home/agilex/agilex_ws/install/dwb_msgs/include/dwb_msgs/dwb_msgs/srv/detail/generate_twists__functions.c
[34.496s] -- Installing: /home/agilex/agilex_ws/install/dwb_msgs/include/dwb_msgs/dwb_msgs/srv/detail/get_critic_score__functions.c
[34.496s] -- Installing: /home/agilex/agilex_ws/install/dwb_msgs/include/dwb_msgs/dwb_msgs/srv/detail/score_trajectory__functions.c
[34.496s] -- Installing: /home/agilex/agilex_ws/install/dwb_msgs/include/dwb_msgs/dwb_msgs/srv/detail/debug_local_plan__functions.h
[34.496s] -- Installing: /home/agilex/agilex_ws/install/dwb_msgs/include/dwb_msgs/dwb_msgs/srv/detail/debug_local_plan__struct.h
[34.496s] -- Installing: /home/agilex/agilex_ws/install/dwb_msgs/include/dwb_msgs/dwb_msgs/srv/detail/debug_local_plan__type_support.h
[34.496s] -- Installing: /home/agilex/agilex_ws/install/dwb_msgs/include/dwb_msgs/dwb_msgs/srv/detail/generate_trajectory__functions.h
[34.496s] -- Installing: /home/agilex/agilex_ws/install/dwb_msgs/include/dwb_msgs/dwb_msgs/srv/detail/generate_trajectory__struct.h
[34.496s] -- Installing: /home/agilex/agilex_ws/install/dwb_msgs/include/dwb_msgs/dwb_msgs/srv/detail/generate_trajectory__type_support.h
[34.497s] -- Installing: /home/agilex/agilex_ws/install/dwb_msgs/include/dwb_msgs/dwb_msgs/srv/detail/generate_twists__functions.h
[34.497s] -- Installing: /home/agilex/agilex_ws/install/dwb_msgs/include/dwb_msgs/dwb_msgs/srv/detail/generate_twists__struct.h
[34.497s] -- Installing: /home/agilex/agilex_ws/install/dwb_msgs/include/dwb_msgs/dwb_msgs/srv/detail/generate_twists__type_support.h
[34.497s] -- Installing: /home/agilex/agilex_ws/install/dwb_msgs/include/dwb_msgs/dwb_msgs/srv/detail/get_critic_score__functions.h
[34.497s] -- Installing: /home/agilex/agilex_ws/install/dwb_msgs/include/dwb_msgs/dwb_msgs/srv/detail/get_critic_score__struct.h
[34.498s] -- Installing: /home/agilex/agilex_ws/install/dwb_msgs/include/dwb_msgs/dwb_msgs/srv/detail/get_critic_score__type_support.h
[34.498s] -- Installing: /home/agilex/agilex_ws/install/dwb_msgs/include/dwb_msgs/dwb_msgs/srv/detail/score_trajectory__functions.h
[34.498s] -- Installing: /home/agilex/agilex_ws/install/dwb_msgs/include/dwb_msgs/dwb_msgs/srv/detail/score_trajectory__struct.h
[34.498s] -- Installing: /home/agilex/agilex_ws/install/dwb_msgs/include/dwb_msgs/dwb_msgs/srv/detail/score_trajectory__type_support.h
[34.498s] -- Installing: /home/agilex/agilex_ws/install/dwb_msgs/include/dwb_msgs/dwb_msgs/srv/debug_local_plan.h
[34.498s] -- Installing: /home/agilex/agilex_ws/install/dwb_msgs/include/dwb_msgs/dwb_msgs/srv/generate_trajectory.h
[34.498s] -- Installing: /home/agilex/agilex_ws/install/dwb_msgs/include/dwb_msgs/dwb_msgs/srv/generate_twists.h
[34.499s] -- Installing: /home/agilex/agilex_ws/install/dwb_msgs/include/dwb_msgs/dwb_msgs/srv/get_critic_score.h
[34.499s] -- Installing: /home/agilex/agilex_ws/install/dwb_msgs/include/dwb_msgs/dwb_msgs/srv/score_trajectory.h
[34.499s] -- Up-to-date: /home/agilex/agilex_ws/install/dwb_msgs/share/dwb_msgs/environment/library_path.sh
[34.499s] -- Installing: /home/agilex/agilex_ws/install/dwb_msgs/share/dwb_msgs/environment/library_path.dsv
[34.500s] -- Installing: /home/agilex/agilex_ws/install/dwb_msgs/lib/libdwb_msgs__rosidl_generator_c.so
[34.500s] -- Set runtime path of "/home/agilex/agilex_ws/install/dwb_msgs/lib/libdwb_msgs__rosidl_generator_c.so" to ""
[34.500s] -- Up-to-date: /home/agilex/agilex_ws/install/dwb_msgs/include/dwb_msgs/dwb_msgs
[34.502s] -- Up-to-date: /home/agilex/agilex_ws/install/dwb_msgs/include/dwb_msgs/dwb_msgs/msg
[34.502s] -- Up-to-date: /home/agilex/agilex_ws/install/dwb_msgs/include/dwb_msgs/dwb_msgs/msg/detail
[34.505s] -- Installing: /home/agilex/agilex_ws/install/dwb_msgs/include/dwb_msgs/dwb_msgs/msg/detail/critic_score__rosidl_typesupport_fastrtps_c.h
[34.505s] -- Installing: /home/agilex/agilex_ws/install/dwb_msgs/include/dwb_msgs/dwb_msgs/msg/detail/local_plan_evaluation__rosidl_typesupport_fastrtps_c.h
[34.505s] -- Installing: /home/agilex/agilex_ws/install/dwb_msgs/include/dwb_msgs/dwb_msgs/msg/detail/trajectory2_d__rosidl_typesupport_fastrtps_c.h
[34.505s] -- Installing: /home/agilex/agilex_ws/install/dwb_msgs/include/dwb_msgs/dwb_msgs/msg/detail/trajectory_score__rosidl_typesupport_fastrtps_c.h
[34.505s] -- Up-to-date: /home/agilex/agilex_ws/install/dwb_msgs/include/dwb_msgs/dwb_msgs/msg/rosidl_typesupport_fastrtps_c__visibility_control.h
[34.505s] -- Up-to-date: /home/agilex/agilex_ws/install/dwb_msgs/include/dwb_msgs/dwb_msgs/srv
[34.505s] -- Up-to-date: /home/agilex/agilex_ws/install/dwb_msgs/include/dwb_msgs/dwb_msgs/srv/detail
[34.505s] -- Installing: /home/agilex/agilex_ws/install/dwb_msgs/include/dwb_msgs/dwb_msgs/srv/detail/debug_local_plan__rosidl_typesupport_fastrtps_c.h
[34.505s] -- Installing: /home/agilex/agilex_ws/install/dwb_msgs/include/dwb_msgs/dwb_msgs/srv/detail/generate_trajectory__rosidl_typesupport_fastrtps_c.h
[34.505s] -- Installing: /home/agilex/agilex_ws/install/dwb_msgs/include/dwb_msgs/dwb_msgs/srv/detail/generate_twists__rosidl_typesupport_fastrtps_c.h
[34.506s] -- Installing: /home/agilex/agilex_ws/install/dwb_msgs/include/dwb_msgs/dwb_msgs/srv/detail/get_critic_score__rosidl_typesupport_fastrtps_c.h
[34.506s] -- Installing: /home/agilex/agilex_ws/install/dwb_msgs/include/dwb_msgs/dwb_msgs/srv/detail/score_trajectory__rosidl_typesupport_fastrtps_c.h
[34.506s] -- Installing: /home/agilex/agilex_ws/install/dwb_msgs/lib/libdwb_msgs__rosidl_typesupport_fastrtps_c.so
[34.506s] -- Set runtime path of "/home/agilex/agilex_ws/install/dwb_msgs/lib/libdwb_msgs__rosidl_typesupport_fastrtps_c.so" to ""
[34.506s] -- Up-to-date: /home/agilex/agilex_ws/install/dwb_msgs/include/dwb_msgs/dwb_msgs
[34.506s] -- Up-to-date: /home/agilex/agilex_ws/install/dwb_msgs/include/dwb_msgs/dwb_msgs/msg
[34.506s] -- Installing: /home/agilex/agilex_ws/install/dwb_msgs/include/dwb_msgs/dwb_msgs/msg/critic_score.hpp
[34.506s] -- Up-to-date: /home/agilex/agilex_ws/install/dwb_msgs/include/dwb_msgs/dwb_msgs/msg/detail
[34.506s] -- Installing: /home/agilex/agilex_ws/install/dwb_msgs/include/dwb_msgs/dwb_msgs/msg/detail/critic_score__builder.hpp
[34.506s] -- Installing: /home/agilex/agilex_ws/install/dwb_msgs/include/dwb_msgs/dwb_msgs/msg/detail/critic_score__struct.hpp
[34.506s] -- Installing: /home/agilex/agilex_ws/install/dwb_msgs/include/dwb_msgs/dwb_msgs/msg/detail/critic_score__traits.hpp
[34.506s] -- Installing: /home/agilex/agilex_ws/install/dwb_msgs/include/dwb_msgs/dwb_msgs/msg/detail/local_plan_evaluation__builder.hpp
[34.507s] -- Installing: /home/agilex/agilex_ws/install/dwb_msgs/include/dwb_msgs/dwb_msgs/msg/detail/local_plan_evaluation__struct.hpp
[34.507s] -- Installing: /home/agilex/agilex_ws/install/dwb_msgs/include/dwb_msgs/dwb_msgs/msg/detail/local_plan_evaluation__traits.hpp
[34.507s] -- Installing: /home/agilex/agilex_ws/install/dwb_msgs/include/dwb_msgs/dwb_msgs/msg/detail/trajectory2_d__builder.hpp
[34.507s] -- Installing: /home/agilex/agilex_ws/install/dwb_msgs/include/dwb_msgs/dwb_msgs/msg/detail/trajectory2_d__struct.hpp
[34.507s] -- Installing: /home/agilex/agilex_ws/install/dwb_msgs/include/dwb_msgs/dwb_msgs/msg/detail/trajectory2_d__traits.hpp
[34.507s] -- Installing: /home/agilex/agilex_ws/install/dwb_msgs/include/dwb_msgs/dwb_msgs/msg/detail/trajectory_score__builder.hpp
[34.507s] -- Installing: /home/agilex/agilex_ws/install/dwb_msgs/include/dwb_msgs/dwb_msgs/msg/detail/trajectory_score__struct.hpp
[34.507s] -- Installing: /home/agilex/agilex_ws/install/dwb_msgs/include/dwb_msgs/dwb_msgs/msg/detail/trajectory_score__traits.hpp
[34.507s] -- Installing: /home/agilex/agilex_ws/install/dwb_msgs/include/dwb_msgs/dwb_msgs/msg/local_plan_evaluation.hpp
[34.507s] -- Installing: /home/agilex/agilex_ws/install/dwb_msgs/include/dwb_msgs/dwb_msgs/msg/trajectory2_d.hpp
[34.507s] -- Installing: /home/agilex/agilex_ws/install/dwb_msgs/include/dwb_msgs/dwb_msgs/msg/trajectory_score.hpp
[34.507s] -- Up-to-date: /home/agilex/agilex_ws/install/dwb_msgs/include/dwb_msgs/dwb_msgs/srv
[34.507s] -- Installing: /home/agilex/agilex_ws/install/dwb_msgs/include/dwb_msgs/dwb_msgs/srv/debug_local_plan.hpp
[34.507s] -- Up-to-date: /home/agilex/agilex_ws/install/dwb_msgs/include/dwb_msgs/dwb_msgs/srv/detail
[34.508s] -- Installing: /home/agilex/agilex_ws/install/dwb_msgs/include/dwb_msgs/dwb_msgs/srv/detail/debug_local_plan__builder.hpp
[34.514s] -- Installing: /home/agilex/agilex_ws/install/dwb_msgs/include/dwb_msgs/dwb_msgs/srv/detail/debug_local_plan__struct.hpp
[34.515s] -- Installing: /home/agilex/agilex_ws/install/dwb_msgs/include/dwb_msgs/dwb_msgs/srv/detail/debug_local_plan__traits.hpp
[34.515s] -- Installing: /home/agilex/agilex_ws/install/dwb_msgs/include/dwb_msgs/dwb_msgs/srv/detail/generate_trajectory__builder.hpp
[34.515s] -- Installing: /home/agilex/agilex_ws/install/dwb_msgs/include/dwb_msgs/dwb_msgs/srv/detail/generate_trajectory__struct.hpp
[34.515s] -- Installing: /home/agilex/agilex_ws/install/dwb_msgs/include/dwb_msgs/dwb_msgs/srv/detail/generate_trajectory__traits.hpp
[34.515s] -- Installing: /home/agilex/agilex_ws/install/dwb_msgs/include/dwb_msgs/dwb_msgs/srv/detail/generate_twists__builder.hpp
[34.515s] -- Installing: /home/agilex/agilex_ws/install/dwb_msgs/include/dwb_msgs/dwb_msgs/srv/detail/generate_twists__struct.hpp
[34.515s] -- Installing: /home/agilex/agilex_ws/install/dwb_msgs/include/dwb_msgs/dwb_msgs/srv/detail/generate_twists__traits.hpp
[34.515s] -- Installing: /home/agilex/agilex_ws/install/dwb_msgs/include/dwb_msgs/dwb_msgs/srv/detail/get_critic_score__builder.hpp
[34.515s] -- Installing: /home/agilex/agilex_ws/install/dwb_msgs/include/dwb_msgs/dwb_msgs/srv/detail/get_critic_score__struct.hpp
[34.515s] -- Installing: /home/agilex/agilex_ws/install/dwb_msgs/include/dwb_msgs/dwb_msgs/srv/detail/get_critic_score__traits.hpp
[34.515s] -- Installing: /home/agilex/agilex_ws/install/dwb_msgs/include/dwb_msgs/dwb_msgs/srv/detail/score_trajectory__builder.hpp
[34.515s] -- Installing: /home/agilex/agilex_ws/install/dwb_msgs/include/dwb_msgs/dwb_msgs/srv/detail/score_trajectory__struct.hpp
[34.516s] -- Installing: /home/agilex/agilex_ws/install/dwb_msgs/include/dwb_msgs/dwb_msgs/srv/detail/score_trajectory__traits.hpp
[34.516s] -- Installing: /home/agilex/agilex_ws/install/dwb_msgs/include/dwb_msgs/dwb_msgs/srv/generate_trajectory.hpp
[34.516s] -- Installing: /home/agilex/agilex_ws/install/dwb_msgs/include/dwb_msgs/dwb_msgs/srv/generate_twists.hpp
[34.516s] -- Installing: /home/agilex/agilex_ws/install/dwb_msgs/include/dwb_msgs/dwb_msgs/srv/get_critic_score.hpp
[34.516s] -- Installing: /home/agilex/agilex_ws/install/dwb_msgs/include/dwb_msgs/dwb_msgs/srv/score_trajectory.hpp
[34.516s] -- Up-to-date: /home/agilex/agilex_ws/install/dwb_msgs/include/dwb_msgs/dwb_msgs
[34.516s] -- Up-to-date: /home/agilex/agilex_ws/install/dwb_msgs/include/dwb_msgs/dwb_msgs/msg
[34.516s] -- Up-to-date: /home/agilex/agilex_ws/install/dwb_msgs/include/dwb_msgs/dwb_msgs/msg/detail
[34.516s] -- Installing: /home/agilex/agilex_ws/install/dwb_msgs/include/dwb_msgs/dwb_msgs/msg/detail/critic_score__rosidl_typesupport_fastrtps_cpp.hpp
[34.516s] -- Up-to-date: /home/agilex/agilex_ws/install/dwb_msgs/include/dwb_msgs/dwb_msgs/msg/detail/dds_fastrtps
[34.516s] -- Installing: /home/agilex/agilex_ws/install/dwb_msgs/include/dwb_msgs/dwb_msgs/msg/detail/local_plan_evaluation__rosidl_typesupport_fastrtps_cpp.hpp
[34.516s] -- Installing: /home/agilex/agilex_ws/install/dwb_msgs/include/dwb_msgs/dwb_msgs/msg/detail/trajectory2_d__rosidl_typesupport_fastrtps_cpp.hpp
[34.517s] -- Installing: /home/agilex/agilex_ws/install/dwb_msgs/include/dwb_msgs/dwb_msgs/msg/detail/trajectory_score__rosidl_typesupport_fastrtps_cpp.hpp
[34.517s] -- Up-to-date: /home/agilex/agilex_ws/install/dwb_msgs/include/dwb_msgs/dwb_msgs/msg/rosidl_typesupport_fastrtps_cpp__visibility_control.h
[34.517s] -- Up-to-date: /home/agilex/agilex_ws/install/dwb_msgs/include/dwb_msgs/dwb_msgs/srv
[34.517s] -- Up-to-date: /home/agilex/agilex_ws/install/dwb_msgs/include/dwb_msgs/dwb_msgs/srv/detail
[34.517s] -- Installing: /home/agilex/agilex_ws/install/dwb_msgs/include/dwb_msgs/dwb_msgs/srv/detail/debug_local_plan__rosidl_typesupport_fastrtps_cpp.hpp
[34.517s] -- Up-to-date: /home/agilex/agilex_ws/install/dwb_msgs/include/dwb_msgs/dwb_msgs/srv/detail/dds_fastrtps
[34.517s] -- Installing: /home/agilex/agilex_ws/install/dwb_msgs/include/dwb_msgs/dwb_msgs/srv/detail/generate_trajectory__rosidl_typesupport_fastrtps_cpp.hpp
[34.517s] -- Installing: /home/agilex/agilex_ws/install/dwb_msgs/include/dwb_msgs/dwb_msgs/srv/detail/generate_twists__rosidl_typesupport_fastrtps_cpp.hpp
[34.517s] -- Installing: /home/agilex/agilex_ws/install/dwb_msgs/include/dwb_msgs/dwb_msgs/srv/detail/get_critic_score__rosidl_typesupport_fastrtps_cpp.hpp
[34.517s] -- Installing: /home/agilex/agilex_ws/install/dwb_msgs/include/dwb_msgs/dwb_msgs/srv/detail/score_trajectory__rosidl_typesupport_fastrtps_cpp.hpp
[34.517s] -- Installing: /home/agilex/agilex_ws/install/dwb_msgs/lib/libdwb_msgs__rosidl_typesupport_fastrtps_cpp.so
[34.517s] -- Set runtime path of "/home/agilex/agilex_ws/install/dwb_msgs/lib/libdwb_msgs__rosidl_typesupport_fastrtps_cpp.so" to ""
[34.517s] -- Up-to-date: /home/agilex/agilex_ws/install/dwb_msgs/include/dwb_msgs/dwb_msgs
[34.518s] -- Up-to-date: /home/agilex/agilex_ws/install/dwb_msgs/include/dwb_msgs/dwb_msgs/msg
[34.518s] -- Up-to-date: /home/agilex/agilex_ws/install/dwb_msgs/include/dwb_msgs/dwb_msgs/msg/detail
[34.518s] -- Installing: /home/agilex/agilex_ws/install/dwb_msgs/include/dwb_msgs/dwb_msgs/msg/detail/critic_score__type_support.c
[34.518s] -- Installing: /home/agilex/agilex_ws/install/dwb_msgs/include/dwb_msgs/dwb_msgs/msg/detail/local_plan_evaluation__type_support.c
[34.518s] -- Installing: /home/agilex/agilex_ws/install/dwb_msgs/include/dwb_msgs/dwb_msgs/msg/detail/trajectory2_d__type_support.c
[34.518s] -- Installing: /home/agilex/agilex_ws/install/dwb_msgs/include/dwb_msgs/dwb_msgs/msg/detail/trajectory_score__type_support.c
[34.518s] -- Installing: /home/agilex/agilex_ws/install/dwb_msgs/include/dwb_msgs/dwb_msgs/msg/detail/critic_score__rosidl_typesupport_introspection_c.h
[34.519s] -- Installing: /home/agilex/agilex_ws/install/dwb_msgs/include/dwb_msgs/dwb_msgs/msg/detail/local_plan_evaluation__rosidl_typesupport_introspection_c.h
[34.519s] -- Installing: /home/agilex/agilex_ws/install/dwb_msgs/include/dwb_msgs/dwb_msgs/msg/detail/trajectory2_d__rosidl_typesupport_introspection_c.h
[34.519s] -- Installing: /home/agilex/agilex_ws/install/dwb_msgs/include/dwb_msgs/dwb_msgs/msg/detail/trajectory_score__rosidl_typesupport_introspection_c.h
[34.520s] -- Up-to-date: /home/agilex/agilex_ws/install/dwb_msgs/include/dwb_msgs/dwb_msgs/msg/rosidl_typesupport_introspection_c__visibility_control.h
[34.520s] -- Up-to-date: /home/agilex/agilex_ws/install/dwb_msgs/include/dwb_msgs/dwb_msgs/srv
[34.520s] -- Up-to-date: /home/agilex/agilex_ws/install/dwb_msgs/include/dwb_msgs/dwb_msgs/srv/detail
[34.520s] -- Installing: /home/agilex/agilex_ws/install/dwb_msgs/include/dwb_msgs/dwb_msgs/srv/detail/debug_local_plan__type_support.c
[34.520s] -- Installing: /home/agilex/agilex_ws/install/dwb_msgs/include/dwb_msgs/dwb_msgs/srv/detail/generate_trajectory__type_support.c
[34.520s] -- Installing: /home/agilex/agilex_ws/install/dwb_msgs/include/dwb_msgs/dwb_msgs/srv/detail/generate_twists__type_support.c
[34.520s] -- Installing: /home/agilex/agilex_ws/install/dwb_msgs/include/dwb_msgs/dwb_msgs/srv/detail/get_critic_score__type_support.c
[34.520s] -- Installing: /home/agilex/agilex_ws/install/dwb_msgs/include/dwb_msgs/dwb_msgs/srv/detail/score_trajectory__type_support.c
[34.521s] -- Installing: /home/agilex/agilex_ws/install/dwb_msgs/include/dwb_msgs/dwb_msgs/srv/detail/debug_local_plan__rosidl_typesupport_introspection_c.h
[34.521s] -- Installing: /home/agilex/agilex_ws/install/dwb_msgs/include/dwb_msgs/dwb_msgs/srv/detail/generate_trajectory__rosidl_typesupport_introspection_c.h
[34.522s] -- Installing: /home/agilex/agilex_ws/install/dwb_msgs/include/dwb_msgs/dwb_msgs/srv/detail/generate_twists__rosidl_typesupport_introspection_c.h
[34.522s] -- Installing: /home/agilex/agilex_ws/install/dwb_msgs/include/dwb_msgs/dwb_msgs/srv/detail/get_critic_score__rosidl_typesupport_introspection_c.h
[34.522s] -- Installing: /home/agilex/agilex_ws/install/dwb_msgs/include/dwb_msgs/dwb_msgs/srv/detail/score_trajectory__rosidl_typesupport_introspection_c.h
[34.524s] -- Installing: /home/agilex/agilex_ws/install/dwb_msgs/lib/libdwb_msgs__rosidl_typesupport_introspection_c.so
[34.524s] -- Set runtime path of "/home/agilex/agilex_ws/install/dwb_msgs/lib/libdwb_msgs__rosidl_typesupport_introspection_c.so" to ""
[34.524s] -- Installing: /home/agilex/agilex_ws/install/dwb_msgs/lib/libdwb_msgs__rosidl_typesupport_c.so
[34.525s] -- Set runtime path of "/home/agilex/agilex_ws/install/dwb_msgs/lib/libdwb_msgs__rosidl_typesupport_c.so" to ""
[34.525s] -- Up-to-date: /home/agilex/agilex_ws/install/dwb_msgs/include/dwb_msgs/dwb_msgs
[34.525s] -- Up-to-date: /home/agilex/agilex_ws/install/dwb_msgs/include/dwb_msgs/dwb_msgs/msg
[34.525s] -- Up-to-date: /home/agilex/agilex_ws/install/dwb_msgs/include/dwb_msgs/dwb_msgs/msg/detail
[34.525s] -- Installing: /home/agilex/agilex_ws/install/dwb_msgs/include/dwb_msgs/dwb_msgs/msg/detail/critic_score__rosidl_typesupport_introspection_cpp.hpp
[34.526s] -- Installing: /home/agilex/agilex_ws/install/dwb_msgs/include/dwb_msgs/dwb_msgs/msg/detail/local_plan_evaluation__rosidl_typesupport_introspection_cpp.hpp
[34.526s] -- Installing: /home/agilex/agilex_ws/install/dwb_msgs/include/dwb_msgs/dwb_msgs/msg/detail/trajectory2_d__rosidl_typesupport_introspection_cpp.hpp
[34.526s] -- Installing: /home/agilex/agilex_ws/install/dwb_msgs/include/dwb_msgs/dwb_msgs/msg/detail/trajectory_score__rosidl_typesupport_introspection_cpp.hpp
[34.526s] -- Installing: /home/agilex/agilex_ws/install/dwb_msgs/include/dwb_msgs/dwb_msgs/msg/detail/critic_score__type_support.cpp
[34.526s] -- Installing: /home/agilex/agilex_ws/install/dwb_msgs/include/dwb_msgs/dwb_msgs/msg/detail/local_plan_evaluation__type_support.cpp
[34.526s] -- Installing: /home/agilex/agilex_ws/install/dwb_msgs/include/dwb_msgs/dwb_msgs/msg/detail/trajectory2_d__type_support.cpp
[34.526s] -- Installing: /home/agilex/agilex_ws/install/dwb_msgs/include/dwb_msgs/dwb_msgs/msg/detail/trajectory_score__type_support.cpp
[34.527s] -- Up-to-date: /home/agilex/agilex_ws/install/dwb_msgs/include/dwb_msgs/dwb_msgs/srv
[34.527s] -- Up-to-date: /home/agilex/agilex_ws/install/dwb_msgs/include/dwb_msgs/dwb_msgs/srv/detail
[34.528s] -- Installing: /home/agilex/agilex_ws/install/dwb_msgs/include/dwb_msgs/dwb_msgs/srv/detail/debug_local_plan__rosidl_typesupport_introspection_cpp.hpp
[34.528s] -- Installing: /home/agilex/agilex_ws/install/dwb_msgs/include/dwb_msgs/dwb_msgs/srv/detail/generate_trajectory__rosidl_typesupport_introspection_cpp.hpp
[34.528s] -- Installing: /home/agilex/agilex_ws/install/dwb_msgs/include/dwb_msgs/dwb_msgs/srv/detail/generate_twists__rosidl_typesupport_introspection_cpp.hpp
[34.529s] -- Installing: /home/agilex/agilex_ws/install/dwb_msgs/include/dwb_msgs/dwb_msgs/srv/detail/get_critic_score__rosidl_typesupport_introspection_cpp.hpp
[34.529s] -- Installing: /home/agilex/agilex_ws/install/dwb_msgs/include/dwb_msgs/dwb_msgs/srv/detail/score_trajectory__rosidl_typesupport_introspection_cpp.hpp
[34.529s] -- Installing: /home/agilex/agilex_ws/install/dwb_msgs/include/dwb_msgs/dwb_msgs/srv/detail/debug_local_plan__type_support.cpp
[34.529s] -- Installing: /home/agilex/agilex_ws/install/dwb_msgs/include/dwb_msgs/dwb_msgs/srv/detail/generate_trajectory__type_support.cpp
[34.529s] -- Installing: /home/agilex/agilex_ws/install/dwb_msgs/include/dwb_msgs/dwb_msgs/srv/detail/generate_twists__type_support.cpp
[34.530s] -- Installing: /home/agilex/agilex_ws/install/dwb_msgs/include/dwb_msgs/dwb_msgs/srv/detail/get_critic_score__type_support.cpp
[34.530s] -- Installing: /home/agilex/agilex_ws/install/dwb_msgs/include/dwb_msgs/dwb_msgs/srv/detail/score_trajectory__type_support.cpp
[34.533s] -- Installing: /home/agilex/agilex_ws/install/dwb_msgs/lib/libdwb_msgs__rosidl_typesupport_introspection_cpp.so
[34.533s] -- Set runtime path of "/home/agilex/agilex_ws/install/dwb_msgs/lib/libdwb_msgs__rosidl_typesupport_introspection_cpp.so" to ""
[34.534s] -- Installing: /home/agilex/agilex_ws/install/dwb_msgs/lib/libdwb_msgs__rosidl_typesupport_cpp.so
[34.534s] -- Set runtime path of "/home/agilex/agilex_ws/install/dwb_msgs/lib/libdwb_msgs__rosidl_typesupport_cpp.so" to ""
[34.534s] -- Up-to-date: /home/agilex/agilex_ws/install/dwb_msgs/share/dwb_msgs/environment/pythonpath.sh
[34.534s] -- Installing: /home/agilex/agilex_ws/install/dwb_msgs/share/dwb_msgs/environment/pythonpath.dsv
[34.535s] -- Up-to-date: /home/agilex/agilex_ws/install/dwb_msgs/local/lib/python3.10/dist-packages/dwb_msgs-1.1.0-py3.10.egg-info
[34.535s] -- Installing: /home/agilex/agilex_ws/install/dwb_msgs/local/lib/python3.10/dist-packages/dwb_msgs-1.1.0-py3.10.egg-info/PKG-INFO
[34.535s] -- Installing: /home/agilex/agilex_ws/install/dwb_msgs/local/lib/python3.10/dist-packages/dwb_msgs-1.1.0-py3.10.egg-info/dependency_links.txt
[34.535s] -- Installing: /home/agilex/agilex_ws/install/dwb_msgs/local/lib/python3.10/dist-packages/dwb_msgs-1.1.0-py3.10.egg-info/top_level.txt
[34.535s] -- Installing: /home/agilex/agilex_ws/install/dwb_msgs/local/lib/python3.10/dist-packages/dwb_msgs-1.1.0-py3.10.egg-info/SOURCES.txt
[34.536s] -- Up-to-date: /home/agilex/agilex_ws/install/dwb_msgs/local/lib/python3.10/dist-packages/dwb_msgs
[34.536s] -- Up-to-date: /home/agilex/agilex_ws/install/dwb_msgs/local/lib/python3.10/dist-packages/dwb_msgs/msg
[34.537s] -- Installing: /home/agilex/agilex_ws/install/dwb_msgs/local/lib/python3.10/dist-packages/dwb_msgs/msg/_critic_score_s.c
[34.537s] -- Installing: /home/agilex/agilex_ws/install/dwb_msgs/local/lib/python3.10/dist-packages/dwb_msgs/msg/_local_plan_evaluation_s.c
[34.537s] -- Installing: /home/agilex/agilex_ws/install/dwb_msgs/local/lib/python3.10/dist-packages/dwb_msgs/msg/_trajectory2_d_s.c
[34.537s] -- Installing: /home/agilex/agilex_ws/install/dwb_msgs/local/lib/python3.10/dist-packages/dwb_msgs/msg/_trajectory_score_s.c
[34.538s] -- Installing: /home/agilex/agilex_ws/install/dwb_msgs/local/lib/python3.10/dist-packages/dwb_msgs/msg/__init__.py
[34.538s] -- Installing: /home/agilex/agilex_ws/install/dwb_msgs/local/lib/python3.10/dist-packages/dwb_msgs/msg/_critic_score.py
[34.538s] -- Installing: /home/agilex/agilex_ws/install/dwb_msgs/local/lib/python3.10/dist-packages/dwb_msgs/msg/_local_plan_evaluation.py
[34.539s] -- Installing: /home/agilex/agilex_ws/install/dwb_msgs/local/lib/python3.10/dist-packages/dwb_msgs/msg/_trajectory2_d.py
[34.539s] -- Installing: /home/agilex/agilex_ws/install/dwb_msgs/local/lib/python3.10/dist-packages/dwb_msgs/msg/_trajectory_score.py
[34.539s] -- Up-to-date: /home/agilex/agilex_ws/install/dwb_msgs/local/lib/python3.10/dist-packages/dwb_msgs/srv
[34.541s] -- Installing: /home/agilex/agilex_ws/install/dwb_msgs/local/lib/python3.10/dist-packages/dwb_msgs/srv/_debug_local_plan_s.c
[34.542s] -- Installing: /home/agilex/agilex_ws/install/dwb_msgs/local/lib/python3.10/dist-packages/dwb_msgs/srv/_generate_trajectory_s.c
[34.542s] -- Installing: /home/agilex/agilex_ws/install/dwb_msgs/local/lib/python3.10/dist-packages/dwb_msgs/srv/_generate_twists_s.c
[34.542s] -- Installing: /home/agilex/agilex_ws/install/dwb_msgs/local/lib/python3.10/dist-packages/dwb_msgs/srv/_get_critic_score_s.c
[34.543s] -- Installing: /home/agilex/agilex_ws/install/dwb_msgs/local/lib/python3.10/dist-packages/dwb_msgs/srv/_score_trajectory_s.c
[34.543s] -- Installing: /home/agilex/agilex_ws/install/dwb_msgs/local/lib/python3.10/dist-packages/dwb_msgs/srv/__init__.py
[34.543s] -- Installing: /home/agilex/agilex_ws/install/dwb_msgs/local/lib/python3.10/dist-packages/dwb_msgs/srv/_debug_local_plan.py
[34.543s] -- Installing: /home/agilex/agilex_ws/install/dwb_msgs/local/lib/python3.10/dist-packages/dwb_msgs/srv/_generate_trajectory.py
[34.544s] -- Installing: /home/agilex/agilex_ws/install/dwb_msgs/local/lib/python3.10/dist-packages/dwb_msgs/srv/_generate_twists.py
[34.544s] -- Installing: /home/agilex/agilex_ws/install/dwb_msgs/local/lib/python3.10/dist-packages/dwb_msgs/srv/_get_critic_score.py
[34.545s] -- Installing: /home/agilex/agilex_ws/install/dwb_msgs/local/lib/python3.10/dist-packages/dwb_msgs/srv/_score_trajectory.py
[34.545s] -- Installing: /home/agilex/agilex_ws/install/dwb_msgs/local/lib/python3.10/dist-packages/dwb_msgs/_dwb_msgs_s.ep.rosidl_typesupport_fastrtps_c.c
[34.546s] -- Installing: /home/agilex/agilex_ws/install/dwb_msgs/local/lib/python3.10/dist-packages/dwb_msgs/_dwb_msgs_s.ep.rosidl_typesupport_introspection_c.c
[34.546s] -- Installing: /home/agilex/agilex_ws/install/dwb_msgs/local/lib/python3.10/dist-packages/dwb_msgs/_dwb_msgs_s.ep.rosidl_typesupport_c.c
[34.547s] -- Installing: /home/agilex/agilex_ws/install/dwb_msgs/local/lib/python3.10/dist-packages/dwb_msgs/__init__.py
[34.547s] -- Installing: /home/agilex/agilex_ws/install/dwb_msgs/local/lib/python3.10/dist-packages/dwb_msgs/libdwb_msgs__rosidl_generator_py.so
[34.548s] -- Installing: /home/agilex/agilex_ws/install/dwb_msgs/local/lib/python3.10/dist-packages/dwb_msgs/dwb_msgs_s__rosidl_typesupport_fastrtps_c.cpython-310-x86_64-linux-gnu.so
[34.548s] -- Installing: /home/agilex/agilex_ws/install/dwb_msgs/local/lib/python3.10/dist-packages/dwb_msgs/dwb_msgs_s__rosidl_typesupport_c.cpython-310-x86_64-linux-gnu.so
[34.548s] -- Installing: /home/agilex/agilex_ws/install/dwb_msgs/local/lib/python3.10/dist-packages/dwb_msgs/dwb_msgs_s__rosidl_typesupport_introspection_c.cpython-310-x86_64-linux-gnu.so
[34.567s] Listing '/home/agilex/agilex_ws/install/dwb_msgs/local/lib/python3.10/dist-packages/dwb_msgs'...
[34.567s] Compiling '/home/agilex/agilex_ws/install/dwb_msgs/local/lib/python3.10/dist-packages/dwb_msgs/__init__.py'...
[34.567s] Listing '/home/agilex/agilex_ws/install/dwb_msgs/local/lib/python3.10/dist-packages/dwb_msgs/msg'...
[34.567s] Compiling '/home/agilex/agilex_ws/install/dwb_msgs/local/lib/python3.10/dist-packages/dwb_msgs/msg/__init__.py'...
[34.568s] Compiling '/home/agilex/agilex_ws/install/dwb_msgs/local/lib/python3.10/dist-packages/dwb_msgs/msg/_critic_score.py'...
[34.568s] Compiling '/home/agilex/agilex_ws/install/dwb_msgs/local/lib/python3.10/dist-packages/dwb_msgs/msg/_local_plan_evaluation.py'...
[34.568s] Compiling '/home/agilex/agilex_ws/install/dwb_msgs/local/lib/python3.10/dist-packages/dwb_msgs/msg/_trajectory2_d.py'...
[34.568s] Compiling '/home/agilex/agilex_ws/install/dwb_msgs/local/lib/python3.10/dist-packages/dwb_msgs/msg/_trajectory_score.py'...
[34.568s] Listing '/home/agilex/agilex_ws/install/dwb_msgs/local/lib/python3.10/dist-packages/dwb_msgs/srv'...
[34.569s] Compiling '/home/agilex/agilex_ws/install/dwb_msgs/local/lib/python3.10/dist-packages/dwb_msgs/srv/__init__.py'...
[34.569s] Compiling '/home/agilex/agilex_ws/install/dwb_msgs/local/lib/python3.10/dist-packages/dwb_msgs/srv/_debug_local_plan.py'...
[34.569s] Compiling '/home/agilex/agilex_ws/install/dwb_msgs/local/lib/python3.10/dist-packages/dwb_msgs/srv/_generate_trajectory.py'...
[34.569s] Compiling '/home/agilex/agilex_ws/install/dwb_msgs/local/lib/python3.10/dist-packages/dwb_msgs/srv/_generate_twists.py'...
[34.570s] Compiling '/home/agilex/agilex_ws/install/dwb_msgs/local/lib/python3.10/dist-packages/dwb_msgs/srv/_get_critic_score.py'...
[34.570s] Compiling '/home/agilex/agilex_ws/install/dwb_msgs/local/lib/python3.10/dist-packages/dwb_msgs/srv/_score_trajectory.py'...
[34.573s] -- Installing: /home/agilex/agilex_ws/install/dwb_msgs/local/lib/python3.10/dist-packages/dwb_msgs/dwb_msgs_s__rosidl_typesupport_fastrtps_c.cpython-310-x86_64-linux-gnu.so
[34.573s] -- Set runtime path of "/home/agilex/agilex_ws/install/dwb_msgs/local/lib/python3.10/dist-packages/dwb_msgs/dwb_msgs_s__rosidl_typesupport_fastrtps_c.cpython-310-x86_64-linux-gnu.so" to ""
[34.574s] -- Installing: /home/agilex/agilex_ws/install/dwb_msgs/local/lib/python3.10/dist-packages/dwb_msgs/dwb_msgs_s__rosidl_typesupport_introspection_c.cpython-310-x86_64-linux-gnu.so
[34.575s] -- Set runtime path of "/home/agilex/agilex_ws/install/dwb_msgs/local/lib/python3.10/dist-packages/dwb_msgs/dwb_msgs_s__rosidl_typesupport_introspection_c.cpython-310-x86_64-linux-gnu.so" to ""
[34.575s] -- Installing: /home/agilex/agilex_ws/install/dwb_msgs/local/lib/python3.10/dist-packages/dwb_msgs/dwb_msgs_s__rosidl_typesupport_c.cpython-310-x86_64-linux-gnu.so
[34.576s] -- Set runtime path of "/home/agilex/agilex_ws/install/dwb_msgs/local/lib/python3.10/dist-packages/dwb_msgs/dwb_msgs_s__rosidl_typesupport_c.cpython-310-x86_64-linux-gnu.so" to ""
[34.577s] -- Installing: /home/agilex/agilex_ws/install/dwb_msgs/lib/libdwb_msgs__rosidl_generator_py.so
[34.580s] -- Set runtime path of "/home/agilex/agilex_ws/install/dwb_msgs/lib/libdwb_msgs__rosidl_generator_py.so" to ""
[34.580s] -- Up-to-date: /home/agilex/agilex_ws/install/dwb_msgs/share/dwb_msgs/msg/CriticScore.idl
[34.580s] -- Up-to-date: /home/agilex/agilex_ws/install/dwb_msgs/share/dwb_msgs/msg/LocalPlanEvaluation.idl
[34.580s] -- Up-to-date: /home/agilex/agilex_ws/install/dwb_msgs/share/dwb_msgs/msg/Trajectory2D.idl
[34.580s] -- Up-to-date: /home/agilex/agilex_ws/install/dwb_msgs/share/dwb_msgs/msg/TrajectoryScore.idl
[34.580s] -- Up-to-date: /home/agilex/agilex_ws/install/dwb_msgs/share/dwb_msgs/srv/DebugLocalPlan.idl
[34.580s] -- Up-to-date: /home/agilex/agilex_ws/install/dwb_msgs/share/dwb_msgs/srv/GenerateTrajectory.idl
[34.580s] -- Up-to-date: /home/agilex/agilex_ws/install/dwb_msgs/share/dwb_msgs/srv/GenerateTwists.idl
[34.580s] -- Up-to-date: /home/agilex/agilex_ws/install/dwb_msgs/share/dwb_msgs/srv/GetCriticScore.idl
[34.580s] -- Up-to-date: /home/agilex/agilex_ws/install/dwb_msgs/share/dwb_msgs/srv/ScoreTrajectory.idl
[34.581s] -- Up-to-date: /home/agilex/agilex_ws/install/dwb_msgs/share/dwb_msgs/msg/CriticScore.msg
[34.581s] -- Up-to-date: /home/agilex/agilex_ws/install/dwb_msgs/share/dwb_msgs/msg/LocalPlanEvaluation.msg
[34.581s] -- Up-to-date: /home/agilex/agilex_ws/install/dwb_msgs/share/dwb_msgs/msg/Trajectory2D.msg
[34.581s] -- Up-to-date: /home/agilex/agilex_ws/install/dwb_msgs/share/dwb_msgs/msg/TrajectoryScore.msg
[34.581s] -- Up-to-date: /home/agilex/agilex_ws/install/dwb_msgs/share/dwb_msgs/srv/DebugLocalPlan.srv
[34.581s] -- Up-to-date: /home/agilex/agilex_ws/install/dwb_msgs/share/dwb_msgs/srv/DebugLocalPlan_Request.msg
[34.581s] -- Up-to-date: /home/agilex/agilex_ws/install/dwb_msgs/share/dwb_msgs/srv/DebugLocalPlan_Response.msg
[34.581s] -- Up-to-date: /home/agilex/agilex_ws/install/dwb_msgs/share/dwb_msgs/srv/GenerateTrajectory.srv
[34.581s] -- Up-to-date: /home/agilex/agilex_ws/install/dwb_msgs/share/dwb_msgs/srv/GenerateTrajectory_Request.msg
[34.581s] -- Up-to-date: /home/agilex/agilex_ws/install/dwb_msgs/share/dwb_msgs/srv/GenerateTrajectory_Response.msg
[34.582s] -- Up-to-date: /home/agilex/agilex_ws/install/dwb_msgs/share/dwb_msgs/srv/GenerateTwists.srv
[34.582s] -- Up-to-date: /home/agilex/agilex_ws/install/dwb_msgs/share/dwb_msgs/srv/GenerateTwists_Request.msg
[34.582s] -- Up-to-date: /home/agilex/agilex_ws/install/dwb_msgs/share/dwb_msgs/srv/GenerateTwists_Response.msg
[34.582s] -- Up-to-date: /home/agilex/agilex_ws/install/dwb_msgs/share/dwb_msgs/srv/GetCriticScore.srv
[34.582s] -- Up-to-date: /home/agilex/agilex_ws/install/dwb_msgs/share/dwb_msgs/srv/GetCriticScore_Request.msg
[34.582s] -- Up-to-date: /home/agilex/agilex_ws/install/dwb_msgs/share/dwb_msgs/srv/GetCriticScore_Response.msg
[34.582s] -- Up-to-date: /home/agilex/agilex_ws/install/dwb_msgs/share/dwb_msgs/srv/ScoreTrajectory.srv
[34.582s] -- Up-to-date: /home/agilex/agilex_ws/install/dwb_msgs/share/dwb_msgs/srv/ScoreTrajectory_Request.msg
[34.582s] -- Up-to-date: /home/agilex/agilex_ws/install/dwb_msgs/share/dwb_msgs/srv/ScoreTrajectory_Response.msg
[34.582s] -- Up-to-date: /home/agilex/agilex_ws/install/dwb_msgs/share/ament_index/resource_index/package_run_dependencies/dwb_msgs
[34.582s] -- Installing: /home/agilex/agilex_ws/install/dwb_msgs/share/ament_index/resource_index/parent_prefix_path/dwb_msgs
[34.582s] -- Installing: /home/agilex/agilex_ws/install/dwb_msgs/share/dwb_msgs/environment/ament_prefix_path.sh
[34.582s] -- Installing: /home/agilex/agilex_ws/install/dwb_msgs/share/dwb_msgs/environment/ament_prefix_path.dsv
[34.582s] -- Installing: /home/agilex/agilex_ws/install/dwb_msgs/share/dwb_msgs/environment/path.sh
[34.583s] -- Installing: /home/agilex/agilex_ws/install/dwb_msgs/share/dwb_msgs/environment/path.dsv
[34.583s] -- Up-to-date: /home/agilex/agilex_ws/install/dwb_msgs/share/dwb_msgs/local_setup.bash
[34.583s] -- Up-to-date: /home/agilex/agilex_ws/install/dwb_msgs/share/dwb_msgs/local_setup.sh
[34.583s] -- Up-to-date: /home/agilex/agilex_ws/install/dwb_msgs/share/dwb_msgs/local_setup.zsh
[34.583s] -- Installing: /home/agilex/agilex_ws/install/dwb_msgs/share/dwb_msgs/local_setup.dsv
[34.583s] -- Installing: /home/agilex/agilex_ws/install/dwb_msgs/share/dwb_msgs/package.dsv
[34.583s] -- Up-to-date: /home/agilex/agilex_ws/install/dwb_msgs/share/ament_index/resource_index/packages/dwb_msgs
[34.583s] -- Up-to-date: /home/agilex/agilex_ws/install/dwb_msgs/share/dwb_msgs/cmake/export_dwb_msgs__rosidl_generator_cExport.cmake
[34.583s] -- Up-to-date: /home/agilex/agilex_ws/install/dwb_msgs/share/dwb_msgs/cmake/export_dwb_msgs__rosidl_generator_cExport-noconfig.cmake
[34.583s] -- Up-to-date: /home/agilex/agilex_ws/install/dwb_msgs/share/dwb_msgs/cmake/export_dwb_msgs__rosidl_typesupport_fastrtps_cExport.cmake
[34.583s] -- Up-to-date: /home/agilex/agilex_ws/install/dwb_msgs/share/dwb_msgs/cmake/export_dwb_msgs__rosidl_typesupport_fastrtps_cExport-noconfig.cmake
[34.583s] -- Up-to-date: /home/agilex/agilex_ws/install/dwb_msgs/share/dwb_msgs/cmake/export_dwb_msgs__rosidl_generator_cppExport.cmake
[34.584s] -- Up-to-date: /home/agilex/agilex_ws/install/dwb_msgs/share/dwb_msgs/cmake/export_dwb_msgs__rosidl_typesupport_fastrtps_cppExport.cmake
[34.584s] -- Up-to-date: /home/agilex/agilex_ws/install/dwb_msgs/share/dwb_msgs/cmake/export_dwb_msgs__rosidl_typesupport_fastrtps_cppExport-noconfig.cmake
[34.584s] -- Up-to-date: /home/agilex/agilex_ws/install/dwb_msgs/share/dwb_msgs/cmake/dwb_msgs__rosidl_typesupport_introspection_cExport.cmake
[34.585s] -- Up-to-date: /home/agilex/agilex_ws/install/dwb_msgs/share/dwb_msgs/cmake/dwb_msgs__rosidl_typesupport_introspection_cExport-noconfig.cmake
[34.585s] -- Up-to-date: /home/agilex/agilex_ws/install/dwb_msgs/share/dwb_msgs/cmake/dwb_msgs__rosidl_typesupport_cExport.cmake
[34.585s] -- Up-to-date: /home/agilex/agilex_ws/install/dwb_msgs/share/dwb_msgs/cmake/dwb_msgs__rosidl_typesupport_cExport-noconfig.cmake
[34.586s] -- Up-to-date: /home/agilex/agilex_ws/install/dwb_msgs/share/dwb_msgs/cmake/dwb_msgs__rosidl_typesupport_introspection_cppExport.cmake
[34.586s] -- Up-to-date: /home/agilex/agilex_ws/install/dwb_msgs/share/dwb_msgs/cmake/dwb_msgs__rosidl_typesupport_introspection_cppExport-noconfig.cmake
[34.586s] -- Up-to-date: /home/agilex/agilex_ws/install/dwb_msgs/share/dwb_msgs/cmake/dwb_msgs__rosidl_typesupport_cppExport.cmake
[34.586s] -- Up-to-date: /home/agilex/agilex_ws/install/dwb_msgs/share/dwb_msgs/cmake/dwb_msgs__rosidl_typesupport_cppExport-noconfig.cmake
[34.586s] -- Up-to-date: /home/agilex/agilex_ws/install/dwb_msgs/share/dwb_msgs/cmake/export_dwb_msgs__rosidl_generator_pyExport.cmake
[34.587s] -- Up-to-date: /home/agilex/agilex_ws/install/dwb_msgs/share/dwb_msgs/cmake/export_dwb_msgs__rosidl_generator_pyExport-noconfig.cmake
[34.587s] -- Up-to-date: /home/agilex/agilex_ws/install/dwb_msgs/share/dwb_msgs/cmake/rosidl_cmake-extras.cmake
[34.587s] -- Up-to-date: /home/agilex/agilex_ws/install/dwb_msgs/share/dwb_msgs/cmake/ament_cmake_export_dependencies-extras.cmake
[34.587s] -- Up-to-date: /home/agilex/agilex_ws/install/dwb_msgs/share/dwb_msgs/cmake/ament_cmake_export_include_directories-extras.cmake
[34.587s] -- Up-to-date: /home/agilex/agilex_ws/install/dwb_msgs/share/dwb_msgs/cmake/ament_cmake_export_libraries-extras.cmake
[34.587s] -- Up-to-date: /home/agilex/agilex_ws/install/dwb_msgs/share/dwb_msgs/cmake/ament_cmake_export_targets-extras.cmake
[34.587s] -- Up-to-date: /home/agilex/agilex_ws/install/dwb_msgs/share/dwb_msgs/cmake/rosidl_cmake_export_typesupport_targets-extras.cmake
[34.587s] -- Up-to-date: /home/agilex/agilex_ws/install/dwb_msgs/share/dwb_msgs/cmake/rosidl_cmake_export_typesupport_libraries-extras.cmake
[34.587s] -- Up-to-date: /home/agilex/agilex_ws/install/dwb_msgs/share/dwb_msgs/cmake/dwb_msgsConfig.cmake
[34.587s] -- Up-to-date: /home/agilex/agilex_ws/install/dwb_msgs/share/dwb_msgs/cmake/dwb_msgsConfig-version.cmake
[34.587s] -- Up-to-date: /home/agilex/agilex_ws/install/dwb_msgs/share/dwb_msgs/package.xml
[34.621s] Invoked command in '/home/agilex/agilex_ws/build/dwb_msgs' returned '0': CMAKE_PREFIX_PATH=/home/agilex/agilex_ws/install/nav_2d_msgs:/home/agilex/agilex_ws/install/ydlidar_sdk:/home/agilex/agilex_ws/install/ydlidar_ros2_driver:/home/agilex/agilex_ws/install/teb_local_planner:/home/agilex/agilex_ws/install/teb_msgs:/home/agilex/agilex_ws/install/rf2o_laser_odometry:/home/agilex/agilex_ws/install/nav2_system_tests:/home/agilex/agilex_ws/install/nav2_bringup:/home/agilex/agilex_ws/install/navigation2:/home/agilex/agilex_ws/install/nav2_smoother:/home/agilex/agilex_ws/install/nav2_dwb_controller:/home/agilex/agilex_ws/install/limo_bringup:/home/agilex/agilex_ws/install/nav2_controller:/home/agilex/agilex_ws/install/dwb_plugins:/home/agilex/agilex_ws/install/dwb_critics:/home/agilex/agilex_ws/install/dwb_core:/home/agilex/agilex_ws/install/nav_2d_utils:/home/agilex/agilex_ws/install/dwb_msgs:/home/agilex/agilex_ws/install/nav2_waypoint_follower:/home/agilex/agilex_ws/install/nav2_theta_star_planner:/home/agilex/agilex_ws/install/nav2_smac_planner:/home/agilex/agilex_ws/install/nav2_rotation_shim_controller:/home/agilex/agilex_ws/install/nav2_regulated_pure_pursuit_controller:/home/agilex/agilex_ws/install/nav2_planner:/home/agilex/agilex_ws/install/nav2_navfn_planner:/home/agilex/agilex_ws/install/nav2_constrained_smoother:/home/agilex/agilex_ws/install/nav2_bt_navigator:/home/agilex/agilex_ws/install/nav2_behaviors:/home/agilex/agilex_ws/install/nav2_core:/home/agilex/agilex_ws/install/costmap_queue:/home/agilex/agilex_ws/install/costmap_converter:/home/agilex/agilex_ws/install/nav2_costmap_2d:/home/agilex/agilex_ws/install/nav2_voxel_grid:/home/agilex/agilex_ws/install/nav2_rviz_plugins:/home/agilex/agilex_ws/install/nav2_map_server:/home/agilex/agilex_ws/install/nav2_lifecycle_manager:/home/agilex/agilex_ws/install/nav2_behavior_tree:/home/agilex/agilex_ws/install/nav2_amcl:/home/agilex/agilex_ws/install/nav2_util:/home/agilex/agilex_ws/install/nav2_msgs:/home/agilex/agilex_ws/install/nav2_common:/home/agilex/agilex_ws/install/magic_enum:/home/agilex/agilex_ws/install/limo_visions:/home/agilex/agilex_ws/install/limo_base:/home/agilex/agilex_ws/install/limo_msgs:/home/agilex/agilex_ws/install/limo_description:/home/agilex/agilex_ws/install/limo_car:/home/agilex/agilex_ws/install/libuvc:/home/agilex/agilex_ws/install/glog:/home/agilex/agilex_ws/install/csm:/home/agilex/agilex_ws/install/costmap_converter_msgs:/home/agilex/agilex_ws/install/astra_camera:/home/agilex/agilex_ws/install/astra_camera_msgs:/home/agilex/agilex_ws/install/aruco_ros:/home/agilex/agilex_ws/install/aruco_msgs:/home/agilex/agilex_ws/install/aruco:/home/agilex/agilex_ws/install/yolov5_ros2:/home/agilex/agilex_ws/install/nav2_simple_commander:/opt/ros/humble LD_LIBRARY_PATH=/home/agilex/agilex_ws/install/nav_2d_msgs/lib:/home/agilex/agilex_ws/install/teb_local_planner/lib:/home/agilex/agilex_ws/install/teb_msgs/lib:/home/agilex/agilex_ws/install/nav2_smoother/lib:/home/agilex/agilex_ws/install/nav2_controller/lib:/home/agilex/agilex_ws/install/dwb_plugins/lib:/home/agilex/agilex_ws/install/dwb_critics/lib:/home/agilex/agilex_ws/install/dwb_core/lib:/home/agilex/agilex_ws/install/nav_2d_utils/lib:/home/agilex/agilex_ws/install/dwb_msgs/lib:/home/agilex/agilex_ws/install/nav2_waypoint_follower/lib:/home/agilex/agilex_ws/install/nav2_theta_star_planner/lib:/home/agilex/agilex_ws/install/nav2_smac_planner/lib:/home/agilex/agilex_ws/install/nav2_rotation_shim_controller/lib:/home/agilex/agilex_ws/install/nav2_regulated_pure_pursuit_controller/lib:/home/agilex/agilex_ws/install/nav2_planner/lib:/home/agilex/agilex_ws/install/nav2_navfn_planner/lib:/home/agilex/agilex_ws/install/nav2_constrained_smoother/lib:/home/agilex/agilex_ws/install/nav2_bt_navigator/lib:/home/agilex/agilex_ws/install/nav2_behaviors/lib:/home/agilex/agilex_ws/install/costmap_queue/lib:/home/agilex/agilex_ws/install/costmap_converter/lib:/home/agilex/agilex_ws/install/nav2_costmap_2d/lib:/home/agilex/agilex_ws/install/nav2_voxel_grid/lib:/home/agilex/agilex_ws/install/nav2_rviz_plugins/lib:/home/agilex/agilex_ws/install/nav2_map_server/lib:/home/agilex/agilex_ws/install/nav2_lifecycle_manager/lib:/home/agilex/agilex_ws/install/nav2_behavior_tree/lib:/home/agilex/agilex_ws/install/nav2_amcl/lib:/home/agilex/agilex_ws/install/nav2_util/lib:/home/agilex/agilex_ws/install/nav2_msgs/lib:/home/agilex/agilex_ws/install/limo_msgs/lib:/home/agilex/agilex_ws/install/libuvc/lib:/home/agilex/agilex_ws/install/glog/lib:/home/agilex/agilex_ws/install/csm/lib:/home/agilex/agilex_ws/install/costmap_converter_msgs/lib:/home/agilex/agilex_ws/install/astra_camera/lib:/home/agilex/agilex_ws/install/astra_camera_msgs/lib:/home/agilex/agilex_ws/install/aruco_ros/lib:/home/agilex/agilex_ws/install/aruco_msgs/lib:/home/agilex/agilex_ws/install/aruco/lib:/usr/lib/x86_64-linux-gnu/gazebo-11/plugins:/opt/ros/humble/opt/rviz_ogre_vendor/lib:/opt/ros/humble/lib/x86_64-linux-gnu:/opt/ros/humble/lib /usr/bin/cmake --install /home/agilex/agilex_ws/build/dwb_msgs
