[0.335s] Invoking command in '/home/agilex/agilex_ws/build/limo_base': AMENT_PREFIX_PATH=/home/agilex/agilex_ws/install/limo_msgs CMAKE_PREFIX_PATH=/home/agilex/agilex_ws/install/limo_msgs LD_LIBRARY_PATH=/home/agilex/agilex_ws/install/limo_msgs/lib PYTHONPATH=/home/agilex/agilex_ws/install/limo_msgs/local/lib/python3.10/dist-packages /usr/bin/cmake --build /home/agilex/agilex_ws/build/limo_base -- -j16 -l16
[0.685s] [ 16%] [32mBuilding CXX object CMakeFiles/limo_base.dir/src/serial_port.cpp.o[0m
[0.737s] [ 33%] [32mBuilding CXX object CMakeFiles/tf_pub.dir/src/tf_pub.cpp.o[0m
[3.164s] [ 50%] [32m[1mLinking CXX executable limo_base[0m
[6.684s] [ 83%] Built target limo_base
[18.005s] [100%] [32m[1mLinking CXX executable tf_pub[0m
[18.655s] [100%] Built target tf_pub
[18.784s] Invoked command in '/home/agilex/agilex_ws/build/limo_base' returned '0': AMENT_PREFIX_PATH=/home/agilex/agilex_ws/install/limo_msgs CMAKE_PREFIX_PATH=/home/agilex/agilex_ws/install/limo_msgs LD_LIBRARY_PATH=/home/agilex/agilex_ws/install/limo_msgs/lib PYTHONPATH=/home/agilex/agilex_ws/install/limo_msgs/local/lib/python3.10/dist-packages /usr/bin/cmake --build /home/agilex/agilex_ws/build/limo_base -- -j16 -l16
[18.875s] Invoking command in '/home/agilex/agilex_ws/build/limo_base': AMENT_PREFIX_PATH=/home/agilex/agilex_ws/install/limo_msgs CMAKE_PREFIX_PATH=/home/agilex/agilex_ws/install/limo_msgs LD_LIBRARY_PATH=/home/agilex/agilex_ws/install/limo_msgs/lib PYTHONPATH=/home/agilex/agilex_ws/install/limo_msgs/local/lib/python3.10/dist-packages /usr/bin/cmake --install /home/agilex/agilex_ws/build/limo_base
[18.894s] -- Install configuration: ""
[18.895s] -- Up-to-date: /home/agilex/agilex_ws/install/limo_base/include
[18.898s] -- Up-to-date: /home/agilex/agilex_ws/install/limo_base/include/limo_base
[18.898s] -- Up-to-date: /home/agilex/agilex_ws/install/limo_base/include/limo_base/serial_port.h
[18.898s] -- Up-to-date: /home/agilex/agilex_ws/install/limo_base/include/limo_base/limo_protocol.h
[18.898s] -- Up-to-date: /home/agilex/agilex_ws/install/limo_base/include/limo_base/limo_driver.h
[18.898s] -- Installing: /home/agilex/agilex_ws/install/limo_base/lib/limo_base/limo_base
[18.908s] -- Set runtime path of "/home/agilex/agilex_ws/install/limo_base/lib/limo_base/limo_base" to ""
[18.912s] -- Installing: /home/agilex/agilex_ws/install/limo_base/lib/limo_base/tf_pub
[18.912s] -- Set runtime path of "/home/agilex/agilex_ws/install/limo_base/lib/limo_base/tf_pub" to ""
[18.916s] -- Up-to-date: /home/agilex/agilex_ws/install/limo_base/share/limo_base//launch
[18.917s] -- Up-to-date: /home/agilex/agilex_ws/install/limo_base/share/limo_base//launch/open_ydlidar_launch.py
[18.917s] -- Installing: /home/agilex/agilex_ws/install/limo_base/share/limo_base//launch/limo_base.launch.py
[18.918s] -- Up-to-date: /home/agilex/agilex_ws/install/limo_base/share/limo_base//launch/start_limo.launch.py
[18.918s] -- Up-to-date: /home/agilex/agilex_ws/install/limo_base/share/limo_base//src
[18.918s] -- Up-to-date: /home/agilex/agilex_ws/install/limo_base/share/limo_base//src/tf_pub.cpp
[18.918s] -- Up-to-date: /home/agilex/agilex_ws/install/limo_base/share/limo_base//src/serial_port.cpp
[18.918s] -- Up-to-date: /home/agilex/agilex_ws/install/limo_base/share/limo_base//src/limo_driver.cpp
[18.919s] -- Up-to-date: /home/agilex/agilex_ws/install/limo_base/share/limo_base//src/limo_base_node.cpp
[18.924s] -- Up-to-date: /home/agilex/agilex_ws/install/limo_base/share/ament_index/resource_index/package_run_dependencies/limo_base
[18.926s] -- Up-to-date: /home/agilex/agilex_ws/install/limo_base/share/ament_index/resource_index/parent_prefix_path/limo_base
[18.926s] -- Up-to-date: /home/agilex/agilex_ws/install/limo_base/share/limo_base/environment/ament_prefix_path.sh
[18.926s] -- Up-to-date: /home/agilex/agilex_ws/install/limo_base/share/limo_base/environment/ament_prefix_path.dsv
[18.926s] -- Up-to-date: /home/agilex/agilex_ws/install/limo_base/share/limo_base/environment/path.sh
[18.926s] -- Up-to-date: /home/agilex/agilex_ws/install/limo_base/share/limo_base/environment/path.dsv
[18.926s] -- Up-to-date: /home/agilex/agilex_ws/install/limo_base/share/limo_base/local_setup.bash
[18.926s] -- Up-to-date: /home/agilex/agilex_ws/install/limo_base/share/limo_base/local_setup.sh
[18.926s] -- Up-to-date: /home/agilex/agilex_ws/install/limo_base/share/limo_base/local_setup.zsh
[18.926s] -- Up-to-date: /home/agilex/agilex_ws/install/limo_base/share/limo_base/local_setup.dsv
[18.927s] -- Installing: /home/agilex/agilex_ws/install/limo_base/share/limo_base/package.dsv
[18.930s] -- Up-to-date: /home/agilex/agilex_ws/install/limo_base/share/ament_index/resource_index/packages/limo_base
[18.931s] -- Up-to-date: /home/agilex/agilex_ws/install/limo_base/share/limo_base/cmake/ament_cmake_export_include_directories-extras.cmake
[18.931s] -- Up-to-date: /home/agilex/agilex_ws/install/limo_base/share/limo_base/cmake/limo_baseConfig.cmake
[18.931s] -- Up-to-date: /home/agilex/agilex_ws/install/limo_base/share/limo_base/cmake/limo_baseConfig-version.cmake
[18.931s] -- Up-to-date: /home/agilex/agilex_ws/install/limo_base/share/limo_base/package.xml
[18.939s] Invoked command in '/home/agilex/agilex_ws/build/limo_base' returned '0': AMENT_PREFIX_PATH=/home/agilex/agilex_ws/install/limo_msgs CMAKE_PREFIX_PATH=/home/agilex/agilex_ws/install/limo_msgs LD_LIBRARY_PATH=/home/agilex/agilex_ws/install/limo_msgs/lib PYTHONPATH=/home/agilex/agilex_ws/install/limo_msgs/local/lib/python3.10/dist-packages /usr/bin/cmake --install /home/agilex/agilex_ws/build/limo_base
