[0.089s] Invoking command in '/home/agilex/agilex_ws/build/teb_msgs': AMENT_PREFIX_PATH=/home/agilex/agilex_ws/install/costmap_converter_msgs:${AMENT_PREFIX_PATH} CMAKE_PREFIX_PATH=/home/agilex/agilex_ws/install/costmap_converter_msgs:/opt/ros/humble LD_LIBRARY_PATH=/home/agilex/agilex_ws/install/costmap_converter_msgs/lib:${LD_LIBRARY_PATH} PYTHONPATH=/home/agilex/agilex_ws/install/costmap_converter_msgs/local/lib/python3.10/dist-packages:${PYTHONPATH} /usr/bin/cmake --build /home/agilex/agilex_ws/build/teb_msgs -- -j8 -l8
[0.132s] [35m[1mConsolidate compiler generated dependencies of target teb_msgs__rosidl_generator_c[0m
[0.138s] [  2%] Built target teb_msgs__cpp
[0.138s] [ 12%] Built target teb_msgs__rosidl_generator_c
[0.146s] [35m[1mConsolidate compiler generated dependencies of target teb_msgs__rosidl_typesupport_introspection_cpp[0m
[0.155s] [35m[1mConsolidate compiler generated dependencies of target teb_msgs__rosidl_typesupport_introspection_c[0m
[0.159s] [ 12%] Built target ament_cmake_python_copy_teb_msgs
[0.159s] [35m[1mConsolidate compiler generated dependencies of target teb_msgs__rosidl_typesupport_fastrtps_cpp[0m
[0.159s] [35m[1mConsolidate compiler generated dependencies of target teb_msgs__rosidl_typesupport_cpp[0m
[0.173s] [35m[1mConsolidate compiler generated dependencies of target teb_msgs__rosidl_typesupport_fastrtps_c[0m
[0.173s] [35m[1mConsolidate compiler generated dependencies of target teb_msgs__rosidl_typesupport_c[0m
[0.173s] [ 23%] Built target teb_msgs__rosidl_typesupport_introspection_cpp
[0.174s] [ 34%] Built target teb_msgs__rosidl_typesupport_introspection_c
[0.176s] [ 44%] Built target teb_msgs__rosidl_typesupport_c
[0.181s] [ 55%] Built target teb_msgs__rosidl_typesupport_cpp
[0.181s] [ 65%] Built target teb_msgs__rosidl_typesupport_fastrtps_cpp
[0.183s] [ 76%] Built target teb_msgs__rosidl_typesupport_fastrtps_c
[0.203s] [ 76%] Built target teb_msgs
[0.228s] [ 78%] Built target teb_msgs__py
[0.243s] [35m[1mConsolidate compiler generated dependencies of target teb_msgs__rosidl_generator_py[0m
[0.278s] [ 87%] Built target teb_msgs__rosidl_generator_py
[0.293s] [35m[1mConsolidate compiler generated dependencies of target teb_msgs__rosidl_typesupport_c__pyext[0m
[0.294s] [35m[1mConsolidate compiler generated dependencies of target teb_msgs__rosidl_typesupport_fastrtps_c__pyext[0m
[0.295s] [ 91%] Built target teb_msgs__rosidl_typesupport_c__pyext
[0.300s] [ 95%] Built target teb_msgs__rosidl_typesupport_fastrtps_c__pyext
[0.305s] [35m[1mConsolidate compiler generated dependencies of target teb_msgs__rosidl_typesupport_introspection_c__pyext[0m
[0.321s] [100%] Built target teb_msgs__rosidl_typesupport_introspection_c__pyext
[0.442s] running egg_info
[0.443s] writing teb_msgs.egg-info/PKG-INFO
[0.443s] writing dependency_links to teb_msgs.egg-info/dependency_links.txt
[0.443s] writing top-level names to teb_msgs.egg-info/top_level.txt
[0.446s] reading manifest file 'teb_msgs.egg-info/SOURCES.txt'
[0.447s] writing manifest file 'teb_msgs.egg-info/SOURCES.txt'
[0.481s] [100%] Built target ament_cmake_python_build_teb_msgs_egg
[0.502s] Invoked command in '/home/agilex/agilex_ws/build/teb_msgs' returned '0': AMENT_PREFIX_PATH=/home/agilex/agilex_ws/install/costmap_converter_msgs:${AMENT_PREFIX_PATH} CMAKE_PREFIX_PATH=/home/agilex/agilex_ws/install/costmap_converter_msgs:/opt/ros/humble LD_LIBRARY_PATH=/home/agilex/agilex_ws/install/costmap_converter_msgs/lib:${LD_LIBRARY_PATH} PYTHONPATH=/home/agilex/agilex_ws/install/costmap_converter_msgs/local/lib/python3.10/dist-packages:${PYTHONPATH} /usr/bin/cmake --build /home/agilex/agilex_ws/build/teb_msgs -- -j8 -l8
[0.811s] Invoking command in '/home/agilex/agilex_ws/build/teb_msgs': AMENT_PREFIX_PATH=/home/agilex/agilex_ws/install/costmap_converter_msgs:${AMENT_PREFIX_PATH} CMAKE_PREFIX_PATH=/home/agilex/agilex_ws/install/costmap_converter_msgs:/opt/ros/humble LD_LIBRARY_PATH=/home/agilex/agilex_ws/install/costmap_converter_msgs/lib:${LD_LIBRARY_PATH} PYTHONPATH=/home/agilex/agilex_ws/install/costmap_converter_msgs/local/lib/python3.10/dist-packages:${PYTHONPATH} /usr/bin/cmake --install /home/agilex/agilex_ws/build/teb_msgs
[0.818s] -- Install configuration: ""
[0.819s] -- Up-to-date: /home/agilex/agilex_ws/install/teb_msgs/share/ament_index/resource_index/rosidl_interfaces/teb_msgs
[0.819s] -- Up-to-date: /home/agilex/agilex_ws/install/teb_msgs/include/teb_msgs/teb_msgs
[0.819s] -- Up-to-date: /home/agilex/agilex_ws/install/teb_msgs/include/teb_msgs/teb_msgs/msg
[0.819s] -- Up-to-date: /home/agilex/agilex_ws/install/teb_msgs/include/teb_msgs/teb_msgs/msg/rosidl_generator_c__visibility_control.h
[0.819s] -- Up-to-date: /home/agilex/agilex_ws/install/teb_msgs/include/teb_msgs/teb_msgs/msg/feedback_msg.h
[0.819s] -- Up-to-date: /home/agilex/agilex_ws/install/teb_msgs/include/teb_msgs/teb_msgs/msg/detail
[0.820s] -- Up-to-date: /home/agilex/agilex_ws/install/teb_msgs/include/teb_msgs/teb_msgs/msg/detail/feedback_msg__functions.c
[0.820s] -- Up-to-date: /home/agilex/agilex_ws/install/teb_msgs/include/teb_msgs/teb_msgs/msg/detail/feedback_msg__functions.h
[0.820s] -- Up-to-date: /home/agilex/agilex_ws/install/teb_msgs/include/teb_msgs/teb_msgs/msg/detail/feedback_msg__struct.h
[0.820s] -- Up-to-date: /home/agilex/agilex_ws/install/teb_msgs/include/teb_msgs/teb_msgs/msg/detail/feedback_msg__type_support.h
[0.820s] -- Up-to-date: /home/agilex/agilex_ws/install/teb_msgs/include/teb_msgs/teb_msgs/msg/detail/trajectory_msg__functions.c
[0.822s] -- Up-to-date: /home/agilex/agilex_ws/install/teb_msgs/include/teb_msgs/teb_msgs/msg/detail/trajectory_msg__functions.h
[0.822s] -- Up-to-date: /home/agilex/agilex_ws/install/teb_msgs/include/teb_msgs/teb_msgs/msg/detail/trajectory_msg__struct.h
[0.822s] -- Up-to-date: /home/agilex/agilex_ws/install/teb_msgs/include/teb_msgs/teb_msgs/msg/detail/trajectory_msg__type_support.h
[0.822s] -- Up-to-date: /home/agilex/agilex_ws/install/teb_msgs/include/teb_msgs/teb_msgs/msg/detail/trajectory_point_msg__functions.c
[0.822s] -- Up-to-date: /home/agilex/agilex_ws/install/teb_msgs/include/teb_msgs/teb_msgs/msg/detail/trajectory_point_msg__functions.h
[0.823s] -- Up-to-date: /home/agilex/agilex_ws/install/teb_msgs/include/teb_msgs/teb_msgs/msg/detail/trajectory_point_msg__struct.h
[0.823s] -- Up-to-date: /home/agilex/agilex_ws/install/teb_msgs/include/teb_msgs/teb_msgs/msg/detail/trajectory_point_msg__type_support.h
[0.823s] -- Up-to-date: /home/agilex/agilex_ws/install/teb_msgs/include/teb_msgs/teb_msgs/msg/trajectory_msg.h
[0.823s] -- Up-to-date: /home/agilex/agilex_ws/install/teb_msgs/include/teb_msgs/teb_msgs/msg/trajectory_point_msg.h
[0.823s] -- Up-to-date: /home/agilex/agilex_ws/install/teb_msgs/share/teb_msgs/environment/library_path.sh
[0.824s] -- Up-to-date: /home/agilex/agilex_ws/install/teb_msgs/share/teb_msgs/environment/library_path.dsv
[0.826s] -- Up-to-date: /home/agilex/agilex_ws/install/teb_msgs/lib/libteb_msgs__rosidl_generator_c.so
[0.827s] -- Up-to-date: /home/agilex/agilex_ws/install/teb_msgs/include/teb_msgs/teb_msgs
[0.827s] -- Up-to-date: /home/agilex/agilex_ws/install/teb_msgs/include/teb_msgs/teb_msgs/msg
[0.827s] -- Up-to-date: /home/agilex/agilex_ws/install/teb_msgs/include/teb_msgs/teb_msgs/msg/rosidl_typesupport_fastrtps_c__visibility_control.h
[0.827s] -- Up-to-date: /home/agilex/agilex_ws/install/teb_msgs/include/teb_msgs/teb_msgs/msg/detail
[0.828s] -- Up-to-date: /home/agilex/agilex_ws/install/teb_msgs/include/teb_msgs/teb_msgs/msg/detail/feedback_msg__rosidl_typesupport_fastrtps_c.h
[0.828s] -- Up-to-date: /home/agilex/agilex_ws/install/teb_msgs/include/teb_msgs/teb_msgs/msg/detail/trajectory_msg__rosidl_typesupport_fastrtps_c.h
[0.828s] -- Up-to-date: /home/agilex/agilex_ws/install/teb_msgs/include/teb_msgs/teb_msgs/msg/detail/trajectory_point_msg__rosidl_typesupport_fastrtps_c.h
[0.828s] -- Up-to-date: /home/agilex/agilex_ws/install/teb_msgs/lib/libteb_msgs__rosidl_typesupport_fastrtps_c.so
[0.828s] -- Up-to-date: /home/agilex/agilex_ws/install/teb_msgs/include/teb_msgs/teb_msgs
[0.829s] -- Up-to-date: /home/agilex/agilex_ws/install/teb_msgs/include/teb_msgs/teb_msgs/msg
[0.830s] -- Up-to-date: /home/agilex/agilex_ws/install/teb_msgs/include/teb_msgs/teb_msgs/msg/feedback_msg.hpp
[0.831s] -- Up-to-date: /home/agilex/agilex_ws/install/teb_msgs/include/teb_msgs/teb_msgs/msg/detail
[0.831s] -- Up-to-date: /home/agilex/agilex_ws/install/teb_msgs/include/teb_msgs/teb_msgs/msg/detail/feedback_msg__builder.hpp
[0.831s] -- Up-to-date: /home/agilex/agilex_ws/install/teb_msgs/include/teb_msgs/teb_msgs/msg/detail/feedback_msg__struct.hpp
[0.831s] -- Up-to-date: /home/agilex/agilex_ws/install/teb_msgs/include/teb_msgs/teb_msgs/msg/detail/feedback_msg__traits.hpp
[0.831s] -- Up-to-date: /home/agilex/agilex_ws/install/teb_msgs/include/teb_msgs/teb_msgs/msg/detail/trajectory_msg__builder.hpp
[0.831s] -- Up-to-date: /home/agilex/agilex_ws/install/teb_msgs/include/teb_msgs/teb_msgs/msg/detail/trajectory_msg__struct.hpp
[0.832s] -- Up-to-date: /home/agilex/agilex_ws/install/teb_msgs/include/teb_msgs/teb_msgs/msg/detail/trajectory_msg__traits.hpp
[0.832s] -- Up-to-date: /home/agilex/agilex_ws/install/teb_msgs/include/teb_msgs/teb_msgs/msg/detail/trajectory_point_msg__builder.hpp
[0.832s] -- Up-to-date: /home/agilex/agilex_ws/install/teb_msgs/include/teb_msgs/teb_msgs/msg/detail/trajectory_point_msg__struct.hpp
[0.832s] -- Up-to-date: /home/agilex/agilex_ws/install/teb_msgs/include/teb_msgs/teb_msgs/msg/detail/trajectory_point_msg__traits.hpp
[0.832s] -- Up-to-date: /home/agilex/agilex_ws/install/teb_msgs/include/teb_msgs/teb_msgs/msg/trajectory_msg.hpp
[0.832s] -- Up-to-date: /home/agilex/agilex_ws/install/teb_msgs/include/teb_msgs/teb_msgs/msg/trajectory_point_msg.hpp
[0.833s] -- Up-to-date: /home/agilex/agilex_ws/install/teb_msgs/include/teb_msgs/teb_msgs
[0.833s] -- Up-to-date: /home/agilex/agilex_ws/install/teb_msgs/include/teb_msgs/teb_msgs/msg
[0.833s] -- Up-to-date: /home/agilex/agilex_ws/install/teb_msgs/include/teb_msgs/teb_msgs/msg/rosidl_typesupport_fastrtps_cpp__visibility_control.h
[0.833s] -- Up-to-date: /home/agilex/agilex_ws/install/teb_msgs/include/teb_msgs/teb_msgs/msg/detail
[0.833s] -- Up-to-date: /home/agilex/agilex_ws/install/teb_msgs/include/teb_msgs/teb_msgs/msg/detail/feedback_msg__rosidl_typesupport_fastrtps_cpp.hpp
[0.833s] -- Up-to-date: /home/agilex/agilex_ws/install/teb_msgs/include/teb_msgs/teb_msgs/msg/detail/dds_fastrtps
[0.833s] -- Up-to-date: /home/agilex/agilex_ws/install/teb_msgs/include/teb_msgs/teb_msgs/msg/detail/trajectory_msg__rosidl_typesupport_fastrtps_cpp.hpp
[0.833s] -- Up-to-date: /home/agilex/agilex_ws/install/teb_msgs/include/teb_msgs/teb_msgs/msg/detail/trajectory_point_msg__rosidl_typesupport_fastrtps_cpp.hpp
[0.833s] -- Up-to-date: /home/agilex/agilex_ws/install/teb_msgs/lib/libteb_msgs__rosidl_typesupport_fastrtps_cpp.so
[0.833s] -- Up-to-date: /home/agilex/agilex_ws/install/teb_msgs/include/teb_msgs/teb_msgs
[0.833s] -- Up-to-date: /home/agilex/agilex_ws/install/teb_msgs/include/teb_msgs/teb_msgs/msg
[0.833s] -- Up-to-date: /home/agilex/agilex_ws/install/teb_msgs/include/teb_msgs/teb_msgs/msg/rosidl_typesupport_introspection_c__visibility_control.h
[0.833s] -- Up-to-date: /home/agilex/agilex_ws/install/teb_msgs/include/teb_msgs/teb_msgs/msg/detail
[0.833s] -- Up-to-date: /home/agilex/agilex_ws/install/teb_msgs/include/teb_msgs/teb_msgs/msg/detail/feedback_msg__rosidl_typesupport_introspection_c.h
[0.833s] -- Up-to-date: /home/agilex/agilex_ws/install/teb_msgs/include/teb_msgs/teb_msgs/msg/detail/feedback_msg__type_support.c
[0.834s] -- Up-to-date: /home/agilex/agilex_ws/install/teb_msgs/include/teb_msgs/teb_msgs/msg/detail/trajectory_msg__rosidl_typesupport_introspection_c.h
[0.834s] -- Up-to-date: /home/agilex/agilex_ws/install/teb_msgs/include/teb_msgs/teb_msgs/msg/detail/trajectory_msg__type_support.c
[0.834s] -- Up-to-date: /home/agilex/agilex_ws/install/teb_msgs/include/teb_msgs/teb_msgs/msg/detail/trajectory_point_msg__rosidl_typesupport_introspection_c.h
[0.834s] -- Up-to-date: /home/agilex/agilex_ws/install/teb_msgs/include/teb_msgs/teb_msgs/msg/detail/trajectory_point_msg__type_support.c
[0.834s] -- Up-to-date: /home/agilex/agilex_ws/install/teb_msgs/lib/libteb_msgs__rosidl_typesupport_introspection_c.so
[0.836s] -- Up-to-date: /home/agilex/agilex_ws/install/teb_msgs/lib/libteb_msgs__rosidl_typesupport_c.so
[0.836s] -- Up-to-date: /home/agilex/agilex_ws/install/teb_msgs/include/teb_msgs/teb_msgs
[0.836s] -- Up-to-date: /home/agilex/agilex_ws/install/teb_msgs/include/teb_msgs/teb_msgs/msg
[0.836s] -- Up-to-date: /home/agilex/agilex_ws/install/teb_msgs/include/teb_msgs/teb_msgs/msg/detail
[0.836s] -- Up-to-date: /home/agilex/agilex_ws/install/teb_msgs/include/teb_msgs/teb_msgs/msg/detail/feedback_msg__rosidl_typesupport_introspection_cpp.hpp
[0.837s] -- Up-to-date: /home/agilex/agilex_ws/install/teb_msgs/include/teb_msgs/teb_msgs/msg/detail/feedback_msg__type_support.cpp
[0.837s] -- Up-to-date: /home/agilex/agilex_ws/install/teb_msgs/include/teb_msgs/teb_msgs/msg/detail/trajectory_msg__rosidl_typesupport_introspection_cpp.hpp
[0.839s] -- Up-to-date: /home/agilex/agilex_ws/install/teb_msgs/include/teb_msgs/teb_msgs/msg/detail/trajectory_msg__type_support.cpp
[0.839s] -- Up-to-date: /home/agilex/agilex_ws/install/teb_msgs/include/teb_msgs/teb_msgs/msg/detail/trajectory_point_msg__rosidl_typesupport_introspection_cpp.hpp
[0.839s] -- Up-to-date: /home/agilex/agilex_ws/install/teb_msgs/include/teb_msgs/teb_msgs/msg/detail/trajectory_point_msg__type_support.cpp
[0.839s] -- Up-to-date: /home/agilex/agilex_ws/install/teb_msgs/lib/libteb_msgs__rosidl_typesupport_introspection_cpp.so
[0.839s] -- Up-to-date: /home/agilex/agilex_ws/install/teb_msgs/lib/libteb_msgs__rosidl_typesupport_cpp.so
[0.840s] -- Up-to-date: /home/agilex/agilex_ws/install/teb_msgs/share/teb_msgs/environment/pythonpath.sh
[0.840s] -- Up-to-date: /home/agilex/agilex_ws/install/teb_msgs/share/teb_msgs/environment/pythonpath.dsv
[0.840s] -- Up-to-date: /home/agilex/agilex_ws/install/teb_msgs/local/lib/python3.10/dist-packages/teb_msgs-0.0.1-py3.10.egg-info
[0.840s] -- Installing: /home/agilex/agilex_ws/install/teb_msgs/local/lib/python3.10/dist-packages/teb_msgs-0.0.1-py3.10.egg-info/PKG-INFO
[0.840s] -- Installing: /home/agilex/agilex_ws/install/teb_msgs/local/lib/python3.10/dist-packages/teb_msgs-0.0.1-py3.10.egg-info/dependency_links.txt
[0.840s] -- Installing: /home/agilex/agilex_ws/install/teb_msgs/local/lib/python3.10/dist-packages/teb_msgs-0.0.1-py3.10.egg-info/top_level.txt
[0.842s] -- Installing: /home/agilex/agilex_ws/install/teb_msgs/local/lib/python3.10/dist-packages/teb_msgs-0.0.1-py3.10.egg-info/SOURCES.txt
[0.842s] -- Up-to-date: /home/agilex/agilex_ws/install/teb_msgs/local/lib/python3.10/dist-packages/teb_msgs
[0.842s] -- Up-to-date: /home/agilex/agilex_ws/install/teb_msgs/local/lib/python3.10/dist-packages/teb_msgs/__init__.py
[0.842s] -- Up-to-date: /home/agilex/agilex_ws/install/teb_msgs/local/lib/python3.10/dist-packages/teb_msgs/msg
[0.842s] -- Up-to-date: /home/agilex/agilex_ws/install/teb_msgs/local/lib/python3.10/dist-packages/teb_msgs/msg/_feedback_msg.py
[0.842s] -- Up-to-date: /home/agilex/agilex_ws/install/teb_msgs/local/lib/python3.10/dist-packages/teb_msgs/msg/_feedback_msg_s.c
[0.843s] -- Up-to-date: /home/agilex/agilex_ws/install/teb_msgs/local/lib/python3.10/dist-packages/teb_msgs/msg/_trajectory_msg.py
[0.843s] -- Up-to-date: /home/agilex/agilex_ws/install/teb_msgs/local/lib/python3.10/dist-packages/teb_msgs/msg/_trajectory_msg_s.c
[0.843s] -- Up-to-date: /home/agilex/agilex_ws/install/teb_msgs/local/lib/python3.10/dist-packages/teb_msgs/msg/_trajectory_point_msg.py
[0.843s] -- Up-to-date: /home/agilex/agilex_ws/install/teb_msgs/local/lib/python3.10/dist-packages/teb_msgs/msg/_trajectory_point_msg_s.c
[0.843s] -- Up-to-date: /home/agilex/agilex_ws/install/teb_msgs/local/lib/python3.10/dist-packages/teb_msgs/msg/__init__.py
[0.844s] -- Up-to-date: /home/agilex/agilex_ws/install/teb_msgs/local/lib/python3.10/dist-packages/teb_msgs/_teb_msgs_s.ep.rosidl_typesupport_fastrtps_c.c
[0.846s] -- Up-to-date: /home/agilex/agilex_ws/install/teb_msgs/local/lib/python3.10/dist-packages/teb_msgs/_teb_msgs_s.ep.rosidl_typesupport_introspection_c.c
[0.846s] -- Up-to-date: /home/agilex/agilex_ws/install/teb_msgs/local/lib/python3.10/dist-packages/teb_msgs/_teb_msgs_s.ep.rosidl_typesupport_c.c
[0.846s] -- Up-to-date: /home/agilex/agilex_ws/install/teb_msgs/local/lib/python3.10/dist-packages/teb_msgs/libteb_msgs__rosidl_generator_py.so
[0.846s] -- Up-to-date: /home/agilex/agilex_ws/install/teb_msgs/local/lib/python3.10/dist-packages/teb_msgs/teb_msgs_s__rosidl_typesupport_fastrtps_c.cpython-310-x86_64-linux-gnu.so
[0.846s] -- Up-to-date: /home/agilex/agilex_ws/install/teb_msgs/local/lib/python3.10/dist-packages/teb_msgs/teb_msgs_s__rosidl_typesupport_c.cpython-310-x86_64-linux-gnu.so
[0.846s] -- Up-to-date: /home/agilex/agilex_ws/install/teb_msgs/local/lib/python3.10/dist-packages/teb_msgs/teb_msgs_s__rosidl_typesupport_introspection_c.cpython-310-x86_64-linux-gnu.so
[0.869s] Listing '/home/agilex/agilex_ws/install/teb_msgs/local/lib/python3.10/dist-packages/teb_msgs'...
[0.869s] Listing '/home/agilex/agilex_ws/install/teb_msgs/local/lib/python3.10/dist-packages/teb_msgs/msg'...
[0.899s] -- Up-to-date: /home/agilex/agilex_ws/install/teb_msgs/local/lib/python3.10/dist-packages/teb_msgs/teb_msgs_s__rosidl_typesupport_fastrtps_c.cpython-310-x86_64-linux-gnu.so
[0.900s] -- Up-to-date: /home/agilex/agilex_ws/install/teb_msgs/local/lib/python3.10/dist-packages/teb_msgs/teb_msgs_s__rosidl_typesupport_introspection_c.cpython-310-x86_64-linux-gnu.so
[0.901s] -- Up-to-date: /home/agilex/agilex_ws/install/teb_msgs/local/lib/python3.10/dist-packages/teb_msgs/teb_msgs_s__rosidl_typesupport_c.cpython-310-x86_64-linux-gnu.so
[0.925s] -- Up-to-date: /home/agilex/agilex_ws/install/teb_msgs/lib/libteb_msgs__rosidl_generator_py.so
[0.925s] -- Up-to-date: /home/agilex/agilex_ws/install/teb_msgs/share/teb_msgs/msg/FeedbackMsg.idl
[0.925s] -- Up-to-date: /home/agilex/agilex_ws/install/teb_msgs/share/teb_msgs/msg/TrajectoryMsg.idl
[0.925s] -- Up-to-date: /home/agilex/agilex_ws/install/teb_msgs/share/teb_msgs/msg/TrajectoryPointMsg.idl
[0.925s] -- Up-to-date: /home/agilex/agilex_ws/install/teb_msgs/share/teb_msgs/msg/FeedbackMsg.msg
[0.926s] -- Up-to-date: /home/agilex/agilex_ws/install/teb_msgs/share/teb_msgs/msg/TrajectoryMsg.msg
[0.926s] -- Up-to-date: /home/agilex/agilex_ws/install/teb_msgs/share/teb_msgs/msg/TrajectoryPointMsg.msg
[0.926s] -- Up-to-date: /home/agilex/agilex_ws/install/teb_msgs/share/ament_index/resource_index/package_run_dependencies/teb_msgs
[0.927s] -- Up-to-date: /home/agilex/agilex_ws/install/teb_msgs/share/ament_index/resource_index/parent_prefix_path/teb_msgs
[0.928s] -- Up-to-date: /home/agilex/agilex_ws/install/teb_msgs/share/teb_msgs/environment/ament_prefix_path.sh
[0.928s] -- Up-to-date: /home/agilex/agilex_ws/install/teb_msgs/share/teb_msgs/environment/ament_prefix_path.dsv
[0.928s] -- Up-to-date: /home/agilex/agilex_ws/install/teb_msgs/share/teb_msgs/environment/path.sh
[0.928s] -- Up-to-date: /home/agilex/agilex_ws/install/teb_msgs/share/teb_msgs/environment/path.dsv
[0.929s] -- Up-to-date: /home/agilex/agilex_ws/install/teb_msgs/share/teb_msgs/local_setup.bash
[0.930s] -- Up-to-date: /home/agilex/agilex_ws/install/teb_msgs/share/teb_msgs/local_setup.sh
[0.930s] -- Up-to-date: /home/agilex/agilex_ws/install/teb_msgs/share/teb_msgs/local_setup.zsh
[0.932s] -- Up-to-date: /home/agilex/agilex_ws/install/teb_msgs/share/teb_msgs/local_setup.dsv
[0.933s] -- Installing: /home/agilex/agilex_ws/install/teb_msgs/share/teb_msgs/package.dsv
[0.935s] -- Up-to-date: /home/agilex/agilex_ws/install/teb_msgs/share/ament_index/resource_index/packages/teb_msgs
[0.936s] -- Up-to-date: /home/agilex/agilex_ws/install/teb_msgs/share/teb_msgs/cmake/export_teb_msgs__rosidl_generator_cExport.cmake
[0.936s] -- Up-to-date: /home/agilex/agilex_ws/install/teb_msgs/share/teb_msgs/cmake/export_teb_msgs__rosidl_generator_cExport-noconfig.cmake
[0.937s] -- Up-to-date: /home/agilex/agilex_ws/install/teb_msgs/share/teb_msgs/cmake/export_teb_msgs__rosidl_typesupport_fastrtps_cExport.cmake
[0.937s] -- Up-to-date: /home/agilex/agilex_ws/install/teb_msgs/share/teb_msgs/cmake/export_teb_msgs__rosidl_typesupport_fastrtps_cExport-noconfig.cmake
[0.938s] -- Up-to-date: /home/agilex/agilex_ws/install/teb_msgs/share/teb_msgs/cmake/export_teb_msgs__rosidl_generator_cppExport.cmake
[0.938s] -- Up-to-date: /home/agilex/agilex_ws/install/teb_msgs/share/teb_msgs/cmake/export_teb_msgs__rosidl_typesupport_fastrtps_cppExport.cmake
[0.938s] -- Up-to-date: /home/agilex/agilex_ws/install/teb_msgs/share/teb_msgs/cmake/export_teb_msgs__rosidl_typesupport_fastrtps_cppExport-noconfig.cmake
[0.938s] -- Up-to-date: /home/agilex/agilex_ws/install/teb_msgs/share/teb_msgs/cmake/teb_msgs__rosidl_typesupport_introspection_cExport.cmake
[0.938s] -- Up-to-date: /home/agilex/agilex_ws/install/teb_msgs/share/teb_msgs/cmake/teb_msgs__rosidl_typesupport_introspection_cExport-noconfig.cmake
[0.938s] -- Up-to-date: /home/agilex/agilex_ws/install/teb_msgs/share/teb_msgs/cmake/teb_msgs__rosidl_typesupport_cExport.cmake
[0.940s] -- Up-to-date: /home/agilex/agilex_ws/install/teb_msgs/share/teb_msgs/cmake/teb_msgs__rosidl_typesupport_cExport-noconfig.cmake
[0.942s] -- Up-to-date: /home/agilex/agilex_ws/install/teb_msgs/share/teb_msgs/cmake/teb_msgs__rosidl_typesupport_introspection_cppExport.cmake
[0.942s] -- Up-to-date: /home/agilex/agilex_ws/install/teb_msgs/share/teb_msgs/cmake/teb_msgs__rosidl_typesupport_introspection_cppExport-noconfig.cmake
[0.942s] -- Up-to-date: /home/agilex/agilex_ws/install/teb_msgs/share/teb_msgs/cmake/teb_msgs__rosidl_typesupport_cppExport.cmake
[0.942s] -- Up-to-date: /home/agilex/agilex_ws/install/teb_msgs/share/teb_msgs/cmake/teb_msgs__rosidl_typesupport_cppExport-noconfig.cmake
[0.949s] -- Up-to-date: /home/agilex/agilex_ws/install/teb_msgs/share/teb_msgs/cmake/export_teb_msgs__rosidl_generator_pyExport.cmake
[0.949s] -- Up-to-date: /home/agilex/agilex_ws/install/teb_msgs/share/teb_msgs/cmake/export_teb_msgs__rosidl_generator_pyExport-noconfig.cmake
[0.949s] -- Up-to-date: /home/agilex/agilex_ws/install/teb_msgs/share/teb_msgs/cmake/rosidl_cmake-extras.cmake
[0.949s] -- Up-to-date: /home/agilex/agilex_ws/install/teb_msgs/share/teb_msgs/cmake/ament_cmake_export_dependencies-extras.cmake
[0.949s] -- Up-to-date: /home/agilex/agilex_ws/install/teb_msgs/share/teb_msgs/cmake/ament_cmake_export_include_directories-extras.cmake
[0.949s] -- Up-to-date: /home/agilex/agilex_ws/install/teb_msgs/share/teb_msgs/cmake/ament_cmake_export_libraries-extras.cmake
[0.949s] -- Up-to-date: /home/agilex/agilex_ws/install/teb_msgs/share/teb_msgs/cmake/ament_cmake_export_targets-extras.cmake
[0.949s] -- Up-to-date: /home/agilex/agilex_ws/install/teb_msgs/share/teb_msgs/cmake/rosidl_cmake_export_typesupport_targets-extras.cmake
[0.949s] -- Up-to-date: /home/agilex/agilex_ws/install/teb_msgs/share/teb_msgs/cmake/rosidl_cmake_export_typesupport_libraries-extras.cmake
[0.949s] -- Up-to-date: /home/agilex/agilex_ws/install/teb_msgs/share/teb_msgs/cmake/teb_msgsConfig.cmake
[0.949s] -- Up-to-date: /home/agilex/agilex_ws/install/teb_msgs/share/teb_msgs/cmake/teb_msgsConfig-version.cmake
[0.950s] -- Up-to-date: /home/agilex/agilex_ws/install/teb_msgs/share/teb_msgs/package.xml
[0.971s] Invoked command in '/home/agilex/agilex_ws/build/teb_msgs' returned '0': AMENT_PREFIX_PATH=/home/agilex/agilex_ws/install/costmap_converter_msgs:${AMENT_PREFIX_PATH} CMAKE_PREFIX_PATH=/home/agilex/agilex_ws/install/costmap_converter_msgs:/opt/ros/humble LD_LIBRARY_PATH=/home/agilex/agilex_ws/install/costmap_converter_msgs/lib:${LD_LIBRARY_PATH} PYTHONPATH=/home/agilex/agilex_ws/install/costmap_converter_msgs/local/lib/python3.10/dist-packages:${PYTHONPATH} /usr/bin/cmake --install /home/agilex/agilex_ws/build/teb_msgs
