[0.017s] Invoking command in '/home/agilex/agilex_ws/build/costmap_queue': AMENT_PREFIX_PATH=/home/agilex/agilex_ws/install/nav2_costmap_2d:/home/agilex/agilex_ws/install/nav2_util:/home/agilex/agilex_ws/install/nav2_voxel_grid:/home/agilex/agilex_ws/install/nav2_msgs:/home/agilex/agilex_ws/install/nav2_common:${AMENT_PREFIX_PATH} CMAKE_PREFIX_PATH=/home/agilex/agilex_ws/install/nav2_costmap_2d:/home/agilex/agilex_ws/install/nav2_util:/home/agilex/agilex_ws/install/nav2_voxel_grid:/home/agilex/agilex_ws/install/nav2_msgs:/home/agilex/agilex_ws/install/nav2_common:/opt/ros/humble LD_LIBRARY_PATH=/home/agilex/agilex_ws/install/nav2_costmap_2d/lib:/home/agilex/agilex_ws/install/nav2_util/lib:/home/agilex/agilex_ws/install/nav2_voxel_grid/lib:/home/agilex/agilex_ws/install/nav2_msgs/lib:${LD_LIBRARY_PATH} PYTHONPATH=/home/agilex/agilex_ws/install/nav2_msgs/local/lib/python3.10/dist-packages:/home/agilex/agilex_ws/install/nav2_common/local/lib/python3.10/dist-packages:${PYTHONPATH} /usr/bin/cmake /home/agilex/agilex_ws/src/navigation2/nav2_dwb_controller/costmap_queue -DCMAKE_INSTALL_PREFIX=/home/agilex/agilex_ws/install/costmap_queue
[0.102s] -- The C compiler identification is GNU 11.3.0
[0.153s] -- The CXX compiler identification is GNU 11.3.0
[0.164s] -- Detecting C compiler ABI info
[0.228s] -- Detecting C compiler ABI info - done
[0.236s] -- Check for working C compiler: /usr/bin/cc - skipped
[0.236s] -- Detecting C compile features
[0.236s] -- Detecting C compile features - done
[0.241s] -- Detecting CXX compiler ABI info
[0.315s] -- Detecting CXX compiler ABI info - done
[0.324s] -- Check for working CXX compiler: /usr/bin/c++ - skipped
[0.324s] -- Detecting CXX compile features
[0.325s] -- Detecting CXX compile features - done
[0.332s] -- Found ament_cmake: 1.3.4 (/opt/ros/humble/share/ament_cmake/cmake)
[0.550s] -- Found Python3: /usr/bin/python3.10 (found version "3.10.6") found components: Interpreter 
[0.682s] -- Found nav2_common: 1.1.0 (/home/agilex/agilex_ws/install/nav2_common/share/nav2_common/cmake)
[0.682s] -- Found nav2_costmap_2d: 1.1.0 (/home/agilex/agilex_ws/install/nav2_costmap_2d/share/nav2_costmap_2d/cmake)
[0.733s] -- Found rosidl_generator_c: 3.1.4 (/opt/ros/humble/share/rosidl_generator_c/cmake)
[0.741s] -- Found rosidl_adapter: 3.1.4 (/opt/ros/humble/share/rosidl_adapter/cmake)
[0.753s] -- Found rosidl_generator_cpp: 3.1.4 (/opt/ros/humble/share/rosidl_generator_cpp/cmake)
[0.771s] -- Using all available rosidl_typesupport_c: rosidl_typesupport_fastrtps_c;rosidl_typesupport_introspection_c
[0.795s] -- Using all available rosidl_typesupport_cpp: rosidl_typesupport_fastrtps_cpp;rosidl_typesupport_introspection_cpp
[1.019s] -- Found rmw_implementation_cmake: 6.1.1 (/opt/ros/humble/share/rmw_implementation_cmake/cmake)
[1.022s] -- Found rmw_fastrtps_cpp: 6.2.2 (/opt/ros/humble/share/rmw_fastrtps_cpp/cmake)
[1.119s] -- Found OpenSSL: /usr/lib/x86_64-linux-gnu/libcrypto.so (found version "3.0.2")  
[1.143s] -- Found FastRTPS: /opt/ros/humble/include  
[1.183s] -- Using RMW implementation 'rmw_fastrtps_cpp' as default
[1.193s] -- Looking for pthread.h
[1.255s] -- Looking for pthread.h - found
[1.255s] -- Performing Test CMAKE_HAVE_LIBC_PTHREAD
[1.319s] -- Performing Test CMAKE_HAVE_LIBC_PTHREAD - Success
[1.320s] -- Found Threads: TRUE  
[2.517s] -- Found Eigen3: TRUE (found version "3.4.0") 
[2.517s] -- Ensuring Eigen3 include directory is part of orocos-kdl CMake target
[3.490s] -- Setting build type to Release as none was specified.
[4.314s] -- Found ament_lint_auto: 0.12.6 (/opt/ros/humble/share/ament_lint_auto/cmake)
[4.407s] -- Found gtest sources under '/opt/ros/humble/src/gtest_vendor': C++ tests using 'Google Test' will be built
[6.178s] -- Added test 'cppcheck' to perform static code analysis on C / C++ code
[6.179s] -- Configured cppcheck include dirs: /home/agilex/agilex_ws/src/navigation2/nav2_dwb_controller/costmap_queue/include
[6.179s] -- Configured cppcheck exclude dirs and/or files: 
[6.188s] -- Added test 'cpplint' to check C / C++ code against the Google style
[6.188s] -- Configured cpplint exclude dirs and/or files: 
[6.189s] -- Added test 'lint_cmake' to check CMake code style
[6.191s] -- Added test 'uncrustify' to check C / C++ code style
[6.192s] -- Configured uncrustify additional arguments: 
[6.192s] -- Added test 'xmllint' to check XML markup files
[6.196s] -- Configuring done
[6.393s] -- Generating done
[6.396s] -- Build files have been written to: /home/agilex/agilex_ws/build/costmap_queue
[6.439s] Invoked command in '/home/agilex/agilex_ws/build/costmap_queue' returned '0': AMENT_PREFIX_PATH=/home/agilex/agilex_ws/install/nav2_costmap_2d:/home/agilex/agilex_ws/install/nav2_util:/home/agilex/agilex_ws/install/nav2_voxel_grid:/home/agilex/agilex_ws/install/nav2_msgs:/home/agilex/agilex_ws/install/nav2_common:${AMENT_PREFIX_PATH} CMAKE_PREFIX_PATH=/home/agilex/agilex_ws/install/nav2_costmap_2d:/home/agilex/agilex_ws/install/nav2_util:/home/agilex/agilex_ws/install/nav2_voxel_grid:/home/agilex/agilex_ws/install/nav2_msgs:/home/agilex/agilex_ws/install/nav2_common:/opt/ros/humble LD_LIBRARY_PATH=/home/agilex/agilex_ws/install/nav2_costmap_2d/lib:/home/agilex/agilex_ws/install/nav2_util/lib:/home/agilex/agilex_ws/install/nav2_voxel_grid/lib:/home/agilex/agilex_ws/install/nav2_msgs/lib:${LD_LIBRARY_PATH} PYTHONPATH=/home/agilex/agilex_ws/install/nav2_msgs/local/lib/python3.10/dist-packages:/home/agilex/agilex_ws/install/nav2_common/local/lib/python3.10/dist-packages:${PYTHONPATH} /usr/bin/cmake /home/agilex/agilex_ws/src/navigation2/nav2_dwb_controller/costmap_queue -DCMAKE_INSTALL_PREFIX=/home/agilex/agilex_ws/install/costmap_queue
[6.440s] Invoking command in '/home/agilex/agilex_ws/build/costmap_queue': AMENT_PREFIX_PATH=/home/agilex/agilex_ws/install/nav2_costmap_2d:/home/agilex/agilex_ws/install/nav2_util:/home/agilex/agilex_ws/install/nav2_voxel_grid:/home/agilex/agilex_ws/install/nav2_msgs:/home/agilex/agilex_ws/install/nav2_common:${AMENT_PREFIX_PATH} CMAKE_PREFIX_PATH=/home/agilex/agilex_ws/install/nav2_costmap_2d:/home/agilex/agilex_ws/install/nav2_util:/home/agilex/agilex_ws/install/nav2_voxel_grid:/home/agilex/agilex_ws/install/nav2_msgs:/home/agilex/agilex_ws/install/nav2_common:/opt/ros/humble LD_LIBRARY_PATH=/home/agilex/agilex_ws/install/nav2_costmap_2d/lib:/home/agilex/agilex_ws/install/nav2_util/lib:/home/agilex/agilex_ws/install/nav2_voxel_grid/lib:/home/agilex/agilex_ws/install/nav2_msgs/lib:${LD_LIBRARY_PATH} PYTHONPATH=/home/agilex/agilex_ws/install/nav2_msgs/local/lib/python3.10/dist-packages:/home/agilex/agilex_ws/install/nav2_common/local/lib/python3.10/dist-packages:${PYTHONPATH} /usr/bin/cmake --build /home/agilex/agilex_ws/build/costmap_queue -- -j8 -l8
[26.811s] [  9%] [32mBuilding CXX object gtest/CMakeFiles/gtest_main.dir/src/gtest_main.cc.o[0m
[26.811s] [ 18%] [32mBuilding CXX object CMakeFiles/costmap_queue.dir/src/costmap_queue.cpp.o[0m
[26.811s] [ 27%] [32mBuilding CXX object CMakeFiles/costmap_queue.dir/src/limited_costmap_queue.cpp.o[0m
[26.811s] [ 36%] [32mBuilding CXX object gtest/CMakeFiles/gtest.dir/src/gtest-all.cc.o[0m
[26.811s] [ 45%] [32m[1mLinking CXX static library libgtest_main.a[0m
[26.811s] [ 45%] Built target gtest_main
[26.811s] [ 54%] [32m[1mLinking CXX static library libcostmap_queue.a[0m
[26.811s] [ 54%] Built target costmap_queue
[26.811s] [ 63%] [32m[1mLinking CXX static library libgtest.a[0m
[26.811s] [ 63%] Built target gtest
[26.812s] [ 72%] [32mBuilding CXX object CMakeFiles/mbq_test.dir/test/mbq_test.cpp.o[0m
[26.812s] [ 81%] [32m[1mLinking CXX executable mbq_test[0m
[26.812s] [ 81%] Built target mbq_test
[26.812s] [ 90%] [32mBuilding CXX object CMakeFiles/utest.dir/test/utest.cpp.o[0m
[28.665s] [100%] [32m[1mLinking CXX executable utest[0m
[29.061s] [100%] Built target utest
[29.074s] Invoked command in '/home/agilex/agilex_ws/build/costmap_queue' returned '0': AMENT_PREFIX_PATH=/home/agilex/agilex_ws/install/nav2_costmap_2d:/home/agilex/agilex_ws/install/nav2_util:/home/agilex/agilex_ws/install/nav2_voxel_grid:/home/agilex/agilex_ws/install/nav2_msgs:/home/agilex/agilex_ws/install/nav2_common:${AMENT_PREFIX_PATH} CMAKE_PREFIX_PATH=/home/agilex/agilex_ws/install/nav2_costmap_2d:/home/agilex/agilex_ws/install/nav2_util:/home/agilex/agilex_ws/install/nav2_voxel_grid:/home/agilex/agilex_ws/install/nav2_msgs:/home/agilex/agilex_ws/install/nav2_common:/opt/ros/humble LD_LIBRARY_PATH=/home/agilex/agilex_ws/install/nav2_costmap_2d/lib:/home/agilex/agilex_ws/install/nav2_util/lib:/home/agilex/agilex_ws/install/nav2_voxel_grid/lib:/home/agilex/agilex_ws/install/nav2_msgs/lib:${LD_LIBRARY_PATH} PYTHONPATH=/home/agilex/agilex_ws/install/nav2_msgs/local/lib/python3.10/dist-packages:/home/agilex/agilex_ws/install/nav2_common/local/lib/python3.10/dist-packages:${PYTHONPATH} /usr/bin/cmake --build /home/agilex/agilex_ws/build/costmap_queue -- -j8 -l8
[29.298s] Invoking command in '/home/agilex/agilex_ws/build/costmap_queue': AMENT_PREFIX_PATH=/home/agilex/agilex_ws/install/nav2_costmap_2d:/home/agilex/agilex_ws/install/nav2_util:/home/agilex/agilex_ws/install/nav2_voxel_grid:/home/agilex/agilex_ws/install/nav2_msgs:/home/agilex/agilex_ws/install/nav2_common:${AMENT_PREFIX_PATH} CMAKE_PREFIX_PATH=/home/agilex/agilex_ws/install/nav2_costmap_2d:/home/agilex/agilex_ws/install/nav2_util:/home/agilex/agilex_ws/install/nav2_voxel_grid:/home/agilex/agilex_ws/install/nav2_msgs:/home/agilex/agilex_ws/install/nav2_common:/opt/ros/humble LD_LIBRARY_PATH=/home/agilex/agilex_ws/install/nav2_costmap_2d/lib:/home/agilex/agilex_ws/install/nav2_util/lib:/home/agilex/agilex_ws/install/nav2_voxel_grid/lib:/home/agilex/agilex_ws/install/nav2_msgs/lib:${LD_LIBRARY_PATH} PYTHONPATH=/home/agilex/agilex_ws/install/nav2_msgs/local/lib/python3.10/dist-packages:/home/agilex/agilex_ws/install/nav2_common/local/lib/python3.10/dist-packages:${PYTHONPATH} /usr/bin/cmake --install /home/agilex/agilex_ws/build/costmap_queue
[34.566s] -- Install configuration: "Release"
[34.566s] -- Installing: /home/agilex/agilex_ws/install/costmap_queue/lib/libcostmap_queue.a
[34.566s] -- Installing: /home/agilex/agilex_ws/install/costmap_queue/include/
[34.566s] -- Installing: /home/agilex/agilex_ws/install/costmap_queue/include//costmap_queue
[34.566s] -- Installing: /home/agilex/agilex_ws/install/costmap_queue/include//costmap_queue/map_based_queue.hpp
[34.566s] -- Installing: /home/agilex/agilex_ws/install/costmap_queue/include//costmap_queue/costmap_queue.hpp
[34.567s] -- Installing: /home/agilex/agilex_ws/install/costmap_queue/include//costmap_queue/limited_costmap_queue.hpp
[34.567s] -- Installing: /home/agilex/agilex_ws/install/costmap_queue/share/costmap_queue/environment/library_path.sh
[34.567s] -- Installing: /home/agilex/agilex_ws/install/costmap_queue/share/costmap_queue/environment/library_path.dsv
[34.567s] -- Installing: /home/agilex/agilex_ws/install/costmap_queue/share/ament_index/resource_index/package_run_dependencies/costmap_queue
[34.567s] -- Installing: /home/agilex/agilex_ws/install/costmap_queue/share/ament_index/resource_index/parent_prefix_path/costmap_queue
[34.567s] -- Installing: /home/agilex/agilex_ws/install/costmap_queue/share/costmap_queue/environment/ament_prefix_path.sh
[34.567s] -- Installing: /home/agilex/agilex_ws/install/costmap_queue/share/costmap_queue/environment/ament_prefix_path.dsv
[34.567s] -- Installing: /home/agilex/agilex_ws/install/costmap_queue/share/costmap_queue/environment/path.sh
[34.567s] -- Installing: /home/agilex/agilex_ws/install/costmap_queue/share/costmap_queue/environment/path.dsv
[34.568s] -- Installing: /home/agilex/agilex_ws/install/costmap_queue/share/costmap_queue/local_setup.bash
[34.568s] -- Installing: /home/agilex/agilex_ws/install/costmap_queue/share/costmap_queue/local_setup.sh
[34.568s] -- Installing: /home/agilex/agilex_ws/install/costmap_queue/share/costmap_queue/local_setup.zsh
[34.568s] -- Installing: /home/agilex/agilex_ws/install/costmap_queue/share/costmap_queue/local_setup.dsv
[34.569s] -- Installing: /home/agilex/agilex_ws/install/costmap_queue/share/costmap_queue/package.dsv
[34.569s] -- Installing: /home/agilex/agilex_ws/install/costmap_queue/share/ament_index/resource_index/packages/costmap_queue
[34.569s] -- Installing: /home/agilex/agilex_ws/install/costmap_queue/share/costmap_queue/cmake/ament_cmake_export_include_directories-extras.cmake
[34.569s] -- Installing: /home/agilex/agilex_ws/install/costmap_queue/share/costmap_queue/cmake/ament_cmake_export_libraries-extras.cmake
[34.572s] -- Installing: /home/agilex/agilex_ws/install/costmap_queue/share/costmap_queue/cmake/costmap_queueConfig.cmake
[34.572s] -- Installing: /home/agilex/agilex_ws/install/costmap_queue/share/costmap_queue/cmake/costmap_queueConfig-version.cmake
[34.572s] -- Installing: /home/agilex/agilex_ws/install/costmap_queue/share/costmap_queue/package.xml
[34.579s] Invoked command in '/home/agilex/agilex_ws/build/costmap_queue' returned '0': AMENT_PREFIX_PATH=/home/agilex/agilex_ws/install/nav2_costmap_2d:/home/agilex/agilex_ws/install/nav2_util:/home/agilex/agilex_ws/install/nav2_voxel_grid:/home/agilex/agilex_ws/install/nav2_msgs:/home/agilex/agilex_ws/install/nav2_common:${AMENT_PREFIX_PATH} CMAKE_PREFIX_PATH=/home/agilex/agilex_ws/install/nav2_costmap_2d:/home/agilex/agilex_ws/install/nav2_util:/home/agilex/agilex_ws/install/nav2_voxel_grid:/home/agilex/agilex_ws/install/nav2_msgs:/home/agilex/agilex_ws/install/nav2_common:/opt/ros/humble LD_LIBRARY_PATH=/home/agilex/agilex_ws/install/nav2_costmap_2d/lib:/home/agilex/agilex_ws/install/nav2_util/lib:/home/agilex/agilex_ws/install/nav2_voxel_grid/lib:/home/agilex/agilex_ws/install/nav2_msgs/lib:${LD_LIBRARY_PATH} PYTHONPATH=/home/agilex/agilex_ws/install/nav2_msgs/local/lib/python3.10/dist-packages:/home/agilex/agilex_ws/install/nav2_common/local/lib/python3.10/dist-packages:${PYTHONPATH} /usr/bin/cmake --install /home/agilex/agilex_ws/build/costmap_queue
