-- Found ament_cmake: 1.3.6 (/opt/ros/humble/share/ament_cmake/cmake)
-- Found Python3: /usr/bin/python3.10 (found version "3.10.12") found components: Interpreter 
-- Found nav2_common: 1.1.0 (/home/agilex/agilex_ws/install/nav2_common/share/nav2_common/cmake)
-- Found rclcpp: 16.0.7 (/opt/ros/humble/share/rclcpp/cmake)
-- Found rosidl_generator_c: 3.1.5 (/opt/ros/humble/share/rosidl_generator_c/cmake)
-- Found rosidl_adapter: 3.1.5 (/opt/ros/humble/share/rosidl_adapter/cmake)
-- Found rosidl_generator_cpp: 3.1.5 (/opt/ros/humble/share/rosidl_generator_cpp/cmake)
-- Using all available rosidl_typesupport_c: rosidl_typesupport_fastrtps_c;rosidl_typesupport_introspection_c
-- Using all available rosidl_typesupport_cpp: rosidl_typesupport_fastrtps_cpp;rosidl_typesupport_introspection_cpp
-- Found rmw_implementation_cmake: 6.1.1 (/opt/ros/humble/share/rmw_implementation_cmake/cmake)
-- Found rmw_fastrtps_cpp: 6.2.5 (/opt/ros/humble/share/rmw_fastrtps_cpp/cmake)
-- Using RMW implementation 'rmw_fastrtps_cpp' as default
-- Found rclcpp_action: 16.0.7 (/opt/ros/humble/share/rclcpp_action/cmake)
-- Found rclcpp_lifecycle: 16.0.7 (/opt/ros/humble/share/rclcpp_lifecycle/cmake)
-- Found rclcpp_components: 16.0.7 (/opt/ros/humble/share/rclcpp_components/cmake)
-- Found nav2_behavior_tree: 1.1.0 (/home/agilex/agilex_ws/install/nav2_behavior_tree/share/nav2_behavior_tree/cmake)
-- Found eigen3_cmake_module: 0.1.1 (/opt/ros/humble/share/eigen3_cmake_module/cmake)
-- Ensuring Eigen3 include directory is part of orocos-kdl CMake target
-- Found nav2_costmap_2d: 1.1.0 (/home/agilex/agilex_ws/install/nav2_costmap_2d/share/nav2_costmap_2d/cmake)
-- Found nav2_core: 1.1.0 (/home/agilex/agilex_ws/install/nav2_core/share/nav2_core/cmake)
-- Found ament_lint_auto: 0.12.9 (/opt/ros/humble/share/ament_lint_auto/cmake)
-- Found gtest sources under '/opt/ros/humble/src/gtest_vendor': C++ tests using 'Google Test' will be built
-- Added test 'copyright' to check source files copyright and LICENSE
-- Added test 'cppcheck' to perform static code analysis on C / C++ code
-- Configured cppcheck include dirs: /home/agilex/agilex_ws/src/navigation2/nav2_behaviors/include
-- Configured cppcheck exclude dirs and/or files: 
-- Added test 'cpplint' to check C / C++ code against the Google style
-- Configured cpplint exclude dirs and/or files: 
-- Added test 'lint_cmake' to check CMake code style
-- Added test 'uncrustify' to check C / C++ code style
-- Configured uncrustify additional arguments: 
-- Added test 'xmllint' to check XML markup files
-- Configuring done
-- Generating done
-- Build files have been written to: /home/agilex/agilex_ws/build/nav2_behaviors
[35m[1mConsolidate compiler generated dependencies of target gtest_main[0m
[35m[1mConsolidate compiler generated dependencies of target gtest[0m
[35m[1mConsolidate compiler generated dependencies of target nav2_drive_on_heading_behavior[0m
[35m[1mConsolidate compiler generated dependencies of target nav2_back_up_behavior[0m
[35m[1mConsolidate compiler generated dependencies of target nav2_spin_behavior[0m
[35m[1mConsolidate compiler generated dependencies of target nav2_wait_behavior[0m
[35m[1mConsolidate compiler generated dependencies of target behavior_server_core[0m
[  5%] [32mBuilding CXX object gtest/CMakeFiles/gtest.dir/src/gtest-all.cc.o[0m
[ 11%] [32mBuilding CXX object gtest/CMakeFiles/gtest_main.dir/src/gtest_main.cc.o[0m
[ 16%] [32mBuilding CXX object CMakeFiles/nav2_wait_behavior.dir/plugins/wait.cpp.o[0m
[ 22%] [32mBuilding CXX object CMakeFiles/nav2_drive_on_heading_behavior.dir/plugins/drive_on_heading.cpp.o[0m
[ 27%] [32mBuilding CXX object CMakeFiles/nav2_spin_behavior.dir/plugins/spin.cpp.o[0m
[ 33%] [32mBuilding CXX object CMakeFiles/nav2_back_up_behavior.dir/plugins/back_up.cpp.o[0m
[ 38%] [32mBuilding CXX object CMakeFiles/behavior_server_core.dir/src/behavior_server.cpp.o[0m
[ 44%] [32m[1mLinking CXX static library libgtest_main.a[0m
[ 44%] Built target gtest_main
[ 50%] [32m[1mLinking CXX static library libgtest.a[0m
[ 50%] Built target gtest
[35m[1mConsolidate compiler generated dependencies of target test_behaviors[0m
[ 55%] [32mBuilding CXX object test/CMakeFiles/test_behaviors.dir/test_behaviors.cpp.o[0m
[ 61%] [32m[1mLinking CXX shared library libnav2_wait_behavior.so[0m
[ 66%] [32m[1mLinking CXX shared library libnav2_spin_behavior.so[0m
[ 72%] [32m[1mLinking CXX shared library libnav2_drive_on_heading_behavior.so[0m
[ 77%] [32m[1mLinking CXX shared library libnav2_back_up_behavior.so[0m
[ 77%] Built target nav2_wait_behavior
[ 77%] Built target nav2_spin_behavior
[ 77%] Built target nav2_drive_on_heading_behavior
[ 77%] Built target nav2_back_up_behavior
[ 83%] [32m[1mLinking CXX shared library libbehavior_server_core.so[0m
[ 83%] Built target behavior_server_core
[35m[1mConsolidate compiler generated dependencies of target behavior_server[0m
[ 88%] [32mBuilding CXX object CMakeFiles/behavior_server.dir/src/main.cpp.o[0m
[ 94%] [32m[1mLinking CXX executable behavior_server[0m
[ 94%] Built target behavior_server
[100%] [32m[1mLinking CXX executable test_behaviors[0m
[100%] Built target test_behaviors
-- Install configuration: "Release"
-- Up-to-date: /home/agilex/agilex_ws/install/nav2_behaviors/share/nav2_behaviors/behavior_plugin.xml
-- Installing: /home/agilex/agilex_ws/install/nav2_behaviors/lib/libbehavior_server_core.so
-- Set runtime path of "/home/agilex/agilex_ws/install/nav2_behaviors/lib/libbehavior_server_core.so" to ""
-- Installing: /home/agilex/agilex_ws/install/nav2_behaviors/lib/libnav2_spin_behavior.so
-- Set runtime path of "/home/agilex/agilex_ws/install/nav2_behaviors/lib/libnav2_spin_behavior.so" to ""
-- Installing: /home/agilex/agilex_ws/install/nav2_behaviors/lib/libnav2_wait_behavior.so
-- Set runtime path of "/home/agilex/agilex_ws/install/nav2_behaviors/lib/libnav2_wait_behavior.so" to ""
-- Installing: /home/agilex/agilex_ws/install/nav2_behaviors/lib/libnav2_drive_on_heading_behavior.so
-- Set runtime path of "/home/agilex/agilex_ws/install/nav2_behaviors/lib/libnav2_drive_on_heading_behavior.so" to ""
-- Installing: /home/agilex/agilex_ws/install/nav2_behaviors/lib/libnav2_back_up_behavior.so
-- Set runtime path of "/home/agilex/agilex_ws/install/nav2_behaviors/lib/libnav2_back_up_behavior.so" to ""
-- Installing: /home/agilex/agilex_ws/install/nav2_behaviors/lib/nav2_behaviors/behavior_server
-- Set runtime path of "/home/agilex/agilex_ws/install/nav2_behaviors/lib/nav2_behaviors/behavior_server" to ""
-- Up-to-date: /home/agilex/agilex_ws/install/nav2_behaviors/include/
-- Up-to-date: /home/agilex/agilex_ws/install/nav2_behaviors/include//nav2_behaviors
-- Up-to-date: /home/agilex/agilex_ws/install/nav2_behaviors/include//nav2_behaviors/timed_behavior.hpp
-- Up-to-date: /home/agilex/agilex_ws/install/nav2_behaviors/include//nav2_behaviors/behavior_server.hpp
-- Up-to-date: /home/agilex/agilex_ws/install/nav2_behaviors/share/nav2_behaviors/behavior_plugin.xml
-- Up-to-date: /home/agilex/agilex_ws/install/nav2_behaviors/share/nav2_behaviors/environment/library_path.sh
-- Installing: /home/agilex/agilex_ws/install/nav2_behaviors/share/nav2_behaviors/environment/library_path.dsv
-- Up-to-date: /home/agilex/agilex_ws/install/nav2_behaviors/share/ament_index/resource_index/package_run_dependencies/nav2_behaviors
-- Installing: /home/agilex/agilex_ws/install/nav2_behaviors/share/ament_index/resource_index/parent_prefix_path/nav2_behaviors
-- Installing: /home/agilex/agilex_ws/install/nav2_behaviors/share/nav2_behaviors/environment/ament_prefix_path.sh
-- Installing: /home/agilex/agilex_ws/install/nav2_behaviors/share/nav2_behaviors/environment/ament_prefix_path.dsv
-- Installing: /home/agilex/agilex_ws/install/nav2_behaviors/share/nav2_behaviors/environment/path.sh
-- Installing: /home/agilex/agilex_ws/install/nav2_behaviors/share/nav2_behaviors/environment/path.dsv
-- Up-to-date: /home/agilex/agilex_ws/install/nav2_behaviors/share/nav2_behaviors/local_setup.bash
-- Up-to-date: /home/agilex/agilex_ws/install/nav2_behaviors/share/nav2_behaviors/local_setup.sh
-- Up-to-date: /home/agilex/agilex_ws/install/nav2_behaviors/share/nav2_behaviors/local_setup.zsh
-- Installing: /home/agilex/agilex_ws/install/nav2_behaviors/share/nav2_behaviors/local_setup.dsv
-- Installing: /home/agilex/agilex_ws/install/nav2_behaviors/share/nav2_behaviors/package.dsv
-- Up-to-date: /home/agilex/agilex_ws/install/nav2_behaviors/share/ament_index/resource_index/packages/nav2_behaviors
-- Up-to-date: /home/agilex/agilex_ws/install/nav2_behaviors/share/ament_index/resource_index/nav2_core__pluginlib__plugin/nav2_behaviors
-- Up-to-date: /home/agilex/agilex_ws/install/nav2_behaviors/share/ament_index/resource_index/rclcpp_components/nav2_behaviors
-- Up-to-date: /home/agilex/agilex_ws/install/nav2_behaviors/share/nav2_behaviors/cmake/ament_cmake_export_include_directories-extras.cmake
-- Up-to-date: /home/agilex/agilex_ws/install/nav2_behaviors/share/nav2_behaviors/cmake/ament_cmake_export_libraries-extras.cmake
-- Up-to-date: /home/agilex/agilex_ws/install/nav2_behaviors/share/nav2_behaviors/cmake/ament_cmake_export_dependencies-extras.cmake
-- Up-to-date: /home/agilex/agilex_ws/install/nav2_behaviors/share/nav2_behaviors/cmake/nav2_behaviorsConfig.cmake
-- Up-to-date: /home/agilex/agilex_ws/install/nav2_behaviors/share/nav2_behaviors/cmake/nav2_behaviorsConfig-version.cmake
-- Up-to-date: /home/agilex/agilex_ws/install/nav2_behaviors/share/nav2_behaviors/package.xml
