[0.388s] Invoking command in '/home/agilex/agilex_ws/build/nav2_behaviors': CMAKE_PREFIX_PATH=/home/agilex/agilex_ws/install/nav2_core:/home/agilex/agilex_ws/install/nav2_costmap_2d:/home/agilex/agilex_ws/install/nav2_behavior_tree:/home/agilex/agilex_ws/install/nav2_util:/home/agilex/agilex_ws/install/nav2_voxel_grid:/home/agilex/agilex_ws/install/nav2_msgs:/home/agilex/agilex_ws/install/nav2_common:/home/agilex/agilex_ws/install/ydlidar_sdk:/home/agilex/agilex_ws/install/ydlidar_ros2_driver:/home/agilex/agilex_ws/install/teb_local_planner:/home/agilex/agilex_ws/install/teb_msgs:/home/agilex/agilex_ws/install/rf2o_laser_odometry:/home/agilex/agilex_ws/install/nav2_system_tests:/home/agilex/agilex_ws/install/nav2_bringup:/home/agilex/agilex_ws/install/navigation2:/home/agilex/agilex_ws/install/nav2_smoother:/home/agilex/agilex_ws/install/nav2_dwb_controller:/home/agilex/agilex_ws/install/limo_bringup:/home/agilex/agilex_ws/install/nav2_controller:/home/agilex/agilex_ws/install/dwb_plugins:/home/agilex/agilex_ws/install/dwb_critics:/home/agilex/agilex_ws/install/dwb_core:/home/agilex/agilex_ws/install/nav_2d_utils:/home/agilex/agilex_ws/install/dwb_msgs:/home/agilex/agilex_ws/install/nav_2d_msgs:/home/agilex/agilex_ws/install/nav2_waypoint_follower:/home/agilex/agilex_ws/install/nav2_theta_star_planner:/home/agilex/agilex_ws/install/nav2_smac_planner:/home/agilex/agilex_ws/install/nav2_rotation_shim_controller:/home/agilex/agilex_ws/install/nav2_regulated_pure_pursuit_controller:/home/agilex/agilex_ws/install/nav2_planner:/home/agilex/agilex_ws/install/nav2_navfn_planner:/home/agilex/agilex_ws/install/nav2_constrained_smoother:/home/agilex/agilex_ws/install/nav2_bt_navigator:/home/agilex/agilex_ws/install/nav2_behaviors:/home/agilex/agilex_ws/install/costmap_queue:/home/agilex/agilex_ws/install/costmap_converter:/home/agilex/agilex_ws/install/nav2_rviz_plugins:/home/agilex/agilex_ws/install/nav2_map_server:/home/agilex/agilex_ws/install/nav2_lifecycle_manager:/home/agilex/agilex_ws/install/nav2_amcl:/home/agilex/agilex_ws/install/magic_enum:/home/agilex/agilex_ws/install/limo_visions:/home/agilex/agilex_ws/install/limo_base:/home/agilex/agilex_ws/install/limo_msgs:/home/agilex/agilex_ws/install/limo_description:/home/agilex/agilex_ws/install/limo_car:/home/agilex/agilex_ws/install/libuvc:/home/agilex/agilex_ws/install/glog:/home/agilex/agilex_ws/install/csm:/home/agilex/agilex_ws/install/costmap_converter_msgs:/home/agilex/agilex_ws/install/astra_camera:/home/agilex/agilex_ws/install/astra_camera_msgs:/home/agilex/agilex_ws/install/aruco_ros:/home/agilex/agilex_ws/install/aruco_msgs:/home/agilex/agilex_ws/install/aruco:/home/agilex/agilex_ws/install/yolov5_ros2:/home/agilex/agilex_ws/install/nav2_simple_commander:/opt/ros/humble LD_LIBRARY_PATH=/home/agilex/agilex_ws/install/nav2_costmap_2d/lib:/home/agilex/agilex_ws/install/nav2_behavior_tree/lib:/home/agilex/agilex_ws/install/nav2_util/lib:/home/agilex/agilex_ws/install/nav2_voxel_grid/lib:/home/agilex/agilex_ws/install/nav2_msgs/lib:/home/agilex/agilex_ws/install/teb_local_planner/lib:/home/agilex/agilex_ws/install/teb_msgs/lib:/home/agilex/agilex_ws/install/nav2_smoother/lib:/home/agilex/agilex_ws/install/nav2_controller/lib:/home/agilex/agilex_ws/install/dwb_plugins/lib:/home/agilex/agilex_ws/install/dwb_critics/lib:/home/agilex/agilex_ws/install/dwb_core/lib:/home/agilex/agilex_ws/install/nav_2d_utils/lib:/home/agilex/agilex_ws/install/dwb_msgs/lib:/home/agilex/agilex_ws/install/nav_2d_msgs/lib:/home/agilex/agilex_ws/install/nav2_waypoint_follower/lib:/home/agilex/agilex_ws/install/nav2_theta_star_planner/lib:/home/agilex/agilex_ws/install/nav2_smac_planner/lib:/home/agilex/agilex_ws/install/nav2_rotation_shim_controller/lib:/home/agilex/agilex_ws/install/nav2_regulated_pure_pursuit_controller/lib:/home/agilex/agilex_ws/install/nav2_planner/lib:/home/agilex/agilex_ws/install/nav2_navfn_planner/lib:/home/agilex/agilex_ws/install/nav2_constrained_smoother/lib:/home/agilex/agilex_ws/install/nav2_bt_navigator/lib:/home/agilex/agilex_ws/install/nav2_behaviors/lib:/home/agilex/agilex_ws/install/costmap_queue/lib:/home/agilex/agilex_ws/install/costmap_converter/lib:/home/agilex/agilex_ws/install/nav2_rviz_plugins/lib:/home/agilex/agilex_ws/install/nav2_map_server/lib:/home/agilex/agilex_ws/install/nav2_lifecycle_manager/lib:/home/agilex/agilex_ws/install/nav2_amcl/lib:/home/agilex/agilex_ws/install/limo_msgs/lib:/home/agilex/agilex_ws/install/libuvc/lib:/home/agilex/agilex_ws/install/glog/lib:/home/agilex/agilex_ws/install/csm/lib:/home/agilex/agilex_ws/install/costmap_converter_msgs/lib:/home/agilex/agilex_ws/install/astra_camera/lib:/home/agilex/agilex_ws/install/astra_camera_msgs/lib:/home/agilex/agilex_ws/install/aruco_ros/lib:/home/agilex/agilex_ws/install/aruco_msgs/lib:/home/agilex/agilex_ws/install/aruco/lib:/usr/lib/x86_64-linux-gnu/gazebo-11/plugins:/opt/ros/humble/opt/rviz_ogre_vendor/lib:/opt/ros/humble/lib/x86_64-linux-gnu:/opt/ros/humble/lib /usr/bin/cmake --build /home/agilex/agilex_ws/build/nav2_behaviors -- -j8 -l8
[0.484s] -- Found ament_cmake: 1.3.6 (/opt/ros/humble/share/ament_cmake/cmake)
[0.721s] -- Found Python3: /usr/bin/python3.10 (found version "3.10.12") found components: Interpreter 
[0.968s] -- Found nav2_common: 1.1.0 (/home/agilex/agilex_ws/install/nav2_common/share/nav2_common/cmake)
[0.968s] -- Found rclcpp: 16.0.7 (/opt/ros/humble/share/rclcpp/cmake)
[1.047s] -- Found rosidl_generator_c: 3.1.5 (/opt/ros/humble/share/rosidl_generator_c/cmake)
[1.051s] -- Found rosidl_adapter: 3.1.5 (/opt/ros/humble/share/rosidl_adapter/cmake)
[1.059s] -- Found rosidl_generator_cpp: 3.1.5 (/opt/ros/humble/share/rosidl_generator_cpp/cmake)
[1.092s] -- Using all available rosidl_typesupport_c: rosidl_typesupport_fastrtps_c;rosidl_typesupport_introspection_c
[1.131s] -- Using all available rosidl_typesupport_cpp: rosidl_typesupport_fastrtps_cpp;rosidl_typesupport_introspection_cpp
[1.290s] -- Found rmw_implementation_cmake: 6.1.1 (/opt/ros/humble/share/rmw_implementation_cmake/cmake)
[1.311s] -- Found rmw_fastrtps_cpp: 6.2.5 (/opt/ros/humble/share/rmw_fastrtps_cpp/cmake)
[1.596s] -- Using RMW implementation 'rmw_fastrtps_cpp' as default
[2.043s] -- Found rclcpp_action: 16.0.7 (/opt/ros/humble/share/rclcpp_action/cmake)
[2.277s] -- Found rclcpp_lifecycle: 16.0.7 (/opt/ros/humble/share/rclcpp_lifecycle/cmake)
[2.376s] -- Found rclcpp_components: 16.0.7 (/opt/ros/humble/share/rclcpp_components/cmake)
[2.550s] -- Found nav2_behavior_tree: 1.1.0 (/home/agilex/agilex_ws/install/nav2_behavior_tree/share/nav2_behavior_tree/cmake)
[4.006s] -- Found eigen3_cmake_module: 0.1.1 (/opt/ros/humble/share/eigen3_cmake_module/cmake)
[4.014s] -- Ensuring Eigen3 include directory is part of orocos-kdl CMake target
[6.106s] -- Found nav2_costmap_2d: 1.1.0 (/home/agilex/agilex_ws/install/nav2_costmap_2d/share/nav2_costmap_2d/cmake)
[8.485s] -- Found nav2_core: 1.1.0 (/home/agilex/agilex_ws/install/nav2_core/share/nav2_core/cmake)
[65.667s] -- Found ament_lint_auto: 0.12.9 (/opt/ros/humble/share/ament_lint_auto/cmake)
[65.751s] -- Found gtest sources under '/opt/ros/humble/src/gtest_vendor': C++ tests using 'Google Test' will be built
[73.149s] -- Added test 'copyright' to check source files copyright and LICENSE
[73.150s] -- Added test 'cppcheck' to perform static code analysis on C / C++ code
[73.151s] -- Configured cppcheck include dirs: /home/agilex/agilex_ws/src/navigation2/nav2_behaviors/include
[73.152s] -- Configured cppcheck exclude dirs and/or files: 
[73.153s] -- Added test 'cpplint' to check C / C++ code against the Google style
[73.153s] -- Configured cpplint exclude dirs and/or files: 
[73.153s] -- Added test 'lint_cmake' to check CMake code style
[73.154s] -- Added test 'uncrustify' to check C / C++ code style
[73.154s] -- Configured uncrustify additional arguments: 
[73.154s] -- Added test 'xmllint' to check XML markup files
[73.157s] -- Configuring done
[73.386s] -- Generating done
[73.389s] -- Build files have been written to: /home/agilex/agilex_ws/build/nav2_behaviors
[73.437s] [35m[1mConsolidate compiler generated dependencies of target gtest_main[0m
[73.437s] [35m[1mConsolidate compiler generated dependencies of target gtest[0m
[73.437s] [35m[1mConsolidate compiler generated dependencies of target nav2_drive_on_heading_behavior[0m
[73.437s] [35m[1mConsolidate compiler generated dependencies of target nav2_back_up_behavior[0m
[73.438s] [35m[1mConsolidate compiler generated dependencies of target nav2_spin_behavior[0m
[73.440s] [35m[1mConsolidate compiler generated dependencies of target nav2_wait_behavior[0m
[73.443s] [35m[1mConsolidate compiler generated dependencies of target behavior_server_core[0m
[73.461s] [  5%] [32mBuilding CXX object gtest/CMakeFiles/gtest.dir/src/gtest-all.cc.o[0m
[73.462s] [ 11%] [32mBuilding CXX object gtest/CMakeFiles/gtest_main.dir/src/gtest_main.cc.o[0m
[73.474s] [ 16%] [32mBuilding CXX object CMakeFiles/nav2_wait_behavior.dir/plugins/wait.cpp.o[0m
[73.475s] [ 22%] [32mBuilding CXX object CMakeFiles/nav2_drive_on_heading_behavior.dir/plugins/drive_on_heading.cpp.o[0m
[73.476s] [ 27%] [32mBuilding CXX object CMakeFiles/nav2_spin_behavior.dir/plugins/spin.cpp.o[0m
[73.484s] [ 33%] [32mBuilding CXX object CMakeFiles/nav2_back_up_behavior.dir/plugins/back_up.cpp.o[0m
[73.493s] [ 38%] [32mBuilding CXX object CMakeFiles/behavior_server_core.dir/src/behavior_server.cpp.o[0m
[74.518s] [ 44%] [32m[1mLinking CXX static library libgtest_main.a[0m
[74.556s] [ 44%] Built target gtest_main
[81.622s] [ 50%] [32m[1mLinking CXX static library libgtest.a[0m
[81.666s] [ 50%] Built target gtest
[81.683s] [35m[1mConsolidate compiler generated dependencies of target test_behaviors[0m
[81.714s] [ 55%] [32mBuilding CXX object test/CMakeFiles/test_behaviors.dir/test_behaviors.cpp.o[0m
[82.771s] [ 61%] [32m[1mLinking CXX shared library libnav2_wait_behavior.so[0m
[82.878s] [ 66%] [32m[1mLinking CXX shared library libnav2_spin_behavior.so[0m
[82.898s] [ 72%] [32m[1mLinking CXX shared library libnav2_drive_on_heading_behavior.so[0m
[82.949s] [ 77%] [32m[1mLinking CXX shared library libnav2_back_up_behavior.so[0m
[83.088s] [ 77%] Built target nav2_wait_behavior
[83.219s] [ 77%] Built target nav2_spin_behavior
[83.239s] [ 77%] Built target nav2_drive_on_heading_behavior
[83.284s] [ 77%] Built target nav2_back_up_behavior
[83.840s] [ 83%] [32m[1mLinking CXX shared library libbehavior_server_core.so[0m
[84.062s] [ 83%] Built target behavior_server_core
[84.074s] [35m[1mConsolidate compiler generated dependencies of target behavior_server[0m
[84.094s] [ 88%] [32mBuilding CXX object CMakeFiles/behavior_server.dir/src/main.cpp.o[0m
[87.873s] [ 94%] [32m[1mLinking CXX executable behavior_server[0m
[88.080s] [ 94%] Built target behavior_server
[91.598s] [100%] [32m[1mLinking CXX executable test_behaviors[0m
[91.869s] [100%] Built target test_behaviors
[91.879s] Invoked command in '/home/agilex/agilex_ws/build/nav2_behaviors' returned '0': CMAKE_PREFIX_PATH=/home/agilex/agilex_ws/install/nav2_core:/home/agilex/agilex_ws/install/nav2_costmap_2d:/home/agilex/agilex_ws/install/nav2_behavior_tree:/home/agilex/agilex_ws/install/nav2_util:/home/agilex/agilex_ws/install/nav2_voxel_grid:/home/agilex/agilex_ws/install/nav2_msgs:/home/agilex/agilex_ws/install/nav2_common:/home/agilex/agilex_ws/install/ydlidar_sdk:/home/agilex/agilex_ws/install/ydlidar_ros2_driver:/home/agilex/agilex_ws/install/teb_local_planner:/home/agilex/agilex_ws/install/teb_msgs:/home/agilex/agilex_ws/install/rf2o_laser_odometry:/home/agilex/agilex_ws/install/nav2_system_tests:/home/agilex/agilex_ws/install/nav2_bringup:/home/agilex/agilex_ws/install/navigation2:/home/agilex/agilex_ws/install/nav2_smoother:/home/agilex/agilex_ws/install/nav2_dwb_controller:/home/agilex/agilex_ws/install/limo_bringup:/home/agilex/agilex_ws/install/nav2_controller:/home/agilex/agilex_ws/install/dwb_plugins:/home/agilex/agilex_ws/install/dwb_critics:/home/agilex/agilex_ws/install/dwb_core:/home/agilex/agilex_ws/install/nav_2d_utils:/home/agilex/agilex_ws/install/dwb_msgs:/home/agilex/agilex_ws/install/nav_2d_msgs:/home/agilex/agilex_ws/install/nav2_waypoint_follower:/home/agilex/agilex_ws/install/nav2_theta_star_planner:/home/agilex/agilex_ws/install/nav2_smac_planner:/home/agilex/agilex_ws/install/nav2_rotation_shim_controller:/home/agilex/agilex_ws/install/nav2_regulated_pure_pursuit_controller:/home/agilex/agilex_ws/install/nav2_planner:/home/agilex/agilex_ws/install/nav2_navfn_planner:/home/agilex/agilex_ws/install/nav2_constrained_smoother:/home/agilex/agilex_ws/install/nav2_bt_navigator:/home/agilex/agilex_ws/install/nav2_behaviors:/home/agilex/agilex_ws/install/costmap_queue:/home/agilex/agilex_ws/install/costmap_converter:/home/agilex/agilex_ws/install/nav2_rviz_plugins:/home/agilex/agilex_ws/install/nav2_map_server:/home/agilex/agilex_ws/install/nav2_lifecycle_manager:/home/agilex/agilex_ws/install/nav2_amcl:/home/agilex/agilex_ws/install/magic_enum:/home/agilex/agilex_ws/install/limo_visions:/home/agilex/agilex_ws/install/limo_base:/home/agilex/agilex_ws/install/limo_msgs:/home/agilex/agilex_ws/install/limo_description:/home/agilex/agilex_ws/install/limo_car:/home/agilex/agilex_ws/install/libuvc:/home/agilex/agilex_ws/install/glog:/home/agilex/agilex_ws/install/csm:/home/agilex/agilex_ws/install/costmap_converter_msgs:/home/agilex/agilex_ws/install/astra_camera:/home/agilex/agilex_ws/install/astra_camera_msgs:/home/agilex/agilex_ws/install/aruco_ros:/home/agilex/agilex_ws/install/aruco_msgs:/home/agilex/agilex_ws/install/aruco:/home/agilex/agilex_ws/install/yolov5_ros2:/home/agilex/agilex_ws/install/nav2_simple_commander:/opt/ros/humble LD_LIBRARY_PATH=/home/agilex/agilex_ws/install/nav2_costmap_2d/lib:/home/agilex/agilex_ws/install/nav2_behavior_tree/lib:/home/agilex/agilex_ws/install/nav2_util/lib:/home/agilex/agilex_ws/install/nav2_voxel_grid/lib:/home/agilex/agilex_ws/install/nav2_msgs/lib:/home/agilex/agilex_ws/install/teb_local_planner/lib:/home/agilex/agilex_ws/install/teb_msgs/lib:/home/agilex/agilex_ws/install/nav2_smoother/lib:/home/agilex/agilex_ws/install/nav2_controller/lib:/home/agilex/agilex_ws/install/dwb_plugins/lib:/home/agilex/agilex_ws/install/dwb_critics/lib:/home/agilex/agilex_ws/install/dwb_core/lib:/home/agilex/agilex_ws/install/nav_2d_utils/lib:/home/agilex/agilex_ws/install/dwb_msgs/lib:/home/agilex/agilex_ws/install/nav_2d_msgs/lib:/home/agilex/agilex_ws/install/nav2_waypoint_follower/lib:/home/agilex/agilex_ws/install/nav2_theta_star_planner/lib:/home/agilex/agilex_ws/install/nav2_smac_planner/lib:/home/agilex/agilex_ws/install/nav2_rotation_shim_controller/lib:/home/agilex/agilex_ws/install/nav2_regulated_pure_pursuit_controller/lib:/home/agilex/agilex_ws/install/nav2_planner/lib:/home/agilex/agilex_ws/install/nav2_navfn_planner/lib:/home/agilex/agilex_ws/install/nav2_constrained_smoother/lib:/home/agilex/agilex_ws/install/nav2_bt_navigator/lib:/home/agilex/agilex_ws/install/nav2_behaviors/lib:/home/agilex/agilex_ws/install/costmap_queue/lib:/home/agilex/agilex_ws/install/costmap_converter/lib:/home/agilex/agilex_ws/install/nav2_rviz_plugins/lib:/home/agilex/agilex_ws/install/nav2_map_server/lib:/home/agilex/agilex_ws/install/nav2_lifecycle_manager/lib:/home/agilex/agilex_ws/install/nav2_amcl/lib:/home/agilex/agilex_ws/install/limo_msgs/lib:/home/agilex/agilex_ws/install/libuvc/lib:/home/agilex/agilex_ws/install/glog/lib:/home/agilex/agilex_ws/install/csm/lib:/home/agilex/agilex_ws/install/costmap_converter_msgs/lib:/home/agilex/agilex_ws/install/astra_camera/lib:/home/agilex/agilex_ws/install/astra_camera_msgs/lib:/home/agilex/agilex_ws/install/aruco_ros/lib:/home/agilex/agilex_ws/install/aruco_msgs/lib:/home/agilex/agilex_ws/install/aruco/lib:/usr/lib/x86_64-linux-gnu/gazebo-11/plugins:/opt/ros/humble/opt/rviz_ogre_vendor/lib:/opt/ros/humble/lib/x86_64-linux-gnu:/opt/ros/humble/lib /usr/bin/cmake --build /home/agilex/agilex_ws/build/nav2_behaviors -- -j8 -l8
[91.993s] Invoking command in '/home/agilex/agilex_ws/build/nav2_behaviors': CMAKE_PREFIX_PATH=/home/agilex/agilex_ws/install/nav2_core:/home/agilex/agilex_ws/install/nav2_costmap_2d:/home/agilex/agilex_ws/install/nav2_behavior_tree:/home/agilex/agilex_ws/install/nav2_util:/home/agilex/agilex_ws/install/nav2_voxel_grid:/home/agilex/agilex_ws/install/nav2_msgs:/home/agilex/agilex_ws/install/nav2_common:/home/agilex/agilex_ws/install/ydlidar_sdk:/home/agilex/agilex_ws/install/ydlidar_ros2_driver:/home/agilex/agilex_ws/install/teb_local_planner:/home/agilex/agilex_ws/install/teb_msgs:/home/agilex/agilex_ws/install/rf2o_laser_odometry:/home/agilex/agilex_ws/install/nav2_system_tests:/home/agilex/agilex_ws/install/nav2_bringup:/home/agilex/agilex_ws/install/navigation2:/home/agilex/agilex_ws/install/nav2_smoother:/home/agilex/agilex_ws/install/nav2_dwb_controller:/home/agilex/agilex_ws/install/limo_bringup:/home/agilex/agilex_ws/install/nav2_controller:/home/agilex/agilex_ws/install/dwb_plugins:/home/agilex/agilex_ws/install/dwb_critics:/home/agilex/agilex_ws/install/dwb_core:/home/agilex/agilex_ws/install/nav_2d_utils:/home/agilex/agilex_ws/install/dwb_msgs:/home/agilex/agilex_ws/install/nav_2d_msgs:/home/agilex/agilex_ws/install/nav2_waypoint_follower:/home/agilex/agilex_ws/install/nav2_theta_star_planner:/home/agilex/agilex_ws/install/nav2_smac_planner:/home/agilex/agilex_ws/install/nav2_rotation_shim_controller:/home/agilex/agilex_ws/install/nav2_regulated_pure_pursuit_controller:/home/agilex/agilex_ws/install/nav2_planner:/home/agilex/agilex_ws/install/nav2_navfn_planner:/home/agilex/agilex_ws/install/nav2_constrained_smoother:/home/agilex/agilex_ws/install/nav2_bt_navigator:/home/agilex/agilex_ws/install/nav2_behaviors:/home/agilex/agilex_ws/install/costmap_queue:/home/agilex/agilex_ws/install/costmap_converter:/home/agilex/agilex_ws/install/nav2_rviz_plugins:/home/agilex/agilex_ws/install/nav2_map_server:/home/agilex/agilex_ws/install/nav2_lifecycle_manager:/home/agilex/agilex_ws/install/nav2_amcl:/home/agilex/agilex_ws/install/magic_enum:/home/agilex/agilex_ws/install/limo_visions:/home/agilex/agilex_ws/install/limo_base:/home/agilex/agilex_ws/install/limo_msgs:/home/agilex/agilex_ws/install/limo_description:/home/agilex/agilex_ws/install/limo_car:/home/agilex/agilex_ws/install/libuvc:/home/agilex/agilex_ws/install/glog:/home/agilex/agilex_ws/install/csm:/home/agilex/agilex_ws/install/costmap_converter_msgs:/home/agilex/agilex_ws/install/astra_camera:/home/agilex/agilex_ws/install/astra_camera_msgs:/home/agilex/agilex_ws/install/aruco_ros:/home/agilex/agilex_ws/install/aruco_msgs:/home/agilex/agilex_ws/install/aruco:/home/agilex/agilex_ws/install/yolov5_ros2:/home/agilex/agilex_ws/install/nav2_simple_commander:/opt/ros/humble LD_LIBRARY_PATH=/home/agilex/agilex_ws/install/nav2_costmap_2d/lib:/home/agilex/agilex_ws/install/nav2_behavior_tree/lib:/home/agilex/agilex_ws/install/nav2_util/lib:/home/agilex/agilex_ws/install/nav2_voxel_grid/lib:/home/agilex/agilex_ws/install/nav2_msgs/lib:/home/agilex/agilex_ws/install/teb_local_planner/lib:/home/agilex/agilex_ws/install/teb_msgs/lib:/home/agilex/agilex_ws/install/nav2_smoother/lib:/home/agilex/agilex_ws/install/nav2_controller/lib:/home/agilex/agilex_ws/install/dwb_plugins/lib:/home/agilex/agilex_ws/install/dwb_critics/lib:/home/agilex/agilex_ws/install/dwb_core/lib:/home/agilex/agilex_ws/install/nav_2d_utils/lib:/home/agilex/agilex_ws/install/dwb_msgs/lib:/home/agilex/agilex_ws/install/nav_2d_msgs/lib:/home/agilex/agilex_ws/install/nav2_waypoint_follower/lib:/home/agilex/agilex_ws/install/nav2_theta_star_planner/lib:/home/agilex/agilex_ws/install/nav2_smac_planner/lib:/home/agilex/agilex_ws/install/nav2_rotation_shim_controller/lib:/home/agilex/agilex_ws/install/nav2_regulated_pure_pursuit_controller/lib:/home/agilex/agilex_ws/install/nav2_planner/lib:/home/agilex/agilex_ws/install/nav2_navfn_planner/lib:/home/agilex/agilex_ws/install/nav2_constrained_smoother/lib:/home/agilex/agilex_ws/install/nav2_bt_navigator/lib:/home/agilex/agilex_ws/install/nav2_behaviors/lib:/home/agilex/agilex_ws/install/costmap_queue/lib:/home/agilex/agilex_ws/install/costmap_converter/lib:/home/agilex/agilex_ws/install/nav2_rviz_plugins/lib:/home/agilex/agilex_ws/install/nav2_map_server/lib:/home/agilex/agilex_ws/install/nav2_lifecycle_manager/lib:/home/agilex/agilex_ws/install/nav2_amcl/lib:/home/agilex/agilex_ws/install/limo_msgs/lib:/home/agilex/agilex_ws/install/libuvc/lib:/home/agilex/agilex_ws/install/glog/lib:/home/agilex/agilex_ws/install/csm/lib:/home/agilex/agilex_ws/install/costmap_converter_msgs/lib:/home/agilex/agilex_ws/install/astra_camera/lib:/home/agilex/agilex_ws/install/astra_camera_msgs/lib:/home/agilex/agilex_ws/install/aruco_ros/lib:/home/agilex/agilex_ws/install/aruco_msgs/lib:/home/agilex/agilex_ws/install/aruco/lib:/usr/lib/x86_64-linux-gnu/gazebo-11/plugins:/opt/ros/humble/opt/rviz_ogre_vendor/lib:/opt/ros/humble/lib/x86_64-linux-gnu:/opt/ros/humble/lib /usr/bin/cmake --install /home/agilex/agilex_ws/build/nav2_behaviors
[92.022s] -- Install configuration: "Release"
[92.022s] -- Up-to-date: /home/agilex/agilex_ws/install/nav2_behaviors/share/nav2_behaviors/behavior_plugin.xml
[92.024s] -- Installing: /home/agilex/agilex_ws/install/nav2_behaviors/lib/libbehavior_server_core.so
[92.027s] -- Set runtime path of "/home/agilex/agilex_ws/install/nav2_behaviors/lib/libbehavior_server_core.so" to ""
[92.028s] -- Installing: /home/agilex/agilex_ws/install/nav2_behaviors/lib/libnav2_spin_behavior.so
[92.031s] -- Set runtime path of "/home/agilex/agilex_ws/install/nav2_behaviors/lib/libnav2_spin_behavior.so" to ""
[92.032s] -- Installing: /home/agilex/agilex_ws/install/nav2_behaviors/lib/libnav2_wait_behavior.so
[92.035s] -- Set runtime path of "/home/agilex/agilex_ws/install/nav2_behaviors/lib/libnav2_wait_behavior.so" to ""
[92.036s] -- Installing: /home/agilex/agilex_ws/install/nav2_behaviors/lib/libnav2_drive_on_heading_behavior.so
[92.039s] -- Set runtime path of "/home/agilex/agilex_ws/install/nav2_behaviors/lib/libnav2_drive_on_heading_behavior.so" to ""
[92.040s] -- Installing: /home/agilex/agilex_ws/install/nav2_behaviors/lib/libnav2_back_up_behavior.so
[92.043s] -- Set runtime path of "/home/agilex/agilex_ws/install/nav2_behaviors/lib/libnav2_back_up_behavior.so" to ""
[92.043s] -- Installing: /home/agilex/agilex_ws/install/nav2_behaviors/lib/nav2_behaviors/behavior_server
[92.046s] -- Set runtime path of "/home/agilex/agilex_ws/install/nav2_behaviors/lib/nav2_behaviors/behavior_server" to ""
[92.046s] -- Up-to-date: /home/agilex/agilex_ws/install/nav2_behaviors/include/
[92.047s] -- Up-to-date: /home/agilex/agilex_ws/install/nav2_behaviors/include//nav2_behaviors
[92.047s] -- Up-to-date: /home/agilex/agilex_ws/install/nav2_behaviors/include//nav2_behaviors/timed_behavior.hpp
[92.047s] -- Up-to-date: /home/agilex/agilex_ws/install/nav2_behaviors/include//nav2_behaviors/behavior_server.hpp
[92.047s] -- Up-to-date: /home/agilex/agilex_ws/install/nav2_behaviors/share/nav2_behaviors/behavior_plugin.xml
[92.047s] -- Up-to-date: /home/agilex/agilex_ws/install/nav2_behaviors/share/nav2_behaviors/environment/library_path.sh
[92.048s] -- Installing: /home/agilex/agilex_ws/install/nav2_behaviors/share/nav2_behaviors/environment/library_path.dsv
[92.048s] -- Up-to-date: /home/agilex/agilex_ws/install/nav2_behaviors/share/ament_index/resource_index/package_run_dependencies/nav2_behaviors
[92.048s] -- Installing: /home/agilex/agilex_ws/install/nav2_behaviors/share/ament_index/resource_index/parent_prefix_path/nav2_behaviors
[92.048s] -- Installing: /home/agilex/agilex_ws/install/nav2_behaviors/share/nav2_behaviors/environment/ament_prefix_path.sh
[92.048s] -- Installing: /home/agilex/agilex_ws/install/nav2_behaviors/share/nav2_behaviors/environment/ament_prefix_path.dsv
[92.049s] -- Installing: /home/agilex/agilex_ws/install/nav2_behaviors/share/nav2_behaviors/environment/path.sh
[92.049s] -- Installing: /home/agilex/agilex_ws/install/nav2_behaviors/share/nav2_behaviors/environment/path.dsv
[92.049s] -- Up-to-date: /home/agilex/agilex_ws/install/nav2_behaviors/share/nav2_behaviors/local_setup.bash
[92.049s] -- Up-to-date: /home/agilex/agilex_ws/install/nav2_behaviors/share/nav2_behaviors/local_setup.sh
[92.050s] -- Up-to-date: /home/agilex/agilex_ws/install/nav2_behaviors/share/nav2_behaviors/local_setup.zsh
[92.050s] -- Installing: /home/agilex/agilex_ws/install/nav2_behaviors/share/nav2_behaviors/local_setup.dsv
[92.050s] -- Installing: /home/agilex/agilex_ws/install/nav2_behaviors/share/nav2_behaviors/package.dsv
[92.050s] -- Up-to-date: /home/agilex/agilex_ws/install/nav2_behaviors/share/ament_index/resource_index/packages/nav2_behaviors
[92.050s] -- Up-to-date: /home/agilex/agilex_ws/install/nav2_behaviors/share/ament_index/resource_index/nav2_core__pluginlib__plugin/nav2_behaviors
[92.051s] -- Up-to-date: /home/agilex/agilex_ws/install/nav2_behaviors/share/ament_index/resource_index/rclcpp_components/nav2_behaviors
[92.051s] -- Up-to-date: /home/agilex/agilex_ws/install/nav2_behaviors/share/nav2_behaviors/cmake/ament_cmake_export_include_directories-extras.cmake
[92.051s] -- Up-to-date: /home/agilex/agilex_ws/install/nav2_behaviors/share/nav2_behaviors/cmake/ament_cmake_export_libraries-extras.cmake
[92.051s] -- Up-to-date: /home/agilex/agilex_ws/install/nav2_behaviors/share/nav2_behaviors/cmake/ament_cmake_export_dependencies-extras.cmake
[92.051s] -- Up-to-date: /home/agilex/agilex_ws/install/nav2_behaviors/share/nav2_behaviors/cmake/nav2_behaviorsConfig.cmake
[92.051s] -- Up-to-date: /home/agilex/agilex_ws/install/nav2_behaviors/share/nav2_behaviors/cmake/nav2_behaviorsConfig-version.cmake
[92.052s] -- Up-to-date: /home/agilex/agilex_ws/install/nav2_behaviors/share/nav2_behaviors/package.xml
[92.053s] Invoked command in '/home/agilex/agilex_ws/build/nav2_behaviors' returned '0': CMAKE_PREFIX_PATH=/home/agilex/agilex_ws/install/nav2_core:/home/agilex/agilex_ws/install/nav2_costmap_2d:/home/agilex/agilex_ws/install/nav2_behavior_tree:/home/agilex/agilex_ws/install/nav2_util:/home/agilex/agilex_ws/install/nav2_voxel_grid:/home/agilex/agilex_ws/install/nav2_msgs:/home/agilex/agilex_ws/install/nav2_common:/home/agilex/agilex_ws/install/ydlidar_sdk:/home/agilex/agilex_ws/install/ydlidar_ros2_driver:/home/agilex/agilex_ws/install/teb_local_planner:/home/agilex/agilex_ws/install/teb_msgs:/home/agilex/agilex_ws/install/rf2o_laser_odometry:/home/agilex/agilex_ws/install/nav2_system_tests:/home/agilex/agilex_ws/install/nav2_bringup:/home/agilex/agilex_ws/install/navigation2:/home/agilex/agilex_ws/install/nav2_smoother:/home/agilex/agilex_ws/install/nav2_dwb_controller:/home/agilex/agilex_ws/install/limo_bringup:/home/agilex/agilex_ws/install/nav2_controller:/home/agilex/agilex_ws/install/dwb_plugins:/home/agilex/agilex_ws/install/dwb_critics:/home/agilex/agilex_ws/install/dwb_core:/home/agilex/agilex_ws/install/nav_2d_utils:/home/agilex/agilex_ws/install/dwb_msgs:/home/agilex/agilex_ws/install/nav_2d_msgs:/home/agilex/agilex_ws/install/nav2_waypoint_follower:/home/agilex/agilex_ws/install/nav2_theta_star_planner:/home/agilex/agilex_ws/install/nav2_smac_planner:/home/agilex/agilex_ws/install/nav2_rotation_shim_controller:/home/agilex/agilex_ws/install/nav2_regulated_pure_pursuit_controller:/home/agilex/agilex_ws/install/nav2_planner:/home/agilex/agilex_ws/install/nav2_navfn_planner:/home/agilex/agilex_ws/install/nav2_constrained_smoother:/home/agilex/agilex_ws/install/nav2_bt_navigator:/home/agilex/agilex_ws/install/nav2_behaviors:/home/agilex/agilex_ws/install/costmap_queue:/home/agilex/agilex_ws/install/costmap_converter:/home/agilex/agilex_ws/install/nav2_rviz_plugins:/home/agilex/agilex_ws/install/nav2_map_server:/home/agilex/agilex_ws/install/nav2_lifecycle_manager:/home/agilex/agilex_ws/install/nav2_amcl:/home/agilex/agilex_ws/install/magic_enum:/home/agilex/agilex_ws/install/limo_visions:/home/agilex/agilex_ws/install/limo_base:/home/agilex/agilex_ws/install/limo_msgs:/home/agilex/agilex_ws/install/limo_description:/home/agilex/agilex_ws/install/limo_car:/home/agilex/agilex_ws/install/libuvc:/home/agilex/agilex_ws/install/glog:/home/agilex/agilex_ws/install/csm:/home/agilex/agilex_ws/install/costmap_converter_msgs:/home/agilex/agilex_ws/install/astra_camera:/home/agilex/agilex_ws/install/astra_camera_msgs:/home/agilex/agilex_ws/install/aruco_ros:/home/agilex/agilex_ws/install/aruco_msgs:/home/agilex/agilex_ws/install/aruco:/home/agilex/agilex_ws/install/yolov5_ros2:/home/agilex/agilex_ws/install/nav2_simple_commander:/opt/ros/humble LD_LIBRARY_PATH=/home/agilex/agilex_ws/install/nav2_costmap_2d/lib:/home/agilex/agilex_ws/install/nav2_behavior_tree/lib:/home/agilex/agilex_ws/install/nav2_util/lib:/home/agilex/agilex_ws/install/nav2_voxel_grid/lib:/home/agilex/agilex_ws/install/nav2_msgs/lib:/home/agilex/agilex_ws/install/teb_local_planner/lib:/home/agilex/agilex_ws/install/teb_msgs/lib:/home/agilex/agilex_ws/install/nav2_smoother/lib:/home/agilex/agilex_ws/install/nav2_controller/lib:/home/agilex/agilex_ws/install/dwb_plugins/lib:/home/agilex/agilex_ws/install/dwb_critics/lib:/home/agilex/agilex_ws/install/dwb_core/lib:/home/agilex/agilex_ws/install/nav_2d_utils/lib:/home/agilex/agilex_ws/install/dwb_msgs/lib:/home/agilex/agilex_ws/install/nav_2d_msgs/lib:/home/agilex/agilex_ws/install/nav2_waypoint_follower/lib:/home/agilex/agilex_ws/install/nav2_theta_star_planner/lib:/home/agilex/agilex_ws/install/nav2_smac_planner/lib:/home/agilex/agilex_ws/install/nav2_rotation_shim_controller/lib:/home/agilex/agilex_ws/install/nav2_regulated_pure_pursuit_controller/lib:/home/agilex/agilex_ws/install/nav2_planner/lib:/home/agilex/agilex_ws/install/nav2_navfn_planner/lib:/home/agilex/agilex_ws/install/nav2_constrained_smoother/lib:/home/agilex/agilex_ws/install/nav2_bt_navigator/lib:/home/agilex/agilex_ws/install/nav2_behaviors/lib:/home/agilex/agilex_ws/install/costmap_queue/lib:/home/agilex/agilex_ws/install/costmap_converter/lib:/home/agilex/agilex_ws/install/nav2_rviz_plugins/lib:/home/agilex/agilex_ws/install/nav2_map_server/lib:/home/agilex/agilex_ws/install/nav2_lifecycle_manager/lib:/home/agilex/agilex_ws/install/nav2_amcl/lib:/home/agilex/agilex_ws/install/limo_msgs/lib:/home/agilex/agilex_ws/install/libuvc/lib:/home/agilex/agilex_ws/install/glog/lib:/home/agilex/agilex_ws/install/csm/lib:/home/agilex/agilex_ws/install/costmap_converter_msgs/lib:/home/agilex/agilex_ws/install/astra_camera/lib:/home/agilex/agilex_ws/install/astra_camera_msgs/lib:/home/agilex/agilex_ws/install/aruco_ros/lib:/home/agilex/agilex_ws/install/aruco_msgs/lib:/home/agilex/agilex_ws/install/aruco/lib:/usr/lib/x86_64-linux-gnu/gazebo-11/plugins:/opt/ros/humble/opt/rviz_ogre_vendor/lib:/opt/ros/humble/lib/x86_64-linux-gnu:/opt/ros/humble/lib /usr/bin/cmake --install /home/agilex/agilex_ws/build/nav2_behaviors
