-- The CXX compiler identification is GNU 11.3.0
-- Detecting CXX compiler ABI info
-- Detecting CXX compiler ABI info - done
-- Check for working CXX compiler: /usr/bin/c++ - skipped
-- Detecting CXX compile features
-- Detecting CXX compile features - done
-- Performing Test HAS_CPP20_FLAG
-- Performing Test HAS_CPP20_FLAG - Success
-- Configuring done
-- Generating done
-- Build files have been written to: /home/agilex/agilex_ws/build/magic_enum
[  5%] [32mBuilding CXX object example/CMakeFiles/example.dir/example.cpp.o[0m
[ 11%] [32m[1mLinking CXX executable example[0m
[ 11%] Built target example
[ 16%] [32mBuilding CXX object test/CMakeFiles/test-cpp20.dir/test.cpp.o[0m
[ 22%] [32m[1mLinking CXX executable test-cpp20[0m
/usr/bin/c++ CMakeFiles/test-cpp20.dir/test.cpp.o -o test-cpp20 
[ 22%] Built target test-cpp20
[ 27%] [32mBuilding CXX object test/CMakeFiles/test_flags-cpp20.dir/test_flags.cpp.o[0m
[ 33%] [32m[1mLinking CXX executable test_flags-cpp20[0m
/usr/bin/c++ CMakeFiles/test_flags-cpp20.dir/test_flags.cpp.o -o test_flags-cpp20 
[ 33%] Built target test_flags-cpp20
[ 38%] [32mBuilding CXX object test/CMakeFiles/test_flags-cpp17.dir/test_flags.cpp.o[0m
[ 44%] [32m[1mLinking CXX executable test_flags-cpp17[0m
/usr/bin/c++ CMakeFiles/test_flags-cpp17.dir/test_flags.cpp.o -o test_flags-cpp17 
[ 44%] Built target test_flags-cpp17
[ 50%] [32mBuilding CXX object test/CMakeFiles/test-cpp17.dir/test.cpp.o[0m
[ 55%] [32m[1mLinking CXX executable test-cpp17[0m
/usr/bin/c++ CMakeFiles/test-cpp17.dir/test.cpp.o -o test-cpp17 
[ 55%] Built target test-cpp17
[ 61%] [32mBuilding CXX object example/CMakeFiles/example_nonascii_name.dir/example_nonascii_name.cpp.o[0m
[ 66%] [32mBuilding CXX object example/CMakeFiles/example_switch.dir/example_switch.cpp.o[0m
[ 72%] [32m[1mLinking CXX executable example_nonascii_name[0m
[ 77%] [32m[1mLinking CXX executable example_switch[0m
[ 77%] Built target example_nonascii_name
[ 83%] [32mBuilding CXX object example/CMakeFiles/example_custom_name.dir/example_custom_name.cpp.o[0m
[ 83%] Built target example_switch
[ 88%] [32mBuilding CXX object example/CMakeFiles/enum_flag_example.dir/enum_flag_example.cpp.o[0m
[ 94%] [32m[1mLinking CXX executable example_custom_name[0m
[ 94%] Built target example_custom_name
[100%] [32m[1mLinking CXX executable enum_flag_example[0m
[100%] Built target enum_flag_example
-- Install configuration: ""
-- Installing: /home/agilex/agilex_ws/install/magic_enum/lib/cmake/magic_enum/magic_enumConfigVersion.cmake
-- Installing: /home/agilex/agilex_ws/install/magic_enum/lib/cmake/magic_enum/magic_enumConfig.cmake
-- Installing: /home/agilex/agilex_ws/install/magic_enum/./include
-- Installing: /home/agilex/agilex_ws/install/magic_enum/./include/magic_enum.hpp
-- Installing: /home/agilex/agilex_ws/install/magic_enum/./include/magic_enum_fuse.hpp
-- Installing: /home/agilex/agilex_ws/install/magic_enum/share/magic_enum/package.xml
