[0.038s] Invoking command in '/home/agilex/agilex_ws/build/nav2_controller': AMENT_PREFIX_PATH=/home/agilex/agilex_ws/install/nav2_core:/home/agilex/agilex_ws/install/nav2_costmap_2d:/home/agilex/agilex_ws/install/nav_2d_utils:/home/agilex/agilex_ws/install/nav2_util:/home/agilex/agilex_ws/install/nav2_voxel_grid:/home/agilex/agilex_ws/install/nav2_msgs:/home/agilex/agilex_ws/install/nav_2d_msgs:/home/agilex/agilex_ws/install/nav2_common:${AMENT_PREFIX_PATH} CMAKE_PREFIX_PATH=/home/agilex/agilex_ws/install/nav2_core:/home/agilex/agilex_ws/install/nav2_costmap_2d:/home/agilex/agilex_ws/install/nav_2d_utils:/home/agilex/agilex_ws/install/nav2_util:/home/agilex/agilex_ws/install/nav2_voxel_grid:/home/agilex/agilex_ws/install/nav2_msgs:/home/agilex/agilex_ws/install/nav_2d_msgs:/home/agilex/agilex_ws/install/nav2_common:/opt/ros/humble LD_LIBRARY_PATH=/home/agilex/agilex_ws/install/nav2_costmap_2d/lib:/home/agilex/agilex_ws/install/nav_2d_utils/lib:/home/agilex/agilex_ws/install/nav2_util/lib:/home/agilex/agilex_ws/install/nav2_voxel_grid/lib:/home/agilex/agilex_ws/install/nav2_msgs/lib:/home/agilex/agilex_ws/install/nav_2d_msgs/lib:${LD_LIBRARY_PATH} PYTHONPATH=/home/agilex/agilex_ws/install/nav2_msgs/local/lib/python3.10/dist-packages:/home/agilex/agilex_ws/install/nav_2d_msgs/local/lib/python3.10/dist-packages:/home/agilex/agilex_ws/install/nav2_common/local/lib/python3.10/dist-packages:${PYTHONPATH} /usr/bin/cmake --build /home/agilex/agilex_ws/build/nav2_controller -- -j8 -l8
[0.081s] [35m[1mConsolidate compiler generated dependencies of target controller_server_core[0m
[0.082s] [35m[1mConsolidate compiler generated dependencies of target simple_progress_checker[0m
[0.082s] [35m[1mConsolidate compiler generated dependencies of target simple_goal_checker[0m
[0.088s] [35m[1mConsolidate compiler generated dependencies of target gtest_main[0m
[0.105s] [35m[1mConsolidate compiler generated dependencies of target gtest[0m
[0.146s] [ 20%] Built target gtest_main
[0.147s] [ 20%] Built target simple_progress_checker
[0.154s] [ 40%] Built target gtest
[0.157s] [ 40%] Built target simple_goal_checker
[0.161s] [ 50%] Built target controller_server_core
[0.170s] [35m[1mConsolidate compiler generated dependencies of target stopped_goal_checker[0m
[0.172s] [35m[1mConsolidate compiler generated dependencies of target pctest[0m
[0.178s] [35m[1mConsolidate compiler generated dependencies of target test_dynamic_parameters[0m
[0.191s] [35m[1mConsolidate compiler generated dependencies of target controller_server[0m
[0.196s] [ 60%] Built target stopped_goal_checker
[0.207s] [ 70%] Built target test_dynamic_parameters
[0.208s] [ 80%] Built target pctest
[0.217s] [35m[1mConsolidate compiler generated dependencies of target gctest[0m
[0.232s] [ 90%] Built target controller_server
[0.246s] [100%] Built target gctest
[0.273s] Invoked command in '/home/agilex/agilex_ws/build/nav2_controller' returned '0': AMENT_PREFIX_PATH=/home/agilex/agilex_ws/install/nav2_core:/home/agilex/agilex_ws/install/nav2_costmap_2d:/home/agilex/agilex_ws/install/nav_2d_utils:/home/agilex/agilex_ws/install/nav2_util:/home/agilex/agilex_ws/install/nav2_voxel_grid:/home/agilex/agilex_ws/install/nav2_msgs:/home/agilex/agilex_ws/install/nav_2d_msgs:/home/agilex/agilex_ws/install/nav2_common:${AMENT_PREFIX_PATH} CMAKE_PREFIX_PATH=/home/agilex/agilex_ws/install/nav2_core:/home/agilex/agilex_ws/install/nav2_costmap_2d:/home/agilex/agilex_ws/install/nav_2d_utils:/home/agilex/agilex_ws/install/nav2_util:/home/agilex/agilex_ws/install/nav2_voxel_grid:/home/agilex/agilex_ws/install/nav2_msgs:/home/agilex/agilex_ws/install/nav_2d_msgs:/home/agilex/agilex_ws/install/nav2_common:/opt/ros/humble LD_LIBRARY_PATH=/home/agilex/agilex_ws/install/nav2_costmap_2d/lib:/home/agilex/agilex_ws/install/nav_2d_utils/lib:/home/agilex/agilex_ws/install/nav2_util/lib:/home/agilex/agilex_ws/install/nav2_voxel_grid/lib:/home/agilex/agilex_ws/install/nav2_msgs/lib:/home/agilex/agilex_ws/install/nav_2d_msgs/lib:${LD_LIBRARY_PATH} PYTHONPATH=/home/agilex/agilex_ws/install/nav2_msgs/local/lib/python3.10/dist-packages:/home/agilex/agilex_ws/install/nav_2d_msgs/local/lib/python3.10/dist-packages:/home/agilex/agilex_ws/install/nav2_common/local/lib/python3.10/dist-packages:${PYTHONPATH} /usr/bin/cmake --build /home/agilex/agilex_ws/build/nav2_controller -- -j8 -l8
[0.341s] Invoking command in '/home/agilex/agilex_ws/build/nav2_controller': AMENT_PREFIX_PATH=/home/agilex/agilex_ws/install/nav2_core:/home/agilex/agilex_ws/install/nav2_costmap_2d:/home/agilex/agilex_ws/install/nav_2d_utils:/home/agilex/agilex_ws/install/nav2_util:/home/agilex/agilex_ws/install/nav2_voxel_grid:/home/agilex/agilex_ws/install/nav2_msgs:/home/agilex/agilex_ws/install/nav_2d_msgs:/home/agilex/agilex_ws/install/nav2_common:${AMENT_PREFIX_PATH} CMAKE_PREFIX_PATH=/home/agilex/agilex_ws/install/nav2_core:/home/agilex/agilex_ws/install/nav2_costmap_2d:/home/agilex/agilex_ws/install/nav_2d_utils:/home/agilex/agilex_ws/install/nav2_util:/home/agilex/agilex_ws/install/nav2_voxel_grid:/home/agilex/agilex_ws/install/nav2_msgs:/home/agilex/agilex_ws/install/nav_2d_msgs:/home/agilex/agilex_ws/install/nav2_common:/opt/ros/humble LD_LIBRARY_PATH=/home/agilex/agilex_ws/install/nav2_costmap_2d/lib:/home/agilex/agilex_ws/install/nav_2d_utils/lib:/home/agilex/agilex_ws/install/nav2_util/lib:/home/agilex/agilex_ws/install/nav2_voxel_grid/lib:/home/agilex/agilex_ws/install/nav2_msgs/lib:/home/agilex/agilex_ws/install/nav_2d_msgs/lib:${LD_LIBRARY_PATH} PYTHONPATH=/home/agilex/agilex_ws/install/nav2_msgs/local/lib/python3.10/dist-packages:/home/agilex/agilex_ws/install/nav_2d_msgs/local/lib/python3.10/dist-packages:/home/agilex/agilex_ws/install/nav2_common/local/lib/python3.10/dist-packages:${PYTHONPATH} /usr/bin/cmake --install /home/agilex/agilex_ws/build/nav2_controller
[0.394s] -- Install configuration: "Release"
[0.394s] -- Up-to-date: /home/agilex/agilex_ws/install/nav2_controller/lib/libsimple_progress_checker.so
[0.394s] -- Up-to-date: /home/agilex/agilex_ws/install/nav2_controller/lib/libsimple_goal_checker.so
[0.394s] -- Up-to-date: /home/agilex/agilex_ws/install/nav2_controller/lib/libstopped_goal_checker.so
[0.394s] -- Up-to-date: /home/agilex/agilex_ws/install/nav2_controller/lib/libcontroller_server_core.so
[0.394s] -- Up-to-date: /home/agilex/agilex_ws/install/nav2_controller/lib/nav2_controller/controller_server
[0.394s] -- Up-to-date: /home/agilex/agilex_ws/install/nav2_controller/include/
[0.394s] -- Up-to-date: /home/agilex/agilex_ws/install/nav2_controller/include//nav2_controller
[0.396s] -- Up-to-date: /home/agilex/agilex_ws/install/nav2_controller/include//nav2_controller/plugins
[0.396s] -- Up-to-date: /home/agilex/agilex_ws/install/nav2_controller/include//nav2_controller/plugins/stopped_goal_checker.hpp
[0.396s] -- Up-to-date: /home/agilex/agilex_ws/install/nav2_controller/include//nav2_controller/plugins/simple_progress_checker.hpp
[0.396s] -- Up-to-date: /home/agilex/agilex_ws/install/nav2_controller/include//nav2_controller/plugins/simple_goal_checker.hpp
[0.396s] -- Up-to-date: /home/agilex/agilex_ws/install/nav2_controller/include//nav2_controller/controller_server.hpp
[0.396s] -- Up-to-date: /home/agilex/agilex_ws/install/nav2_controller/share/nav2_controller/environment/library_path.sh
[0.397s] -- Up-to-date: /home/agilex/agilex_ws/install/nav2_controller/share/nav2_controller/environment/library_path.dsv
[0.397s] -- Up-to-date: /home/agilex/agilex_ws/install/nav2_controller/share/nav2_controller/plugins.xml
[0.397s] -- Up-to-date: /home/agilex/agilex_ws/install/nav2_controller/share/ament_index/resource_index/package_run_dependencies/nav2_controller
[0.397s] -- Up-to-date: /home/agilex/agilex_ws/install/nav2_controller/share/ament_index/resource_index/parent_prefix_path/nav2_controller
[0.397s] -- Up-to-date: /home/agilex/agilex_ws/install/nav2_controller/share/nav2_controller/environment/ament_prefix_path.sh
[0.397s] -- Up-to-date: /home/agilex/agilex_ws/install/nav2_controller/share/nav2_controller/environment/ament_prefix_path.dsv
[0.399s] -- Up-to-date: /home/agilex/agilex_ws/install/nav2_controller/share/nav2_controller/environment/path.sh
[0.399s] -- Up-to-date: /home/agilex/agilex_ws/install/nav2_controller/share/nav2_controller/environment/path.dsv
[0.399s] -- Up-to-date: /home/agilex/agilex_ws/install/nav2_controller/share/nav2_controller/local_setup.bash
[0.400s] -- Up-to-date: /home/agilex/agilex_ws/install/nav2_controller/share/nav2_controller/local_setup.sh
[0.400s] -- Up-to-date: /home/agilex/agilex_ws/install/nav2_controller/share/nav2_controller/local_setup.zsh
[0.400s] -- Up-to-date: /home/agilex/agilex_ws/install/nav2_controller/share/nav2_controller/local_setup.dsv
[0.403s] -- Installing: /home/agilex/agilex_ws/install/nav2_controller/share/nav2_controller/package.dsv
[0.403s] -- Up-to-date: /home/agilex/agilex_ws/install/nav2_controller/share/ament_index/resource_index/packages/nav2_controller
[0.403s] -- Up-to-date: /home/agilex/agilex_ws/install/nav2_controller/share/ament_index/resource_index/nav2_core__pluginlib__plugin/nav2_controller
[0.403s] -- Up-to-date: /home/agilex/agilex_ws/install/nav2_controller/share/ament_index/resource_index/rclcpp_components/nav2_controller
[0.403s] -- Up-to-date: /home/agilex/agilex_ws/install/nav2_controller/share/nav2_controller/cmake/ament_cmake_export_include_directories-extras.cmake
[0.404s] -- Up-to-date: /home/agilex/agilex_ws/install/nav2_controller/share/nav2_controller/cmake/ament_cmake_export_libraries-extras.cmake
[0.404s] -- Up-to-date: /home/agilex/agilex_ws/install/nav2_controller/share/nav2_controller/cmake/ament_cmake_export_dependencies-extras.cmake
[0.404s] -- Up-to-date: /home/agilex/agilex_ws/install/nav2_controller/share/nav2_controller/cmake/nav2_controllerConfig.cmake
[0.404s] -- Up-to-date: /home/agilex/agilex_ws/install/nav2_controller/share/nav2_controller/cmake/nav2_controllerConfig-version.cmake
[0.404s] -- Up-to-date: /home/agilex/agilex_ws/install/nav2_controller/share/nav2_controller/package.xml
[0.427s] Invoked command in '/home/agilex/agilex_ws/build/nav2_controller' returned '0': AMENT_PREFIX_PATH=/home/agilex/agilex_ws/install/nav2_core:/home/agilex/agilex_ws/install/nav2_costmap_2d:/home/agilex/agilex_ws/install/nav_2d_utils:/home/agilex/agilex_ws/install/nav2_util:/home/agilex/agilex_ws/install/nav2_voxel_grid:/home/agilex/agilex_ws/install/nav2_msgs:/home/agilex/agilex_ws/install/nav_2d_msgs:/home/agilex/agilex_ws/install/nav2_common:${AMENT_PREFIX_PATH} CMAKE_PREFIX_PATH=/home/agilex/agilex_ws/install/nav2_core:/home/agilex/agilex_ws/install/nav2_costmap_2d:/home/agilex/agilex_ws/install/nav_2d_utils:/home/agilex/agilex_ws/install/nav2_util:/home/agilex/agilex_ws/install/nav2_voxel_grid:/home/agilex/agilex_ws/install/nav2_msgs:/home/agilex/agilex_ws/install/nav_2d_msgs:/home/agilex/agilex_ws/install/nav2_common:/opt/ros/humble LD_LIBRARY_PATH=/home/agilex/agilex_ws/install/nav2_costmap_2d/lib:/home/agilex/agilex_ws/install/nav_2d_utils/lib:/home/agilex/agilex_ws/install/nav2_util/lib:/home/agilex/agilex_ws/install/nav2_voxel_grid/lib:/home/agilex/agilex_ws/install/nav2_msgs/lib:/home/agilex/agilex_ws/install/nav_2d_msgs/lib:${LD_LIBRARY_PATH} PYTHONPATH=/home/agilex/agilex_ws/install/nav2_msgs/local/lib/python3.10/dist-packages:/home/agilex/agilex_ws/install/nav_2d_msgs/local/lib/python3.10/dist-packages:/home/agilex/agilex_ws/install/nav2_common/local/lib/python3.10/dist-packages:${PYTHONPATH} /usr/bin/cmake --install /home/agilex/agilex_ws/build/nav2_controller
