[0.066s] Invoking command in '/home/agilex/agilex_ws/build/nav2_smac_planner': AMENT_PREFIX_PATH=/home/agilex/agilex_ws/install/nav2_core:/home/agilex/agilex_ws/install/nav2_costmap_2d:/home/agilex/agilex_ws/install/nav2_util:/home/agilex/agilex_ws/install/nav2_voxel_grid:/home/agilex/agilex_ws/install/nav2_msgs:/home/agilex/agilex_ws/install/nav2_common CMAKE_PREFIX_PATH=/home/agilex/agilex_ws/install/nav2_core:/home/agilex/agilex_ws/install/nav2_costmap_2d:/home/agilex/agilex_ws/install/nav2_util:/home/agilex/agilex_ws/install/nav2_voxel_grid:/home/agilex/agilex_ws/install/nav2_msgs:/home/agilex/agilex_ws/install/nav2_common LD_LIBRARY_PATH=/home/agilex/agilex_ws/install/nav2_costmap_2d/lib:/home/agilex/agilex_ws/install/nav2_util/lib:/home/agilex/agilex_ws/install/nav2_voxel_grid/lib:/home/agilex/agilex_ws/install/nav2_msgs/lib PYTHONPATH=/home/agilex/agilex_ws/install/nav2_msgs/local/lib/python3.10/dist-packages:/home/agilex/agilex_ws/install/nav2_common/local/lib/python3.10/dist-packages /usr/bin/cmake --build /home/agilex/agilex_ws/build/nav2_smac_planner -- -j16 -l16
[0.188s] [  3%] Built target gtest
[0.190s] [  6%] Built target gtest_main
[0.233s] [ 25%] Built target nav2_smac_planner_2d
[0.234s] [ 44%] Built target nav2_smac_planner
[0.251s] [ 62%] Built target nav2_smac_planner_lattice
[0.262s] [ 66%] Built target test_nodehybrid
[0.263s] [ 69%] Built target test_costmap_downsampler
[0.264s] [ 72%] Built target test_node2d
[0.265s] [ 76%] Built target test_nodebasic
[0.265s] [ 79%] Built target test_smac_2d
[0.267s] [ 83%] Built target test_collision_checker
[0.269s] [ 86%] Built target test_lattice_node
[0.269s] [ 89%] Built target test_a_star
[0.270s] [ 93%] Built target test_smac_hybrid
[0.278s] [ 96%] Built target test_smoother
[0.280s] [100%] Built target test_smac_lattice
[0.320s] Invoked command in '/home/agilex/agilex_ws/build/nav2_smac_planner' returned '0': AMENT_PREFIX_PATH=/home/agilex/agilex_ws/install/nav2_core:/home/agilex/agilex_ws/install/nav2_costmap_2d:/home/agilex/agilex_ws/install/nav2_util:/home/agilex/agilex_ws/install/nav2_voxel_grid:/home/agilex/agilex_ws/install/nav2_msgs:/home/agilex/agilex_ws/install/nav2_common CMAKE_PREFIX_PATH=/home/agilex/agilex_ws/install/nav2_core:/home/agilex/agilex_ws/install/nav2_costmap_2d:/home/agilex/agilex_ws/install/nav2_util:/home/agilex/agilex_ws/install/nav2_voxel_grid:/home/agilex/agilex_ws/install/nav2_msgs:/home/agilex/agilex_ws/install/nav2_common LD_LIBRARY_PATH=/home/agilex/agilex_ws/install/nav2_costmap_2d/lib:/home/agilex/agilex_ws/install/nav2_util/lib:/home/agilex/agilex_ws/install/nav2_voxel_grid/lib:/home/agilex/agilex_ws/install/nav2_msgs/lib PYTHONPATH=/home/agilex/agilex_ws/install/nav2_msgs/local/lib/python3.10/dist-packages:/home/agilex/agilex_ws/install/nav2_common/local/lib/python3.10/dist-packages /usr/bin/cmake --build /home/agilex/agilex_ws/build/nav2_smac_planner -- -j16 -l16
[0.459s] Invoking command in '/home/agilex/agilex_ws/build/nav2_smac_planner': AMENT_PREFIX_PATH=/home/agilex/agilex_ws/install/nav2_core:/home/agilex/agilex_ws/install/nav2_costmap_2d:/home/agilex/agilex_ws/install/nav2_util:/home/agilex/agilex_ws/install/nav2_voxel_grid:/home/agilex/agilex_ws/install/nav2_msgs:/home/agilex/agilex_ws/install/nav2_common CMAKE_PREFIX_PATH=/home/agilex/agilex_ws/install/nav2_core:/home/agilex/agilex_ws/install/nav2_costmap_2d:/home/agilex/agilex_ws/install/nav2_util:/home/agilex/agilex_ws/install/nav2_voxel_grid:/home/agilex/agilex_ws/install/nav2_msgs:/home/agilex/agilex_ws/install/nav2_common LD_LIBRARY_PATH=/home/agilex/agilex_ws/install/nav2_costmap_2d/lib:/home/agilex/agilex_ws/install/nav2_util/lib:/home/agilex/agilex_ws/install/nav2_voxel_grid/lib:/home/agilex/agilex_ws/install/nav2_msgs/lib PYTHONPATH=/home/agilex/agilex_ws/install/nav2_msgs/local/lib/python3.10/dist-packages:/home/agilex/agilex_ws/install/nav2_common/local/lib/python3.10/dist-packages /usr/bin/cmake --install /home/agilex/agilex_ws/build/nav2_smac_planner
[0.498s] -- Install configuration: "Release"
[0.498s] -- Up-to-date: /home/agilex/agilex_ws/install/nav2_smac_planner/share/nav2_smac_planner/smac_plugin_hybrid.xml
[0.498s] -- Up-to-date: /home/agilex/agilex_ws/install/nav2_smac_planner/share/nav2_smac_planner/smac_plugin_2d.xml
[0.498s] -- Up-to-date: /home/agilex/agilex_ws/install/nav2_smac_planner/share/nav2_smac_planner/smac_plugin_lattice.xml
[0.498s] -- Up-to-date: /home/agilex/agilex_ws/install/nav2_smac_planner/lib/libnav2_smac_planner.so
[0.498s] -- Up-to-date: /home/agilex/agilex_ws/install/nav2_smac_planner/lib/libnav2_smac_planner_2d.so
[0.498s] -- Up-to-date: /home/agilex/agilex_ws/install/nav2_smac_planner/lib/libnav2_smac_planner_lattice.so
[0.498s] -- Up-to-date: /home/agilex/agilex_ws/install/nav2_smac_planner/include/
[0.498s] -- Up-to-date: /home/agilex/agilex_ws/install/nav2_smac_planner/include//nav2_smac_planner
[0.498s] -- Up-to-date: /home/agilex/agilex_ws/install/nav2_smac_planner/include//nav2_smac_planner/utils.hpp
[0.498s] -- Up-to-date: /home/agilex/agilex_ws/install/nav2_smac_planner/include//nav2_smac_planner/constants.hpp
[0.498s] -- Up-to-date: /home/agilex/agilex_ws/install/nav2_smac_planner/include//nav2_smac_planner/node_hybrid.hpp
[0.498s] -- Up-to-date: /home/agilex/agilex_ws/install/nav2_smac_planner/include//nav2_smac_planner/costmap_downsampler.hpp
[0.498s] -- Up-to-date: /home/agilex/agilex_ws/install/nav2_smac_planner/include//nav2_smac_planner/types.hpp
[0.498s] -- Up-to-date: /home/agilex/agilex_ws/install/nav2_smac_planner/include//nav2_smac_planner/smoother.hpp
[0.498s] -- Up-to-date: /home/agilex/agilex_ws/install/nav2_smac_planner/include//nav2_smac_planner/smac_planner_lattice.hpp
[0.498s] -- Up-to-date: /home/agilex/agilex_ws/install/nav2_smac_planner/include//nav2_smac_planner/a_star.hpp
[0.498s] -- Up-to-date: /home/agilex/agilex_ws/install/nav2_smac_planner/include//nav2_smac_planner/node_lattice.hpp
[0.498s] -- Up-to-date: /home/agilex/agilex_ws/install/nav2_smac_planner/include//nav2_smac_planner/analytic_expansion.hpp
[0.498s] -- Up-to-date: /home/agilex/agilex_ws/install/nav2_smac_planner/include//nav2_smac_planner/node_2d.hpp
[0.498s] -- Up-to-date: /home/agilex/agilex_ws/install/nav2_smac_planner/include//nav2_smac_planner/node_basic.hpp
[0.499s] -- Up-to-date: /home/agilex/agilex_ws/install/nav2_smac_planner/include//nav2_smac_planner/smac_planner_hybrid.hpp
[0.499s] -- Up-to-date: /home/agilex/agilex_ws/install/nav2_smac_planner/include//nav2_smac_planner/smac_planner_2d.hpp
[0.499s] -- Up-to-date: /home/agilex/agilex_ws/install/nav2_smac_planner/include//nav2_smac_planner/collision_checker.hpp
[0.499s] -- Up-to-date: /home/agilex/agilex_ws/install/nav2_smac_planner/share/nav2_smac_planner/sample_primitives
[0.499s] -- Up-to-date: /home/agilex/agilex_ws/install/nav2_smac_planner/share/nav2_smac_planner/sample_primitives/5cm_resolution
[0.499s] -- Up-to-date: /home/agilex/agilex_ws/install/nav2_smac_planner/share/nav2_smac_planner/sample_primitives/5cm_resolution/0.5m_turning_radius
[0.499s] -- Up-to-date: /home/agilex/agilex_ws/install/nav2_smac_planner/share/nav2_smac_planner/sample_primitives/5cm_resolution/0.5m_turning_radius/all_trajectories.png
[0.499s] -- Up-to-date: /home/agilex/agilex_ws/install/nav2_smac_planner/share/nav2_smac_planner/sample_primitives/5cm_resolution/0.5m_turning_radius/diff
[0.499s] -- Up-to-date: /home/agilex/agilex_ws/install/nav2_smac_planner/share/nav2_smac_planner/sample_primitives/5cm_resolution/0.5m_turning_radius/diff/output.json
[0.499s] -- Up-to-date: /home/agilex/agilex_ws/install/nav2_smac_planner/share/nav2_smac_planner/sample_primitives/5cm_resolution/0.5m_turning_radius/ackermann
[0.499s] -- Up-to-date: /home/agilex/agilex_ws/install/nav2_smac_planner/share/nav2_smac_planner/sample_primitives/5cm_resolution/0.5m_turning_radius/ackermann/output.json
[0.499s] -- Up-to-date: /home/agilex/agilex_ws/install/nav2_smac_planner/share/nav2_smac_planner/sample_primitives/5cm_resolution/0.5m_turning_radius/omni
[0.499s] -- Up-to-date: /home/agilex/agilex_ws/install/nav2_smac_planner/share/nav2_smac_planner/sample_primitives/5cm_resolution/0.5m_turning_radius/omni/output.json
[0.499s] -- Up-to-date: /home/agilex/agilex_ws/install/nav2_smac_planner/share/nav2_smac_planner/sample_primitives/5cm_resolution/1m_turning_radius
[0.501s] -- Up-to-date: /home/agilex/agilex_ws/install/nav2_smac_planner/share/nav2_smac_planner/sample_primitives/5cm_resolution/1m_turning_radius/all_trajectories.png
[0.501s] -- Up-to-date: /home/agilex/agilex_ws/install/nav2_smac_planner/share/nav2_smac_planner/sample_primitives/5cm_resolution/1m_turning_radius/diff
[0.501s] -- Up-to-date: /home/agilex/agilex_ws/install/nav2_smac_planner/share/nav2_smac_planner/sample_primitives/5cm_resolution/1m_turning_radius/diff/output.json
[0.501s] -- Up-to-date: /home/agilex/agilex_ws/install/nav2_smac_planner/share/nav2_smac_planner/sample_primitives/5cm_resolution/1m_turning_radius/ackermann
[0.501s] -- Up-to-date: /home/agilex/agilex_ws/install/nav2_smac_planner/share/nav2_smac_planner/sample_primitives/5cm_resolution/1m_turning_radius/ackermann/output.json
[0.502s] -- Up-to-date: /home/agilex/agilex_ws/install/nav2_smac_planner/share/nav2_smac_planner/sample_primitives/5cm_resolution/1m_turning_radius/omni
[0.502s] -- Up-to-date: /home/agilex/agilex_ws/install/nav2_smac_planner/share/nav2_smac_planner/sample_primitives/5cm_resolution/1m_turning_radius/omni/output.json
[0.502s] -- Up-to-date: /home/agilex/agilex_ws/install/nav2_smac_planner/share/nav2_smac_planner/environment/library_path.sh
[0.502s] -- Up-to-date: /home/agilex/agilex_ws/install/nav2_smac_planner/share/nav2_smac_planner/environment/library_path.dsv
[0.502s] -- Up-to-date: /home/agilex/agilex_ws/install/nav2_smac_planner/share/ament_index/resource_index/package_run_dependencies/nav2_smac_planner
[0.502s] -- Up-to-date: /home/agilex/agilex_ws/install/nav2_smac_planner/share/ament_index/resource_index/parent_prefix_path/nav2_smac_planner
[0.502s] -- Up-to-date: /home/agilex/agilex_ws/install/nav2_smac_planner/share/nav2_smac_planner/environment/ament_prefix_path.sh
[0.502s] -- Up-to-date: /home/agilex/agilex_ws/install/nav2_smac_planner/share/nav2_smac_planner/environment/ament_prefix_path.dsv
[0.502s] -- Up-to-date: /home/agilex/agilex_ws/install/nav2_smac_planner/share/nav2_smac_planner/environment/path.sh
[0.502s] -- Up-to-date: /home/agilex/agilex_ws/install/nav2_smac_planner/share/nav2_smac_planner/environment/path.dsv
[0.502s] -- Up-to-date: /home/agilex/agilex_ws/install/nav2_smac_planner/share/nav2_smac_planner/local_setup.bash
[0.502s] -- Up-to-date: /home/agilex/agilex_ws/install/nav2_smac_planner/share/nav2_smac_planner/local_setup.sh
[0.502s] -- Up-to-date: /home/agilex/agilex_ws/install/nav2_smac_planner/share/nav2_smac_planner/local_setup.zsh
[0.502s] -- Up-to-date: /home/agilex/agilex_ws/install/nav2_smac_planner/share/nav2_smac_planner/local_setup.dsv
[0.502s] -- Installing: /home/agilex/agilex_ws/install/nav2_smac_planner/share/nav2_smac_planner/package.dsv
[0.502s] -- Up-to-date: /home/agilex/agilex_ws/install/nav2_smac_planner/share/ament_index/resource_index/packages/nav2_smac_planner
[0.502s] -- Up-to-date: /home/agilex/agilex_ws/install/nav2_smac_planner/share/ament_index/resource_index/nav2_core__pluginlib__plugin/nav2_smac_planner
[0.502s] -- Up-to-date: /home/agilex/agilex_ws/install/nav2_smac_planner/share/nav2_smac_planner/cmake/ament_cmake_export_include_directories-extras.cmake
[0.502s] -- Up-to-date: /home/agilex/agilex_ws/install/nav2_smac_planner/share/nav2_smac_planner/cmake/ament_cmake_export_libraries-extras.cmake
[0.502s] -- Up-to-date: /home/agilex/agilex_ws/install/nav2_smac_planner/share/nav2_smac_planner/cmake/ament_cmake_export_dependencies-extras.cmake
[0.502s] -- Up-to-date: /home/agilex/agilex_ws/install/nav2_smac_planner/share/nav2_smac_planner/cmake/nav2_smac_plannerConfig.cmake
[0.502s] -- Up-to-date: /home/agilex/agilex_ws/install/nav2_smac_planner/share/nav2_smac_planner/cmake/nav2_smac_plannerConfig-version.cmake
[0.502s] -- Up-to-date: /home/agilex/agilex_ws/install/nav2_smac_planner/share/nav2_smac_planner/package.xml
[0.659s] Invoked command in '/home/agilex/agilex_ws/build/nav2_smac_planner' returned '0': AMENT_PREFIX_PATH=/home/agilex/agilex_ws/install/nav2_core:/home/agilex/agilex_ws/install/nav2_costmap_2d:/home/agilex/agilex_ws/install/nav2_util:/home/agilex/agilex_ws/install/nav2_voxel_grid:/home/agilex/agilex_ws/install/nav2_msgs:/home/agilex/agilex_ws/install/nav2_common CMAKE_PREFIX_PATH=/home/agilex/agilex_ws/install/nav2_core:/home/agilex/agilex_ws/install/nav2_costmap_2d:/home/agilex/agilex_ws/install/nav2_util:/home/agilex/agilex_ws/install/nav2_voxel_grid:/home/agilex/agilex_ws/install/nav2_msgs:/home/agilex/agilex_ws/install/nav2_common LD_LIBRARY_PATH=/home/agilex/agilex_ws/install/nav2_costmap_2d/lib:/home/agilex/agilex_ws/install/nav2_util/lib:/home/agilex/agilex_ws/install/nav2_voxel_grid/lib:/home/agilex/agilex_ws/install/nav2_msgs/lib PYTHONPATH=/home/agilex/agilex_ws/install/nav2_msgs/local/lib/python3.10/dist-packages:/home/agilex/agilex_ws/install/nav2_common/local/lib/python3.10/dist-packages /usr/bin/cmake --install /home/agilex/agilex_ws/build/nav2_smac_planner
