[0.019s] Invoking command in '/home/agilex/agilex_ws/build/csm': /usr/bin/cmake /home/agilex/agilex_ws/src/csm -DCMAKE_INSTALL_PREFIX=/home/agilex/agilex_ws/install/csm
[0.060s] [31mCMake Error at CMakeLists.txt:4 (find_package):
[0.060s]   By not providing "Findament_cmake.cmake" in CMAKE_MODULE_PATH this project
[0.060s]   has asked CMake to find a package configuration file provided by
[0.060s]   "ament_cmake", but CMake did not find one.
[0.060s] 
[0.060s]   Could not find a package configuration file provided by "ament_cmake" with
[0.060s]   any of the following names:
[0.061s] 
[0.061s]     ament_cmakeConfig.cmake
[0.061s]     ament_cmake-config.cmake
[0.061s] 
[0.061s]   Add the installation prefix of "ament_cmake" to CMAKE_PREFIX_PATH or set
[0.061s]   "ament_cmake_DIR" to a directory containing one of the above files.  If
[0.061s]   "ament_cmake" provides a separate development package or SDK, be sure it
[0.061s]   has been installed.
[0.061s] 
[0.061s] [0m
[0.063s] -- Configuring incomplete, errors occurred!
[0.063s] See also "/home/agilex/agilex_ws/build/csm/CMakeFiles/CMakeOutput.log".
