[0.060s] Invoking command in '/home/agilex/agilex_ws/build/nav2_costmap_2d': AMENT_PREFIX_PATH=/home/agilex/agilex_ws/install/nav2_map_server:/home/agilex/agilex_ws/install/nav2_lifecycle_manager:/home/agilex/agilex_ws/install/nav2_util:/home/agilex/agilex_ws/install/nav2_voxel_grid:/home/agilex/agilex_ws/install/nav2_msgs:/home/agilex/agilex_ws/install/nav2_common CMAKE_PREFIX_PATH=/home/agilex/agilex_ws/install/nav2_map_server:/home/agilex/agilex_ws/install/nav2_lifecycle_manager:/home/agilex/agilex_ws/install/nav2_util:/home/agilex/agilex_ws/install/nav2_voxel_grid:/home/agilex/agilex_ws/install/nav2_msgs:/home/agilex/agilex_ws/install/nav2_common LD_LIBRARY_PATH=/home/agilex/agilex_ws/install/nav2_map_server/lib:/home/agilex/agilex_ws/install/nav2_lifecycle_manager/lib:/home/agilex/agilex_ws/install/nav2_util/lib:/home/agilex/agilex_ws/install/nav2_voxel_grid/lib:/home/agilex/agilex_ws/install/nav2_msgs/lib PYTHONPATH=/home/agilex/agilex_ws/install/nav2_msgs/local/lib/python3.10/dist-packages:/home/agilex/agilex_ws/install/nav2_common/local/lib/python3.10/dist-packages /usr/bin/cmake --build /home/agilex/agilex_ws/build/nav2_costmap_2d -- -j16 -l16
[0.098s] [  6%] Built target gtest
[0.098s] [  6%] Built target gtest_main
[0.117s] [ 27%] Built target nav2_costmap_2d_core
[0.143s] [ 39%] Built target nav2_costmap_2d_markers
[0.143s] [ 39%] Built target costmap_convesion_test
[0.143s] [ 39%] Built target array_parser_test
[0.143s] [ 39%] Built target costmap_bresenham_2d
[0.143s] [ 42%] Built target nav2_costmap_2d_cloud
[0.143s] [ 45%] Built target collision_footprint_test
[0.144s] [ 50%] Built target filters
[0.145s] [ 53%] Built target copy_window_test
[0.145s] [ 59%] Built target declare_parameter_test
[0.145s] [ 62%] Built target nav2_costmap_2d_client
[0.146s] [ 65%] Built target dyn_params_tests
[0.152s] [ 75%] Built target layers
[0.168s] [ 81%] Built target speed_filter_test
[0.168s] [ 81%] Built target keepout_filter_test
[0.173s] [ 84%] Built target footprint_tests_exec
[0.175s] [ 87%] Built target test_collision_checker_exec
[0.178s] [ 90%] Built target obstacle_tests_exec
[0.179s] [ 93%] Built target inflation_tests_exec
[0.179s] [ 96%] Built target nav2_costmap_2d
[0.180s] [100%] Built target range_tests_exec
[0.188s] Invoked command in '/home/agilex/agilex_ws/build/nav2_costmap_2d' returned '0': AMENT_PREFIX_PATH=/home/agilex/agilex_ws/install/nav2_map_server:/home/agilex/agilex_ws/install/nav2_lifecycle_manager:/home/agilex/agilex_ws/install/nav2_util:/home/agilex/agilex_ws/install/nav2_voxel_grid:/home/agilex/agilex_ws/install/nav2_msgs:/home/agilex/agilex_ws/install/nav2_common CMAKE_PREFIX_PATH=/home/agilex/agilex_ws/install/nav2_map_server:/home/agilex/agilex_ws/install/nav2_lifecycle_manager:/home/agilex/agilex_ws/install/nav2_util:/home/agilex/agilex_ws/install/nav2_voxel_grid:/home/agilex/agilex_ws/install/nav2_msgs:/home/agilex/agilex_ws/install/nav2_common LD_LIBRARY_PATH=/home/agilex/agilex_ws/install/nav2_map_server/lib:/home/agilex/agilex_ws/install/nav2_lifecycle_manager/lib:/home/agilex/agilex_ws/install/nav2_util/lib:/home/agilex/agilex_ws/install/nav2_voxel_grid/lib:/home/agilex/agilex_ws/install/nav2_msgs/lib PYTHONPATH=/home/agilex/agilex_ws/install/nav2_msgs/local/lib/python3.10/dist-packages:/home/agilex/agilex_ws/install/nav2_common/local/lib/python3.10/dist-packages /usr/bin/cmake --build /home/agilex/agilex_ws/build/nav2_costmap_2d -- -j16 -l16
[0.267s] Invoking command in '/home/agilex/agilex_ws/build/nav2_costmap_2d': AMENT_PREFIX_PATH=/home/agilex/agilex_ws/install/nav2_map_server:/home/agilex/agilex_ws/install/nav2_lifecycle_manager:/home/agilex/agilex_ws/install/nav2_util:/home/agilex/agilex_ws/install/nav2_voxel_grid:/home/agilex/agilex_ws/install/nav2_msgs:/home/agilex/agilex_ws/install/nav2_common CMAKE_PREFIX_PATH=/home/agilex/agilex_ws/install/nav2_map_server:/home/agilex/agilex_ws/install/nav2_lifecycle_manager:/home/agilex/agilex_ws/install/nav2_util:/home/agilex/agilex_ws/install/nav2_voxel_grid:/home/agilex/agilex_ws/install/nav2_msgs:/home/agilex/agilex_ws/install/nav2_common LD_LIBRARY_PATH=/home/agilex/agilex_ws/install/nav2_map_server/lib:/home/agilex/agilex_ws/install/nav2_lifecycle_manager/lib:/home/agilex/agilex_ws/install/nav2_util/lib:/home/agilex/agilex_ws/install/nav2_voxel_grid/lib:/home/agilex/agilex_ws/install/nav2_msgs/lib PYTHONPATH=/home/agilex/agilex_ws/install/nav2_msgs/local/lib/python3.10/dist-packages:/home/agilex/agilex_ws/install/nav2_common/local/lib/python3.10/dist-packages /usr/bin/cmake --install /home/agilex/agilex_ws/build/nav2_costmap_2d
[0.274s] -- Install configuration: "Release"
[0.274s] -- Up-to-date: /home/agilex/agilex_ws/install/nav2_costmap_2d/lib/libnav2_costmap_2d_core.so
[0.274s] -- Up-to-date: /home/agilex/agilex_ws/install/nav2_costmap_2d/lib/liblayers.so
[0.274s] -- Up-to-date: /home/agilex/agilex_ws/install/nav2_costmap_2d/lib/libfilters.so
[0.274s] -- Up-to-date: /home/agilex/agilex_ws/install/nav2_costmap_2d/lib/libnav2_costmap_2d_client.so
[0.274s] -- Up-to-date: /home/agilex/agilex_ws/install/nav2_costmap_2d/lib/nav2_costmap_2d/nav2_costmap_2d
[0.275s] -- Up-to-date: /home/agilex/agilex_ws/install/nav2_costmap_2d/lib/nav2_costmap_2d/nav2_costmap_2d_markers
[0.275s] -- Up-to-date: /home/agilex/agilex_ws/install/nav2_costmap_2d/lib/nav2_costmap_2d/nav2_costmap_2d_cloud
[0.275s] -- Up-to-date: /home/agilex/agilex_ws/install/nav2_costmap_2d/share/nav2_costmap_2d/costmap_plugins.xml
[0.275s] -- Up-to-date: /home/agilex/agilex_ws/install/nav2_costmap_2d/include/
[0.275s] -- Up-to-date: /home/agilex/agilex_ws/install/nav2_costmap_2d/include//nav2_costmap_2d
[0.275s] -- Up-to-date: /home/agilex/agilex_ws/install/nav2_costmap_2d/include//nav2_costmap_2d/costmap_2d.hpp
[0.275s] -- Up-to-date: /home/agilex/agilex_ws/install/nav2_costmap_2d/include//nav2_costmap_2d/footprint.hpp
[0.275s] -- Up-to-date: /home/agilex/agilex_ws/install/nav2_costmap_2d/include//nav2_costmap_2d/observation_buffer.hpp
[0.275s] -- Up-to-date: /home/agilex/agilex_ws/install/nav2_costmap_2d/include//nav2_costmap_2d/static_layer.hpp
[0.275s] -- Up-to-date: /home/agilex/agilex_ws/install/nav2_costmap_2d/include//nav2_costmap_2d/costmap_topic_collision_checker.hpp
[0.275s] -- Up-to-date: /home/agilex/agilex_ws/install/nav2_costmap_2d/include//nav2_costmap_2d/exceptions.hpp
[0.275s] -- Up-to-date: /home/agilex/agilex_ws/install/nav2_costmap_2d/include//nav2_costmap_2d/clear_costmap_service.hpp
[0.275s] -- Up-to-date: /home/agilex/agilex_ws/install/nav2_costmap_2d/include//nav2_costmap_2d/layer.hpp
[0.275s] -- Up-to-date: /home/agilex/agilex_ws/install/nav2_costmap_2d/include//nav2_costmap_2d/range_sensor_layer.hpp
[0.276s] -- Up-to-date: /home/agilex/agilex_ws/install/nav2_costmap_2d/include//nav2_costmap_2d/costmap_layer.hpp
[0.276s] -- Up-to-date: /home/agilex/agilex_ws/install/nav2_costmap_2d/include//nav2_costmap_2d/costmap_filters
[0.276s] -- Up-to-date: /home/agilex/agilex_ws/install/nav2_costmap_2d/include//nav2_costmap_2d/costmap_filters/speed_filter.hpp
[0.276s] -- Up-to-date: /home/agilex/agilex_ws/install/nav2_costmap_2d/include//nav2_costmap_2d/costmap_filters/keepout_filter.hpp
[0.276s] -- Up-to-date: /home/agilex/agilex_ws/install/nav2_costmap_2d/include//nav2_costmap_2d/costmap_filters/filter_values.hpp
[0.276s] -- Up-to-date: /home/agilex/agilex_ws/install/nav2_costmap_2d/include//nav2_costmap_2d/costmap_filters/costmap_filter.hpp
[0.276s] -- Up-to-date: /home/agilex/agilex_ws/install/nav2_costmap_2d/include//nav2_costmap_2d/footprint_subscriber.hpp
[0.276s] -- Up-to-date: /home/agilex/agilex_ws/install/nav2_costmap_2d/include//nav2_costmap_2d/voxel_layer.hpp
[0.276s] -- Up-to-date: /home/agilex/agilex_ws/install/nav2_costmap_2d/include//nav2_costmap_2d/array_parser.hpp
[0.276s] -- Up-to-date: /home/agilex/agilex_ws/install/nav2_costmap_2d/include//nav2_costmap_2d/inflation_layer.hpp
[0.276s] -- Up-to-date: /home/agilex/agilex_ws/install/nav2_costmap_2d/include//nav2_costmap_2d/costmap_2d_ros.hpp
[0.276s] -- Up-to-date: /home/agilex/agilex_ws/install/nav2_costmap_2d/include//nav2_costmap_2d/observation.hpp
[0.276s] -- Up-to-date: /home/agilex/agilex_ws/install/nav2_costmap_2d/include//nav2_costmap_2d/costmap_math.hpp
[0.276s] -- Up-to-date: /home/agilex/agilex_ws/install/nav2_costmap_2d/include//nav2_costmap_2d/obstacle_layer.hpp
[0.276s] -- Up-to-date: /home/agilex/agilex_ws/install/nav2_costmap_2d/include//nav2_costmap_2d/cost_values.hpp
[0.276s] -- Up-to-date: /home/agilex/agilex_ws/install/nav2_costmap_2d/include//nav2_costmap_2d/costmap_subscriber.hpp
[0.276s] -- Up-to-date: /home/agilex/agilex_ws/install/nav2_costmap_2d/include//nav2_costmap_2d/layered_costmap.hpp
[0.276s] -- Up-to-date: /home/agilex/agilex_ws/install/nav2_costmap_2d/include//nav2_costmap_2d/footprint_collision_checker.hpp
[0.276s] -- Up-to-date: /home/agilex/agilex_ws/install/nav2_costmap_2d/include//nav2_costmap_2d/costmap_2d_publisher.hpp
[0.276s] -- Up-to-date: /home/agilex/agilex_ws/install/nav2_costmap_2d/share/nav2_costmap_2d/environment/library_path.sh
[0.276s] -- Up-to-date: /home/agilex/agilex_ws/install/nav2_costmap_2d/share/nav2_costmap_2d/environment/library_path.dsv
[0.276s] -- Up-to-date: /home/agilex/agilex_ws/install/nav2_costmap_2d/share/nav2_costmap_2d/costmap_plugins.xml
[0.276s] -- Up-to-date: /home/agilex/agilex_ws/install/nav2_costmap_2d/share/ament_index/resource_index/package_run_dependencies/nav2_costmap_2d
[0.276s] -- Up-to-date: /home/agilex/agilex_ws/install/nav2_costmap_2d/share/ament_index/resource_index/parent_prefix_path/nav2_costmap_2d
[0.276s] -- Up-to-date: /home/agilex/agilex_ws/install/nav2_costmap_2d/share/nav2_costmap_2d/environment/ament_prefix_path.sh
[0.277s] -- Up-to-date: /home/agilex/agilex_ws/install/nav2_costmap_2d/share/nav2_costmap_2d/environment/ament_prefix_path.dsv
[0.277s] -- Up-to-date: /home/agilex/agilex_ws/install/nav2_costmap_2d/share/nav2_costmap_2d/environment/path.sh
[0.277s] -- Up-to-date: /home/agilex/agilex_ws/install/nav2_costmap_2d/share/nav2_costmap_2d/environment/path.dsv
[0.277s] -- Up-to-date: /home/agilex/agilex_ws/install/nav2_costmap_2d/share/nav2_costmap_2d/local_setup.bash
[0.277s] -- Up-to-date: /home/agilex/agilex_ws/install/nav2_costmap_2d/share/nav2_costmap_2d/local_setup.sh
[0.277s] -- Up-to-date: /home/agilex/agilex_ws/install/nav2_costmap_2d/share/nav2_costmap_2d/local_setup.zsh
[0.277s] -- Up-to-date: /home/agilex/agilex_ws/install/nav2_costmap_2d/share/nav2_costmap_2d/local_setup.dsv
[0.277s] -- Installing: /home/agilex/agilex_ws/install/nav2_costmap_2d/share/nav2_costmap_2d/package.dsv
[0.277s] -- Up-to-date: /home/agilex/agilex_ws/install/nav2_costmap_2d/share/ament_index/resource_index/packages/nav2_costmap_2d
[0.277s] -- Up-to-date: /home/agilex/agilex_ws/install/nav2_costmap_2d/share/ament_index/resource_index/nav2_costmap_2d__pluginlib__plugin/nav2_costmap_2d
[0.277s] -- Up-to-date: /home/agilex/agilex_ws/install/nav2_costmap_2d/share/nav2_costmap_2d/cmake/ament_cmake_export_include_directories-extras.cmake
[0.277s] -- Up-to-date: /home/agilex/agilex_ws/install/nav2_costmap_2d/share/nav2_costmap_2d/cmake/ament_cmake_export_libraries-extras.cmake
[0.277s] -- Up-to-date: /home/agilex/agilex_ws/install/nav2_costmap_2d/share/nav2_costmap_2d/cmake/ament_cmake_export_dependencies-extras.cmake
[0.277s] -- Up-to-date: /home/agilex/agilex_ws/install/nav2_costmap_2d/share/nav2_costmap_2d/cmake/nav2_costmap_2dConfig.cmake
[0.277s] -- Up-to-date: /home/agilex/agilex_ws/install/nav2_costmap_2d/share/nav2_costmap_2d/cmake/nav2_costmap_2dConfig-version.cmake
[0.277s] -- Up-to-date: /home/agilex/agilex_ws/install/nav2_costmap_2d/share/nav2_costmap_2d/package.xml
[0.297s] Invoked command in '/home/agilex/agilex_ws/build/nav2_costmap_2d' returned '0': AMENT_PREFIX_PATH=/home/agilex/agilex_ws/install/nav2_map_server:/home/agilex/agilex_ws/install/nav2_lifecycle_manager:/home/agilex/agilex_ws/install/nav2_util:/home/agilex/agilex_ws/install/nav2_voxel_grid:/home/agilex/agilex_ws/install/nav2_msgs:/home/agilex/agilex_ws/install/nav2_common CMAKE_PREFIX_PATH=/home/agilex/agilex_ws/install/nav2_map_server:/home/agilex/agilex_ws/install/nav2_lifecycle_manager:/home/agilex/agilex_ws/install/nav2_util:/home/agilex/agilex_ws/install/nav2_voxel_grid:/home/agilex/agilex_ws/install/nav2_msgs:/home/agilex/agilex_ws/install/nav2_common LD_LIBRARY_PATH=/home/agilex/agilex_ws/install/nav2_map_server/lib:/home/agilex/agilex_ws/install/nav2_lifecycle_manager/lib:/home/agilex/agilex_ws/install/nav2_util/lib:/home/agilex/agilex_ws/install/nav2_voxel_grid/lib:/home/agilex/agilex_ws/install/nav2_msgs/lib PYTHONPATH=/home/agilex/agilex_ws/install/nav2_msgs/local/lib/python3.10/dist-packages:/home/agilex/agilex_ws/install/nav2_common/local/lib/python3.10/dist-packages /usr/bin/cmake --install /home/agilex/agilex_ws/build/nav2_costmap_2d
