[0.172s] Invoking command in '/home/agilex/agilex_ws/build/csm': CMAKE_PREFIX_PATH=${CMAKE_PREFIX_PATH}:/home/agilex/agilex_ws/install/yolov5_ros2:/home/agilex/agilex_ws/install/nav2_simple_commander:/opt/ros/humble /usr/bin/cmake --build /home/agilex/agilex_ws/build/csm -- -j8 -l8
[0.636s] -- Found ament_cmake: 1.3.6 (/opt/ros/humble/share/ament_cmake/cmake)
[0.636s] -- Found Python3: /usr/bin/python3.10 (found version "3.10.12") found components: Interpreter 
[0.636s] -- Found rclcpp: 16.0.7 (/opt/ros/humble/share/rclcpp/cmake)
[0.636s] -- Found rosidl_generator_c: 3.1.5 (/opt/ros/humble/share/rosidl_generator_c/cmake)
[0.636s] -- Found rosidl_adapter: 3.1.5 (/opt/ros/humble/share/rosidl_adapter/cmake)
[0.636s] -- Found rosidl_generator_cpp: 3.1.5 (/opt/ros/humble/share/rosidl_generator_cpp/cmake)
[0.637s] -- Using all available rosidl_typesupport_c: rosidl_typesupport_fastrtps_c;rosidl_typesupport_introspection_c
[0.652s] -- Using all available rosidl_typesupport_cpp: rosidl_typesupport_fastrtps_cpp;rosidl_typesupport_introspection_cpp
[0.730s] -- Found rmw_implementation_cmake: 6.1.1 (/opt/ros/humble/share/rmw_implementation_cmake/cmake)
[0.734s] -- Found rmw_fastrtps_cpp: 6.2.5 (/opt/ros/humble/share/rmw_fastrtps_cpp/cmake)
[0.965s] -- Using RMW implementation 'rmw_fastrtps_cpp' as default
[1.467s] -- Configuring done
[1.494s] -- Generating done
[1.503s] -- Build files have been written to: /home/agilex/agilex_ws/build/csm
[1.654s] [35m[1mConsolidate compiler generated dependencies of target csm[0m
[1.837s] [  4%] [32mBuilding CXX object CMakeFiles/csm.dir/src/csm/math_utils.cpp.o[0m
[1.839s] [  8%] [32mBuilding CXX object CMakeFiles/csm.dir/src/csm/laser_data.cpp.o[0m
[1.863s] [ 12%] [32mBuilding CXX object CMakeFiles/csm.dir/src/csm/math_utils_gsl.cpp.o[0m
[1.884s] [ 16%] [32mBuilding CXX object CMakeFiles/csm.dir/src/csm/utils.cpp.o[0m
[1.935s] [ 20%] [32mBuilding CXX object CMakeFiles/csm.dir/src/csm/logging.cpp.o[0m
[1.957s] [ 25%] [32mBuilding CXX object CMakeFiles/csm.dir/src/csm/sm_options.cpp.o[0m
[1.979s] [ 29%] [32mBuilding CXX object CMakeFiles/csm.dir/src/csm/clustering.cpp.o[0m
[1.983s] [ 33%] [32mBuilding CXX object CMakeFiles/csm.dir/src/csm/orientation.cpp.o[0m
[4.115s] [ 37%] [32mBuilding CXX object CMakeFiles/csm.dir/src/egsl/egsl.cpp.o[0m
[4.605s] [ 41%] [32mBuilding CXX object CMakeFiles/csm.dir/src/egsl/egsl_conversions.cpp.o[0m
[5.026s] [ 45%] [32mBuilding CXX object CMakeFiles/csm.dir/src/egsl/egsl_misc.cpp.o[0m
[6.663s] [ 50%] [32mBuilding CXX object CMakeFiles/csm.dir/src/icp/icp_covariance.cpp.o[0m
[7.969s] [ 54%] [32mBuilding CXX object CMakeFiles/csm.dir/src/icp/icp_debug.cpp.o[0m
[9.095s] [ 58%] [32mBuilding CXX object CMakeFiles/csm.dir/src/icp/icp_loop.cpp.o[0m
[10.258s] [ 62%] [32mBuilding CXX object CMakeFiles/csm.dir/src/icp/icp_outliers.cpp.o[0m
[11.485s] [ 66%] [32mBuilding CXX object CMakeFiles/csm.dir/src/options/options.cpp.o[0m
[11.764s] [ 70%] [32mBuilding CXX object CMakeFiles/csm.dir/src/options/options_interface.cpp.o[0m
[11.808s] [ 75%] [32mBuilding CXX object CMakeFiles/csm.dir/src/icp/icp_corr_tricks.cpp.o[0m
[12.897s] [ 79%] [32mBuilding CXX object CMakeFiles/csm.dir/src/icp/icp_corr_dumb.cpp.o[0m
[13.965s] [ 83%] [32mBuilding CXX object CMakeFiles/csm.dir/src/icp/icp.cpp.o[0m
[15.087s] [ 87%] [32mBuilding CXX object CMakeFiles/csm.dir/src/gpc/gpc_utils.cpp.o[0m
[28.880s] [ 91%] [32mBuilding CXX object CMakeFiles/csm.dir/src/gpc/gpc.cpp.o[0m
[30.026s] [ 95%] [32mBuilding CXX object CMakeFiles/csm.dir/src/egsl/egsl_ops.cpp.o[0m
[33.747s] [100%] [32m[1mLinking CXX shared library libcsm.so[0m
[34.775s] [100%] Built target csm
[34.820s] Invoked command in '/home/agilex/agilex_ws/build/csm' returned '0': CMAKE_PREFIX_PATH=${CMAKE_PREFIX_PATH}:/home/agilex/agilex_ws/install/yolov5_ros2:/home/agilex/agilex_ws/install/nav2_simple_commander:/opt/ros/humble /usr/bin/cmake --build /home/agilex/agilex_ws/build/csm -- -j8 -l8
[35.933s] Invoking command in '/home/agilex/agilex_ws/build/csm': CMAKE_PREFIX_PATH=${CMAKE_PREFIX_PATH}:/home/agilex/agilex_ws/install/yolov5_ros2:/home/agilex/agilex_ws/install/nav2_simple_commander:/opt/ros/humble /usr/bin/cmake --install /home/agilex/agilex_ws/build/csm
[42.581s] -- Install configuration: ""
[42.581s] -- Installing: /home/agilex/agilex_ws/install/csm/lib/libcsm.so
[42.581s] -- Up-to-date: /home/agilex/agilex_ws/install/csm/include/..//include
[42.581s] -- Up-to-date: /home/agilex/agilex_ws/install/csm/include/..//include/gsl_eigen
[42.581s] -- Up-to-date: /home/agilex/agilex_ws/install/csm/include/..//include/gsl_eigen/gsl_eigen.h
[42.581s] -- Up-to-date: /home/agilex/agilex_ws/install/csm/include/..//include/csm
[42.581s] -- Up-to-date: /home/agilex/agilex_ws/install/csm/include/..//include/csm/algos.h
[42.581s] -- Up-to-date: /home/agilex/agilex_ws/install/csm/include/..//include/csm/csm.h
[42.581s] -- Up-to-date: /home/agilex/agilex_ws/install/csm/include/..//include/csm/laser_data.h
[42.581s] -- Up-to-date: /home/agilex/agilex_ws/install/csm/include/..//include/csm/laser_data_inline.h
[42.581s] -- Up-to-date: /home/agilex/agilex_ws/install/csm/include/..//include/csm/restrict.h
[42.581s] -- Up-to-date: /home/agilex/agilex_ws/install/csm/share/csm/resource
[42.582s] -- Up-to-date: /home/agilex/agilex_ws/install/csm/share/csm/resource/csm
[42.582s] -- Up-to-date: /home/agilex/agilex_ws/install/csm/include/../gsl_eigen
[42.582s] -- Up-to-date: /home/agilex/agilex_ws/install/csm/include/../gsl_eigen/gsl_eigen.h
[42.582s] -- Up-to-date: /home/agilex/agilex_ws/install/csm/share/csm/environment/library_path.sh
[42.582s] -- Installing: /home/agilex/agilex_ws/install/csm/share/csm/environment/library_path.dsv
[42.582s] -- Up-to-date: /home/agilex/agilex_ws/install/csm/share/ament_index/resource_index/package_run_dependencies/csm
[42.582s] -- Installing: /home/agilex/agilex_ws/install/csm/share/ament_index/resource_index/parent_prefix_path/csm
[42.582s] -- Installing: /home/agilex/agilex_ws/install/csm/share/csm/environment/ament_prefix_path.sh
[42.582s] -- Installing: /home/agilex/agilex_ws/install/csm/share/csm/environment/ament_prefix_path.dsv
[42.582s] -- Installing: /home/agilex/agilex_ws/install/csm/share/csm/environment/path.sh
[42.582s] -- Installing: /home/agilex/agilex_ws/install/csm/share/csm/environment/path.dsv
[42.582s] -- Up-to-date: /home/agilex/agilex_ws/install/csm/share/csm/local_setup.bash
[42.582s] -- Up-to-date: /home/agilex/agilex_ws/install/csm/share/csm/local_setup.sh
[42.582s] -- Up-to-date: /home/agilex/agilex_ws/install/csm/share/csm/local_setup.zsh
[42.583s] -- Installing: /home/agilex/agilex_ws/install/csm/share/csm/local_setup.dsv
[42.583s] -- Installing: /home/agilex/agilex_ws/install/csm/share/csm/package.dsv
[42.583s] -- Up-to-date: /home/agilex/agilex_ws/install/csm/share/ament_index/resource_index/packages/csm
[42.583s] -- Up-to-date: /home/agilex/agilex_ws/install/csm/share/csm/cmake/ament_cmake_export_dependencies-extras.cmake
[42.583s] -- Up-to-date: /home/agilex/agilex_ws/install/csm/share/csm/cmake/ament_cmake_export_include_directories-extras.cmake
[42.583s] -- Up-to-date: /home/agilex/agilex_ws/install/csm/share/csm/cmake/ament_cmake_export_libraries-extras.cmake
[42.583s] -- Up-to-date: /home/agilex/agilex_ws/install/csm/share/csm/cmake/csmConfig.cmake
[42.583s] -- Up-to-date: /home/agilex/agilex_ws/install/csm/share/csm/cmake/csmConfig-version.cmake
[42.583s] -- Up-to-date: /home/agilex/agilex_ws/install/csm/share/csm/package.xml
[42.629s] Invoked command in '/home/agilex/agilex_ws/build/csm' returned '0': CMAKE_PREFIX_PATH=${CMAKE_PREFIX_PATH}:/home/agilex/agilex_ws/install/yolov5_ros2:/home/agilex/agilex_ws/install/nav2_simple_commander:/opt/ros/humble /usr/bin/cmake --install /home/agilex/agilex_ws/build/csm
