[0.079s] Invoking command in '/home/agilex/agilex_ws/build/nav2_constrained_smoother': AMENT_PREFIX_PATH=/home/agilex/agilex_ws/install/nav2_core:/home/agilex/agilex_ws/install/nav2_costmap_2d:/home/agilex/agilex_ws/install/nav2_util:/home/agilex/agilex_ws/install/nav2_voxel_grid:/home/agilex/agilex_ws/install/nav2_msgs:/home/agilex/agilex_ws/install/nav2_common CMAKE_PREFIX_PATH=/home/agilex/agilex_ws/install/nav2_core:/home/agilex/agilex_ws/install/nav2_costmap_2d:/home/agilex/agilex_ws/install/nav2_util:/home/agilex/agilex_ws/install/nav2_voxel_grid:/home/agilex/agilex_ws/install/nav2_msgs:/home/agilex/agilex_ws/install/nav2_common LD_LIBRARY_PATH=/home/agilex/agilex_ws/install/nav2_costmap_2d/lib:/home/agilex/agilex_ws/install/nav2_util/lib:/home/agilex/agilex_ws/install/nav2_voxel_grid/lib:/home/agilex/agilex_ws/install/nav2_msgs/lib PYTHONPATH=/home/agilex/agilex_ws/install/nav2_msgs/local/lib/python3.10/dist-packages:/home/agilex/agilex_ws/install/nav2_common/local/lib/python3.10/dist-packages /usr/bin/cmake --build /home/agilex/agilex_ws/build/nav2_constrained_smoother -- -j16 -l16
[0.211s] [ 20%] Built target gtest
[0.211s] [ 40%] Built target gtest_main
[0.214s] [ 60%] Built target nav2_constrained_smoother
[0.247s] [ 80%] Built target test_smoother_cost_function
[0.249s] [100%] Built target test_constrained_smoother
[0.325s] Invoked command in '/home/agilex/agilex_ws/build/nav2_constrained_smoother' returned '0': AMENT_PREFIX_PATH=/home/agilex/agilex_ws/install/nav2_core:/home/agilex/agilex_ws/install/nav2_costmap_2d:/home/agilex/agilex_ws/install/nav2_util:/home/agilex/agilex_ws/install/nav2_voxel_grid:/home/agilex/agilex_ws/install/nav2_msgs:/home/agilex/agilex_ws/install/nav2_common CMAKE_PREFIX_PATH=/home/agilex/agilex_ws/install/nav2_core:/home/agilex/agilex_ws/install/nav2_costmap_2d:/home/agilex/agilex_ws/install/nav2_util:/home/agilex/agilex_ws/install/nav2_voxel_grid:/home/agilex/agilex_ws/install/nav2_msgs:/home/agilex/agilex_ws/install/nav2_common LD_LIBRARY_PATH=/home/agilex/agilex_ws/install/nav2_costmap_2d/lib:/home/agilex/agilex_ws/install/nav2_util/lib:/home/agilex/agilex_ws/install/nav2_voxel_grid/lib:/home/agilex/agilex_ws/install/nav2_msgs/lib PYTHONPATH=/home/agilex/agilex_ws/install/nav2_msgs/local/lib/python3.10/dist-packages:/home/agilex/agilex_ws/install/nav2_common/local/lib/python3.10/dist-packages /usr/bin/cmake --build /home/agilex/agilex_ws/build/nav2_constrained_smoother -- -j16 -l16
[0.375s] Invoking command in '/home/agilex/agilex_ws/build/nav2_constrained_smoother': AMENT_PREFIX_PATH=/home/agilex/agilex_ws/install/nav2_core:/home/agilex/agilex_ws/install/nav2_costmap_2d:/home/agilex/agilex_ws/install/nav2_util:/home/agilex/agilex_ws/install/nav2_voxel_grid:/home/agilex/agilex_ws/install/nav2_msgs:/home/agilex/agilex_ws/install/nav2_common CMAKE_PREFIX_PATH=/home/agilex/agilex_ws/install/nav2_core:/home/agilex/agilex_ws/install/nav2_costmap_2d:/home/agilex/agilex_ws/install/nav2_util:/home/agilex/agilex_ws/install/nav2_voxel_grid:/home/agilex/agilex_ws/install/nav2_msgs:/home/agilex/agilex_ws/install/nav2_common LD_LIBRARY_PATH=/home/agilex/agilex_ws/install/nav2_costmap_2d/lib:/home/agilex/agilex_ws/install/nav2_util/lib:/home/agilex/agilex_ws/install/nav2_voxel_grid/lib:/home/agilex/agilex_ws/install/nav2_msgs/lib PYTHONPATH=/home/agilex/agilex_ws/install/nav2_msgs/local/lib/python3.10/dist-packages:/home/agilex/agilex_ws/install/nav2_common/local/lib/python3.10/dist-packages /usr/bin/cmake --install /home/agilex/agilex_ws/build/nav2_constrained_smoother
[0.406s] -- Install configuration: "Release"
[0.406s] -- Up-to-date: /home/agilex/agilex_ws/install/nav2_constrained_smoother/lib/libnav2_constrained_smoother.so
[0.407s] -- Up-to-date: /home/agilex/agilex_ws/install/nav2_constrained_smoother/include/
[0.407s] -- Up-to-date: /home/agilex/agilex_ws/install/nav2_constrained_smoother/include//nav2_constrained_smoother
[0.407s] -- Up-to-date: /home/agilex/agilex_ws/install/nav2_constrained_smoother/include//nav2_constrained_smoother/utils.hpp
[0.407s] -- Up-to-date: /home/agilex/agilex_ws/install/nav2_constrained_smoother/include//nav2_constrained_smoother/smoother_cost_function.hpp
[0.407s] -- Up-to-date: /home/agilex/agilex_ws/install/nav2_constrained_smoother/include//nav2_constrained_smoother/smoother.hpp
[0.407s] -- Up-to-date: /home/agilex/agilex_ws/install/nav2_constrained_smoother/include//nav2_constrained_smoother/constrained_smoother.hpp
[0.407s] -- Up-to-date: /home/agilex/agilex_ws/install/nav2_constrained_smoother/include//nav2_constrained_smoother/options.hpp
[0.407s] -- Up-to-date: /home/agilex/agilex_ws/install/nav2_constrained_smoother/share/nav2_constrained_smoother/environment/library_path.sh
[0.407s] -- Up-to-date: /home/agilex/agilex_ws/install/nav2_constrained_smoother/share/nav2_constrained_smoother/environment/library_path.dsv
[0.407s] -- Up-to-date: /home/agilex/agilex_ws/install/nav2_constrained_smoother/share/nav2_constrained_smoother/nav2_constrained_smoother.xml
[0.407s] -- Up-to-date: /home/agilex/agilex_ws/install/nav2_constrained_smoother/share/ament_index/resource_index/package_run_dependencies/nav2_constrained_smoother
[0.407s] -- Up-to-date: /home/agilex/agilex_ws/install/nav2_constrained_smoother/share/ament_index/resource_index/parent_prefix_path/nav2_constrained_smoother
[0.407s] -- Up-to-date: /home/agilex/agilex_ws/install/nav2_constrained_smoother/share/nav2_constrained_smoother/environment/ament_prefix_path.sh
[0.407s] -- Up-to-date: /home/agilex/agilex_ws/install/nav2_constrained_smoother/share/nav2_constrained_smoother/environment/ament_prefix_path.dsv
[0.407s] -- Up-to-date: /home/agilex/agilex_ws/install/nav2_constrained_smoother/share/nav2_constrained_smoother/environment/path.sh
[0.407s] -- Up-to-date: /home/agilex/agilex_ws/install/nav2_constrained_smoother/share/nav2_constrained_smoother/environment/path.dsv
[0.407s] -- Up-to-date: /home/agilex/agilex_ws/install/nav2_constrained_smoother/share/nav2_constrained_smoother/local_setup.bash
[0.407s] -- Up-to-date: /home/agilex/agilex_ws/install/nav2_constrained_smoother/share/nav2_constrained_smoother/local_setup.sh
[0.407s] -- Up-to-date: /home/agilex/agilex_ws/install/nav2_constrained_smoother/share/nav2_constrained_smoother/local_setup.zsh
[0.407s] -- Up-to-date: /home/agilex/agilex_ws/install/nav2_constrained_smoother/share/nav2_constrained_smoother/local_setup.dsv
[0.407s] -- Installing: /home/agilex/agilex_ws/install/nav2_constrained_smoother/share/nav2_constrained_smoother/package.dsv
[0.408s] -- Up-to-date: /home/agilex/agilex_ws/install/nav2_constrained_smoother/share/ament_index/resource_index/packages/nav2_constrained_smoother
[0.409s] -- Up-to-date: /home/agilex/agilex_ws/install/nav2_constrained_smoother/share/ament_index/resource_index/nav2_core__pluginlib__plugin/nav2_constrained_smoother
[0.409s] -- Up-to-date: /home/agilex/agilex_ws/install/nav2_constrained_smoother/share/nav2_constrained_smoother/cmake/ament_cmake_export_include_directories-extras.cmake
[0.409s] -- Up-to-date: /home/agilex/agilex_ws/install/nav2_constrained_smoother/share/nav2_constrained_smoother/cmake/ament_cmake_export_libraries-extras.cmake
[0.410s] -- Up-to-date: /home/agilex/agilex_ws/install/nav2_constrained_smoother/share/nav2_constrained_smoother/cmake/ament_cmake_export_dependencies-extras.cmake
[0.410s] -- Up-to-date: /home/agilex/agilex_ws/install/nav2_constrained_smoother/share/nav2_constrained_smoother/cmake/nav2_constrained_smootherConfig.cmake
[0.410s] -- Up-to-date: /home/agilex/agilex_ws/install/nav2_constrained_smoother/share/nav2_constrained_smoother/cmake/nav2_constrained_smootherConfig-version.cmake
[0.410s] -- Up-to-date: /home/agilex/agilex_ws/install/nav2_constrained_smoother/share/nav2_constrained_smoother/package.xml
[0.551s] Invoked command in '/home/agilex/agilex_ws/build/nav2_constrained_smoother' returned '0': AMENT_PREFIX_PATH=/home/agilex/agilex_ws/install/nav2_core:/home/agilex/agilex_ws/install/nav2_costmap_2d:/home/agilex/agilex_ws/install/nav2_util:/home/agilex/agilex_ws/install/nav2_voxel_grid:/home/agilex/agilex_ws/install/nav2_msgs:/home/agilex/agilex_ws/install/nav2_common CMAKE_PREFIX_PATH=/home/agilex/agilex_ws/install/nav2_core:/home/agilex/agilex_ws/install/nav2_costmap_2d:/home/agilex/agilex_ws/install/nav2_util:/home/agilex/agilex_ws/install/nav2_voxel_grid:/home/agilex/agilex_ws/install/nav2_msgs:/home/agilex/agilex_ws/install/nav2_common LD_LIBRARY_PATH=/home/agilex/agilex_ws/install/nav2_costmap_2d/lib:/home/agilex/agilex_ws/install/nav2_util/lib:/home/agilex/agilex_ws/install/nav2_voxel_grid/lib:/home/agilex/agilex_ws/install/nav2_msgs/lib PYTHONPATH=/home/agilex/agilex_ws/install/nav2_msgs/local/lib/python3.10/dist-packages:/home/agilex/agilex_ws/install/nav2_common/local/lib/python3.10/dist-packages /usr/bin/cmake --install /home/agilex/agilex_ws/build/nav2_constrained_smoother
