[0.020s] Invoking command in '/home/agilex/agilex_ws/build/aruco': /usr/bin/cmake /home/agilex/agilex_ws/src/aruco_ros/aruco -DCMAKE_INSTALL_PREFIX=/home/agilex/agilex_ws/install/aruco
[0.194s] -- The C compiler identification is GNU 11.3.0
[0.358s] -- The CXX compiler identification is GNU 11.3.0
[0.364s] -- Detecting C compiler ABI info
[0.430s] -- Detecting C compiler ABI info - done
[0.439s] -- Check for working C compiler: /usr/bin/cc - skipped
[0.439s] -- Detecting C compile features
[0.439s] -- Detecting C compile features - done
[0.443s] -- Detecting CXX compiler ABI info
[0.520s] -- Detecting CXX compiler ABI info - done
[0.529s] -- Check for working CXX compiler: /usr/bin/c++ - skipped
[0.529s] -- Detecting CXX compile features
[0.530s] -- Detecting CXX compile features - done
[0.548s] [33mCMake Warning at CMakeLists.txt:14 (find_package):
[0.549s]   By not providing "Findament_cmake.cmake" in CMAKE_MODULE_PATH this project
[0.549s]   has asked CMake to find a package configuration file provided by
[0.549s]   "ament_cmake", but CMake did not find one.
[0.549s] 
[0.549s]   Could not find a package configuration file provided by "ament_cmake" with
[0.549s]   any of the following names:
[0.550s] 
[0.550s]     ament_cmakeConfig.cmake
[0.550s]     ament_cmake-config.cmake
[0.550s] 
[0.550s]   Add the installation prefix of "ament_cmake" to CMAKE_PREFIX_PATH or set
[0.550s]   "ament_cmake_DIR" to a directory containing one of the above files.  If
[0.550s]   "ament_cmake" provides a separate development package or SDK, be sure it
[0.550s]   has been installed.
[0.550s] 
[0.550s] [0m
[0.559s] -- Found OpenCV: /usr (found suitable version "4.5.4", minimum required is "4.2.0") 
[0.560s] [31mCMake Error at CMakeLists.txt:71 (ament_export_include_directories):
[0.560s]   Unknown CMake command "ament_export_include_directories".
[0.560s] 
[0.560s] [0m
[0.560s] -- Configuring incomplete, errors occurred!
[0.560s] See also "/home/agilex/agilex_ws/build/aruco/CMakeFiles/CMakeOutput.log".
