[0.031s] Invoking command in '/home/agilex/agilex_ws/build/nav2_lifecycle_manager': AMENT_PREFIX_PATH=/home/agilex/agilex_ws/install/nav2_util:/home/agilex/agilex_ws/install/nav2_msgs:/home/agilex/agilex_ws/install/nav2_common CMAKE_PREFIX_PATH=/home/agilex/agilex_ws/install/nav2_util:/home/agilex/agilex_ws/install/nav2_msgs:/home/agilex/agilex_ws/install/nav2_common LD_LIBRARY_PATH=/home/agilex/agilex_ws/install/nav2_util/lib:/home/agilex/agilex_ws/install/nav2_msgs/lib PYTHONPATH=/home/agilex/agilex_ws/install/nav2_msgs/local/lib/python3.10/dist-packages:/home/agilex/agilex_ws/install/nav2_common/local/lib/python3.10/dist-packages /usr/bin/cmake --build /home/agilex/agilex_ws/build/nav2_lifecycle_manager -- -j16 -l16
[0.085s] [ 30%] Built target gtest
[0.085s] [ 30%] Built target gtest_main
[0.095s] [ 53%] Built target nav2_lifecycle_manager_core
[0.138s] [ 69%] Built target test_lifecycle_gtest
[0.145s] [ 84%] Built target test_bond_gtest
[0.145s] [100%] Built target lifecycle_manager
[0.173s] Invoked command in '/home/agilex/agilex_ws/build/nav2_lifecycle_manager' returned '0': AMENT_PREFIX_PATH=/home/agilex/agilex_ws/install/nav2_util:/home/agilex/agilex_ws/install/nav2_msgs:/home/agilex/agilex_ws/install/nav2_common CMAKE_PREFIX_PATH=/home/agilex/agilex_ws/install/nav2_util:/home/agilex/agilex_ws/install/nav2_msgs:/home/agilex/agilex_ws/install/nav2_common LD_LIBRARY_PATH=/home/agilex/agilex_ws/install/nav2_util/lib:/home/agilex/agilex_ws/install/nav2_msgs/lib PYTHONPATH=/home/agilex/agilex_ws/install/nav2_msgs/local/lib/python3.10/dist-packages:/home/agilex/agilex_ws/install/nav2_common/local/lib/python3.10/dist-packages /usr/bin/cmake --build /home/agilex/agilex_ws/build/nav2_lifecycle_manager -- -j16 -l16
[0.212s] Invoking command in '/home/agilex/agilex_ws/build/nav2_lifecycle_manager': AMENT_PREFIX_PATH=/home/agilex/agilex_ws/install/nav2_util:/home/agilex/agilex_ws/install/nav2_msgs:/home/agilex/agilex_ws/install/nav2_common CMAKE_PREFIX_PATH=/home/agilex/agilex_ws/install/nav2_util:/home/agilex/agilex_ws/install/nav2_msgs:/home/agilex/agilex_ws/install/nav2_common LD_LIBRARY_PATH=/home/agilex/agilex_ws/install/nav2_util/lib:/home/agilex/agilex_ws/install/nav2_msgs/lib PYTHONPATH=/home/agilex/agilex_ws/install/nav2_msgs/local/lib/python3.10/dist-packages:/home/agilex/agilex_ws/install/nav2_common/local/lib/python3.10/dist-packages /usr/bin/cmake --install /home/agilex/agilex_ws/build/nav2_lifecycle_manager
[0.219s] -- Install configuration: "Release"
[0.220s] -- Up-to-date: /home/agilex/agilex_ws/install/nav2_lifecycle_manager/lib/libnav2_lifecycle_manager_core.so
[0.220s] -- Up-to-date: /home/agilex/agilex_ws/install/nav2_lifecycle_manager/lib/nav2_lifecycle_manager/lifecycle_manager
[0.220s] -- Up-to-date: /home/agilex/agilex_ws/install/nav2_lifecycle_manager/include/
[0.220s] -- Up-to-date: /home/agilex/agilex_ws/install/nav2_lifecycle_manager/include//nav2_lifecycle_manager
[0.220s] -- Up-to-date: /home/agilex/agilex_ws/install/nav2_lifecycle_manager/include//nav2_lifecycle_manager/lifecycle_manager_client.hpp
[0.220s] -- Up-to-date: /home/agilex/agilex_ws/install/nav2_lifecycle_manager/include//nav2_lifecycle_manager/lifecycle_manager.hpp
[0.220s] -- Up-to-date: /home/agilex/agilex_ws/install/nav2_lifecycle_manager/share/nav2_lifecycle_manager/environment/library_path.sh
[0.221s] -- Up-to-date: /home/agilex/agilex_ws/install/nav2_lifecycle_manager/share/nav2_lifecycle_manager/environment/library_path.dsv
[0.221s] -- Up-to-date: /home/agilex/agilex_ws/install/nav2_lifecycle_manager/share/ament_index/resource_index/package_run_dependencies/nav2_lifecycle_manager
[0.221s] -- Up-to-date: /home/agilex/agilex_ws/install/nav2_lifecycle_manager/share/ament_index/resource_index/parent_prefix_path/nav2_lifecycle_manager
[0.221s] -- Up-to-date: /home/agilex/agilex_ws/install/nav2_lifecycle_manager/share/nav2_lifecycle_manager/environment/ament_prefix_path.sh
[0.221s] -- Up-to-date: /home/agilex/agilex_ws/install/nav2_lifecycle_manager/share/nav2_lifecycle_manager/environment/ament_prefix_path.dsv
[0.222s] -- Up-to-date: /home/agilex/agilex_ws/install/nav2_lifecycle_manager/share/nav2_lifecycle_manager/environment/path.sh
[0.222s] -- Up-to-date: /home/agilex/agilex_ws/install/nav2_lifecycle_manager/share/nav2_lifecycle_manager/environment/path.dsv
[0.222s] -- Up-to-date: /home/agilex/agilex_ws/install/nav2_lifecycle_manager/share/nav2_lifecycle_manager/local_setup.bash
[0.222s] -- Up-to-date: /home/agilex/agilex_ws/install/nav2_lifecycle_manager/share/nav2_lifecycle_manager/local_setup.sh
[0.222s] -- Up-to-date: /home/agilex/agilex_ws/install/nav2_lifecycle_manager/share/nav2_lifecycle_manager/local_setup.zsh
[0.222s] -- Up-to-date: /home/agilex/agilex_ws/install/nav2_lifecycle_manager/share/nav2_lifecycle_manager/local_setup.dsv
[0.222s] -- Installing: /home/agilex/agilex_ws/install/nav2_lifecycle_manager/share/nav2_lifecycle_manager/package.dsv
[0.222s] -- Up-to-date: /home/agilex/agilex_ws/install/nav2_lifecycle_manager/share/ament_index/resource_index/packages/nav2_lifecycle_manager
[0.222s] -- Up-to-date: /home/agilex/agilex_ws/install/nav2_lifecycle_manager/share/ament_index/resource_index/rclcpp_components/nav2_lifecycle_manager
[0.223s] -- Up-to-date: /home/agilex/agilex_ws/install/nav2_lifecycle_manager/share/nav2_lifecycle_manager/cmake/ament_cmake_export_include_directories-extras.cmake
[0.223s] -- Up-to-date: /home/agilex/agilex_ws/install/nav2_lifecycle_manager/share/nav2_lifecycle_manager/cmake/ament_cmake_export_libraries-extras.cmake
[0.223s] -- Up-to-date: /home/agilex/agilex_ws/install/nav2_lifecycle_manager/share/nav2_lifecycle_manager/cmake/ament_cmake_export_dependencies-extras.cmake
[0.223s] -- Up-to-date: /home/agilex/agilex_ws/install/nav2_lifecycle_manager/share/nav2_lifecycle_manager/cmake/nav2_lifecycle_managerConfig.cmake
[0.223s] -- Up-to-date: /home/agilex/agilex_ws/install/nav2_lifecycle_manager/share/nav2_lifecycle_manager/cmake/nav2_lifecycle_managerConfig-version.cmake
[0.223s] -- Up-to-date: /home/agilex/agilex_ws/install/nav2_lifecycle_manager/share/nav2_lifecycle_manager/package.xml
[0.225s] Invoked command in '/home/agilex/agilex_ws/build/nav2_lifecycle_manager' returned '0': AMENT_PREFIX_PATH=/home/agilex/agilex_ws/install/nav2_util:/home/agilex/agilex_ws/install/nav2_msgs:/home/agilex/agilex_ws/install/nav2_common CMAKE_PREFIX_PATH=/home/agilex/agilex_ws/install/nav2_util:/home/agilex/agilex_ws/install/nav2_msgs:/home/agilex/agilex_ws/install/nav2_common LD_LIBRARY_PATH=/home/agilex/agilex_ws/install/nav2_util/lib:/home/agilex/agilex_ws/install/nav2_msgs/lib PYTHONPATH=/home/agilex/agilex_ws/install/nav2_msgs/local/lib/python3.10/dist-packages:/home/agilex/agilex_ws/install/nav2_common/local/lib/python3.10/dist-packages /usr/bin/cmake --install /home/agilex/agilex_ws/build/nav2_lifecycle_manager
