[0.371s] Invoking command in '/home/agilex/agilex_ws/build/aruco': CMAKE_PREFIX_PATH=${CMAKE_PREFIX_PATH}:/home/agilex/agilex_ws/install/yolov5_ros2:/home/agilex/agilex_ws/install/nav2_simple_commander:/opt/ros/humble /usr/bin/cmake --build /home/agilex/agilex_ws/build/aruco -- -j16 -l16
[0.465s] [100%] Built target aruco
[0.540s] Invoked command in '/home/agilex/agilex_ws/build/aruco' returned '0': CMAKE_PREFIX_PATH=${CMAKE_PREFIX_PATH}:/home/agilex/agilex_ws/install/yolov5_ros2:/home/agilex/agilex_ws/install/nav2_simple_commander:/opt/ros/humble /usr/bin/cmake --build /home/agilex/agilex_ws/build/aruco -- -j16 -l16
[1.184s] Invoking command in '/home/agilex/agilex_ws/build/aruco': CMAKE_PREFIX_PATH=${CMAKE_PREFIX_PATH}:/home/agilex/agilex_ws/install/yolov5_ros2:/home/agilex/agilex_ws/install/nav2_simple_commander:/opt/ros/humble /usr/bin/cmake --install /home/agilex/agilex_ws/build/aruco
[1.241s] -- Install configuration: ""
[1.241s] -- Up-to-date: /home/agilex/agilex_ws/install/aruco/lib/libaruco.so
[1.241s] -- Up-to-date: /home/agilex/agilex_ws/install/aruco/include
[1.241s] -- Up-to-date: /home/agilex/agilex_ws/install/aruco/include/aruco
[1.241s] -- Up-to-date: /home/agilex/agilex_ws/install/aruco/include/aruco/ippe.h
[1.241s] -- Up-to-date: /home/agilex/agilex_ws/install/aruco/include/aruco/markerlabeler.h
[1.241s] -- Up-to-date: /home/agilex/agilex_ws/install/aruco/include/aruco/dictionary_based.h
[1.241s] -- Up-to-date: /home/agilex/agilex_ws/install/aruco/include/aruco/fractallabelers
[1.241s] -- Up-to-date: /home/agilex/agilex_ws/install/aruco/include/aruco/fractallabelers/fractalposetracker.h
[1.241s] -- Up-to-date: /home/agilex/agilex_ws/install/aruco/include/aruco/fractallabelers/fractalmarkerset.h
[1.241s] -- Up-to-date: /home/agilex/agilex_ws/install/aruco/include/aruco/fractallabelers/fractalmarker.h
[1.242s] -- Up-to-date: /home/agilex/agilex_ws/install/aruco/include/aruco/fractallabelers/fractallabeler.h
[1.242s] -- Up-to-date: /home/agilex/agilex_ws/install/aruco/include/aruco/posetracker.h
[1.242s] -- Up-to-date: /home/agilex/agilex_ws/install/aruco/include/aruco/debug.h
[1.242s] -- Up-to-date: /home/agilex/agilex_ws/install/aruco/include/aruco/markermap.h
[1.242s] -- Up-to-date: /home/agilex/agilex_ws/install/aruco/include/aruco/aruco.h
[1.242s] -- Up-to-date: /home/agilex/agilex_ws/install/aruco/include/aruco/timers.h
[1.242s] -- Up-to-date: /home/agilex/agilex_ws/install/aruco/include/aruco/dictionary.h
[1.242s] -- Up-to-date: /home/agilex/agilex_ws/install/aruco/include/aruco/picoflann.h
[1.242s] -- Up-to-date: /home/agilex/agilex_ws/install/aruco/include/aruco/cameraparameters.h
[1.242s] -- Up-to-date: /home/agilex/agilex_ws/install/aruco/include/aruco/markerdetector_impl.h
[1.242s] -- Up-to-date: /home/agilex/agilex_ws/install/aruco/include/aruco/cvdrawingutils.h
[1.242s] -- Up-to-date: /home/agilex/agilex_ws/install/aruco/include/aruco/fractaldetector.h
[1.242s] -- Up-to-date: /home/agilex/agilex_ws/install/aruco/include/aruco/marker.h
[1.242s] -- Up-to-date: /home/agilex/agilex_ws/install/aruco/include/aruco/aruco_cvversioning.h
[1.243s] -- Up-to-date: /home/agilex/agilex_ws/install/aruco/include/aruco/aruco_export.h
[1.243s] -- Up-to-date: /home/agilex/agilex_ws/install/aruco/include/aruco/markerdetector.h
[1.243s] -- Up-to-date: /home/agilex/agilex_ws/install/aruco/include/aruco/levmarq.h
[1.243s] -- Up-to-date: /home/agilex/agilex_ws/install/aruco/share/aruco/environment/library_path.sh
[1.243s] -- Up-to-date: /home/agilex/agilex_ws/install/aruco/share/aruco/environment/library_path.dsv
[1.243s] -- Up-to-date: /home/agilex/agilex_ws/install/aruco/share/ament_index/resource_index/package_run_dependencies/aruco
[1.243s] -- Up-to-date: /home/agilex/agilex_ws/install/aruco/share/ament_index/resource_index/parent_prefix_path/aruco
[1.243s] -- Up-to-date: /home/agilex/agilex_ws/install/aruco/share/aruco/environment/ament_prefix_path.sh
[1.243s] -- Up-to-date: /home/agilex/agilex_ws/install/aruco/share/aruco/environment/ament_prefix_path.dsv
[1.243s] -- Up-to-date: /home/agilex/agilex_ws/install/aruco/share/aruco/environment/path.sh
[1.243s] -- Up-to-date: /home/agilex/agilex_ws/install/aruco/share/aruco/environment/path.dsv
[1.244s] -- Up-to-date: /home/agilex/agilex_ws/install/aruco/share/aruco/local_setup.bash
[1.244s] -- Up-to-date: /home/agilex/agilex_ws/install/aruco/share/aruco/local_setup.sh
[1.244s] -- Up-to-date: /home/agilex/agilex_ws/install/aruco/share/aruco/local_setup.zsh
[1.244s] -- Up-to-date: /home/agilex/agilex_ws/install/aruco/share/aruco/local_setup.dsv
[1.244s] -- Installing: /home/agilex/agilex_ws/install/aruco/share/aruco/package.dsv
[1.244s] -- Up-to-date: /home/agilex/agilex_ws/install/aruco/share/ament_index/resource_index/packages/aruco
[1.244s] -- Up-to-date: /home/agilex/agilex_ws/install/aruco/share/aruco/cmake/ament_cmake_export_include_directories-extras.cmake
[1.244s] -- Up-to-date: /home/agilex/agilex_ws/install/aruco/share/aruco/cmake/ament_cmake_export_libraries-extras.cmake
[1.244s] -- Up-to-date: /home/agilex/agilex_ws/install/aruco/share/aruco/cmake/arucoConfig.cmake
[1.244s] -- Up-to-date: /home/agilex/agilex_ws/install/aruco/share/aruco/cmake/arucoConfig-version.cmake
[1.244s] -- Up-to-date: /home/agilex/agilex_ws/install/aruco/share/aruco/package.xml
[1.613s] Invoked command in '/home/agilex/agilex_ws/build/aruco' returned '0': CMAKE_PREFIX_PATH=${CMAKE_PREFIX_PATH}:/home/agilex/agilex_ws/install/yolov5_ros2:/home/agilex/agilex_ws/install/nav2_simple_commander:/opt/ros/humble /usr/bin/cmake --install /home/agilex/agilex_ws/build/aruco
