[0.041s] Invoking command in '/home/agilex/agilex_ws/build/limo_bringup': AMENT_PREFIX_PATH=/home/agilex/agilex_ws/install/nav2_waypoint_follower:/home/agilex/agilex_ws/install/nav2_planner:/home/agilex/agilex_ws/install/nav2_controller:/home/agilex/agilex_ws/install/nav2_bt_navigator:/home/agilex/agilex_ws/install/nav2_core:/home/agilex/agilex_ws/install/nav2_costmap_2d:/home/agilex/agilex_ws/install/nav_2d_utils:/home/agilex/agilex_ws/install/nav2_map_server:/home/agilex/agilex_ws/install/nav2_lifecycle_manager:/home/agilex/agilex_ws/install/nav2_behavior_tree:/home/agilex/agilex_ws/install/nav2_amcl:/home/agilex/agilex_ws/install/nav2_util:/home/agilex/agilex_ws/install/nav2_voxel_grid:/home/agilex/agilex_ws/install/nav2_msgs:/home/agilex/agilex_ws/install/nav_2d_msgs:/home/agilex/agilex_ws/install/nav2_common:/home/agilex/agilex_ws/install/limo_msgs CMAKE_PREFIX_PATH=/home/agilex/agilex_ws/install/nav2_waypoint_follower:/home/agilex/agilex_ws/install/nav2_planner:/home/agilex/agilex_ws/install/nav2_controller:/home/agilex/agilex_ws/install/nav2_bt_navigator:/home/agilex/agilex_ws/install/nav2_core:/home/agilex/agilex_ws/install/nav2_costmap_2d:/home/agilex/agilex_ws/install/nav_2d_utils:/home/agilex/agilex_ws/install/nav2_map_server:/home/agilex/agilex_ws/install/nav2_lifecycle_manager:/home/agilex/agilex_ws/install/nav2_behavior_tree:/home/agilex/agilex_ws/install/nav2_amcl:/home/agilex/agilex_ws/install/nav2_util:/home/agilex/agilex_ws/install/nav2_voxel_grid:/home/agilex/agilex_ws/install/nav2_msgs:/home/agilex/agilex_ws/install/nav_2d_msgs:/home/agilex/agilex_ws/install/nav2_common:/home/agilex/agilex_ws/install/limo_msgs LD_LIBRARY_PATH=/home/agilex/agilex_ws/install/nav2_waypoint_follower/lib:/home/agilex/agilex_ws/install/nav2_planner/lib:/home/agilex/agilex_ws/install/nav2_controller/lib:/home/agilex/agilex_ws/install/nav2_bt_navigator/lib:/home/agilex/agilex_ws/install/nav2_costmap_2d/lib:/home/agilex/agilex_ws/install/nav_2d_utils/lib:/home/agilex/agilex_ws/install/nav2_map_server/lib:/home/agilex/agilex_ws/install/nav2_lifecycle_manager/lib:/home/agilex/agilex_ws/install/nav2_behavior_tree/lib:/home/agilex/agilex_ws/install/nav2_amcl/lib:/home/agilex/agilex_ws/install/nav2_util/lib:/home/agilex/agilex_ws/install/nav2_voxel_grid/lib:/home/agilex/agilex_ws/install/nav2_msgs/lib:/home/agilex/agilex_ws/install/nav_2d_msgs/lib:/home/agilex/agilex_ws/install/limo_msgs/lib PYTHONPATH=/home/agilex/agilex_ws/install/nav2_msgs/local/lib/python3.10/dist-packages:/home/agilex/agilex_ws/install/nav_2d_msgs/local/lib/python3.10/dist-packages:/home/agilex/agilex_ws/install/nav2_common/local/lib/python3.10/dist-packages:/home/agilex/agilex_ws/install/limo_msgs/local/lib/python3.10/dist-packages /usr/bin/cmake --build /home/agilex/agilex_ws/build/limo_bringup -- -j16 -l16
[0.078s] Invoked command in '/home/agilex/agilex_ws/build/limo_bringup' returned '0': AMENT_PREFIX_PATH=/home/agilex/agilex_ws/install/nav2_waypoint_follower:/home/agilex/agilex_ws/install/nav2_planner:/home/agilex/agilex_ws/install/nav2_controller:/home/agilex/agilex_ws/install/nav2_bt_navigator:/home/agilex/agilex_ws/install/nav2_core:/home/agilex/agilex_ws/install/nav2_costmap_2d:/home/agilex/agilex_ws/install/nav_2d_utils:/home/agilex/agilex_ws/install/nav2_map_server:/home/agilex/agilex_ws/install/nav2_lifecycle_manager:/home/agilex/agilex_ws/install/nav2_behavior_tree:/home/agilex/agilex_ws/install/nav2_amcl:/home/agilex/agilex_ws/install/nav2_util:/home/agilex/agilex_ws/install/nav2_voxel_grid:/home/agilex/agilex_ws/install/nav2_msgs:/home/agilex/agilex_ws/install/nav_2d_msgs:/home/agilex/agilex_ws/install/nav2_common:/home/agilex/agilex_ws/install/limo_msgs CMAKE_PREFIX_PATH=/home/agilex/agilex_ws/install/nav2_waypoint_follower:/home/agilex/agilex_ws/install/nav2_planner:/home/agilex/agilex_ws/install/nav2_controller:/home/agilex/agilex_ws/install/nav2_bt_navigator:/home/agilex/agilex_ws/install/nav2_core:/home/agilex/agilex_ws/install/nav2_costmap_2d:/home/agilex/agilex_ws/install/nav_2d_utils:/home/agilex/agilex_ws/install/nav2_map_server:/home/agilex/agilex_ws/install/nav2_lifecycle_manager:/home/agilex/agilex_ws/install/nav2_behavior_tree:/home/agilex/agilex_ws/install/nav2_amcl:/home/agilex/agilex_ws/install/nav2_util:/home/agilex/agilex_ws/install/nav2_voxel_grid:/home/agilex/agilex_ws/install/nav2_msgs:/home/agilex/agilex_ws/install/nav_2d_msgs:/home/agilex/agilex_ws/install/nav2_common:/home/agilex/agilex_ws/install/limo_msgs LD_LIBRARY_PATH=/home/agilex/agilex_ws/install/nav2_waypoint_follower/lib:/home/agilex/agilex_ws/install/nav2_planner/lib:/home/agilex/agilex_ws/install/nav2_controller/lib:/home/agilex/agilex_ws/install/nav2_bt_navigator/lib:/home/agilex/agilex_ws/install/nav2_costmap_2d/lib:/home/agilex/agilex_ws/install/nav_2d_utils/lib:/home/agilex/agilex_ws/install/nav2_map_server/lib:/home/agilex/agilex_ws/install/nav2_lifecycle_manager/lib:/home/agilex/agilex_ws/install/nav2_behavior_tree/lib:/home/agilex/agilex_ws/install/nav2_amcl/lib:/home/agilex/agilex_ws/install/nav2_util/lib:/home/agilex/agilex_ws/install/nav2_voxel_grid/lib:/home/agilex/agilex_ws/install/nav2_msgs/lib:/home/agilex/agilex_ws/install/nav_2d_msgs/lib:/home/agilex/agilex_ws/install/limo_msgs/lib PYTHONPATH=/home/agilex/agilex_ws/install/nav2_msgs/local/lib/python3.10/dist-packages:/home/agilex/agilex_ws/install/nav_2d_msgs/local/lib/python3.10/dist-packages:/home/agilex/agilex_ws/install/nav2_common/local/lib/python3.10/dist-packages:/home/agilex/agilex_ws/install/limo_msgs/local/lib/python3.10/dist-packages /usr/bin/cmake --build /home/agilex/agilex_ws/build/limo_bringup -- -j16 -l16
[0.110s] Invoking command in '/home/agilex/agilex_ws/build/limo_bringup': AMENT_PREFIX_PATH=/home/agilex/agilex_ws/install/nav2_waypoint_follower:/home/agilex/agilex_ws/install/nav2_planner:/home/agilex/agilex_ws/install/nav2_controller:/home/agilex/agilex_ws/install/nav2_bt_navigator:/home/agilex/agilex_ws/install/nav2_core:/home/agilex/agilex_ws/install/nav2_costmap_2d:/home/agilex/agilex_ws/install/nav_2d_utils:/home/agilex/agilex_ws/install/nav2_map_server:/home/agilex/agilex_ws/install/nav2_lifecycle_manager:/home/agilex/agilex_ws/install/nav2_behavior_tree:/home/agilex/agilex_ws/install/nav2_amcl:/home/agilex/agilex_ws/install/nav2_util:/home/agilex/agilex_ws/install/nav2_voxel_grid:/home/agilex/agilex_ws/install/nav2_msgs:/home/agilex/agilex_ws/install/nav_2d_msgs:/home/agilex/agilex_ws/install/nav2_common:/home/agilex/agilex_ws/install/limo_msgs CMAKE_PREFIX_PATH=/home/agilex/agilex_ws/install/nav2_waypoint_follower:/home/agilex/agilex_ws/install/nav2_planner:/home/agilex/agilex_ws/install/nav2_controller:/home/agilex/agilex_ws/install/nav2_bt_navigator:/home/agilex/agilex_ws/install/nav2_core:/home/agilex/agilex_ws/install/nav2_costmap_2d:/home/agilex/agilex_ws/install/nav_2d_utils:/home/agilex/agilex_ws/install/nav2_map_server:/home/agilex/agilex_ws/install/nav2_lifecycle_manager:/home/agilex/agilex_ws/install/nav2_behavior_tree:/home/agilex/agilex_ws/install/nav2_amcl:/home/agilex/agilex_ws/install/nav2_util:/home/agilex/agilex_ws/install/nav2_voxel_grid:/home/agilex/agilex_ws/install/nav2_msgs:/home/agilex/agilex_ws/install/nav_2d_msgs:/home/agilex/agilex_ws/install/nav2_common:/home/agilex/agilex_ws/install/limo_msgs LD_LIBRARY_PATH=/home/agilex/agilex_ws/install/nav2_waypoint_follower/lib:/home/agilex/agilex_ws/install/nav2_planner/lib:/home/agilex/agilex_ws/install/nav2_controller/lib:/home/agilex/agilex_ws/install/nav2_bt_navigator/lib:/home/agilex/agilex_ws/install/nav2_costmap_2d/lib:/home/agilex/agilex_ws/install/nav_2d_utils/lib:/home/agilex/agilex_ws/install/nav2_map_server/lib:/home/agilex/agilex_ws/install/nav2_lifecycle_manager/lib:/home/agilex/agilex_ws/install/nav2_behavior_tree/lib:/home/agilex/agilex_ws/install/nav2_amcl/lib:/home/agilex/agilex_ws/install/nav2_util/lib:/home/agilex/agilex_ws/install/nav2_voxel_grid/lib:/home/agilex/agilex_ws/install/nav2_msgs/lib:/home/agilex/agilex_ws/install/nav_2d_msgs/lib:/home/agilex/agilex_ws/install/limo_msgs/lib PYTHONPATH=/home/agilex/agilex_ws/install/nav2_msgs/local/lib/python3.10/dist-packages:/home/agilex/agilex_ws/install/nav_2d_msgs/local/lib/python3.10/dist-packages:/home/agilex/agilex_ws/install/nav2_common/local/lib/python3.10/dist-packages:/home/agilex/agilex_ws/install/limo_msgs/local/lib/python3.10/dist-packages /usr/bin/cmake --install /home/agilex/agilex_ws/build/limo_bringup
[0.141s] -- Install configuration: ""
[0.141s] -- Up-to-date: /home/agilex/agilex_ws/install/limo_bringup/share/limo_bringup//param
[0.141s] -- Up-to-date: /home/agilex/agilex_ws/install/limo_bringup/share/limo_bringup//param/costmap_global_static.yaml
[0.141s] -- Up-to-date: /home/agilex/agilex_ws/install/limo_bringup/share/limo_bringup//param/ydlidar.yaml
[0.141s] -- Up-to-date: /home/agilex/agilex_ws/install/limo_bringup/share/limo_bringup//param/amcl_params.yaml
[0.141s] -- Up-to-date: /home/agilex/agilex_ws/install/limo_bringup/share/limo_bringup//param/planner.yaml
[0.141s] -- Up-to-date: /home/agilex/agilex_ws/install/limo_bringup/share/limo_bringup//param/nav2_diff.yaml
[0.141s] -- Up-to-date: /home/agilex/agilex_ws/install/limo_bringup/share/limo_bringup//param/slam_box.yaml
[0.142s] -- Up-to-date: /home/agilex/agilex_ws/install/limo_bringup/share/limo_bringup//param/costmap_global_laser.yaml
[0.142s] -- Up-to-date: /home/agilex/agilex_ws/install/limo_bringup/share/limo_bringup//param/nav2_ackermann.yaml
[0.142s] -- Up-to-date: /home/agilex/agilex_ws/install/limo_bringup/share/limo_bringup//param/nav2_diff_rtab.yaml
[0.142s] -- Up-to-date: /home/agilex/agilex_ws/install/limo_bringup/share/limo_bringup//param/costmap_local.yaml
[0.142s] -- Up-to-date: /home/agilex/agilex_ws/install/limo_bringup/share/limo_bringup//param/costmap_common.yaml
[0.142s] -- Up-to-date: /home/agilex/agilex_ws/install/limo_bringup/share/limo_bringup//param/nav2_ackermann_rtab.yaml
[0.142s] -- Up-to-date: /home/agilex/agilex_ws/install/limo_bringup/share/limo_bringup//param/nav2_ackermann_foxy.yaml
[0.142s] -- Up-to-date: /home/agilex/agilex_ws/install/limo_bringup/share/limo_bringup//maps
[0.142s] -- Up-to-date: /home/agilex/agilex_ws/install/limo_bringup/share/limo_bringup//maps/map11.yaml
[0.142s] -- Up-to-date: /home/agilex/agilex_ws/install/limo_bringup/share/limo_bringup//maps/map11.pgm
[0.142s] -- Up-to-date: /home/agilex/agilex_ws/install/limo_bringup/share/limo_bringup//maps/map02.pgm
[0.142s] -- Up-to-date: /home/agilex/agilex_ws/install/limo_bringup/share/limo_bringup//maps/zsq.yaml
[0.142s] -- Up-to-date: /home/agilex/agilex_ws/install/limo_bringup/share/limo_bringup//maps/zsq.pgm
[0.142s] -- Up-to-date: /home/agilex/agilex_ws/install/limo_bringup/share/limo_bringup//maps/map02.yaml
[0.142s] -- Up-to-date: /home/agilex/agilex_ws/install/limo_bringup/share/limo_bringup//maps/map01.yaml
[0.142s] -- Up-to-date: /home/agilex/agilex_ws/install/limo_bringup/share/limo_bringup//maps/1.pgm
[0.142s] -- Up-to-date: /home/agilex/agilex_ws/install/limo_bringup/share/limo_bringup//maps/limo.yaml
[0.142s] -- Up-to-date: /home/agilex/agilex_ws/install/limo_bringup/share/limo_bringup//maps/1.yaml
[0.142s] -- Up-to-date: /home/agilex/agilex_ws/install/limo_bringup/share/limo_bringup//maps/map03.pgm
[0.142s] -- Up-to-date: /home/agilex/agilex_ws/install/limo_bringup/share/limo_bringup//maps/map01.pgm
[0.142s] -- Up-to-date: /home/agilex/agilex_ws/install/limo_bringup/share/limo_bringup//maps/map_limo.yaml
[0.142s] -- Up-to-date: /home/agilex/agilex_ws/install/limo_bringup/share/limo_bringup//maps/limo.pgm
[0.142s] -- Up-to-date: /home/agilex/agilex_ws/install/limo_bringup/share/limo_bringup//maps/map03.yaml
[0.142s] -- Up-to-date: /home/agilex/agilex_ws/install/limo_bringup/share/limo_bringup//maps/map.yaml
[0.142s] -- Up-to-date: /home/agilex/agilex_ws/install/limo_bringup/share/limo_bringup//maps/map.pgm
[0.142s] -- Up-to-date: /home/agilex/agilex_ws/install/limo_bringup/share/limo_bringup//maps/map_limo.pgm
[0.142s] -- Up-to-date: /home/agilex/agilex_ws/install/limo_bringup/share/limo_bringup//config_files
[0.142s] -- Up-to-date: /home/agilex/agilex_ws/install/limo_bringup/share/limo_bringup//config_files/ekf.yaml
[0.142s] -- Up-to-date: /home/agilex/agilex_ws/install/limo_bringup/share/limo_bringup//config_files/limon_navigation.rviz
[0.142s] -- Up-to-date: /home/agilex/agilex_ws/install/limo_bringup/share/limo_bringup//config_files/demo_2d.rviz
[0.142s] -- Up-to-date: /home/agilex/agilex_ws/install/limo_bringup/share/limo_bringup//config_files/limo_laser.lua
[0.142s] -- Up-to-date: /home/agilex/agilex_ws/install/limo_bringup/share/limo_bringup//config_files/limo_lds_2d.lua
[0.142s] -- Up-to-date: /home/agilex/agilex_ws/install/limo_bringup/share/limo_bringup//launch
[0.143s] -- Up-to-date: /home/agilex/agilex_ws/install/limo_bringup/share/limo_bringup//launch/__pycache__
[0.143s] -- Up-to-date: /home/agilex/agilex_ws/install/limo_bringup/share/limo_bringup//launch/__pycache__/cartographer.launch.cpython-310.pyc
[0.143s] -- Up-to-date: /home/agilex/agilex_ws/install/limo_bringup/share/limo_bringup//launch/__pycache__/occupancy_grid.launch.cpython-310.pyc
[0.143s] -- Up-to-date: /home/agilex/agilex_ws/install/limo_bringup/share/limo_bringup//launch/humble
[0.143s] -- Up-to-date: /home/agilex/agilex_ws/install/limo_bringup/share/limo_bringup//launch/humble/rgbdslam_datasets.launch.py
[0.143s] -- Up-to-date: /home/agilex/agilex_ws/install/limo_bringup/share/limo_bringup//launch/humble/limo_nav2_diff.launch.py
[0.143s] -- Up-to-date: /home/agilex/agilex_ws/install/limo_bringup/share/limo_bringup//launch/humble/limo_rtab_scan.launch.py
[0.143s] -- Up-to-date: /home/agilex/agilex_ws/install/limo_bringup/share/limo_bringup//launch/humble/limo_slam_box.launch.py
[0.143s] -- Up-to-date: /home/agilex/agilex_ws/install/limo_bringup/share/limo_bringup//launch/humble/ekf_odom.launch.py
[0.143s] -- Up-to-date: /home/agilex/agilex_ws/install/limo_bringup/share/limo_bringup//launch/humble/limo_cartographer.launch.py
[0.143s] -- Up-to-date: /home/agilex/agilex_ws/install/limo_bringup/share/limo_bringup//launch/humble/limo_rtab_rgbd.launch.py
[0.143s] -- Up-to-date: /home/agilex/agilex_ws/install/limo_bringup/share/limo_bringup//launch/humble/navigation_launch.py
[0.143s] -- Up-to-date: /home/agilex/agilex_ws/install/limo_bringup/share/limo_bringup//launch/humble/limo_cartographer.launch copy.py
[0.143s] -- Up-to-date: /home/agilex/agilex_ws/install/limo_bringup/share/limo_bringup//launch/humble/__pycache__
[0.143s] -- Up-to-date: /home/agilex/agilex_ws/install/limo_bringup/share/limo_bringup//launch/humble/__pycache__/limo_rtab_nav2.laun.cpython-310.pyc
[0.143s] -- Up-to-date: /home/agilex/agilex_ws/install/limo_bringup/share/limo_bringup//launch/humble/limo_rtab_nav2_diff.launch.py
[0.143s] -- Up-to-date: /home/agilex/agilex_ws/install/limo_bringup/share/limo_bringup//launch/humble/limo_start.launch.py
[0.143s] -- Up-to-date: /home/agilex/agilex_ws/install/limo_bringup/share/limo_bringup//launch/humble/localization_launch.py
[0.143s] -- Up-to-date: /home/agilex/agilex_ws/install/limo_bringup/share/limo_bringup//launch/humble/bringup.launch.py
[0.143s] -- Up-to-date: /home/agilex/agilex_ws/install/limo_bringup/share/limo_bringup//launch/humble/limo_nav2_ackermann.launch.py
[0.143s] -- Up-to-date: /home/agilex/agilex_ws/install/limo_bringup/share/limo_bringup//launch/humble/limo_rtab_nav2_ackermann.launch.py
[0.143s] -- Up-to-date: /home/agilex/agilex_ws/install/limo_bringup/share/limo_bringup//rviz
[0.143s] -- Up-to-date: /home/agilex/agilex_ws/install/limo_bringup/share/limo_bringup//rviz/rtab_nav2.rviz
[0.143s] -- Up-to-date: /home/agilex/agilex_ws/install/limo_bringup/share/limo_bringup//rviz/nav2_copy.rviz
[0.143s] -- Up-to-date: /home/agilex/agilex_ws/install/limo_bringup/share/limo_bringup//rviz/rtabmap.rviz
[0.143s] -- Up-to-date: /home/agilex/agilex_ws/install/limo_bringup/share/limo_bringup//rviz/cartographer.rviz
[0.144s] -- Up-to-date: /home/agilex/agilex_ws/install/limo_bringup/share/limo_bringup//rviz/nav2_rtab.rviz
[0.144s] -- Up-to-date: /home/agilex/agilex_ws/install/limo_bringup/share/limo_bringup//rviz/nav2.rviz
[0.144s] -- Up-to-date: /home/agilex/agilex_ws/install/limo_bringup/share/limo_bringup//launch
[0.144s] -- Up-to-date: /home/agilex/agilex_ws/install/limo_bringup/share/limo_bringup//launch/__pycache__
[0.144s] -- Up-to-date: /home/agilex/agilex_ws/install/limo_bringup/share/limo_bringup//launch/__pycache__/cartographer.launch.cpython-310.pyc
[0.144s] -- Up-to-date: /home/agilex/agilex_ws/install/limo_bringup/share/limo_bringup//launch/__pycache__/occupancy_grid.launch.cpython-310.pyc
[0.144s] -- Up-to-date: /home/agilex/agilex_ws/install/limo_bringup/share/limo_bringup//launch/humble
[0.144s] -- Up-to-date: /home/agilex/agilex_ws/install/limo_bringup/share/limo_bringup//launch/humble/rgbdslam_datasets.launch.py
[0.144s] -- Up-to-date: /home/agilex/agilex_ws/install/limo_bringup/share/limo_bringup//launch/humble/limo_nav2_diff.launch.py
[0.144s] -- Up-to-date: /home/agilex/agilex_ws/install/limo_bringup/share/limo_bringup//launch/humble/limo_rtab_scan.launch.py
[0.144s] -- Up-to-date: /home/agilex/agilex_ws/install/limo_bringup/share/limo_bringup//launch/humble/limo_slam_box.launch.py
[0.144s] -- Up-to-date: /home/agilex/agilex_ws/install/limo_bringup/share/limo_bringup//launch/humble/ekf_odom.launch.py
[0.144s] -- Up-to-date: /home/agilex/agilex_ws/install/limo_bringup/share/limo_bringup//launch/humble/limo_cartographer.launch.py
[0.144s] -- Up-to-date: /home/agilex/agilex_ws/install/limo_bringup/share/limo_bringup//launch/humble/limo_rtab_rgbd.launch.py
[0.144s] -- Up-to-date: /home/agilex/agilex_ws/install/limo_bringup/share/limo_bringup//launch/humble/navigation_launch.py
[0.144s] -- Up-to-date: /home/agilex/agilex_ws/install/limo_bringup/share/limo_bringup//launch/humble/limo_cartographer.launch copy.py
[0.144s] -- Up-to-date: /home/agilex/agilex_ws/install/limo_bringup/share/limo_bringup//launch/humble/__pycache__
[0.144s] -- Up-to-date: /home/agilex/agilex_ws/install/limo_bringup/share/limo_bringup//launch/humble/__pycache__/limo_rtab_nav2.laun.cpython-310.pyc
[0.144s] -- Up-to-date: /home/agilex/agilex_ws/install/limo_bringup/share/limo_bringup//launch/humble/limo_rtab_nav2_diff.launch.py
[0.144s] -- Up-to-date: /home/agilex/agilex_ws/install/limo_bringup/share/limo_bringup//launch/humble/limo_start.launch.py
[0.144s] -- Up-to-date: /home/agilex/agilex_ws/install/limo_bringup/share/limo_bringup//launch/humble/localization_launch.py
[0.144s] -- Up-to-date: /home/agilex/agilex_ws/install/limo_bringup/share/limo_bringup//launch/humble/bringup.launch.py
[0.144s] -- Up-to-date: /home/agilex/agilex_ws/install/limo_bringup/share/limo_bringup//launch/humble/limo_nav2_ackermann.launch.py
[0.144s] -- Up-to-date: /home/agilex/agilex_ws/install/limo_bringup/share/limo_bringup//launch/humble/limo_rtab_nav2_ackermann.launch.py
[0.144s] -- Up-to-date: /home/agilex/agilex_ws/install/limo_bringup/share/ament_index/resource_index/package_run_dependencies/limo_bringup
[0.144s] -- Up-to-date: /home/agilex/agilex_ws/install/limo_bringup/share/ament_index/resource_index/parent_prefix_path/limo_bringup
[0.144s] -- Up-to-date: /home/agilex/agilex_ws/install/limo_bringup/share/limo_bringup/environment/ament_prefix_path.sh
[0.144s] -- Up-to-date: /home/agilex/agilex_ws/install/limo_bringup/share/limo_bringup/environment/ament_prefix_path.dsv
[0.144s] -- Up-to-date: /home/agilex/agilex_ws/install/limo_bringup/share/limo_bringup/environment/path.sh
[0.144s] -- Up-to-date: /home/agilex/agilex_ws/install/limo_bringup/share/limo_bringup/environment/path.dsv
[0.145s] -- Up-to-date: /home/agilex/agilex_ws/install/limo_bringup/share/limo_bringup/local_setup.bash
[0.145s] -- Up-to-date: /home/agilex/agilex_ws/install/limo_bringup/share/limo_bringup/local_setup.sh
[0.145s] -- Up-to-date: /home/agilex/agilex_ws/install/limo_bringup/share/limo_bringup/local_setup.zsh
[0.145s] -- Up-to-date: /home/agilex/agilex_ws/install/limo_bringup/share/limo_bringup/local_setup.dsv
[0.145s] -- Installing: /home/agilex/agilex_ws/install/limo_bringup/share/limo_bringup/package.dsv
[0.145s] -- Up-to-date: /home/agilex/agilex_ws/install/limo_bringup/share/ament_index/resource_index/packages/limo_bringup
[0.145s] -- Up-to-date: /home/agilex/agilex_ws/install/limo_bringup/share/limo_bringup/cmake/limo_bringupConfig.cmake
[0.145s] -- Up-to-date: /home/agilex/agilex_ws/install/limo_bringup/share/limo_bringup/cmake/limo_bringupConfig-version.cmake
[0.145s] -- Up-to-date: /home/agilex/agilex_ws/install/limo_bringup/share/limo_bringup/package.xml
[0.145s] Invoked command in '/home/agilex/agilex_ws/build/limo_bringup' returned '0': AMENT_PREFIX_PATH=/home/agilex/agilex_ws/install/nav2_waypoint_follower:/home/agilex/agilex_ws/install/nav2_planner:/home/agilex/agilex_ws/install/nav2_controller:/home/agilex/agilex_ws/install/nav2_bt_navigator:/home/agilex/agilex_ws/install/nav2_core:/home/agilex/agilex_ws/install/nav2_costmap_2d:/home/agilex/agilex_ws/install/nav_2d_utils:/home/agilex/agilex_ws/install/nav2_map_server:/home/agilex/agilex_ws/install/nav2_lifecycle_manager:/home/agilex/agilex_ws/install/nav2_behavior_tree:/home/agilex/agilex_ws/install/nav2_amcl:/home/agilex/agilex_ws/install/nav2_util:/home/agilex/agilex_ws/install/nav2_voxel_grid:/home/agilex/agilex_ws/install/nav2_msgs:/home/agilex/agilex_ws/install/nav_2d_msgs:/home/agilex/agilex_ws/install/nav2_common:/home/agilex/agilex_ws/install/limo_msgs CMAKE_PREFIX_PATH=/home/agilex/agilex_ws/install/nav2_waypoint_follower:/home/agilex/agilex_ws/install/nav2_planner:/home/agilex/agilex_ws/install/nav2_controller:/home/agilex/agilex_ws/install/nav2_bt_navigator:/home/agilex/agilex_ws/install/nav2_core:/home/agilex/agilex_ws/install/nav2_costmap_2d:/home/agilex/agilex_ws/install/nav_2d_utils:/home/agilex/agilex_ws/install/nav2_map_server:/home/agilex/agilex_ws/install/nav2_lifecycle_manager:/home/agilex/agilex_ws/install/nav2_behavior_tree:/home/agilex/agilex_ws/install/nav2_amcl:/home/agilex/agilex_ws/install/nav2_util:/home/agilex/agilex_ws/install/nav2_voxel_grid:/home/agilex/agilex_ws/install/nav2_msgs:/home/agilex/agilex_ws/install/nav_2d_msgs:/home/agilex/agilex_ws/install/nav2_common:/home/agilex/agilex_ws/install/limo_msgs LD_LIBRARY_PATH=/home/agilex/agilex_ws/install/nav2_waypoint_follower/lib:/home/agilex/agilex_ws/install/nav2_planner/lib:/home/agilex/agilex_ws/install/nav2_controller/lib:/home/agilex/agilex_ws/install/nav2_bt_navigator/lib:/home/agilex/agilex_ws/install/nav2_costmap_2d/lib:/home/agilex/agilex_ws/install/nav_2d_utils/lib:/home/agilex/agilex_ws/install/nav2_map_server/lib:/home/agilex/agilex_ws/install/nav2_lifecycle_manager/lib:/home/agilex/agilex_ws/install/nav2_behavior_tree/lib:/home/agilex/agilex_ws/install/nav2_amcl/lib:/home/agilex/agilex_ws/install/nav2_util/lib:/home/agilex/agilex_ws/install/nav2_voxel_grid/lib:/home/agilex/agilex_ws/install/nav2_msgs/lib:/home/agilex/agilex_ws/install/nav_2d_msgs/lib:/home/agilex/agilex_ws/install/limo_msgs/lib PYTHONPATH=/home/agilex/agilex_ws/install/nav2_msgs/local/lib/python3.10/dist-packages:/home/agilex/agilex_ws/install/nav_2d_msgs/local/lib/python3.10/dist-packages:/home/agilex/agilex_ws/install/nav2_common/local/lib/python3.10/dist-packages:/home/agilex/agilex_ws/install/limo_msgs/local/lib/python3.10/dist-packages /usr/bin/cmake --install /home/agilex/agilex_ws/build/limo_bringup
