[0.022s] Invoking command in '/home/agilex/agilex_ws/build/costmap_queue': AMENT_PREFIX_PATH=/home/agilex/agilex_ws/install/nav2_costmap_2d:/home/agilex/agilex_ws/install/nav2_util:/home/agilex/agilex_ws/install/nav2_voxel_grid:/home/agilex/agilex_ws/install/nav2_msgs:/home/agilex/agilex_ws/install/nav2_common CMAKE_PREFIX_PATH=/home/agilex/agilex_ws/install/nav2_costmap_2d:/home/agilex/agilex_ws/install/nav2_util:/home/agilex/agilex_ws/install/nav2_voxel_grid:/home/agilex/agilex_ws/install/nav2_msgs:/home/agilex/agilex_ws/install/nav2_common LD_LIBRARY_PATH=/home/agilex/agilex_ws/install/nav2_costmap_2d/lib:/home/agilex/agilex_ws/install/nav2_util/lib:/home/agilex/agilex_ws/install/nav2_voxel_grid/lib:/home/agilex/agilex_ws/install/nav2_msgs/lib PYTHONPATH=/home/agilex/agilex_ws/install/nav2_msgs/local/lib/python3.10/dist-packages:/home/agilex/agilex_ws/install/nav2_common/local/lib/python3.10/dist-packages /usr/bin/cmake --build /home/agilex/agilex_ws/build/costmap_queue -- -j16 -l16
[0.068s] [ 27%] Built target costmap_queue
[0.086s] [ 36%] [32mBuilding CXX object gtest/CMakeFiles/gtest.dir/src/gtest-all.cc.o[0m
[8.189s] [ 45%] [32m[1mLinking CXX static library libgtest.a[0m
[8.246s] [ 45%] Built target gtest
[8.279s] [ 63%] Built target gtest_main
[8.313s] [ 72%] [32mBuilding CXX object CMakeFiles/mbq_test.dir/test/mbq_test.cpp.o[0m
[10.424s] [ 81%] [32m[1mLinking CXX executable mbq_test[0m
[11.533s] [ 81%] Built target mbq_test
[11.575s] [ 90%] [32mBuilding CXX object CMakeFiles/utest.dir/test/utest.cpp.o[0m
[15.898s] [100%] [32m[1mLinking CXX executable utest[0m
[16.383s] [100%] Built target utest
[16.456s] Invoked command in '/home/agilex/agilex_ws/build/costmap_queue' returned '0': AMENT_PREFIX_PATH=/home/agilex/agilex_ws/install/nav2_costmap_2d:/home/agilex/agilex_ws/install/nav2_util:/home/agilex/agilex_ws/install/nav2_voxel_grid:/home/agilex/agilex_ws/install/nav2_msgs:/home/agilex/agilex_ws/install/nav2_common CMAKE_PREFIX_PATH=/home/agilex/agilex_ws/install/nav2_costmap_2d:/home/agilex/agilex_ws/install/nav2_util:/home/agilex/agilex_ws/install/nav2_voxel_grid:/home/agilex/agilex_ws/install/nav2_msgs:/home/agilex/agilex_ws/install/nav2_common LD_LIBRARY_PATH=/home/agilex/agilex_ws/install/nav2_costmap_2d/lib:/home/agilex/agilex_ws/install/nav2_util/lib:/home/agilex/agilex_ws/install/nav2_voxel_grid/lib:/home/agilex/agilex_ws/install/nav2_msgs/lib PYTHONPATH=/home/agilex/agilex_ws/install/nav2_msgs/local/lib/python3.10/dist-packages:/home/agilex/agilex_ws/install/nav2_common/local/lib/python3.10/dist-packages /usr/bin/cmake --build /home/agilex/agilex_ws/build/costmap_queue -- -j16 -l16
[16.516s] Invoking command in '/home/agilex/agilex_ws/build/costmap_queue': AMENT_PREFIX_PATH=/home/agilex/agilex_ws/install/nav2_costmap_2d:/home/agilex/agilex_ws/install/nav2_util:/home/agilex/agilex_ws/install/nav2_voxel_grid:/home/agilex/agilex_ws/install/nav2_msgs:/home/agilex/agilex_ws/install/nav2_common CMAKE_PREFIX_PATH=/home/agilex/agilex_ws/install/nav2_costmap_2d:/home/agilex/agilex_ws/install/nav2_util:/home/agilex/agilex_ws/install/nav2_voxel_grid:/home/agilex/agilex_ws/install/nav2_msgs:/home/agilex/agilex_ws/install/nav2_common LD_LIBRARY_PATH=/home/agilex/agilex_ws/install/nav2_costmap_2d/lib:/home/agilex/agilex_ws/install/nav2_util/lib:/home/agilex/agilex_ws/install/nav2_voxel_grid/lib:/home/agilex/agilex_ws/install/nav2_msgs/lib PYTHONPATH=/home/agilex/agilex_ws/install/nav2_msgs/local/lib/python3.10/dist-packages:/home/agilex/agilex_ws/install/nav2_common/local/lib/python3.10/dist-packages /usr/bin/cmake --install /home/agilex/agilex_ws/build/costmap_queue
[32.736s] -- Install configuration: "Release"
[32.736s] -- Installing: /home/agilex/agilex_ws/install/costmap_queue/lib/libcostmap_queue.a
[32.736s] -- Up-to-date: /home/agilex/agilex_ws/install/costmap_queue/include/
[32.736s] -- Up-to-date: /home/agilex/agilex_ws/install/costmap_queue/include//costmap_queue
[32.737s] -- Up-to-date: /home/agilex/agilex_ws/install/costmap_queue/include//costmap_queue/limited_costmap_queue.hpp
[32.737s] -- Up-to-date: /home/agilex/agilex_ws/install/costmap_queue/include//costmap_queue/costmap_queue.hpp
[32.737s] -- Up-to-date: /home/agilex/agilex_ws/install/costmap_queue/include//costmap_queue/map_based_queue.hpp
[32.737s] -- Up-to-date: /home/agilex/agilex_ws/install/costmap_queue/share/costmap_queue/environment/library_path.sh
[32.737s] -- Up-to-date: /home/agilex/agilex_ws/install/costmap_queue/share/costmap_queue/environment/library_path.dsv
[32.737s] -- Up-to-date: /home/agilex/agilex_ws/install/costmap_queue/share/ament_index/resource_index/package_run_dependencies/costmap_queue
[32.737s] -- Up-to-date: /home/agilex/agilex_ws/install/costmap_queue/share/ament_index/resource_index/parent_prefix_path/costmap_queue
[32.737s] -- Up-to-date: /home/agilex/agilex_ws/install/costmap_queue/share/costmap_queue/environment/ament_prefix_path.sh
[32.737s] -- Up-to-date: /home/agilex/agilex_ws/install/costmap_queue/share/costmap_queue/environment/ament_prefix_path.dsv
[32.737s] -- Up-to-date: /home/agilex/agilex_ws/install/costmap_queue/share/costmap_queue/environment/path.sh
[32.737s] -- Up-to-date: /home/agilex/agilex_ws/install/costmap_queue/share/costmap_queue/environment/path.dsv
[32.737s] -- Up-to-date: /home/agilex/agilex_ws/install/costmap_queue/share/costmap_queue/local_setup.bash
[32.738s] -- Up-to-date: /home/agilex/agilex_ws/install/costmap_queue/share/costmap_queue/local_setup.sh
[32.738s] -- Up-to-date: /home/agilex/agilex_ws/install/costmap_queue/share/costmap_queue/local_setup.zsh
[32.738s] -- Up-to-date: /home/agilex/agilex_ws/install/costmap_queue/share/costmap_queue/local_setup.dsv
[32.738s] -- Installing: /home/agilex/agilex_ws/install/costmap_queue/share/costmap_queue/package.dsv
[32.738s] -- Up-to-date: /home/agilex/agilex_ws/install/costmap_queue/share/ament_index/resource_index/packages/costmap_queue
[32.738s] -- Up-to-date: /home/agilex/agilex_ws/install/costmap_queue/share/costmap_queue/cmake/ament_cmake_export_include_directories-extras.cmake
[32.738s] -- Up-to-date: /home/agilex/agilex_ws/install/costmap_queue/share/costmap_queue/cmake/ament_cmake_export_libraries-extras.cmake
[32.739s] -- Up-to-date: /home/agilex/agilex_ws/install/costmap_queue/share/costmap_queue/cmake/costmap_queueConfig.cmake
[32.739s] -- Up-to-date: /home/agilex/agilex_ws/install/costmap_queue/share/costmap_queue/cmake/costmap_queueConfig-version.cmake
[32.739s] -- Up-to-date: /home/agilex/agilex_ws/install/costmap_queue/share/costmap_queue/package.xml
[32.859s] Invoked command in '/home/agilex/agilex_ws/build/costmap_queue' returned '0': AMENT_PREFIX_PATH=/home/agilex/agilex_ws/install/nav2_costmap_2d:/home/agilex/agilex_ws/install/nav2_util:/home/agilex/agilex_ws/install/nav2_voxel_grid:/home/agilex/agilex_ws/install/nav2_msgs:/home/agilex/agilex_ws/install/nav2_common CMAKE_PREFIX_PATH=/home/agilex/agilex_ws/install/nav2_costmap_2d:/home/agilex/agilex_ws/install/nav2_util:/home/agilex/agilex_ws/install/nav2_voxel_grid:/home/agilex/agilex_ws/install/nav2_msgs:/home/agilex/agilex_ws/install/nav2_common LD_LIBRARY_PATH=/home/agilex/agilex_ws/install/nav2_costmap_2d/lib:/home/agilex/agilex_ws/install/nav2_util/lib:/home/agilex/agilex_ws/install/nav2_voxel_grid/lib:/home/agilex/agilex_ws/install/nav2_msgs/lib PYTHONPATH=/home/agilex/agilex_ws/install/nav2_msgs/local/lib/python3.10/dist-packages:/home/agilex/agilex_ws/install/nav2_common/local/lib/python3.10/dist-packages /usr/bin/cmake --install /home/agilex/agilex_ws/build/costmap_queue
