[0.203s] Invoking command in '/home/agilex/agilex_ws/build/libuvc': /usr/bin/cmake --build /home/agilex/agilex_ws/build/libuvc -- -j16 -l16
[0.365s] [ 45%] Built target uvc_static
[0.365s] [ 90%] Built target uvc
[0.388s] [100%] Built target example
[0.418s] Invoked command in '/home/agilex/agilex_ws/build/libuvc' returned '0': /usr/bin/cmake --build /home/agilex/agilex_ws/build/libuvc -- -j16 -l16
[0.749s] Invoking command in '/home/agilex/agilex_ws/build/libuvc': /usr/bin/cmake --install /home/agilex/agilex_ws/build/libuvc
[0.842s] -- Install configuration: "Release"
[0.842s] -- Up-to-date: /home/agilex/agilex_ws/install/libuvc/lib/libuvc.so.0.0.6
[0.842s] -- Up-to-date: /home/agilex/agilex_ws/install/libuvc/lib/libuvc.so.0
[0.842s] -- Up-to-date: /home/agilex/agilex_ws/install/libuvc/lib/libuvc.so
[0.842s] -- Up-to-date: /home/agilex/agilex_ws/install/libuvc/include/libuvc/libuvc.h
[0.842s] -- Up-to-date: /home/agilex/agilex_ws/install/libuvc/include/libuvc/libuvc_config.h
[0.842s] -- Up-to-date: /home/agilex/agilex_ws/install/libuvc/lib/libuvc.a
[0.843s] -- Up-to-date: /home/agilex/agilex_ws/install/libuvc/include/libuvc/libuvc.h
[0.843s] -- Up-to-date: /home/agilex/agilex_ws/install/libuvc/include/libuvc/libuvc_config.h
[0.843s] -- Up-to-date: /home/agilex/agilex_ws/install/libuvc/lib/cmake/libuvc/libuvcTargets.cmake
[0.843s] -- Up-to-date: /home/agilex/agilex_ws/install/libuvc/lib/cmake/libuvc/libuvcTargets-release.cmake
[0.843s] -- Up-to-date: /home/agilex/agilex_ws/install/libuvc/lib/cmake/libuvc/FindLibUSB.cmake
[0.843s] -- Up-to-date: /home/agilex/agilex_ws/install/libuvc/lib/cmake/libuvc/FindJpegPkg.cmake
[0.843s] -- Up-to-date: /home/agilex/agilex_ws/install/libuvc/lib/cmake/libuvc/libuvcConfigVersion.cmake
[0.843s] -- Up-to-date: /home/agilex/agilex_ws/install/libuvc/lib/pkgconfig/libuvc.pc
[0.843s] -- Up-to-date: /home/agilex/agilex_ws/install/libuvc/lib/cmake/libuvc/libuvcConfig.cmake
[0.974s] Invoked command in '/home/agilex/agilex_ws/build/libuvc' returned '0': /usr/bin/cmake --install /home/agilex/agilex_ws/build/libuvc
