[0.106s] Invoking command in '/home/agilex/agilex_ws/build/limo_description': /usr/bin/cmake --build /home/agilex/agilex_ws/build/limo_description -- -j16 -l16
[0.472s] Invoked command in '/home/agilex/agilex_ws/build/limo_description' returned '0': /usr/bin/cmake --build /home/agilex/agilex_ws/build/limo_description -- -j16 -l16
[0.514s] Invoking command in '/home/agilex/agilex_ws/build/limo_description': /usr/bin/cmake --install /home/agilex/agilex_ws/build/limo_description
[0.538s] -- Install configuration: ""
[0.538s] -- Up-to-date: /home/agilex/agilex_ws/install/limo_description/share/limo_description/launch
[0.538s] -- Up-to-date: /home/agilex/agilex_ws/install/limo_description/share/limo_description/launch/gazebo_models_diff.launch.py
[0.538s] -- Up-to-date: /home/agilex/agilex_ws/install/limo_description/share/limo_description/launch/display_models_diff.launch.py
[0.538s] -- Up-to-date: /home/agilex/agilex_ws/install/limo_description/share/limo_description/meshes
[0.538s] -- Up-to-date: /home/agilex/agilex_ws/install/limo_description/share/limo_description/meshes/limo_wheel.stl
[0.538s] -- Up-to-date: /home/agilex/agilex_ws/install/limo_description/share/limo_description/meshes/limo_base.stl
[0.538s] -- Up-to-date: /home/agilex/agilex_ws/install/limo_description/share/limo_description/meshes/limo_base.dae
[0.539s] -- Up-to-date: /home/agilex/agilex_ws/install/limo_description/share/limo_description/meshes/limo_wheel.dae
[0.539s] -- Up-to-date: /home/agilex/agilex_ws/install/limo_description/share/limo_description/rviz
[0.539s] -- Up-to-date: /home/agilex/agilex_ws/install/limo_description/share/limo_description/rviz/urdf.rviz
[0.539s] -- Up-to-date: /home/agilex/agilex_ws/install/limo_description/share/limo_description/rviz/model_display.rviz
[0.539s] -- Up-to-date: /home/agilex/agilex_ws/install/limo_description/share/limo_description/urdf
[0.539s] -- Up-to-date: /home/agilex/agilex_ws/install/limo_description/share/limo_description/urdf/limo_gazebo.gazebo
[0.539s] -- Up-to-date: /home/agilex/agilex_ws/install/limo_description/share/limo_description/urdf/limo_ackerman.gazebo
[0.539s] -- Up-to-date: /home/agilex/agilex_ws/install/limo_description/share/limo_description/urdf/limo_ackerman.xacro
[0.539s] -- Up-to-date: /home/agilex/agilex_ws/install/limo_description/share/limo_description/urdf/limo_steering_hinge.xacro
[0.539s] -- Up-to-date: /home/agilex/agilex_ws/install/limo_description/share/limo_description/urdf/limo_four_diff.xacro
[0.539s] -- Up-to-date: /home/agilex/agilex_ws/install/limo_description/share/limo_description/urdf/limo_four_diff_2.gazebo
[0.540s] -- Up-to-date: /home/agilex/agilex_ws/install/limo_description/share/limo_description/urdf/limo_xacro.xacro
[0.540s] -- Up-to-date: /home/agilex/agilex_ws/install/limo_description/share/limo_description/urdf/limo_four_diff.gazebo
[0.540s] -- Up-to-date: /home/agilex/agilex_ws/install/limo_description/share/ament_index/resource_index/package_run_dependencies/limo_description
[0.540s] -- Up-to-date: /home/agilex/agilex_ws/install/limo_description/share/ament_index/resource_index/parent_prefix_path/limo_description
[0.540s] -- Up-to-date: /home/agilex/agilex_ws/install/limo_description/share/limo_description/environment/ament_prefix_path.sh
[0.540s] -- Up-to-date: /home/agilex/agilex_ws/install/limo_description/share/limo_description/environment/ament_prefix_path.dsv
[0.540s] -- Up-to-date: /home/agilex/agilex_ws/install/limo_description/share/limo_description/environment/path.sh
[0.540s] -- Up-to-date: /home/agilex/agilex_ws/install/limo_description/share/limo_description/environment/path.dsv
[0.540s] -- Up-to-date: /home/agilex/agilex_ws/install/limo_description/share/limo_description/local_setup.bash
[0.540s] -- Up-to-date: /home/agilex/agilex_ws/install/limo_description/share/limo_description/local_setup.sh
[0.540s] -- Up-to-date: /home/agilex/agilex_ws/install/limo_description/share/limo_description/local_setup.zsh
[0.540s] -- Up-to-date: /home/agilex/agilex_ws/install/limo_description/share/limo_description/local_setup.dsv
[0.540s] -- Installing: /home/agilex/agilex_ws/install/limo_description/share/limo_description/package.dsv
[0.540s] -- Up-to-date: /home/agilex/agilex_ws/install/limo_description/share/ament_index/resource_index/packages/limo_description
[0.540s] -- Up-to-date: /home/agilex/agilex_ws/install/limo_description/share/limo_description/cmake/limo_descriptionConfig.cmake
[0.540s] -- Up-to-date: /home/agilex/agilex_ws/install/limo_description/share/limo_description/cmake/limo_descriptionConfig-version.cmake
[0.541s] -- Up-to-date: /home/agilex/agilex_ws/install/limo_description/share/limo_description/package.xml
[0.573s] Invoked command in '/home/agilex/agilex_ws/build/limo_description' returned '0': /usr/bin/cmake --install /home/agilex/agilex_ws/build/limo_description
