[0.034s] Invoking command in '/home/agilex/agilex_ws/build/astra_camera': AMENT_PREFIX_PATH=/home/agilex/agilex_ws/install/astra_camera_msgs:${AMENT_PREFIX_PATH} CMAKE_PREFIX_PATH=/home/agilex/agilex_ws/install/astra_camera_msgs:/opt/ros/humble LD_LIBRARY_PATH=/home/agilex/agilex_ws/install/astra_camera_msgs/lib:${LD_LIBRARY_PATH} PYTHONPATH=/home/agilex/agilex_ws/install/astra_camera_msgs/local/lib/python3.10/dist-packages:${PYTHONPATH} /usr/bin/cmake --build /home/agilex/agilex_ws/build/astra_camera -- -j8 -l8
[0.087s] [35m[1mConsolidate compiler generated dependencies of target astra_camera[0m
[0.102s] [ 87%] Built target astra_camera
[0.112s] [35m[1mConsolidate compiler generated dependencies of target list_devices_node[0m
[0.141s] [100%] Built target list_devices_node
[0.168s] Invoked command in '/home/agilex/agilex_ws/build/astra_camera' returned '0': AMENT_PREFIX_PATH=/home/agilex/agilex_ws/install/astra_camera_msgs:${AMENT_PREFIX_PATH} CMAKE_PREFIX_PATH=/home/agilex/agilex_ws/install/astra_camera_msgs:/opt/ros/humble LD_LIBRARY_PATH=/home/agilex/agilex_ws/install/astra_camera_msgs/lib:${LD_LIBRARY_PATH} PYTHONPATH=/home/agilex/agilex_ws/install/astra_camera_msgs/local/lib/python3.10/dist-packages:${PYTHONPATH} /usr/bin/cmake --build /home/agilex/agilex_ws/build/astra_camera -- -j8 -l8
[0.224s] Invoking command in '/home/agilex/agilex_ws/build/astra_camera': AMENT_PREFIX_PATH=/home/agilex/agilex_ws/install/astra_camera_msgs:${AMENT_PREFIX_PATH} CMAKE_PREFIX_PATH=/home/agilex/agilex_ws/install/astra_camera_msgs:/opt/ros/humble LD_LIBRARY_PATH=/home/agilex/agilex_ws/install/astra_camera_msgs/lib:${LD_LIBRARY_PATH} PYTHONPATH=/home/agilex/agilex_ws/install/astra_camera_msgs/local/lib/python3.10/dist-packages:${PYTHONPATH} /usr/bin/cmake --install /home/agilex/agilex_ws/build/astra_camera
[0.229s] -- Install configuration: "Debug"
[0.231s] -- Up-to-date: /home/agilex/agilex_ws/install/astra_camera/lib/libastra_camera.so
[0.231s] -- Up-to-date: /home/agilex/agilex_ws/install/astra_camera/lib/libOpenNI2.so
[0.232s] -- Up-to-date: /home/agilex/agilex_ws/install/astra_camera/lib//OpenNI2
[0.232s] -- Up-to-date: /home/agilex/agilex_ws/install/astra_camera/lib//OpenNI2/Drivers
[0.232s] -- Up-to-date: /home/agilex/agilex_ws/install/astra_camera/lib//OpenNI2/Drivers/libOniFile.so
[0.232s] -- Up-to-date: /home/agilex/agilex_ws/install/astra_camera/lib//OpenNI2/Drivers/orbbec.ini
[0.232s] -- Up-to-date: /home/agilex/agilex_ws/install/astra_camera/lib//OpenNI2/Drivers/OniFile.ini
[0.233s] -- Up-to-date: /home/agilex/agilex_ws/install/astra_camera/lib//OpenNI2/Drivers/liborbbec.so
[0.233s] -- Up-to-date: /home/agilex/agilex_ws/install/astra_camera/lib/astra_camera/list_devices_node
[0.234s] -- Up-to-date: /home/agilex/agilex_ws/install/astra_camera/include
[0.235s] -- Up-to-date: /home/agilex/agilex_ws/install/astra_camera/include/openni2
[0.235s] -- Up-to-date: /home/agilex/agilex_ws/install/astra_camera/include/openni2/KinectProperties.h
[0.235s] -- Up-to-date: /home/agilex/agilex_ws/install/astra_camera/include/openni2/OpenNI.h
[0.235s] -- Up-to-date: /home/agilex/agilex_ws/install/astra_camera/include/openni2/Android-Arm
[0.236s] -- Up-to-date: /home/agilex/agilex_ws/install/astra_camera/include/openni2/Android-Arm/OniPlatformAndroid-Arm.h
[0.236s] -- Up-to-date: /home/agilex/agilex_ws/install/astra_camera/include/openni2/Driver
[0.239s] -- Up-to-date: /home/agilex/agilex_ws/install/astra_camera/include/openni2/Driver/OniDriverAPI.h
[0.239s] -- Up-to-date: /home/agilex/agilex_ws/install/astra_camera/include/openni2/Driver/OniDriverTypes.h
[0.239s] -- Up-to-date: /home/agilex/agilex_ws/install/astra_camera/include/openni2/Linux-x86
[0.240s] -- Up-to-date: /home/agilex/agilex_ws/install/astra_camera/include/openni2/Linux-x86/OniPlatformLinux-x86.h
[0.241s] -- Up-to-date: /home/agilex/agilex_ws/install/astra_camera/include/openni2/OniCAPI.h
[0.241s] -- Up-to-date: /home/agilex/agilex_ws/install/astra_camera/include/openni2/openni2_redist
[0.241s] -- Up-to-date: /home/agilex/agilex_ws/install/astra_camera/include/openni2/openni2_redist/x64
[0.244s] -- Up-to-date: /home/agilex/agilex_ws/install/astra_camera/include/openni2/openni2_redist/x64/libOpenNI2.so
[0.244s] -- Up-to-date: /home/agilex/agilex_ws/install/astra_camera/include/openni2/openni2_redist/x64/OpenNI2
[0.244s] -- Up-to-date: /home/agilex/agilex_ws/install/astra_camera/include/openni2/openni2_redist/x64/OpenNI2/Drivers
[0.247s] -- Up-to-date: /home/agilex/agilex_ws/install/astra_camera/include/openni2/openni2_redist/x64/OpenNI2/Drivers/libOniFile.so
[0.247s] -- Up-to-date: /home/agilex/agilex_ws/install/astra_camera/include/openni2/openni2_redist/x64/OpenNI2/Drivers/orbbec.ini
[0.248s] -- Up-to-date: /home/agilex/agilex_ws/install/astra_camera/include/openni2/openni2_redist/x64/OpenNI2/Drivers/OniFile.ini
[0.248s] -- Up-to-date: /home/agilex/agilex_ws/install/astra_camera/include/openni2/openni2_redist/x64/OpenNI2/Drivers/liborbbec.so
[0.248s] -- Up-to-date: /home/agilex/agilex_ws/install/astra_camera/include/openni2/openni2_redist/x64/OpenNI.ini
[0.248s] -- Up-to-date: /home/agilex/agilex_ws/install/astra_camera/include/openni2/openni2_redist/arm64
[0.249s] -- Up-to-date: /home/agilex/agilex_ws/install/astra_camera/include/openni2/openni2_redist/arm64/SimpleRead
[0.249s] -- Up-to-date: /home/agilex/agilex_ws/install/astra_camera/include/openni2/openni2_redist/arm64/libOpenNI2.so
[0.250s] -- Up-to-date: /home/agilex/agilex_ws/install/astra_camera/include/openni2/openni2_redist/arm64/OpenNI2
[0.250s] -- Up-to-date: /home/agilex/agilex_ws/install/astra_camera/include/openni2/openni2_redist/arm64/OpenNI2/Drivers
[0.250s] -- Up-to-date: /home/agilex/agilex_ws/install/astra_camera/include/openni2/openni2_redist/arm64/OpenNI2/Drivers/libOniFile.so
[0.250s] -- Up-to-date: /home/agilex/agilex_ws/install/astra_camera/include/openni2/openni2_redist/arm64/OpenNI2/Drivers/orbbec.ini
[0.251s] -- Up-to-date: /home/agilex/agilex_ws/install/astra_camera/include/openni2/openni2_redist/arm64/OpenNI2/Drivers/OniFile.ini
[0.251s] -- Up-to-date: /home/agilex/agilex_ws/install/astra_camera/include/openni2/openni2_redist/arm64/OpenNI2/Drivers/liborbbec.so
[0.252s] -- Up-to-date: /home/agilex/agilex_ws/install/astra_camera/include/openni2/openni2_redist/arm64/OpenNI.ini
[0.252s] -- Up-to-date: /home/agilex/agilex_ws/install/astra_camera/include/openni2/openni2_redist/arm64/libDepthUtils.a
[0.252s] -- Up-to-date: /home/agilex/agilex_ws/install/astra_camera/include/openni2/openni2_redist/arm64/PS1080Console
[0.252s] -- Up-to-date: /home/agilex/agilex_ws/install/astra_camera/include/openni2/openni2_redist/arm64/NiViewer
[0.253s] -- Up-to-date: /home/agilex/agilex_ws/install/astra_camera/include/openni2/openni2_redist/arm
[0.253s] -- Up-to-date: /home/agilex/agilex_ws/install/astra_camera/include/openni2/openni2_redist/arm/SimpleRead
[0.253s] -- Up-to-date: /home/agilex/agilex_ws/install/astra_camera/include/openni2/openni2_redist/arm/libOpenNI2.so
[0.253s] -- Up-to-date: /home/agilex/agilex_ws/install/astra_camera/include/openni2/openni2_redist/arm/OpenNI2
[0.253s] -- Up-to-date: /home/agilex/agilex_ws/install/astra_camera/include/openni2/openni2_redist/arm/OpenNI2/Drivers
[0.253s] -- Up-to-date: /home/agilex/agilex_ws/install/astra_camera/include/openni2/openni2_redist/arm/OpenNI2/Drivers/libOniFile.so
[0.253s] -- Up-to-date: /home/agilex/agilex_ws/install/astra_camera/include/openni2/openni2_redist/arm/OpenNI2/Drivers/orbbec.ini
[0.253s] -- Up-to-date: /home/agilex/agilex_ws/install/astra_camera/include/openni2/openni2_redist/arm/OpenNI2/Drivers/OniFile.ini
[0.253s] -- Up-to-date: /home/agilex/agilex_ws/install/astra_camera/include/openni2/openni2_redist/arm/OpenNI2/Drivers/liborbbec.so
[0.253s] -- Up-to-date: /home/agilex/agilex_ws/install/astra_camera/include/openni2/openni2_redist/arm/OpenNI.ini
[0.253s] -- Up-to-date: /home/agilex/agilex_ws/install/astra_camera/include/openni2/openni2_redist/arm/libDepthUtils.a
[0.253s] -- Up-to-date: /home/agilex/agilex_ws/install/astra_camera/include/openni2/openni2_redist/arm/PS1080Console
[0.253s] -- Up-to-date: /home/agilex/agilex_ws/install/astra_camera/include/openni2/openni2_redist/arm/NiViewer
[0.253s] -- Up-to-date: /home/agilex/agilex_ws/install/astra_camera/include/openni2/OniPlatform.h
[0.254s] -- Up-to-date: /home/agilex/agilex_ws/install/astra_camera/include/openni2/OniEnums.h
[0.254s] -- Up-to-date: /home/agilex/agilex_ws/install/astra_camera/include/openni2/PrimeSense.h
[0.254s] -- Up-to-date: /home/agilex/agilex_ws/install/astra_camera/include/openni2/OniTest.h
[0.254s] -- Up-to-date: /home/agilex/agilex_ws/install/astra_camera/include/openni2/OniCEnums.h
[0.254s] -- Up-to-date: /home/agilex/agilex_ws/install/astra_camera/include/openni2/Win32
[0.254s] -- Up-to-date: /home/agilex/agilex_ws/install/astra_camera/include/openni2/Win32/OniPlatformWin32.h
[0.254s] -- Up-to-date: /home/agilex/agilex_ws/install/astra_camera/include/openni2/OniProperties.h
[0.254s] -- Up-to-date: /home/agilex/agilex_ws/install/astra_camera/include/openni2/OniVersion.h
[0.254s] -- Up-to-date: /home/agilex/agilex_ws/install/astra_camera/include/openni2/SonixCamera.h
[0.254s] -- Up-to-date: /home/agilex/agilex_ws/install/astra_camera/include/openni2/OniCProperties.h
[0.254s] -- Up-to-date: /home/agilex/agilex_ws/install/astra_camera/include/openni2/MacOSX
[0.254s] -- Up-to-date: /home/agilex/agilex_ws/install/astra_camera/include/openni2/MacOSX/OniPlatformMacOSX.h
[0.254s] -- Up-to-date: /home/agilex/agilex_ws/install/astra_camera/include/openni2/PS1080.h
[0.257s] -- Up-to-date: /home/agilex/agilex_ws/install/astra_camera/include/openni2/util.h
[0.257s] -- Up-to-date: /home/agilex/agilex_ws/install/astra_camera/include/openni2/OniCTypes.h
[0.258s] -- Up-to-date: /home/agilex/agilex_ws/install/astra_camera/include/openni2/Linux-Arm
[0.258s] -- Up-to-date: /home/agilex/agilex_ws/install/astra_camera/include/openni2/Linux-Arm/OniPlatformLinux-Arm.h
[0.258s] -- Up-to-date: /home/agilex/agilex_ws/install/astra_camera/include/openni2/PSLink.h
[0.258s] -- Up-to-date: /home/agilex/agilex_ws/install/astra_camera/include/astra_camera
[0.258s] -- Up-to-date: /home/agilex/agilex_ws/install/astra_camera/include/astra_camera/ob_timer_filter.h
[0.258s] -- Up-to-date: /home/agilex/agilex_ws/install/astra_camera/include/astra_camera/ob_camera_node.h
[0.258s] -- Up-to-date: /home/agilex/agilex_ws/install/astra_camera/include/astra_camera/uvc_camera_driver.h
[0.259s] -- Up-to-date: /home/agilex/agilex_ws/install/astra_camera/include/astra_camera/utils.h
[0.259s] -- Up-to-date: /home/agilex/agilex_ws/install/astra_camera/include/astra_camera/ros_param_backend.h
[0.259s] -- Up-to-date: /home/agilex/agilex_ws/install/astra_camera/include/astra_camera/point_cloud_proc
[0.259s] -- Up-to-date: /home/agilex/agilex_ws/install/astra_camera/include/astra_camera/point_cloud_proc/point_cloud_xyz.h
[0.259s] -- Up-to-date: /home/agilex/agilex_ws/install/astra_camera/include/astra_camera/point_cloud_proc/point_cloud_xyzrgb.h
[0.259s] -- Up-to-date: /home/agilex/agilex_ws/install/astra_camera/include/astra_camera/point_cloud_proc/depth_traits.h
[0.259s] -- Up-to-date: /home/agilex/agilex_ws/install/astra_camera/include/astra_camera/dynamic_params.h
[0.259s] -- Up-to-date: /home/agilex/agilex_ws/install/astra_camera/include/astra_camera/device_listener.h
[0.259s] -- Up-to-date: /home/agilex/agilex_ws/install/astra_camera/include/astra_camera/ob_camera_node_factory.h
[0.260s] -- Up-to-date: /home/agilex/agilex_ws/install/astra_camera/include/astra_camera/types.h
[0.260s] -- Up-to-date: /home/agilex/agilex_ws/install/astra_camera/include/astra_camera/constants.h
[0.260s] -- Up-to-date: /home/agilex/agilex_ws/install/astra_camera/include/astra_camera/ob_frame_listener.h
[0.260s] -- Up-to-date: /home/agilex/agilex_ws/install/astra_camera/share/astra_camera//launch
[0.260s] -- Up-to-date: /home/agilex/agilex_ws/install/astra_camera/share/astra_camera//launch/dabai_dcw.launch.py
[0.260s] -- Up-to-date: /home/agilex/agilex_ws/install/astra_camera/share/astra_camera//launch/.gitkeep
[0.260s] -- Up-to-date: /home/agilex/agilex_ws/install/astra_camera/share/astra_camera//launch/multi_dabai_pro.launch.py
[0.261s] -- Up-to-date: /home/agilex/agilex_ws/install/astra_camera/share/astra_camera//launch/dabai_pro.launch.py
[0.261s] -- Up-to-date: /home/agilex/agilex_ws/install/astra_camera/share/astra_camera//launch/astra_mini.launch.py
[0.261s] -- Up-to-date: /home/agilex/agilex_ws/install/astra_camera/share/astra_camera//launch/dabai_dw.launch.py
[0.261s] -- Up-to-date: /home/agilex/agilex_ws/install/astra_camera/share/astra_camera//launch/multi_dabai.launch.py
[0.261s] -- Up-to-date: /home/agilex/agilex_ws/install/astra_camera/share/astra_camera//launch/multi_dabai_dw.launch.py
[0.261s] -- Up-to-date: /home/agilex/agilex_ws/install/astra_camera/share/astra_camera//launch/multi_dabai_dcw.launch.py
[0.261s] -- Up-to-date: /home/agilex/agilex_ws/install/astra_camera/share/astra_camera//launch/dabai.launch.py
[0.261s] -- Up-to-date: /home/agilex/agilex_ws/install/astra_camera/share/astra_camera//launch/multi_astra_mini.launch.py
[0.261s] -- Up-to-date: /home/agilex/agilex_ws/install/astra_camera/share/astra_camera//launch/__pycache__
[0.262s] -- Up-to-date: /home/agilex/agilex_ws/install/astra_camera/share/astra_camera//launch/__pycache__/dabai.launch.cpython-310.pyc
[0.262s] -- Up-to-date: /home/agilex/agilex_ws/install/astra_camera/share/astra_camera//launch/__pycache__/astra_mini.launch.cpython-310.pyc
[0.262s] -- Up-to-date: /home/agilex/agilex_ws/install/astra_camera/share/astra_camera//config
[0.262s] -- Up-to-date: /home/agilex/agilex_ws/install/astra_camera/share/astra_camera//config/.gitkeep
[0.262s] -- Up-to-date: /home/agilex/agilex_ws/install/astra_camera/share/astra_camera//params
[0.262s] -- Up-to-date: /home/agilex/agilex_ws/install/astra_camera/share/astra_camera//params/dabai_pro_params.yaml
[0.262s] -- Up-to-date: /home/agilex/agilex_ws/install/astra_camera/share/astra_camera//params/.gitkeep
[0.264s] -- Up-to-date: /home/agilex/agilex_ws/install/astra_camera/share/astra_camera//params/camera_params_template.yaml
[0.264s] -- Up-to-date: /home/agilex/agilex_ws/install/astra_camera/share/astra_camera//params/dabai_dcw_params.yaml
[0.264s] -- Up-to-date: /home/agilex/agilex_ws/install/astra_camera/share/astra_camera//params/dabai_dw_params.yaml
[0.265s] -- Up-to-date: /home/agilex/agilex_ws/install/astra_camera/share/astra_camera//params/dabai_params.yaml
[0.265s] -- Up-to-date: /home/agilex/agilex_ws/install/astra_camera/share/astra_camera//params/astra_mini_params.yaml
[0.265s] -- Up-to-date: /home/agilex/agilex_ws/install/astra_camera/share/astra_camera//rviz
[0.265s] -- Up-to-date: /home/agilex/agilex_ws/install/astra_camera/share/astra_camera//rviz/.gitkeep
[0.265s] -- Up-to-date: /home/agilex/agilex_ws/install/astra_camera/share/astra_camera//rviz/multi_camera.rviz
[0.266s] -- Up-to-date: /home/agilex/agilex_ws/install/astra_camera/share/astra_camera//rviz/pointcloud.rviz
[0.266s] -- Up-to-date: /home/agilex/agilex_ws/install/astra_camera/share/astra_camera/environment/library_path.sh
[0.266s] -- Up-to-date: /home/agilex/agilex_ws/install/astra_camera/share/astra_camera/environment/library_path.dsv
[0.266s] -- Up-to-date: /home/agilex/agilex_ws/install/astra_camera/share/ament_index/resource_index/package_run_dependencies/astra_camera
[0.266s] -- Up-to-date: /home/agilex/agilex_ws/install/astra_camera/share/ament_index/resource_index/parent_prefix_path/astra_camera
[0.266s] -- Up-to-date: /home/agilex/agilex_ws/install/astra_camera/share/astra_camera/environment/ament_prefix_path.sh
[0.266s] -- Up-to-date: /home/agilex/agilex_ws/install/astra_camera/share/astra_camera/environment/ament_prefix_path.dsv
[0.267s] -- Up-to-date: /home/agilex/agilex_ws/install/astra_camera/share/astra_camera/environment/path.sh
[0.267s] -- Up-to-date: /home/agilex/agilex_ws/install/astra_camera/share/astra_camera/environment/path.dsv
[0.267s] -- Up-to-date: /home/agilex/agilex_ws/install/astra_camera/share/astra_camera/local_setup.bash
[0.267s] -- Up-to-date: /home/agilex/agilex_ws/install/astra_camera/share/astra_camera/local_setup.sh
[0.267s] -- Up-to-date: /home/agilex/agilex_ws/install/astra_camera/share/astra_camera/local_setup.zsh
[0.267s] -- Up-to-date: /home/agilex/agilex_ws/install/astra_camera/share/astra_camera/local_setup.dsv
[0.267s] -- Installing: /home/agilex/agilex_ws/install/astra_camera/share/astra_camera/package.dsv
[0.267s] -- Up-to-date: /home/agilex/agilex_ws/install/astra_camera/share/ament_index/resource_index/packages/astra_camera
[0.267s] -- Up-to-date: /home/agilex/agilex_ws/install/astra_camera/share/ament_index/resource_index/rclcpp_components/astra_camera
[0.267s] -- Up-to-date: /home/agilex/agilex_ws/install/astra_camera/share/astra_camera/cmake/ament_cmake_export_include_directories-extras.cmake
[0.267s] -- Up-to-date: /home/agilex/agilex_ws/install/astra_camera/share/astra_camera/cmake/ament_cmake_export_libraries-extras.cmake
[0.267s] -- Up-to-date: /home/agilex/agilex_ws/install/astra_camera/share/astra_camera/cmake/ament_cmake_export_dependencies-extras.cmake
[0.267s] -- Up-to-date: /home/agilex/agilex_ws/install/astra_camera/share/astra_camera/cmake/astra_cameraConfig.cmake
[0.267s] -- Up-to-date: /home/agilex/agilex_ws/install/astra_camera/share/astra_camera/cmake/astra_cameraConfig-version.cmake
[0.268s] -- Up-to-date: /home/agilex/agilex_ws/install/astra_camera/share/astra_camera/package.xml
[0.268s] Invoked command in '/home/agilex/agilex_ws/build/astra_camera' returned '0': AMENT_PREFIX_PATH=/home/agilex/agilex_ws/install/astra_camera_msgs:${AMENT_PREFIX_PATH} CMAKE_PREFIX_PATH=/home/agilex/agilex_ws/install/astra_camera_msgs:/opt/ros/humble LD_LIBRARY_PATH=/home/agilex/agilex_ws/install/astra_camera_msgs/lib:${LD_LIBRARY_PATH} PYTHONPATH=/home/agilex/agilex_ws/install/astra_camera_msgs/local/lib/python3.10/dist-packages:${PYTHONPATH} /usr/bin/cmake --install /home/agilex/agilex_ws/build/astra_camera
