[35m[1mConsolidate compiler generated dependencies of target detect_rgb[0m
[35m[1mConsolidate compiler generated dependencies of target detect_line[0m
[ 20%] Built target detect_line
[ 30%] [32mBuilding CXX object CMakeFiles/object_detect.dir/src/object_detect.cpp.o[0m
[ 40%] [32mBuilding CXX object CMakeFiles/move_to_ar.dir/src/move_to_ar.cpp.o[0m
[ 50%] [32mBuilding CXX object CMakeFiles/traffic_light.dir/src/traffic_light.cpp.o[0m
[ 70%] Built target detect_rgb
[ 80%] [32m[1mLinking CXX executable traffic_light[0m
[ 80%] Built target traffic_light
[ 90%] [32m[1mLinking CXX executable object_detect[0m
[ 90%] Built target object_detect
[100%] [32m[1mLinking CXX executable move_to_ar[0m
[100%] Built target move_to_ar
-- Install configuration: ""
-- Installing: /home/agilex/agilex_ws/install/limo_visions/lib/limo_visions/move_to_ar
-- Set runtime path of "/home/agilex/agilex_ws/install/limo_visions/lib/limo_visions/move_to_ar" to ""
-- Installing: /home/agilex/agilex_ws/install/limo_visions/lib/limo_visions/object_detect
-- Set runtime path of "/home/agilex/agilex_ws/install/limo_visions/lib/limo_visions/object_detect" to ""
-- Up-to-date: /home/agilex/agilex_ws/install/limo_visions/lib/limo_visions/detect_line
-- Installing: /home/agilex/agilex_ws/install/limo_visions/lib/limo_visions/traffic_light
-- Set runtime path of "/home/agilex/agilex_ws/install/limo_visions/lib/limo_visions/traffic_light" to ""
-- Up-to-date: /home/agilex/agilex_ws/install/limo_visions/lib/limo_visions/detect_rgb
-- Up-to-date: /home/agilex/agilex_ws/install/limo_visions/share/ament_index/resource_index/package_run_dependencies/limo_visions
-- Up-to-date: /home/agilex/agilex_ws/install/limo_visions/share/ament_index/resource_index/parent_prefix_path/limo_visions
-- Up-to-date: /home/agilex/agilex_ws/install/limo_visions/share/limo_visions/environment/ament_prefix_path.sh
-- Up-to-date: /home/agilex/agilex_ws/install/limo_visions/share/limo_visions/environment/ament_prefix_path.dsv
-- Up-to-date: /home/agilex/agilex_ws/install/limo_visions/share/limo_visions/environment/path.sh
-- Up-to-date: /home/agilex/agilex_ws/install/limo_visions/share/limo_visions/environment/path.dsv
-- Up-to-date: /home/agilex/agilex_ws/install/limo_visions/share/limo_visions/local_setup.bash
-- Up-to-date: /home/agilex/agilex_ws/install/limo_visions/share/limo_visions/local_setup.sh
-- Up-to-date: /home/agilex/agilex_ws/install/limo_visions/share/limo_visions/local_setup.zsh
-- Up-to-date: /home/agilex/agilex_ws/install/limo_visions/share/limo_visions/local_setup.dsv
-- Installing: /home/agilex/agilex_ws/install/limo_visions/share/limo_visions/package.dsv
-- Up-to-date: /home/agilex/agilex_ws/install/limo_visions/share/ament_index/resource_index/packages/limo_visions
-- Up-to-date: /home/agilex/agilex_ws/install/limo_visions/share/limo_visions/cmake/ament_cmake_export_include_directories-extras.cmake
-- Up-to-date: /home/agilex/agilex_ws/install/limo_visions/share/limo_visions/cmake/ament_cmake_export_dependencies-extras.cmake
-- Up-to-date: /home/agilex/agilex_ws/install/limo_visions/share/limo_visions/cmake/limo_visionsConfig.cmake
-- Up-to-date: /home/agilex/agilex_ws/install/limo_visions/share/limo_visions/cmake/limo_visionsConfig-version.cmake
-- Up-to-date: /home/agilex/agilex_ws/install/limo_visions/share/limo_visions/package.xml
