[0.020s] Invoking command in '/home/agilex/agilex_ws/build/astra_camera_msgs': /usr/bin/cmake /home/agilex/agilex_ws/src/ros2_astra_camera/astra_camera_msgs -DCMAKE_INSTALL_PREFIX=/home/agilex/agilex_ws/install/astra_camera_msgs
[0.058s] [31mCMake Error at CMakeLists.txt:9 (find_package):
[0.058s]   By not providing "Findament_cmake.cmake" in CMAKE_MODULE_PATH this project
[0.058s]   has asked CMake to find a package configuration file provided by
[0.059s]   "ament_cmake", but CMake did not find one.
[0.059s] 
[0.059s]   Could not find a package configuration file provided by "ament_cmake" with
[0.059s]   any of the following names:
[0.059s] 
[0.060s]     ament_cmakeConfig.cmake
[0.060s]     ament_cmake-config.cmake
[0.061s] 
[0.062s]   Add the installation prefix of "ament_cmake" to CMAKE_PREFIX_PATH or set
[0.062s]   "ament_cmake_DIR" to a directory containing one of the above files.  If
[0.062s]   "ament_cmake" provides a separate development package or SDK, be sure it
[0.062s]   has been installed.
[0.062s] 
[0.062s] [0m
[0.065s] -- Configuring incomplete, errors occurred!
[0.066s] See also "/home/agilex/agilex_ws/build/astra_camera_msgs/CMakeFiles/CMakeOutput.log".
