[0.027s] Invoking command in '/home/agilex/agilex_ws/build/nav2_map_server': AMENT_PREFIX_PATH=/home/agilex/agilex_ws/install/nav2_util:/home/agilex/agilex_ws/install/nav2_msgs:/home/agilex/agilex_ws/install/nav2_common:${AMENT_PREFIX_PATH} CMAKE_PREFIX_PATH=/home/agilex/agilex_ws/install/nav2_util:/home/agilex/agilex_ws/install/nav2_msgs:/home/agilex/agilex_ws/install/nav2_common:/opt/ros/humble LD_LIBRARY_PATH=/home/agilex/agilex_ws/install/nav2_util/lib:/home/agilex/agilex_ws/install/nav2_msgs/lib:${LD_LIBRARY_PATH} PYTHONPATH=/home/agilex/agilex_ws/install/nav2_msgs/local/lib/python3.10/dist-packages:/home/agilex/agilex_ws/install/nav2_common/local/lib/python3.10/dist-packages:${PYTHONPATH} /usr/bin/cmake --build /home/agilex/agilex_ws/build/nav2_map_server -- -j8 -l8
[0.075s] [35m[1mConsolidate compiler generated dependencies of target gtest_main[0m
[0.079s] [35m[1mConsolidate compiler generated dependencies of target map_io[0m
[0.088s] [35m[1mConsolidate compiler generated dependencies of target gtest[0m
[0.102s] [  5%] Built target gtest_main
[0.121s] [ 13%] Built target map_io
[0.122s] [ 19%] Built target gtest
[0.141s] [35m[1mConsolidate compiler generated dependencies of target map_server_core[0m
[0.149s] [35m[1mConsolidate compiler generated dependencies of target test_map_io[0m
[0.150s] [35m[1mConsolidate compiler generated dependencies of target test_map_saver_publisher[0m
[0.161s] [35m[1mConsolidate compiler generated dependencies of target test_map_saver_cli[0m
[0.188s] [ 27%] Built target test_map_io
[0.193s] [ 41%] Built target map_server_core
[0.199s] [ 47%] Built target test_map_saver_publisher
[0.214s] [35m[1mConsolidate compiler generated dependencies of target test_map_saver_node[0m
[0.222s] [35m[1mConsolidate compiler generated dependencies of target test_costmap_filter_info_server[0m
[0.222s] [35m[1mConsolidate compiler generated dependencies of target map_saver_cli[0m
[0.222s] [35m[1mConsolidate compiler generated dependencies of target costmap_filter_info_server[0m
[0.224s] [35m[1mConsolidate compiler generated dependencies of target test_map_server_node[0m
[0.224s] [35m[1mConsolidate compiler generated dependencies of target map_server[0m
[0.233s] [ 55%] Built target test_map_saver_cli
[0.234s] [35m[1mConsolidate compiler generated dependencies of target map_saver_server[0m
[0.269s] [ 61%] Built target test_costmap_filter_info_server
[0.270s] [ 66%] Built target map_saver_cli
[0.272s] [ 72%] Built target costmap_filter_info_server
[0.272s] [ 77%] Built target map_server
[0.282s] [ 86%] Built target test_map_saver_node
[0.282s] [ 91%] Built target map_saver_server
[0.282s] [100%] Built target test_map_server_node
[0.328s] Invoked command in '/home/agilex/agilex_ws/build/nav2_map_server' returned '0': AMENT_PREFIX_PATH=/home/agilex/agilex_ws/install/nav2_util:/home/agilex/agilex_ws/install/nav2_msgs:/home/agilex/agilex_ws/install/nav2_common:${AMENT_PREFIX_PATH} CMAKE_PREFIX_PATH=/home/agilex/agilex_ws/install/nav2_util:/home/agilex/agilex_ws/install/nav2_msgs:/home/agilex/agilex_ws/install/nav2_common:/opt/ros/humble LD_LIBRARY_PATH=/home/agilex/agilex_ws/install/nav2_util/lib:/home/agilex/agilex_ws/install/nav2_msgs/lib:${LD_LIBRARY_PATH} PYTHONPATH=/home/agilex/agilex_ws/install/nav2_msgs/local/lib/python3.10/dist-packages:/home/agilex/agilex_ws/install/nav2_common/local/lib/python3.10/dist-packages:${PYTHONPATH} /usr/bin/cmake --build /home/agilex/agilex_ws/build/nav2_map_server -- -j8 -l8
[0.415s] Invoking command in '/home/agilex/agilex_ws/build/nav2_map_server': AMENT_PREFIX_PATH=/home/agilex/agilex_ws/install/nav2_util:/home/agilex/agilex_ws/install/nav2_msgs:/home/agilex/agilex_ws/install/nav2_common:${AMENT_PREFIX_PATH} CMAKE_PREFIX_PATH=/home/agilex/agilex_ws/install/nav2_util:/home/agilex/agilex_ws/install/nav2_msgs:/home/agilex/agilex_ws/install/nav2_common:/opt/ros/humble LD_LIBRARY_PATH=/home/agilex/agilex_ws/install/nav2_util/lib:/home/agilex/agilex_ws/install/nav2_msgs/lib:${LD_LIBRARY_PATH} PYTHONPATH=/home/agilex/agilex_ws/install/nav2_msgs/local/lib/python3.10/dist-packages:/home/agilex/agilex_ws/install/nav2_common/local/lib/python3.10/dist-packages:${PYTHONPATH} /usr/bin/cmake --install /home/agilex/agilex_ws/build/nav2_map_server
[0.427s] -- Install configuration: "Release"
[0.427s] -- Up-to-date: /home/agilex/agilex_ws/install/nav2_map_server/lib/libmap_server_core.so
[0.427s] -- Up-to-date: /home/agilex/agilex_ws/install/nav2_map_server/lib/libmap_io.so
[0.427s] -- Up-to-date: /home/agilex/agilex_ws/install/nav2_map_server/lib/nav2_map_server/map_server
[0.427s] -- Up-to-date: /home/agilex/agilex_ws/install/nav2_map_server/lib/nav2_map_server/map_saver_cli
[0.427s] -- Up-to-date: /home/agilex/agilex_ws/install/nav2_map_server/lib/nav2_map_server/map_saver_server
[0.432s] -- Up-to-date: /home/agilex/agilex_ws/install/nav2_map_server/lib/nav2_map_server/costmap_filter_info_server
[0.432s] -- Up-to-date: /home/agilex/agilex_ws/install/nav2_map_server/include/
[0.433s] -- Up-to-date: /home/agilex/agilex_ws/install/nav2_map_server/include//nav2_map_server
[0.433s] -- Up-to-date: /home/agilex/agilex_ws/install/nav2_map_server/include//nav2_map_server/map_server.hpp
[0.433s] -- Up-to-date: /home/agilex/agilex_ws/install/nav2_map_server/include//nav2_map_server/map_saver.hpp
[0.433s] -- Up-to-date: /home/agilex/agilex_ws/install/nav2_map_server/include//nav2_map_server/costmap_filter_info_server.hpp
[0.433s] -- Up-to-date: /home/agilex/agilex_ws/install/nav2_map_server/include//nav2_map_server/map_mode.hpp
[0.433s] -- Up-to-date: /home/agilex/agilex_ws/install/nav2_map_server/include//nav2_map_server/map_io.hpp
[0.433s] -- Up-to-date: /home/agilex/agilex_ws/install/nav2_map_server/share/nav2_map_server/launch
[0.433s] -- Up-to-date: /home/agilex/agilex_ws/install/nav2_map_server/share/nav2_map_server/launch/map_saver_server.launch.py
[0.433s] -- Up-to-date: /home/agilex/agilex_ws/install/nav2_map_server/share/nav2_map_server/environment/library_path.sh
[0.434s] -- Up-to-date: /home/agilex/agilex_ws/install/nav2_map_server/share/nav2_map_server/environment/library_path.dsv
[0.434s] -- Up-to-date: /home/agilex/agilex_ws/install/nav2_map_server/share/ament_index/resource_index/package_run_dependencies/nav2_map_server
[0.434s] -- Up-to-date: /home/agilex/agilex_ws/install/nav2_map_server/share/ament_index/resource_index/parent_prefix_path/nav2_map_server
[0.434s] -- Up-to-date: /home/agilex/agilex_ws/install/nav2_map_server/share/nav2_map_server/environment/ament_prefix_path.sh
[0.434s] -- Up-to-date: /home/agilex/agilex_ws/install/nav2_map_server/share/nav2_map_server/environment/ament_prefix_path.dsv
[0.434s] -- Up-to-date: /home/agilex/agilex_ws/install/nav2_map_server/share/nav2_map_server/environment/path.sh
[0.434s] -- Up-to-date: /home/agilex/agilex_ws/install/nav2_map_server/share/nav2_map_server/environment/path.dsv
[0.434s] -- Up-to-date: /home/agilex/agilex_ws/install/nav2_map_server/share/nav2_map_server/local_setup.bash
[0.434s] -- Up-to-date: /home/agilex/agilex_ws/install/nav2_map_server/share/nav2_map_server/local_setup.sh
[0.434s] -- Up-to-date: /home/agilex/agilex_ws/install/nav2_map_server/share/nav2_map_server/local_setup.zsh
[0.434s] -- Up-to-date: /home/agilex/agilex_ws/install/nav2_map_server/share/nav2_map_server/local_setup.dsv
[0.434s] -- Installing: /home/agilex/agilex_ws/install/nav2_map_server/share/nav2_map_server/package.dsv
[0.436s] -- Up-to-date: /home/agilex/agilex_ws/install/nav2_map_server/share/ament_index/resource_index/packages/nav2_map_server
[0.436s] -- Up-to-date: /home/agilex/agilex_ws/install/nav2_map_server/share/ament_index/resource_index/rclcpp_components/nav2_map_server
[0.436s] -- Up-to-date: /home/agilex/agilex_ws/install/nav2_map_server/share/nav2_map_server/cmake/ament_cmake_export_include_directories-extras.cmake
[0.436s] -- Up-to-date: /home/agilex/agilex_ws/install/nav2_map_server/share/nav2_map_server/cmake/ament_cmake_export_libraries-extras.cmake
[0.436s] -- Up-to-date: /home/agilex/agilex_ws/install/nav2_map_server/share/nav2_map_server/cmake/ament_cmake_export_dependencies-extras.cmake
[0.436s] -- Up-to-date: /home/agilex/agilex_ws/install/nav2_map_server/share/nav2_map_server/cmake/nav2_map_serverConfig.cmake
[0.436s] -- Up-to-date: /home/agilex/agilex_ws/install/nav2_map_server/share/nav2_map_server/cmake/nav2_map_serverConfig-version.cmake
[0.436s] -- Up-to-date: /home/agilex/agilex_ws/install/nav2_map_server/share/nav2_map_server/package.xml
[0.441s] Invoked command in '/home/agilex/agilex_ws/build/nav2_map_server' returned '0': AMENT_PREFIX_PATH=/home/agilex/agilex_ws/install/nav2_util:/home/agilex/agilex_ws/install/nav2_msgs:/home/agilex/agilex_ws/install/nav2_common:${AMENT_PREFIX_PATH} CMAKE_PREFIX_PATH=/home/agilex/agilex_ws/install/nav2_util:/home/agilex/agilex_ws/install/nav2_msgs:/home/agilex/agilex_ws/install/nav2_common:/opt/ros/humble LD_LIBRARY_PATH=/home/agilex/agilex_ws/install/nav2_util/lib:/home/agilex/agilex_ws/install/nav2_msgs/lib:${LD_LIBRARY_PATH} PYTHONPATH=/home/agilex/agilex_ws/install/nav2_msgs/local/lib/python3.10/dist-packages:/home/agilex/agilex_ws/install/nav2_common/local/lib/python3.10/dist-packages:${PYTHONPATH} /usr/bin/cmake --install /home/agilex/agilex_ws/build/nav2_map_server
