[0.068s] Invoking command in '/home/agilex/agilex_ws/build/nav2_smac_planner': AMENT_PREFIX_PATH=/home/agilex/agilex_ws/install/nav2_core:/home/agilex/agilex_ws/install/nav2_costmap_2d:/home/agilex/agilex_ws/install/nav2_util:/home/agilex/agilex_ws/install/nav2_voxel_grid:/home/agilex/agilex_ws/install/nav2_msgs:/home/agilex/agilex_ws/install/nav2_common:${AMENT_PREFIX_PATH} CMAKE_PREFIX_PATH=/home/agilex/agilex_ws/install/nav2_core:/home/agilex/agilex_ws/install/nav2_costmap_2d:/home/agilex/agilex_ws/install/nav2_util:/home/agilex/agilex_ws/install/nav2_voxel_grid:/home/agilex/agilex_ws/install/nav2_msgs:/home/agilex/agilex_ws/install/nav2_common:/opt/ros/humble LD_LIBRARY_PATH=/home/agilex/agilex_ws/install/nav2_costmap_2d/lib:/home/agilex/agilex_ws/install/nav2_util/lib:/home/agilex/agilex_ws/install/nav2_voxel_grid/lib:/home/agilex/agilex_ws/install/nav2_msgs/lib:${LD_LIBRARY_PATH} PYTHONPATH=/home/agilex/agilex_ws/install/nav2_msgs/local/lib/python3.10/dist-packages:/home/agilex/agilex_ws/install/nav2_common/local/lib/python3.10/dist-packages:${PYTHONPATH} /usr/bin/cmake /home/agilex/agilex_ws/src/navigation2/nav2_smac_planner -DCMAKE_INSTALL_PREFIX=/home/agilex/agilex_ws/install/nav2_smac_planner
[6.462s] -- The C compiler identification is GNU 11.3.0
[6.462s] -- The CXX compiler identification is GNU 11.3.0
[6.462s] -- Detecting C compiler ABI info
[6.462s] -- Detecting C compiler ABI info - done
[6.462s] -- Check for working C compiler: /usr/bin/cc - skipped
[6.462s] -- Detecting C compile features
[6.463s] -- Detecting C compile features - done
[6.463s] -- Detecting CXX compiler ABI info
[6.463s] -- Detecting CXX compiler ABI info - done
[6.463s] -- Check for working CXX compiler: /usr/bin/c++ - skipped
[6.463s] -- Detecting CXX compile features
[6.463s] -- Detecting CXX compile features - done
[6.463s] -- Found ament_cmake: 1.3.4 (/opt/ros/humble/share/ament_cmake/cmake)
[6.463s] -- Found Python3: /usr/bin/python3.10 (found version "3.10.6") found components: Interpreter 
[6.463s] -- Found nav2_common: 1.1.0 (/home/agilex/agilex_ws/install/nav2_common/share/nav2_common/cmake)
[6.463s] -- Found rclcpp: 16.0.4 (/opt/ros/humble/share/rclcpp/cmake)
[6.463s] -- Found rosidl_generator_c: 3.1.4 (/opt/ros/humble/share/rosidl_generator_c/cmake)
[6.464s] -- Found rosidl_adapter: 3.1.4 (/opt/ros/humble/share/rosidl_adapter/cmake)
[6.464s] -- Found rosidl_generator_cpp: 3.1.4 (/opt/ros/humble/share/rosidl_generator_cpp/cmake)
[6.464s] -- Using all available rosidl_typesupport_c: rosidl_typesupport_fastrtps_c;rosidl_typesupport_introspection_c
[6.464s] -- Using all available rosidl_typesupport_cpp: rosidl_typesupport_fastrtps_cpp;rosidl_typesupport_introspection_cpp
[6.464s] -- Found rmw_implementation_cmake: 6.1.1 (/opt/ros/humble/share/rmw_implementation_cmake/cmake)
[6.464s] -- Found rmw_fastrtps_cpp: 6.2.2 (/opt/ros/humble/share/rmw_fastrtps_cpp/cmake)
[6.464s] -- Found OpenSSL: /usr/lib/x86_64-linux-gnu/libcrypto.so (found version "3.0.2")  
[6.464s] -- Found FastRTPS: /opt/ros/humble/include  
[6.464s] -- Using RMW implementation 'rmw_fastrtps_cpp' as default
[6.464s] -- Looking for pthread.h
[6.464s] -- Looking for pthread.h - found
[6.464s] -- Performing Test CMAKE_HAVE_LIBC_PTHREAD
[6.465s] -- Performing Test CMAKE_HAVE_LIBC_PTHREAD - Success
[6.465s] -- Found Threads: TRUE  
[6.465s] -- Found rclcpp_action: 16.0.4 (/opt/ros/humble/share/rclcpp_action/cmake)
[6.465s] -- Found rclcpp_lifecycle: 16.0.4 (/opt/ros/humble/share/rclcpp_lifecycle/cmake)
[6.465s] -- Found visualization_msgs: 4.2.3 (/opt/ros/humble/share/visualization_msgs/cmake)
[6.465s] -- Found nav2_util: 1.1.0 (/home/agilex/agilex_ws/install/nav2_util/share/nav2_util/cmake)
[6.465s] -- Found eigen3_cmake_module: 0.1.1 (/opt/ros/humble/share/eigen3_cmake_module/cmake)
[6.465s] -- Found Eigen3: TRUE (found version "3.4.0") 
[6.465s] -- Ensuring Eigen3 include directory is part of orocos-kdl CMake target
[6.465s] -- Found nav2_core: 1.1.0 (/home/agilex/agilex_ws/install/nav2_core/share/nav2_core/cmake)
[6.465s] -- Found ompl: /opt/ros/humble/include/ompl-1.6;/usr/include;/usr/include/eigen3  
[6.467s] -- Found OpenMP_C: -fopenmp (found version "4.5") 
[6.468s] -- Found OpenMP_CXX: -fopenmp (found version "4.5") 
[6.468s] -- Found OpenMP: TRUE (found version "4.5")  
[6.468s] -- Found OpenMP_C: -fopenmp (found version "4.5") 
[6.468s] -- Found OpenMP_CXX: -fopenmp (found version "4.5") 
[25.636s] -- Found ament_lint_auto: 0.12.6 (/opt/ros/humble/share/ament_lint_auto/cmake)
[25.757s] -- Found gtest sources under '/opt/ros/humble/src/gtest_vendor': C++ tests using 'Google Test' will be built
[88.843s] -- Added test 'copyright' to check source files copyright and LICENSE
[88.848s] -- Added test 'cppcheck' to perform static code analysis on C / C++ code
[88.849s] -- Configured cppcheck include dirs: /home/agilex/agilex_ws/src/navigation2/nav2_smac_planner/include
[88.849s] -- Configured cppcheck exclude dirs and/or files: 
[88.853s] -- Added test 'cpplint' to check C / C++ code against the Google style
[88.853s] -- Configured cpplint exclude dirs and/or files: 
[88.854s] -- Added test 'flake8' to check Python code syntax and style conventions
[88.856s] -- Added test 'lint_cmake' to check CMake code style
[88.857s] -- Added test 'pep257' to check Python code against some of the docstring style conventions in PEP 257
[88.860s] -- Added test 'uncrustify' to check C / C++ code style
[88.860s] -- Configured uncrustify additional arguments: 
[88.861s] -- Added test 'xmllint' to check XML markup files
[88.865s] -- Configuring done
[89.424s] -- Generating done
[89.429s] -- Build files have been written to: /home/agilex/agilex_ws/build/nav2_smac_planner
[89.465s] Invoked command in '/home/agilex/agilex_ws/build/nav2_smac_planner' returned '0': AMENT_PREFIX_PATH=/home/agilex/agilex_ws/install/nav2_core:/home/agilex/agilex_ws/install/nav2_costmap_2d:/home/agilex/agilex_ws/install/nav2_util:/home/agilex/agilex_ws/install/nav2_voxel_grid:/home/agilex/agilex_ws/install/nav2_msgs:/home/agilex/agilex_ws/install/nav2_common:${AMENT_PREFIX_PATH} CMAKE_PREFIX_PATH=/home/agilex/agilex_ws/install/nav2_core:/home/agilex/agilex_ws/install/nav2_costmap_2d:/home/agilex/agilex_ws/install/nav2_util:/home/agilex/agilex_ws/install/nav2_voxel_grid:/home/agilex/agilex_ws/install/nav2_msgs:/home/agilex/agilex_ws/install/nav2_common:/opt/ros/humble LD_LIBRARY_PATH=/home/agilex/agilex_ws/install/nav2_costmap_2d/lib:/home/agilex/agilex_ws/install/nav2_util/lib:/home/agilex/agilex_ws/install/nav2_voxel_grid/lib:/home/agilex/agilex_ws/install/nav2_msgs/lib:${LD_LIBRARY_PATH} PYTHONPATH=/home/agilex/agilex_ws/install/nav2_msgs/local/lib/python3.10/dist-packages:/home/agilex/agilex_ws/install/nav2_common/local/lib/python3.10/dist-packages:${PYTHONPATH} /usr/bin/cmake /home/agilex/agilex_ws/src/navigation2/nav2_smac_planner -DCMAKE_INSTALL_PREFIX=/home/agilex/agilex_ws/install/nav2_smac_planner
[89.465s] Invoking command in '/home/agilex/agilex_ws/build/nav2_smac_planner': AMENT_PREFIX_PATH=/home/agilex/agilex_ws/install/nav2_core:/home/agilex/agilex_ws/install/nav2_costmap_2d:/home/agilex/agilex_ws/install/nav2_util:/home/agilex/agilex_ws/install/nav2_voxel_grid:/home/agilex/agilex_ws/install/nav2_msgs:/home/agilex/agilex_ws/install/nav2_common:${AMENT_PREFIX_PATH} CMAKE_PREFIX_PATH=/home/agilex/agilex_ws/install/nav2_core:/home/agilex/agilex_ws/install/nav2_costmap_2d:/home/agilex/agilex_ws/install/nav2_util:/home/agilex/agilex_ws/install/nav2_voxel_grid:/home/agilex/agilex_ws/install/nav2_msgs:/home/agilex/agilex_ws/install/nav2_common:/opt/ros/humble LD_LIBRARY_PATH=/home/agilex/agilex_ws/install/nav2_costmap_2d/lib:/home/agilex/agilex_ws/install/nav2_util/lib:/home/agilex/agilex_ws/install/nav2_voxel_grid/lib:/home/agilex/agilex_ws/install/nav2_msgs/lib:${LD_LIBRARY_PATH} PYTHONPATH=/home/agilex/agilex_ws/install/nav2_msgs/local/lib/python3.10/dist-packages:/home/agilex/agilex_ws/install/nav2_common/local/lib/python3.10/dist-packages:${PYTHONPATH} /usr/bin/cmake --build /home/agilex/agilex_ws/build/nav2_smac_planner -- -j8 -l8
[89.520s] [  1%] [32mBuilding CXX object CMakeFiles/nav2_smac_planner.dir/src/smac_planner_hybrid.cpp.o[0m
[89.520s] [  3%] [32mBuilding CXX object CMakeFiles/nav2_smac_planner_2d.dir/src/smac_planner_2d.cpp.o[0m
[89.527s] [  5%] [32mBuilding CXX object CMakeFiles/nav2_smac_planner.dir/src/a_star.cpp.o[0m
[90.574s] [  6%] [32mBuilding CXX object CMakeFiles/nav2_smac_planner.dir/src/smoother.cpp.o[0m
[91.614s] [  8%] [32mBuilding CXX object CMakeFiles/nav2_smac_planner.dir/src/collision_checker.cpp.o[0m
[106.958s] [ 10%] [32mBuilding CXX object CMakeFiles/nav2_smac_planner_2d.dir/src/a_star.cpp.o[0m
[107.308s] [ 11%] [32mBuilding CXX object CMakeFiles/nav2_smac_planner.dir/src/node_lattice.cpp.o[0m
[114.342s] [ 13%] [32mBuilding CXX object CMakeFiles/nav2_smac_planner_2d.dir/src/smoother.cpp.o[0m
[117.850s] [ 15%] [32mBuilding CXX object CMakeFiles/nav2_smac_planner.dir/src/costmap_downsampler.cpp.o[0m
[119.880s] [ 16%] [32mBuilding CXX object CMakeFiles/nav2_smac_planner_2d.dir/src/collision_checker.cpp.o[0m
[122.104s] [ 18%] [32mBuilding CXX object CMakeFiles/nav2_smac_planner.dir/src/node_2d.cpp.o[0m
[122.758s] [ 22%] [32mBuilding CXX object CMakeFiles/nav2_smac_planner_2d.dir/src/analytic_expansion.cpp.o[0m
[122.758s] [ 22%] [32mBuilding CXX object CMakeFiles/nav2_smac_planner.dir/src/node_basic.cpp.o[0m
[127.062s] [ 25%] [32mBuilding CXX object CMakeFiles/nav2_smac_planner_2d.dir/src/node_hybrid.cpp.o[0m
[127.062s] [ 25%] [32mBuilding CXX object CMakeFiles/nav2_smac_planner.dir/src/node_hybrid.cpp.o[0m
[128.312s] [ 28%] [32mBuilding CXX object CMakeFiles/nav2_smac_planner.dir/src/analytic_expansion.cpp.o[0m
[128.312s] [ 28%] [32mBuilding CXX object CMakeFiles/nav2_smac_planner_2d.dir/src/node_lattice.cpp.o[0m
[129.504s] [ 30%] [32mBuilding CXX object CMakeFiles/nav2_smac_planner_2d.dir/src/costmap_downsampler.cpp.o[0m
[134.084s] [ 32%] [32mBuilding CXX object CMakeFiles/nav2_smac_planner_2d.dir/src/node_2d.cpp.o[0m
[134.130s] [ 33%] [32mBuilding CXX object CMakeFiles/nav2_smac_planner_2d.dir/src/node_basic.cpp.o[0m
[135.385s] [ 35%] [32m[1mLinking CXX shared library libnav2_smac_planner.so[0m
[135.853s] [ 35%] Built target nav2_smac_planner
[135.871s] [ 37%] [32mBuilding CXX object CMakeFiles/nav2_smac_planner_lattice.dir/src/smac_planner_lattice.cpp.o[0m
[135.871s] [ 38%] [32mBuilding CXX object gtest/CMakeFiles/gtest_main.dir/src/gtest_main.cc.o[0m
[135.873s] [ 40%] [32mBuilding CXX object gtest/CMakeFiles/gtest.dir/src/gtest-all.cc.o[0m
[135.874s] [ 42%] [32mBuilding CXX object CMakeFiles/nav2_smac_planner_lattice.dir/src/a_star.cpp.o[0m
[135.883s] [ 44%] [32mBuilding CXX object CMakeFiles/nav2_smac_planner_lattice.dir/src/smoother.cpp.o[0m
[136.933s] [ 45%] [32m[1mLinking CXX static library libgtest_main.a[0m
[136.960s] [ 45%] Built target gtest_main
[136.968s] [ 47%] [32mBuilding CXX object CMakeFiles/nav2_smac_planner_lattice.dir/src/collision_checker.cpp.o[0m
[139.544s] [ 49%] [32mBuilding CXX object CMakeFiles/nav2_smac_planner_lattice.dir/src/analytic_expansion.cpp.o[0m
[139.887s] [ 50%] [32mBuilding CXX object CMakeFiles/nav2_smac_planner_lattice.dir/src/node_hybrid.cpp.o[0m
[140.669s] [ 52%] [32m[1mLinking CXX shared library libnav2_smac_planner_2d.so[0m
[140.985s] [ 54%] [32mBuilding CXX object CMakeFiles/nav2_smac_planner_lattice.dir/src/node_lattice.cpp.o[0m
[141.361s] [ 54%] Built target nav2_smac_planner_2d
[141.370s] [ 55%] [32mBuilding CXX object CMakeFiles/nav2_smac_planner_lattice.dir/src/costmap_downsampler.cpp.o[0m
[142.948s] [ 57%] [32mBuilding CXX object CMakeFiles/nav2_smac_planner_lattice.dir/src/node_2d.cpp.o[0m
[144.712s] [ 59%] [32mBuilding CXX object CMakeFiles/nav2_smac_planner_lattice.dir/src/node_basic.cpp.o[0m
[145.217s] [ 61%] [32m[1mLinking CXX static library libgtest.a[0m
[145.256s] [ 61%] Built target gtest
[145.279s] [ 62%] [32mBuilding CXX object test/CMakeFiles/test_costmap_downsampler.dir/test_costmap_downsampler.cpp.o[0m
[147.376s] [ 64%] [32mBuilding CXX object test/CMakeFiles/test_node2d.dir/test_node2d.cpp.o[0m
[149.355s] [ 67%] [32mBuilding CXX object test/CMakeFiles/test_nodebasic.dir/test_nodebasic.cpp.o[0m
[149.355s] [ 67%] [32mBuilding CXX object test/CMakeFiles/test_nodehybrid.dir/test_nodehybrid.cpp.o[0m
[150.722s] [ 69%] [32mBuilding CXX object test/CMakeFiles/test_a_star.dir/test_a_star.cpp.o[0m
[151.739s] [ 71%] [32mBuilding CXX object test/CMakeFiles/test_collision_checker.dir/test_collision_checker.cpp.o[0m
[152.319s] [ 72%] [32m[1mLinking CXX executable test_costmap_downsampler[0m
[152.832s] [ 72%] Built target test_costmap_downsampler
[154.727s] [ 74%] [32m[1mLinking CXX shared library libnav2_smac_planner_lattice.so[0m
[155.306s] [ 74%] Built target nav2_smac_planner_lattice
[156.134s] [ 76%] [32m[1mLinking CXX executable test_node2d[0m
[156.528s] [ 77%] [32m[1mLinking CXX executable test_collision_checker[0m
[156.595s] [ 77%] Built target test_node2d
[156.924s] [ 77%] Built target test_collision_checker
[157.760s] [ 79%] [32m[1mLinking CXX executable test_nodebasic[0m
[157.896s] [ 81%] [32m[1mLinking CXX executable test_nodehybrid[0m
[158.004s] [ 81%] Built target test_nodebasic
[158.214s] [ 81%] Built target test_nodehybrid
[160.120s] [ 83%] [32m[1mLinking CXX executable test_a_star[0m
[160.414s] [ 83%] Built target test_a_star
[160.428s] [ 84%] [32mBuilding CXX object test/CMakeFiles/test_smoother.dir/test_smoother.cpp.o[0m
[167.722s] [ 86%] [32m[1mLinking CXX executable test_smoother[0m
[168.018s] [ 86%] Built target test_smoother
[168.034s] [ 93%] [32mBuilding CXX object test/CMakeFiles/test_lattice_node.dir/test_nodelattice.cpp.o[0m
[168.034s] [ 93%] [32mBuilding CXX object test/CMakeFiles/test_smac_hybrid.dir/test_smac_hybrid.cpp.o[0m
[168.034s] [ 93%] [32mBuilding CXX object test/CMakeFiles/test_smac_lattice.dir/test_smac_lattice.cpp.o[0m
[168.034s] [ 93%] [32mBuilding CXX object test/CMakeFiles/test_smac_2d.dir/test_smac_2d.cpp.o[0m
[176.528s] [ 94%] [32m[1mLinking CXX executable test_smac_lattice[0m
[176.906s] [ 94%] Built target test_smac_lattice
[176.980s] [ 96%] [32m[1mLinking CXX executable test_smac_2d[0m
[177.280s] [ 98%] [32m[1mLinking CXX executable test_smac_hybrid[0m
[177.302s] [ 98%] Built target test_smac_2d
[177.601s] [ 98%] Built target test_smac_hybrid
[177.761s] [100%] [32m[1mLinking CXX executable test_lattice_node[0m
[178.025s] [100%] Built target test_lattice_node
[178.034s] Invoked command in '/home/agilex/agilex_ws/build/nav2_smac_planner' returned '0': AMENT_PREFIX_PATH=/home/agilex/agilex_ws/install/nav2_core:/home/agilex/agilex_ws/install/nav2_costmap_2d:/home/agilex/agilex_ws/install/nav2_util:/home/agilex/agilex_ws/install/nav2_voxel_grid:/home/agilex/agilex_ws/install/nav2_msgs:/home/agilex/agilex_ws/install/nav2_common:${AMENT_PREFIX_PATH} CMAKE_PREFIX_PATH=/home/agilex/agilex_ws/install/nav2_core:/home/agilex/agilex_ws/install/nav2_costmap_2d:/home/agilex/agilex_ws/install/nav2_util:/home/agilex/agilex_ws/install/nav2_voxel_grid:/home/agilex/agilex_ws/install/nav2_msgs:/home/agilex/agilex_ws/install/nav2_common:/opt/ros/humble LD_LIBRARY_PATH=/home/agilex/agilex_ws/install/nav2_costmap_2d/lib:/home/agilex/agilex_ws/install/nav2_util/lib:/home/agilex/agilex_ws/install/nav2_voxel_grid/lib:/home/agilex/agilex_ws/install/nav2_msgs/lib:${LD_LIBRARY_PATH} PYTHONPATH=/home/agilex/agilex_ws/install/nav2_msgs/local/lib/python3.10/dist-packages:/home/agilex/agilex_ws/install/nav2_common/local/lib/python3.10/dist-packages:${PYTHONPATH} /usr/bin/cmake --build /home/agilex/agilex_ws/build/nav2_smac_planner -- -j8 -l8
[178.074s] Invoking command in '/home/agilex/agilex_ws/build/nav2_smac_planner': AMENT_PREFIX_PATH=/home/agilex/agilex_ws/install/nav2_core:/home/agilex/agilex_ws/install/nav2_costmap_2d:/home/agilex/agilex_ws/install/nav2_util:/home/agilex/agilex_ws/install/nav2_voxel_grid:/home/agilex/agilex_ws/install/nav2_msgs:/home/agilex/agilex_ws/install/nav2_common:${AMENT_PREFIX_PATH} CMAKE_PREFIX_PATH=/home/agilex/agilex_ws/install/nav2_core:/home/agilex/agilex_ws/install/nav2_costmap_2d:/home/agilex/agilex_ws/install/nav2_util:/home/agilex/agilex_ws/install/nav2_voxel_grid:/home/agilex/agilex_ws/install/nav2_msgs:/home/agilex/agilex_ws/install/nav2_common:/opt/ros/humble LD_LIBRARY_PATH=/home/agilex/agilex_ws/install/nav2_costmap_2d/lib:/home/agilex/agilex_ws/install/nav2_util/lib:/home/agilex/agilex_ws/install/nav2_voxel_grid/lib:/home/agilex/agilex_ws/install/nav2_msgs/lib:${LD_LIBRARY_PATH} PYTHONPATH=/home/agilex/agilex_ws/install/nav2_msgs/local/lib/python3.10/dist-packages:/home/agilex/agilex_ws/install/nav2_common/local/lib/python3.10/dist-packages:${PYTHONPATH} /usr/bin/cmake --install /home/agilex/agilex_ws/build/nav2_smac_planner
[178.079s] -- Install configuration: "Release"
[178.079s] -- Installing: /home/agilex/agilex_ws/install/nav2_smac_planner/share/nav2_smac_planner/smac_plugin_hybrid.xml
[178.079s] -- Installing: /home/agilex/agilex_ws/install/nav2_smac_planner/share/nav2_smac_planner/smac_plugin_2d.xml
[178.079s] -- Installing: /home/agilex/agilex_ws/install/nav2_smac_planner/share/nav2_smac_planner/smac_plugin_lattice.xml
[178.079s] -- Installing: /home/agilex/agilex_ws/install/nav2_smac_planner/lib/libnav2_smac_planner.so
[178.080s] -- Set runtime path of "/home/agilex/agilex_ws/install/nav2_smac_planner/lib/libnav2_smac_planner.so" to ""
[178.080s] -- Installing: /home/agilex/agilex_ws/install/nav2_smac_planner/lib/libnav2_smac_planner_2d.so
[178.081s] -- Set runtime path of "/home/agilex/agilex_ws/install/nav2_smac_planner/lib/libnav2_smac_planner_2d.so" to ""
[178.081s] -- Installing: /home/agilex/agilex_ws/install/nav2_smac_planner/lib/libnav2_smac_planner_lattice.so
[178.083s] -- Set runtime path of "/home/agilex/agilex_ws/install/nav2_smac_planner/lib/libnav2_smac_planner_lattice.so" to ""
[178.084s] -- Installing: /home/agilex/agilex_ws/install/nav2_smac_planner/include/
[178.084s] -- Installing: /home/agilex/agilex_ws/install/nav2_smac_planner/include//nav2_smac_planner
[178.084s] -- Installing: /home/agilex/agilex_ws/install/nav2_smac_planner/include//nav2_smac_planner/node_lattice.hpp
[178.084s] -- Installing: /home/agilex/agilex_ws/install/nav2_smac_planner/include//nav2_smac_planner/smac_planner_hybrid.hpp
[178.084s] -- Installing: /home/agilex/agilex_ws/install/nav2_smac_planner/include//nav2_smac_planner/types.hpp
[178.084s] -- Installing: /home/agilex/agilex_ws/install/nav2_smac_planner/include//nav2_smac_planner/constants.hpp
[178.084s] -- Installing: /home/agilex/agilex_ws/install/nav2_smac_planner/include//nav2_smac_planner/node_basic.hpp
[178.084s] -- Installing: /home/agilex/agilex_ws/install/nav2_smac_planner/include//nav2_smac_planner/smac_planner_2d.hpp
[178.084s] -- Installing: /home/agilex/agilex_ws/install/nav2_smac_planner/include//nav2_smac_planner/collision_checker.hpp
[178.085s] -- Installing: /home/agilex/agilex_ws/install/nav2_smac_planner/include//nav2_smac_planner/analytic_expansion.hpp
[178.085s] -- Installing: /home/agilex/agilex_ws/install/nav2_smac_planner/include//nav2_smac_planner/costmap_downsampler.hpp
[178.085s] -- Installing: /home/agilex/agilex_ws/install/nav2_smac_planner/include//nav2_smac_planner/node_hybrid.hpp
[178.085s] -- Installing: /home/agilex/agilex_ws/install/nav2_smac_planner/include//nav2_smac_planner/node_2d.hpp
[178.085s] -- Installing: /home/agilex/agilex_ws/install/nav2_smac_planner/include//nav2_smac_planner/a_star.hpp
[178.085s] -- Installing: /home/agilex/agilex_ws/install/nav2_smac_planner/include//nav2_smac_planner/smac_planner_lattice.hpp
[178.085s] -- Installing: /home/agilex/agilex_ws/install/nav2_smac_planner/include//nav2_smac_planner/utils.hpp
[178.085s] -- Installing: /home/agilex/agilex_ws/install/nav2_smac_planner/include//nav2_smac_planner/smoother.hpp
[178.086s] -- Installing: /home/agilex/agilex_ws/install/nav2_smac_planner/share/nav2_smac_planner/sample_primitives
[178.086s] -- Installing: /home/agilex/agilex_ws/install/nav2_smac_planner/share/nav2_smac_planner/sample_primitives/5cm_resolution
[178.086s] -- Installing: /home/agilex/agilex_ws/install/nav2_smac_planner/share/nav2_smac_planner/sample_primitives/5cm_resolution/0.5m_turning_radius
[178.086s] -- Installing: /home/agilex/agilex_ws/install/nav2_smac_planner/share/nav2_smac_planner/sample_primitives/5cm_resolution/0.5m_turning_radius/all_trajectories.png
[178.086s] -- Installing: /home/agilex/agilex_ws/install/nav2_smac_planner/share/nav2_smac_planner/sample_primitives/5cm_resolution/0.5m_turning_radius/omni
[178.086s] -- Installing: /home/agilex/agilex_ws/install/nav2_smac_planner/share/nav2_smac_planner/sample_primitives/5cm_resolution/0.5m_turning_radius/omni/output.json
[178.086s] -- Installing: /home/agilex/agilex_ws/install/nav2_smac_planner/share/nav2_smac_planner/sample_primitives/5cm_resolution/0.5m_turning_radius/ackermann
[178.086s] -- Installing: /home/agilex/agilex_ws/install/nav2_smac_planner/share/nav2_smac_planner/sample_primitives/5cm_resolution/0.5m_turning_radius/ackermann/output.json
[178.086s] -- Installing: /home/agilex/agilex_ws/install/nav2_smac_planner/share/nav2_smac_planner/sample_primitives/5cm_resolution/0.5m_turning_radius/diff
[178.087s] -- Installing: /home/agilex/agilex_ws/install/nav2_smac_planner/share/nav2_smac_planner/sample_primitives/5cm_resolution/0.5m_turning_radius/diff/output.json
[178.087s] -- Installing: /home/agilex/agilex_ws/install/nav2_smac_planner/share/nav2_smac_planner/sample_primitives/5cm_resolution/1m_turning_radius
[178.087s] -- Installing: /home/agilex/agilex_ws/install/nav2_smac_planner/share/nav2_smac_planner/sample_primitives/5cm_resolution/1m_turning_radius/all_trajectories.png
[178.087s] -- Installing: /home/agilex/agilex_ws/install/nav2_smac_planner/share/nav2_smac_planner/sample_primitives/5cm_resolution/1m_turning_radius/omni
[178.087s] -- Installing: /home/agilex/agilex_ws/install/nav2_smac_planner/share/nav2_smac_planner/sample_primitives/5cm_resolution/1m_turning_radius/omni/output.json
[178.087s] -- Installing: /home/agilex/agilex_ws/install/nav2_smac_planner/share/nav2_smac_planner/sample_primitives/5cm_resolution/1m_turning_radius/ackermann
[178.087s] -- Installing: /home/agilex/agilex_ws/install/nav2_smac_planner/share/nav2_smac_planner/sample_primitives/5cm_resolution/1m_turning_radius/ackermann/output.json
[178.087s] -- Installing: /home/agilex/agilex_ws/install/nav2_smac_planner/share/nav2_smac_planner/sample_primitives/5cm_resolution/1m_turning_radius/diff
[178.087s] -- Installing: /home/agilex/agilex_ws/install/nav2_smac_planner/share/nav2_smac_planner/sample_primitives/5cm_resolution/1m_turning_radius/diff/output.json
[178.087s] -- Installing: /home/agilex/agilex_ws/install/nav2_smac_planner/share/nav2_smac_planner/environment/library_path.sh
[178.087s] -- Installing: /home/agilex/agilex_ws/install/nav2_smac_planner/share/nav2_smac_planner/environment/library_path.dsv
[178.088s] -- Installing: /home/agilex/agilex_ws/install/nav2_smac_planner/share/ament_index/resource_index/package_run_dependencies/nav2_smac_planner
[178.088s] -- Installing: /home/agilex/agilex_ws/install/nav2_smac_planner/share/ament_index/resource_index/parent_prefix_path/nav2_smac_planner
[178.088s] -- Installing: /home/agilex/agilex_ws/install/nav2_smac_planner/share/nav2_smac_planner/environment/ament_prefix_path.sh
[178.088s] -- Installing: /home/agilex/agilex_ws/install/nav2_smac_planner/share/nav2_smac_planner/environment/ament_prefix_path.dsv
[178.088s] -- Installing: /home/agilex/agilex_ws/install/nav2_smac_planner/share/nav2_smac_planner/environment/path.sh
[178.088s] -- Installing: /home/agilex/agilex_ws/install/nav2_smac_planner/share/nav2_smac_planner/environment/path.dsv
[178.088s] -- Installing: /home/agilex/agilex_ws/install/nav2_smac_planner/share/nav2_smac_planner/local_setup.bash
[178.088s] -- Installing: /home/agilex/agilex_ws/install/nav2_smac_planner/share/nav2_smac_planner/local_setup.sh
[178.088s] -- Installing: /home/agilex/agilex_ws/install/nav2_smac_planner/share/nav2_smac_planner/local_setup.zsh
[178.088s] -- Installing: /home/agilex/agilex_ws/install/nav2_smac_planner/share/nav2_smac_planner/local_setup.dsv
[178.088s] -- Installing: /home/agilex/agilex_ws/install/nav2_smac_planner/share/nav2_smac_planner/package.dsv
[178.088s] -- Installing: /home/agilex/agilex_ws/install/nav2_smac_planner/share/ament_index/resource_index/packages/nav2_smac_planner
[178.088s] -- Installing: /home/agilex/agilex_ws/install/nav2_smac_planner/share/ament_index/resource_index/nav2_core__pluginlib__plugin/nav2_smac_planner
[178.089s] -- Installing: /home/agilex/agilex_ws/install/nav2_smac_planner/share/nav2_smac_planner/cmake/ament_cmake_export_include_directories-extras.cmake
[178.089s] -- Installing: /home/agilex/agilex_ws/install/nav2_smac_planner/share/nav2_smac_planner/cmake/ament_cmake_export_libraries-extras.cmake
[178.089s] -- Installing: /home/agilex/agilex_ws/install/nav2_smac_planner/share/nav2_smac_planner/cmake/ament_cmake_export_dependencies-extras.cmake
[178.089s] -- Installing: /home/agilex/agilex_ws/install/nav2_smac_planner/share/nav2_smac_planner/cmake/nav2_smac_plannerConfig.cmake
[178.089s] -- Installing: /home/agilex/agilex_ws/install/nav2_smac_planner/share/nav2_smac_planner/cmake/nav2_smac_plannerConfig-version.cmake
[178.089s] -- Installing: /home/agilex/agilex_ws/install/nav2_smac_planner/share/nav2_smac_planner/package.xml
[178.092s] Invoked command in '/home/agilex/agilex_ws/build/nav2_smac_planner' returned '0': AMENT_PREFIX_PATH=/home/agilex/agilex_ws/install/nav2_core:/home/agilex/agilex_ws/install/nav2_costmap_2d:/home/agilex/agilex_ws/install/nav2_util:/home/agilex/agilex_ws/install/nav2_voxel_grid:/home/agilex/agilex_ws/install/nav2_msgs:/home/agilex/agilex_ws/install/nav2_common:${AMENT_PREFIX_PATH} CMAKE_PREFIX_PATH=/home/agilex/agilex_ws/install/nav2_core:/home/agilex/agilex_ws/install/nav2_costmap_2d:/home/agilex/agilex_ws/install/nav2_util:/home/agilex/agilex_ws/install/nav2_voxel_grid:/home/agilex/agilex_ws/install/nav2_msgs:/home/agilex/agilex_ws/install/nav2_common:/opt/ros/humble LD_LIBRARY_PATH=/home/agilex/agilex_ws/install/nav2_costmap_2d/lib:/home/agilex/agilex_ws/install/nav2_util/lib:/home/agilex/agilex_ws/install/nav2_voxel_grid/lib:/home/agilex/agilex_ws/install/nav2_msgs/lib:${LD_LIBRARY_PATH} PYTHONPATH=/home/agilex/agilex_ws/install/nav2_msgs/local/lib/python3.10/dist-packages:/home/agilex/agilex_ws/install/nav2_common/local/lib/python3.10/dist-packages:${PYTHONPATH} /usr/bin/cmake --install /home/agilex/agilex_ws/build/nav2_smac_planner
