[0.115s] Invoking command in '/home/agilex/agilex_ws/build/costmap_converter_msgs': /usr/bin/cmake --build /home/agilex/agilex_ws/build/costmap_converter_msgs -- -j16 -l16
[0.491s] [  2%] Built target costmap_converter_msgs__cpp
[0.491s] [35m[1mConsolidate compiler generated dependencies of target costmap_converter_msgs__rosidl_generator_c[0m
[0.491s] [  2%] Built target ament_cmake_python_copy_costmap_converter_msgs
[0.491s] [35m[1mConsolidate compiler generated dependencies of target costmap_converter_msgs__rosidl_typesupport_cpp[0m
[0.491s] [35m[1mConsolidate compiler generated dependencies of target costmap_converter_msgs__rosidl_typesupport_fastrtps_cpp[0m
[0.492s] [35m[1mConsolidate compiler generated dependencies of target costmap_converter_msgs__rosidl_typesupport_introspection_cpp[0m
[0.492s] [ 12%] Built target costmap_converter_msgs__rosidl_generator_c
[0.492s] [ 23%] Built target costmap_converter_msgs__rosidl_typesupport_cpp
[0.492s] [ 33%] Built target costmap_converter_msgs__rosidl_typesupport_fastrtps_cpp
[0.492s] [ 43%] Built target costmap_converter_msgs__rosidl_typesupport_introspection_cpp
[0.492s] [35m[1mConsolidate compiler generated dependencies of target costmap_converter_msgs__rosidl_typesupport_c[0m
[0.492s] [35m[1mConsolidate compiler generated dependencies of target costmap_converter_msgs__rosidl_typesupport_introspection_c[0m
[0.492s] [35m[1mConsolidate compiler generated dependencies of target costmap_converter_msgs__rosidl_typesupport_fastrtps_c[0m
[0.493s] [ 53%] Built target costmap_converter_msgs__rosidl_typesupport_c
[0.493s] [ 64%] Built target costmap_converter_msgs__rosidl_typesupport_introspection_c
[0.493s] [ 74%] Built target costmap_converter_msgs__rosidl_typesupport_fastrtps_c
[0.493s] [ 74%] Built target costmap_converter_msgs
[0.493s] [ 76%] Built target costmap_converter_msgs__py
[0.493s] [35m[1mConsolidate compiler generated dependencies of target costmap_converter_msgs__rosidl_generator_py[0m
[0.493s] [ 84%] Built target costmap_converter_msgs__rosidl_generator_py
[0.493s] [35m[1mConsolidate compiler generated dependencies of target costmap_converter_msgs__rosidl_typesupport_c__pyext[0m
[0.494s] [35m[1mConsolidate compiler generated dependencies of target costmap_converter_msgs__rosidl_typesupport_fastrtps_c__pyext[0m
[0.494s] [35m[1mConsolidate compiler generated dependencies of target costmap_converter_msgs__rosidl_typesupport_introspection_c__pyext[0m
[0.494s] [ 89%] Built target costmap_converter_msgs__rosidl_typesupport_c__pyext
[0.494s] [ 94%] Built target costmap_converter_msgs__rosidl_typesupport_fastrtps_c__pyext
[0.494s] [100%] Built target costmap_converter_msgs__rosidl_typesupport_introspection_c__pyext
[0.523s] running egg_info
[0.523s] writing costmap_converter_msgs.egg-info/PKG-INFO
[0.524s] writing dependency_links to costmap_converter_msgs.egg-info/dependency_links.txt
[0.524s] writing top-level names to costmap_converter_msgs.egg-info/top_level.txt
[0.525s] reading manifest file 'costmap_converter_msgs.egg-info/SOURCES.txt'
[0.525s] writing manifest file 'costmap_converter_msgs.egg-info/SOURCES.txt'
[0.573s] [100%] Built target ament_cmake_python_build_costmap_converter_msgs_egg
[0.693s] Invoked command in '/home/agilex/agilex_ws/build/costmap_converter_msgs' returned '0': /usr/bin/cmake --build /home/agilex/agilex_ws/build/costmap_converter_msgs -- -j16 -l16
[0.928s] Invoking command in '/home/agilex/agilex_ws/build/costmap_converter_msgs': /usr/bin/cmake --install /home/agilex/agilex_ws/build/costmap_converter_msgs
[0.957s] -- Install configuration: ""
[0.957s] -- Up-to-date: /home/agilex/agilex_ws/install/costmap_converter_msgs/share/ament_index/resource_index/rosidl_interfaces/costmap_converter_msgs
[0.957s] -- Up-to-date: /home/agilex/agilex_ws/install/costmap_converter_msgs/include/costmap_converter_msgs/costmap_converter_msgs
[0.957s] -- Up-to-date: /home/agilex/agilex_ws/install/costmap_converter_msgs/include/costmap_converter_msgs/costmap_converter_msgs/msg
[0.957s] -- Up-to-date: /home/agilex/agilex_ws/install/costmap_converter_msgs/include/costmap_converter_msgs/costmap_converter_msgs/msg/obstacle_array_msg.h
[0.958s] -- Up-to-date: /home/agilex/agilex_ws/install/costmap_converter_msgs/include/costmap_converter_msgs/costmap_converter_msgs/msg/detail
[0.958s] -- Up-to-date: /home/agilex/agilex_ws/install/costmap_converter_msgs/include/costmap_converter_msgs/costmap_converter_msgs/msg/detail/obstacle_array_msg__functions.c
[0.958s] -- Up-to-date: /home/agilex/agilex_ws/install/costmap_converter_msgs/include/costmap_converter_msgs/costmap_converter_msgs/msg/detail/obstacle_msg__type_support.h
[0.958s] -- Up-to-date: /home/agilex/agilex_ws/install/costmap_converter_msgs/include/costmap_converter_msgs/costmap_converter_msgs/msg/detail/obstacle_msg__functions.h
[0.958s] -- Up-to-date: /home/agilex/agilex_ws/install/costmap_converter_msgs/include/costmap_converter_msgs/costmap_converter_msgs/msg/detail/obstacle_array_msg__type_support.h
[0.958s] -- Up-to-date: /home/agilex/agilex_ws/install/costmap_converter_msgs/include/costmap_converter_msgs/costmap_converter_msgs/msg/detail/obstacle_msg__struct.h
[0.958s] -- Up-to-date: /home/agilex/agilex_ws/install/costmap_converter_msgs/include/costmap_converter_msgs/costmap_converter_msgs/msg/detail/obstacle_array_msg__functions.h
[0.958s] -- Up-to-date: /home/agilex/agilex_ws/install/costmap_converter_msgs/include/costmap_converter_msgs/costmap_converter_msgs/msg/detail/obstacle_array_msg__struct.h
[0.959s] -- Up-to-date: /home/agilex/agilex_ws/install/costmap_converter_msgs/include/costmap_converter_msgs/costmap_converter_msgs/msg/detail/obstacle_msg__functions.c
[0.959s] -- Up-to-date: /home/agilex/agilex_ws/install/costmap_converter_msgs/include/costmap_converter_msgs/costmap_converter_msgs/msg/obstacle_msg.h
[0.959s] -- Up-to-date: /home/agilex/agilex_ws/install/costmap_converter_msgs/include/costmap_converter_msgs/costmap_converter_msgs/msg/rosidl_generator_c__visibility_control.h
[0.959s] -- Up-to-date: /home/agilex/agilex_ws/install/costmap_converter_msgs/share/costmap_converter_msgs/environment/library_path.sh
[0.959s] -- Up-to-date: /home/agilex/agilex_ws/install/costmap_converter_msgs/share/costmap_converter_msgs/environment/library_path.dsv
[0.959s] -- Up-to-date: /home/agilex/agilex_ws/install/costmap_converter_msgs/lib/libcostmap_converter_msgs__rosidl_generator_c.so
[0.959s] -- Up-to-date: /home/agilex/agilex_ws/install/costmap_converter_msgs/include/costmap_converter_msgs/costmap_converter_msgs
[0.959s] -- Up-to-date: /home/agilex/agilex_ws/install/costmap_converter_msgs/include/costmap_converter_msgs/costmap_converter_msgs/msg
[0.960s] -- Up-to-date: /home/agilex/agilex_ws/install/costmap_converter_msgs/include/costmap_converter_msgs/costmap_converter_msgs/msg/rosidl_typesupport_fastrtps_c__visibility_control.h
[0.960s] -- Up-to-date: /home/agilex/agilex_ws/install/costmap_converter_msgs/include/costmap_converter_msgs/costmap_converter_msgs/msg/detail
[0.960s] -- Up-to-date: /home/agilex/agilex_ws/install/costmap_converter_msgs/include/costmap_converter_msgs/costmap_converter_msgs/msg/detail/obstacle_array_msg__rosidl_typesupport_fastrtps_c.h
[0.960s] -- Up-to-date: /home/agilex/agilex_ws/install/costmap_converter_msgs/include/costmap_converter_msgs/costmap_converter_msgs/msg/detail/obstacle_msg__rosidl_typesupport_fastrtps_c.h
[0.960s] -- Up-to-date: /home/agilex/agilex_ws/install/costmap_converter_msgs/lib/libcostmap_converter_msgs__rosidl_typesupport_fastrtps_c.so
[0.960s] -- Up-to-date: /home/agilex/agilex_ws/install/costmap_converter_msgs/include/costmap_converter_msgs/costmap_converter_msgs
[0.960s] -- Up-to-date: /home/agilex/agilex_ws/install/costmap_converter_msgs/include/costmap_converter_msgs/costmap_converter_msgs/msg
[0.960s] -- Up-to-date: /home/agilex/agilex_ws/install/costmap_converter_msgs/include/costmap_converter_msgs/costmap_converter_msgs/msg/detail
[0.960s] -- Up-to-date: /home/agilex/agilex_ws/install/costmap_converter_msgs/include/costmap_converter_msgs/costmap_converter_msgs/msg/detail/obstacle_array_msg__traits.hpp
[0.960s] -- Up-to-date: /home/agilex/agilex_ws/install/costmap_converter_msgs/include/costmap_converter_msgs/costmap_converter_msgs/msg/detail/obstacle_msg__traits.hpp
[0.960s] -- Up-to-date: /home/agilex/agilex_ws/install/costmap_converter_msgs/include/costmap_converter_msgs/costmap_converter_msgs/msg/detail/obstacle_array_msg__struct.hpp
[0.960s] -- Up-to-date: /home/agilex/agilex_ws/install/costmap_converter_msgs/include/costmap_converter_msgs/costmap_converter_msgs/msg/detail/obstacle_msg__builder.hpp
[0.960s] -- Up-to-date: /home/agilex/agilex_ws/install/costmap_converter_msgs/include/costmap_converter_msgs/costmap_converter_msgs/msg/detail/obstacle_msg__struct.hpp
[0.960s] -- Up-to-date: /home/agilex/agilex_ws/install/costmap_converter_msgs/include/costmap_converter_msgs/costmap_converter_msgs/msg/detail/obstacle_array_msg__builder.hpp
[0.960s] -- Up-to-date: /home/agilex/agilex_ws/install/costmap_converter_msgs/include/costmap_converter_msgs/costmap_converter_msgs/msg/obstacle_msg.hpp
[0.960s] -- Up-to-date: /home/agilex/agilex_ws/install/costmap_converter_msgs/include/costmap_converter_msgs/costmap_converter_msgs/msg/obstacle_array_msg.hpp
[0.961s] -- Up-to-date: /home/agilex/agilex_ws/install/costmap_converter_msgs/include/costmap_converter_msgs/costmap_converter_msgs
[0.961s] -- Up-to-date: /home/agilex/agilex_ws/install/costmap_converter_msgs/include/costmap_converter_msgs/costmap_converter_msgs/msg
[0.961s] -- Up-to-date: /home/agilex/agilex_ws/install/costmap_converter_msgs/include/costmap_converter_msgs/costmap_converter_msgs/msg/rosidl_typesupport_fastrtps_cpp__visibility_control.h
[0.961s] -- Up-to-date: /home/agilex/agilex_ws/install/costmap_converter_msgs/include/costmap_converter_msgs/costmap_converter_msgs/msg/detail
[0.961s] -- Up-to-date: /home/agilex/agilex_ws/install/costmap_converter_msgs/include/costmap_converter_msgs/costmap_converter_msgs/msg/detail/obstacle_array_msg__rosidl_typesupport_fastrtps_cpp.hpp
[0.961s] -- Up-to-date: /home/agilex/agilex_ws/install/costmap_converter_msgs/include/costmap_converter_msgs/costmap_converter_msgs/msg/detail/dds_fastrtps
[0.961s] -- Up-to-date: /home/agilex/agilex_ws/install/costmap_converter_msgs/include/costmap_converter_msgs/costmap_converter_msgs/msg/detail/obstacle_msg__rosidl_typesupport_fastrtps_cpp.hpp
[0.961s] -- Up-to-date: /home/agilex/agilex_ws/install/costmap_converter_msgs/lib/libcostmap_converter_msgs__rosidl_typesupport_fastrtps_cpp.so
[0.961s] -- Up-to-date: /home/agilex/agilex_ws/install/costmap_converter_msgs/include/costmap_converter_msgs/costmap_converter_msgs
[0.962s] -- Up-to-date: /home/agilex/agilex_ws/install/costmap_converter_msgs/include/costmap_converter_msgs/costmap_converter_msgs/msg
[0.962s] -- Up-to-date: /home/agilex/agilex_ws/install/costmap_converter_msgs/include/costmap_converter_msgs/costmap_converter_msgs/msg/detail
[0.962s] -- Up-to-date: /home/agilex/agilex_ws/install/costmap_converter_msgs/include/costmap_converter_msgs/costmap_converter_msgs/msg/detail/obstacle_msg__type_support.c
[0.962s] -- Up-to-date: /home/agilex/agilex_ws/install/costmap_converter_msgs/include/costmap_converter_msgs/costmap_converter_msgs/msg/detail/obstacle_msg__rosidl_typesupport_introspection_c.h
[0.962s] -- Up-to-date: /home/agilex/agilex_ws/install/costmap_converter_msgs/include/costmap_converter_msgs/costmap_converter_msgs/msg/detail/obstacle_array_msg__rosidl_typesupport_introspection_c.h
[0.962s] -- Up-to-date: /home/agilex/agilex_ws/install/costmap_converter_msgs/include/costmap_converter_msgs/costmap_converter_msgs/msg/detail/obstacle_array_msg__type_support.c
[0.962s] -- Up-to-date: /home/agilex/agilex_ws/install/costmap_converter_msgs/include/costmap_converter_msgs/costmap_converter_msgs/msg/rosidl_typesupport_introspection_c__visibility_control.h
[0.962s] -- Up-to-date: /home/agilex/agilex_ws/install/costmap_converter_msgs/lib/libcostmap_converter_msgs__rosidl_typesupport_introspection_c.so
[0.962s] -- Up-to-date: /home/agilex/agilex_ws/install/costmap_converter_msgs/lib/libcostmap_converter_msgs__rosidl_typesupport_c.so
[0.963s] -- Up-to-date: /home/agilex/agilex_ws/install/costmap_converter_msgs/include/costmap_converter_msgs/costmap_converter_msgs
[0.964s] -- Up-to-date: /home/agilex/agilex_ws/install/costmap_converter_msgs/include/costmap_converter_msgs/costmap_converter_msgs/msg
[0.964s] -- Up-to-date: /home/agilex/agilex_ws/install/costmap_converter_msgs/include/costmap_converter_msgs/costmap_converter_msgs/msg/detail
[0.964s] -- Up-to-date: /home/agilex/agilex_ws/install/costmap_converter_msgs/include/costmap_converter_msgs/costmap_converter_msgs/msg/detail/obstacle_msg__type_support.cpp
[0.965s] -- Up-to-date: /home/agilex/agilex_ws/install/costmap_converter_msgs/include/costmap_converter_msgs/costmap_converter_msgs/msg/detail/obstacle_array_msg__rosidl_typesupport_introspection_cpp.hpp
[0.965s] -- Up-to-date: /home/agilex/agilex_ws/install/costmap_converter_msgs/include/costmap_converter_msgs/costmap_converter_msgs/msg/detail/obstacle_array_msg__type_support.cpp
[0.965s] -- Up-to-date: /home/agilex/agilex_ws/install/costmap_converter_msgs/include/costmap_converter_msgs/costmap_converter_msgs/msg/detail/obstacle_msg__rosidl_typesupport_introspection_cpp.hpp
[0.965s] -- Up-to-date: /home/agilex/agilex_ws/install/costmap_converter_msgs/lib/libcostmap_converter_msgs__rosidl_typesupport_introspection_cpp.so
[0.965s] -- Up-to-date: /home/agilex/agilex_ws/install/costmap_converter_msgs/lib/libcostmap_converter_msgs__rosidl_typesupport_cpp.so
[0.965s] -- Up-to-date: /home/agilex/agilex_ws/install/costmap_converter_msgs/share/costmap_converter_msgs/environment/pythonpath.sh
[0.965s] -- Up-to-date: /home/agilex/agilex_ws/install/costmap_converter_msgs/share/costmap_converter_msgs/environment/pythonpath.dsv
[0.965s] -- Up-to-date: /home/agilex/agilex_ws/install/costmap_converter_msgs/local/lib/python3.10/dist-packages/costmap_converter_msgs-0.1.2-py3.10.egg-info
[0.965s] -- Installing: /home/agilex/agilex_ws/install/costmap_converter_msgs/local/lib/python3.10/dist-packages/costmap_converter_msgs-0.1.2-py3.10.egg-info/top_level.txt
[0.965s] -- Installing: /home/agilex/agilex_ws/install/costmap_converter_msgs/local/lib/python3.10/dist-packages/costmap_converter_msgs-0.1.2-py3.10.egg-info/SOURCES.txt
[0.966s] -- Installing: /home/agilex/agilex_ws/install/costmap_converter_msgs/local/lib/python3.10/dist-packages/costmap_converter_msgs-0.1.2-py3.10.egg-info/PKG-INFO
[0.966s] -- Installing: /home/agilex/agilex_ws/install/costmap_converter_msgs/local/lib/python3.10/dist-packages/costmap_converter_msgs-0.1.2-py3.10.egg-info/dependency_links.txt
[0.966s] -- Up-to-date: /home/agilex/agilex_ws/install/costmap_converter_msgs/local/lib/python3.10/dist-packages/costmap_converter_msgs
[0.966s] -- Up-to-date: /home/agilex/agilex_ws/install/costmap_converter_msgs/local/lib/python3.10/dist-packages/costmap_converter_msgs/_costmap_converter_msgs_s.ep.rosidl_typesupport_c.c
[0.966s] -- Up-to-date: /home/agilex/agilex_ws/install/costmap_converter_msgs/local/lib/python3.10/dist-packages/costmap_converter_msgs/_costmap_converter_msgs_s.ep.rosidl_typesupport_introspection_c.c
[0.966s] -- Up-to-date: /home/agilex/agilex_ws/install/costmap_converter_msgs/local/lib/python3.10/dist-packages/costmap_converter_msgs/costmap_converter_msgs_s__rosidl_typesupport_introspection_c.cpython-310-x86_64-linux-gnu.so
[0.966s] -- Up-to-date: /home/agilex/agilex_ws/install/costmap_converter_msgs/local/lib/python3.10/dist-packages/costmap_converter_msgs/costmap_converter_msgs_s__rosidl_typesupport_c.cpython-310-x86_64-linux-gnu.so
[0.966s] -- Up-to-date: /home/agilex/agilex_ws/install/costmap_converter_msgs/local/lib/python3.10/dist-packages/costmap_converter_msgs/costmap_converter_msgs_s__rosidl_typesupport_fastrtps_c.cpython-310-x86_64-linux-gnu.so
[0.966s] -- Up-to-date: /home/agilex/agilex_ws/install/costmap_converter_msgs/local/lib/python3.10/dist-packages/costmap_converter_msgs/libcostmap_converter_msgs__rosidl_generator_py.so
[0.966s] -- Up-to-date: /home/agilex/agilex_ws/install/costmap_converter_msgs/local/lib/python3.10/dist-packages/costmap_converter_msgs/__init__.py
[0.966s] -- Up-to-date: /home/agilex/agilex_ws/install/costmap_converter_msgs/local/lib/python3.10/dist-packages/costmap_converter_msgs/msg
[0.966s] -- Up-to-date: /home/agilex/agilex_ws/install/costmap_converter_msgs/local/lib/python3.10/dist-packages/costmap_converter_msgs/msg/_obstacle_array_msg.py
[0.967s] -- Up-to-date: /home/agilex/agilex_ws/install/costmap_converter_msgs/local/lib/python3.10/dist-packages/costmap_converter_msgs/msg/_obstacle_array_msg_s.c
[0.967s] -- Up-to-date: /home/agilex/agilex_ws/install/costmap_converter_msgs/local/lib/python3.10/dist-packages/costmap_converter_msgs/msg/_obstacle_msg_s.c
[0.967s] -- Up-to-date: /home/agilex/agilex_ws/install/costmap_converter_msgs/local/lib/python3.10/dist-packages/costmap_converter_msgs/msg/__init__.py
[0.967s] -- Up-to-date: /home/agilex/agilex_ws/install/costmap_converter_msgs/local/lib/python3.10/dist-packages/costmap_converter_msgs/msg/_obstacle_msg.py
[0.967s] -- Up-to-date: /home/agilex/agilex_ws/install/costmap_converter_msgs/local/lib/python3.10/dist-packages/costmap_converter_msgs/_costmap_converter_msgs_s.ep.rosidl_typesupport_fastrtps_c.c
[0.967s] Listing '/home/agilex/agilex_ws/install/costmap_converter_msgs/local/lib/python3.10/dist-packages/costmap_converter_msgs'...
[0.967s] Listing '/home/agilex/agilex_ws/install/costmap_converter_msgs/local/lib/python3.10/dist-packages/costmap_converter_msgs/msg'...
[0.968s] -- Up-to-date: /home/agilex/agilex_ws/install/costmap_converter_msgs/local/lib/python3.10/dist-packages/costmap_converter_msgs/costmap_converter_msgs_s__rosidl_typesupport_fastrtps_c.cpython-310-x86_64-linux-gnu.so
[0.968s] -- Up-to-date: /home/agilex/agilex_ws/install/costmap_converter_msgs/local/lib/python3.10/dist-packages/costmap_converter_msgs/costmap_converter_msgs_s__rosidl_typesupport_introspection_c.cpython-310-x86_64-linux-gnu.so
[0.968s] -- Up-to-date: /home/agilex/agilex_ws/install/costmap_converter_msgs/local/lib/python3.10/dist-packages/costmap_converter_msgs/costmap_converter_msgs_s__rosidl_typesupport_c.cpython-310-x86_64-linux-gnu.so
[0.968s] -- Up-to-date: /home/agilex/agilex_ws/install/costmap_converter_msgs/lib/libcostmap_converter_msgs__rosidl_generator_py.so
[0.968s] -- Up-to-date: /home/agilex/agilex_ws/install/costmap_converter_msgs/share/costmap_converter_msgs/msg/ObstacleMsg.idl
[0.968s] -- Up-to-date: /home/agilex/agilex_ws/install/costmap_converter_msgs/share/costmap_converter_msgs/msg/ObstacleArrayMsg.idl
[0.968s] -- Up-to-date: /home/agilex/agilex_ws/install/costmap_converter_msgs/share/costmap_converter_msgs/msg/ObstacleMsg.msg
[0.969s] -- Up-to-date: /home/agilex/agilex_ws/install/costmap_converter_msgs/share/costmap_converter_msgs/msg/ObstacleArrayMsg.msg
[0.969s] -- Up-to-date: /home/agilex/agilex_ws/install/costmap_converter_msgs/share/ament_index/resource_index/package_run_dependencies/costmap_converter_msgs
[0.969s] -- Up-to-date: /home/agilex/agilex_ws/install/costmap_converter_msgs/share/ament_index/resource_index/parent_prefix_path/costmap_converter_msgs
[0.969s] -- Up-to-date: /home/agilex/agilex_ws/install/costmap_converter_msgs/share/costmap_converter_msgs/environment/ament_prefix_path.sh
[0.969s] -- Up-to-date: /home/agilex/agilex_ws/install/costmap_converter_msgs/share/costmap_converter_msgs/environment/ament_prefix_path.dsv
[0.969s] -- Up-to-date: /home/agilex/agilex_ws/install/costmap_converter_msgs/share/costmap_converter_msgs/environment/path.sh
[0.969s] -- Up-to-date: /home/agilex/agilex_ws/install/costmap_converter_msgs/share/costmap_converter_msgs/environment/path.dsv
[0.969s] -- Up-to-date: /home/agilex/agilex_ws/install/costmap_converter_msgs/share/costmap_converter_msgs/local_setup.bash
[0.969s] -- Up-to-date: /home/agilex/agilex_ws/install/costmap_converter_msgs/share/costmap_converter_msgs/local_setup.sh
[0.969s] -- Up-to-date: /home/agilex/agilex_ws/install/costmap_converter_msgs/share/costmap_converter_msgs/local_setup.zsh
[0.969s] -- Up-to-date: /home/agilex/agilex_ws/install/costmap_converter_msgs/share/costmap_converter_msgs/local_setup.dsv
[0.970s] -- Installing: /home/agilex/agilex_ws/install/costmap_converter_msgs/share/costmap_converter_msgs/package.dsv
[0.970s] -- Up-to-date: /home/agilex/agilex_ws/install/costmap_converter_msgs/share/ament_index/resource_index/packages/costmap_converter_msgs
[0.970s] -- Up-to-date: /home/agilex/agilex_ws/install/costmap_converter_msgs/share/costmap_converter_msgs/cmake/export_costmap_converter_msgs__rosidl_generator_cExport.cmake
[0.970s] -- Up-to-date: /home/agilex/agilex_ws/install/costmap_converter_msgs/share/costmap_converter_msgs/cmake/export_costmap_converter_msgs__rosidl_generator_cExport-noconfig.cmake
[0.970s] -- Up-to-date: /home/agilex/agilex_ws/install/costmap_converter_msgs/share/costmap_converter_msgs/cmake/export_costmap_converter_msgs__rosidl_typesupport_fastrtps_cExport.cmake
[0.970s] -- Up-to-date: /home/agilex/agilex_ws/install/costmap_converter_msgs/share/costmap_converter_msgs/cmake/export_costmap_converter_msgs__rosidl_typesupport_fastrtps_cExport-noconfig.cmake
[0.970s] -- Up-to-date: /home/agilex/agilex_ws/install/costmap_converter_msgs/share/costmap_converter_msgs/cmake/export_costmap_converter_msgs__rosidl_generator_cppExport.cmake
[0.970s] -- Up-to-date: /home/agilex/agilex_ws/install/costmap_converter_msgs/share/costmap_converter_msgs/cmake/export_costmap_converter_msgs__rosidl_typesupport_fastrtps_cppExport.cmake
[0.970s] -- Up-to-date: /home/agilex/agilex_ws/install/costmap_converter_msgs/share/costmap_converter_msgs/cmake/export_costmap_converter_msgs__rosidl_typesupport_fastrtps_cppExport-noconfig.cmake
[0.971s] -- Up-to-date: /home/agilex/agilex_ws/install/costmap_converter_msgs/share/costmap_converter_msgs/cmake/costmap_converter_msgs__rosidl_typesupport_introspection_cExport.cmake
[0.971s] -- Up-to-date: /home/agilex/agilex_ws/install/costmap_converter_msgs/share/costmap_converter_msgs/cmake/costmap_converter_msgs__rosidl_typesupport_introspection_cExport-noconfig.cmake
[0.971s] -- Up-to-date: /home/agilex/agilex_ws/install/costmap_converter_msgs/share/costmap_converter_msgs/cmake/costmap_converter_msgs__rosidl_typesupport_cExport.cmake
[0.971s] -- Up-to-date: /home/agilex/agilex_ws/install/costmap_converter_msgs/share/costmap_converter_msgs/cmake/costmap_converter_msgs__rosidl_typesupport_cExport-noconfig.cmake
[0.971s] -- Up-to-date: /home/agilex/agilex_ws/install/costmap_converter_msgs/share/costmap_converter_msgs/cmake/costmap_converter_msgs__rosidl_typesupport_introspection_cppExport.cmake
[0.971s] -- Up-to-date: /home/agilex/agilex_ws/install/costmap_converter_msgs/share/costmap_converter_msgs/cmake/costmap_converter_msgs__rosidl_typesupport_introspection_cppExport-noconfig.cmake
[0.971s] -- Up-to-date: /home/agilex/agilex_ws/install/costmap_converter_msgs/share/costmap_converter_msgs/cmake/costmap_converter_msgs__rosidl_typesupport_cppExport.cmake
[0.972s] -- Up-to-date: /home/agilex/agilex_ws/install/costmap_converter_msgs/share/costmap_converter_msgs/cmake/costmap_converter_msgs__rosidl_typesupport_cppExport-noconfig.cmake
[0.972s] -- Up-to-date: /home/agilex/agilex_ws/install/costmap_converter_msgs/share/costmap_converter_msgs/cmake/export_costmap_converter_msgs__rosidl_generator_pyExport.cmake
[0.972s] -- Up-to-date: /home/agilex/agilex_ws/install/costmap_converter_msgs/share/costmap_converter_msgs/cmake/export_costmap_converter_msgs__rosidl_generator_pyExport-noconfig.cmake
[0.972s] -- Up-to-date: /home/agilex/agilex_ws/install/costmap_converter_msgs/share/costmap_converter_msgs/cmake/rosidl_cmake-extras.cmake
[0.972s] -- Up-to-date: /home/agilex/agilex_ws/install/costmap_converter_msgs/share/costmap_converter_msgs/cmake/ament_cmake_export_dependencies-extras.cmake
[0.972s] -- Up-to-date: /home/agilex/agilex_ws/install/costmap_converter_msgs/share/costmap_converter_msgs/cmake/ament_cmake_export_include_directories-extras.cmake
[0.972s] -- Up-to-date: /home/agilex/agilex_ws/install/costmap_converter_msgs/share/costmap_converter_msgs/cmake/ament_cmake_export_libraries-extras.cmake
[0.972s] -- Up-to-date: /home/agilex/agilex_ws/install/costmap_converter_msgs/share/costmap_converter_msgs/cmake/ament_cmake_export_targets-extras.cmake
[0.972s] -- Up-to-date: /home/agilex/agilex_ws/install/costmap_converter_msgs/share/costmap_converter_msgs/cmake/rosidl_cmake_export_typesupport_targets-extras.cmake
[0.972s] -- Up-to-date: /home/agilex/agilex_ws/install/costmap_converter_msgs/share/costmap_converter_msgs/cmake/rosidl_cmake_export_typesupport_libraries-extras.cmake
[0.972s] -- Up-to-date: /home/agilex/agilex_ws/install/costmap_converter_msgs/share/costmap_converter_msgs/cmake/costmap_converter_msgsConfig.cmake
[0.972s] -- Up-to-date: /home/agilex/agilex_ws/install/costmap_converter_msgs/share/costmap_converter_msgs/cmake/costmap_converter_msgsConfig-version.cmake
[0.972s] -- Up-to-date: /home/agilex/agilex_ws/install/costmap_converter_msgs/share/costmap_converter_msgs/package.xml
[1.111s] Invoked command in '/home/agilex/agilex_ws/build/costmap_converter_msgs' returned '0': /usr/bin/cmake --install /home/agilex/agilex_ws/build/costmap_converter_msgs
