[0.019s] Invoking command in '/home/agilex/agilex_ws/build/aruco_msgs': /usr/bin/cmake /home/agilex/agilex_ws/src/aruco_ros/aruco_msgs -DCMAKE_INSTALL_PREFIX=/home/agilex/agilex_ws/install/aruco_msgs
[0.066s] [33mCMake Warning at CMakeLists.txt:9 (find_package):
[0.066s]   By not providing "Findament_cmake.cmake" in CMAKE_MODULE_PATH this project
[0.066s]   has asked CMake to find a package configuration file provided by
[0.066s]   "ament_cmake", but CMake did not find one.
[0.066s] 
[0.066s]   Could not find a package configuration file provided by "ament_cmake" with
[0.067s]   any of the following names:
[0.067s] 
[0.067s]     ament_cmakeConfig.cmake
[0.067s]     ament_cmake-config.cmake
[0.067s] 
[0.067s]   Add the installation prefix of "ament_cmake" to CMAKE_PREFIX_PATH or set
[0.067s]   "ament_cmake_DIR" to a directory containing one of the above files.  If
[0.067s]   "ament_cmake" provides a separate development package or SDK, be sure it
[0.067s]   has been installed.
[0.067s] 
[0.067s] [0m
[0.067s] [31mCMake Error at CMakeLists.txt:10 (find_package):
[0.067s]   By not providing "Findstd_msgs.cmake" in CMAKE_MODULE_PATH this project has
[0.067s]   asked CMake to find a package configuration file provided by "std_msgs",
[0.067s]   but CMake did not find one.
[0.067s] 
[0.067s]   Could not find a package configuration file provided by "std_msgs" with any
[0.068s]   of the following names:
[0.068s] 
[0.068s]     std_msgsConfig.cmake
[0.068s]     std_msgs-config.cmake
[0.068s] 
[0.068s]   Add the installation prefix of "std_msgs" to CMAKE_PREFIX_PATH or set
[0.068s]   "std_msgs_DIR" to a directory containing one of the above files.  If
[0.068s]   "std_msgs" provides a separate development package or SDK, be sure it has
[0.068s]   been installed.
[0.068s] 
[0.068s] [0m
[0.068s] -- Configuring incomplete, errors occurred!
[0.068s] See also "/home/agilex/agilex_ws/build/aruco_msgs/CMakeFiles/CMakeOutput.log".
