[0.095s] Invoking command in '/home/agilex/agilex_ws/build/aruco': /usr/bin/cmake --build /home/agilex/agilex_ws/build/aruco -- -j16 -l16
[0.457s] [100%] Built target aruco
[0.469s] Invoked command in '/home/agilex/agilex_ws/build/aruco' returned '0': /usr/bin/cmake --build /home/agilex/agilex_ws/build/aruco -- -j16 -l16
[0.542s] Invoking command in '/home/agilex/agilex_ws/build/aruco': /usr/bin/cmake --install /home/agilex/agilex_ws/build/aruco
[0.597s] -- Install configuration: ""
[0.597s] -- Up-to-date: /home/agilex/agilex_ws/install/aruco/lib/libaruco.so
[0.598s] -- Up-to-date: /home/agilex/agilex_ws/install/aruco/include
[0.598s] -- Up-to-date: /home/agilex/agilex_ws/install/aruco/include/aruco
[0.598s] -- Up-to-date: /home/agilex/agilex_ws/install/aruco/include/aruco/ippe.h
[0.598s] -- Up-to-date: /home/agilex/agilex_ws/install/aruco/include/aruco/markerlabeler.h
[0.598s] -- Up-to-date: /home/agilex/agilex_ws/install/aruco/include/aruco/dictionary_based.h
[0.598s] -- Up-to-date: /home/agilex/agilex_ws/install/aruco/include/aruco/fractallabelers
[0.598s] -- Up-to-date: /home/agilex/agilex_ws/install/aruco/include/aruco/fractallabelers/fractalposetracker.h
[0.599s] -- Up-to-date: /home/agilex/agilex_ws/install/aruco/include/aruco/fractallabelers/fractalmarkerset.h
[0.599s] -- Up-to-date: /home/agilex/agilex_ws/install/aruco/include/aruco/fractallabelers/fractalmarker.h
[0.599s] -- Up-to-date: /home/agilex/agilex_ws/install/aruco/include/aruco/fractallabelers/fractallabeler.h
[0.599s] -- Up-to-date: /home/agilex/agilex_ws/install/aruco/include/aruco/posetracker.h
[0.599s] -- Up-to-date: /home/agilex/agilex_ws/install/aruco/include/aruco/debug.h
[0.599s] -- Up-to-date: /home/agilex/agilex_ws/install/aruco/include/aruco/markermap.h
[0.599s] -- Up-to-date: /home/agilex/agilex_ws/install/aruco/include/aruco/aruco.h
[0.600s] -- Up-to-date: /home/agilex/agilex_ws/install/aruco/include/aruco/timers.h
[0.600s] -- Up-to-date: /home/agilex/agilex_ws/install/aruco/include/aruco/dictionary.h
[0.600s] -- Up-to-date: /home/agilex/agilex_ws/install/aruco/include/aruco/picoflann.h
[0.600s] -- Up-to-date: /home/agilex/agilex_ws/install/aruco/include/aruco/cameraparameters.h
[0.600s] -- Up-to-date: /home/agilex/agilex_ws/install/aruco/include/aruco/markerdetector_impl.h
[0.600s] -- Up-to-date: /home/agilex/agilex_ws/install/aruco/include/aruco/cvdrawingutils.h
[0.601s] -- Up-to-date: /home/agilex/agilex_ws/install/aruco/include/aruco/fractaldetector.h
[0.601s] -- Up-to-date: /home/agilex/agilex_ws/install/aruco/include/aruco/marker.h
[0.602s] -- Up-to-date: /home/agilex/agilex_ws/install/aruco/include/aruco/aruco_cvversioning.h
[0.603s] -- Up-to-date: /home/agilex/agilex_ws/install/aruco/include/aruco/aruco_export.h
[0.603s] -- Up-to-date: /home/agilex/agilex_ws/install/aruco/include/aruco/markerdetector.h
[0.603s] -- Up-to-date: /home/agilex/agilex_ws/install/aruco/include/aruco/levmarq.h
[0.604s] -- Up-to-date: /home/agilex/agilex_ws/install/aruco/share/aruco/environment/library_path.sh
[0.605s] -- Up-to-date: /home/agilex/agilex_ws/install/aruco/share/aruco/environment/library_path.dsv
[0.605s] -- Up-to-date: /home/agilex/agilex_ws/install/aruco/share/ament_index/resource_index/package_run_dependencies/aruco
[0.605s] -- Up-to-date: /home/agilex/agilex_ws/install/aruco/share/ament_index/resource_index/parent_prefix_path/aruco
[0.606s] -- Up-to-date: /home/agilex/agilex_ws/install/aruco/share/aruco/environment/ament_prefix_path.sh
[0.606s] -- Up-to-date: /home/agilex/agilex_ws/install/aruco/share/aruco/environment/ament_prefix_path.dsv
[0.606s] -- Up-to-date: /home/agilex/agilex_ws/install/aruco/share/aruco/environment/path.sh
[0.607s] -- Up-to-date: /home/agilex/agilex_ws/install/aruco/share/aruco/environment/path.dsv
[0.607s] -- Up-to-date: /home/agilex/agilex_ws/install/aruco/share/aruco/local_setup.bash
[0.608s] -- Up-to-date: /home/agilex/agilex_ws/install/aruco/share/aruco/local_setup.sh
[0.608s] -- Up-to-date: /home/agilex/agilex_ws/install/aruco/share/aruco/local_setup.zsh
[0.608s] -- Up-to-date: /home/agilex/agilex_ws/install/aruco/share/aruco/local_setup.dsv
[0.608s] -- Installing: /home/agilex/agilex_ws/install/aruco/share/aruco/package.dsv
[0.608s] -- Up-to-date: /home/agilex/agilex_ws/install/aruco/share/ament_index/resource_index/packages/aruco
[0.608s] -- Up-to-date: /home/agilex/agilex_ws/install/aruco/share/aruco/cmake/ament_cmake_export_include_directories-extras.cmake
[0.608s] -- Up-to-date: /home/agilex/agilex_ws/install/aruco/share/aruco/cmake/ament_cmake_export_libraries-extras.cmake
[0.608s] -- Up-to-date: /home/agilex/agilex_ws/install/aruco/share/aruco/cmake/arucoConfig.cmake
[0.608s] -- Up-to-date: /home/agilex/agilex_ws/install/aruco/share/aruco/cmake/arucoConfig-version.cmake
[0.608s] -- Up-to-date: /home/agilex/agilex_ws/install/aruco/share/aruco/package.xml
[0.668s] Invoked command in '/home/agilex/agilex_ws/build/aruco' returned '0': /usr/bin/cmake --install /home/agilex/agilex_ws/build/aruco
