[0.482s] Invoking command in '/home/agilex/agilex_ws/build/nav_2d_msgs': CMAKE_PREFIX_PATH=${CMAKE_PREFIX_PATH}:/home/agilex/agilex_ws/install/yolov5_ros2:/home/agilex/agilex_ws/install/nav2_simple_commander:/opt/ros/humble /usr/bin/cmake --build /home/agilex/agilex_ws/build/nav_2d_msgs -- -j8 -l8
[0.730s] [35m[1mConsolidate compiler generated dependencies of target nav_2d_msgs__rosidl_generator_c[0m
[0.734s] [  1%] Built target nav_2d_msgs__cpp
[0.839s] [35m[1mConsolidate compiler generated dependencies of target nav_2d_msgs__rosidl_typesupport_cpp[0m
[0.849s] [35m[1mConsolidate compiler generated dependencies of target nav_2d_msgs__rosidl_typesupport_fastrtps_cpp[0m
[0.849s] [35m[1mConsolidate compiler generated dependencies of target nav_2d_msgs__rosidl_typesupport_introspection_cpp[0m
[0.923s] [ 12%] Built target nav_2d_msgs__rosidl_generator_c
[0.974s] [ 29%] Built target nav_2d_msgs__rosidl_typesupport_cpp
[0.974s] [ 35%] Built target nav_2d_msgs__rosidl_typesupport_fastrtps_cpp
[1.011s] [ 46%] Built target nav_2d_msgs__rosidl_typesupport_introspection_cpp
[1.012s] [35m[1mConsolidate compiler generated dependencies of target nav_2d_msgs__rosidl_typesupport_fastrtps_c[0m
[1.038s] [ 46%] Built target ament_cmake_python_copy_nav_2d_msgs
[1.062s] [35m[1mConsolidate compiler generated dependencies of target nav_2d_msgs__rosidl_typesupport_introspection_c[0m
[1.065s] [35m[1mConsolidate compiler generated dependencies of target nav_2d_msgs__rosidl_typesupport_c[0m
[1.127s] [ 57%] Built target nav_2d_msgs__rosidl_typesupport_fastrtps_c
[1.154s] [ 69%] Built target nav_2d_msgs__rosidl_typesupport_c
[1.184s] [ 80%] Built target nav_2d_msgs__rosidl_typesupport_introspection_c
[1.282s] [ 80%] Built target nav_2d_msgs
[1.378s] [ 81%] Built target nav_2d_msgs__py
[1.430s] [35m[1mConsolidate compiler generated dependencies of target nav_2d_msgs__rosidl_generator_py[0m
[1.466s] [ 91%] Built target nav_2d_msgs__rosidl_generator_py
[1.506s] [35m[1mConsolidate compiler generated dependencies of target nav_2d_msgs__rosidl_typesupport_fastrtps_c__pyext[0m
[1.516s] [35m[1mConsolidate compiler generated dependencies of target nav_2d_msgs__rosidl_typesupport_c__pyext[0m
[1.530s] [35m[1mConsolidate compiler generated dependencies of target nav_2d_msgs__rosidl_typesupport_introspection_c__pyext[0m
[1.573s] [ 94%] Built target nav_2d_msgs__rosidl_typesupport_fastrtps_c__pyext
[1.580s] [ 97%] Built target nav_2d_msgs__rosidl_typesupport_c__pyext
[1.585s] running egg_info
[1.595s] writing nav_2d_msgs.egg-info/PKG-INFO
[1.595s] writing dependency_links to nav_2d_msgs.egg-info/dependency_links.txt
[1.595s] writing top-level names to nav_2d_msgs.egg-info/top_level.txt
[1.595s] reading manifest file 'nav_2d_msgs.egg-info/SOURCES.txt'
[1.596s] writing manifest file 'nav_2d_msgs.egg-info/SOURCES.txt'
[1.596s] [100%] Built target nav_2d_msgs__rosidl_typesupport_introspection_c__pyext
[1.649s] [100%] Built target ament_cmake_python_build_nav_2d_msgs_egg
[1.735s] Invoked command in '/home/agilex/agilex_ws/build/nav_2d_msgs' returned '0': CMAKE_PREFIX_PATH=${CMAKE_PREFIX_PATH}:/home/agilex/agilex_ws/install/yolov5_ros2:/home/agilex/agilex_ws/install/nav2_simple_commander:/opt/ros/humble /usr/bin/cmake --build /home/agilex/agilex_ws/build/nav_2d_msgs -- -j8 -l8
[2.309s] Invoking command in '/home/agilex/agilex_ws/build/nav_2d_msgs': CMAKE_PREFIX_PATH=${CMAKE_PREFIX_PATH}:/home/agilex/agilex_ws/install/yolov5_ros2:/home/agilex/agilex_ws/install/nav2_simple_commander:/opt/ros/humble /usr/bin/cmake --install /home/agilex/agilex_ws/build/nav_2d_msgs
[2.589s] -- Install configuration: ""
[2.589s] -- Up-to-date: /home/agilex/agilex_ws/install/nav_2d_msgs/share/ament_index/resource_index/rosidl_interfaces/nav_2d_msgs
[2.589s] -- Up-to-date: /home/agilex/agilex_ws/install/nav_2d_msgs/include/nav_2d_msgs/nav_2d_msgs
[2.589s] -- Up-to-date: /home/agilex/agilex_ws/install/nav_2d_msgs/include/nav_2d_msgs/nav_2d_msgs/msg
[2.590s] -- Up-to-date: /home/agilex/agilex_ws/install/nav_2d_msgs/include/nav_2d_msgs/nav_2d_msgs/msg/detail
[2.590s] -- Up-to-date: /home/agilex/agilex_ws/install/nav_2d_msgs/include/nav_2d_msgs/nav_2d_msgs/msg/detail/path2_d__functions.c
[2.590s] -- Up-to-date: /home/agilex/agilex_ws/install/nav_2d_msgs/include/nav_2d_msgs/nav_2d_msgs/msg/detail/pose2_d32__functions.c
[2.590s] -- Up-to-date: /home/agilex/agilex_ws/install/nav_2d_msgs/include/nav_2d_msgs/nav_2d_msgs/msg/detail/pose2_d_stamped__functions.c
[2.591s] -- Up-to-date: /home/agilex/agilex_ws/install/nav_2d_msgs/include/nav_2d_msgs/nav_2d_msgs/msg/detail/twist2_d__functions.c
[2.591s] -- Up-to-date: /home/agilex/agilex_ws/install/nav_2d_msgs/include/nav_2d_msgs/nav_2d_msgs/msg/detail/twist2_d32__functions.c
[2.591s] -- Up-to-date: /home/agilex/agilex_ws/install/nav_2d_msgs/include/nav_2d_msgs/nav_2d_msgs/msg/detail/twist2_d_stamped__functions.c
[2.591s] -- Up-to-date: /home/agilex/agilex_ws/install/nav_2d_msgs/include/nav_2d_msgs/nav_2d_msgs/msg/detail/path2_d__functions.h
[2.592s] -- Up-to-date: /home/agilex/agilex_ws/install/nav_2d_msgs/include/nav_2d_msgs/nav_2d_msgs/msg/detail/path2_d__struct.h
[2.592s] -- Up-to-date: /home/agilex/agilex_ws/install/nav_2d_msgs/include/nav_2d_msgs/nav_2d_msgs/msg/detail/path2_d__type_support.h
[2.592s] -- Up-to-date: /home/agilex/agilex_ws/install/nav_2d_msgs/include/nav_2d_msgs/nav_2d_msgs/msg/detail/pose2_d32__functions.h
[2.592s] -- Up-to-date: /home/agilex/agilex_ws/install/nav_2d_msgs/include/nav_2d_msgs/nav_2d_msgs/msg/detail/pose2_d32__struct.h
[2.593s] -- Up-to-date: /home/agilex/agilex_ws/install/nav_2d_msgs/include/nav_2d_msgs/nav_2d_msgs/msg/detail/pose2_d32__type_support.h
[2.593s] -- Up-to-date: /home/agilex/agilex_ws/install/nav_2d_msgs/include/nav_2d_msgs/nav_2d_msgs/msg/detail/pose2_d_stamped__functions.h
[2.593s] -- Up-to-date: /home/agilex/agilex_ws/install/nav_2d_msgs/include/nav_2d_msgs/nav_2d_msgs/msg/detail/pose2_d_stamped__struct.h
[2.593s] -- Up-to-date: /home/agilex/agilex_ws/install/nav_2d_msgs/include/nav_2d_msgs/nav_2d_msgs/msg/detail/pose2_d_stamped__type_support.h
[2.593s] -- Up-to-date: /home/agilex/agilex_ws/install/nav_2d_msgs/include/nav_2d_msgs/nav_2d_msgs/msg/detail/twist2_d32__functions.h
[2.593s] -- Up-to-date: /home/agilex/agilex_ws/install/nav_2d_msgs/include/nav_2d_msgs/nav_2d_msgs/msg/detail/twist2_d32__struct.h
[2.594s] -- Up-to-date: /home/agilex/agilex_ws/install/nav_2d_msgs/include/nav_2d_msgs/nav_2d_msgs/msg/detail/twist2_d32__type_support.h
[2.594s] -- Up-to-date: /home/agilex/agilex_ws/install/nav_2d_msgs/include/nav_2d_msgs/nav_2d_msgs/msg/detail/twist2_d__functions.h
[2.594s] -- Up-to-date: /home/agilex/agilex_ws/install/nav_2d_msgs/include/nav_2d_msgs/nav_2d_msgs/msg/detail/twist2_d__struct.h
[2.594s] -- Up-to-date: /home/agilex/agilex_ws/install/nav_2d_msgs/include/nav_2d_msgs/nav_2d_msgs/msg/detail/twist2_d__type_support.h
[2.594s] -- Up-to-date: /home/agilex/agilex_ws/install/nav_2d_msgs/include/nav_2d_msgs/nav_2d_msgs/msg/detail/twist2_d_stamped__functions.h
[2.594s] -- Up-to-date: /home/agilex/agilex_ws/install/nav_2d_msgs/include/nav_2d_msgs/nav_2d_msgs/msg/detail/twist2_d_stamped__struct.h
[2.594s] -- Up-to-date: /home/agilex/agilex_ws/install/nav_2d_msgs/include/nav_2d_msgs/nav_2d_msgs/msg/detail/twist2_d_stamped__type_support.h
[2.595s] -- Up-to-date: /home/agilex/agilex_ws/install/nav_2d_msgs/include/nav_2d_msgs/nav_2d_msgs/msg/path2_d.h
[2.595s] -- Up-to-date: /home/agilex/agilex_ws/install/nav_2d_msgs/include/nav_2d_msgs/nav_2d_msgs/msg/pose2_d32.h
[2.595s] -- Up-to-date: /home/agilex/agilex_ws/install/nav_2d_msgs/include/nav_2d_msgs/nav_2d_msgs/msg/pose2_d_stamped.h
[2.595s] -- Up-to-date: /home/agilex/agilex_ws/install/nav_2d_msgs/include/nav_2d_msgs/nav_2d_msgs/msg/rosidl_generator_c__visibility_control.h
[2.595s] -- Up-to-date: /home/agilex/agilex_ws/install/nav_2d_msgs/include/nav_2d_msgs/nav_2d_msgs/msg/twist2_d.h
[2.595s] -- Up-to-date: /home/agilex/agilex_ws/install/nav_2d_msgs/include/nav_2d_msgs/nav_2d_msgs/msg/twist2_d32.h
[2.595s] -- Up-to-date: /home/agilex/agilex_ws/install/nav_2d_msgs/include/nav_2d_msgs/nav_2d_msgs/msg/twist2_d_stamped.h
[2.596s] -- Up-to-date: /home/agilex/agilex_ws/install/nav_2d_msgs/share/nav_2d_msgs/environment/library_path.sh
[2.596s] -- Up-to-date: /home/agilex/agilex_ws/install/nav_2d_msgs/share/nav_2d_msgs/environment/library_path.dsv
[2.596s] -- Up-to-date: /home/agilex/agilex_ws/install/nav_2d_msgs/lib/libnav_2d_msgs__rosidl_generator_c.so
[2.596s] -- Up-to-date: /home/agilex/agilex_ws/install/nav_2d_msgs/include/nav_2d_msgs/nav_2d_msgs
[2.596s] -- Up-to-date: /home/agilex/agilex_ws/install/nav_2d_msgs/include/nav_2d_msgs/nav_2d_msgs/msg
[2.596s] -- Up-to-date: /home/agilex/agilex_ws/install/nav_2d_msgs/include/nav_2d_msgs/nav_2d_msgs/msg/detail
[2.596s] -- Up-to-date: /home/agilex/agilex_ws/install/nav_2d_msgs/include/nav_2d_msgs/nav_2d_msgs/msg/detail/path2_d__rosidl_typesupport_fastrtps_c.h
[2.597s] -- Up-to-date: /home/agilex/agilex_ws/install/nav_2d_msgs/include/nav_2d_msgs/nav_2d_msgs/msg/detail/pose2_d32__rosidl_typesupport_fastrtps_c.h
[2.597s] -- Up-to-date: /home/agilex/agilex_ws/install/nav_2d_msgs/include/nav_2d_msgs/nav_2d_msgs/msg/detail/pose2_d_stamped__rosidl_typesupport_fastrtps_c.h
[2.597s] -- Up-to-date: /home/agilex/agilex_ws/install/nav_2d_msgs/include/nav_2d_msgs/nav_2d_msgs/msg/detail/twist2_d32__rosidl_typesupport_fastrtps_c.h
[2.597s] -- Up-to-date: /home/agilex/agilex_ws/install/nav_2d_msgs/include/nav_2d_msgs/nav_2d_msgs/msg/detail/twist2_d__rosidl_typesupport_fastrtps_c.h
[2.597s] -- Up-to-date: /home/agilex/agilex_ws/install/nav_2d_msgs/include/nav_2d_msgs/nav_2d_msgs/msg/detail/twist2_d_stamped__rosidl_typesupport_fastrtps_c.h
[2.597s] -- Up-to-date: /home/agilex/agilex_ws/install/nav_2d_msgs/include/nav_2d_msgs/nav_2d_msgs/msg/rosidl_typesupport_fastrtps_c__visibility_control.h
[2.598s] -- Up-to-date: /home/agilex/agilex_ws/install/nav_2d_msgs/lib/libnav_2d_msgs__rosidl_typesupport_fastrtps_c.so
[2.598s] -- Up-to-date: /home/agilex/agilex_ws/install/nav_2d_msgs/include/nav_2d_msgs/nav_2d_msgs
[2.598s] -- Up-to-date: /home/agilex/agilex_ws/install/nav_2d_msgs/include/nav_2d_msgs/nav_2d_msgs/msg
[2.598s] -- Up-to-date: /home/agilex/agilex_ws/install/nav_2d_msgs/include/nav_2d_msgs/nav_2d_msgs/msg/path2_d.hpp
[2.598s] -- Up-to-date: /home/agilex/agilex_ws/install/nav_2d_msgs/include/nav_2d_msgs/nav_2d_msgs/msg/detail
[2.599s] -- Up-to-date: /home/agilex/agilex_ws/install/nav_2d_msgs/include/nav_2d_msgs/nav_2d_msgs/msg/detail/path2_d__builder.hpp
[2.599s] -- Up-to-date: /home/agilex/agilex_ws/install/nav_2d_msgs/include/nav_2d_msgs/nav_2d_msgs/msg/detail/path2_d__struct.hpp
[2.599s] -- Up-to-date: /home/agilex/agilex_ws/install/nav_2d_msgs/include/nav_2d_msgs/nav_2d_msgs/msg/detail/path2_d__traits.hpp
[2.599s] -- Up-to-date: /home/agilex/agilex_ws/install/nav_2d_msgs/include/nav_2d_msgs/nav_2d_msgs/msg/detail/pose2_d32__builder.hpp
[2.599s] -- Up-to-date: /home/agilex/agilex_ws/install/nav_2d_msgs/include/nav_2d_msgs/nav_2d_msgs/msg/detail/pose2_d32__struct.hpp
[2.599s] -- Up-to-date: /home/agilex/agilex_ws/install/nav_2d_msgs/include/nav_2d_msgs/nav_2d_msgs/msg/detail/pose2_d32__traits.hpp
[2.600s] -- Up-to-date: /home/agilex/agilex_ws/install/nav_2d_msgs/include/nav_2d_msgs/nav_2d_msgs/msg/detail/pose2_d_stamped__builder.hpp
[2.600s] -- Up-to-date: /home/agilex/agilex_ws/install/nav_2d_msgs/include/nav_2d_msgs/nav_2d_msgs/msg/detail/pose2_d_stamped__struct.hpp
[2.600s] -- Up-to-date: /home/agilex/agilex_ws/install/nav_2d_msgs/include/nav_2d_msgs/nav_2d_msgs/msg/detail/pose2_d_stamped__traits.hpp
[2.600s] -- Up-to-date: /home/agilex/agilex_ws/install/nav_2d_msgs/include/nav_2d_msgs/nav_2d_msgs/msg/detail/twist2_d__builder.hpp
[2.601s] -- Up-to-date: /home/agilex/agilex_ws/install/nav_2d_msgs/include/nav_2d_msgs/nav_2d_msgs/msg/detail/twist2_d__struct.hpp
[2.601s] -- Up-to-date: /home/agilex/agilex_ws/install/nav_2d_msgs/include/nav_2d_msgs/nav_2d_msgs/msg/detail/twist2_d__traits.hpp
[2.601s] -- Up-to-date: /home/agilex/agilex_ws/install/nav_2d_msgs/include/nav_2d_msgs/nav_2d_msgs/msg/detail/twist2_d32__builder.hpp
[2.601s] -- Up-to-date: /home/agilex/agilex_ws/install/nav_2d_msgs/include/nav_2d_msgs/nav_2d_msgs/msg/detail/twist2_d32__struct.hpp
[2.602s] -- Up-to-date: /home/agilex/agilex_ws/install/nav_2d_msgs/include/nav_2d_msgs/nav_2d_msgs/msg/detail/twist2_d32__traits.hpp
[2.602s] -- Up-to-date: /home/agilex/agilex_ws/install/nav_2d_msgs/include/nav_2d_msgs/nav_2d_msgs/msg/detail/twist2_d_stamped__builder.hpp
[2.602s] -- Up-to-date: /home/agilex/agilex_ws/install/nav_2d_msgs/include/nav_2d_msgs/nav_2d_msgs/msg/detail/twist2_d_stamped__struct.hpp
[2.602s] -- Up-to-date: /home/agilex/agilex_ws/install/nav_2d_msgs/include/nav_2d_msgs/nav_2d_msgs/msg/detail/twist2_d_stamped__traits.hpp
[2.602s] -- Up-to-date: /home/agilex/agilex_ws/install/nav_2d_msgs/include/nav_2d_msgs/nav_2d_msgs/msg/pose2_d32.hpp
[2.602s] -- Up-to-date: /home/agilex/agilex_ws/install/nav_2d_msgs/include/nav_2d_msgs/nav_2d_msgs/msg/pose2_d_stamped.hpp
[2.602s] -- Up-to-date: /home/agilex/agilex_ws/install/nav_2d_msgs/include/nav_2d_msgs/nav_2d_msgs/msg/twist2_d.hpp
[2.602s] -- Up-to-date: /home/agilex/agilex_ws/install/nav_2d_msgs/include/nav_2d_msgs/nav_2d_msgs/msg/twist2_d32.hpp
[2.603s] -- Up-to-date: /home/agilex/agilex_ws/install/nav_2d_msgs/include/nav_2d_msgs/nav_2d_msgs/msg/twist2_d_stamped.hpp
[2.603s] -- Up-to-date: /home/agilex/agilex_ws/install/nav_2d_msgs/include/nav_2d_msgs/nav_2d_msgs
[2.603s] -- Up-to-date: /home/agilex/agilex_ws/install/nav_2d_msgs/include/nav_2d_msgs/nav_2d_msgs/msg
[2.603s] -- Up-to-date: /home/agilex/agilex_ws/install/nav_2d_msgs/include/nav_2d_msgs/nav_2d_msgs/msg/detail
[2.604s] -- Up-to-date: /home/agilex/agilex_ws/install/nav_2d_msgs/include/nav_2d_msgs/nav_2d_msgs/msg/detail/path2_d__rosidl_typesupport_fastrtps_cpp.hpp
[2.604s] -- Up-to-date: /home/agilex/agilex_ws/install/nav_2d_msgs/include/nav_2d_msgs/nav_2d_msgs/msg/detail/dds_fastrtps
[2.604s] -- Up-to-date: /home/agilex/agilex_ws/install/nav_2d_msgs/include/nav_2d_msgs/nav_2d_msgs/msg/detail/pose2_d32__rosidl_typesupport_fastrtps_cpp.hpp
[2.604s] -- Up-to-date: /home/agilex/agilex_ws/install/nav_2d_msgs/include/nav_2d_msgs/nav_2d_msgs/msg/detail/pose2_d_stamped__rosidl_typesupport_fastrtps_cpp.hpp
[2.604s] -- Up-to-date: /home/agilex/agilex_ws/install/nav_2d_msgs/include/nav_2d_msgs/nav_2d_msgs/msg/detail/twist2_d__rosidl_typesupport_fastrtps_cpp.hpp
[2.605s] -- Up-to-date: /home/agilex/agilex_ws/install/nav_2d_msgs/include/nav_2d_msgs/nav_2d_msgs/msg/detail/twist2_d32__rosidl_typesupport_fastrtps_cpp.hpp
[2.605s] -- Up-to-date: /home/agilex/agilex_ws/install/nav_2d_msgs/include/nav_2d_msgs/nav_2d_msgs/msg/detail/twist2_d_stamped__rosidl_typesupport_fastrtps_cpp.hpp
[2.605s] -- Up-to-date: /home/agilex/agilex_ws/install/nav_2d_msgs/include/nav_2d_msgs/nav_2d_msgs/msg/rosidl_typesupport_fastrtps_cpp__visibility_control.h
[2.605s] -- Up-to-date: /home/agilex/agilex_ws/install/nav_2d_msgs/lib/libnav_2d_msgs__rosidl_typesupport_fastrtps_cpp.so
[2.605s] -- Up-to-date: /home/agilex/agilex_ws/install/nav_2d_msgs/include/nav_2d_msgs/nav_2d_msgs
[2.606s] -- Up-to-date: /home/agilex/agilex_ws/install/nav_2d_msgs/include/nav_2d_msgs/nav_2d_msgs/msg
[2.606s] -- Up-to-date: /home/agilex/agilex_ws/install/nav_2d_msgs/include/nav_2d_msgs/nav_2d_msgs/msg/detail
[2.606s] -- Up-to-date: /home/agilex/agilex_ws/install/nav_2d_msgs/include/nav_2d_msgs/nav_2d_msgs/msg/detail/path2_d__type_support.c
[2.606s] -- Up-to-date: /home/agilex/agilex_ws/install/nav_2d_msgs/include/nav_2d_msgs/nav_2d_msgs/msg/detail/pose2_d32__type_support.c
[2.607s] -- Up-to-date: /home/agilex/agilex_ws/install/nav_2d_msgs/include/nav_2d_msgs/nav_2d_msgs/msg/detail/pose2_d_stamped__type_support.c
[2.607s] -- Up-to-date: /home/agilex/agilex_ws/install/nav_2d_msgs/include/nav_2d_msgs/nav_2d_msgs/msg/detail/twist2_d__type_support.c
[2.608s] -- Up-to-date: /home/agilex/agilex_ws/install/nav_2d_msgs/include/nav_2d_msgs/nav_2d_msgs/msg/detail/twist2_d32__type_support.c
[2.608s] -- Up-to-date: /home/agilex/agilex_ws/install/nav_2d_msgs/include/nav_2d_msgs/nav_2d_msgs/msg/detail/twist2_d_stamped__type_support.c
[2.609s] -- Up-to-date: /home/agilex/agilex_ws/install/nav_2d_msgs/include/nav_2d_msgs/nav_2d_msgs/msg/detail/path2_d__rosidl_typesupport_introspection_c.h
[2.609s] -- Up-to-date: /home/agilex/agilex_ws/install/nav_2d_msgs/include/nav_2d_msgs/nav_2d_msgs/msg/detail/pose2_d32__rosidl_typesupport_introspection_c.h
[2.609s] -- Up-to-date: /home/agilex/agilex_ws/install/nav_2d_msgs/include/nav_2d_msgs/nav_2d_msgs/msg/detail/pose2_d_stamped__rosidl_typesupport_introspection_c.h
[2.609s] -- Up-to-date: /home/agilex/agilex_ws/install/nav_2d_msgs/include/nav_2d_msgs/nav_2d_msgs/msg/detail/twist2_d32__rosidl_typesupport_introspection_c.h
[2.610s] -- Up-to-date: /home/agilex/agilex_ws/install/nav_2d_msgs/include/nav_2d_msgs/nav_2d_msgs/msg/detail/twist2_d__rosidl_typesupport_introspection_c.h
[2.610s] -- Up-to-date: /home/agilex/agilex_ws/install/nav_2d_msgs/include/nav_2d_msgs/nav_2d_msgs/msg/detail/twist2_d_stamped__rosidl_typesupport_introspection_c.h
[2.610s] -- Up-to-date: /home/agilex/agilex_ws/install/nav_2d_msgs/include/nav_2d_msgs/nav_2d_msgs/msg/rosidl_typesupport_introspection_c__visibility_control.h
[2.610s] -- Up-to-date: /home/agilex/agilex_ws/install/nav_2d_msgs/lib/libnav_2d_msgs__rosidl_typesupport_introspection_c.so
[2.611s] -- Up-to-date: /home/agilex/agilex_ws/install/nav_2d_msgs/lib/libnav_2d_msgs__rosidl_typesupport_c.so
[2.611s] -- Up-to-date: /home/agilex/agilex_ws/install/nav_2d_msgs/include/nav_2d_msgs/nav_2d_msgs
[2.611s] -- Up-to-date: /home/agilex/agilex_ws/install/nav_2d_msgs/include/nav_2d_msgs/nav_2d_msgs/msg
[2.611s] -- Up-to-date: /home/agilex/agilex_ws/install/nav_2d_msgs/include/nav_2d_msgs/nav_2d_msgs/msg/detail
[2.611s] -- Up-to-date: /home/agilex/agilex_ws/install/nav_2d_msgs/include/nav_2d_msgs/nav_2d_msgs/msg/detail/path2_d__rosidl_typesupport_introspection_cpp.hpp
[2.611s] -- Up-to-date: /home/agilex/agilex_ws/install/nav_2d_msgs/include/nav_2d_msgs/nav_2d_msgs/msg/detail/pose2_d32__rosidl_typesupport_introspection_cpp.hpp
[2.612s] -- Up-to-date: /home/agilex/agilex_ws/install/nav_2d_msgs/include/nav_2d_msgs/nav_2d_msgs/msg/detail/pose2_d_stamped__rosidl_typesupport_introspection_cpp.hpp
[2.612s] -- Up-to-date: /home/agilex/agilex_ws/install/nav_2d_msgs/include/nav_2d_msgs/nav_2d_msgs/msg/detail/twist2_d__rosidl_typesupport_introspection_cpp.hpp
[2.612s] -- Up-to-date: /home/agilex/agilex_ws/install/nav_2d_msgs/include/nav_2d_msgs/nav_2d_msgs/msg/detail/twist2_d32__rosidl_typesupport_introspection_cpp.hpp
[2.612s] -- Up-to-date: /home/agilex/agilex_ws/install/nav_2d_msgs/include/nav_2d_msgs/nav_2d_msgs/msg/detail/twist2_d_stamped__rosidl_typesupport_introspection_cpp.hpp
[2.612s] -- Up-to-date: /home/agilex/agilex_ws/install/nav_2d_msgs/include/nav_2d_msgs/nav_2d_msgs/msg/detail/path2_d__type_support.cpp
[2.612s] -- Up-to-date: /home/agilex/agilex_ws/install/nav_2d_msgs/include/nav_2d_msgs/nav_2d_msgs/msg/detail/pose2_d32__type_support.cpp
[2.613s] -- Up-to-date: /home/agilex/agilex_ws/install/nav_2d_msgs/include/nav_2d_msgs/nav_2d_msgs/msg/detail/pose2_d_stamped__type_support.cpp
[2.613s] -- Up-to-date: /home/agilex/agilex_ws/install/nav_2d_msgs/include/nav_2d_msgs/nav_2d_msgs/msg/detail/twist2_d32__type_support.cpp
[2.613s] -- Up-to-date: /home/agilex/agilex_ws/install/nav_2d_msgs/include/nav_2d_msgs/nav_2d_msgs/msg/detail/twist2_d__type_support.cpp
[2.613s] -- Up-to-date: /home/agilex/agilex_ws/install/nav_2d_msgs/include/nav_2d_msgs/nav_2d_msgs/msg/detail/twist2_d_stamped__type_support.cpp
[2.613s] -- Up-to-date: /home/agilex/agilex_ws/install/nav_2d_msgs/lib/libnav_2d_msgs__rosidl_typesupport_introspection_cpp.so
[2.613s] -- Up-to-date: /home/agilex/agilex_ws/install/nav_2d_msgs/lib/libnav_2d_msgs__rosidl_typesupport_cpp.so
[2.613s] -- Up-to-date: /home/agilex/agilex_ws/install/nav_2d_msgs/share/nav_2d_msgs/environment/pythonpath.sh
[2.613s] -- Up-to-date: /home/agilex/agilex_ws/install/nav_2d_msgs/share/nav_2d_msgs/environment/pythonpath.dsv
[2.613s] -- Up-to-date: /home/agilex/agilex_ws/install/nav_2d_msgs/local/lib/python3.10/dist-packages/nav_2d_msgs-1.1.0-py3.10.egg-info
[2.614s] -- Installing: /home/agilex/agilex_ws/install/nav_2d_msgs/local/lib/python3.10/dist-packages/nav_2d_msgs-1.1.0-py3.10.egg-info/PKG-INFO
[2.614s] -- Installing: /home/agilex/agilex_ws/install/nav_2d_msgs/local/lib/python3.10/dist-packages/nav_2d_msgs-1.1.0-py3.10.egg-info/dependency_links.txt
[2.614s] -- Installing: /home/agilex/agilex_ws/install/nav_2d_msgs/local/lib/python3.10/dist-packages/nav_2d_msgs-1.1.0-py3.10.egg-info/top_level.txt
[2.614s] -- Installing: /home/agilex/agilex_ws/install/nav_2d_msgs/local/lib/python3.10/dist-packages/nav_2d_msgs-1.1.0-py3.10.egg-info/SOURCES.txt
[2.614s] -- Up-to-date: /home/agilex/agilex_ws/install/nav_2d_msgs/local/lib/python3.10/dist-packages/nav_2d_msgs
[2.614s] -- Up-to-date: /home/agilex/agilex_ws/install/nav_2d_msgs/local/lib/python3.10/dist-packages/nav_2d_msgs/msg
[2.614s] -- Up-to-date: /home/agilex/agilex_ws/install/nav_2d_msgs/local/lib/python3.10/dist-packages/nav_2d_msgs/msg/_path2_d_s.c
[2.615s] -- Up-to-date: /home/agilex/agilex_ws/install/nav_2d_msgs/local/lib/python3.10/dist-packages/nav_2d_msgs/msg/_pose2_d32_s.c
[2.615s] -- Up-to-date: /home/agilex/agilex_ws/install/nav_2d_msgs/local/lib/python3.10/dist-packages/nav_2d_msgs/msg/_pose2_d_stamped_s.c
[2.615s] -- Up-to-date: /home/agilex/agilex_ws/install/nav_2d_msgs/local/lib/python3.10/dist-packages/nav_2d_msgs/msg/_twist2_d_s.c
[2.615s] -- Up-to-date: /home/agilex/agilex_ws/install/nav_2d_msgs/local/lib/python3.10/dist-packages/nav_2d_msgs/msg/_twist2_d32_s.c
[2.616s] -- Up-to-date: /home/agilex/agilex_ws/install/nav_2d_msgs/local/lib/python3.10/dist-packages/nav_2d_msgs/msg/_twist2_d_stamped_s.c
[2.616s] -- Up-to-date: /home/agilex/agilex_ws/install/nav_2d_msgs/local/lib/python3.10/dist-packages/nav_2d_msgs/msg/__init__.py
[2.616s] -- Up-to-date: /home/agilex/agilex_ws/install/nav_2d_msgs/local/lib/python3.10/dist-packages/nav_2d_msgs/msg/_path2_d.py
[2.616s] -- Up-to-date: /home/agilex/agilex_ws/install/nav_2d_msgs/local/lib/python3.10/dist-packages/nav_2d_msgs/msg/_pose2_d32.py
[2.616s] -- Up-to-date: /home/agilex/agilex_ws/install/nav_2d_msgs/local/lib/python3.10/dist-packages/nav_2d_msgs/msg/_pose2_d_stamped.py
[2.616s] -- Up-to-date: /home/agilex/agilex_ws/install/nav_2d_msgs/local/lib/python3.10/dist-packages/nav_2d_msgs/msg/_twist2_d.py
[2.616s] -- Up-to-date: /home/agilex/agilex_ws/install/nav_2d_msgs/local/lib/python3.10/dist-packages/nav_2d_msgs/msg/_twist2_d32.py
[2.617s] -- Up-to-date: /home/agilex/agilex_ws/install/nav_2d_msgs/local/lib/python3.10/dist-packages/nav_2d_msgs/msg/_twist2_d_stamped.py
[2.617s] -- Up-to-date: /home/agilex/agilex_ws/install/nav_2d_msgs/local/lib/python3.10/dist-packages/nav_2d_msgs/_nav_2d_msgs_s.ep.rosidl_typesupport_fastrtps_c.c
[2.619s] -- Up-to-date: /home/agilex/agilex_ws/install/nav_2d_msgs/local/lib/python3.10/dist-packages/nav_2d_msgs/_nav_2d_msgs_s.ep.rosidl_typesupport_introspection_c.c
[2.620s] -- Up-to-date: /home/agilex/agilex_ws/install/nav_2d_msgs/local/lib/python3.10/dist-packages/nav_2d_msgs/_nav_2d_msgs_s.ep.rosidl_typesupport_c.c
[2.620s] -- Up-to-date: /home/agilex/agilex_ws/install/nav_2d_msgs/local/lib/python3.10/dist-packages/nav_2d_msgs/__init__.py
[2.620s] -- Up-to-date: /home/agilex/agilex_ws/install/nav_2d_msgs/local/lib/python3.10/dist-packages/nav_2d_msgs/libnav_2d_msgs__rosidl_generator_py.so
[2.621s] -- Up-to-date: /home/agilex/agilex_ws/install/nav_2d_msgs/local/lib/python3.10/dist-packages/nav_2d_msgs/nav_2d_msgs_s__rosidl_typesupport_fastrtps_c.cpython-310-x86_64-linux-gnu.so
[2.621s] -- Up-to-date: /home/agilex/agilex_ws/install/nav_2d_msgs/local/lib/python3.10/dist-packages/nav_2d_msgs/nav_2d_msgs_s__rosidl_typesupport_introspection_c.cpython-310-x86_64-linux-gnu.so
[2.621s] -- Up-to-date: /home/agilex/agilex_ws/install/nav_2d_msgs/local/lib/python3.10/dist-packages/nav_2d_msgs/nav_2d_msgs_s__rosidl_typesupport_c.cpython-310-x86_64-linux-gnu.so
[2.663s] Listing '/home/agilex/agilex_ws/install/nav_2d_msgs/local/lib/python3.10/dist-packages/nav_2d_msgs'...
[2.663s] Listing '/home/agilex/agilex_ws/install/nav_2d_msgs/local/lib/python3.10/dist-packages/nav_2d_msgs/msg'...
[2.663s] -- Up-to-date: /home/agilex/agilex_ws/install/nav_2d_msgs/local/lib/python3.10/dist-packages/nav_2d_msgs/nav_2d_msgs_s__rosidl_typesupport_fastrtps_c.cpython-310-x86_64-linux-gnu.so
[2.663s] -- Up-to-date: /home/agilex/agilex_ws/install/nav_2d_msgs/local/lib/python3.10/dist-packages/nav_2d_msgs/nav_2d_msgs_s__rosidl_typesupport_introspection_c.cpython-310-x86_64-linux-gnu.so
[2.663s] -- Up-to-date: /home/agilex/agilex_ws/install/nav_2d_msgs/local/lib/python3.10/dist-packages/nav_2d_msgs/nav_2d_msgs_s__rosidl_typesupport_c.cpython-310-x86_64-linux-gnu.so
[2.663s] -- Up-to-date: /home/agilex/agilex_ws/install/nav_2d_msgs/lib/libnav_2d_msgs__rosidl_generator_py.so
[2.663s] -- Up-to-date: /home/agilex/agilex_ws/install/nav_2d_msgs/share/nav_2d_msgs/msg/Path2D.idl
[2.663s] -- Up-to-date: /home/agilex/agilex_ws/install/nav_2d_msgs/share/nav_2d_msgs/msg/Pose2D32.idl
[2.663s] -- Up-to-date: /home/agilex/agilex_ws/install/nav_2d_msgs/share/nav_2d_msgs/msg/Pose2DStamped.idl
[2.663s] -- Up-to-date: /home/agilex/agilex_ws/install/nav_2d_msgs/share/nav_2d_msgs/msg/Twist2D.idl
[2.664s] -- Up-to-date: /home/agilex/agilex_ws/install/nav_2d_msgs/share/nav_2d_msgs/msg/Twist2D32.idl
[2.664s] -- Up-to-date: /home/agilex/agilex_ws/install/nav_2d_msgs/share/nav_2d_msgs/msg/Twist2DStamped.idl
[2.664s] -- Up-to-date: /home/agilex/agilex_ws/install/nav_2d_msgs/share/nav_2d_msgs/msg/Path2D.msg
[2.664s] -- Up-to-date: /home/agilex/agilex_ws/install/nav_2d_msgs/share/nav_2d_msgs/msg/Pose2D32.msg
[2.664s] -- Up-to-date: /home/agilex/agilex_ws/install/nav_2d_msgs/share/nav_2d_msgs/msg/Pose2DStamped.msg
[2.664s] -- Up-to-date: /home/agilex/agilex_ws/install/nav_2d_msgs/share/nav_2d_msgs/msg/Twist2D.msg
[2.664s] -- Up-to-date: /home/agilex/agilex_ws/install/nav_2d_msgs/share/nav_2d_msgs/msg/Twist2D32.msg
[2.664s] -- Up-to-date: /home/agilex/agilex_ws/install/nav_2d_msgs/share/nav_2d_msgs/msg/Twist2DStamped.msg
[2.664s] -- Up-to-date: /home/agilex/agilex_ws/install/nav_2d_msgs/share/ament_index/resource_index/package_run_dependencies/nav_2d_msgs
[2.665s] -- Up-to-date: /home/agilex/agilex_ws/install/nav_2d_msgs/share/ament_index/resource_index/parent_prefix_path/nav_2d_msgs
[2.665s] -- Up-to-date: /home/agilex/agilex_ws/install/nav_2d_msgs/share/nav_2d_msgs/environment/ament_prefix_path.sh
[2.665s] -- Up-to-date: /home/agilex/agilex_ws/install/nav_2d_msgs/share/nav_2d_msgs/environment/ament_prefix_path.dsv
[2.665s] -- Up-to-date: /home/agilex/agilex_ws/install/nav_2d_msgs/share/nav_2d_msgs/environment/path.sh
[2.665s] -- Up-to-date: /home/agilex/agilex_ws/install/nav_2d_msgs/share/nav_2d_msgs/environment/path.dsv
[2.665s] -- Up-to-date: /home/agilex/agilex_ws/install/nav_2d_msgs/share/nav_2d_msgs/local_setup.bash
[2.665s] -- Up-to-date: /home/agilex/agilex_ws/install/nav_2d_msgs/share/nav_2d_msgs/local_setup.sh
[2.666s] -- Up-to-date: /home/agilex/agilex_ws/install/nav_2d_msgs/share/nav_2d_msgs/local_setup.zsh
[2.666s] -- Up-to-date: /home/agilex/agilex_ws/install/nav_2d_msgs/share/nav_2d_msgs/local_setup.dsv
[2.666s] -- Installing: /home/agilex/agilex_ws/install/nav_2d_msgs/share/nav_2d_msgs/package.dsv
[2.666s] -- Up-to-date: /home/agilex/agilex_ws/install/nav_2d_msgs/share/ament_index/resource_index/packages/nav_2d_msgs
[2.667s] -- Up-to-date: /home/agilex/agilex_ws/install/nav_2d_msgs/share/nav_2d_msgs/cmake/export_nav_2d_msgs__rosidl_generator_cExport.cmake
[2.667s] -- Up-to-date: /home/agilex/agilex_ws/install/nav_2d_msgs/share/nav_2d_msgs/cmake/export_nav_2d_msgs__rosidl_generator_cExport-noconfig.cmake
[2.667s] -- Up-to-date: /home/agilex/agilex_ws/install/nav_2d_msgs/share/nav_2d_msgs/cmake/export_nav_2d_msgs__rosidl_typesupport_fastrtps_cExport.cmake
[2.667s] -- Up-to-date: /home/agilex/agilex_ws/install/nav_2d_msgs/share/nav_2d_msgs/cmake/export_nav_2d_msgs__rosidl_typesupport_fastrtps_cExport-noconfig.cmake
[2.667s] -- Up-to-date: /home/agilex/agilex_ws/install/nav_2d_msgs/share/nav_2d_msgs/cmake/export_nav_2d_msgs__rosidl_generator_cppExport.cmake
[2.668s] -- Up-to-date: /home/agilex/agilex_ws/install/nav_2d_msgs/share/nav_2d_msgs/cmake/export_nav_2d_msgs__rosidl_typesupport_fastrtps_cppExport.cmake
[2.668s] -- Up-to-date: /home/agilex/agilex_ws/install/nav_2d_msgs/share/nav_2d_msgs/cmake/export_nav_2d_msgs__rosidl_typesupport_fastrtps_cppExport-noconfig.cmake
[2.668s] -- Up-to-date: /home/agilex/agilex_ws/install/nav_2d_msgs/share/nav_2d_msgs/cmake/nav_2d_msgs__rosidl_typesupport_introspection_cExport.cmake
[2.668s] -- Up-to-date: /home/agilex/agilex_ws/install/nav_2d_msgs/share/nav_2d_msgs/cmake/nav_2d_msgs__rosidl_typesupport_introspection_cExport-noconfig.cmake
[2.668s] -- Up-to-date: /home/agilex/agilex_ws/install/nav_2d_msgs/share/nav_2d_msgs/cmake/nav_2d_msgs__rosidl_typesupport_cExport.cmake
[2.668s] -- Up-to-date: /home/agilex/agilex_ws/install/nav_2d_msgs/share/nav_2d_msgs/cmake/nav_2d_msgs__rosidl_typesupport_cExport-noconfig.cmake
[2.669s] -- Up-to-date: /home/agilex/agilex_ws/install/nav_2d_msgs/share/nav_2d_msgs/cmake/nav_2d_msgs__rosidl_typesupport_introspection_cppExport.cmake
[2.669s] -- Up-to-date: /home/agilex/agilex_ws/install/nav_2d_msgs/share/nav_2d_msgs/cmake/nav_2d_msgs__rosidl_typesupport_introspection_cppExport-noconfig.cmake
[2.669s] -- Up-to-date: /home/agilex/agilex_ws/install/nav_2d_msgs/share/nav_2d_msgs/cmake/nav_2d_msgs__rosidl_typesupport_cppExport.cmake
[2.669s] -- Up-to-date: /home/agilex/agilex_ws/install/nav_2d_msgs/share/nav_2d_msgs/cmake/nav_2d_msgs__rosidl_typesupport_cppExport-noconfig.cmake
[2.669s] -- Up-to-date: /home/agilex/agilex_ws/install/nav_2d_msgs/share/nav_2d_msgs/cmake/export_nav_2d_msgs__rosidl_generator_pyExport.cmake
[2.669s] -- Up-to-date: /home/agilex/agilex_ws/install/nav_2d_msgs/share/nav_2d_msgs/cmake/export_nav_2d_msgs__rosidl_generator_pyExport-noconfig.cmake
[2.669s] -- Up-to-date: /home/agilex/agilex_ws/install/nav_2d_msgs/share/nav_2d_msgs/cmake/rosidl_cmake-extras.cmake
[2.670s] -- Up-to-date: /home/agilex/agilex_ws/install/nav_2d_msgs/share/nav_2d_msgs/cmake/ament_cmake_export_dependencies-extras.cmake
[2.670s] -- Up-to-date: /home/agilex/agilex_ws/install/nav_2d_msgs/share/nav_2d_msgs/cmake/ament_cmake_export_include_directories-extras.cmake
[2.670s] -- Up-to-date: /home/agilex/agilex_ws/install/nav_2d_msgs/share/nav_2d_msgs/cmake/ament_cmake_export_libraries-extras.cmake
[2.670s] -- Up-to-date: /home/agilex/agilex_ws/install/nav_2d_msgs/share/nav_2d_msgs/cmake/ament_cmake_export_targets-extras.cmake
[2.670s] -- Up-to-date: /home/agilex/agilex_ws/install/nav_2d_msgs/share/nav_2d_msgs/cmake/rosidl_cmake_export_typesupport_targets-extras.cmake
[2.670s] -- Up-to-date: /home/agilex/agilex_ws/install/nav_2d_msgs/share/nav_2d_msgs/cmake/rosidl_cmake_export_typesupport_libraries-extras.cmake
[2.670s] -- Up-to-date: /home/agilex/agilex_ws/install/nav_2d_msgs/share/nav_2d_msgs/cmake/nav_2d_msgsConfig.cmake
[2.670s] -- Up-to-date: /home/agilex/agilex_ws/install/nav_2d_msgs/share/nav_2d_msgs/cmake/nav_2d_msgsConfig-version.cmake
[2.671s] -- Up-to-date: /home/agilex/agilex_ws/install/nav_2d_msgs/share/nav_2d_msgs/package.xml
[3.050s] Invoked command in '/home/agilex/agilex_ws/build/nav_2d_msgs' returned '0': CMAKE_PREFIX_PATH=${CMAKE_PREFIX_PATH}:/home/agilex/agilex_ws/install/yolov5_ros2:/home/agilex/agilex_ws/install/nav2_simple_commander:/opt/ros/humble /usr/bin/cmake --install /home/agilex/agilex_ws/build/nav_2d_msgs
