[0.102s] Invoking command in '/home/agilex/agilex_ws/build/aruco_msgs': /usr/bin/cmake --build /home/agilex/agilex_ws/build/aruco_msgs -- -j16 -l16
[0.204s] [  2%] Built target aruco_msgs__cpp
[0.234s] [  2%] Built target ament_cmake_python_copy_aruco_msgs
[0.259s] [ 12%] Built target aruco_msgs__rosidl_typesupport_introspection_cpp
[0.473s] running egg_info
[0.475s] writing aruco_msgs.egg-info/PKG-INFO
[0.475s] writing dependency_links to aruco_msgs.egg-info/dependency_links.txt
[0.475s] writing top-level names to aruco_msgs.egg-info/top_level.txt
[0.477s] reading manifest file 'aruco_msgs.egg-info/SOURCES.txt'
[0.478s] writing manifest file 'aruco_msgs.egg-info/SOURCES.txt'
[0.513s] [ 12%] Built target ament_cmake_python_build_aruco_msgs_egg
[0.534s] [ 23%] Built target aruco_msgs__rosidl_typesupport_fastrtps_cpp
[0.554s] [ 33%] Built target aruco_msgs__rosidl_typesupport_cpp
[0.572s] [ 43%] Built target aruco_msgs__rosidl_generator_c
[0.594s] [ 53%] Built target aruco_msgs__rosidl_typesupport_fastrtps_c
[0.616s] [ 64%] Built target aruco_msgs__rosidl_typesupport_c
[0.627s] [ 74%] Built target aruco_msgs__rosidl_typesupport_introspection_c
[0.640s] [ 74%] Built target aruco_msgs
[0.656s] [ 76%] Built target aruco_msgs__py
[0.675s] [ 84%] Built target aruco_msgs__rosidl_generator_py
[0.692s] [ 89%] Built target aruco_msgs__rosidl_typesupport_fastrtps_c__pyext
[0.709s] [ 94%] Built target aruco_msgs__rosidl_typesupport_c__pyext
[0.725s] [100%] Built target aruco_msgs__rosidl_typesupport_introspection_c__pyext
[0.846s] Invoked command in '/home/agilex/agilex_ws/build/aruco_msgs' returned '0': /usr/bin/cmake --build /home/agilex/agilex_ws/build/aruco_msgs -- -j16 -l16
[0.939s] Invoking command in '/home/agilex/agilex_ws/build/aruco_msgs': /usr/bin/cmake --install /home/agilex/agilex_ws/build/aruco_msgs
[0.951s] -- Install configuration: ""
[0.951s] -- Up-to-date: /home/agilex/agilex_ws/install/aruco_msgs/share/ament_index/resource_index/rosidl_interfaces/aruco_msgs
[0.953s] -- Up-to-date: /home/agilex/agilex_ws/install/aruco_msgs/include/aruco_msgs/aruco_msgs
[0.954s] -- Up-to-date: /home/agilex/agilex_ws/install/aruco_msgs/include/aruco_msgs/aruco_msgs/msg
[0.954s] -- Up-to-date: /home/agilex/agilex_ws/install/aruco_msgs/include/aruco_msgs/aruco_msgs/msg/marker_array.h
[0.954s] -- Up-to-date: /home/agilex/agilex_ws/install/aruco_msgs/include/aruco_msgs/aruco_msgs/msg/detail
[0.954s] -- Up-to-date: /home/agilex/agilex_ws/install/aruco_msgs/include/aruco_msgs/aruco_msgs/msg/detail/marker_array__struct.h
[0.955s] -- Up-to-date: /home/agilex/agilex_ws/install/aruco_msgs/include/aruco_msgs/aruco_msgs/msg/detail/marker__type_support.h
[0.955s] -- Up-to-date: /home/agilex/agilex_ws/install/aruco_msgs/include/aruco_msgs/aruco_msgs/msg/detail/marker_array__functions.h
[0.955s] -- Up-to-date: /home/agilex/agilex_ws/install/aruco_msgs/include/aruco_msgs/aruco_msgs/msg/detail/marker__struct.h
[0.955s] -- Up-to-date: /home/agilex/agilex_ws/install/aruco_msgs/include/aruco_msgs/aruco_msgs/msg/detail/marker_array__type_support.h
[0.955s] -- Up-to-date: /home/agilex/agilex_ws/install/aruco_msgs/include/aruco_msgs/aruco_msgs/msg/detail/marker_array__functions.c
[0.955s] -- Up-to-date: /home/agilex/agilex_ws/install/aruco_msgs/include/aruco_msgs/aruco_msgs/msg/detail/marker__functions.h
[0.955s] -- Up-to-date: /home/agilex/agilex_ws/install/aruco_msgs/include/aruco_msgs/aruco_msgs/msg/detail/marker__functions.c
[0.955s] -- Up-to-date: /home/agilex/agilex_ws/install/aruco_msgs/include/aruco_msgs/aruco_msgs/msg/marker.h
[0.955s] -- Up-to-date: /home/agilex/agilex_ws/install/aruco_msgs/include/aruco_msgs/aruco_msgs/msg/rosidl_generator_c__visibility_control.h
[0.955s] -- Up-to-date: /home/agilex/agilex_ws/install/aruco_msgs/share/aruco_msgs/environment/library_path.sh
[0.955s] -- Up-to-date: /home/agilex/agilex_ws/install/aruco_msgs/share/aruco_msgs/environment/library_path.dsv
[0.956s] -- Up-to-date: /home/agilex/agilex_ws/install/aruco_msgs/lib/libaruco_msgs__rosidl_generator_c.so
[0.956s] -- Up-to-date: /home/agilex/agilex_ws/install/aruco_msgs/include/aruco_msgs/aruco_msgs
[0.956s] -- Up-to-date: /home/agilex/agilex_ws/install/aruco_msgs/include/aruco_msgs/aruco_msgs/msg
[0.956s] -- Up-to-date: /home/agilex/agilex_ws/install/aruco_msgs/include/aruco_msgs/aruco_msgs/msg/rosidl_typesupport_fastrtps_c__visibility_control.h
[0.956s] -- Up-to-date: /home/agilex/agilex_ws/install/aruco_msgs/include/aruco_msgs/aruco_msgs/msg/detail
[0.956s] -- Up-to-date: /home/agilex/agilex_ws/install/aruco_msgs/include/aruco_msgs/aruco_msgs/msg/detail/marker__rosidl_typesupport_fastrtps_c.h
[0.956s] -- Up-to-date: /home/agilex/agilex_ws/install/aruco_msgs/include/aruco_msgs/aruco_msgs/msg/detail/marker_array__rosidl_typesupport_fastrtps_c.h
[0.957s] -- Up-to-date: /home/agilex/agilex_ws/install/aruco_msgs/lib/libaruco_msgs__rosidl_typesupport_fastrtps_c.so
[0.957s] -- Up-to-date: /home/agilex/agilex_ws/install/aruco_msgs/include/aruco_msgs/aruco_msgs
[0.957s] -- Up-to-date: /home/agilex/agilex_ws/install/aruco_msgs/include/aruco_msgs/aruco_msgs/msg
[0.957s] -- Up-to-date: /home/agilex/agilex_ws/install/aruco_msgs/include/aruco_msgs/aruco_msgs/msg/marker.hpp
[0.957s] -- Up-to-date: /home/agilex/agilex_ws/install/aruco_msgs/include/aruco_msgs/aruco_msgs/msg/marker_array.hpp
[0.957s] -- Up-to-date: /home/agilex/agilex_ws/install/aruco_msgs/include/aruco_msgs/aruco_msgs/msg/detail
[0.957s] -- Up-to-date: /home/agilex/agilex_ws/install/aruco_msgs/include/aruco_msgs/aruco_msgs/msg/detail/marker__struct.hpp
[0.957s] -- Up-to-date: /home/agilex/agilex_ws/install/aruco_msgs/include/aruco_msgs/aruco_msgs/msg/detail/marker_array__builder.hpp
[0.957s] -- Up-to-date: /home/agilex/agilex_ws/install/aruco_msgs/include/aruco_msgs/aruco_msgs/msg/detail/marker__traits.hpp
[0.957s] -- Up-to-date: /home/agilex/agilex_ws/install/aruco_msgs/include/aruco_msgs/aruco_msgs/msg/detail/marker_array__struct.hpp
[0.958s] -- Up-to-date: /home/agilex/agilex_ws/install/aruco_msgs/include/aruco_msgs/aruco_msgs/msg/detail/marker_array__traits.hpp
[0.958s] -- Up-to-date: /home/agilex/agilex_ws/install/aruco_msgs/include/aruco_msgs/aruco_msgs/msg/detail/marker__builder.hpp
[0.958s] -- Up-to-date: /home/agilex/agilex_ws/install/aruco_msgs/include/aruco_msgs/aruco_msgs
[0.958s] -- Up-to-date: /home/agilex/agilex_ws/install/aruco_msgs/include/aruco_msgs/aruco_msgs/msg
[0.958s] -- Up-to-date: /home/agilex/agilex_ws/install/aruco_msgs/include/aruco_msgs/aruco_msgs/msg/rosidl_typesupport_fastrtps_cpp__visibility_control.h
[0.958s] -- Up-to-date: /home/agilex/agilex_ws/install/aruco_msgs/include/aruco_msgs/aruco_msgs/msg/detail
[0.958s] -- Up-to-date: /home/agilex/agilex_ws/install/aruco_msgs/include/aruco_msgs/aruco_msgs/msg/detail/marker_array__rosidl_typesupport_fastrtps_cpp.hpp
[0.958s] -- Up-to-date: /home/agilex/agilex_ws/install/aruco_msgs/include/aruco_msgs/aruco_msgs/msg/detail/marker__rosidl_typesupport_fastrtps_cpp.hpp
[0.958s] -- Up-to-date: /home/agilex/agilex_ws/install/aruco_msgs/include/aruco_msgs/aruco_msgs/msg/detail/dds_fastrtps
[0.958s] -- Up-to-date: /home/agilex/agilex_ws/install/aruco_msgs/lib/libaruco_msgs__rosidl_typesupport_fastrtps_cpp.so
[0.958s] -- Up-to-date: /home/agilex/agilex_ws/install/aruco_msgs/include/aruco_msgs/aruco_msgs
[0.958s] -- Up-to-date: /home/agilex/agilex_ws/install/aruco_msgs/include/aruco_msgs/aruco_msgs/msg
[0.958s] -- Up-to-date: /home/agilex/agilex_ws/install/aruco_msgs/include/aruco_msgs/aruco_msgs/msg/detail
[0.958s] -- Up-to-date: /home/agilex/agilex_ws/install/aruco_msgs/include/aruco_msgs/aruco_msgs/msg/detail/marker_array__rosidl_typesupport_introspection_c.h
[0.958s] -- Up-to-date: /home/agilex/agilex_ws/install/aruco_msgs/include/aruco_msgs/aruco_msgs/msg/detail/marker__rosidl_typesupport_introspection_c.h
[0.958s] -- Up-to-date: /home/agilex/agilex_ws/install/aruco_msgs/include/aruco_msgs/aruco_msgs/msg/detail/marker__type_support.c
[0.958s] -- Up-to-date: /home/agilex/agilex_ws/install/aruco_msgs/include/aruco_msgs/aruco_msgs/msg/detail/marker_array__type_support.c
[0.958s] -- Up-to-date: /home/agilex/agilex_ws/install/aruco_msgs/include/aruco_msgs/aruco_msgs/msg/rosidl_typesupport_introspection_c__visibility_control.h
[0.959s] -- Up-to-date: /home/agilex/agilex_ws/install/aruco_msgs/lib/libaruco_msgs__rosidl_typesupport_introspection_c.so
[0.959s] -- Up-to-date: /home/agilex/agilex_ws/install/aruco_msgs/lib/libaruco_msgs__rosidl_typesupport_c.so
[0.959s] -- Up-to-date: /home/agilex/agilex_ws/install/aruco_msgs/include/aruco_msgs/aruco_msgs
[0.959s] -- Up-to-date: /home/agilex/agilex_ws/install/aruco_msgs/include/aruco_msgs/aruco_msgs/msg
[0.959s] -- Up-to-date: /home/agilex/agilex_ws/install/aruco_msgs/include/aruco_msgs/aruco_msgs/msg/detail
[0.959s] -- Up-to-date: /home/agilex/agilex_ws/install/aruco_msgs/include/aruco_msgs/aruco_msgs/msg/detail/marker_array__rosidl_typesupport_introspection_cpp.hpp
[0.959s] -- Up-to-date: /home/agilex/agilex_ws/install/aruco_msgs/include/aruco_msgs/aruco_msgs/msg/detail/marker__type_support.cpp
[0.959s] -- Up-to-date: /home/agilex/agilex_ws/install/aruco_msgs/include/aruco_msgs/aruco_msgs/msg/detail/marker__rosidl_typesupport_introspection_cpp.hpp
[0.959s] -- Up-to-date: /home/agilex/agilex_ws/install/aruco_msgs/include/aruco_msgs/aruco_msgs/msg/detail/marker_array__type_support.cpp
[0.959s] -- Up-to-date: /home/agilex/agilex_ws/install/aruco_msgs/lib/libaruco_msgs__rosidl_typesupport_introspection_cpp.so
[0.959s] -- Up-to-date: /home/agilex/agilex_ws/install/aruco_msgs/lib/libaruco_msgs__rosidl_typesupport_cpp.so
[0.959s] -- Up-to-date: /home/agilex/agilex_ws/install/aruco_msgs/share/aruco_msgs/environment/pythonpath.sh
[0.959s] -- Up-to-date: /home/agilex/agilex_ws/install/aruco_msgs/share/aruco_msgs/environment/pythonpath.dsv
[0.960s] -- Up-to-date: /home/agilex/agilex_ws/install/aruco_msgs/local/lib/python3.10/dist-packages/aruco_msgs-3.1.2-py3.10.egg-info
[0.960s] -- Installing: /home/agilex/agilex_ws/install/aruco_msgs/local/lib/python3.10/dist-packages/aruco_msgs-3.1.2-py3.10.egg-info/top_level.txt
[0.960s] -- Installing: /home/agilex/agilex_ws/install/aruco_msgs/local/lib/python3.10/dist-packages/aruco_msgs-3.1.2-py3.10.egg-info/SOURCES.txt
[0.960s] -- Installing: /home/agilex/agilex_ws/install/aruco_msgs/local/lib/python3.10/dist-packages/aruco_msgs-3.1.2-py3.10.egg-info/PKG-INFO
[0.960s] -- Installing: /home/agilex/agilex_ws/install/aruco_msgs/local/lib/python3.10/dist-packages/aruco_msgs-3.1.2-py3.10.egg-info/dependency_links.txt
[0.960s] -- Up-to-date: /home/agilex/agilex_ws/install/aruco_msgs/local/lib/python3.10/dist-packages/aruco_msgs
[0.960s] -- Up-to-date: /home/agilex/agilex_ws/install/aruco_msgs/local/lib/python3.10/dist-packages/aruco_msgs/_aruco_msgs_s.ep.rosidl_typesupport_fastrtps_c.c
[0.960s] -- Up-to-date: /home/agilex/agilex_ws/install/aruco_msgs/local/lib/python3.10/dist-packages/aruco_msgs/__init__.py
[0.960s] -- Up-to-date: /home/agilex/agilex_ws/install/aruco_msgs/local/lib/python3.10/dist-packages/aruco_msgs/aruco_msgs_s__rosidl_typesupport_fastrtps_c.cpython-310-x86_64-linux-gnu.so
[0.960s] -- Up-to-date: /home/agilex/agilex_ws/install/aruco_msgs/local/lib/python3.10/dist-packages/aruco_msgs/_aruco_msgs_s.ep.rosidl_typesupport_c.c
[0.960s] -- Up-to-date: /home/agilex/agilex_ws/install/aruco_msgs/local/lib/python3.10/dist-packages/aruco_msgs/libaruco_msgs__rosidl_generator_py.so
[0.960s] -- Up-to-date: /home/agilex/agilex_ws/install/aruco_msgs/local/lib/python3.10/dist-packages/aruco_msgs/aruco_msgs_s__rosidl_typesupport_c.cpython-310-x86_64-linux-gnu.so
[0.960s] -- Up-to-date: /home/agilex/agilex_ws/install/aruco_msgs/local/lib/python3.10/dist-packages/aruco_msgs/msg
[0.960s] -- Up-to-date: /home/agilex/agilex_ws/install/aruco_msgs/local/lib/python3.10/dist-packages/aruco_msgs/msg/_marker_array_s.c
[0.960s] -- Up-to-date: /home/agilex/agilex_ws/install/aruco_msgs/local/lib/python3.10/dist-packages/aruco_msgs/msg/__init__.py
[0.960s] -- Up-to-date: /home/agilex/agilex_ws/install/aruco_msgs/local/lib/python3.10/dist-packages/aruco_msgs/msg/_marker_s.c
[0.960s] -- Up-to-date: /home/agilex/agilex_ws/install/aruco_msgs/local/lib/python3.10/dist-packages/aruco_msgs/msg/_marker.py
[0.960s] -- Up-to-date: /home/agilex/agilex_ws/install/aruco_msgs/local/lib/python3.10/dist-packages/aruco_msgs/msg/_marker_array.py
[0.960s] -- Up-to-date: /home/agilex/agilex_ws/install/aruco_msgs/local/lib/python3.10/dist-packages/aruco_msgs/_aruco_msgs_s.ep.rosidl_typesupport_introspection_c.c
[0.960s] -- Up-to-date: /home/agilex/agilex_ws/install/aruco_msgs/local/lib/python3.10/dist-packages/aruco_msgs/aruco_msgs_s__rosidl_typesupport_introspection_c.cpython-310-x86_64-linux-gnu.so
[0.985s] Listing '/home/agilex/agilex_ws/install/aruco_msgs/local/lib/python3.10/dist-packages/aruco_msgs'...
[0.985s] Listing '/home/agilex/agilex_ws/install/aruco_msgs/local/lib/python3.10/dist-packages/aruco_msgs/msg'...
[0.989s] -- Up-to-date: /home/agilex/agilex_ws/install/aruco_msgs/local/lib/python3.10/dist-packages/aruco_msgs/aruco_msgs_s__rosidl_typesupport_fastrtps_c.cpython-310-x86_64-linux-gnu.so
[0.989s] -- Up-to-date: /home/agilex/agilex_ws/install/aruco_msgs/local/lib/python3.10/dist-packages/aruco_msgs/aruco_msgs_s__rosidl_typesupport_introspection_c.cpython-310-x86_64-linux-gnu.so
[0.989s] -- Up-to-date: /home/agilex/agilex_ws/install/aruco_msgs/local/lib/python3.10/dist-packages/aruco_msgs/aruco_msgs_s__rosidl_typesupport_c.cpython-310-x86_64-linux-gnu.so
[0.989s] -- Up-to-date: /home/agilex/agilex_ws/install/aruco_msgs/lib/libaruco_msgs__rosidl_generator_py.so
[0.989s] -- Up-to-date: /home/agilex/agilex_ws/install/aruco_msgs/share/aruco_msgs/msg/Marker.idl
[0.989s] -- Up-to-date: /home/agilex/agilex_ws/install/aruco_msgs/share/aruco_msgs/msg/MarkerArray.idl
[0.989s] -- Up-to-date: /home/agilex/agilex_ws/install/aruco_msgs/share/aruco_msgs/msg/Marker.msg
[0.990s] -- Up-to-date: /home/agilex/agilex_ws/install/aruco_msgs/share/aruco_msgs/msg/MarkerArray.msg
[0.990s] -- Up-to-date: /home/agilex/agilex_ws/install/aruco_msgs/share/ament_index/resource_index/package_run_dependencies/aruco_msgs
[0.990s] -- Up-to-date: /home/agilex/agilex_ws/install/aruco_msgs/share/ament_index/resource_index/parent_prefix_path/aruco_msgs
[0.990s] -- Up-to-date: /home/agilex/agilex_ws/install/aruco_msgs/share/aruco_msgs/environment/ament_prefix_path.sh
[0.990s] -- Up-to-date: /home/agilex/agilex_ws/install/aruco_msgs/share/aruco_msgs/environment/ament_prefix_path.dsv
[0.990s] -- Up-to-date: /home/agilex/agilex_ws/install/aruco_msgs/share/aruco_msgs/environment/path.sh
[0.990s] -- Up-to-date: /home/agilex/agilex_ws/install/aruco_msgs/share/aruco_msgs/environment/path.dsv
[0.990s] -- Up-to-date: /home/agilex/agilex_ws/install/aruco_msgs/share/aruco_msgs/local_setup.bash
[0.990s] -- Up-to-date: /home/agilex/agilex_ws/install/aruco_msgs/share/aruco_msgs/local_setup.sh
[0.990s] -- Up-to-date: /home/agilex/agilex_ws/install/aruco_msgs/share/aruco_msgs/local_setup.zsh
[0.990s] -- Up-to-date: /home/agilex/agilex_ws/install/aruco_msgs/share/aruco_msgs/local_setup.dsv
[0.990s] -- Installing: /home/agilex/agilex_ws/install/aruco_msgs/share/aruco_msgs/package.dsv
[0.990s] -- Up-to-date: /home/agilex/agilex_ws/install/aruco_msgs/share/ament_index/resource_index/packages/aruco_msgs
[0.993s] -- Up-to-date: /home/agilex/agilex_ws/install/aruco_msgs/share/aruco_msgs/cmake/export_aruco_msgs__rosidl_generator_cExport.cmake
[0.993s] -- Up-to-date: /home/agilex/agilex_ws/install/aruco_msgs/share/aruco_msgs/cmake/export_aruco_msgs__rosidl_generator_cExport-noconfig.cmake
[0.993s] -- Up-to-date: /home/agilex/agilex_ws/install/aruco_msgs/share/aruco_msgs/cmake/export_aruco_msgs__rosidl_typesupport_fastrtps_cExport.cmake
[0.993s] -- Up-to-date: /home/agilex/agilex_ws/install/aruco_msgs/share/aruco_msgs/cmake/export_aruco_msgs__rosidl_typesupport_fastrtps_cExport-noconfig.cmake
[0.993s] -- Up-to-date: /home/agilex/agilex_ws/install/aruco_msgs/share/aruco_msgs/cmake/export_aruco_msgs__rosidl_generator_cppExport.cmake
[0.993s] -- Up-to-date: /home/agilex/agilex_ws/install/aruco_msgs/share/aruco_msgs/cmake/export_aruco_msgs__rosidl_typesupport_fastrtps_cppExport.cmake
[0.993s] -- Up-to-date: /home/agilex/agilex_ws/install/aruco_msgs/share/aruco_msgs/cmake/export_aruco_msgs__rosidl_typesupport_fastrtps_cppExport-noconfig.cmake
[0.994s] -- Up-to-date: /home/agilex/agilex_ws/install/aruco_msgs/share/aruco_msgs/cmake/aruco_msgs__rosidl_typesupport_introspection_cExport.cmake
[0.994s] -- Up-to-date: /home/agilex/agilex_ws/install/aruco_msgs/share/aruco_msgs/cmake/aruco_msgs__rosidl_typesupport_introspection_cExport-noconfig.cmake
[0.994s] -- Up-to-date: /home/agilex/agilex_ws/install/aruco_msgs/share/aruco_msgs/cmake/aruco_msgs__rosidl_typesupport_cExport.cmake
[0.994s] -- Up-to-date: /home/agilex/agilex_ws/install/aruco_msgs/share/aruco_msgs/cmake/aruco_msgs__rosidl_typesupport_cExport-noconfig.cmake
[0.994s] -- Up-to-date: /home/agilex/agilex_ws/install/aruco_msgs/share/aruco_msgs/cmake/aruco_msgs__rosidl_typesupport_introspection_cppExport.cmake
[0.994s] -- Up-to-date: /home/agilex/agilex_ws/install/aruco_msgs/share/aruco_msgs/cmake/aruco_msgs__rosidl_typesupport_introspection_cppExport-noconfig.cmake
[0.995s] -- Up-to-date: /home/agilex/agilex_ws/install/aruco_msgs/share/aruco_msgs/cmake/aruco_msgs__rosidl_typesupport_cppExport.cmake
[0.995s] -- Up-to-date: /home/agilex/agilex_ws/install/aruco_msgs/share/aruco_msgs/cmake/aruco_msgs__rosidl_typesupport_cppExport-noconfig.cmake
[0.995s] -- Up-to-date: /home/agilex/agilex_ws/install/aruco_msgs/share/aruco_msgs/cmake/export_aruco_msgs__rosidl_generator_pyExport.cmake
[0.995s] -- Up-to-date: /home/agilex/agilex_ws/install/aruco_msgs/share/aruco_msgs/cmake/export_aruco_msgs__rosidl_generator_pyExport-noconfig.cmake
[0.995s] -- Up-to-date: /home/agilex/agilex_ws/install/aruco_msgs/share/aruco_msgs/cmake/rosidl_cmake-extras.cmake
[0.995s] -- Up-to-date: /home/agilex/agilex_ws/install/aruco_msgs/share/aruco_msgs/cmake/ament_cmake_export_dependencies-extras.cmake
[0.996s] -- Up-to-date: /home/agilex/agilex_ws/install/aruco_msgs/share/aruco_msgs/cmake/ament_cmake_export_include_directories-extras.cmake
[0.996s] -- Up-to-date: /home/agilex/agilex_ws/install/aruco_msgs/share/aruco_msgs/cmake/ament_cmake_export_libraries-extras.cmake
[0.996s] -- Up-to-date: /home/agilex/agilex_ws/install/aruco_msgs/share/aruco_msgs/cmake/ament_cmake_export_targets-extras.cmake
[0.996s] -- Up-to-date: /home/agilex/agilex_ws/install/aruco_msgs/share/aruco_msgs/cmake/rosidl_cmake_export_typesupport_targets-extras.cmake
[0.996s] -- Up-to-date: /home/agilex/agilex_ws/install/aruco_msgs/share/aruco_msgs/cmake/rosidl_cmake_export_typesupport_libraries-extras.cmake
[0.996s] -- Up-to-date: /home/agilex/agilex_ws/install/aruco_msgs/share/aruco_msgs/cmake/aruco_msgsConfig.cmake
[0.996s] -- Up-to-date: /home/agilex/agilex_ws/install/aruco_msgs/share/aruco_msgs/cmake/aruco_msgsConfig-version.cmake
[0.996s] -- Up-to-date: /home/agilex/agilex_ws/install/aruco_msgs/share/aruco_msgs/package.xml
[1.073s] Invoked command in '/home/agilex/agilex_ws/build/aruco_msgs' returned '0': /usr/bin/cmake --install /home/agilex/agilex_ws/build/aruco_msgs
