[0.007s] Invoking command in '/home/agilex/agilex_ws/build/limo_description': CMAKE_PREFIX_PATH=/opt/ros/humble /usr/bin/cmake /home/agilex/agilex_ws/src/limo_ros2/limo_description -DCMAKE_INSTALL_PREFIX=/home/agilex/agilex_ws/install/limo_description
[3.219s] -- The C compiler identification is GNU 11.3.0
[3.220s] -- The CXX compiler identification is GNU 11.3.0
[3.220s] -- Detecting C compiler ABI info
[3.220s] -- Detecting C compiler ABI info - done
[3.221s] -- Check for working C compiler: /usr/bin/cc - skipped
[3.221s] -- Detecting C compile features
[3.221s] -- Detecting C compile features - done
[3.221s] -- Detecting CXX compiler ABI info
[3.221s] -- Detecting CXX compiler ABI info - done
[3.221s] -- Check for working CXX compiler: /usr/bin/c++ - skipped
[3.221s] -- Detecting CXX compile features
[3.221s] -- Detecting CXX compile features - done
[3.221s] -- Found ament_cmake: 1.3.4 (/opt/ros/humble/share/ament_cmake/cmake)
[3.221s] -- Found Python3: /usr/bin/python3.10 (found version "3.10.6") found components: Interpreter 
[3.221s] -- Found ament_lint_auto: 0.12.6 (/opt/ros/humble/share/ament_lint_auto/cmake)
[3.222s] -- Added test 'copyright' to check source files copyright and LICENSE
[3.222s] -- Added test 'flake8' to check Python code syntax and style conventions
[3.222s] -- Added test 'lint_cmake' to check CMake code style
[3.222s] -- Added test 'pep257' to check Python code against some of the docstring style conventions in PEP 257
[3.222s] -- Added test 'xmllint' to check XML markup files
[3.222s] -- Configuring done
[3.222s] -- Generating done
[3.222s] -- Build files have been written to: /home/agilex/agilex_ws/build/limo_description
[3.225s] Invoked command in '/home/agilex/agilex_ws/build/limo_description' returned '0': CMAKE_PREFIX_PATH=/opt/ros/humble /usr/bin/cmake /home/agilex/agilex_ws/src/limo_ros2/limo_description -DCMAKE_INSTALL_PREFIX=/home/agilex/agilex_ws/install/limo_description
[3.226s] Invoking command in '/home/agilex/agilex_ws/build/limo_description': CMAKE_PREFIX_PATH=/opt/ros/humble /usr/bin/cmake --build /home/agilex/agilex_ws/build/limo_description -- -j8 -l8
[3.261s] Invoked command in '/home/agilex/agilex_ws/build/limo_description' returned '0': CMAKE_PREFIX_PATH=/opt/ros/humble /usr/bin/cmake --build /home/agilex/agilex_ws/build/limo_description -- -j8 -l8
[3.295s] Invoking command in '/home/agilex/agilex_ws/build/limo_description': CMAKE_PREFIX_PATH=/opt/ros/humble /usr/bin/cmake --install /home/agilex/agilex_ws/build/limo_description
[3.301s] -- Install configuration: ""
[3.301s] -- Installing: /home/agilex/agilex_ws/install/limo_description/share/limo_description/launch
[3.301s] -- Installing: /home/agilex/agilex_ws/install/limo_description/share/limo_description/launch/display_models_diff.launch.py
[3.302s] -- Installing: /home/agilex/agilex_ws/install/limo_description/share/limo_description/launch/gazebo_models_diff.launch.py
[3.302s] -- Installing: /home/agilex/agilex_ws/install/limo_description/share/limo_description/meshes
[3.302s] -- Installing: /home/agilex/agilex_ws/install/limo_description/share/limo_description/meshes/limo_wheel.dae
[3.302s] -- Installing: /home/agilex/agilex_ws/install/limo_description/share/limo_description/meshes/limo_base.stl
[3.302s] -- Installing: /home/agilex/agilex_ws/install/limo_description/share/limo_description/meshes/limo_base.dae
[3.302s] -- Installing: /home/agilex/agilex_ws/install/limo_description/share/limo_description/meshes/limo_wheel.stl
[3.302s] -- Installing: /home/agilex/agilex_ws/install/limo_description/share/limo_description/rviz
[3.302s] -- Installing: /home/agilex/agilex_ws/install/limo_description/share/limo_description/rviz/model_display.rviz
[3.302s] -- Installing: /home/agilex/agilex_ws/install/limo_description/share/limo_description/rviz/urdf.rviz
[3.303s] -- Installing: /home/agilex/agilex_ws/install/limo_description/share/limo_description/urdf
[3.303s] -- Installing: /home/agilex/agilex_ws/install/limo_description/share/limo_description/urdf/limo_four_diff.xacro
[3.303s] -- Installing: /home/agilex/agilex_ws/install/limo_description/share/limo_description/urdf/limo_ackerman.xacro
[3.303s] -- Installing: /home/agilex/agilex_ws/install/limo_description/share/limo_description/urdf/limo_ackerman.gazebo
[3.303s] -- Installing: /home/agilex/agilex_ws/install/limo_description/share/limo_description/urdf/limo_four_diff.gazebo
[3.303s] -- Installing: /home/agilex/agilex_ws/install/limo_description/share/limo_description/urdf/limo_xacro.xacro
[3.303s] -- Installing: /home/agilex/agilex_ws/install/limo_description/share/limo_description/urdf/limo_four_diff_2.gazebo
[3.303s] -- Installing: /home/agilex/agilex_ws/install/limo_description/share/limo_description/urdf/limo_gazebo.gazebo
[3.303s] -- Installing: /home/agilex/agilex_ws/install/limo_description/share/limo_description/urdf/limo_steering_hinge.xacro
[3.303s] -- Installing: /home/agilex/agilex_ws/install/limo_description/share/ament_index/resource_index/package_run_dependencies/limo_description
[3.303s] -- Installing: /home/agilex/agilex_ws/install/limo_description/share/ament_index/resource_index/parent_prefix_path/limo_description
[3.304s] -- Installing: /home/agilex/agilex_ws/install/limo_description/share/limo_description/environment/ament_prefix_path.sh
[3.304s] -- Installing: /home/agilex/agilex_ws/install/limo_description/share/limo_description/environment/ament_prefix_path.dsv
[3.304s] -- Installing: /home/agilex/agilex_ws/install/limo_description/share/limo_description/environment/path.sh
[3.304s] -- Installing: /home/agilex/agilex_ws/install/limo_description/share/limo_description/environment/path.dsv
[3.304s] -- Installing: /home/agilex/agilex_ws/install/limo_description/share/limo_description/local_setup.bash
[3.304s] -- Installing: /home/agilex/agilex_ws/install/limo_description/share/limo_description/local_setup.sh
[3.304s] -- Installing: /home/agilex/agilex_ws/install/limo_description/share/limo_description/local_setup.zsh
[3.304s] -- Installing: /home/agilex/agilex_ws/install/limo_description/share/limo_description/local_setup.dsv
[3.305s] -- Installing: /home/agilex/agilex_ws/install/limo_description/share/limo_description/package.dsv
[3.305s] -- Installing: /home/agilex/agilex_ws/install/limo_description/share/ament_index/resource_index/packages/limo_description
[3.305s] -- Installing: /home/agilex/agilex_ws/install/limo_description/share/limo_description/cmake/limo_descriptionConfig.cmake
[3.305s] -- Installing: /home/agilex/agilex_ws/install/limo_description/share/limo_description/cmake/limo_descriptionConfig-version.cmake
[3.305s] -- Installing: /home/agilex/agilex_ws/install/limo_description/share/limo_description/package.xml
[3.311s] Invoked command in '/home/agilex/agilex_ws/build/limo_description' returned '0': CMAKE_PREFIX_PATH=/opt/ros/humble /usr/bin/cmake --install /home/agilex/agilex_ws/build/limo_description
