[0.120s] Invoking command in '/home/agilex/agilex_ws/build/dwb_critics': AMENT_PREFIX_PATH=/home/agilex/agilex_ws/install/dwb_core:/home/agilex/agilex_ws/install/nav2_core:/home/agilex/agilex_ws/install/costmap_queue:/home/agilex/agilex_ws/install/nav2_costmap_2d:/home/agilex/agilex_ws/install/nav_2d_utils:/home/agilex/agilex_ws/install/nav2_util:/home/agilex/agilex_ws/install/nav2_voxel_grid:/home/agilex/agilex_ws/install/nav2_msgs:/home/agilex/agilex_ws/install/dwb_msgs:/home/agilex/agilex_ws/install/nav_2d_msgs:/home/agilex/agilex_ws/install/nav2_common CMAKE_PREFIX_PATH=/home/agilex/agilex_ws/install/dwb_core:/home/agilex/agilex_ws/install/nav2_core:/home/agilex/agilex_ws/install/costmap_queue:/home/agilex/agilex_ws/install/nav2_costmap_2d:/home/agilex/agilex_ws/install/nav_2d_utils:/home/agilex/agilex_ws/install/nav2_util:/home/agilex/agilex_ws/install/nav2_voxel_grid:/home/agilex/agilex_ws/install/nav2_msgs:/home/agilex/agilex_ws/install/dwb_msgs:/home/agilex/agilex_ws/install/nav_2d_msgs:/home/agilex/agilex_ws/install/nav2_common LD_LIBRARY_PATH=/home/agilex/agilex_ws/install/dwb_core/lib:/home/agilex/agilex_ws/install/costmap_queue/lib:/home/agilex/agilex_ws/install/nav2_costmap_2d/lib:/home/agilex/agilex_ws/install/nav_2d_utils/lib:/home/agilex/agilex_ws/install/nav2_util/lib:/home/agilex/agilex_ws/install/nav2_voxel_grid/lib:/home/agilex/agilex_ws/install/nav2_msgs/lib:/home/agilex/agilex_ws/install/dwb_msgs/lib:/home/agilex/agilex_ws/install/nav_2d_msgs/lib PYTHONPATH=/home/agilex/agilex_ws/install/nav2_msgs/local/lib/python3.10/dist-packages:/home/agilex/agilex_ws/install/dwb_msgs/local/lib/python3.10/dist-packages:/home/agilex/agilex_ws/install/nav_2d_msgs/local/lib/python3.10/dist-packages:/home/agilex/agilex_ws/install/nav2_common/local/lib/python3.10/dist-packages /usr/bin/cmake --build /home/agilex/agilex_ws/build/dwb_critics -- -j16 -l16
[0.157s] [35m[1mConsolidate compiler generated dependencies of target gtest[0m
[0.159s] [35m[1mConsolidate compiler generated dependencies of target gtest_main[0m
[0.168s] [  7%] Built target gtest
[0.170s] [ 14%] Built target gtest_main
[0.188s] [35m[1mConsolidate compiler generated dependencies of target dwb_critics[0m
[0.220s] [ 62%] Built target dwb_critics
[0.229s] [35m[1mConsolidate compiler generated dependencies of target prefer_forward_tests[0m
[0.230s] [35m[1mConsolidate compiler generated dependencies of target alignment_util_tests[0m
[0.231s] [35m[1mConsolidate compiler generated dependencies of target base_obstacle_tests[0m
[0.232s] [35m[1mConsolidate compiler generated dependencies of target twirling_tests[0m
[0.234s] [35m[1mConsolidate compiler generated dependencies of target obstacle_footprint_tests[0m
[0.245s] [ 70%] Built target alignment_util_tests
[0.245s] [ 77%] Built target prefer_forward_tests
[0.245s] [ 85%] Built target base_obstacle_tests
[0.246s] [ 92%] Built target twirling_tests
[0.253s] [100%] Built target obstacle_footprint_tests
[0.280s] Invoked command in '/home/agilex/agilex_ws/build/dwb_critics' returned '0': AMENT_PREFIX_PATH=/home/agilex/agilex_ws/install/dwb_core:/home/agilex/agilex_ws/install/nav2_core:/home/agilex/agilex_ws/install/costmap_queue:/home/agilex/agilex_ws/install/nav2_costmap_2d:/home/agilex/agilex_ws/install/nav_2d_utils:/home/agilex/agilex_ws/install/nav2_util:/home/agilex/agilex_ws/install/nav2_voxel_grid:/home/agilex/agilex_ws/install/nav2_msgs:/home/agilex/agilex_ws/install/dwb_msgs:/home/agilex/agilex_ws/install/nav_2d_msgs:/home/agilex/agilex_ws/install/nav2_common CMAKE_PREFIX_PATH=/home/agilex/agilex_ws/install/dwb_core:/home/agilex/agilex_ws/install/nav2_core:/home/agilex/agilex_ws/install/costmap_queue:/home/agilex/agilex_ws/install/nav2_costmap_2d:/home/agilex/agilex_ws/install/nav_2d_utils:/home/agilex/agilex_ws/install/nav2_util:/home/agilex/agilex_ws/install/nav2_voxel_grid:/home/agilex/agilex_ws/install/nav2_msgs:/home/agilex/agilex_ws/install/dwb_msgs:/home/agilex/agilex_ws/install/nav_2d_msgs:/home/agilex/agilex_ws/install/nav2_common LD_LIBRARY_PATH=/home/agilex/agilex_ws/install/dwb_core/lib:/home/agilex/agilex_ws/install/costmap_queue/lib:/home/agilex/agilex_ws/install/nav2_costmap_2d/lib:/home/agilex/agilex_ws/install/nav_2d_utils/lib:/home/agilex/agilex_ws/install/nav2_util/lib:/home/agilex/agilex_ws/install/nav2_voxel_grid/lib:/home/agilex/agilex_ws/install/nav2_msgs/lib:/home/agilex/agilex_ws/install/dwb_msgs/lib:/home/agilex/agilex_ws/install/nav_2d_msgs/lib PYTHONPATH=/home/agilex/agilex_ws/install/nav2_msgs/local/lib/python3.10/dist-packages:/home/agilex/agilex_ws/install/dwb_msgs/local/lib/python3.10/dist-packages:/home/agilex/agilex_ws/install/nav_2d_msgs/local/lib/python3.10/dist-packages:/home/agilex/agilex_ws/install/nav2_common/local/lib/python3.10/dist-packages /usr/bin/cmake --build /home/agilex/agilex_ws/build/dwb_critics -- -j16 -l16
[0.329s] Invoking command in '/home/agilex/agilex_ws/build/dwb_critics': AMENT_PREFIX_PATH=/home/agilex/agilex_ws/install/dwb_core:/home/agilex/agilex_ws/install/nav2_core:/home/agilex/agilex_ws/install/costmap_queue:/home/agilex/agilex_ws/install/nav2_costmap_2d:/home/agilex/agilex_ws/install/nav_2d_utils:/home/agilex/agilex_ws/install/nav2_util:/home/agilex/agilex_ws/install/nav2_voxel_grid:/home/agilex/agilex_ws/install/nav2_msgs:/home/agilex/agilex_ws/install/dwb_msgs:/home/agilex/agilex_ws/install/nav_2d_msgs:/home/agilex/agilex_ws/install/nav2_common CMAKE_PREFIX_PATH=/home/agilex/agilex_ws/install/dwb_core:/home/agilex/agilex_ws/install/nav2_core:/home/agilex/agilex_ws/install/costmap_queue:/home/agilex/agilex_ws/install/nav2_costmap_2d:/home/agilex/agilex_ws/install/nav_2d_utils:/home/agilex/agilex_ws/install/nav2_util:/home/agilex/agilex_ws/install/nav2_voxel_grid:/home/agilex/agilex_ws/install/nav2_msgs:/home/agilex/agilex_ws/install/dwb_msgs:/home/agilex/agilex_ws/install/nav_2d_msgs:/home/agilex/agilex_ws/install/nav2_common LD_LIBRARY_PATH=/home/agilex/agilex_ws/install/dwb_core/lib:/home/agilex/agilex_ws/install/costmap_queue/lib:/home/agilex/agilex_ws/install/nav2_costmap_2d/lib:/home/agilex/agilex_ws/install/nav_2d_utils/lib:/home/agilex/agilex_ws/install/nav2_util/lib:/home/agilex/agilex_ws/install/nav2_voxel_grid/lib:/home/agilex/agilex_ws/install/nav2_msgs/lib:/home/agilex/agilex_ws/install/dwb_msgs/lib:/home/agilex/agilex_ws/install/nav_2d_msgs/lib PYTHONPATH=/home/agilex/agilex_ws/install/nav2_msgs/local/lib/python3.10/dist-packages:/home/agilex/agilex_ws/install/dwb_msgs/local/lib/python3.10/dist-packages:/home/agilex/agilex_ws/install/nav_2d_msgs/local/lib/python3.10/dist-packages:/home/agilex/agilex_ws/install/nav2_common/local/lib/python3.10/dist-packages /usr/bin/cmake --install /home/agilex/agilex_ws/build/dwb_critics
[0.351s] -- Install configuration: "Release"
[0.351s] -- Up-to-date: /home/agilex/agilex_ws/install/dwb_critics/lib/libdwb_critics.so
[0.351s] -- Up-to-date: /home/agilex/agilex_ws/install/dwb_critics/include/
[0.351s] -- Up-to-date: /home/agilex/agilex_ws/install/dwb_critics/include//dwb_critics
[0.351s] -- Up-to-date: /home/agilex/agilex_ws/install/dwb_critics/include//dwb_critics/base_obstacle.hpp
[0.351s] -- Up-to-date: /home/agilex/agilex_ws/install/dwb_critics/include//dwb_critics/path_align.hpp
[0.351s] -- Up-to-date: /home/agilex/agilex_ws/install/dwb_critics/include//dwb_critics/alignment_util.hpp
[0.351s] -- Up-to-date: /home/agilex/agilex_ws/install/dwb_critics/include//dwb_critics/line_iterator.hpp
[0.351s] -- Up-to-date: /home/agilex/agilex_ws/install/dwb_critics/include//dwb_critics/twirling.hpp
[0.351s] -- Up-to-date: /home/agilex/agilex_ws/install/dwb_critics/include//dwb_critics/rotate_to_goal.hpp
[0.351s] -- Up-to-date: /home/agilex/agilex_ws/install/dwb_critics/include//dwb_critics/goal_align.hpp
[0.351s] -- Up-to-date: /home/agilex/agilex_ws/install/dwb_critics/include//dwb_critics/prefer_forward.hpp
[0.351s] -- Up-to-date: /home/agilex/agilex_ws/install/dwb_critics/include//dwb_critics/map_grid.hpp
[0.351s] -- Up-to-date: /home/agilex/agilex_ws/install/dwb_critics/include//dwb_critics/obstacle_footprint.hpp
[0.351s] -- Up-to-date: /home/agilex/agilex_ws/install/dwb_critics/include//dwb_critics/oscillation.hpp
[0.352s] -- Up-to-date: /home/agilex/agilex_ws/install/dwb_critics/include//dwb_critics/goal_dist.hpp
[0.352s] -- Up-to-date: /home/agilex/agilex_ws/install/dwb_critics/include//dwb_critics/path_dist.hpp
[0.352s] -- Up-to-date: /home/agilex/agilex_ws/install/dwb_critics/share/dwb_critics/default_critics.xml
[0.352s] -- Up-to-date: /home/agilex/agilex_ws/install/dwb_critics/share/dwb_critics/environment/library_path.sh
[0.352s] -- Up-to-date: /home/agilex/agilex_ws/install/dwb_critics/share/dwb_critics/environment/library_path.dsv
[0.352s] -- Up-to-date: /home/agilex/agilex_ws/install/dwb_critics/share/dwb_critics/default_critics.xml
[0.352s] -- Up-to-date: /home/agilex/agilex_ws/install/dwb_critics/share/ament_index/resource_index/package_run_dependencies/dwb_critics
[0.352s] -- Up-to-date: /home/agilex/agilex_ws/install/dwb_critics/share/ament_index/resource_index/parent_prefix_path/dwb_critics
[0.352s] -- Up-to-date: /home/agilex/agilex_ws/install/dwb_critics/share/dwb_critics/environment/ament_prefix_path.sh
[0.352s] -- Up-to-date: /home/agilex/agilex_ws/install/dwb_critics/share/dwb_critics/environment/ament_prefix_path.dsv
[0.352s] -- Up-to-date: /home/agilex/agilex_ws/install/dwb_critics/share/dwb_critics/environment/path.sh
[0.352s] -- Up-to-date: /home/agilex/agilex_ws/install/dwb_critics/share/dwb_critics/environment/path.dsv
[0.352s] -- Up-to-date: /home/agilex/agilex_ws/install/dwb_critics/share/dwb_critics/local_setup.bash
[0.352s] -- Up-to-date: /home/agilex/agilex_ws/install/dwb_critics/share/dwb_critics/local_setup.sh
[0.352s] -- Up-to-date: /home/agilex/agilex_ws/install/dwb_critics/share/dwb_critics/local_setup.zsh
[0.352s] -- Up-to-date: /home/agilex/agilex_ws/install/dwb_critics/share/dwb_critics/local_setup.dsv
[0.352s] -- Installing: /home/agilex/agilex_ws/install/dwb_critics/share/dwb_critics/package.dsv
[0.352s] -- Up-to-date: /home/agilex/agilex_ws/install/dwb_critics/share/ament_index/resource_index/packages/dwb_critics
[0.352s] -- Up-to-date: /home/agilex/agilex_ws/install/dwb_critics/share/ament_index/resource_index/dwb_core__pluginlib__plugin/dwb_critics
[0.352s] -- Up-to-date: /home/agilex/agilex_ws/install/dwb_critics/share/dwb_critics/cmake/ament_cmake_export_include_directories-extras.cmake
[0.353s] -- Up-to-date: /home/agilex/agilex_ws/install/dwb_critics/share/dwb_critics/cmake/ament_cmake_export_libraries-extras.cmake
[0.353s] -- Up-to-date: /home/agilex/agilex_ws/install/dwb_critics/share/dwb_critics/cmake/ament_cmake_export_dependencies-extras.cmake
[0.353s] -- Up-to-date: /home/agilex/agilex_ws/install/dwb_critics/share/dwb_critics/cmake/dwb_criticsConfig.cmake
[0.353s] -- Up-to-date: /home/agilex/agilex_ws/install/dwb_critics/share/dwb_critics/cmake/dwb_criticsConfig-version.cmake
[0.353s] -- Up-to-date: /home/agilex/agilex_ws/install/dwb_critics/share/dwb_critics/package.xml
[0.372s] Invoked command in '/home/agilex/agilex_ws/build/dwb_critics' returned '0': AMENT_PREFIX_PATH=/home/agilex/agilex_ws/install/dwb_core:/home/agilex/agilex_ws/install/nav2_core:/home/agilex/agilex_ws/install/costmap_queue:/home/agilex/agilex_ws/install/nav2_costmap_2d:/home/agilex/agilex_ws/install/nav_2d_utils:/home/agilex/agilex_ws/install/nav2_util:/home/agilex/agilex_ws/install/nav2_voxel_grid:/home/agilex/agilex_ws/install/nav2_msgs:/home/agilex/agilex_ws/install/dwb_msgs:/home/agilex/agilex_ws/install/nav_2d_msgs:/home/agilex/agilex_ws/install/nav2_common CMAKE_PREFIX_PATH=/home/agilex/agilex_ws/install/dwb_core:/home/agilex/agilex_ws/install/nav2_core:/home/agilex/agilex_ws/install/costmap_queue:/home/agilex/agilex_ws/install/nav2_costmap_2d:/home/agilex/agilex_ws/install/nav_2d_utils:/home/agilex/agilex_ws/install/nav2_util:/home/agilex/agilex_ws/install/nav2_voxel_grid:/home/agilex/agilex_ws/install/nav2_msgs:/home/agilex/agilex_ws/install/dwb_msgs:/home/agilex/agilex_ws/install/nav_2d_msgs:/home/agilex/agilex_ws/install/nav2_common LD_LIBRARY_PATH=/home/agilex/agilex_ws/install/dwb_core/lib:/home/agilex/agilex_ws/install/costmap_queue/lib:/home/agilex/agilex_ws/install/nav2_costmap_2d/lib:/home/agilex/agilex_ws/install/nav_2d_utils/lib:/home/agilex/agilex_ws/install/nav2_util/lib:/home/agilex/agilex_ws/install/nav2_voxel_grid/lib:/home/agilex/agilex_ws/install/nav2_msgs/lib:/home/agilex/agilex_ws/install/dwb_msgs/lib:/home/agilex/agilex_ws/install/nav_2d_msgs/lib PYTHONPATH=/home/agilex/agilex_ws/install/nav2_msgs/local/lib/python3.10/dist-packages:/home/agilex/agilex_ws/install/dwb_msgs/local/lib/python3.10/dist-packages:/home/agilex/agilex_ws/install/nav_2d_msgs/local/lib/python3.10/dist-packages:/home/agilex/agilex_ws/install/nav2_common/local/lib/python3.10/dist-packages /usr/bin/cmake --install /home/agilex/agilex_ws/build/dwb_critics
