[0.022s] Invoking command in '/home/agilex/agilex_ws/build/nav2_core': AMENT_PREFIX_PATH=/home/agilex/agilex_ws/install/nav2_costmap_2d:/home/agilex/agilex_ws/install/nav2_util:/home/agilex/agilex_ws/install/nav2_voxel_grid:/home/agilex/agilex_ws/install/nav2_msgs:/home/agilex/agilex_ws/install/nav2_common:${AMENT_PREFIX_PATH} CMAKE_PREFIX_PATH=/home/agilex/agilex_ws/install/nav2_costmap_2d:/home/agilex/agilex_ws/install/nav2_util:/home/agilex/agilex_ws/install/nav2_voxel_grid:/home/agilex/agilex_ws/install/nav2_msgs:/home/agilex/agilex_ws/install/nav2_common:/opt/ros/humble LD_LIBRARY_PATH=/home/agilex/agilex_ws/install/nav2_costmap_2d/lib:/home/agilex/agilex_ws/install/nav2_util/lib:/home/agilex/agilex_ws/install/nav2_voxel_grid/lib:/home/agilex/agilex_ws/install/nav2_msgs/lib:${LD_LIBRARY_PATH} PYTHONPATH=/home/agilex/agilex_ws/install/nav2_msgs/local/lib/python3.10/dist-packages:/home/agilex/agilex_ws/install/nav2_common/local/lib/python3.10/dist-packages:${PYTHONPATH} /usr/bin/cmake /home/agilex/agilex_ws/src/navigation2/nav2_core -DCMAKE_INSTALL_PREFIX=/home/agilex/agilex_ws/install/nav2_core
[0.109s] -- The C compiler identification is GNU 11.3.0
[0.161s] -- The CXX compiler identification is GNU 11.3.0
[0.172s] -- Detecting C compiler ABI info
[0.235s] -- Detecting C compiler ABI info - done
[0.242s] -- Check for working C compiler: /usr/bin/cc - skipped
[0.243s] -- Detecting C compile features
[0.244s] -- Detecting C compile features - done
[0.249s] -- Detecting CXX compiler ABI info
[0.322s] -- Detecting CXX compiler ABI info - done
[0.332s] -- Check for working CXX compiler: /usr/bin/c++ - skipped
[0.332s] -- Detecting CXX compile features
[0.333s] -- Detecting CXX compile features - done
[0.339s] -- Found ament_cmake: 1.3.4 (/opt/ros/humble/share/ament_cmake/cmake)
[0.557s] -- Found Python3: /usr/bin/python3.10 (found version "3.10.6") found components: Interpreter 
[0.690s] -- Found nav2_common: 1.1.0 (/home/agilex/agilex_ws/install/nav2_common/share/nav2_common/cmake)
[0.691s] -- Found rclcpp: 16.0.4 (/opt/ros/humble/share/rclcpp/cmake)
[0.741s] -- Found rosidl_generator_c: 3.1.4 (/opt/ros/humble/share/rosidl_generator_c/cmake)
[0.748s] -- Found rosidl_adapter: 3.1.4 (/opt/ros/humble/share/rosidl_adapter/cmake)
[0.760s] -- Found rosidl_generator_cpp: 3.1.4 (/opt/ros/humble/share/rosidl_generator_cpp/cmake)
[0.779s] -- Using all available rosidl_typesupport_c: rosidl_typesupport_fastrtps_c;rosidl_typesupport_introspection_c
[0.803s] -- Using all available rosidl_typesupport_cpp: rosidl_typesupport_fastrtps_cpp;rosidl_typesupport_introspection_cpp
[0.887s] -- Found rmw_implementation_cmake: 6.1.1 (/opt/ros/humble/share/rmw_implementation_cmake/cmake)
[0.891s] -- Found rmw_fastrtps_cpp: 6.2.2 (/opt/ros/humble/share/rmw_fastrtps_cpp/cmake)
[0.995s] -- Found OpenSSL: /usr/lib/x86_64-linux-gnu/libcrypto.so (found version "3.0.2")  
[1.018s] -- Found FastRTPS: /opt/ros/humble/include  
[1.057s] -- Using RMW implementation 'rmw_fastrtps_cpp' as default
[1.069s] -- Looking for pthread.h
[1.133s] -- Looking for pthread.h - found
[1.133s] -- Performing Test CMAKE_HAVE_LIBC_PTHREAD
[1.197s] -- Performing Test CMAKE_HAVE_LIBC_PTHREAD - Success
[1.198s] -- Found Threads: TRUE  
[1.390s] -- Found rclcpp_lifecycle: 16.0.4 (/opt/ros/humble/share/rclcpp_lifecycle/cmake)
[1.439s] -- Found geometry_msgs: 4.2.3 (/opt/ros/humble/share/geometry_msgs/cmake)
[1.487s] -- Found nav2_costmap_2d: 1.1.0 (/home/agilex/agilex_ws/install/nav2_costmap_2d/share/nav2_costmap_2d/cmake)
[2.523s] -- Found Eigen3: TRUE (found version "3.4.0") 
[2.523s] -- Ensuring Eigen3 include directory is part of orocos-kdl CMake target
[3.608s] -- Setting build type to Release as none was specified.
[3.610s] -- Found ament_lint_auto: 0.12.6 (/opt/ros/humble/share/ament_lint_auto/cmake)
[3.734s] -- Added test 'cppcheck' to perform static code analysis on C / C++ code
[3.734s] -- Configured cppcheck include dirs: 
[3.734s] -- Configured cppcheck exclude dirs and/or files: 
[3.736s] -- Added test 'cpplint' to check C / C++ code against the Google style
[3.736s] -- Configured cpplint exclude dirs and/or files: 
[3.737s] -- Added test 'lint_cmake' to check CMake code style
[3.739s] -- Added test 'uncrustify' to check C / C++ code style
[3.739s] -- Configured uncrustify additional arguments: 
[3.740s] -- Added test 'xmllint' to check XML markup files
[3.742s] -- Configuring done
[3.748s] -- Generating done
[3.751s] -- Build files have been written to: /home/agilex/agilex_ws/build/nav2_core
[3.772s] Invoked command in '/home/agilex/agilex_ws/build/nav2_core' returned '0': AMENT_PREFIX_PATH=/home/agilex/agilex_ws/install/nav2_costmap_2d:/home/agilex/agilex_ws/install/nav2_util:/home/agilex/agilex_ws/install/nav2_voxel_grid:/home/agilex/agilex_ws/install/nav2_msgs:/home/agilex/agilex_ws/install/nav2_common:${AMENT_PREFIX_PATH} CMAKE_PREFIX_PATH=/home/agilex/agilex_ws/install/nav2_costmap_2d:/home/agilex/agilex_ws/install/nav2_util:/home/agilex/agilex_ws/install/nav2_voxel_grid:/home/agilex/agilex_ws/install/nav2_msgs:/home/agilex/agilex_ws/install/nav2_common:/opt/ros/humble LD_LIBRARY_PATH=/home/agilex/agilex_ws/install/nav2_costmap_2d/lib:/home/agilex/agilex_ws/install/nav2_util/lib:/home/agilex/agilex_ws/install/nav2_voxel_grid/lib:/home/agilex/agilex_ws/install/nav2_msgs/lib:${LD_LIBRARY_PATH} PYTHONPATH=/home/agilex/agilex_ws/install/nav2_msgs/local/lib/python3.10/dist-packages:/home/agilex/agilex_ws/install/nav2_common/local/lib/python3.10/dist-packages:${PYTHONPATH} /usr/bin/cmake /home/agilex/agilex_ws/src/navigation2/nav2_core -DCMAKE_INSTALL_PREFIX=/home/agilex/agilex_ws/install/nav2_core
[3.774s] Invoking command in '/home/agilex/agilex_ws/build/nav2_core': AMENT_PREFIX_PATH=/home/agilex/agilex_ws/install/nav2_costmap_2d:/home/agilex/agilex_ws/install/nav2_util:/home/agilex/agilex_ws/install/nav2_voxel_grid:/home/agilex/agilex_ws/install/nav2_msgs:/home/agilex/agilex_ws/install/nav2_common:${AMENT_PREFIX_PATH} CMAKE_PREFIX_PATH=/home/agilex/agilex_ws/install/nav2_costmap_2d:/home/agilex/agilex_ws/install/nav2_util:/home/agilex/agilex_ws/install/nav2_voxel_grid:/home/agilex/agilex_ws/install/nav2_msgs:/home/agilex/agilex_ws/install/nav2_common:/opt/ros/humble LD_LIBRARY_PATH=/home/agilex/agilex_ws/install/nav2_costmap_2d/lib:/home/agilex/agilex_ws/install/nav2_util/lib:/home/agilex/agilex_ws/install/nav2_voxel_grid/lib:/home/agilex/agilex_ws/install/nav2_msgs/lib:${LD_LIBRARY_PATH} PYTHONPATH=/home/agilex/agilex_ws/install/nav2_msgs/local/lib/python3.10/dist-packages:/home/agilex/agilex_ws/install/nav2_common/local/lib/python3.10/dist-packages:${PYTHONPATH} /usr/bin/cmake --build /home/agilex/agilex_ws/build/nav2_core -- -j8 -l8
[3.815s] Invoked command in '/home/agilex/agilex_ws/build/nav2_core' returned '0': AMENT_PREFIX_PATH=/home/agilex/agilex_ws/install/nav2_costmap_2d:/home/agilex/agilex_ws/install/nav2_util:/home/agilex/agilex_ws/install/nav2_voxel_grid:/home/agilex/agilex_ws/install/nav2_msgs:/home/agilex/agilex_ws/install/nav2_common:${AMENT_PREFIX_PATH} CMAKE_PREFIX_PATH=/home/agilex/agilex_ws/install/nav2_costmap_2d:/home/agilex/agilex_ws/install/nav2_util:/home/agilex/agilex_ws/install/nav2_voxel_grid:/home/agilex/agilex_ws/install/nav2_msgs:/home/agilex/agilex_ws/install/nav2_common:/opt/ros/humble LD_LIBRARY_PATH=/home/agilex/agilex_ws/install/nav2_costmap_2d/lib:/home/agilex/agilex_ws/install/nav2_util/lib:/home/agilex/agilex_ws/install/nav2_voxel_grid/lib:/home/agilex/agilex_ws/install/nav2_msgs/lib:${LD_LIBRARY_PATH} PYTHONPATH=/home/agilex/agilex_ws/install/nav2_msgs/local/lib/python3.10/dist-packages:/home/agilex/agilex_ws/install/nav2_common/local/lib/python3.10/dist-packages:${PYTHONPATH} /usr/bin/cmake --build /home/agilex/agilex_ws/build/nav2_core -- -j8 -l8
[3.835s] Invoking command in '/home/agilex/agilex_ws/build/nav2_core': AMENT_PREFIX_PATH=/home/agilex/agilex_ws/install/nav2_costmap_2d:/home/agilex/agilex_ws/install/nav2_util:/home/agilex/agilex_ws/install/nav2_voxel_grid:/home/agilex/agilex_ws/install/nav2_msgs:/home/agilex/agilex_ws/install/nav2_common:${AMENT_PREFIX_PATH} CMAKE_PREFIX_PATH=/home/agilex/agilex_ws/install/nav2_costmap_2d:/home/agilex/agilex_ws/install/nav2_util:/home/agilex/agilex_ws/install/nav2_voxel_grid:/home/agilex/agilex_ws/install/nav2_msgs:/home/agilex/agilex_ws/install/nav2_common:/opt/ros/humble LD_LIBRARY_PATH=/home/agilex/agilex_ws/install/nav2_costmap_2d/lib:/home/agilex/agilex_ws/install/nav2_util/lib:/home/agilex/agilex_ws/install/nav2_voxel_grid/lib:/home/agilex/agilex_ws/install/nav2_msgs/lib:${LD_LIBRARY_PATH} PYTHONPATH=/home/agilex/agilex_ws/install/nav2_msgs/local/lib/python3.10/dist-packages:/home/agilex/agilex_ws/install/nav2_common/local/lib/python3.10/dist-packages:${PYTHONPATH} /usr/bin/cmake --install /home/agilex/agilex_ws/build/nav2_core
[3.841s] -- Install configuration: "Release"
[3.841s] -- Installing: /home/agilex/agilex_ws/install/nav2_core/include/
[3.841s] -- Installing: /home/agilex/agilex_ws/install/nav2_core/include//nav2_core
[3.841s] -- Installing: /home/agilex/agilex_ws/install/nav2_core/include//nav2_core/exceptions.hpp
[3.841s] -- Installing: /home/agilex/agilex_ws/install/nav2_core/include//nav2_core/waypoint_task_executor.hpp
[3.841s] -- Installing: /home/agilex/agilex_ws/install/nav2_core/include//nav2_core/behavior.hpp
[3.841s] -- Installing: /home/agilex/agilex_ws/install/nav2_core/include//nav2_core/progress_checker.hpp
[3.842s] -- Installing: /home/agilex/agilex_ws/install/nav2_core/include//nav2_core/controller.hpp
[3.842s] -- Installing: /home/agilex/agilex_ws/install/nav2_core/include//nav2_core/global_planner.hpp
[3.842s] -- Installing: /home/agilex/agilex_ws/install/nav2_core/include//nav2_core/smoother.hpp
[3.842s] -- Installing: /home/agilex/agilex_ws/install/nav2_core/include//nav2_core/goal_checker.hpp
[3.842s] -- Installing: /home/agilex/agilex_ws/install/nav2_core/share/ament_index/resource_index/package_run_dependencies/nav2_core
[3.843s] -- Installing: /home/agilex/agilex_ws/install/nav2_core/share/ament_index/resource_index/parent_prefix_path/nav2_core
[3.843s] -- Installing: /home/agilex/agilex_ws/install/nav2_core/share/nav2_core/environment/ament_prefix_path.sh
[3.843s] -- Installing: /home/agilex/agilex_ws/install/nav2_core/share/nav2_core/environment/ament_prefix_path.dsv
[3.843s] -- Installing: /home/agilex/agilex_ws/install/nav2_core/share/nav2_core/environment/path.sh
[3.843s] -- Installing: /home/agilex/agilex_ws/install/nav2_core/share/nav2_core/environment/path.dsv
[3.843s] -- Installing: /home/agilex/agilex_ws/install/nav2_core/share/nav2_core/local_setup.bash
[3.843s] -- Installing: /home/agilex/agilex_ws/install/nav2_core/share/nav2_core/local_setup.sh
[3.843s] -- Installing: /home/agilex/agilex_ws/install/nav2_core/share/nav2_core/local_setup.zsh
[3.843s] -- Installing: /home/agilex/agilex_ws/install/nav2_core/share/nav2_core/local_setup.dsv
[3.843s] -- Installing: /home/agilex/agilex_ws/install/nav2_core/share/nav2_core/package.dsv
[3.843s] -- Installing: /home/agilex/agilex_ws/install/nav2_core/share/ament_index/resource_index/packages/nav2_core
[3.844s] -- Installing: /home/agilex/agilex_ws/install/nav2_core/share/nav2_core/cmake/ament_cmake_export_include_directories-extras.cmake
[3.844s] -- Installing: /home/agilex/agilex_ws/install/nav2_core/share/nav2_core/cmake/ament_cmake_export_dependencies-extras.cmake
[3.844s] -- Installing: /home/agilex/agilex_ws/install/nav2_core/share/nav2_core/cmake/nav2_coreConfig.cmake
[3.844s] -- Installing: /home/agilex/agilex_ws/install/nav2_core/share/nav2_core/cmake/nav2_coreConfig-version.cmake
[3.844s] -- Installing: /home/agilex/agilex_ws/install/nav2_core/share/nav2_core/package.xml
[3.849s] Invoked command in '/home/agilex/agilex_ws/build/nav2_core' returned '0': AMENT_PREFIX_PATH=/home/agilex/agilex_ws/install/nav2_costmap_2d:/home/agilex/agilex_ws/install/nav2_util:/home/agilex/agilex_ws/install/nav2_voxel_grid:/home/agilex/agilex_ws/install/nav2_msgs:/home/agilex/agilex_ws/install/nav2_common:${AMENT_PREFIX_PATH} CMAKE_PREFIX_PATH=/home/agilex/agilex_ws/install/nav2_costmap_2d:/home/agilex/agilex_ws/install/nav2_util:/home/agilex/agilex_ws/install/nav2_voxel_grid:/home/agilex/agilex_ws/install/nav2_msgs:/home/agilex/agilex_ws/install/nav2_common:/opt/ros/humble LD_LIBRARY_PATH=/home/agilex/agilex_ws/install/nav2_costmap_2d/lib:/home/agilex/agilex_ws/install/nav2_util/lib:/home/agilex/agilex_ws/install/nav2_voxel_grid/lib:/home/agilex/agilex_ws/install/nav2_msgs/lib:${LD_LIBRARY_PATH} PYTHONPATH=/home/agilex/agilex_ws/install/nav2_msgs/local/lib/python3.10/dist-packages:/home/agilex/agilex_ws/install/nav2_common/local/lib/python3.10/dist-packages:${PYTHONPATH} /usr/bin/cmake --install /home/agilex/agilex_ws/build/nav2_core
