[0.028s] Invoking command in '/home/agilex/agilex_ws/build/nav2_core': AMENT_PREFIX_PATH=/home/agilex/agilex_ws/install/nav2_costmap_2d:/home/agilex/agilex_ws/install/nav2_util:/home/agilex/agilex_ws/install/nav2_voxel_grid:/home/agilex/agilex_ws/install/nav2_msgs:/home/agilex/agilex_ws/install/nav2_common CMAKE_PREFIX_PATH=/home/agilex/agilex_ws/install/nav2_costmap_2d:/home/agilex/agilex_ws/install/nav2_util:/home/agilex/agilex_ws/install/nav2_voxel_grid:/home/agilex/agilex_ws/install/nav2_msgs:/home/agilex/agilex_ws/install/nav2_common LD_LIBRARY_PATH=/home/agilex/agilex_ws/install/nav2_costmap_2d/lib:/home/agilex/agilex_ws/install/nav2_util/lib:/home/agilex/agilex_ws/install/nav2_voxel_grid/lib:/home/agilex/agilex_ws/install/nav2_msgs/lib PYTHONPATH=/home/agilex/agilex_ws/install/nav2_msgs/local/lib/python3.10/dist-packages:/home/agilex/agilex_ws/install/nav2_common/local/lib/python3.10/dist-packages /usr/bin/cmake --build /home/agilex/agilex_ws/build/nav2_core -- -j16 -l16
[0.061s] Invoked command in '/home/agilex/agilex_ws/build/nav2_core' returned '0': AMENT_PREFIX_PATH=/home/agilex/agilex_ws/install/nav2_costmap_2d:/home/agilex/agilex_ws/install/nav2_util:/home/agilex/agilex_ws/install/nav2_voxel_grid:/home/agilex/agilex_ws/install/nav2_msgs:/home/agilex/agilex_ws/install/nav2_common CMAKE_PREFIX_PATH=/home/agilex/agilex_ws/install/nav2_costmap_2d:/home/agilex/agilex_ws/install/nav2_util:/home/agilex/agilex_ws/install/nav2_voxel_grid:/home/agilex/agilex_ws/install/nav2_msgs:/home/agilex/agilex_ws/install/nav2_common LD_LIBRARY_PATH=/home/agilex/agilex_ws/install/nav2_costmap_2d/lib:/home/agilex/agilex_ws/install/nav2_util/lib:/home/agilex/agilex_ws/install/nav2_voxel_grid/lib:/home/agilex/agilex_ws/install/nav2_msgs/lib PYTHONPATH=/home/agilex/agilex_ws/install/nav2_msgs/local/lib/python3.10/dist-packages:/home/agilex/agilex_ws/install/nav2_common/local/lib/python3.10/dist-packages /usr/bin/cmake --build /home/agilex/agilex_ws/build/nav2_core -- -j16 -l16
[0.076s] Invoking command in '/home/agilex/agilex_ws/build/nav2_core': AMENT_PREFIX_PATH=/home/agilex/agilex_ws/install/nav2_costmap_2d:/home/agilex/agilex_ws/install/nav2_util:/home/agilex/agilex_ws/install/nav2_voxel_grid:/home/agilex/agilex_ws/install/nav2_msgs:/home/agilex/agilex_ws/install/nav2_common CMAKE_PREFIX_PATH=/home/agilex/agilex_ws/install/nav2_costmap_2d:/home/agilex/agilex_ws/install/nav2_util:/home/agilex/agilex_ws/install/nav2_voxel_grid:/home/agilex/agilex_ws/install/nav2_msgs:/home/agilex/agilex_ws/install/nav2_common LD_LIBRARY_PATH=/home/agilex/agilex_ws/install/nav2_costmap_2d/lib:/home/agilex/agilex_ws/install/nav2_util/lib:/home/agilex/agilex_ws/install/nav2_voxel_grid/lib:/home/agilex/agilex_ws/install/nav2_msgs/lib PYTHONPATH=/home/agilex/agilex_ws/install/nav2_msgs/local/lib/python3.10/dist-packages:/home/agilex/agilex_ws/install/nav2_common/local/lib/python3.10/dist-packages /usr/bin/cmake --install /home/agilex/agilex_ws/build/nav2_core
[0.081s] -- Install configuration: "Release"
[0.081s] -- Up-to-date: /home/agilex/agilex_ws/install/nav2_core/include/
[0.081s] -- Up-to-date: /home/agilex/agilex_ws/install/nav2_core/include//nav2_core
[0.082s] -- Up-to-date: /home/agilex/agilex_ws/install/nav2_core/include//nav2_core/waypoint_task_executor.hpp
[0.082s] -- Up-to-date: /home/agilex/agilex_ws/install/nav2_core/include//nav2_core/exceptions.hpp
[0.082s] -- Up-to-date: /home/agilex/agilex_ws/install/nav2_core/include//nav2_core/smoother.hpp
[0.082s] -- Up-to-date: /home/agilex/agilex_ws/install/nav2_core/include//nav2_core/behavior.hpp
[0.082s] -- Up-to-date: /home/agilex/agilex_ws/install/nav2_core/include//nav2_core/progress_checker.hpp
[0.082s] -- Up-to-date: /home/agilex/agilex_ws/install/nav2_core/include//nav2_core/global_planner.hpp
[0.082s] -- Up-to-date: /home/agilex/agilex_ws/install/nav2_core/include//nav2_core/goal_checker.hpp
[0.082s] -- Up-to-date: /home/agilex/agilex_ws/install/nav2_core/include//nav2_core/controller.hpp
[0.082s] -- Up-to-date: /home/agilex/agilex_ws/install/nav2_core/share/ament_index/resource_index/package_run_dependencies/nav2_core
[0.082s] -- Up-to-date: /home/agilex/agilex_ws/install/nav2_core/share/ament_index/resource_index/parent_prefix_path/nav2_core
[0.082s] -- Up-to-date: /home/agilex/agilex_ws/install/nav2_core/share/nav2_core/environment/ament_prefix_path.sh
[0.082s] -- Up-to-date: /home/agilex/agilex_ws/install/nav2_core/share/nav2_core/environment/ament_prefix_path.dsv
[0.083s] -- Up-to-date: /home/agilex/agilex_ws/install/nav2_core/share/nav2_core/environment/path.sh
[0.083s] -- Up-to-date: /home/agilex/agilex_ws/install/nav2_core/share/nav2_core/environment/path.dsv
[0.083s] -- Up-to-date: /home/agilex/agilex_ws/install/nav2_core/share/nav2_core/local_setup.bash
[0.083s] -- Up-to-date: /home/agilex/agilex_ws/install/nav2_core/share/nav2_core/local_setup.sh
[0.083s] -- Up-to-date: /home/agilex/agilex_ws/install/nav2_core/share/nav2_core/local_setup.zsh
[0.083s] -- Up-to-date: /home/agilex/agilex_ws/install/nav2_core/share/nav2_core/local_setup.dsv
[0.083s] -- Installing: /home/agilex/agilex_ws/install/nav2_core/share/nav2_core/package.dsv
[0.083s] -- Up-to-date: /home/agilex/agilex_ws/install/nav2_core/share/ament_index/resource_index/packages/nav2_core
[0.083s] -- Up-to-date: /home/agilex/agilex_ws/install/nav2_core/share/nav2_core/cmake/ament_cmake_export_include_directories-extras.cmake
[0.083s] -- Up-to-date: /home/agilex/agilex_ws/install/nav2_core/share/nav2_core/cmake/ament_cmake_export_dependencies-extras.cmake
[0.083s] -- Up-to-date: /home/agilex/agilex_ws/install/nav2_core/share/nav2_core/cmake/nav2_coreConfig.cmake
[0.083s] -- Up-to-date: /home/agilex/agilex_ws/install/nav2_core/share/nav2_core/cmake/nav2_coreConfig-version.cmake
[0.083s] -- Up-to-date: /home/agilex/agilex_ws/install/nav2_core/share/nav2_core/package.xml
[0.085s] Invoked command in '/home/agilex/agilex_ws/build/nav2_core' returned '0': AMENT_PREFIX_PATH=/home/agilex/agilex_ws/install/nav2_costmap_2d:/home/agilex/agilex_ws/install/nav2_util:/home/agilex/agilex_ws/install/nav2_voxel_grid:/home/agilex/agilex_ws/install/nav2_msgs:/home/agilex/agilex_ws/install/nav2_common CMAKE_PREFIX_PATH=/home/agilex/agilex_ws/install/nav2_costmap_2d:/home/agilex/agilex_ws/install/nav2_util:/home/agilex/agilex_ws/install/nav2_voxel_grid:/home/agilex/agilex_ws/install/nav2_msgs:/home/agilex/agilex_ws/install/nav2_common LD_LIBRARY_PATH=/home/agilex/agilex_ws/install/nav2_costmap_2d/lib:/home/agilex/agilex_ws/install/nav2_util/lib:/home/agilex/agilex_ws/install/nav2_voxel_grid/lib:/home/agilex/agilex_ws/install/nav2_msgs/lib PYTHONPATH=/home/agilex/agilex_ws/install/nav2_msgs/local/lib/python3.10/dist-packages:/home/agilex/agilex_ws/install/nav2_common/local/lib/python3.10/dist-packages /usr/bin/cmake --install /home/agilex/agilex_ws/build/nav2_core
