[0.021s] Invoking command in '/home/agilex/agilex_ws/build/nav_2d_msgs': /usr/bin/cmake /home/agilex/agilex_ws/src/navigation2/nav2_dwb_controller/nav_2d_msgs -DCMAKE_INSTALL_PREFIX=/home/agilex/agilex_ws/install/nav_2d_msgs
[0.195s] -- The C compiler identification is GNU 11.3.0
[0.358s] -- The CXX compiler identification is GNU 11.3.0
[0.365s] -- Detecting C compiler ABI info
[0.429s] -- Detecting C compiler ABI info - done
[0.440s] -- Check for working C compiler: /usr/bin/cc - skipped
[0.440s] -- Detecting C compile features
[0.440s] -- Detecting C compile features - done
[0.442s] -- Detecting CXX compiler ABI info
[0.519s] -- Detecting CXX compiler ABI info - done
[0.528s] -- Check for working CXX compiler: /usr/bin/c++ - skipped
[0.529s] -- Detecting CXX compile features
[0.529s] -- Detecting CXX compile features - done
[0.547s] [31mCMake Error at CMakeLists.txt:4 (find_package):
[0.547s]   By not providing "Findgeometry_msgs.cmake" in CMAKE_MODULE_PATH this
[0.547s]   project has asked CMake to find a package configuration file provided by
[0.548s]   "geometry_msgs", but CMake did not find one.
[0.548s] 
[0.548s]   Could not find a package configuration file provided by "geometry_msgs"
[0.548s]   with any of the following names:
[0.548s] 
[0.548s]     geometry_msgsConfig.cmake
[0.548s]     geometry_msgs-config.cmake
[0.548s] 
[0.548s]   Add the installation prefix of "geometry_msgs" to CMAKE_PREFIX_PATH or set
[0.548s]   "geometry_msgs_DIR" to a directory containing one of the above files.  If
[0.548s]   "geometry_msgs" provides a separate development package or SDK, be sure it
[0.548s]   has been installed.
[0.549s] 
[0.549s] [0m
[0.549s] -- Configuring incomplete, errors occurred!
[0.549s] See also "/home/agilex/agilex_ws/build/nav_2d_msgs/CMakeFiles/CMakeOutput.log".
