[0.109s] Invoking command in '/home/agilex/agilex_ws/build/limo_msgs': /usr/bin/cmake --build /home/agilex/agilex_ws/build/limo_msgs -- -j16 -l16
[0.487s] [35m[1mConsolidate compiler generated dependencies of target limo_msgs__rosidl_generator_c[0m
[0.488s] [  3%] Built target limo_msgs__cpp
[0.488s] [  3%] Built target ament_cmake_python_copy_limo_msgs
[0.488s] [35m[1mConsolidate compiler generated dependencies of target limo_msgs__rosidl_typesupport_introspection_cpp[0m
[0.488s] [35m[1mConsolidate compiler generated dependencies of target limo_msgs__rosidl_typesupport_fastrtps_cpp[0m
[0.488s] [35m[1mConsolidate compiler generated dependencies of target limo_msgs__rosidl_typesupport_cpp[0m
[0.488s] [ 12%] Built target limo_msgs__rosidl_generator_c
[0.488s] [ 22%] Built target limo_msgs__rosidl_typesupport_fastrtps_cpp
[0.488s] [ 32%] Built target limo_msgs__rosidl_typesupport_cpp
[0.488s] [ 41%] Built target limo_msgs__rosidl_typesupport_introspection_cpp
[0.489s] [35m[1mConsolidate compiler generated dependencies of target limo_msgs__rosidl_typesupport_introspection_c[0m
[0.489s] [35m[1mConsolidate compiler generated dependencies of target limo_msgs__rosidl_typesupport_c[0m
[0.489s] [35m[1mConsolidate compiler generated dependencies of target limo_msgs__rosidl_typesupport_fastrtps_c[0m
[0.489s] [ 51%] Built target limo_msgs__rosidl_typesupport_c
[0.489s] [ 61%] Built target limo_msgs__rosidl_typesupport_introspection_c
[0.489s] [ 70%] Built target limo_msgs__rosidl_typesupport_fastrtps_c
[0.490s] [ 70%] Built target limo_msgs
[0.490s] [ 74%] Built target limo_msgs__py
[0.490s] [35m[1mConsolidate compiler generated dependencies of target limo_msgs__rosidl_generator_py[0m
[0.490s] [ 80%] Built target limo_msgs__rosidl_generator_py
[0.490s] [35m[1mConsolidate compiler generated dependencies of target limo_msgs__rosidl_typesupport_introspection_c__pyext[0m
[0.490s] [35m[1mConsolidate compiler generated dependencies of target limo_msgs__rosidl_typesupport_fastrtps_c__pyext[0m
[0.490s] [35m[1mConsolidate compiler generated dependencies of target limo_msgs__rosidl_typesupport_c__pyext[0m
[0.490s] [ 87%] Built target limo_msgs__rosidl_typesupport_introspection_c__pyext
[0.490s] [ 93%] Built target limo_msgs__rosidl_typesupport_fastrtps_c__pyext
[0.490s] [100%] Built target limo_msgs__rosidl_typesupport_c__pyext
[0.518s] running egg_info
[0.518s] writing limo_msgs.egg-info/PKG-INFO
[0.518s] writing dependency_links to limo_msgs.egg-info/dependency_links.txt
[0.518s] writing top-level names to limo_msgs.egg-info/top_level.txt
[0.521s] reading manifest file 'limo_msgs.egg-info/SOURCES.txt'
[0.521s] writing manifest file 'limo_msgs.egg-info/SOURCES.txt'
[0.589s] [100%] Built target ament_cmake_python_build_limo_msgs_egg
[0.737s] Invoked command in '/home/agilex/agilex_ws/build/limo_msgs' returned '0': /usr/bin/cmake --build /home/agilex/agilex_ws/build/limo_msgs -- -j16 -l16
[0.980s] Invoking command in '/home/agilex/agilex_ws/build/limo_msgs': /usr/bin/cmake --install /home/agilex/agilex_ws/build/limo_msgs
[1.058s] -- Install configuration: ""
[1.058s] -- Up-to-date: /home/agilex/agilex_ws/install/limo_msgs/share/ament_index/resource_index/rosidl_interfaces/limo_msgs
[1.058s] -- Up-to-date: /home/agilex/agilex_ws/install/limo_msgs/include/limo_msgs/limo_msgs
[1.059s] -- Up-to-date: /home/agilex/agilex_ws/install/limo_msgs/include/limo_msgs/limo_msgs/msg
[1.059s] -- Up-to-date: /home/agilex/agilex_ws/install/limo_msgs/include/limo_msgs/limo_msgs/msg/limo_status.h
[1.059s] -- Up-to-date: /home/agilex/agilex_ws/install/limo_msgs/include/limo_msgs/limo_msgs/msg/detail
[1.059s] -- Up-to-date: /home/agilex/agilex_ws/install/limo_msgs/include/limo_msgs/limo_msgs/msg/detail/limo_status__functions.c
[1.059s] -- Up-to-date: /home/agilex/agilex_ws/install/limo_msgs/include/limo_msgs/limo_msgs/msg/detail/limo_status__struct.h
[1.059s] -- Up-to-date: /home/agilex/agilex_ws/install/limo_msgs/include/limo_msgs/limo_msgs/msg/detail/limo_status__functions.h
[1.059s] -- Up-to-date: /home/agilex/agilex_ws/install/limo_msgs/include/limo_msgs/limo_msgs/msg/detail/limo_status__type_support.h
[1.059s] -- Up-to-date: /home/agilex/agilex_ws/install/limo_msgs/include/limo_msgs/limo_msgs/msg/rosidl_generator_c__visibility_control.h
[1.059s] -- Up-to-date: /home/agilex/agilex_ws/install/limo_msgs/share/limo_msgs/environment/library_path.sh
[1.059s] -- Up-to-date: /home/agilex/agilex_ws/install/limo_msgs/share/limo_msgs/environment/library_path.dsv
[1.059s] -- Up-to-date: /home/agilex/agilex_ws/install/limo_msgs/lib/liblimo_msgs__rosidl_generator_c.so
[1.059s] -- Up-to-date: /home/agilex/agilex_ws/install/limo_msgs/include/limo_msgs/limo_msgs
[1.059s] -- Up-to-date: /home/agilex/agilex_ws/install/limo_msgs/include/limo_msgs/limo_msgs/msg
[1.059s] -- Up-to-date: /home/agilex/agilex_ws/install/limo_msgs/include/limo_msgs/limo_msgs/msg/rosidl_typesupport_fastrtps_c__visibility_control.h
[1.060s] -- Up-to-date: /home/agilex/agilex_ws/install/limo_msgs/include/limo_msgs/limo_msgs/msg/detail
[1.060s] -- Up-to-date: /home/agilex/agilex_ws/install/limo_msgs/include/limo_msgs/limo_msgs/msg/detail/limo_status__rosidl_typesupport_fastrtps_c.h
[1.060s] -- Up-to-date: /home/agilex/agilex_ws/install/limo_msgs/lib/liblimo_msgs__rosidl_typesupport_fastrtps_c.so
[1.060s] -- Up-to-date: /home/agilex/agilex_ws/install/limo_msgs/include/limo_msgs/limo_msgs
[1.060s] -- Up-to-date: /home/agilex/agilex_ws/install/limo_msgs/include/limo_msgs/limo_msgs/msg
[1.060s] -- Up-to-date: /home/agilex/agilex_ws/install/limo_msgs/include/limo_msgs/limo_msgs/msg/detail
[1.060s] -- Up-to-date: /home/agilex/agilex_ws/install/limo_msgs/include/limo_msgs/limo_msgs/msg/detail/limo_status__struct.hpp
[1.060s] -- Up-to-date: /home/agilex/agilex_ws/install/limo_msgs/include/limo_msgs/limo_msgs/msg/detail/limo_status__traits.hpp
[1.060s] -- Up-to-date: /home/agilex/agilex_ws/install/limo_msgs/include/limo_msgs/limo_msgs/msg/detail/limo_status__builder.hpp
[1.060s] -- Up-to-date: /home/agilex/agilex_ws/install/limo_msgs/include/limo_msgs/limo_msgs/msg/limo_status.hpp
[1.060s] -- Up-to-date: /home/agilex/agilex_ws/install/limo_msgs/include/limo_msgs/limo_msgs
[1.060s] -- Up-to-date: /home/agilex/agilex_ws/install/limo_msgs/include/limo_msgs/limo_msgs/msg
[1.060s] -- Up-to-date: /home/agilex/agilex_ws/install/limo_msgs/include/limo_msgs/limo_msgs/msg/rosidl_typesupport_fastrtps_cpp__visibility_control.h
[1.060s] -- Up-to-date: /home/agilex/agilex_ws/install/limo_msgs/include/limo_msgs/limo_msgs/msg/detail
[1.060s] -- Up-to-date: /home/agilex/agilex_ws/install/limo_msgs/include/limo_msgs/limo_msgs/msg/detail/limo_status__rosidl_typesupport_fastrtps_cpp.hpp
[1.060s] -- Up-to-date: /home/agilex/agilex_ws/install/limo_msgs/include/limo_msgs/limo_msgs/msg/detail/dds_fastrtps
[1.060s] -- Up-to-date: /home/agilex/agilex_ws/install/limo_msgs/lib/liblimo_msgs__rosidl_typesupport_fastrtps_cpp.so
[1.060s] -- Up-to-date: /home/agilex/agilex_ws/install/limo_msgs/include/limo_msgs/limo_msgs
[1.060s] -- Up-to-date: /home/agilex/agilex_ws/install/limo_msgs/include/limo_msgs/limo_msgs/msg
[1.060s] -- Up-to-date: /home/agilex/agilex_ws/install/limo_msgs/include/limo_msgs/limo_msgs/msg/detail
[1.060s] -- Up-to-date: /home/agilex/agilex_ws/install/limo_msgs/include/limo_msgs/limo_msgs/msg/detail/limo_status__rosidl_typesupport_introspection_c.h
[1.061s] -- Up-to-date: /home/agilex/agilex_ws/install/limo_msgs/include/limo_msgs/limo_msgs/msg/detail/limo_status__type_support.c
[1.061s] -- Up-to-date: /home/agilex/agilex_ws/install/limo_msgs/include/limo_msgs/limo_msgs/msg/rosidl_typesupport_introspection_c__visibility_control.h
[1.061s] -- Up-to-date: /home/agilex/agilex_ws/install/limo_msgs/lib/liblimo_msgs__rosidl_typesupport_introspection_c.so
[1.061s] -- Up-to-date: /home/agilex/agilex_ws/install/limo_msgs/lib/liblimo_msgs__rosidl_typesupport_c.so
[1.061s] -- Up-to-date: /home/agilex/agilex_ws/install/limo_msgs/include/limo_msgs/limo_msgs
[1.061s] -- Up-to-date: /home/agilex/agilex_ws/install/limo_msgs/include/limo_msgs/limo_msgs/msg
[1.061s] -- Up-to-date: /home/agilex/agilex_ws/install/limo_msgs/include/limo_msgs/limo_msgs/msg/detail
[1.061s] -- Up-to-date: /home/agilex/agilex_ws/install/limo_msgs/include/limo_msgs/limo_msgs/msg/detail/limo_status__rosidl_typesupport_introspection_cpp.hpp
[1.061s] -- Up-to-date: /home/agilex/agilex_ws/install/limo_msgs/include/limo_msgs/limo_msgs/msg/detail/limo_status__type_support.cpp
[1.061s] -- Up-to-date: /home/agilex/agilex_ws/install/limo_msgs/lib/liblimo_msgs__rosidl_typesupport_introspection_cpp.so
[1.061s] -- Up-to-date: /home/agilex/agilex_ws/install/limo_msgs/lib/liblimo_msgs__rosidl_typesupport_cpp.so
[1.061s] -- Up-to-date: /home/agilex/agilex_ws/install/limo_msgs/share/limo_msgs/environment/pythonpath.sh
[1.061s] -- Up-to-date: /home/agilex/agilex_ws/install/limo_msgs/share/limo_msgs/environment/pythonpath.dsv
[1.061s] -- Up-to-date: /home/agilex/agilex_ws/install/limo_msgs/local/lib/python3.10/dist-packages/limo_msgs-0.0.0-py3.10.egg-info
[1.062s] -- Installing: /home/agilex/agilex_ws/install/limo_msgs/local/lib/python3.10/dist-packages/limo_msgs-0.0.0-py3.10.egg-info/top_level.txt
[1.062s] -- Installing: /home/agilex/agilex_ws/install/limo_msgs/local/lib/python3.10/dist-packages/limo_msgs-0.0.0-py3.10.egg-info/SOURCES.txt
[1.062s] -- Installing: /home/agilex/agilex_ws/install/limo_msgs/local/lib/python3.10/dist-packages/limo_msgs-0.0.0-py3.10.egg-info/PKG-INFO
[1.062s] -- Installing: /home/agilex/agilex_ws/install/limo_msgs/local/lib/python3.10/dist-packages/limo_msgs-0.0.0-py3.10.egg-info/dependency_links.txt
[1.062s] -- Up-to-date: /home/agilex/agilex_ws/install/limo_msgs/local/lib/python3.10/dist-packages/limo_msgs
[1.062s] -- Up-to-date: /home/agilex/agilex_ws/install/limo_msgs/local/lib/python3.10/dist-packages/limo_msgs/_limo_msgs_s.ep.rosidl_typesupport_introspection_c.c
[1.062s] -- Up-to-date: /home/agilex/agilex_ws/install/limo_msgs/local/lib/python3.10/dist-packages/limo_msgs/__init__.py
[1.062s] -- Up-to-date: /home/agilex/agilex_ws/install/limo_msgs/local/lib/python3.10/dist-packages/limo_msgs/limo_msgs_s__rosidl_typesupport_fastrtps_c.cpython-310-x86_64-linux-gnu.so
[1.062s] -- Up-to-date: /home/agilex/agilex_ws/install/limo_msgs/local/lib/python3.10/dist-packages/limo_msgs/liblimo_msgs__rosidl_generator_py.so
[1.062s] -- Up-to-date: /home/agilex/agilex_ws/install/limo_msgs/local/lib/python3.10/dist-packages/limo_msgs/limo_msgs_s__rosidl_typesupport_introspection_c.cpython-310-x86_64-linux-gnu.so
[1.063s] -- Up-to-date: /home/agilex/agilex_ws/install/limo_msgs/local/lib/python3.10/dist-packages/limo_msgs/msg
[1.063s] -- Up-to-date: /home/agilex/agilex_ws/install/limo_msgs/local/lib/python3.10/dist-packages/limo_msgs/msg/_limo_status.py
[1.063s] -- Up-to-date: /home/agilex/agilex_ws/install/limo_msgs/local/lib/python3.10/dist-packages/limo_msgs/msg/__init__.py
[1.063s] -- Up-to-date: /home/agilex/agilex_ws/install/limo_msgs/local/lib/python3.10/dist-packages/limo_msgs/msg/_limo_status_s.c
[1.063s] -- Up-to-date: /home/agilex/agilex_ws/install/limo_msgs/local/lib/python3.10/dist-packages/limo_msgs/_limo_msgs_s.ep.rosidl_typesupport_fastrtps_c.c
[1.063s] -- Up-to-date: /home/agilex/agilex_ws/install/limo_msgs/local/lib/python3.10/dist-packages/limo_msgs/_limo_msgs_s.ep.rosidl_typesupport_c.c
[1.063s] -- Up-to-date: /home/agilex/agilex_ws/install/limo_msgs/local/lib/python3.10/dist-packages/limo_msgs/limo_msgs_s__rosidl_typesupport_c.cpython-310-x86_64-linux-gnu.so
[1.063s] Listing '/home/agilex/agilex_ws/install/limo_msgs/local/lib/python3.10/dist-packages/limo_msgs'...
[1.063s] Listing '/home/agilex/agilex_ws/install/limo_msgs/local/lib/python3.10/dist-packages/limo_msgs/msg'...
[1.063s] -- Up-to-date: /home/agilex/agilex_ws/install/limo_msgs/local/lib/python3.10/dist-packages/limo_msgs/limo_msgs_s__rosidl_typesupport_fastrtps_c.cpython-310-x86_64-linux-gnu.so
[1.063s] -- Up-to-date: /home/agilex/agilex_ws/install/limo_msgs/local/lib/python3.10/dist-packages/limo_msgs/limo_msgs_s__rosidl_typesupport_introspection_c.cpython-310-x86_64-linux-gnu.so
[1.063s] -- Up-to-date: /home/agilex/agilex_ws/install/limo_msgs/local/lib/python3.10/dist-packages/limo_msgs/limo_msgs_s__rosidl_typesupport_c.cpython-310-x86_64-linux-gnu.so
[1.063s] -- Up-to-date: /home/agilex/agilex_ws/install/limo_msgs/lib/liblimo_msgs__rosidl_generator_py.so
[1.063s] -- Up-to-date: /home/agilex/agilex_ws/install/limo_msgs/share/limo_msgs/msg/LimoStatus.idl
[1.063s] -- Up-to-date: /home/agilex/agilex_ws/install/limo_msgs/share/limo_msgs/msg/LimoStatus.msg
[1.063s] -- Up-to-date: /home/agilex/agilex_ws/install/limo_msgs/share/ament_index/resource_index/package_run_dependencies/limo_msgs
[1.063s] -- Up-to-date: /home/agilex/agilex_ws/install/limo_msgs/share/ament_index/resource_index/parent_prefix_path/limo_msgs
[1.063s] -- Up-to-date: /home/agilex/agilex_ws/install/limo_msgs/share/limo_msgs/environment/ament_prefix_path.sh
[1.063s] -- Up-to-date: /home/agilex/agilex_ws/install/limo_msgs/share/limo_msgs/environment/ament_prefix_path.dsv
[1.063s] -- Up-to-date: /home/agilex/agilex_ws/install/limo_msgs/share/limo_msgs/environment/path.sh
[1.063s] -- Up-to-date: /home/agilex/agilex_ws/install/limo_msgs/share/limo_msgs/environment/path.dsv
[1.063s] -- Up-to-date: /home/agilex/agilex_ws/install/limo_msgs/share/limo_msgs/local_setup.bash
[1.063s] -- Up-to-date: /home/agilex/agilex_ws/install/limo_msgs/share/limo_msgs/local_setup.sh
[1.063s] -- Up-to-date: /home/agilex/agilex_ws/install/limo_msgs/share/limo_msgs/local_setup.zsh
[1.063s] -- Up-to-date: /home/agilex/agilex_ws/install/limo_msgs/share/limo_msgs/local_setup.dsv
[1.063s] -- Installing: /home/agilex/agilex_ws/install/limo_msgs/share/limo_msgs/package.dsv
[1.063s] -- Up-to-date: /home/agilex/agilex_ws/install/limo_msgs/share/ament_index/resource_index/packages/limo_msgs
[1.063s] -- Up-to-date: /home/agilex/agilex_ws/install/limo_msgs/share/limo_msgs/cmake/export_limo_msgs__rosidl_generator_cExport.cmake
[1.063s] -- Up-to-date: /home/agilex/agilex_ws/install/limo_msgs/share/limo_msgs/cmake/export_limo_msgs__rosidl_generator_cExport-noconfig.cmake
[1.063s] -- Up-to-date: /home/agilex/agilex_ws/install/limo_msgs/share/limo_msgs/cmake/export_limo_msgs__rosidl_typesupport_fastrtps_cExport.cmake
[1.063s] -- Up-to-date: /home/agilex/agilex_ws/install/limo_msgs/share/limo_msgs/cmake/export_limo_msgs__rosidl_typesupport_fastrtps_cExport-noconfig.cmake
[1.063s] -- Up-to-date: /home/agilex/agilex_ws/install/limo_msgs/share/limo_msgs/cmake/export_limo_msgs__rosidl_generator_cppExport.cmake
[1.063s] -- Up-to-date: /home/agilex/agilex_ws/install/limo_msgs/share/limo_msgs/cmake/export_limo_msgs__rosidl_typesupport_fastrtps_cppExport.cmake
[1.063s] -- Up-to-date: /home/agilex/agilex_ws/install/limo_msgs/share/limo_msgs/cmake/export_limo_msgs__rosidl_typesupport_fastrtps_cppExport-noconfig.cmake
[1.063s] -- Up-to-date: /home/agilex/agilex_ws/install/limo_msgs/share/limo_msgs/cmake/limo_msgs__rosidl_typesupport_introspection_cExport.cmake
[1.063s] -- Up-to-date: /home/agilex/agilex_ws/install/limo_msgs/share/limo_msgs/cmake/limo_msgs__rosidl_typesupport_introspection_cExport-noconfig.cmake
[1.063s] -- Up-to-date: /home/agilex/agilex_ws/install/limo_msgs/share/limo_msgs/cmake/limo_msgs__rosidl_typesupport_cExport.cmake
[1.064s] -- Up-to-date: /home/agilex/agilex_ws/install/limo_msgs/share/limo_msgs/cmake/limo_msgs__rosidl_typesupport_cExport-noconfig.cmake
[1.065s] -- Up-to-date: /home/agilex/agilex_ws/install/limo_msgs/share/limo_msgs/cmake/limo_msgs__rosidl_typesupport_introspection_cppExport.cmake
[1.065s] -- Up-to-date: /home/agilex/agilex_ws/install/limo_msgs/share/limo_msgs/cmake/limo_msgs__rosidl_typesupport_introspection_cppExport-noconfig.cmake
[1.065s] -- Up-to-date: /home/agilex/agilex_ws/install/limo_msgs/share/limo_msgs/cmake/limo_msgs__rosidl_typesupport_cppExport.cmake
[1.065s] -- Up-to-date: /home/agilex/agilex_ws/install/limo_msgs/share/limo_msgs/cmake/limo_msgs__rosidl_typesupport_cppExport-noconfig.cmake
[1.072s] -- Up-to-date: /home/agilex/agilex_ws/install/limo_msgs/share/limo_msgs/cmake/export_limo_msgs__rosidl_generator_pyExport.cmake
[1.072s] -- Up-to-date: /home/agilex/agilex_ws/install/limo_msgs/share/limo_msgs/cmake/export_limo_msgs__rosidl_generator_pyExport-noconfig.cmake
[1.072s] -- Up-to-date: /home/agilex/agilex_ws/install/limo_msgs/share/limo_msgs/cmake/rosidl_cmake-extras.cmake
[1.072s] -- Up-to-date: /home/agilex/agilex_ws/install/limo_msgs/share/limo_msgs/cmake/ament_cmake_export_dependencies-extras.cmake
[1.072s] -- Up-to-date: /home/agilex/agilex_ws/install/limo_msgs/share/limo_msgs/cmake/ament_cmake_export_include_directories-extras.cmake
[1.072s] -- Up-to-date: /home/agilex/agilex_ws/install/limo_msgs/share/limo_msgs/cmake/ament_cmake_export_libraries-extras.cmake
[1.072s] -- Up-to-date: /home/agilex/agilex_ws/install/limo_msgs/share/limo_msgs/cmake/ament_cmake_export_targets-extras.cmake
[1.072s] -- Up-to-date: /home/agilex/agilex_ws/install/limo_msgs/share/limo_msgs/cmake/rosidl_cmake_export_typesupport_targets-extras.cmake
[1.072s] -- Up-to-date: /home/agilex/agilex_ws/install/limo_msgs/share/limo_msgs/cmake/rosidl_cmake_export_typesupport_libraries-extras.cmake
[1.072s] -- Up-to-date: /home/agilex/agilex_ws/install/limo_msgs/share/limo_msgs/cmake/limo_msgsConfig.cmake
[1.072s] -- Up-to-date: /home/agilex/agilex_ws/install/limo_msgs/share/limo_msgs/cmake/limo_msgsConfig-version.cmake
[1.072s] -- Up-to-date: /home/agilex/agilex_ws/install/limo_msgs/share/limo_msgs/package.xml
[1.130s] Invoked command in '/home/agilex/agilex_ws/build/limo_msgs' returned '0': /usr/bin/cmake --install /home/agilex/agilex_ws/build/limo_msgs
