[ 10%] Built target aruco_msgs__rosidl_generator_c
[ 12%] Built target aruco_msgs__cpp
[ 12%] Built target ament_cmake_python_copy_aruco_msgs
[ 23%] Built target aruco_msgs__rosidl_typesupport_fastrtps_c
[ 33%] Built target aruco_msgs__rosidl_typesupport_fastrtps_cpp
[ 43%] Built target aruco_msgs__rosidl_typesupport_cpp
[ 53%] Built target aruco_msgs__rosidl_typesupport_introspection_cpp
[ 64%] Built target aruco_msgs__rosidl_typesupport_c
[ 74%] Built target aruco_msgs__rosidl_typesupport_introspection_c
[ 74%] Built target aruco_msgs
[ 76%] Built target aruco_msgs__py
[ 84%] Built target aruco_msgs__rosidl_generator_py
[ 89%] Built target aruco_msgs__rosidl_typesupport_introspection_c__pyext
[ 94%] Built target aruco_msgs__rosidl_typesupport_c__pyext
[100%] Built target aruco_msgs__rosidl_typesupport_fastrtps_c__pyext
running egg_info
writing aruco_msgs.egg-info/PKG-INFO
writing dependency_links to aruco_msgs.egg-info/dependency_links.txt
writing top-level names to aruco_msgs.egg-info/top_level.txt
reading manifest file 'aruco_msgs.egg-info/SOURCES.txt'
writing manifest file 'aruco_msgs.egg-info/SOURCES.txt'
[100%] Built target ament_cmake_python_build_aruco_msgs_egg
-- Install configuration: ""
-- Up-to-date: /home/agilex/agilex_ws/install/aruco_msgs/share/ament_index/resource_index/rosidl_interfaces/aruco_msgs
-- Up-to-date: /home/agilex/agilex_ws/install/aruco_msgs/include/aruco_msgs/aruco_msgs
-- Up-to-date: /home/agilex/agilex_ws/install/aruco_msgs/include/aruco_msgs/aruco_msgs/msg
-- Up-to-date: /home/agilex/agilex_ws/install/aruco_msgs/include/aruco_msgs/aruco_msgs/msg/marker_array.h
-- Up-to-date: /home/agilex/agilex_ws/install/aruco_msgs/include/aruco_msgs/aruco_msgs/msg/detail
-- Up-to-date: /home/agilex/agilex_ws/install/aruco_msgs/include/aruco_msgs/aruco_msgs/msg/detail/marker_array__struct.h
-- Up-to-date: /home/agilex/agilex_ws/install/aruco_msgs/include/aruco_msgs/aruco_msgs/msg/detail/marker__type_support.h
-- Up-to-date: /home/agilex/agilex_ws/install/aruco_msgs/include/aruco_msgs/aruco_msgs/msg/detail/marker_array__functions.h
-- Up-to-date: /home/agilex/agilex_ws/install/aruco_msgs/include/aruco_msgs/aruco_msgs/msg/detail/marker__struct.h
-- Up-to-date: /home/agilex/agilex_ws/install/aruco_msgs/include/aruco_msgs/aruco_msgs/msg/detail/marker_array__type_support.h
-- Up-to-date: /home/agilex/agilex_ws/install/aruco_msgs/include/aruco_msgs/aruco_msgs/msg/detail/marker_array__functions.c
-- Up-to-date: /home/agilex/agilex_ws/install/aruco_msgs/include/aruco_msgs/aruco_msgs/msg/detail/marker__functions.h
-- Up-to-date: /home/agilex/agilex_ws/install/aruco_msgs/include/aruco_msgs/aruco_msgs/msg/detail/marker__functions.c
-- Up-to-date: /home/agilex/agilex_ws/install/aruco_msgs/include/aruco_msgs/aruco_msgs/msg/marker.h
-- Up-to-date: /home/agilex/agilex_ws/install/aruco_msgs/include/aruco_msgs/aruco_msgs/msg/rosidl_generator_c__visibility_control.h
-- Up-to-date: /home/agilex/agilex_ws/install/aruco_msgs/share/aruco_msgs/environment/library_path.sh
-- Up-to-date: /home/agilex/agilex_ws/install/aruco_msgs/share/aruco_msgs/environment/library_path.dsv
-- Up-to-date: /home/agilex/agilex_ws/install/aruco_msgs/lib/libaruco_msgs__rosidl_generator_c.so
-- Up-to-date: /home/agilex/agilex_ws/install/aruco_msgs/include/aruco_msgs/aruco_msgs
-- Up-to-date: /home/agilex/agilex_ws/install/aruco_msgs/include/aruco_msgs/aruco_msgs/msg
-- Up-to-date: /home/agilex/agilex_ws/install/aruco_msgs/include/aruco_msgs/aruco_msgs/msg/rosidl_typesupport_fastrtps_c__visibility_control.h
-- Up-to-date: /home/agilex/agilex_ws/install/aruco_msgs/include/aruco_msgs/aruco_msgs/msg/detail
-- Up-to-date: /home/agilex/agilex_ws/install/aruco_msgs/include/aruco_msgs/aruco_msgs/msg/detail/marker__rosidl_typesupport_fastrtps_c.h
-- Up-to-date: /home/agilex/agilex_ws/install/aruco_msgs/include/aruco_msgs/aruco_msgs/msg/detail/marker_array__rosidl_typesupport_fastrtps_c.h
-- Up-to-date: /home/agilex/agilex_ws/install/aruco_msgs/lib/libaruco_msgs__rosidl_typesupport_fastrtps_c.so
-- Up-to-date: /home/agilex/agilex_ws/install/aruco_msgs/include/aruco_msgs/aruco_msgs
-- Up-to-date: /home/agilex/agilex_ws/install/aruco_msgs/include/aruco_msgs/aruco_msgs/msg
-- Up-to-date: /home/agilex/agilex_ws/install/aruco_msgs/include/aruco_msgs/aruco_msgs/msg/marker.hpp
-- Up-to-date: /home/agilex/agilex_ws/install/aruco_msgs/include/aruco_msgs/aruco_msgs/msg/marker_array.hpp
-- Up-to-date: /home/agilex/agilex_ws/install/aruco_msgs/include/aruco_msgs/aruco_msgs/msg/detail
-- Up-to-date: /home/agilex/agilex_ws/install/aruco_msgs/include/aruco_msgs/aruco_msgs/msg/detail/marker__struct.hpp
-- Up-to-date: /home/agilex/agilex_ws/install/aruco_msgs/include/aruco_msgs/aruco_msgs/msg/detail/marker_array__builder.hpp
-- Up-to-date: /home/agilex/agilex_ws/install/aruco_msgs/include/aruco_msgs/aruco_msgs/msg/detail/marker__traits.hpp
-- Up-to-date: /home/agilex/agilex_ws/install/aruco_msgs/include/aruco_msgs/aruco_msgs/msg/detail/marker_array__struct.hpp
-- Up-to-date: /home/agilex/agilex_ws/install/aruco_msgs/include/aruco_msgs/aruco_msgs/msg/detail/marker_array__traits.hpp
-- Up-to-date: /home/agilex/agilex_ws/install/aruco_msgs/include/aruco_msgs/aruco_msgs/msg/detail/marker__builder.hpp
-- Up-to-date: /home/agilex/agilex_ws/install/aruco_msgs/include/aruco_msgs/aruco_msgs
-- Up-to-date: /home/agilex/agilex_ws/install/aruco_msgs/include/aruco_msgs/aruco_msgs/msg
-- Up-to-date: /home/agilex/agilex_ws/install/aruco_msgs/include/aruco_msgs/aruco_msgs/msg/rosidl_typesupport_fastrtps_cpp__visibility_control.h
-- Up-to-date: /home/agilex/agilex_ws/install/aruco_msgs/include/aruco_msgs/aruco_msgs/msg/detail
-- Up-to-date: /home/agilex/agilex_ws/install/aruco_msgs/include/aruco_msgs/aruco_msgs/msg/detail/marker_array__rosidl_typesupport_fastrtps_cpp.hpp
-- Up-to-date: /home/agilex/agilex_ws/install/aruco_msgs/include/aruco_msgs/aruco_msgs/msg/detail/marker__rosidl_typesupport_fastrtps_cpp.hpp
-- Up-to-date: /home/agilex/agilex_ws/install/aruco_msgs/include/aruco_msgs/aruco_msgs/msg/detail/dds_fastrtps
-- Up-to-date: /home/agilex/agilex_ws/install/aruco_msgs/lib/libaruco_msgs__rosidl_typesupport_fastrtps_cpp.so
-- Up-to-date: /home/agilex/agilex_ws/install/aruco_msgs/include/aruco_msgs/aruco_msgs
-- Up-to-date: /home/agilex/agilex_ws/install/aruco_msgs/include/aruco_msgs/aruco_msgs/msg
-- Up-to-date: /home/agilex/agilex_ws/install/aruco_msgs/include/aruco_msgs/aruco_msgs/msg/detail
-- Up-to-date: /home/agilex/agilex_ws/install/aruco_msgs/include/aruco_msgs/aruco_msgs/msg/detail/marker_array__rosidl_typesupport_introspection_c.h
-- Up-to-date: /home/agilex/agilex_ws/install/aruco_msgs/include/aruco_msgs/aruco_msgs/msg/detail/marker__rosidl_typesupport_introspection_c.h
-- Up-to-date: /home/agilex/agilex_ws/install/aruco_msgs/include/aruco_msgs/aruco_msgs/msg/detail/marker__type_support.c
-- Up-to-date: /home/agilex/agilex_ws/install/aruco_msgs/include/aruco_msgs/aruco_msgs/msg/detail/marker_array__type_support.c
-- Up-to-date: /home/agilex/agilex_ws/install/aruco_msgs/include/aruco_msgs/aruco_msgs/msg/rosidl_typesupport_introspection_c__visibility_control.h
-- Up-to-date: /home/agilex/agilex_ws/install/aruco_msgs/lib/libaruco_msgs__rosidl_typesupport_introspection_c.so
-- Up-to-date: /home/agilex/agilex_ws/install/aruco_msgs/lib/libaruco_msgs__rosidl_typesupport_c.so
-- Up-to-date: /home/agilex/agilex_ws/install/aruco_msgs/include/aruco_msgs/aruco_msgs
-- Up-to-date: /home/agilex/agilex_ws/install/aruco_msgs/include/aruco_msgs/aruco_msgs/msg
-- Up-to-date: /home/agilex/agilex_ws/install/aruco_msgs/include/aruco_msgs/aruco_msgs/msg/detail
-- Up-to-date: /home/agilex/agilex_ws/install/aruco_msgs/include/aruco_msgs/aruco_msgs/msg/detail/marker_array__rosidl_typesupport_introspection_cpp.hpp
-- Up-to-date: /home/agilex/agilex_ws/install/aruco_msgs/include/aruco_msgs/aruco_msgs/msg/detail/marker__type_support.cpp
-- Up-to-date: /home/agilex/agilex_ws/install/aruco_msgs/include/aruco_msgs/aruco_msgs/msg/detail/marker__rosidl_typesupport_introspection_cpp.hpp
-- Up-to-date: /home/agilex/agilex_ws/install/aruco_msgs/include/aruco_msgs/aruco_msgs/msg/detail/marker_array__type_support.cpp
-- Up-to-date: /home/agilex/agilex_ws/install/aruco_msgs/lib/libaruco_msgs__rosidl_typesupport_introspection_cpp.so
-- Up-to-date: /home/agilex/agilex_ws/install/aruco_msgs/lib/libaruco_msgs__rosidl_typesupport_cpp.so
-- Up-to-date: /home/agilex/agilex_ws/install/aruco_msgs/share/aruco_msgs/environment/pythonpath.sh
-- Up-to-date: /home/agilex/agilex_ws/install/aruco_msgs/share/aruco_msgs/environment/pythonpath.dsv
-- Up-to-date: /home/agilex/agilex_ws/install/aruco_msgs/local/lib/python3.10/dist-packages/aruco_msgs-3.1.2-py3.10.egg-info
-- Installing: /home/agilex/agilex_ws/install/aruco_msgs/local/lib/python3.10/dist-packages/aruco_msgs-3.1.2-py3.10.egg-info/top_level.txt
-- Installing: /home/agilex/agilex_ws/install/aruco_msgs/local/lib/python3.10/dist-packages/aruco_msgs-3.1.2-py3.10.egg-info/SOURCES.txt
-- Installing: /home/agilex/agilex_ws/install/aruco_msgs/local/lib/python3.10/dist-packages/aruco_msgs-3.1.2-py3.10.egg-info/PKG-INFO
-- Installing: /home/agilex/agilex_ws/install/aruco_msgs/local/lib/python3.10/dist-packages/aruco_msgs-3.1.2-py3.10.egg-info/dependency_links.txt
-- Up-to-date: /home/agilex/agilex_ws/install/aruco_msgs/local/lib/python3.10/dist-packages/aruco_msgs
-- Up-to-date: /home/agilex/agilex_ws/install/aruco_msgs/local/lib/python3.10/dist-packages/aruco_msgs/_aruco_msgs_s.ep.rosidl_typesupport_fastrtps_c.c
-- Up-to-date: /home/agilex/agilex_ws/install/aruco_msgs/local/lib/python3.10/dist-packages/aruco_msgs/__init__.py
-- Up-to-date: /home/agilex/agilex_ws/install/aruco_msgs/local/lib/python3.10/dist-packages/aruco_msgs/aruco_msgs_s__rosidl_typesupport_fastrtps_c.cpython-310-x86_64-linux-gnu.so
-- Up-to-date: /home/agilex/agilex_ws/install/aruco_msgs/local/lib/python3.10/dist-packages/aruco_msgs/_aruco_msgs_s.ep.rosidl_typesupport_c.c
-- Up-to-date: /home/agilex/agilex_ws/install/aruco_msgs/local/lib/python3.10/dist-packages/aruco_msgs/libaruco_msgs__rosidl_generator_py.so
-- Up-to-date: /home/agilex/agilex_ws/install/aruco_msgs/local/lib/python3.10/dist-packages/aruco_msgs/aruco_msgs_s__rosidl_typesupport_c.cpython-310-x86_64-linux-gnu.so
-- Up-to-date: /home/agilex/agilex_ws/install/aruco_msgs/local/lib/python3.10/dist-packages/aruco_msgs/msg
-- Up-to-date: /home/agilex/agilex_ws/install/aruco_msgs/local/lib/python3.10/dist-packages/aruco_msgs/msg/_marker_array_s.c
-- Up-to-date: /home/agilex/agilex_ws/install/aruco_msgs/local/lib/python3.10/dist-packages/aruco_msgs/msg/__init__.py
-- Up-to-date: /home/agilex/agilex_ws/install/aruco_msgs/local/lib/python3.10/dist-packages/aruco_msgs/msg/_marker_s.c
-- Up-to-date: /home/agilex/agilex_ws/install/aruco_msgs/local/lib/python3.10/dist-packages/aruco_msgs/msg/_marker.py
-- Up-to-date: /home/agilex/agilex_ws/install/aruco_msgs/local/lib/python3.10/dist-packages/aruco_msgs/msg/_marker_array.py
-- Up-to-date: /home/agilex/agilex_ws/install/aruco_msgs/local/lib/python3.10/dist-packages/aruco_msgs/_aruco_msgs_s.ep.rosidl_typesupport_introspection_c.c
-- Up-to-date: /home/agilex/agilex_ws/install/aruco_msgs/local/lib/python3.10/dist-packages/aruco_msgs/aruco_msgs_s__rosidl_typesupport_introspection_c.cpython-310-x86_64-linux-gnu.so
Listing '/home/agilex/agilex_ws/install/aruco_msgs/local/lib/python3.10/dist-packages/aruco_msgs'...
Listing '/home/agilex/agilex_ws/install/aruco_msgs/local/lib/python3.10/dist-packages/aruco_msgs/msg'...
-- Up-to-date: /home/agilex/agilex_ws/install/aruco_msgs/local/lib/python3.10/dist-packages/aruco_msgs/aruco_msgs_s__rosidl_typesupport_fastrtps_c.cpython-310-x86_64-linux-gnu.so
-- Up-to-date: /home/agilex/agilex_ws/install/aruco_msgs/local/lib/python3.10/dist-packages/aruco_msgs/aruco_msgs_s__rosidl_typesupport_introspection_c.cpython-310-x86_64-linux-gnu.so
-- Up-to-date: /home/agilex/agilex_ws/install/aruco_msgs/local/lib/python3.10/dist-packages/aruco_msgs/aruco_msgs_s__rosidl_typesupport_c.cpython-310-x86_64-linux-gnu.so
-- Up-to-date: /home/agilex/agilex_ws/install/aruco_msgs/lib/libaruco_msgs__rosidl_generator_py.so
-- Up-to-date: /home/agilex/agilex_ws/install/aruco_msgs/share/aruco_msgs/msg/Marker.idl
-- Up-to-date: /home/agilex/agilex_ws/install/aruco_msgs/share/aruco_msgs/msg/MarkerArray.idl
-- Up-to-date: /home/agilex/agilex_ws/install/aruco_msgs/share/aruco_msgs/msg/Marker.msg
-- Up-to-date: /home/agilex/agilex_ws/install/aruco_msgs/share/aruco_msgs/msg/MarkerArray.msg
-- Up-to-date: /home/agilex/agilex_ws/install/aruco_msgs/share/ament_index/resource_index/package_run_dependencies/aruco_msgs
-- Up-to-date: /home/agilex/agilex_ws/install/aruco_msgs/share/ament_index/resource_index/parent_prefix_path/aruco_msgs
-- Up-to-date: /home/agilex/agilex_ws/install/aruco_msgs/share/aruco_msgs/environment/ament_prefix_path.sh
-- Up-to-date: /home/agilex/agilex_ws/install/aruco_msgs/share/aruco_msgs/environment/ament_prefix_path.dsv
-- Up-to-date: /home/agilex/agilex_ws/install/aruco_msgs/share/aruco_msgs/environment/path.sh
-- Up-to-date: /home/agilex/agilex_ws/install/aruco_msgs/share/aruco_msgs/environment/path.dsv
-- Up-to-date: /home/agilex/agilex_ws/install/aruco_msgs/share/aruco_msgs/local_setup.bash
-- Up-to-date: /home/agilex/agilex_ws/install/aruco_msgs/share/aruco_msgs/local_setup.sh
-- Up-to-date: /home/agilex/agilex_ws/install/aruco_msgs/share/aruco_msgs/local_setup.zsh
-- Up-to-date: /home/agilex/agilex_ws/install/aruco_msgs/share/aruco_msgs/local_setup.dsv
-- Installing: /home/agilex/agilex_ws/install/aruco_msgs/share/aruco_msgs/package.dsv
-- Up-to-date: /home/agilex/agilex_ws/install/aruco_msgs/share/ament_index/resource_index/packages/aruco_msgs
-- Up-to-date: /home/agilex/agilex_ws/install/aruco_msgs/share/aruco_msgs/cmake/export_aruco_msgs__rosidl_generator_cExport.cmake
-- Up-to-date: /home/agilex/agilex_ws/install/aruco_msgs/share/aruco_msgs/cmake/export_aruco_msgs__rosidl_generator_cExport-noconfig.cmake
-- Up-to-date: /home/agilex/agilex_ws/install/aruco_msgs/share/aruco_msgs/cmake/export_aruco_msgs__rosidl_typesupport_fastrtps_cExport.cmake
-- Up-to-date: /home/agilex/agilex_ws/install/aruco_msgs/share/aruco_msgs/cmake/export_aruco_msgs__rosidl_typesupport_fastrtps_cExport-noconfig.cmake
-- Up-to-date: /home/agilex/agilex_ws/install/aruco_msgs/share/aruco_msgs/cmake/export_aruco_msgs__rosidl_generator_cppExport.cmake
-- Up-to-date: /home/agilex/agilex_ws/install/aruco_msgs/share/aruco_msgs/cmake/export_aruco_msgs__rosidl_typesupport_fastrtps_cppExport.cmake
-- Up-to-date: /home/agilex/agilex_ws/install/aruco_msgs/share/aruco_msgs/cmake/export_aruco_msgs__rosidl_typesupport_fastrtps_cppExport-noconfig.cmake
-- Up-to-date: /home/agilex/agilex_ws/install/aruco_msgs/share/aruco_msgs/cmake/aruco_msgs__rosidl_typesupport_introspection_cExport.cmake
-- Up-to-date: /home/agilex/agilex_ws/install/aruco_msgs/share/aruco_msgs/cmake/aruco_msgs__rosidl_typesupport_introspection_cExport-noconfig.cmake
-- Up-to-date: /home/agilex/agilex_ws/install/aruco_msgs/share/aruco_msgs/cmake/aruco_msgs__rosidl_typesupport_cExport.cmake
-- Up-to-date: /home/agilex/agilex_ws/install/aruco_msgs/share/aruco_msgs/cmake/aruco_msgs__rosidl_typesupport_cExport-noconfig.cmake
-- Up-to-date: /home/agilex/agilex_ws/install/aruco_msgs/share/aruco_msgs/cmake/aruco_msgs__rosidl_typesupport_introspection_cppExport.cmake
-- Up-to-date: /home/agilex/agilex_ws/install/aruco_msgs/share/aruco_msgs/cmake/aruco_msgs__rosidl_typesupport_introspection_cppExport-noconfig.cmake
-- Up-to-date: /home/agilex/agilex_ws/install/aruco_msgs/share/aruco_msgs/cmake/aruco_msgs__rosidl_typesupport_cppExport.cmake
-- Up-to-date: /home/agilex/agilex_ws/install/aruco_msgs/share/aruco_msgs/cmake/aruco_msgs__rosidl_typesupport_cppExport-noconfig.cmake
-- Up-to-date: /home/agilex/agilex_ws/install/aruco_msgs/share/aruco_msgs/cmake/export_aruco_msgs__rosidl_generator_pyExport.cmake
-- Up-to-date: /home/agilex/agilex_ws/install/aruco_msgs/share/aruco_msgs/cmake/export_aruco_msgs__rosidl_generator_pyExport-noconfig.cmake
-- Up-to-date: /home/agilex/agilex_ws/install/aruco_msgs/share/aruco_msgs/cmake/rosidl_cmake-extras.cmake
-- Up-to-date: /home/agilex/agilex_ws/install/aruco_msgs/share/aruco_msgs/cmake/ament_cmake_export_dependencies-extras.cmake
-- Up-to-date: /home/agilex/agilex_ws/install/aruco_msgs/share/aruco_msgs/cmake/ament_cmake_export_include_directories-extras.cmake
-- Up-to-date: /home/agilex/agilex_ws/install/aruco_msgs/share/aruco_msgs/cmake/ament_cmake_export_libraries-extras.cmake
-- Up-to-date: /home/agilex/agilex_ws/install/aruco_msgs/share/aruco_msgs/cmake/ament_cmake_export_targets-extras.cmake
-- Up-to-date: /home/agilex/agilex_ws/install/aruco_msgs/share/aruco_msgs/cmake/rosidl_cmake_export_typesupport_targets-extras.cmake
-- Up-to-date: /home/agilex/agilex_ws/install/aruco_msgs/share/aruco_msgs/cmake/rosidl_cmake_export_typesupport_libraries-extras.cmake
-- Up-to-date: /home/agilex/agilex_ws/install/aruco_msgs/share/aruco_msgs/cmake/aruco_msgsConfig.cmake
-- Up-to-date: /home/agilex/agilex_ws/install/aruco_msgs/share/aruco_msgs/cmake/aruco_msgsConfig-version.cmake
-- Up-to-date: /home/agilex/agilex_ws/install/aruco_msgs/share/aruco_msgs/package.xml
