[0.047s] Invoking command in '/home/agilex/agilex_ws/build/nav2_smoother': AMENT_PREFIX_PATH=/home/agilex/agilex_ws/install/nav2_core:/home/agilex/agilex_ws/install/nav2_costmap_2d:/home/agilex/agilex_ws/install/nav_2d_utils:/home/agilex/agilex_ws/install/nav2_util:/home/agilex/agilex_ws/install/nav2_voxel_grid:/home/agilex/agilex_ws/install/nav2_msgs:/home/agilex/agilex_ws/install/nav_2d_msgs:/home/agilex/agilex_ws/install/nav2_common:${AMENT_PREFIX_PATH} CMAKE_PREFIX_PATH=/home/agilex/agilex_ws/install/nav2_core:/home/agilex/agilex_ws/install/nav2_costmap_2d:/home/agilex/agilex_ws/install/nav_2d_utils:/home/agilex/agilex_ws/install/nav2_util:/home/agilex/agilex_ws/install/nav2_voxel_grid:/home/agilex/agilex_ws/install/nav2_msgs:/home/agilex/agilex_ws/install/nav_2d_msgs:/home/agilex/agilex_ws/install/nav2_common:/opt/ros/humble LD_LIBRARY_PATH=/home/agilex/agilex_ws/install/nav2_costmap_2d/lib:/home/agilex/agilex_ws/install/nav_2d_utils/lib:/home/agilex/agilex_ws/install/nav2_util/lib:/home/agilex/agilex_ws/install/nav2_voxel_grid/lib:/home/agilex/agilex_ws/install/nav2_msgs/lib:/home/agilex/agilex_ws/install/nav_2d_msgs/lib:${LD_LIBRARY_PATH} PYTHONPATH=/home/agilex/agilex_ws/install/nav2_msgs/local/lib/python3.10/dist-packages:/home/agilex/agilex_ws/install/nav_2d_msgs/local/lib/python3.10/dist-packages:/home/agilex/agilex_ws/install/nav2_common/local/lib/python3.10/dist-packages:${PYTHONPATH} /usr/bin/cmake /home/agilex/agilex_ws/src/navigation2/nav2_smoother -DCMAKE_INSTALL_PREFIX=/home/agilex/agilex_ws/install/nav2_smoother
[16.176s] -- The C compiler identification is GNU 11.3.0
[16.176s] -- The CXX compiler identification is GNU 11.3.0
[16.176s] -- Detecting C compiler ABI info
[16.176s] -- Detecting C compiler ABI info - done
[16.176s] -- Check for working C compiler: /usr/bin/cc - skipped
[16.176s] -- Detecting C compile features
[16.176s] -- Detecting C compile features - done
[16.176s] -- Detecting CXX compiler ABI info
[16.177s] -- Detecting CXX compiler ABI info - done
[16.177s] -- Check for working CXX compiler: /usr/bin/c++ - skipped
[16.177s] -- Detecting CXX compile features
[16.177s] -- Detecting CXX compile features - done
[16.177s] -- Found ament_cmake: 1.3.4 (/opt/ros/humble/share/ament_cmake/cmake)
[16.177s] -- Found Python3: /usr/bin/python3.10 (found version "3.10.6") found components: Interpreter 
[16.177s] -- Found nav2_core: 1.1.0 (/home/agilex/agilex_ws/install/nav2_core/share/nav2_core/cmake)
[16.177s] -- Found rosidl_generator_c: 3.1.4 (/opt/ros/humble/share/rosidl_generator_c/cmake)
[16.177s] -- Found rosidl_adapter: 3.1.4 (/opt/ros/humble/share/rosidl_adapter/cmake)
[16.178s] -- Found rosidl_generator_cpp: 3.1.4 (/opt/ros/humble/share/rosidl_generator_cpp/cmake)
[16.178s] -- Using all available rosidl_typesupport_c: rosidl_typesupport_fastrtps_c;rosidl_typesupport_introspection_c
[16.178s] -- Using all available rosidl_typesupport_cpp: rosidl_typesupport_fastrtps_cpp;rosidl_typesupport_introspection_cpp
[16.178s] -- Found rmw_implementation_cmake: 6.1.1 (/opt/ros/humble/share/rmw_implementation_cmake/cmake)
[16.178s] -- Found rmw_fastrtps_cpp: 6.2.2 (/opt/ros/humble/share/rmw_fastrtps_cpp/cmake)
[16.178s] -- Found OpenSSL: /usr/lib/x86_64-linux-gnu/libcrypto.so (found version "3.0.2")  
[16.178s] -- Found FastRTPS: /opt/ros/humble/include  
[16.178s] -- Using RMW implementation 'rmw_fastrtps_cpp' as default
[16.178s] -- Looking for pthread.h
[16.178s] -- Looking for pthread.h - found
[16.178s] -- Performing Test CMAKE_HAVE_LIBC_PTHREAD
[16.179s] -- Performing Test CMAKE_HAVE_LIBC_PTHREAD - Success
[16.179s] -- Found Threads: TRUE  
[16.179s] -- Found Eigen3: TRUE (found version "3.4.0") 
[16.179s] -- Ensuring Eigen3 include directory is part of orocos-kdl CMake target
[16.179s] -- Found nav2_common: 1.1.0 (/home/agilex/agilex_ws/install/nav2_common/share/nav2_common/cmake)
[16.179s] -- Found nav_2d_utils: 1.1.0 (/home/agilex/agilex_ws/install/nav_2d_utils/share/nav_2d_utils/cmake)
[16.179s] -- Setting build type to Release as none was specified.
[22.536s] -- Found ament_lint_auto: 0.12.6 (/opt/ros/humble/share/ament_lint_auto/cmake)
[22.647s] -- Found gtest sources under '/opt/ros/humble/src/gtest_vendor': C++ tests using 'Google Test' will be built
[32.153s] -- Added test 'cppcheck' to perform static code analysis on C / C++ code
[32.154s] -- Configured cppcheck include dirs: /home/agilex/agilex_ws/src/navigation2/nav2_smoother/include
[32.154s] -- Configured cppcheck exclude dirs and/or files: 
[32.155s] -- Added test 'cpplint' to check C / C++ code against the Google style
[32.155s] -- Configured cpplint exclude dirs and/or files: 
[32.156s] -- Added test 'lint_cmake' to check CMake code style
[32.158s] -- Added test 'uncrustify' to check C / C++ code style
[32.158s] -- Configured uncrustify additional arguments: 
[32.159s] -- Added test 'xmllint' to check XML markup files
[32.162s] -- Configuring done
[32.349s] -- Generating done
[32.352s] -- Build files have been written to: /home/agilex/agilex_ws/build/nav2_smoother
[32.370s] Invoked command in '/home/agilex/agilex_ws/build/nav2_smoother' returned '0': AMENT_PREFIX_PATH=/home/agilex/agilex_ws/install/nav2_core:/home/agilex/agilex_ws/install/nav2_costmap_2d:/home/agilex/agilex_ws/install/nav_2d_utils:/home/agilex/agilex_ws/install/nav2_util:/home/agilex/agilex_ws/install/nav2_voxel_grid:/home/agilex/agilex_ws/install/nav2_msgs:/home/agilex/agilex_ws/install/nav_2d_msgs:/home/agilex/agilex_ws/install/nav2_common:${AMENT_PREFIX_PATH} CMAKE_PREFIX_PATH=/home/agilex/agilex_ws/install/nav2_core:/home/agilex/agilex_ws/install/nav2_costmap_2d:/home/agilex/agilex_ws/install/nav_2d_utils:/home/agilex/agilex_ws/install/nav2_util:/home/agilex/agilex_ws/install/nav2_voxel_grid:/home/agilex/agilex_ws/install/nav2_msgs:/home/agilex/agilex_ws/install/nav_2d_msgs:/home/agilex/agilex_ws/install/nav2_common:/opt/ros/humble LD_LIBRARY_PATH=/home/agilex/agilex_ws/install/nav2_costmap_2d/lib:/home/agilex/agilex_ws/install/nav_2d_utils/lib:/home/agilex/agilex_ws/install/nav2_util/lib:/home/agilex/agilex_ws/install/nav2_voxel_grid/lib:/home/agilex/agilex_ws/install/nav2_msgs/lib:/home/agilex/agilex_ws/install/nav_2d_msgs/lib:${LD_LIBRARY_PATH} PYTHONPATH=/home/agilex/agilex_ws/install/nav2_msgs/local/lib/python3.10/dist-packages:/home/agilex/agilex_ws/install/nav_2d_msgs/local/lib/python3.10/dist-packages:/home/agilex/agilex_ws/install/nav2_common/local/lib/python3.10/dist-packages:${PYTHONPATH} /usr/bin/cmake /home/agilex/agilex_ws/src/navigation2/nav2_smoother -DCMAKE_INSTALL_PREFIX=/home/agilex/agilex_ws/install/nav2_smoother
[32.371s] Invoking command in '/home/agilex/agilex_ws/build/nav2_smoother': AMENT_PREFIX_PATH=/home/agilex/agilex_ws/install/nav2_core:/home/agilex/agilex_ws/install/nav2_costmap_2d:/home/agilex/agilex_ws/install/nav_2d_utils:/home/agilex/agilex_ws/install/nav2_util:/home/agilex/agilex_ws/install/nav2_voxel_grid:/home/agilex/agilex_ws/install/nav2_msgs:/home/agilex/agilex_ws/install/nav_2d_msgs:/home/agilex/agilex_ws/install/nav2_common:${AMENT_PREFIX_PATH} CMAKE_PREFIX_PATH=/home/agilex/agilex_ws/install/nav2_core:/home/agilex/agilex_ws/install/nav2_costmap_2d:/home/agilex/agilex_ws/install/nav_2d_utils:/home/agilex/agilex_ws/install/nav2_util:/home/agilex/agilex_ws/install/nav2_voxel_grid:/home/agilex/agilex_ws/install/nav2_msgs:/home/agilex/agilex_ws/install/nav_2d_msgs:/home/agilex/agilex_ws/install/nav2_common:/opt/ros/humble LD_LIBRARY_PATH=/home/agilex/agilex_ws/install/nav2_costmap_2d/lib:/home/agilex/agilex_ws/install/nav_2d_utils/lib:/home/agilex/agilex_ws/install/nav2_util/lib:/home/agilex/agilex_ws/install/nav2_voxel_grid/lib:/home/agilex/agilex_ws/install/nav2_msgs/lib:/home/agilex/agilex_ws/install/nav_2d_msgs/lib:${LD_LIBRARY_PATH} PYTHONPATH=/home/agilex/agilex_ws/install/nav2_msgs/local/lib/python3.10/dist-packages:/home/agilex/agilex_ws/install/nav_2d_msgs/local/lib/python3.10/dist-packages:/home/agilex/agilex_ws/install/nav2_common/local/lib/python3.10/dist-packages:${PYTHONPATH} /usr/bin/cmake --build /home/agilex/agilex_ws/build/nav2_smoother -- -j8 -l8
[34.844s] [  7%] [32mBuilding CXX object CMakeFiles/smoother_server_core.dir/src/nav2_smoother.cpp.o[0m
[49.554s] [ 14%] [32m[1mLinking CXX shared library libsmoother_server_core.so[0m
[49.906s] [ 14%] Built target smoother_server_core
[49.932s] [ 21%] [32mBuilding CXX object gtest/CMakeFiles/gtest.dir/src/gtest-all.cc.o[0m
[59.544s] [ 28%] [32m[1mLinking CXX static library libgtest.a[0m
[59.580s] [ 28%] Built target gtest
[59.610s] [ 35%] [32mBuilding CXX object CMakeFiles/smoother_server.dir/src/main.cpp.o[0m
[65.641s] [ 42%] [32m[1mLinking CXX executable smoother_server[0m
[66.029s] [ 42%] Built target smoother_server
[66.049s] [ 50%] [32mBuilding CXX object gtest/CMakeFiles/gtest_main.dir/src/gtest_main.cc.o[0m
[66.988s] [ 57%] [32m[1mLinking CXX static library libgtest_main.a[0m
[67.021s] [ 57%] Built target gtest_main
[67.043s] [ 64%] [32mBuilding CXX object CMakeFiles/simple_smoother.dir/src/simple_smoother.cpp.o[0m
[73.003s] [ 71%] [32m[1mLinking CXX shared library libsimple_smoother.so[0m
[73.295s] [ 71%] Built target simple_smoother
[73.314s] [ 78%] [32mBuilding CXX object test/CMakeFiles/test_smoother_server.dir/test_smoother_server.cpp.o[0m
[83.207s] [ 85%] [32m[1mLinking CXX executable test_smoother_server[0m
[83.561s] [ 85%] Built target test_smoother_server
[83.582s] [ 92%] [32mBuilding CXX object test/CMakeFiles/test_simple_smoother.dir/test_simple_smoother.cpp.o[0m
[90.727s] [100%] [32m[1mLinking CXX executable test_simple_smoother[0m
[91.195s] [100%] Built target test_simple_smoother
[91.209s] Invoked command in '/home/agilex/agilex_ws/build/nav2_smoother' returned '0': AMENT_PREFIX_PATH=/home/agilex/agilex_ws/install/nav2_core:/home/agilex/agilex_ws/install/nav2_costmap_2d:/home/agilex/agilex_ws/install/nav_2d_utils:/home/agilex/agilex_ws/install/nav2_util:/home/agilex/agilex_ws/install/nav2_voxel_grid:/home/agilex/agilex_ws/install/nav2_msgs:/home/agilex/agilex_ws/install/nav_2d_msgs:/home/agilex/agilex_ws/install/nav2_common:${AMENT_PREFIX_PATH} CMAKE_PREFIX_PATH=/home/agilex/agilex_ws/install/nav2_core:/home/agilex/agilex_ws/install/nav2_costmap_2d:/home/agilex/agilex_ws/install/nav_2d_utils:/home/agilex/agilex_ws/install/nav2_util:/home/agilex/agilex_ws/install/nav2_voxel_grid:/home/agilex/agilex_ws/install/nav2_msgs:/home/agilex/agilex_ws/install/nav_2d_msgs:/home/agilex/agilex_ws/install/nav2_common:/opt/ros/humble LD_LIBRARY_PATH=/home/agilex/agilex_ws/install/nav2_costmap_2d/lib:/home/agilex/agilex_ws/install/nav_2d_utils/lib:/home/agilex/agilex_ws/install/nav2_util/lib:/home/agilex/agilex_ws/install/nav2_voxel_grid/lib:/home/agilex/agilex_ws/install/nav2_msgs/lib:/home/agilex/agilex_ws/install/nav_2d_msgs/lib:${LD_LIBRARY_PATH} PYTHONPATH=/home/agilex/agilex_ws/install/nav2_msgs/local/lib/python3.10/dist-packages:/home/agilex/agilex_ws/install/nav_2d_msgs/local/lib/python3.10/dist-packages:/home/agilex/agilex_ws/install/nav2_common/local/lib/python3.10/dist-packages:${PYTHONPATH} /usr/bin/cmake --build /home/agilex/agilex_ws/build/nav2_smoother -- -j8 -l8
[91.253s] Invoking command in '/home/agilex/agilex_ws/build/nav2_smoother': AMENT_PREFIX_PATH=/home/agilex/agilex_ws/install/nav2_core:/home/agilex/agilex_ws/install/nav2_costmap_2d:/home/agilex/agilex_ws/install/nav_2d_utils:/home/agilex/agilex_ws/install/nav2_util:/home/agilex/agilex_ws/install/nav2_voxel_grid:/home/agilex/agilex_ws/install/nav2_msgs:/home/agilex/agilex_ws/install/nav_2d_msgs:/home/agilex/agilex_ws/install/nav2_common:${AMENT_PREFIX_PATH} CMAKE_PREFIX_PATH=/home/agilex/agilex_ws/install/nav2_core:/home/agilex/agilex_ws/install/nav2_costmap_2d:/home/agilex/agilex_ws/install/nav_2d_utils:/home/agilex/agilex_ws/install/nav2_util:/home/agilex/agilex_ws/install/nav2_voxel_grid:/home/agilex/agilex_ws/install/nav2_msgs:/home/agilex/agilex_ws/install/nav_2d_msgs:/home/agilex/agilex_ws/install/nav2_common:/opt/ros/humble LD_LIBRARY_PATH=/home/agilex/agilex_ws/install/nav2_costmap_2d/lib:/home/agilex/agilex_ws/install/nav_2d_utils/lib:/home/agilex/agilex_ws/install/nav2_util/lib:/home/agilex/agilex_ws/install/nav2_voxel_grid/lib:/home/agilex/agilex_ws/install/nav2_msgs/lib:/home/agilex/agilex_ws/install/nav_2d_msgs/lib:${LD_LIBRARY_PATH} PYTHONPATH=/home/agilex/agilex_ws/install/nav2_msgs/local/lib/python3.10/dist-packages:/home/agilex/agilex_ws/install/nav_2d_msgs/local/lib/python3.10/dist-packages:/home/agilex/agilex_ws/install/nav2_common/local/lib/python3.10/dist-packages:${PYTHONPATH} /usr/bin/cmake --install /home/agilex/agilex_ws/build/nav2_smoother
[91.262s] -- Install configuration: "Release"
[91.263s] -- Installing: /home/agilex/agilex_ws/install/nav2_smoother/share/nav2_smoother/plugins.xml
[91.263s] -- Installing: /home/agilex/agilex_ws/install/nav2_smoother/lib/libsmoother_server_core.so
[91.264s] -- Set runtime path of "/home/agilex/agilex_ws/install/nav2_smoother/lib/libsmoother_server_core.so" to ""
[91.265s] -- Installing: /home/agilex/agilex_ws/install/nav2_smoother/lib/libsimple_smoother.so
[91.267s] -- Set runtime path of "/home/agilex/agilex_ws/install/nav2_smoother/lib/libsimple_smoother.so" to ""
[91.267s] -- Installing: /home/agilex/agilex_ws/install/nav2_smoother/lib/nav2_smoother/smoother_server
[91.268s] -- Set runtime path of "/home/agilex/agilex_ws/install/nav2_smoother/lib/nav2_smoother/smoother_server" to ""
[91.269s] -- Installing: /home/agilex/agilex_ws/install/nav2_smoother/include/
[91.269s] -- Installing: /home/agilex/agilex_ws/install/nav2_smoother/include//nav2_smoother
[91.269s] -- Installing: /home/agilex/agilex_ws/install/nav2_smoother/include//nav2_smoother/nav2_smoother.hpp
[91.270s] -- Installing: /home/agilex/agilex_ws/install/nav2_smoother/include//nav2_smoother/simple_smoother.hpp
[91.270s] -- Installing: /home/agilex/agilex_ws/install/nav2_smoother/share/nav2_smoother/environment/library_path.sh
[91.271s] -- Installing: /home/agilex/agilex_ws/install/nav2_smoother/share/nav2_smoother/environment/library_path.dsv
[91.271s] -- Installing: /home/agilex/agilex_ws/install/nav2_smoother/share/ament_index/resource_index/package_run_dependencies/nav2_smoother
[91.271s] -- Installing: /home/agilex/agilex_ws/install/nav2_smoother/share/ament_index/resource_index/parent_prefix_path/nav2_smoother
[91.272s] -- Installing: /home/agilex/agilex_ws/install/nav2_smoother/share/nav2_smoother/environment/ament_prefix_path.sh
[91.272s] -- Installing: /home/agilex/agilex_ws/install/nav2_smoother/share/nav2_smoother/environment/ament_prefix_path.dsv
[91.272s] -- Installing: /home/agilex/agilex_ws/install/nav2_smoother/share/nav2_smoother/environment/path.sh
[91.273s] -- Installing: /home/agilex/agilex_ws/install/nav2_smoother/share/nav2_smoother/environment/path.dsv
[91.273s] -- Installing: /home/agilex/agilex_ws/install/nav2_smoother/share/nav2_smoother/local_setup.bash
[91.274s] -- Installing: /home/agilex/agilex_ws/install/nav2_smoother/share/nav2_smoother/local_setup.sh
[91.274s] -- Installing: /home/agilex/agilex_ws/install/nav2_smoother/share/nav2_smoother/local_setup.zsh
[91.274s] -- Installing: /home/agilex/agilex_ws/install/nav2_smoother/share/nav2_smoother/local_setup.dsv
[91.275s] -- Installing: /home/agilex/agilex_ws/install/nav2_smoother/share/nav2_smoother/package.dsv
[91.275s] -- Installing: /home/agilex/agilex_ws/install/nav2_smoother/share/ament_index/resource_index/packages/nav2_smoother
[91.276s] -- Installing: /home/agilex/agilex_ws/install/nav2_smoother/share/ament_index/resource_index/nav2_core__pluginlib__plugin/nav2_smoother
[91.276s] -- Installing: /home/agilex/agilex_ws/install/nav2_smoother/share/ament_index/resource_index/rclcpp_components/nav2_smoother
[91.276s] -- Installing: /home/agilex/agilex_ws/install/nav2_smoother/share/nav2_smoother/cmake/ament_cmake_export_include_directories-extras.cmake
[91.277s] -- Installing: /home/agilex/agilex_ws/install/nav2_smoother/share/nav2_smoother/cmake/ament_cmake_export_libraries-extras.cmake
[91.277s] -- Installing: /home/agilex/agilex_ws/install/nav2_smoother/share/nav2_smoother/cmake/ament_cmake_export_dependencies-extras.cmake
[91.277s] -- Installing: /home/agilex/agilex_ws/install/nav2_smoother/share/nav2_smoother/cmake/nav2_smootherConfig.cmake
[91.278s] -- Installing: /home/agilex/agilex_ws/install/nav2_smoother/share/nav2_smoother/cmake/nav2_smootherConfig-version.cmake
[91.278s] -- Installing: /home/agilex/agilex_ws/install/nav2_smoother/share/nav2_smoother/package.xml
[91.286s] Invoked command in '/home/agilex/agilex_ws/build/nav2_smoother' returned '0': AMENT_PREFIX_PATH=/home/agilex/agilex_ws/install/nav2_core:/home/agilex/agilex_ws/install/nav2_costmap_2d:/home/agilex/agilex_ws/install/nav_2d_utils:/home/agilex/agilex_ws/install/nav2_util:/home/agilex/agilex_ws/install/nav2_voxel_grid:/home/agilex/agilex_ws/install/nav2_msgs:/home/agilex/agilex_ws/install/nav_2d_msgs:/home/agilex/agilex_ws/install/nav2_common:${AMENT_PREFIX_PATH} CMAKE_PREFIX_PATH=/home/agilex/agilex_ws/install/nav2_core:/home/agilex/agilex_ws/install/nav2_costmap_2d:/home/agilex/agilex_ws/install/nav_2d_utils:/home/agilex/agilex_ws/install/nav2_util:/home/agilex/agilex_ws/install/nav2_voxel_grid:/home/agilex/agilex_ws/install/nav2_msgs:/home/agilex/agilex_ws/install/nav_2d_msgs:/home/agilex/agilex_ws/install/nav2_common:/opt/ros/humble LD_LIBRARY_PATH=/home/agilex/agilex_ws/install/nav2_costmap_2d/lib:/home/agilex/agilex_ws/install/nav_2d_utils/lib:/home/agilex/agilex_ws/install/nav2_util/lib:/home/agilex/agilex_ws/install/nav2_voxel_grid/lib:/home/agilex/agilex_ws/install/nav2_msgs/lib:/home/agilex/agilex_ws/install/nav_2d_msgs/lib:${LD_LIBRARY_PATH} PYTHONPATH=/home/agilex/agilex_ws/install/nav2_msgs/local/lib/python3.10/dist-packages:/home/agilex/agilex_ws/install/nav_2d_msgs/local/lib/python3.10/dist-packages:/home/agilex/agilex_ws/install/nav2_common/local/lib/python3.10/dist-packages:${PYTHONPATH} /usr/bin/cmake --install /home/agilex/agilex_ws/build/nav2_smoother
