[0.841s] Invoking command in '/home/agilex/agilex_ws/src/navigation2/nav2_simple_commander': AMENT_PREFIX_PATH=/home/agilex/agilex_ws/install/nav2_msgs:${AMENT_PREFIX_PATH} CMAKE_PREFIX_PATH=/home/agilex/agilex_ws/install/nav2_msgs LD_LIBRARY_PATH=/home/agilex/agilex_ws/install/nav2_msgs/lib:${LD_LIBRARY_PATH} PYTHONPATH=/home/agilex/agilex_ws/build/nav2_simple_commander/prefix_override:/home/agilex/agilex_ws/install/nav2_simple_commander/lib/python3.10/site-packages:/home/agilex/agilex_ws/install/nav2_msgs/local/lib/python3.10/dist-packages:${PYTHONPATH} /usr/bin/python3 setup.py egg_info --egg-base ../../../build/nav2_simple_commander build --build-base /home/agilex/agilex_ws/build/nav2_simple_commander/build install --record /home/agilex/agilex_ws/build/nav2_simple_commander/install.log --single-version-externally-managed
[1.095s] running egg_info
[1.096s] creating ../../../build/nav2_simple_commander/nav2_simple_commander.egg-info
[1.096s] writing ../../../build/nav2_simple_commander/nav2_simple_commander.egg-info/PKG-INFO
[1.096s] writing dependency_links to ../../../build/nav2_simple_commander/nav2_simple_commander.egg-info/dependency_links.txt
[1.097s] writing entry points to ../../../build/nav2_simple_commander/nav2_simple_commander.egg-info/entry_points.txt
[1.097s] writing requirements to ../../../build/nav2_simple_commander/nav2_simple_commander.egg-info/requires.txt
[1.097s] writing top-level names to ../../../build/nav2_simple_commander/nav2_simple_commander.egg-info/top_level.txt
[1.097s] writing manifest file '../../../build/nav2_simple_commander/nav2_simple_commander.egg-info/SOURCES.txt'
[1.100s] reading manifest file '../../../build/nav2_simple_commander/nav2_simple_commander.egg-info/SOURCES.txt'
[1.101s] writing manifest file '../../../build/nav2_simple_commander/nav2_simple_commander.egg-info/SOURCES.txt'
[1.101s] running build
[1.101s] running build_py
[1.101s] creating /home/agilex/agilex_ws/build/nav2_simple_commander/build
[1.102s] creating /home/agilex/agilex_ws/build/nav2_simple_commander/build/lib
[1.102s] creating /home/agilex/agilex_ws/build/nav2_simple_commander/build/lib/nav2_simple_commander
[1.102s] copying nav2_simple_commander/example_waypoint_follower.py -> /home/agilex/agilex_ws/build/nav2_simple_commander/build/lib/nav2_simple_commander
[1.104s] copying nav2_simple_commander/demo_inspection.py -> /home/agilex/agilex_ws/build/nav2_simple_commander/build/lib/nav2_simple_commander
[1.105s] copying nav2_simple_commander/__init__.py -> /home/agilex/agilex_ws/build/nav2_simple_commander/build/lib/nav2_simple_commander
[1.105s] copying nav2_simple_commander/demo_picking.py -> /home/agilex/agilex_ws/build/nav2_simple_commander/build/lib/nav2_simple_commander
[1.105s] copying nav2_simple_commander/example_follow_path.py -> /home/agilex/agilex_ws/build/nav2_simple_commander/build/lib/nav2_simple_commander
[1.106s] copying nav2_simple_commander/demo_security.py -> /home/agilex/agilex_ws/build/nav2_simple_commander/build/lib/nav2_simple_commander
[1.106s] copying nav2_simple_commander/example_nav_through_poses.py -> /home/agilex/agilex_ws/build/nav2_simple_commander/build/lib/nav2_simple_commander
[1.106s] copying nav2_simple_commander/demo_recoveries.py -> /home/agilex/agilex_ws/build/nav2_simple_commander/build/lib/nav2_simple_commander
[1.106s] copying nav2_simple_commander/example_nav_to_pose.py -> /home/agilex/agilex_ws/build/nav2_simple_commander/build/lib/nav2_simple_commander
[1.107s] copying nav2_simple_commander/robot_navigator.py -> /home/agilex/agilex_ws/build/nav2_simple_commander/build/lib/nav2_simple_commander
[1.107s] running install
[1.108s] /usr/lib/python3/dist-packages/setuptools/command/install.py:34: SetuptoolsDeprecationWarning: setup.py install is deprecated. Use build and pip and other standards-based tools.
[1.108s]   warnings.warn(
[1.109s] running install_lib
[1.110s] creating /home/agilex/agilex_ws/install/nav2_simple_commander/lib/python3.10/site-packages/nav2_simple_commander
[1.110s] copying /home/agilex/agilex_ws/build/nav2_simple_commander/build/lib/nav2_simple_commander/example_waypoint_follower.py -> /home/agilex/agilex_ws/install/nav2_simple_commander/lib/python3.10/site-packages/nav2_simple_commander
[1.110s] copying /home/agilex/agilex_ws/build/nav2_simple_commander/build/lib/nav2_simple_commander/demo_inspection.py -> /home/agilex/agilex_ws/install/nav2_simple_commander/lib/python3.10/site-packages/nav2_simple_commander
[1.110s] copying /home/agilex/agilex_ws/build/nav2_simple_commander/build/lib/nav2_simple_commander/__init__.py -> /home/agilex/agilex_ws/install/nav2_simple_commander/lib/python3.10/site-packages/nav2_simple_commander
[1.110s] copying /home/agilex/agilex_ws/build/nav2_simple_commander/build/lib/nav2_simple_commander/demo_picking.py -> /home/agilex/agilex_ws/install/nav2_simple_commander/lib/python3.10/site-packages/nav2_simple_commander
[1.111s] copying /home/agilex/agilex_ws/build/nav2_simple_commander/build/lib/nav2_simple_commander/example_follow_path.py -> /home/agilex/agilex_ws/install/nav2_simple_commander/lib/python3.10/site-packages/nav2_simple_commander
[1.111s] copying /home/agilex/agilex_ws/build/nav2_simple_commander/build/lib/nav2_simple_commander/demo_security.py -> /home/agilex/agilex_ws/install/nav2_simple_commander/lib/python3.10/site-packages/nav2_simple_commander
[1.111s] copying /home/agilex/agilex_ws/build/nav2_simple_commander/build/lib/nav2_simple_commander/example_nav_through_poses.py -> /home/agilex/agilex_ws/install/nav2_simple_commander/lib/python3.10/site-packages/nav2_simple_commander
[1.111s] copying /home/agilex/agilex_ws/build/nav2_simple_commander/build/lib/nav2_simple_commander/demo_recoveries.py -> /home/agilex/agilex_ws/install/nav2_simple_commander/lib/python3.10/site-packages/nav2_simple_commander
[1.111s] copying /home/agilex/agilex_ws/build/nav2_simple_commander/build/lib/nav2_simple_commander/example_nav_to_pose.py -> /home/agilex/agilex_ws/install/nav2_simple_commander/lib/python3.10/site-packages/nav2_simple_commander
[1.111s] copying /home/agilex/agilex_ws/build/nav2_simple_commander/build/lib/nav2_simple_commander/robot_navigator.py -> /home/agilex/agilex_ws/install/nav2_simple_commander/lib/python3.10/site-packages/nav2_simple_commander
[1.111s] byte-compiling /home/agilex/agilex_ws/install/nav2_simple_commander/lib/python3.10/site-packages/nav2_simple_commander/example_waypoint_follower.py to example_waypoint_follower.cpython-310.pyc
[1.112s] byte-compiling /home/agilex/agilex_ws/install/nav2_simple_commander/lib/python3.10/site-packages/nav2_simple_commander/demo_inspection.py to demo_inspection.cpython-310.pyc
[1.113s] byte-compiling /home/agilex/agilex_ws/install/nav2_simple_commander/lib/python3.10/site-packages/nav2_simple_commander/__init__.py to __init__.cpython-310.pyc
[1.113s] byte-compiling /home/agilex/agilex_ws/install/nav2_simple_commander/lib/python3.10/site-packages/nav2_simple_commander/demo_picking.py to demo_picking.cpython-310.pyc
[1.114s] byte-compiling /home/agilex/agilex_ws/install/nav2_simple_commander/lib/python3.10/site-packages/nav2_simple_commander/example_follow_path.py to example_follow_path.cpython-310.pyc
[1.114s] byte-compiling /home/agilex/agilex_ws/install/nav2_simple_commander/lib/python3.10/site-packages/nav2_simple_commander/demo_security.py to demo_security.cpython-310.pyc
[1.115s] byte-compiling /home/agilex/agilex_ws/install/nav2_simple_commander/lib/python3.10/site-packages/nav2_simple_commander/example_nav_through_poses.py to example_nav_through_poses.cpython-310.pyc
[1.115s] byte-compiling /home/agilex/agilex_ws/install/nav2_simple_commander/lib/python3.10/site-packages/nav2_simple_commander/demo_recoveries.py to demo_recoveries.cpython-310.pyc
[1.116s] byte-compiling /home/agilex/agilex_ws/install/nav2_simple_commander/lib/python3.10/site-packages/nav2_simple_commander/example_nav_to_pose.py to example_nav_to_pose.cpython-310.pyc
[1.116s] byte-compiling /home/agilex/agilex_ws/install/nav2_simple_commander/lib/python3.10/site-packages/nav2_simple_commander/robot_navigator.py to robot_navigator.cpython-310.pyc
[1.120s] running install_data
[1.120s] creating /home/agilex/agilex_ws/install/nav2_simple_commander/share/ament_index
[1.120s] creating /home/agilex/agilex_ws/install/nav2_simple_commander/share/ament_index/resource_index
[1.121s] creating /home/agilex/agilex_ws/install/nav2_simple_commander/share/ament_index/resource_index/packages
[1.121s] copying resource/nav2_simple_commander -> /home/agilex/agilex_ws/install/nav2_simple_commander/share/ament_index/resource_index/packages
[1.121s] copying package.xml -> /home/agilex/agilex_ws/install/nav2_simple_commander/share/nav2_simple_commander
[1.121s] copying launch/nav_through_poses_example_launch.py -> /home/agilex/agilex_ws/install/nav2_simple_commander/share/nav2_simple_commander
[1.121s] copying launch/inspection_demo_launch.py -> /home/agilex/agilex_ws/install/nav2_simple_commander/share/nav2_simple_commander
[1.122s] copying launch/nav_to_pose_example_launch.py -> /home/agilex/agilex_ws/install/nav2_simple_commander/share/nav2_simple_commander
[1.122s] copying launch/waypoint_follower_example_launch.py -> /home/agilex/agilex_ws/install/nav2_simple_commander/share/nav2_simple_commander
[1.122s] copying launch/picking_demo_launch.py -> /home/agilex/agilex_ws/install/nav2_simple_commander/share/nav2_simple_commander
[1.123s] copying launch/recoveries_example_launch.py -> /home/agilex/agilex_ws/install/nav2_simple_commander/share/nav2_simple_commander
[1.125s] copying launch/security_demo_launch.py -> /home/agilex/agilex_ws/install/nav2_simple_commander/share/nav2_simple_commander
[1.128s] copying launch/follow_path_example_launch.py -> /home/agilex/agilex_ws/install/nav2_simple_commander/share/nav2_simple_commander
[1.129s] copying launch/warehouse.world -> /home/agilex/agilex_ws/install/nav2_simple_commander/share/nav2_simple_commander
[1.129s] running install_egg_info
[1.130s] Copying ../../../build/nav2_simple_commander/nav2_simple_commander.egg-info to /home/agilex/agilex_ws/install/nav2_simple_commander/lib/python3.10/site-packages/nav2_simple_commander-1.0.0-py3.10.egg-info
[1.132s] running install_scripts
[1.153s] Installing demo_inspection script to /home/agilex/agilex_ws/install/nav2_simple_commander/lib/nav2_simple_commander
[1.153s] Installing demo_picking script to /home/agilex/agilex_ws/install/nav2_simple_commander/lib/nav2_simple_commander
[1.153s] Installing demo_recoveries script to /home/agilex/agilex_ws/install/nav2_simple_commander/lib/nav2_simple_commander
[1.154s] Installing demo_security script to /home/agilex/agilex_ws/install/nav2_simple_commander/lib/nav2_simple_commander
[1.154s] Installing example_follow_path script to /home/agilex/agilex_ws/install/nav2_simple_commander/lib/nav2_simple_commander
[1.154s] Installing example_nav_through_poses script to /home/agilex/agilex_ws/install/nav2_simple_commander/lib/nav2_simple_commander
[1.154s] Installing example_nav_to_pose script to /home/agilex/agilex_ws/install/nav2_simple_commander/lib/nav2_simple_commander
[1.154s] Installing example_waypoint_follower script to /home/agilex/agilex_ws/install/nav2_simple_commander/lib/nav2_simple_commander
[1.154s] writing list of installed files to '/home/agilex/agilex_ws/build/nav2_simple_commander/install.log'
[1.182s] Invoked command in '/home/agilex/agilex_ws/src/navigation2/nav2_simple_commander' returned '0': AMENT_PREFIX_PATH=/home/agilex/agilex_ws/install/nav2_msgs:${AMENT_PREFIX_PATH} CMAKE_PREFIX_PATH=/home/agilex/agilex_ws/install/nav2_msgs LD_LIBRARY_PATH=/home/agilex/agilex_ws/install/nav2_msgs/lib:${LD_LIBRARY_PATH} PYTHONPATH=/home/agilex/agilex_ws/build/nav2_simple_commander/prefix_override:/home/agilex/agilex_ws/install/nav2_simple_commander/lib/python3.10/site-packages:/home/agilex/agilex_ws/install/nav2_msgs/local/lib/python3.10/dist-packages:${PYTHONPATH} /usr/bin/python3 setup.py egg_info --egg-base ../../../build/nav2_simple_commander build --build-base /home/agilex/agilex_ws/build/nav2_simple_commander/build install --record /home/agilex/agilex_ws/build/nav2_simple_commander/install.log --single-version-externally-managed
