[0.032s] Invoking command in '/home/agilex/agilex_ws/build/libuvc': /usr/bin/cmake --build /home/agilex/agilex_ws/build/libuvc -- -j8 -l8
[0.064s] [35m[1mConsolidate compiler generated dependencies of target uvc[0m
[0.064s] [35m[1mConsolidate compiler generated dependencies of target uvc_static[0m
[0.078s] [ 59%] Built target uvc_static
[0.078s] [ 90%] Built target uvc
[0.093s] [35m[1mConsolidate compiler generated dependencies of target example[0m
[0.095s] [100%] Built target example
[0.122s] Invoked command in '/home/agilex/agilex_ws/build/libuvc' returned '0': /usr/bin/cmake --build /home/agilex/agilex_ws/build/libuvc -- -j8 -l8
[0.193s] Invoking command in '/home/agilex/agilex_ws/build/libuvc': /usr/bin/cmake --install /home/agilex/agilex_ws/build/libuvc
[0.203s] -- Install configuration: "Release"
[0.206s] -- Up-to-date: /home/agilex/agilex_ws/install/libuvc/lib/libuvc.so.0.0.6
[0.206s] -- Up-to-date: /home/agilex/agilex_ws/install/libuvc/lib/libuvc.so.0
[0.210s] -- Up-to-date: /home/agilex/agilex_ws/install/libuvc/lib/libuvc.so
[0.211s] -- Up-to-date: /home/agilex/agilex_ws/install/libuvc/include/libuvc/libuvc.h
[0.211s] -- Up-to-date: /home/agilex/agilex_ws/install/libuvc/include/libuvc/libuvc_config.h
[0.211s] -- Up-to-date: /home/agilex/agilex_ws/install/libuvc/lib/libuvc.a
[0.211s] -- Up-to-date: /home/agilex/agilex_ws/install/libuvc/include/libuvc/libuvc.h
[0.211s] -- Up-to-date: /home/agilex/agilex_ws/install/libuvc/include/libuvc/libuvc_config.h
[0.211s] -- Up-to-date: /home/agilex/agilex_ws/install/libuvc/lib/cmake/libuvc/libuvcTargets.cmake
[0.211s] -- Up-to-date: /home/agilex/agilex_ws/install/libuvc/lib/cmake/libuvc/libuvcTargets-release.cmake
[0.211s] -- Up-to-date: /home/agilex/agilex_ws/install/libuvc/lib/cmake/libuvc/FindLibUSB.cmake
[0.211s] -- Up-to-date: /home/agilex/agilex_ws/install/libuvc/lib/cmake/libuvc/FindJpegPkg.cmake
[0.211s] -- Up-to-date: /home/agilex/agilex_ws/install/libuvc/lib/cmake/libuvc/libuvcConfigVersion.cmake
[0.211s] -- Up-to-date: /home/agilex/agilex_ws/install/libuvc/lib/pkgconfig/libuvc.pc
[0.211s] -- Up-to-date: /home/agilex/agilex_ws/install/libuvc/lib/cmake/libuvc/libuvcConfig.cmake
[0.252s] Invoked command in '/home/agilex/agilex_ws/build/libuvc' returned '0': /usr/bin/cmake --install /home/agilex/agilex_ws/build/libuvc
