[0.089s] Invoking command in '/home/agilex/agilex_ws/build/nav2_bt_navigator': AMENT_PREFIX_PATH=/home/agilex/agilex_ws/install/nav2_core:/home/agilex/agilex_ws/install/nav2_costmap_2d:/home/agilex/agilex_ws/install/nav2_behavior_tree:/home/agilex/agilex_ws/install/nav2_util:/home/agilex/agilex_ws/install/nav2_voxel_grid:/home/agilex/agilex_ws/install/nav2_msgs:/home/agilex/agilex_ws/install/nav2_common CMAKE_PREFIX_PATH=/home/agilex/agilex_ws/install/nav2_core:/home/agilex/agilex_ws/install/nav2_costmap_2d:/home/agilex/agilex_ws/install/nav2_behavior_tree:/home/agilex/agilex_ws/install/nav2_util:/home/agilex/agilex_ws/install/nav2_voxel_grid:/home/agilex/agilex_ws/install/nav2_msgs:/home/agilex/agilex_ws/install/nav2_common LD_LIBRARY_PATH=/home/agilex/agilex_ws/install/nav2_costmap_2d/lib:/home/agilex/agilex_ws/install/nav2_behavior_tree/lib:/home/agilex/agilex_ws/install/nav2_util/lib:/home/agilex/agilex_ws/install/nav2_voxel_grid/lib:/home/agilex/agilex_ws/install/nav2_msgs/lib PYTHONPATH=/home/agilex/agilex_ws/install/nav2_msgs/local/lib/python3.10/dist-packages:/home/agilex/agilex_ws/install/nav2_common/local/lib/python3.10/dist-packages /usr/bin/cmake --build /home/agilex/agilex_ws/build/nav2_bt_navigator -- -j16 -l16
[0.178s] [35m[1mConsolidate compiler generated dependencies of target bt_navigator_core[0m
[0.223s] [ 66%] Built target bt_navigator_core
[0.278s] [35m[1mConsolidate compiler generated dependencies of target bt_navigator[0m
[0.300s] [100%] Built target bt_navigator
[0.368s] Invoked command in '/home/agilex/agilex_ws/build/nav2_bt_navigator' returned '0': AMENT_PREFIX_PATH=/home/agilex/agilex_ws/install/nav2_core:/home/agilex/agilex_ws/install/nav2_costmap_2d:/home/agilex/agilex_ws/install/nav2_behavior_tree:/home/agilex/agilex_ws/install/nav2_util:/home/agilex/agilex_ws/install/nav2_voxel_grid:/home/agilex/agilex_ws/install/nav2_msgs:/home/agilex/agilex_ws/install/nav2_common CMAKE_PREFIX_PATH=/home/agilex/agilex_ws/install/nav2_core:/home/agilex/agilex_ws/install/nav2_costmap_2d:/home/agilex/agilex_ws/install/nav2_behavior_tree:/home/agilex/agilex_ws/install/nav2_util:/home/agilex/agilex_ws/install/nav2_voxel_grid:/home/agilex/agilex_ws/install/nav2_msgs:/home/agilex/agilex_ws/install/nav2_common LD_LIBRARY_PATH=/home/agilex/agilex_ws/install/nav2_costmap_2d/lib:/home/agilex/agilex_ws/install/nav2_behavior_tree/lib:/home/agilex/agilex_ws/install/nav2_util/lib:/home/agilex/agilex_ws/install/nav2_voxel_grid/lib:/home/agilex/agilex_ws/install/nav2_msgs/lib PYTHONPATH=/home/agilex/agilex_ws/install/nav2_msgs/local/lib/python3.10/dist-packages:/home/agilex/agilex_ws/install/nav2_common/local/lib/python3.10/dist-packages /usr/bin/cmake --build /home/agilex/agilex_ws/build/nav2_bt_navigator -- -j16 -l16
[0.424s] Invoking command in '/home/agilex/agilex_ws/build/nav2_bt_navigator': AMENT_PREFIX_PATH=/home/agilex/agilex_ws/install/nav2_core:/home/agilex/agilex_ws/install/nav2_costmap_2d:/home/agilex/agilex_ws/install/nav2_behavior_tree:/home/agilex/agilex_ws/install/nav2_util:/home/agilex/agilex_ws/install/nav2_voxel_grid:/home/agilex/agilex_ws/install/nav2_msgs:/home/agilex/agilex_ws/install/nav2_common CMAKE_PREFIX_PATH=/home/agilex/agilex_ws/install/nav2_core:/home/agilex/agilex_ws/install/nav2_costmap_2d:/home/agilex/agilex_ws/install/nav2_behavior_tree:/home/agilex/agilex_ws/install/nav2_util:/home/agilex/agilex_ws/install/nav2_voxel_grid:/home/agilex/agilex_ws/install/nav2_msgs:/home/agilex/agilex_ws/install/nav2_common LD_LIBRARY_PATH=/home/agilex/agilex_ws/install/nav2_costmap_2d/lib:/home/agilex/agilex_ws/install/nav2_behavior_tree/lib:/home/agilex/agilex_ws/install/nav2_util/lib:/home/agilex/agilex_ws/install/nav2_voxel_grid/lib:/home/agilex/agilex_ws/install/nav2_msgs/lib PYTHONPATH=/home/agilex/agilex_ws/install/nav2_msgs/local/lib/python3.10/dist-packages:/home/agilex/agilex_ws/install/nav2_common/local/lib/python3.10/dist-packages /usr/bin/cmake --install /home/agilex/agilex_ws/build/nav2_bt_navigator
[0.452s] -- Install configuration: "Release"
[0.452s] -- Up-to-date: /home/agilex/agilex_ws/install/nav2_bt_navigator/lib/libbt_navigator_core.so
[0.452s] -- Up-to-date: /home/agilex/agilex_ws/install/nav2_bt_navigator/lib/nav2_bt_navigator/bt_navigator
[0.452s] -- Up-to-date: /home/agilex/agilex_ws/install/nav2_bt_navigator/include/
[0.452s] -- Up-to-date: /home/agilex/agilex_ws/install/nav2_bt_navigator/include//nav2_bt_navigator
[0.452s] -- Up-to-date: /home/agilex/agilex_ws/install/nav2_bt_navigator/include//nav2_bt_navigator/bt_navigator.hpp
[0.452s] -- Up-to-date: /home/agilex/agilex_ws/install/nav2_bt_navigator/include//nav2_bt_navigator/navigators
[0.453s] -- Up-to-date: /home/agilex/agilex_ws/install/nav2_bt_navigator/include//nav2_bt_navigator/navigators/navigate_to_pose.hpp
[0.453s] -- Up-to-date: /home/agilex/agilex_ws/install/nav2_bt_navigator/include//nav2_bt_navigator/navigators/navigate_through_poses.hpp
[0.453s] -- Up-to-date: /home/agilex/agilex_ws/install/nav2_bt_navigator/include//nav2_bt_navigator/navigator.hpp
[0.453s] -- Up-to-date: /home/agilex/agilex_ws/install/nav2_bt_navigator/share/nav2_bt_navigator/behavior_trees
[0.453s] -- Up-to-date: /home/agilex/agilex_ws/install/nav2_bt_navigator/share/nav2_bt_navigator/behavior_trees/navigate_w_replanning_time.xml
[0.453s] -- Up-to-date: /home/agilex/agilex_ws/install/nav2_bt_navigator/share/nav2_bt_navigator/behavior_trees/nav_to_pose_with_consistent_replanning_and_if_path_becomes_invalid.xml
[0.453s] -- Up-to-date: /home/agilex/agilex_ws/install/nav2_bt_navigator/share/nav2_bt_navigator/behavior_trees/navigate_w_replanning_only_if_path_becomes_invalid.xml
[0.453s] -- Up-to-date: /home/agilex/agilex_ws/install/nav2_bt_navigator/share/nav2_bt_navigator/behavior_trees/navigate_to_pose_w_replanning_and_recovery.xml
[0.453s] -- Up-to-date: /home/agilex/agilex_ws/install/nav2_bt_navigator/share/nav2_bt_navigator/behavior_trees/navigate_to_pose_w_replanning_goal_patience_and_recovery.xml
[0.453s] -- Up-to-date: /home/agilex/agilex_ws/install/nav2_bt_navigator/share/nav2_bt_navigator/behavior_trees/navigate_w_replanning_distance.xml
[0.453s] -- Up-to-date: /home/agilex/agilex_ws/install/nav2_bt_navigator/share/nav2_bt_navigator/behavior_trees/follow_point.xml
[0.453s] -- Up-to-date: /home/agilex/agilex_ws/install/nav2_bt_navigator/share/nav2_bt_navigator/behavior_trees/navigate_w_recovery_and_replanning_only_if_path_becomes_invalid.xml
[0.453s] -- Up-to-date: /home/agilex/agilex_ws/install/nav2_bt_navigator/share/nav2_bt_navigator/behavior_trees/odometry_calibration.xml
[0.453s] -- Up-to-date: /home/agilex/agilex_ws/install/nav2_bt_navigator/share/nav2_bt_navigator/behavior_trees/navigate_w_replanning_speed.xml
[0.453s] -- Up-to-date: /home/agilex/agilex_ws/install/nav2_bt_navigator/share/nav2_bt_navigator/behavior_trees/navigate_through_poses_w_replanning_and_recovery.xml
[0.453s] -- Up-to-date: /home/agilex/agilex_ws/install/nav2_bt_navigator/share/nav2_bt_navigator/environment/library_path.sh
[0.453s] -- Up-to-date: /home/agilex/agilex_ws/install/nav2_bt_navigator/share/nav2_bt_navigator/environment/library_path.dsv
[0.453s] -- Up-to-date: /home/agilex/agilex_ws/install/nav2_bt_navigator/share/ament_index/resource_index/package_run_dependencies/nav2_bt_navigator
[0.453s] -- Up-to-date: /home/agilex/agilex_ws/install/nav2_bt_navigator/share/ament_index/resource_index/parent_prefix_path/nav2_bt_navigator
[0.453s] -- Up-to-date: /home/agilex/agilex_ws/install/nav2_bt_navigator/share/nav2_bt_navigator/environment/ament_prefix_path.sh
[0.453s] -- Up-to-date: /home/agilex/agilex_ws/install/nav2_bt_navigator/share/nav2_bt_navigator/environment/ament_prefix_path.dsv
[0.453s] -- Up-to-date: /home/agilex/agilex_ws/install/nav2_bt_navigator/share/nav2_bt_navigator/environment/path.sh
[0.453s] -- Up-to-date: /home/agilex/agilex_ws/install/nav2_bt_navigator/share/nav2_bt_navigator/environment/path.dsv
[0.453s] -- Up-to-date: /home/agilex/agilex_ws/install/nav2_bt_navigator/share/nav2_bt_navigator/local_setup.bash
[0.453s] -- Up-to-date: /home/agilex/agilex_ws/install/nav2_bt_navigator/share/nav2_bt_navigator/local_setup.sh
[0.454s] -- Up-to-date: /home/agilex/agilex_ws/install/nav2_bt_navigator/share/nav2_bt_navigator/local_setup.zsh
[0.454s] -- Up-to-date: /home/agilex/agilex_ws/install/nav2_bt_navigator/share/nav2_bt_navigator/local_setup.dsv
[0.454s] -- Installing: /home/agilex/agilex_ws/install/nav2_bt_navigator/share/nav2_bt_navigator/package.dsv
[0.454s] -- Up-to-date: /home/agilex/agilex_ws/install/nav2_bt_navigator/share/ament_index/resource_index/packages/nav2_bt_navigator
[0.454s] -- Up-to-date: /home/agilex/agilex_ws/install/nav2_bt_navigator/share/ament_index/resource_index/rclcpp_components/nav2_bt_navigator
[0.454s] -- Up-to-date: /home/agilex/agilex_ws/install/nav2_bt_navigator/share/nav2_bt_navigator/cmake/ament_cmake_export_include_directories-extras.cmake
[0.454s] -- Up-to-date: /home/agilex/agilex_ws/install/nav2_bt_navigator/share/nav2_bt_navigator/cmake/ament_cmake_export_libraries-extras.cmake
[0.454s] -- Up-to-date: /home/agilex/agilex_ws/install/nav2_bt_navigator/share/nav2_bt_navigator/cmake/ament_cmake_export_dependencies-extras.cmake
[0.454s] -- Up-to-date: /home/agilex/agilex_ws/install/nav2_bt_navigator/share/nav2_bt_navigator/cmake/nav2_bt_navigatorConfig.cmake
[0.454s] -- Up-to-date: /home/agilex/agilex_ws/install/nav2_bt_navigator/share/nav2_bt_navigator/cmake/nav2_bt_navigatorConfig-version.cmake
[0.454s] -- Up-to-date: /home/agilex/agilex_ws/install/nav2_bt_navigator/share/nav2_bt_navigator/package.xml
[0.580s] Invoked command in '/home/agilex/agilex_ws/build/nav2_bt_navigator' returned '0': AMENT_PREFIX_PATH=/home/agilex/agilex_ws/install/nav2_core:/home/agilex/agilex_ws/install/nav2_costmap_2d:/home/agilex/agilex_ws/install/nav2_behavior_tree:/home/agilex/agilex_ws/install/nav2_util:/home/agilex/agilex_ws/install/nav2_voxel_grid:/home/agilex/agilex_ws/install/nav2_msgs:/home/agilex/agilex_ws/install/nav2_common CMAKE_PREFIX_PATH=/home/agilex/agilex_ws/install/nav2_core:/home/agilex/agilex_ws/install/nav2_costmap_2d:/home/agilex/agilex_ws/install/nav2_behavior_tree:/home/agilex/agilex_ws/install/nav2_util:/home/agilex/agilex_ws/install/nav2_voxel_grid:/home/agilex/agilex_ws/install/nav2_msgs:/home/agilex/agilex_ws/install/nav2_common LD_LIBRARY_PATH=/home/agilex/agilex_ws/install/nav2_costmap_2d/lib:/home/agilex/agilex_ws/install/nav2_behavior_tree/lib:/home/agilex/agilex_ws/install/nav2_util/lib:/home/agilex/agilex_ws/install/nav2_voxel_grid/lib:/home/agilex/agilex_ws/install/nav2_msgs/lib PYTHONPATH=/home/agilex/agilex_ws/install/nav2_msgs/local/lib/python3.10/dist-packages:/home/agilex/agilex_ws/install/nav2_common/local/lib/python3.10/dist-packages /usr/bin/cmake --install /home/agilex/agilex_ws/build/nav2_bt_navigator
