[0.485s] Invoking command in '/home/agilex/agilex_ws/build/nav2_voxel_grid': CMAKE_PREFIX_PATH=/home/agilex/agilex_ws/install/nav2_common:/home/agilex/agilex_ws/install/ydlidar_sdk:/home/agilex/agilex_ws/install/ydlidar_ros2_driver:/home/agilex/agilex_ws/install/teb_local_planner:/home/agilex/agilex_ws/install/teb_msgs:/home/agilex/agilex_ws/install/rf2o_laser_odometry:/home/agilex/agilex_ws/install/nav2_system_tests:/home/agilex/agilex_ws/install/nav2_bringup:/home/agilex/agilex_ws/install/navigation2:/home/agilex/agilex_ws/install/nav2_smoother:/home/agilex/agilex_ws/install/nav2_dwb_controller:/home/agilex/agilex_ws/install/limo_bringup:/home/agilex/agilex_ws/install/nav2_controller:/home/agilex/agilex_ws/install/dwb_plugins:/home/agilex/agilex_ws/install/dwb_critics:/home/agilex/agilex_ws/install/dwb_core:/home/agilex/agilex_ws/install/nav_2d_utils:/home/agilex/agilex_ws/install/dwb_msgs:/home/agilex/agilex_ws/install/nav_2d_msgs:/home/agilex/agilex_ws/install/nav2_waypoint_follower:/home/agilex/agilex_ws/install/nav2_theta_star_planner:/home/agilex/agilex_ws/install/nav2_smac_planner:/home/agilex/agilex_ws/install/nav2_rotation_shim_controller:/home/agilex/agilex_ws/install/nav2_regulated_pure_pursuit_controller:/home/agilex/agilex_ws/install/nav2_planner:/home/agilex/agilex_ws/install/nav2_navfn_planner:/home/agilex/agilex_ws/install/nav2_constrained_smoother:/home/agilex/agilex_ws/install/nav2_bt_navigator:/home/agilex/agilex_ws/install/nav2_behaviors:/home/agilex/agilex_ws/install/nav2_core:/home/agilex/agilex_ws/install/costmap_queue:/home/agilex/agilex_ws/install/costmap_converter:/home/agilex/agilex_ws/install/nav2_costmap_2d:/home/agilex/agilex_ws/install/nav2_voxel_grid:/home/agilex/agilex_ws/install/nav2_rviz_plugins:/home/agilex/agilex_ws/install/nav2_map_server:/home/agilex/agilex_ws/install/nav2_lifecycle_manager:/home/agilex/agilex_ws/install/nav2_behavior_tree:/home/agilex/agilex_ws/install/nav2_amcl:/home/agilex/agilex_ws/install/nav2_util:/home/agilex/agilex_ws/install/nav2_msgs:/home/agilex/agilex_ws/install/magic_enum:/home/agilex/agilex_ws/install/limo_visions:/home/agilex/agilex_ws/install/limo_base:/home/agilex/agilex_ws/install/limo_msgs:/home/agilex/agilex_ws/install/limo_description:/home/agilex/agilex_ws/install/limo_car:/home/agilex/agilex_ws/install/libuvc:/home/agilex/agilex_ws/install/glog:/home/agilex/agilex_ws/install/csm:/home/agilex/agilex_ws/install/costmap_converter_msgs:/home/agilex/agilex_ws/install/astra_camera:/home/agilex/agilex_ws/install/astra_camera_msgs:/home/agilex/agilex_ws/install/aruco_ros:/home/agilex/agilex_ws/install/aruco_msgs:/home/agilex/agilex_ws/install/aruco:/home/agilex/agilex_ws/install/yolov5_ros2:/home/agilex/agilex_ws/install/nav2_simple_commander:/opt/ros/humble /usr/bin/cmake --build /home/agilex/agilex_ws/build/nav2_voxel_grid -- -j8 -l8
[0.630s] -- Found ament_cmake: 1.3.6 (/opt/ros/humble/share/ament_cmake/cmake)
[0.831s] -- Found Python3: /usr/bin/python3.10 (found version "3.10.12") found components: Interpreter 
[0.951s] -- Found nav2_common: 1.1.0 (/home/agilex/agilex_ws/install/nav2_common/share/nav2_common/cmake)
[0.951s] -- Found rclcpp: 16.0.7 (/opt/ros/humble/share/rclcpp/cmake)
[1.033s] -- Found rosidl_generator_c: 3.1.5 (/opt/ros/humble/share/rosidl_generator_c/cmake)
[1.044s] -- Found rosidl_adapter: 3.1.5 (/opt/ros/humble/share/rosidl_adapter/cmake)
[1.066s] -- Found rosidl_generator_cpp: 3.1.5 (/opt/ros/humble/share/rosidl_generator_cpp/cmake)
[1.101s] -- Using all available rosidl_typesupport_c: rosidl_typesupport_fastrtps_c;rosidl_typesupport_introspection_c
[1.168s] -- Using all available rosidl_typesupport_cpp: rosidl_typesupport_fastrtps_cpp;rosidl_typesupport_introspection_cpp
[1.382s] -- Found rmw_implementation_cmake: 6.1.1 (/opt/ros/humble/share/rmw_implementation_cmake/cmake)
[1.396s] -- Found rmw_fastrtps_cpp: 6.2.5 (/opt/ros/humble/share/rmw_fastrtps_cpp/cmake)
[1.910s] -- Using RMW implementation 'rmw_fastrtps_cpp' as default
[2.237s] -- Found ament_lint_auto: 0.12.9 (/opt/ros/humble/share/ament_lint_auto/cmake)
[2.405s] -- Found gtest sources under '/opt/ros/humble/src/gtest_vendor': C++ tests using 'Google Test' will be built
[2.422s] -- Added test 'cppcheck' to perform static code analysis on C / C++ code
[2.423s] -- Configured cppcheck include dirs: /home/agilex/agilex_ws/src/navigation2/nav2_voxel_grid/include
[2.423s] -- Configured cppcheck exclude dirs and/or files: 
[2.424s] -- Added test 'cpplint' to check C / C++ code against the Google style
[2.424s] -- Configured cpplint exclude dirs and/or files: 
[2.424s] -- Added test 'lint_cmake' to check CMake code style
[2.428s] -- Added test 'uncrustify' to check C / C++ code style
[2.428s] -- Configured uncrustify additional arguments: 
[2.428s] -- Added test 'xmllint' to check XML markup files
[2.434s] -- Configuring done
[2.483s] -- Generating done
[2.486s] -- Build files have been written to: /home/agilex/agilex_ws/build/nav2_voxel_grid
[2.598s] [35m[1mConsolidate compiler generated dependencies of target voxel_grid[0m
[2.612s] [35m[1mConsolidate compiler generated dependencies of target gtest_main[0m
[2.628s] [35m[1mConsolidate compiler generated dependencies of target gtest[0m
[2.688s] [ 20%] [32mBuilding CXX object gtest/CMakeFiles/gtest_main.dir/src/gtest_main.cc.o[0m
[2.688s] [ 20%] [32mBuilding CXX object CMakeFiles/voxel_grid.dir/src/voxel_grid.cpp.o[0m
[2.721s] [ 30%] [32mBuilding CXX object gtest/CMakeFiles/gtest.dir/src/gtest-all.cc.o[0m
[5.389s] [ 40%] [32m[1mLinking CXX static library libgtest_main.a[0m
[5.543s] [ 40%] Built target gtest_main
[9.732s] [ 50%] [32m[1mLinking CXX shared library libvoxel_grid.so[0m
[9.958s] [ 50%] Built target voxel_grid
[13.917s] [ 60%] [32m[1mLinking CXX static library libgtest.a[0m
[13.961s] [ 60%] Built target gtest
[13.975s] [35m[1mConsolidate compiler generated dependencies of target voxel_grid_tests[0m
[13.995s] [ 70%] [32mBuilding CXX object test/CMakeFiles/voxel_grid_tests.dir/voxel_grid_tests.cpp.o[0m
[17.734s] [ 80%] [32m[1mLinking CXX executable voxel_grid_tests[0m
[17.859s] [ 80%] Built target voxel_grid_tests
[17.873s] [35m[1mConsolidate compiler generated dependencies of target voxel_grid_bresenham_3d[0m
[17.895s] [ 90%] [32mBuilding CXX object test/CMakeFiles/voxel_grid_bresenham_3d.dir/voxel_grid_bresenham_3d.cpp.o[0m
[21.630s] [100%] [32m[1mLinking CXX executable voxel_grid_bresenham_3d[0m
[21.766s] [100%] Built target voxel_grid_bresenham_3d
[21.779s] Invoked command in '/home/agilex/agilex_ws/build/nav2_voxel_grid' returned '0': CMAKE_PREFIX_PATH=/home/agilex/agilex_ws/install/nav2_common:/home/agilex/agilex_ws/install/ydlidar_sdk:/home/agilex/agilex_ws/install/ydlidar_ros2_driver:/home/agilex/agilex_ws/install/teb_local_planner:/home/agilex/agilex_ws/install/teb_msgs:/home/agilex/agilex_ws/install/rf2o_laser_odometry:/home/agilex/agilex_ws/install/nav2_system_tests:/home/agilex/agilex_ws/install/nav2_bringup:/home/agilex/agilex_ws/install/navigation2:/home/agilex/agilex_ws/install/nav2_smoother:/home/agilex/agilex_ws/install/nav2_dwb_controller:/home/agilex/agilex_ws/install/limo_bringup:/home/agilex/agilex_ws/install/nav2_controller:/home/agilex/agilex_ws/install/dwb_plugins:/home/agilex/agilex_ws/install/dwb_critics:/home/agilex/agilex_ws/install/dwb_core:/home/agilex/agilex_ws/install/nav_2d_utils:/home/agilex/agilex_ws/install/dwb_msgs:/home/agilex/agilex_ws/install/nav_2d_msgs:/home/agilex/agilex_ws/install/nav2_waypoint_follower:/home/agilex/agilex_ws/install/nav2_theta_star_planner:/home/agilex/agilex_ws/install/nav2_smac_planner:/home/agilex/agilex_ws/install/nav2_rotation_shim_controller:/home/agilex/agilex_ws/install/nav2_regulated_pure_pursuit_controller:/home/agilex/agilex_ws/install/nav2_planner:/home/agilex/agilex_ws/install/nav2_navfn_planner:/home/agilex/agilex_ws/install/nav2_constrained_smoother:/home/agilex/agilex_ws/install/nav2_bt_navigator:/home/agilex/agilex_ws/install/nav2_behaviors:/home/agilex/agilex_ws/install/nav2_core:/home/agilex/agilex_ws/install/costmap_queue:/home/agilex/agilex_ws/install/costmap_converter:/home/agilex/agilex_ws/install/nav2_costmap_2d:/home/agilex/agilex_ws/install/nav2_voxel_grid:/home/agilex/agilex_ws/install/nav2_rviz_plugins:/home/agilex/agilex_ws/install/nav2_map_server:/home/agilex/agilex_ws/install/nav2_lifecycle_manager:/home/agilex/agilex_ws/install/nav2_behavior_tree:/home/agilex/agilex_ws/install/nav2_amcl:/home/agilex/agilex_ws/install/nav2_util:/home/agilex/agilex_ws/install/nav2_msgs:/home/agilex/agilex_ws/install/magic_enum:/home/agilex/agilex_ws/install/limo_visions:/home/agilex/agilex_ws/install/limo_base:/home/agilex/agilex_ws/install/limo_msgs:/home/agilex/agilex_ws/install/limo_description:/home/agilex/agilex_ws/install/limo_car:/home/agilex/agilex_ws/install/libuvc:/home/agilex/agilex_ws/install/glog:/home/agilex/agilex_ws/install/csm:/home/agilex/agilex_ws/install/costmap_converter_msgs:/home/agilex/agilex_ws/install/astra_camera:/home/agilex/agilex_ws/install/astra_camera_msgs:/home/agilex/agilex_ws/install/aruco_ros:/home/agilex/agilex_ws/install/aruco_msgs:/home/agilex/agilex_ws/install/aruco:/home/agilex/agilex_ws/install/yolov5_ros2:/home/agilex/agilex_ws/install/nav2_simple_commander:/opt/ros/humble /usr/bin/cmake --build /home/agilex/agilex_ws/build/nav2_voxel_grid -- -j8 -l8
[21.846s] Invoking command in '/home/agilex/agilex_ws/build/nav2_voxel_grid': CMAKE_PREFIX_PATH=/home/agilex/agilex_ws/install/nav2_common:/home/agilex/agilex_ws/install/ydlidar_sdk:/home/agilex/agilex_ws/install/ydlidar_ros2_driver:/home/agilex/agilex_ws/install/teb_local_planner:/home/agilex/agilex_ws/install/teb_msgs:/home/agilex/agilex_ws/install/rf2o_laser_odometry:/home/agilex/agilex_ws/install/nav2_system_tests:/home/agilex/agilex_ws/install/nav2_bringup:/home/agilex/agilex_ws/install/navigation2:/home/agilex/agilex_ws/install/nav2_smoother:/home/agilex/agilex_ws/install/nav2_dwb_controller:/home/agilex/agilex_ws/install/limo_bringup:/home/agilex/agilex_ws/install/nav2_controller:/home/agilex/agilex_ws/install/dwb_plugins:/home/agilex/agilex_ws/install/dwb_critics:/home/agilex/agilex_ws/install/dwb_core:/home/agilex/agilex_ws/install/nav_2d_utils:/home/agilex/agilex_ws/install/dwb_msgs:/home/agilex/agilex_ws/install/nav_2d_msgs:/home/agilex/agilex_ws/install/nav2_waypoint_follower:/home/agilex/agilex_ws/install/nav2_theta_star_planner:/home/agilex/agilex_ws/install/nav2_smac_planner:/home/agilex/agilex_ws/install/nav2_rotation_shim_controller:/home/agilex/agilex_ws/install/nav2_regulated_pure_pursuit_controller:/home/agilex/agilex_ws/install/nav2_planner:/home/agilex/agilex_ws/install/nav2_navfn_planner:/home/agilex/agilex_ws/install/nav2_constrained_smoother:/home/agilex/agilex_ws/install/nav2_bt_navigator:/home/agilex/agilex_ws/install/nav2_behaviors:/home/agilex/agilex_ws/install/nav2_core:/home/agilex/agilex_ws/install/costmap_queue:/home/agilex/agilex_ws/install/costmap_converter:/home/agilex/agilex_ws/install/nav2_costmap_2d:/home/agilex/agilex_ws/install/nav2_voxel_grid:/home/agilex/agilex_ws/install/nav2_rviz_plugins:/home/agilex/agilex_ws/install/nav2_map_server:/home/agilex/agilex_ws/install/nav2_lifecycle_manager:/home/agilex/agilex_ws/install/nav2_behavior_tree:/home/agilex/agilex_ws/install/nav2_amcl:/home/agilex/agilex_ws/install/nav2_util:/home/agilex/agilex_ws/install/nav2_msgs:/home/agilex/agilex_ws/install/magic_enum:/home/agilex/agilex_ws/install/limo_visions:/home/agilex/agilex_ws/install/limo_base:/home/agilex/agilex_ws/install/limo_msgs:/home/agilex/agilex_ws/install/limo_description:/home/agilex/agilex_ws/install/limo_car:/home/agilex/agilex_ws/install/libuvc:/home/agilex/agilex_ws/install/glog:/home/agilex/agilex_ws/install/csm:/home/agilex/agilex_ws/install/costmap_converter_msgs:/home/agilex/agilex_ws/install/astra_camera:/home/agilex/agilex_ws/install/astra_camera_msgs:/home/agilex/agilex_ws/install/aruco_ros:/home/agilex/agilex_ws/install/aruco_msgs:/home/agilex/agilex_ws/install/aruco:/home/agilex/agilex_ws/install/yolov5_ros2:/home/agilex/agilex_ws/install/nav2_simple_commander:/opt/ros/humble /usr/bin/cmake --install /home/agilex/agilex_ws/build/nav2_voxel_grid
[21.856s] -- Install configuration: "Release"
[21.856s] -- Installing: /home/agilex/agilex_ws/install/nav2_voxel_grid/lib/libvoxel_grid.so
[21.856s] -- Set runtime path of "/home/agilex/agilex_ws/install/nav2_voxel_grid/lib/libvoxel_grid.so" to ""
[21.856s] -- Up-to-date: /home/agilex/agilex_ws/install/nav2_voxel_grid/include
[21.856s] -- Up-to-date: /home/agilex/agilex_ws/install/nav2_voxel_grid/include/nav2_voxel_grid
[21.856s] -- Up-to-date: /home/agilex/agilex_ws/install/nav2_voxel_grid/include/nav2_voxel_grid/voxel_grid.hpp
[21.856s] -- Up-to-date: /home/agilex/agilex_ws/install/nav2_voxel_grid/share/nav2_voxel_grid/environment/library_path.sh
[21.856s] -- Installing: /home/agilex/agilex_ws/install/nav2_voxel_grid/share/nav2_voxel_grid/environment/library_path.dsv
[21.856s] -- Up-to-date: /home/agilex/agilex_ws/install/nav2_voxel_grid/share/ament_index/resource_index/package_run_dependencies/nav2_voxel_grid
[21.856s] -- Installing: /home/agilex/agilex_ws/install/nav2_voxel_grid/share/ament_index/resource_index/parent_prefix_path/nav2_voxel_grid
[21.857s] -- Installing: /home/agilex/agilex_ws/install/nav2_voxel_grid/share/nav2_voxel_grid/environment/ament_prefix_path.sh
[21.857s] -- Installing: /home/agilex/agilex_ws/install/nav2_voxel_grid/share/nav2_voxel_grid/environment/ament_prefix_path.dsv
[21.857s] -- Installing: /home/agilex/agilex_ws/install/nav2_voxel_grid/share/nav2_voxel_grid/environment/path.sh
[21.857s] -- Installing: /home/agilex/agilex_ws/install/nav2_voxel_grid/share/nav2_voxel_grid/environment/path.dsv
[21.857s] -- Up-to-date: /home/agilex/agilex_ws/install/nav2_voxel_grid/share/nav2_voxel_grid/local_setup.bash
[21.857s] -- Up-to-date: /home/agilex/agilex_ws/install/nav2_voxel_grid/share/nav2_voxel_grid/local_setup.sh
[21.857s] -- Up-to-date: /home/agilex/agilex_ws/install/nav2_voxel_grid/share/nav2_voxel_grid/local_setup.zsh
[21.857s] -- Installing: /home/agilex/agilex_ws/install/nav2_voxel_grid/share/nav2_voxel_grid/local_setup.dsv
[21.857s] -- Installing: /home/agilex/agilex_ws/install/nav2_voxel_grid/share/nav2_voxel_grid/package.dsv
[21.857s] -- Up-to-date: /home/agilex/agilex_ws/install/nav2_voxel_grid/share/ament_index/resource_index/packages/nav2_voxel_grid
[21.857s] -- Up-to-date: /home/agilex/agilex_ws/install/nav2_voxel_grid/share/nav2_voxel_grid/cmake/ament_cmake_export_dependencies-extras.cmake
[21.857s] -- Up-to-date: /home/agilex/agilex_ws/install/nav2_voxel_grid/share/nav2_voxel_grid/cmake/ament_cmake_export_include_directories-extras.cmake
[21.858s] -- Up-to-date: /home/agilex/agilex_ws/install/nav2_voxel_grid/share/nav2_voxel_grid/cmake/ament_cmake_export_libraries-extras.cmake
[21.858s] -- Up-to-date: /home/agilex/agilex_ws/install/nav2_voxel_grid/share/nav2_voxel_grid/cmake/nav2_voxel_gridConfig.cmake
[21.858s] -- Up-to-date: /home/agilex/agilex_ws/install/nav2_voxel_grid/share/nav2_voxel_grid/cmake/nav2_voxel_gridConfig-version.cmake
[21.858s] -- Up-to-date: /home/agilex/agilex_ws/install/nav2_voxel_grid/share/nav2_voxel_grid/package.xml
[21.931s] Invoked command in '/home/agilex/agilex_ws/build/nav2_voxel_grid' returned '0': CMAKE_PREFIX_PATH=/home/agilex/agilex_ws/install/nav2_common:/home/agilex/agilex_ws/install/ydlidar_sdk:/home/agilex/agilex_ws/install/ydlidar_ros2_driver:/home/agilex/agilex_ws/install/teb_local_planner:/home/agilex/agilex_ws/install/teb_msgs:/home/agilex/agilex_ws/install/rf2o_laser_odometry:/home/agilex/agilex_ws/install/nav2_system_tests:/home/agilex/agilex_ws/install/nav2_bringup:/home/agilex/agilex_ws/install/navigation2:/home/agilex/agilex_ws/install/nav2_smoother:/home/agilex/agilex_ws/install/nav2_dwb_controller:/home/agilex/agilex_ws/install/limo_bringup:/home/agilex/agilex_ws/install/nav2_controller:/home/agilex/agilex_ws/install/dwb_plugins:/home/agilex/agilex_ws/install/dwb_critics:/home/agilex/agilex_ws/install/dwb_core:/home/agilex/agilex_ws/install/nav_2d_utils:/home/agilex/agilex_ws/install/dwb_msgs:/home/agilex/agilex_ws/install/nav_2d_msgs:/home/agilex/agilex_ws/install/nav2_waypoint_follower:/home/agilex/agilex_ws/install/nav2_theta_star_planner:/home/agilex/agilex_ws/install/nav2_smac_planner:/home/agilex/agilex_ws/install/nav2_rotation_shim_controller:/home/agilex/agilex_ws/install/nav2_regulated_pure_pursuit_controller:/home/agilex/agilex_ws/install/nav2_planner:/home/agilex/agilex_ws/install/nav2_navfn_planner:/home/agilex/agilex_ws/install/nav2_constrained_smoother:/home/agilex/agilex_ws/install/nav2_bt_navigator:/home/agilex/agilex_ws/install/nav2_behaviors:/home/agilex/agilex_ws/install/nav2_core:/home/agilex/agilex_ws/install/costmap_queue:/home/agilex/agilex_ws/install/costmap_converter:/home/agilex/agilex_ws/install/nav2_costmap_2d:/home/agilex/agilex_ws/install/nav2_voxel_grid:/home/agilex/agilex_ws/install/nav2_rviz_plugins:/home/agilex/agilex_ws/install/nav2_map_server:/home/agilex/agilex_ws/install/nav2_lifecycle_manager:/home/agilex/agilex_ws/install/nav2_behavior_tree:/home/agilex/agilex_ws/install/nav2_amcl:/home/agilex/agilex_ws/install/nav2_util:/home/agilex/agilex_ws/install/nav2_msgs:/home/agilex/agilex_ws/install/magic_enum:/home/agilex/agilex_ws/install/limo_visions:/home/agilex/agilex_ws/install/limo_base:/home/agilex/agilex_ws/install/limo_msgs:/home/agilex/agilex_ws/install/limo_description:/home/agilex/agilex_ws/install/limo_car:/home/agilex/agilex_ws/install/libuvc:/home/agilex/agilex_ws/install/glog:/home/agilex/agilex_ws/install/csm:/home/agilex/agilex_ws/install/costmap_converter_msgs:/home/agilex/agilex_ws/install/astra_camera:/home/agilex/agilex_ws/install/astra_camera_msgs:/home/agilex/agilex_ws/install/aruco_ros:/home/agilex/agilex_ws/install/aruco_msgs:/home/agilex/agilex_ws/install/aruco:/home/agilex/agilex_ws/install/yolov5_ros2:/home/agilex/agilex_ws/install/nav2_simple_commander:/opt/ros/humble /usr/bin/cmake --install /home/agilex/agilex_ws/build/nav2_voxel_grid
