[0.039s] Invoking command in '/home/agilex/agilex_ws/build/nav2_behavior_tree': AMENT_PREFIX_PATH=/home/agilex/agilex_ws/install/nav2_util:/home/agilex/agilex_ws/install/nav2_msgs:/home/agilex/agilex_ws/install/nav2_common CMAKE_PREFIX_PATH=/home/agilex/agilex_ws/install/nav2_util:/home/agilex/agilex_ws/install/nav2_msgs:/home/agilex/agilex_ws/install/nav2_common LD_LIBRARY_PATH=/home/agilex/agilex_ws/install/nav2_util/lib:/home/agilex/agilex_ws/install/nav2_msgs/lib PYTHONPATH=/home/agilex/agilex_ws/install/nav2_msgs/local/lib/python3.10/dist-packages:/home/agilex/agilex_ws/install/nav2_common/local/lib/python3.10/dist-packages /usr/bin/cmake --build /home/agilex/agilex_ws/build/nav2_behavior_tree -- -j16 -l16
[0.096s] [  1%] Built target nav2_behavior_tree
[0.120s] [  2%] Built target nav2_is_stuck_condition_bt_node
[0.139s] [  3%] Built target nav2_transform_available_condition_bt_node
[0.162s] [  4%] Built target nav2_goal_reached_condition_bt_node
[0.181s] [  5%] Built target nav2_globally_updated_goal_condition_bt_node
[0.201s] [  6%] Built target nav2_goal_updated_condition_bt_node
[0.221s] [  7%] Built target nav2_is_path_valid_condition_bt_node
[0.239s] [  9%] Built target nav2_time_expired_condition_bt_node
[0.262s] [ 10%] Built target nav2_path_expiring_timer_condition
[0.286s] [ 11%] Built target nav2_distance_traveled_condition_bt_node
[0.306s] [ 13%] Built target nav2_initial_pose_received_condition_bt_node
[0.330s] [ 14%] Built target nav2_is_battery_low_condition_bt_node
[0.352s] [ 15%] Built target nav2_reinitialize_global_localization_service_bt_node
[0.371s] [ 17%] Built target nav2_rate_controller_bt_node
[0.392s] [ 19%] Built target nav2_distance_controller_bt_node
[0.414s] [ 20%] Built target nav2_speed_controller_bt_node
[0.434s] [ 21%] Built target nav2_truncate_path_action_bt_node
[0.456s] [ 22%] Built target nav2_truncate_path_local_action_bt_node
[0.478s] [ 23%] Built target nav2_goal_updater_node_bt_node
[0.504s] [ 24%] Built target nav2_path_longer_on_approach_bt_node
[0.523s] [ 25%] Built target nav2_recovery_node_bt_node
[0.545s] [ 26%] Built target nav2_navigate_to_pose_action_bt_node
[0.568s] [ 27%] Built target nav2_navigate_through_poses_action_bt_node
[0.592s] [ 28%] Built target nav2_remove_passed_goals_action_bt_node
[0.612s] [ 29%] Built target nav2_pipeline_sequence_bt_node
[0.631s] [ 30%] Built target nav2_round_robin_node_bt_node
[0.648s] [ 31%] Built target nav2_single_trigger_bt_node
[0.666s] [ 32%] Built target nav2_planner_selector_bt_node
[0.686s] [ 33%] Built target nav2_controller_selector_bt_node
[0.707s] [ 34%] Built target nav2_goal_checker_selector_bt_node
[0.723s] [ 35%] Built target gtest_main
[0.740s] [ 36%] Built target gtest
[0.761s] [ 37%] Built target nav2_clear_costmap_service_bt_node
[0.785s] [ 38%] Built target test_condition_distance_traveled
[0.805s] [ 39%] Built target test_condition_time_expired
[0.828s] [ 40%] Built target test_condition_path_expiring_timer
[0.849s] [ 41%] Built target test_condition_goal_reached
[0.872s] [ 42%] Built target test_condition_goal_updated
[0.895s] [ 43%] Built target test_condition_globally_updated_goal
[0.918s] [ 44%] Built target test_condition_initial_pose_received
[0.941s] [ 45%] Built target test_condition_transform_available
[0.964s] [ 46%] Built target test_condition_is_stuck
[0.987s] [ 48%] Built target test_condition_is_battery_low
[1.010s] [ 49%] Built target test_condition_is_path_valid
[1.033s] [ 51%] Built target test_decorator_distance_controller
[1.055s] [ 52%] Built target test_decorator_speed_controller
[1.078s] [ 53%] Built target test_decorator_rate_controller
[1.101s] [ 54%] Built target test_goal_updater_node
[1.125s] [ 55%] Built target test_single_trigger_node
[1.144s] [ 56%] Built target test_decorator_path_longer_on_approach
[1.165s] [ 57%] Built target test_control_recovery_node
[1.188s] [ 58%] Built target test_control_pipeline_sequence
[1.208s] [ 59%] Built target test_control_round_robin_node
[1.231s] [ 60%] Built target test_bt_action_node
[1.254s] [ 61%] Built target test_action_clear_costmap_service
[1.277s] [ 62%] Built target test_action_reinitialize_global_localization_service
[1.304s] [ 63%] Built target test_action_navigate_to_pose_action
[1.325s] [ 64%] Built target test_action_navigate_through_poses_action
[1.349s] [ 65%] Built target test_truncate_path_action
[1.371s] [ 67%] Built target test_truncate_path_local_action
[1.394s] [ 68%] Built target test_remove_passed_goals_action
[1.416s] [ 69%] Built target test_planner_selector_node
[1.441s] [ 70%] Built target test_controller_selector_node
[1.466s] [ 71%] Built target test_goal_checker_selector_node
[1.485s] [ 72%] Built target test_bt_conversions
[1.509s] [ 73%] Built target nav2_wait_action_bt_node
[1.535s] [ 74%] Built target nav2_spin_action_bt_node
[1.559s] [ 75%] Built target test_action_wait_action
[1.586s] [ 76%] Built target test_action_spin_action
[1.617s] [ 77%] Built target nav2_drive_on_heading_bt_node
[1.647s] [ 78%] Built target nav2_back_up_action_bt_node
[1.680s] [ 79%] Built target test_action_drive_on_heading
[1.713s] [ 80%] Built target test_action_back_up_action
[1.742s] [ 81%] Built target nav2_follow_path_action_bt_node
[1.773s] [ 82%] Built target nav2_smooth_path_action_bt_node
[1.797s] [ 83%] Built target test_action_follow_path_action
[1.825s] [ 84%] Built target test_action_smooth_path_action
[1.854s] [ 85%] Built target nav2_drive_on_heading_cancel_bt_node
[1.888s] [ 86%] Built target nav2_back_up_cancel_bt_node
[1.923s] [ 87%] Built target test_action_drive_on_heading_cancel_action
[1.958s] [ 88%] Built target test_action_back_up_cancel_action
[1.994s] [ 89%] Built target nav2_spin_cancel_bt_node
[2.031s] [ 90%] Built target nav2_wait_cancel_bt_node
[2.072s] [ 92%] Built target test_action_spin_cancel_action
[2.114s] [ 93%] Built target test_action_wait_cancel_action
[2.156s] [ 94%] Built target nav2_controller_cancel_bt_node
[2.196s] [ 95%] Built target nav2_compute_path_through_poses_action_bt_node
[2.237s] [ 96%] Built target test_action_controller_cancel_action
[2.280s] [ 97%] Built target test_action_compute_path_through_poses_action
[2.321s] [ 98%] Built target nav2_compute_path_to_pose_action_bt_node
[2.364s] [100%] Built target test_action_compute_path_to_pose_action
[2.383s] Invoked command in '/home/agilex/agilex_ws/build/nav2_behavior_tree' returned '0': AMENT_PREFIX_PATH=/home/agilex/agilex_ws/install/nav2_util:/home/agilex/agilex_ws/install/nav2_msgs:/home/agilex/agilex_ws/install/nav2_common CMAKE_PREFIX_PATH=/home/agilex/agilex_ws/install/nav2_util:/home/agilex/agilex_ws/install/nav2_msgs:/home/agilex/agilex_ws/install/nav2_common LD_LIBRARY_PATH=/home/agilex/agilex_ws/install/nav2_util/lib:/home/agilex/agilex_ws/install/nav2_msgs/lib PYTHONPATH=/home/agilex/agilex_ws/install/nav2_msgs/local/lib/python3.10/dist-packages:/home/agilex/agilex_ws/install/nav2_common/local/lib/python3.10/dist-packages /usr/bin/cmake --build /home/agilex/agilex_ws/build/nav2_behavior_tree -- -j16 -l16
[2.597s] Invoking command in '/home/agilex/agilex_ws/build/nav2_behavior_tree': AMENT_PREFIX_PATH=/home/agilex/agilex_ws/install/nav2_util:/home/agilex/agilex_ws/install/nav2_msgs:/home/agilex/agilex_ws/install/nav2_common CMAKE_PREFIX_PATH=/home/agilex/agilex_ws/install/nav2_util:/home/agilex/agilex_ws/install/nav2_msgs:/home/agilex/agilex_ws/install/nav2_common LD_LIBRARY_PATH=/home/agilex/agilex_ws/install/nav2_util/lib:/home/agilex/agilex_ws/install/nav2_msgs/lib PYTHONPATH=/home/agilex/agilex_ws/install/nav2_msgs/local/lib/python3.10/dist-packages:/home/agilex/agilex_ws/install/nav2_common/local/lib/python3.10/dist-packages /usr/bin/cmake --install /home/agilex/agilex_ws/build/nav2_behavior_tree
[34.014s] -- Install configuration: "Release"
[34.015s] -- Up-to-date: /home/agilex/agilex_ws/install/nav2_behavior_tree/lib/libnav2_behavior_tree.so
[34.029s] -- Up-to-date: /home/agilex/agilex_ws/install/nav2_behavior_tree/lib/libnav2_compute_path_to_pose_action_bt_node.so
[34.035s] -- Up-to-date: /home/agilex/agilex_ws/install/nav2_behavior_tree/lib/libnav2_compute_path_through_poses_action_bt_node.so
[34.040s] -- Up-to-date: /home/agilex/agilex_ws/install/nav2_behavior_tree/lib/libnav2_controller_cancel_bt_node.so
[34.040s] -- Up-to-date: /home/agilex/agilex_ws/install/nav2_behavior_tree/lib/libnav2_wait_cancel_bt_node.so
[34.040s] -- Up-to-date: /home/agilex/agilex_ws/install/nav2_behavior_tree/lib/libnav2_spin_cancel_bt_node.so
[34.040s] -- Up-to-date: /home/agilex/agilex_ws/install/nav2_behavior_tree/lib/libnav2_back_up_cancel_bt_node.so
[34.040s] -- Up-to-date: /home/agilex/agilex_ws/install/nav2_behavior_tree/lib/libnav2_drive_on_heading_cancel_bt_node.so
[34.040s] -- Up-to-date: /home/agilex/agilex_ws/install/nav2_behavior_tree/lib/libnav2_smooth_path_action_bt_node.so
[34.040s] -- Up-to-date: /home/agilex/agilex_ws/install/nav2_behavior_tree/lib/libnav2_follow_path_action_bt_node.so
[34.040s] -- Up-to-date: /home/agilex/agilex_ws/install/nav2_behavior_tree/lib/libnav2_back_up_action_bt_node.so
[34.040s] -- Up-to-date: /home/agilex/agilex_ws/install/nav2_behavior_tree/lib/libnav2_drive_on_heading_bt_node.so
[34.040s] -- Up-to-date: /home/agilex/agilex_ws/install/nav2_behavior_tree/lib/libnav2_spin_action_bt_node.so
[34.040s] -- Up-to-date: /home/agilex/agilex_ws/install/nav2_behavior_tree/lib/libnav2_wait_action_bt_node.so
[34.041s] -- Up-to-date: /home/agilex/agilex_ws/install/nav2_behavior_tree/lib/libnav2_clear_costmap_service_bt_node.so
[34.041s] -- Up-to-date: /home/agilex/agilex_ws/install/nav2_behavior_tree/lib/libnav2_is_stuck_condition_bt_node.so
[34.041s] -- Up-to-date: /home/agilex/agilex_ws/install/nav2_behavior_tree/lib/libnav2_transform_available_condition_bt_node.so
[34.041s] -- Up-to-date: /home/agilex/agilex_ws/install/nav2_behavior_tree/lib/libnav2_goal_reached_condition_bt_node.so
[34.042s] -- Up-to-date: /home/agilex/agilex_ws/install/nav2_behavior_tree/lib/libnav2_globally_updated_goal_condition_bt_node.so
[34.042s] -- Up-to-date: /home/agilex/agilex_ws/install/nav2_behavior_tree/lib/libnav2_goal_updated_condition_bt_node.so
[34.042s] -- Up-to-date: /home/agilex/agilex_ws/install/nav2_behavior_tree/lib/libnav2_is_path_valid_condition_bt_node.so
[34.042s] -- Up-to-date: /home/agilex/agilex_ws/install/nav2_behavior_tree/lib/libnav2_time_expired_condition_bt_node.so
[34.044s] -- Up-to-date: /home/agilex/agilex_ws/install/nav2_behavior_tree/lib/libnav2_path_expiring_timer_condition.so
[34.044s] -- Up-to-date: /home/agilex/agilex_ws/install/nav2_behavior_tree/lib/libnav2_distance_traveled_condition_bt_node.so
[34.045s] -- Up-to-date: /home/agilex/agilex_ws/install/nav2_behavior_tree/lib/libnav2_initial_pose_received_condition_bt_node.so
[34.045s] -- Up-to-date: /home/agilex/agilex_ws/install/nav2_behavior_tree/lib/libnav2_is_battery_low_condition_bt_node.so
[34.045s] -- Up-to-date: /home/agilex/agilex_ws/install/nav2_behavior_tree/lib/libnav2_reinitialize_global_localization_service_bt_node.so
[34.045s] -- Up-to-date: /home/agilex/agilex_ws/install/nav2_behavior_tree/lib/libnav2_rate_controller_bt_node.so
[34.045s] -- Up-to-date: /home/agilex/agilex_ws/install/nav2_behavior_tree/lib/libnav2_distance_controller_bt_node.so
[34.045s] -- Up-to-date: /home/agilex/agilex_ws/install/nav2_behavior_tree/lib/libnav2_speed_controller_bt_node.so
[34.045s] -- Up-to-date: /home/agilex/agilex_ws/install/nav2_behavior_tree/lib/libnav2_truncate_path_action_bt_node.so
[34.045s] -- Up-to-date: /home/agilex/agilex_ws/install/nav2_behavior_tree/lib/libnav2_truncate_path_local_action_bt_node.so
[34.045s] -- Up-to-date: /home/agilex/agilex_ws/install/nav2_behavior_tree/lib/libnav2_goal_updater_node_bt_node.so
[34.046s] -- Up-to-date: /home/agilex/agilex_ws/install/nav2_behavior_tree/lib/libnav2_path_longer_on_approach_bt_node.so
[34.046s] -- Up-to-date: /home/agilex/agilex_ws/install/nav2_behavior_tree/lib/libnav2_recovery_node_bt_node.so
[34.046s] -- Up-to-date: /home/agilex/agilex_ws/install/nav2_behavior_tree/lib/libnav2_navigate_to_pose_action_bt_node.so
[34.046s] -- Up-to-date: /home/agilex/agilex_ws/install/nav2_behavior_tree/lib/libnav2_navigate_through_poses_action_bt_node.so
[34.046s] -- Up-to-date: /home/agilex/agilex_ws/install/nav2_behavior_tree/lib/libnav2_remove_passed_goals_action_bt_node.so
[34.046s] -- Up-to-date: /home/agilex/agilex_ws/install/nav2_behavior_tree/lib/libnav2_pipeline_sequence_bt_node.so
[34.046s] -- Up-to-date: /home/agilex/agilex_ws/install/nav2_behavior_tree/lib/libnav2_round_robin_node_bt_node.so
[34.046s] -- Up-to-date: /home/agilex/agilex_ws/install/nav2_behavior_tree/lib/libnav2_single_trigger_bt_node.so
[34.046s] -- Up-to-date: /home/agilex/agilex_ws/install/nav2_behavior_tree/lib/libnav2_planner_selector_bt_node.so
[34.046s] -- Up-to-date: /home/agilex/agilex_ws/install/nav2_behavior_tree/lib/libnav2_controller_selector_bt_node.so
[34.046s] -- Up-to-date: /home/agilex/agilex_ws/install/nav2_behavior_tree/lib/libnav2_goal_checker_selector_bt_node.so
[34.046s] -- Up-to-date: /home/agilex/agilex_ws/install/nav2_behavior_tree/include/
[34.046s] -- Up-to-date: /home/agilex/agilex_ws/install/nav2_behavior_tree/include//nav2_behavior_tree
[34.047s] -- Up-to-date: /home/agilex/agilex_ws/install/nav2_behavior_tree/include//nav2_behavior_tree/bt_action_server.hpp
[34.047s] -- Up-to-date: /home/agilex/agilex_ws/install/nav2_behavior_tree/include//nav2_behavior_tree/bt_action_node.hpp
[34.047s] -- Up-to-date: /home/agilex/agilex_ws/install/nav2_behavior_tree/include//nav2_behavior_tree/bt_conversions.hpp
[34.047s] -- Up-to-date: /home/agilex/agilex_ws/install/nav2_behavior_tree/include//nav2_behavior_tree/ros_topic_logger.hpp
[34.047s] -- Up-to-date: /home/agilex/agilex_ws/install/nav2_behavior_tree/include//nav2_behavior_tree/behavior_tree_engine.hpp
[34.047s] -- Up-to-date: /home/agilex/agilex_ws/install/nav2_behavior_tree/include//nav2_behavior_tree/bt_action_server_impl.hpp
[34.047s] -- Up-to-date: /home/agilex/agilex_ws/install/nav2_behavior_tree/include//nav2_behavior_tree/bt_cancel_action_node.hpp
[34.047s] -- Up-to-date: /home/agilex/agilex_ws/install/nav2_behavior_tree/include//nav2_behavior_tree/plugins
[34.047s] -- Up-to-date: /home/agilex/agilex_ws/install/nav2_behavior_tree/include//nav2_behavior_tree/plugins/action
[34.047s] -- Up-to-date: /home/agilex/agilex_ws/install/nav2_behavior_tree/include//nav2_behavior_tree/plugins/action/drive_on_heading_cancel_node.hpp
[34.047s] -- Up-to-date: /home/agilex/agilex_ws/install/nav2_behavior_tree/include//nav2_behavior_tree/plugins/action/reinitialize_global_localization_service.hpp
[34.047s] -- Up-to-date: /home/agilex/agilex_ws/install/nav2_behavior_tree/include//nav2_behavior_tree/plugins/action/wait_action.hpp
[34.048s] -- Up-to-date: /home/agilex/agilex_ws/install/nav2_behavior_tree/include//nav2_behavior_tree/plugins/action/wait_cancel_node.hpp
[34.048s] -- Up-to-date: /home/agilex/agilex_ws/install/nav2_behavior_tree/include//nav2_behavior_tree/plugins/action/navigate_through_poses_action.hpp
[34.048s] -- Up-to-date: /home/agilex/agilex_ws/install/nav2_behavior_tree/include//nav2_behavior_tree/plugins/action/controller_cancel_node.hpp
[34.048s] -- Up-to-date: /home/agilex/agilex_ws/install/nav2_behavior_tree/include//nav2_behavior_tree/plugins/action/clear_costmap_service.hpp
[34.048s] -- Up-to-date: /home/agilex/agilex_ws/install/nav2_behavior_tree/include//nav2_behavior_tree/plugins/action/compute_path_through_poses_action.hpp
[34.048s] -- Up-to-date: /home/agilex/agilex_ws/install/nav2_behavior_tree/include//nav2_behavior_tree/plugins/action/spin_action.hpp
[34.048s] -- Up-to-date: /home/agilex/agilex_ws/install/nav2_behavior_tree/include//nav2_behavior_tree/plugins/action/back_up_action.hpp
[34.048s] -- Up-to-date: /home/agilex/agilex_ws/install/nav2_behavior_tree/include//nav2_behavior_tree/plugins/action/smooth_path_action.hpp
[34.049s] -- Up-to-date: /home/agilex/agilex_ws/install/nav2_behavior_tree/include//nav2_behavior_tree/plugins/action/back_up_cancel_node.hpp
[34.049s] -- Up-to-date: /home/agilex/agilex_ws/install/nav2_behavior_tree/include//nav2_behavior_tree/plugins/action/compute_path_to_pose_action.hpp
[34.049s] -- Up-to-date: /home/agilex/agilex_ws/install/nav2_behavior_tree/include//nav2_behavior_tree/plugins/action/remove_passed_goals_action.hpp
[34.049s] -- Up-to-date: /home/agilex/agilex_ws/install/nav2_behavior_tree/include//nav2_behavior_tree/plugins/action/controller_selector_node.hpp
[34.052s] -- Up-to-date: /home/agilex/agilex_ws/install/nav2_behavior_tree/include//nav2_behavior_tree/plugins/action/planner_selector_node.hpp
[34.052s] -- Up-to-date: /home/agilex/agilex_ws/install/nav2_behavior_tree/include//nav2_behavior_tree/plugins/action/truncate_path_action.hpp
[34.053s] -- Up-to-date: /home/agilex/agilex_ws/install/nav2_behavior_tree/include//nav2_behavior_tree/plugins/action/goal_checker_selector_node.hpp
[34.053s] -- Up-to-date: /home/agilex/agilex_ws/install/nav2_behavior_tree/include//nav2_behavior_tree/plugins/action/spin_cancel_node.hpp
[34.053s] -- Up-to-date: /home/agilex/agilex_ws/install/nav2_behavior_tree/include//nav2_behavior_tree/plugins/action/follow_path_action.hpp
[34.053s] -- Up-to-date: /home/agilex/agilex_ws/install/nav2_behavior_tree/include//nav2_behavior_tree/plugins/action/truncate_path_local_action.hpp
[34.053s] -- Up-to-date: /home/agilex/agilex_ws/install/nav2_behavior_tree/include//nav2_behavior_tree/plugins/action/drive_on_heading_action.hpp
[34.053s] -- Up-to-date: /home/agilex/agilex_ws/install/nav2_behavior_tree/include//nav2_behavior_tree/plugins/action/navigate_to_pose_action.hpp
[34.053s] -- Up-to-date: /home/agilex/agilex_ws/install/nav2_behavior_tree/include//nav2_behavior_tree/plugins/control
[34.053s] -- Up-to-date: /home/agilex/agilex_ws/install/nav2_behavior_tree/include//nav2_behavior_tree/plugins/control/pipeline_sequence.hpp
[34.054s] -- Up-to-date: /home/agilex/agilex_ws/install/nav2_behavior_tree/include//nav2_behavior_tree/plugins/control/recovery_node.hpp
[34.054s] -- Up-to-date: /home/agilex/agilex_ws/install/nav2_behavior_tree/include//nav2_behavior_tree/plugins/control/round_robin_node.hpp
[34.054s] -- Up-to-date: /home/agilex/agilex_ws/install/nav2_behavior_tree/include//nav2_behavior_tree/plugins/decorator
[34.054s] -- Up-to-date: /home/agilex/agilex_ws/install/nav2_behavior_tree/include//nav2_behavior_tree/plugins/decorator/single_trigger_node.hpp
[34.054s] -- Up-to-date: /home/agilex/agilex_ws/install/nav2_behavior_tree/include//nav2_behavior_tree/plugins/decorator/goal_updater_node.hpp
[34.054s] -- Up-to-date: /home/agilex/agilex_ws/install/nav2_behavior_tree/include//nav2_behavior_tree/plugins/decorator/path_longer_on_approach.hpp
[34.054s] -- Up-to-date: /home/agilex/agilex_ws/install/nav2_behavior_tree/include//nav2_behavior_tree/plugins/decorator/rate_controller.hpp
[34.054s] -- Up-to-date: /home/agilex/agilex_ws/install/nav2_behavior_tree/include//nav2_behavior_tree/plugins/decorator/distance_controller.hpp
[34.054s] -- Up-to-date: /home/agilex/agilex_ws/install/nav2_behavior_tree/include//nav2_behavior_tree/plugins/decorator/speed_controller.hpp
[34.054s] -- Up-to-date: /home/agilex/agilex_ws/install/nav2_behavior_tree/include//nav2_behavior_tree/plugins/condition
[34.055s] -- Up-to-date: /home/agilex/agilex_ws/install/nav2_behavior_tree/include//nav2_behavior_tree/plugins/condition/goal_reached_condition.hpp
[34.055s] -- Up-to-date: /home/agilex/agilex_ws/install/nav2_behavior_tree/include//nav2_behavior_tree/plugins/condition/globally_updated_goal_condition.hpp
[34.055s] -- Up-to-date: /home/agilex/agilex_ws/install/nav2_behavior_tree/include//nav2_behavior_tree/plugins/condition/distance_traveled_condition.hpp
[34.055s] -- Up-to-date: /home/agilex/agilex_ws/install/nav2_behavior_tree/include//nav2_behavior_tree/plugins/condition/path_expiring_timer_condition.hpp
[34.055s] -- Up-to-date: /home/agilex/agilex_ws/install/nav2_behavior_tree/include//nav2_behavior_tree/plugins/condition/is_stuck_condition.hpp
[34.055s] -- Up-to-date: /home/agilex/agilex_ws/install/nav2_behavior_tree/include//nav2_behavior_tree/plugins/condition/time_expired_condition.hpp
[34.056s] -- Up-to-date: /home/agilex/agilex_ws/install/nav2_behavior_tree/include//nav2_behavior_tree/plugins/condition/is_battery_low_condition.hpp
[34.056s] -- Up-to-date: /home/agilex/agilex_ws/install/nav2_behavior_tree/include//nav2_behavior_tree/plugins/condition/is_path_valid_condition.hpp
[34.056s] -- Up-to-date: /home/agilex/agilex_ws/install/nav2_behavior_tree/include//nav2_behavior_tree/plugins/condition/initial_pose_received_condition.hpp
[34.056s] -- Up-to-date: /home/agilex/agilex_ws/install/nav2_behavior_tree/include//nav2_behavior_tree/plugins/condition/goal_updated_condition.hpp
[34.056s] -- Up-to-date: /home/agilex/agilex_ws/install/nav2_behavior_tree/include//nav2_behavior_tree/plugins/condition/transform_available_condition.hpp
[34.056s] -- Up-to-date: /home/agilex/agilex_ws/install/nav2_behavior_tree/include//nav2_behavior_tree/bt_service_node.hpp
[34.056s] -- Up-to-date: /home/agilex/agilex_ws/install/nav2_behavior_tree/share/nav2_behavior_tree/nav2_tree_nodes.xml
[34.056s] -- Up-to-date: /home/agilex/agilex_ws/install/nav2_behavior_tree/share/nav2_behavior_tree/environment/library_path.sh
[34.056s] -- Up-to-date: /home/agilex/agilex_ws/install/nav2_behavior_tree/share/nav2_behavior_tree/environment/library_path.dsv
[34.056s] -- Up-to-date: /home/agilex/agilex_ws/install/nav2_behavior_tree/share/ament_index/resource_index/package_run_dependencies/nav2_behavior_tree
[34.056s] -- Up-to-date: /home/agilex/agilex_ws/install/nav2_behavior_tree/share/ament_index/resource_index/parent_prefix_path/nav2_behavior_tree
[34.057s] -- Up-to-date: /home/agilex/agilex_ws/install/nav2_behavior_tree/share/nav2_behavior_tree/environment/ament_prefix_path.sh
[34.057s] -- Up-to-date: /home/agilex/agilex_ws/install/nav2_behavior_tree/share/nav2_behavior_tree/environment/ament_prefix_path.dsv
[34.057s] -- Up-to-date: /home/agilex/agilex_ws/install/nav2_behavior_tree/share/nav2_behavior_tree/environment/path.sh
[34.057s] -- Up-to-date: /home/agilex/agilex_ws/install/nav2_behavior_tree/share/nav2_behavior_tree/environment/path.dsv
[34.057s] -- Up-to-date: /home/agilex/agilex_ws/install/nav2_behavior_tree/share/nav2_behavior_tree/local_setup.bash
[34.057s] -- Up-to-date: /home/agilex/agilex_ws/install/nav2_behavior_tree/share/nav2_behavior_tree/local_setup.sh
[34.057s] -- Up-to-date: /home/agilex/agilex_ws/install/nav2_behavior_tree/share/nav2_behavior_tree/local_setup.zsh
[34.057s] -- Up-to-date: /home/agilex/agilex_ws/install/nav2_behavior_tree/share/nav2_behavior_tree/local_setup.dsv
[34.057s] -- Installing: /home/agilex/agilex_ws/install/nav2_behavior_tree/share/nav2_behavior_tree/package.dsv
[34.057s] -- Up-to-date: /home/agilex/agilex_ws/install/nav2_behavior_tree/share/ament_index/resource_index/packages/nav2_behavior_tree
[34.057s] -- Up-to-date: /home/agilex/agilex_ws/install/nav2_behavior_tree/share/nav2_behavior_tree/cmake/ament_cmake_export_include_directories-extras.cmake
[34.057s] -- Up-to-date: /home/agilex/agilex_ws/install/nav2_behavior_tree/share/nav2_behavior_tree/cmake/ament_cmake_export_libraries-extras.cmake
[34.057s] -- Up-to-date: /home/agilex/agilex_ws/install/nav2_behavior_tree/share/nav2_behavior_tree/cmake/ament_cmake_export_dependencies-extras.cmake
[34.058s] -- Up-to-date: /home/agilex/agilex_ws/install/nav2_behavior_tree/share/nav2_behavior_tree/cmake/nav2_behavior_treeConfig.cmake
[34.058s] -- Up-to-date: /home/agilex/agilex_ws/install/nav2_behavior_tree/share/nav2_behavior_tree/cmake/nav2_behavior_treeConfig-version.cmake
[34.058s] -- Up-to-date: /home/agilex/agilex_ws/install/nav2_behavior_tree/share/nav2_behavior_tree/package.xml
[34.062s] Invoked command in '/home/agilex/agilex_ws/build/nav2_behavior_tree' returned '0': AMENT_PREFIX_PATH=/home/agilex/agilex_ws/install/nav2_util:/home/agilex/agilex_ws/install/nav2_msgs:/home/agilex/agilex_ws/install/nav2_common CMAKE_PREFIX_PATH=/home/agilex/agilex_ws/install/nav2_util:/home/agilex/agilex_ws/install/nav2_msgs:/home/agilex/agilex_ws/install/nav2_common LD_LIBRARY_PATH=/home/agilex/agilex_ws/install/nav2_util/lib:/home/agilex/agilex_ws/install/nav2_msgs/lib PYTHONPATH=/home/agilex/agilex_ws/install/nav2_msgs/local/lib/python3.10/dist-packages:/home/agilex/agilex_ws/install/nav2_common/local/lib/python3.10/dist-packages /usr/bin/cmake --install /home/agilex/agilex_ws/build/nav2_behavior_tree
