-- Found ament_cmake: 1.3.6 (/opt/ros/humble/share/ament_cmake/cmake)
-- Found Python3: /usr/bin/python3.10 (found version "3.10.12") found components: Interpreter 
-- Found nav2_common: 1.1.0 (/home/agilex/agilex_ws/install/nav2_common/share/nav2_common/cmake)
-- Found nav2_costmap_2d: 1.1.0 (/home/agilex/agilex_ws/install/nav2_costmap_2d/share/nav2_costmap_2d/cmake)
-- Found rosidl_generator_c: 3.1.5 (/opt/ros/humble/share/rosidl_generator_c/cmake)
-- Found rosidl_adapter: 3.1.5 (/opt/ros/humble/share/rosidl_adapter/cmake)
-- Found rosidl_generator_cpp: 3.1.5 (/opt/ros/humble/share/rosidl_generator_cpp/cmake)
-- Using all available rosidl_typesupport_c: rosidl_typesupport_fastrtps_c;rosidl_typesupport_introspection_c
-- Using all available rosidl_typesupport_cpp: rosidl_typesupport_fastrtps_cpp;rosidl_typesupport_introspection_cpp
-- Found rmw_implementation_cmake: 6.1.1 (/opt/ros/humble/share/rmw_implementation_cmake/cmake)
-- Found rmw_fastrtps_cpp: 6.2.5 (/opt/ros/humble/share/rmw_fastrtps_cpp/cmake)
-- Using RMW implementation 'rmw_fastrtps_cpp' as default
-- Ensuring Eigen3 include directory is part of orocos-kdl CMake target
-- Found ament_lint_auto: 0.12.9 (/opt/ros/humble/share/ament_lint_auto/cmake)
-- Found gtest sources under '/opt/ros/humble/src/gtest_vendor': C++ tests using 'Google Test' will be built
-- Added test 'cppcheck' to perform static code analysis on C / C++ code
-- Configured cppcheck include dirs: /home/agilex/agilex_ws/src/navigation2/nav2_dwb_controller/costmap_queue/include
-- Configured cppcheck exclude dirs and/or files: 
-- Added test 'cpplint' to check C / C++ code against the Google style
-- Configured cpplint exclude dirs and/or files: 
-- Added test 'lint_cmake' to check CMake code style
-- Added test 'uncrustify' to check C / C++ code style
-- Configured uncrustify additional arguments: 
-- Added test 'xmllint' to check XML markup files
-- Configuring done
-- Generating done
-- Build files have been written to: /home/agilex/agilex_ws/build/costmap_queue
[35m[1mConsolidate compiler generated dependencies of target costmap_queue[0m
[  9%] [32mBuilding CXX object CMakeFiles/costmap_queue.dir/src/costmap_queue.cpp.o[0m
[ 18%] [32mBuilding CXX object CMakeFiles/costmap_queue.dir/src/limited_costmap_queue.cpp.o[0m
[ 27%] [32m[1mLinking CXX static library libcostmap_queue.a[0m
[ 27%] Built target costmap_queue
[35m[1mConsolidate compiler generated dependencies of target gtest[0m
[ 36%] [32mBuilding CXX object gtest/CMakeFiles/gtest.dir/src/gtest-all.cc.o[0m
[ 45%] [32m[1mLinking CXX static library libgtest.a[0m
[ 45%] Built target gtest
[35m[1mConsolidate compiler generated dependencies of target gtest_main[0m
[ 54%] [32mBuilding CXX object gtest/CMakeFiles/gtest_main.dir/src/gtest_main.cc.o[0m
[ 63%] [32m[1mLinking CXX static library libgtest_main.a[0m
[ 63%] Built target gtest_main
[35m[1mConsolidate compiler generated dependencies of target mbq_test[0m
[ 72%] [32mBuilding CXX object CMakeFiles/mbq_test.dir/test/mbq_test.cpp.o[0m
[ 81%] [32m[1mLinking CXX executable mbq_test[0m
[ 81%] Built target mbq_test
[35m[1mConsolidate compiler generated dependencies of target utest[0m
[ 90%] [32mBuilding CXX object CMakeFiles/utest.dir/test/utest.cpp.o[0m
[100%] [32m[1mLinking CXX executable utest[0m
[100%] Built target utest
-- Install configuration: "Release"
-- Installing: /home/agilex/agilex_ws/install/costmap_queue/lib/libcostmap_queue.a
-- Up-to-date: /home/agilex/agilex_ws/install/costmap_queue/include/
-- Up-to-date: /home/agilex/agilex_ws/install/costmap_queue/include//costmap_queue
-- Up-to-date: /home/agilex/agilex_ws/install/costmap_queue/include//costmap_queue/map_based_queue.hpp
-- Up-to-date: /home/agilex/agilex_ws/install/costmap_queue/include//costmap_queue/costmap_queue.hpp
-- Up-to-date: /home/agilex/agilex_ws/install/costmap_queue/include//costmap_queue/limited_costmap_queue.hpp
-- Up-to-date: /home/agilex/agilex_ws/install/costmap_queue/share/costmap_queue/environment/library_path.sh
-- Installing: /home/agilex/agilex_ws/install/costmap_queue/share/costmap_queue/environment/library_path.dsv
-- Up-to-date: /home/agilex/agilex_ws/install/costmap_queue/share/ament_index/resource_index/package_run_dependencies/costmap_queue
-- Installing: /home/agilex/agilex_ws/install/costmap_queue/share/ament_index/resource_index/parent_prefix_path/costmap_queue
-- Installing: /home/agilex/agilex_ws/install/costmap_queue/share/costmap_queue/environment/ament_prefix_path.sh
-- Installing: /home/agilex/agilex_ws/install/costmap_queue/share/costmap_queue/environment/ament_prefix_path.dsv
-- Installing: /home/agilex/agilex_ws/install/costmap_queue/share/costmap_queue/environment/path.sh
-- Installing: /home/agilex/agilex_ws/install/costmap_queue/share/costmap_queue/environment/path.dsv
-- Up-to-date: /home/agilex/agilex_ws/install/costmap_queue/share/costmap_queue/local_setup.bash
-- Up-to-date: /home/agilex/agilex_ws/install/costmap_queue/share/costmap_queue/local_setup.sh
-- Up-to-date: /home/agilex/agilex_ws/install/costmap_queue/share/costmap_queue/local_setup.zsh
-- Installing: /home/agilex/agilex_ws/install/costmap_queue/share/costmap_queue/local_setup.dsv
-- Installing: /home/agilex/agilex_ws/install/costmap_queue/share/costmap_queue/package.dsv
-- Up-to-date: /home/agilex/agilex_ws/install/costmap_queue/share/ament_index/resource_index/packages/costmap_queue
-- Up-to-date: /home/agilex/agilex_ws/install/costmap_queue/share/costmap_queue/cmake/ament_cmake_export_include_directories-extras.cmake
-- Up-to-date: /home/agilex/agilex_ws/install/costmap_queue/share/costmap_queue/cmake/ament_cmake_export_libraries-extras.cmake
-- Up-to-date: /home/agilex/agilex_ws/install/costmap_queue/share/costmap_queue/cmake/costmap_queueConfig.cmake
-- Up-to-date: /home/agilex/agilex_ws/install/costmap_queue/share/costmap_queue/cmake/costmap_queueConfig-version.cmake
-- Up-to-date: /home/agilex/agilex_ws/install/costmap_queue/share/costmap_queue/package.xml
