[0.065s] Invoking command in '/home/agilex/agilex_ws/build/magic_enum': CMAKE_PREFIX_PATH=/opt/ros/humble /usr/bin/cmake --build /home/agilex/agilex_ws/build/magic_enum -- -j8 -l8
[0.102s] [35m[1mConsolidate compiler generated dependencies of target example[0m
[0.107s] [35m[1mConsolidate compiler generated dependencies of target enum_flag_example[0m
[0.110s] [35m[1mConsolidate compiler generated dependencies of target example_switch[0m
[0.112s] [35m[1mConsolidate compiler generated dependencies of target test_flags-cpp17[0m
[0.117s] [35m[1mConsolidate compiler generated dependencies of target test-cpp17[0m
[0.121s] [35m[1mConsolidate compiler generated dependencies of target example_nonascii_name[0m
[0.125s] [35m[1mConsolidate compiler generated dependencies of target example_custom_name[0m
[0.125s] [35m[1mConsolidate compiler generated dependencies of target test-cpp20[0m
[0.136s] [ 11%] Built target enum_flag_example
[0.136s] [ 22%] Built target example_switch
[0.137s] [ 33%] Built target example
[0.139s] [ 44%] Built target test_flags-cpp17
[0.142s] [ 55%] Built target test-cpp17
[0.143s] [ 66%] Built target example_custom_name
[0.145s] [ 77%] Built target example_nonascii_name
[0.149s] [ 88%] Built target test-cpp20
[0.154s] [35m[1mConsolidate compiler generated dependencies of target test_flags-cpp20[0m
[0.173s] [100%] Built target test_flags-cpp20
[0.197s] Invoked command in '/home/agilex/agilex_ws/build/magic_enum' returned '0': CMAKE_PREFIX_PATH=/opt/ros/humble /usr/bin/cmake --build /home/agilex/agilex_ws/build/magic_enum -- -j8 -l8
[0.216s] Invoking command in '/home/agilex/agilex_ws/build/magic_enum': CMAKE_PREFIX_PATH=/opt/ros/humble /usr/bin/cmake --install /home/agilex/agilex_ws/build/magic_enum
[0.225s] -- Install configuration: ""
[0.225s] -- Up-to-date: /home/agilex/agilex_ws/install/magic_enum/lib/cmake/magic_enum/magic_enumConfigVersion.cmake
[0.225s] -- Up-to-date: /home/agilex/agilex_ws/install/magic_enum/lib/cmake/magic_enum/magic_enumConfig.cmake
[0.226s] -- Up-to-date: /home/agilex/agilex_ws/install/magic_enum/./include
[0.226s] -- Up-to-date: /home/agilex/agilex_ws/install/magic_enum/./include/magic_enum.hpp
[0.226s] -- Up-to-date: /home/agilex/agilex_ws/install/magic_enum/./include/magic_enum_fuse.hpp
[0.226s] -- Up-to-date: /home/agilex/agilex_ws/install/magic_enum/share/magic_enum/package.xml
[0.261s] Invoked command in '/home/agilex/agilex_ws/build/magic_enum' returned '0': CMAKE_PREFIX_PATH=/opt/ros/humble /usr/bin/cmake --install /home/agilex/agilex_ws/build/magic_enum
