[0.136s] Invoking command in '/home/agilex/agilex_ws/build/nav2_behavior_tree': CMAKE_PREFIX_PATH=/home/agilex/agilex_ws/install/nav2_util:/home/agilex/agilex_ws/install/nav2_msgs:/home/agilex/agilex_ws/install/nav2_common:/home/agilex/agilex_ws/install/ydlidar_sdk:/home/agilex/agilex_ws/install/ydlidar_ros2_driver:/home/agilex/agilex_ws/install/teb_local_planner:/home/agilex/agilex_ws/install/teb_msgs:/home/agilex/agilex_ws/install/rf2o_laser_odometry:/home/agilex/agilex_ws/install/orbbec_description:/home/agilex/agilex_ws/install/orbbec_camera:/home/agilex/agilex_ws/install/orbbec_camera_msgs:/home/agilex/agilex_ws/install/nav2_system_tests:/home/agilex/agilex_ws/install/nav2_bringup:/home/agilex/agilex_ws/install/navigation2:/home/agilex/agilex_ws/install/nav2_smoother:/home/agilex/agilex_ws/install/nav2_dwb_controller:/home/agilex/agilex_ws/install/limo_bringup:/home/agilex/agilex_ws/install/nav2_controller:/home/agilex/agilex_ws/install/dwb_plugins:/home/agilex/agilex_ws/install/dwb_critics:/home/agilex/agilex_ws/install/dwb_core:/home/agilex/agilex_ws/install/nav_2d_utils:/home/agilex/agilex_ws/install/dwb_msgs:/home/agilex/agilex_ws/install/nav_2d_msgs:/home/agilex/agilex_ws/install/nav2_waypoint_follower:/home/agilex/agilex_ws/install/nav2_theta_star_planner:/home/agilex/agilex_ws/install/nav2_smac_planner:/home/agilex/agilex_ws/install/nav2_rotation_shim_controller:/home/agilex/agilex_ws/install/nav2_regulated_pure_pursuit_controller:/home/agilex/agilex_ws/install/nav2_planner:/home/agilex/agilex_ws/install/nav2_navfn_planner:/home/agilex/agilex_ws/install/nav2_constrained_smoother:/home/agilex/agilex_ws/install/nav2_bt_navigator:/home/agilex/agilex_ws/install/nav2_behaviors:/home/agilex/agilex_ws/install/nav2_core:/home/agilex/agilex_ws/install/costmap_queue:/home/agilex/agilex_ws/install/costmap_converter:/home/agilex/agilex_ws/install/nav2_costmap_2d:/home/agilex/agilex_ws/install/nav2_voxel_grid:/home/agilex/agilex_ws/install/nav2_rviz_plugins:/home/agilex/agilex_ws/install/nav2_map_server:/home/agilex/agilex_ws/install/nav2_lifecycle_manager:/home/agilex/agilex_ws/install/nav2_behavior_tree:/home/agilex/agilex_ws/install/nav2_amcl:/home/agilex/agilex_ws/install/magic_enum:/home/agilex/agilex_ws/install/limo_visions:/home/agilex/agilex_ws/install/limo_base:/home/agilex/agilex_ws/install/limo_msgs:/home/agilex/agilex_ws/install/limo_description:/home/agilex/agilex_ws/install/limo_car:/home/agilex/agilex_ws/install/libuvc:/home/agilex/agilex_ws/install/glog:/home/agilex/agilex_ws/install/csm:/home/agilex/agilex_ws/install/costmap_converter_msgs:/home/agilex/agilex_ws/install/astra_camera:/home/agilex/agilex_ws/install/astra_camera_msgs:/home/agilex/agilex_ws/install/aruco_ros:/home/agilex/agilex_ws/install/aruco_msgs:/home/agilex/agilex_ws/install/aruco:/home/agilex/agilex_ws/install/yolov5_ros2:/home/agilex/agilex_ws/install/nav2_simple_commander:/opt/ros/humble LD_LIBRARY_PATH=/home/agilex/agilex_ws/install/nav2_util/lib:/home/agilex/agilex_ws/install/nav2_msgs/lib:/home/agilex/agilex_ws/install/teb_local_planner/lib:/home/agilex/agilex_ws/install/teb_msgs/lib:/home/agilex/agilex_ws/install/orbbec_camera/lib:/home/agilex/agilex_ws/install/orbbec_camera_msgs/lib:/home/agilex/agilex_ws/install/nav2_smoother/lib:/home/agilex/agilex_ws/install/nav2_controller/lib:/home/agilex/agilex_ws/install/dwb_plugins/lib:/home/agilex/agilex_ws/install/dwb_critics/lib:/home/agilex/agilex_ws/install/dwb_core/lib:/home/agilex/agilex_ws/install/nav_2d_utils/lib:/home/agilex/agilex_ws/install/dwb_msgs/lib:/home/agilex/agilex_ws/install/nav_2d_msgs/lib:/home/agilex/agilex_ws/install/nav2_waypoint_follower/lib:/home/agilex/agilex_ws/install/nav2_theta_star_planner/lib:/home/agilex/agilex_ws/install/nav2_smac_planner/lib:/home/agilex/agilex_ws/install/nav2_rotation_shim_controller/lib:/home/agilex/agilex_ws/install/nav2_regulated_pure_pursuit_controller/lib:/home/agilex/agilex_ws/install/nav2_planner/lib:/home/agilex/agilex_ws/install/nav2_navfn_planner/lib:/home/agilex/agilex_ws/install/nav2_constrained_smoother/lib:/home/agilex/agilex_ws/install/nav2_bt_navigator/lib:/home/agilex/agilex_ws/install/nav2_behaviors/lib:/home/agilex/agilex_ws/install/costmap_queue/lib:/home/agilex/agilex_ws/install/costmap_converter/lib:/home/agilex/agilex_ws/install/nav2_costmap_2d/lib:/home/agilex/agilex_ws/install/nav2_voxel_grid/lib:/home/agilex/agilex_ws/install/nav2_rviz_plugins/lib:/home/agilex/agilex_ws/install/nav2_map_server/lib:/home/agilex/agilex_ws/install/nav2_lifecycle_manager/lib:/home/agilex/agilex_ws/install/nav2_behavior_tree/lib:/home/agilex/agilex_ws/install/nav2_amcl/lib:/home/agilex/agilex_ws/install/limo_msgs/lib:/home/agilex/agilex_ws/install/libuvc/lib:/home/agilex/agilex_ws/install/glog/lib:/home/agilex/agilex_ws/install/csm/lib:/home/agilex/agilex_ws/install/costmap_converter_msgs/lib:/home/agilex/agilex_ws/install/astra_camera/lib:/home/agilex/agilex_ws/install/astra_camera_msgs/lib:/home/agilex/agilex_ws/install/aruco_ros/lib:/home/agilex/agilex_ws/install/aruco_msgs/lib:/home/agilex/agilex_ws/install/aruco/lib:/usr/lib/x86_64-linux-gnu/gazebo-11/plugins:/opt/ros/humble/opt/rviz_ogre_vendor/lib:/opt/ros/humble/lib/x86_64-linux-gnu:/opt/ros/humble/lib /usr/bin/cmake --build /home/agilex/agilex_ws/build/nav2_behavior_tree -- -j16 -l16
[0.238s] [  1%] Built target nav2_compute_path_to_pose_action_bt_node
[0.241s] [  2%] Built target nav2_compute_path_through_poses_action_bt_node
[0.242s] [  3%] Built target nav2_behavior_tree
[0.245s] [  4%] Built target nav2_wait_cancel_bt_node
[0.254s] [  6%] Built target nav2_back_up_cancel_bt_node
[0.254s] [  6%] Built target nav2_spin_cancel_bt_node
[0.256s] [  7%] Built target nav2_smooth_path_action_bt_node
[0.257s] [  8%] Built target nav2_drive_on_heading_cancel_bt_node
[0.259s] [  9%] Built target nav2_controller_cancel_bt_node
[0.261s] [ 10%] Built target nav2_back_up_action_bt_node
[0.261s] [ 11%] Built target nav2_follow_path_action_bt_node
[0.265s] [ 12%] Built target nav2_drive_on_heading_bt_node
[0.277s] [ 13%] Built target nav2_spin_action_bt_node
[0.312s] [ 14%] Built target nav2_wait_action_bt_node
[0.314s] [ 15%] Built target nav2_is_stuck_condition_bt_node
[0.315s] [ 16%] Built target nav2_goal_updated_condition_bt_node
[0.317s] [ 17%] Built target nav2_globally_updated_goal_condition_bt_node
[0.317s] [ 18%] Built target nav2_transform_available_condition_bt_node
[0.319s] [ 19%] Built target nav2_is_path_valid_condition_bt_node
[0.325s] [ 20%] Built target nav2_clear_costmap_service_bt_node
[0.330s] [ 22%] Built target nav2_time_expired_condition_bt_node
[0.338s] [ 23%] Built target nav2_distance_traveled_condition_bt_node
[0.338s] [ 24%] Built target nav2_path_expiring_timer_condition
[0.343s] [ 25%] Built target nav2_goal_reached_condition_bt_node
[0.345s] [ 27%] Built target nav2_initial_pose_received_condition_bt_node
[0.379s] [ 29%] Built target nav2_rate_controller_bt_node
[0.382s] [ 31%] Built target nav2_reinitialize_global_localization_service_bt_node
[0.382s] [ 31%] Built target nav2_is_battery_low_condition_bt_node
[0.384s] [ 33%] Built target nav2_distance_controller_bt_node
[0.388s] [ 34%] Built target nav2_speed_controller_bt_node
[0.391s] [ 35%] Built target nav2_goal_updater_node_bt_node
[0.396s] [ 36%] Built target nav2_truncate_path_action_bt_node
[0.405s] [ 37%] Built target nav2_truncate_path_local_action_bt_node
[0.412s] [ 38%] Built target nav2_path_longer_on_approach_bt_node
[0.417s] [ 39%] Built target nav2_recovery_node_bt_node
[0.421s] [ 40%] Built target gtest_main
[0.422s] [ 41%] Built target nav2_navigate_to_pose_action_bt_node
[0.422s] [ 42%] Built target nav2_round_robin_node_bt_node
[0.423s] [ 44%] Built target nav2_remove_passed_goals_action_bt_node
[0.423s] [ 44%] Built target nav2_navigate_through_poses_action_bt_node
[0.427s] [ 45%] Built target nav2_goal_checker_selector_bt_node
[0.428s] [ 46%] Built target nav2_planner_selector_bt_node
[0.432s] [ 47%] Built target nav2_controller_selector_bt_node
[0.432s] [ 48%] Built target nav2_single_trigger_bt_node
[0.432s] [ 49%] Built target nav2_pipeline_sequence_bt_node
[0.441s] [ 50%] Built target gtest
[0.487s] [ 51%] Built target test_condition_globally_updated_goal
[0.487s] [ 54%] Built target test_condition_time_expired
[0.488s] [ 54%] Built target test_condition_distance_traveled
[0.488s] [ 54%] Built target test_bt_conversions
[0.488s] [ 56%] Built target test_condition_goal_updated
[0.488s] [ 56%] Built target test_condition_initial_pose_received
[0.497s] [ 57%] Built target test_condition_is_path_valid
[0.497s] [ 58%] Built target test_condition_transform_available
[0.497s] [ 59%] Built target test_condition_goal_reached
[0.497s] [ 61%] Built target test_condition_is_battery_low
[0.497s] [ 63%] Built target test_decorator_distance_controller
[0.500s] [ 64%] Built target test_decorator_rate_controller
[0.509s] [ 65%] Built target test_decorator_speed_controller
[0.509s] [ 66%] Built target test_goal_updater_node
[0.509s] [ 67%] Built target test_condition_is_stuck
[0.509s] [ 68%] Built target test_condition_path_expiring_timer
[0.532s] [ 69%] Built target test_single_trigger_node
[0.532s] [ 70%] Built target test_decorator_path_longer_on_approach
[0.541s] [ 72%] Built target test_bt_action_node
[0.541s] [ 72%] Built target test_control_pipeline_sequence
[0.542s] [ 73%] Built target test_action_spin_action
[0.542s] [ 74%] Built target test_control_round_robin_node
[0.542s] [ 75%] Built target test_control_recovery_node
[0.543s] [ 76%] Built target test_action_wait_action
[0.543s] [ 77%] Built target test_action_drive_on_heading
[0.546s] [ 78%] Built target test_action_controller_cancel_action
[0.551s] [ 79%] Built target test_action_back_up_action
[0.557s] [ 81%] Built target test_action_spin_cancel_action
[0.558s] [ 82%] Built target test_action_wait_cancel_action
[0.573s] [ 83%] Built target test_action_back_up_cancel_action
[0.577s] [ 84%] Built target test_action_drive_on_heading_cancel_action
[0.584s] [ 85%] Built target test_action_clear_costmap_service
[0.590s] [ 86%] Built target test_action_compute_path_through_poses_action
[0.591s] [ 87%] Built target test_action_reinitialize_global_localization_service
[0.591s] [ 89%] Built target test_action_compute_path_to_pose_action
[0.594s] [ 90%] Built target test_action_smooth_path_action
[0.597s] [ 91%] Built target test_action_follow_path_action
[0.597s] [ 92%] Built target test_action_navigate_through_poses_action
[0.600s] [ 94%] Built target test_truncate_path_local_action
[0.600s] [ 96%] Built target test_controller_selector_node
[0.600s] [ 96%] Built target test_truncate_path_action
[0.601s] [ 97%] Built target test_action_navigate_to_pose_action
[0.601s] [ 98%] Built target test_goal_checker_selector_node
[0.603s] [ 99%] Built target test_remove_passed_goals_action
[0.606s] [100%] Built target test_planner_selector_node
[0.787s] Invoked command in '/home/agilex/agilex_ws/build/nav2_behavior_tree' returned '0': CMAKE_PREFIX_PATH=/home/agilex/agilex_ws/install/nav2_util:/home/agilex/agilex_ws/install/nav2_msgs:/home/agilex/agilex_ws/install/nav2_common:/home/agilex/agilex_ws/install/ydlidar_sdk:/home/agilex/agilex_ws/install/ydlidar_ros2_driver:/home/agilex/agilex_ws/install/teb_local_planner:/home/agilex/agilex_ws/install/teb_msgs:/home/agilex/agilex_ws/install/rf2o_laser_odometry:/home/agilex/agilex_ws/install/orbbec_description:/home/agilex/agilex_ws/install/orbbec_camera:/home/agilex/agilex_ws/install/orbbec_camera_msgs:/home/agilex/agilex_ws/install/nav2_system_tests:/home/agilex/agilex_ws/install/nav2_bringup:/home/agilex/agilex_ws/install/navigation2:/home/agilex/agilex_ws/install/nav2_smoother:/home/agilex/agilex_ws/install/nav2_dwb_controller:/home/agilex/agilex_ws/install/limo_bringup:/home/agilex/agilex_ws/install/nav2_controller:/home/agilex/agilex_ws/install/dwb_plugins:/home/agilex/agilex_ws/install/dwb_critics:/home/agilex/agilex_ws/install/dwb_core:/home/agilex/agilex_ws/install/nav_2d_utils:/home/agilex/agilex_ws/install/dwb_msgs:/home/agilex/agilex_ws/install/nav_2d_msgs:/home/agilex/agilex_ws/install/nav2_waypoint_follower:/home/agilex/agilex_ws/install/nav2_theta_star_planner:/home/agilex/agilex_ws/install/nav2_smac_planner:/home/agilex/agilex_ws/install/nav2_rotation_shim_controller:/home/agilex/agilex_ws/install/nav2_regulated_pure_pursuit_controller:/home/agilex/agilex_ws/install/nav2_planner:/home/agilex/agilex_ws/install/nav2_navfn_planner:/home/agilex/agilex_ws/install/nav2_constrained_smoother:/home/agilex/agilex_ws/install/nav2_bt_navigator:/home/agilex/agilex_ws/install/nav2_behaviors:/home/agilex/agilex_ws/install/nav2_core:/home/agilex/agilex_ws/install/costmap_queue:/home/agilex/agilex_ws/install/costmap_converter:/home/agilex/agilex_ws/install/nav2_costmap_2d:/home/agilex/agilex_ws/install/nav2_voxel_grid:/home/agilex/agilex_ws/install/nav2_rviz_plugins:/home/agilex/agilex_ws/install/nav2_map_server:/home/agilex/agilex_ws/install/nav2_lifecycle_manager:/home/agilex/agilex_ws/install/nav2_behavior_tree:/home/agilex/agilex_ws/install/nav2_amcl:/home/agilex/agilex_ws/install/magic_enum:/home/agilex/agilex_ws/install/limo_visions:/home/agilex/agilex_ws/install/limo_base:/home/agilex/agilex_ws/install/limo_msgs:/home/agilex/agilex_ws/install/limo_description:/home/agilex/agilex_ws/install/limo_car:/home/agilex/agilex_ws/install/libuvc:/home/agilex/agilex_ws/install/glog:/home/agilex/agilex_ws/install/csm:/home/agilex/agilex_ws/install/costmap_converter_msgs:/home/agilex/agilex_ws/install/astra_camera:/home/agilex/agilex_ws/install/astra_camera_msgs:/home/agilex/agilex_ws/install/aruco_ros:/home/agilex/agilex_ws/install/aruco_msgs:/home/agilex/agilex_ws/install/aruco:/home/agilex/agilex_ws/install/yolov5_ros2:/home/agilex/agilex_ws/install/nav2_simple_commander:/opt/ros/humble LD_LIBRARY_PATH=/home/agilex/agilex_ws/install/nav2_util/lib:/home/agilex/agilex_ws/install/nav2_msgs/lib:/home/agilex/agilex_ws/install/teb_local_planner/lib:/home/agilex/agilex_ws/install/teb_msgs/lib:/home/agilex/agilex_ws/install/orbbec_camera/lib:/home/agilex/agilex_ws/install/orbbec_camera_msgs/lib:/home/agilex/agilex_ws/install/nav2_smoother/lib:/home/agilex/agilex_ws/install/nav2_controller/lib:/home/agilex/agilex_ws/install/dwb_plugins/lib:/home/agilex/agilex_ws/install/dwb_critics/lib:/home/agilex/agilex_ws/install/dwb_core/lib:/home/agilex/agilex_ws/install/nav_2d_utils/lib:/home/agilex/agilex_ws/install/dwb_msgs/lib:/home/agilex/agilex_ws/install/nav_2d_msgs/lib:/home/agilex/agilex_ws/install/nav2_waypoint_follower/lib:/home/agilex/agilex_ws/install/nav2_theta_star_planner/lib:/home/agilex/agilex_ws/install/nav2_smac_planner/lib:/home/agilex/agilex_ws/install/nav2_rotation_shim_controller/lib:/home/agilex/agilex_ws/install/nav2_regulated_pure_pursuit_controller/lib:/home/agilex/agilex_ws/install/nav2_planner/lib:/home/agilex/agilex_ws/install/nav2_navfn_planner/lib:/home/agilex/agilex_ws/install/nav2_constrained_smoother/lib:/home/agilex/agilex_ws/install/nav2_bt_navigator/lib:/home/agilex/agilex_ws/install/nav2_behaviors/lib:/home/agilex/agilex_ws/install/costmap_queue/lib:/home/agilex/agilex_ws/install/costmap_converter/lib:/home/agilex/agilex_ws/install/nav2_costmap_2d/lib:/home/agilex/agilex_ws/install/nav2_voxel_grid/lib:/home/agilex/agilex_ws/install/nav2_rviz_plugins/lib:/home/agilex/agilex_ws/install/nav2_map_server/lib:/home/agilex/agilex_ws/install/nav2_lifecycle_manager/lib:/home/agilex/agilex_ws/install/nav2_behavior_tree/lib:/home/agilex/agilex_ws/install/nav2_amcl/lib:/home/agilex/agilex_ws/install/limo_msgs/lib:/home/agilex/agilex_ws/install/libuvc/lib:/home/agilex/agilex_ws/install/glog/lib:/home/agilex/agilex_ws/install/csm/lib:/home/agilex/agilex_ws/install/costmap_converter_msgs/lib:/home/agilex/agilex_ws/install/astra_camera/lib:/home/agilex/agilex_ws/install/astra_camera_msgs/lib:/home/agilex/agilex_ws/install/aruco_ros/lib:/home/agilex/agilex_ws/install/aruco_msgs/lib:/home/agilex/agilex_ws/install/aruco/lib:/usr/lib/x86_64-linux-gnu/gazebo-11/plugins:/opt/ros/humble/opt/rviz_ogre_vendor/lib:/opt/ros/humble/lib/x86_64-linux-gnu:/opt/ros/humble/lib /usr/bin/cmake --build /home/agilex/agilex_ws/build/nav2_behavior_tree -- -j16 -l16
[1.018s] Invoking command in '/home/agilex/agilex_ws/build/nav2_behavior_tree': CMAKE_PREFIX_PATH=/home/agilex/agilex_ws/install/nav2_util:/home/agilex/agilex_ws/install/nav2_msgs:/home/agilex/agilex_ws/install/nav2_common:/home/agilex/agilex_ws/install/ydlidar_sdk:/home/agilex/agilex_ws/install/ydlidar_ros2_driver:/home/agilex/agilex_ws/install/teb_local_planner:/home/agilex/agilex_ws/install/teb_msgs:/home/agilex/agilex_ws/install/rf2o_laser_odometry:/home/agilex/agilex_ws/install/orbbec_description:/home/agilex/agilex_ws/install/orbbec_camera:/home/agilex/agilex_ws/install/orbbec_camera_msgs:/home/agilex/agilex_ws/install/nav2_system_tests:/home/agilex/agilex_ws/install/nav2_bringup:/home/agilex/agilex_ws/install/navigation2:/home/agilex/agilex_ws/install/nav2_smoother:/home/agilex/agilex_ws/install/nav2_dwb_controller:/home/agilex/agilex_ws/install/limo_bringup:/home/agilex/agilex_ws/install/nav2_controller:/home/agilex/agilex_ws/install/dwb_plugins:/home/agilex/agilex_ws/install/dwb_critics:/home/agilex/agilex_ws/install/dwb_core:/home/agilex/agilex_ws/install/nav_2d_utils:/home/agilex/agilex_ws/install/dwb_msgs:/home/agilex/agilex_ws/install/nav_2d_msgs:/home/agilex/agilex_ws/install/nav2_waypoint_follower:/home/agilex/agilex_ws/install/nav2_theta_star_planner:/home/agilex/agilex_ws/install/nav2_smac_planner:/home/agilex/agilex_ws/install/nav2_rotation_shim_controller:/home/agilex/agilex_ws/install/nav2_regulated_pure_pursuit_controller:/home/agilex/agilex_ws/install/nav2_planner:/home/agilex/agilex_ws/install/nav2_navfn_planner:/home/agilex/agilex_ws/install/nav2_constrained_smoother:/home/agilex/agilex_ws/install/nav2_bt_navigator:/home/agilex/agilex_ws/install/nav2_behaviors:/home/agilex/agilex_ws/install/nav2_core:/home/agilex/agilex_ws/install/costmap_queue:/home/agilex/agilex_ws/install/costmap_converter:/home/agilex/agilex_ws/install/nav2_costmap_2d:/home/agilex/agilex_ws/install/nav2_voxel_grid:/home/agilex/agilex_ws/install/nav2_rviz_plugins:/home/agilex/agilex_ws/install/nav2_map_server:/home/agilex/agilex_ws/install/nav2_lifecycle_manager:/home/agilex/agilex_ws/install/nav2_behavior_tree:/home/agilex/agilex_ws/install/nav2_amcl:/home/agilex/agilex_ws/install/magic_enum:/home/agilex/agilex_ws/install/limo_visions:/home/agilex/agilex_ws/install/limo_base:/home/agilex/agilex_ws/install/limo_msgs:/home/agilex/agilex_ws/install/limo_description:/home/agilex/agilex_ws/install/limo_car:/home/agilex/agilex_ws/install/libuvc:/home/agilex/agilex_ws/install/glog:/home/agilex/agilex_ws/install/csm:/home/agilex/agilex_ws/install/costmap_converter_msgs:/home/agilex/agilex_ws/install/astra_camera:/home/agilex/agilex_ws/install/astra_camera_msgs:/home/agilex/agilex_ws/install/aruco_ros:/home/agilex/agilex_ws/install/aruco_msgs:/home/agilex/agilex_ws/install/aruco:/home/agilex/agilex_ws/install/yolov5_ros2:/home/agilex/agilex_ws/install/nav2_simple_commander:/opt/ros/humble LD_LIBRARY_PATH=/home/agilex/agilex_ws/install/nav2_util/lib:/home/agilex/agilex_ws/install/nav2_msgs/lib:/home/agilex/agilex_ws/install/teb_local_planner/lib:/home/agilex/agilex_ws/install/teb_msgs/lib:/home/agilex/agilex_ws/install/orbbec_camera/lib:/home/agilex/agilex_ws/install/orbbec_camera_msgs/lib:/home/agilex/agilex_ws/install/nav2_smoother/lib:/home/agilex/agilex_ws/install/nav2_controller/lib:/home/agilex/agilex_ws/install/dwb_plugins/lib:/home/agilex/agilex_ws/install/dwb_critics/lib:/home/agilex/agilex_ws/install/dwb_core/lib:/home/agilex/agilex_ws/install/nav_2d_utils/lib:/home/agilex/agilex_ws/install/dwb_msgs/lib:/home/agilex/agilex_ws/install/nav_2d_msgs/lib:/home/agilex/agilex_ws/install/nav2_waypoint_follower/lib:/home/agilex/agilex_ws/install/nav2_theta_star_planner/lib:/home/agilex/agilex_ws/install/nav2_smac_planner/lib:/home/agilex/agilex_ws/install/nav2_rotation_shim_controller/lib:/home/agilex/agilex_ws/install/nav2_regulated_pure_pursuit_controller/lib:/home/agilex/agilex_ws/install/nav2_planner/lib:/home/agilex/agilex_ws/install/nav2_navfn_planner/lib:/home/agilex/agilex_ws/install/nav2_constrained_smoother/lib:/home/agilex/agilex_ws/install/nav2_bt_navigator/lib:/home/agilex/agilex_ws/install/nav2_behaviors/lib:/home/agilex/agilex_ws/install/costmap_queue/lib:/home/agilex/agilex_ws/install/costmap_converter/lib:/home/agilex/agilex_ws/install/nav2_costmap_2d/lib:/home/agilex/agilex_ws/install/nav2_voxel_grid/lib:/home/agilex/agilex_ws/install/nav2_rviz_plugins/lib:/home/agilex/agilex_ws/install/nav2_map_server/lib:/home/agilex/agilex_ws/install/nav2_lifecycle_manager/lib:/home/agilex/agilex_ws/install/nav2_behavior_tree/lib:/home/agilex/agilex_ws/install/nav2_amcl/lib:/home/agilex/agilex_ws/install/limo_msgs/lib:/home/agilex/agilex_ws/install/libuvc/lib:/home/agilex/agilex_ws/install/glog/lib:/home/agilex/agilex_ws/install/csm/lib:/home/agilex/agilex_ws/install/costmap_converter_msgs/lib:/home/agilex/agilex_ws/install/astra_camera/lib:/home/agilex/agilex_ws/install/astra_camera_msgs/lib:/home/agilex/agilex_ws/install/aruco_ros/lib:/home/agilex/agilex_ws/install/aruco_msgs/lib:/home/agilex/agilex_ws/install/aruco/lib:/usr/lib/x86_64-linux-gnu/gazebo-11/plugins:/opt/ros/humble/opt/rviz_ogre_vendor/lib:/opt/ros/humble/lib/x86_64-linux-gnu:/opt/ros/humble/lib /usr/bin/cmake --install /home/agilex/agilex_ws/build/nav2_behavior_tree
[1.025s] -- Install configuration: "Release"
[1.025s] -- Up-to-date: /home/agilex/agilex_ws/install/nav2_behavior_tree/lib/libnav2_behavior_tree.so
[1.025s] -- Up-to-date: /home/agilex/agilex_ws/install/nav2_behavior_tree/lib/libnav2_compute_path_to_pose_action_bt_node.so
[1.025s] -- Up-to-date: /home/agilex/agilex_ws/install/nav2_behavior_tree/lib/libnav2_compute_path_through_poses_action_bt_node.so
[1.025s] -- Up-to-date: /home/agilex/agilex_ws/install/nav2_behavior_tree/lib/libnav2_controller_cancel_bt_node.so
[1.025s] -- Up-to-date: /home/agilex/agilex_ws/install/nav2_behavior_tree/lib/libnav2_wait_cancel_bt_node.so
[1.025s] -- Up-to-date: /home/agilex/agilex_ws/install/nav2_behavior_tree/lib/libnav2_spin_cancel_bt_node.so
[1.025s] -- Up-to-date: /home/agilex/agilex_ws/install/nav2_behavior_tree/lib/libnav2_back_up_cancel_bt_node.so
[1.026s] -- Up-to-date: /home/agilex/agilex_ws/install/nav2_behavior_tree/lib/libnav2_drive_on_heading_cancel_bt_node.so
[1.026s] -- Up-to-date: /home/agilex/agilex_ws/install/nav2_behavior_tree/lib/libnav2_smooth_path_action_bt_node.so
[1.026s] -- Up-to-date: /home/agilex/agilex_ws/install/nav2_behavior_tree/lib/libnav2_follow_path_action_bt_node.so
[1.026s] -- Up-to-date: /home/agilex/agilex_ws/install/nav2_behavior_tree/lib/libnav2_back_up_action_bt_node.so
[1.026s] -- Up-to-date: /home/agilex/agilex_ws/install/nav2_behavior_tree/lib/libnav2_drive_on_heading_bt_node.so
[1.026s] -- Up-to-date: /home/agilex/agilex_ws/install/nav2_behavior_tree/lib/libnav2_spin_action_bt_node.so
[1.026s] -- Up-to-date: /home/agilex/agilex_ws/install/nav2_behavior_tree/lib/libnav2_wait_action_bt_node.so
[1.026s] -- Up-to-date: /home/agilex/agilex_ws/install/nav2_behavior_tree/lib/libnav2_clear_costmap_service_bt_node.so
[1.027s] -- Up-to-date: /home/agilex/agilex_ws/install/nav2_behavior_tree/lib/libnav2_is_stuck_condition_bt_node.so
[1.027s] -- Up-to-date: /home/agilex/agilex_ws/install/nav2_behavior_tree/lib/libnav2_transform_available_condition_bt_node.so
[1.027s] -- Up-to-date: /home/agilex/agilex_ws/install/nav2_behavior_tree/lib/libnav2_goal_reached_condition_bt_node.so
[1.028s] -- Up-to-date: /home/agilex/agilex_ws/install/nav2_behavior_tree/lib/libnav2_globally_updated_goal_condition_bt_node.so
[1.028s] -- Up-to-date: /home/agilex/agilex_ws/install/nav2_behavior_tree/lib/libnav2_goal_updated_condition_bt_node.so
[1.028s] -- Up-to-date: /home/agilex/agilex_ws/install/nav2_behavior_tree/lib/libnav2_is_path_valid_condition_bt_node.so
[1.028s] -- Up-to-date: /home/agilex/agilex_ws/install/nav2_behavior_tree/lib/libnav2_time_expired_condition_bt_node.so
[1.028s] -- Up-to-date: /home/agilex/agilex_ws/install/nav2_behavior_tree/lib/libnav2_path_expiring_timer_condition.so
[1.028s] -- Up-to-date: /home/agilex/agilex_ws/install/nav2_behavior_tree/lib/libnav2_distance_traveled_condition_bt_node.so
[1.028s] -- Up-to-date: /home/agilex/agilex_ws/install/nav2_behavior_tree/lib/libnav2_initial_pose_received_condition_bt_node.so
[1.029s] -- Up-to-date: /home/agilex/agilex_ws/install/nav2_behavior_tree/lib/libnav2_is_battery_low_condition_bt_node.so
[1.029s] -- Up-to-date: /home/agilex/agilex_ws/install/nav2_behavior_tree/lib/libnav2_reinitialize_global_localization_service_bt_node.so
[1.029s] -- Up-to-date: /home/agilex/agilex_ws/install/nav2_behavior_tree/lib/libnav2_rate_controller_bt_node.so
[1.029s] -- Up-to-date: /home/agilex/agilex_ws/install/nav2_behavior_tree/lib/libnav2_distance_controller_bt_node.so
[1.029s] -- Up-to-date: /home/agilex/agilex_ws/install/nav2_behavior_tree/lib/libnav2_speed_controller_bt_node.so
[1.029s] -- Up-to-date: /home/agilex/agilex_ws/install/nav2_behavior_tree/lib/libnav2_truncate_path_action_bt_node.so
[1.029s] -- Up-to-date: /home/agilex/agilex_ws/install/nav2_behavior_tree/lib/libnav2_truncate_path_local_action_bt_node.so
[1.029s] -- Up-to-date: /home/agilex/agilex_ws/install/nav2_behavior_tree/lib/libnav2_goal_updater_node_bt_node.so
[1.029s] -- Up-to-date: /home/agilex/agilex_ws/install/nav2_behavior_tree/lib/libnav2_path_longer_on_approach_bt_node.so
[1.029s] -- Up-to-date: /home/agilex/agilex_ws/install/nav2_behavior_tree/lib/libnav2_recovery_node_bt_node.so
[1.030s] -- Up-to-date: /home/agilex/agilex_ws/install/nav2_behavior_tree/lib/libnav2_navigate_to_pose_action_bt_node.so
[1.030s] -- Up-to-date: /home/agilex/agilex_ws/install/nav2_behavior_tree/lib/libnav2_navigate_through_poses_action_bt_node.so
[1.030s] -- Up-to-date: /home/agilex/agilex_ws/install/nav2_behavior_tree/lib/libnav2_remove_passed_goals_action_bt_node.so
[1.030s] -- Up-to-date: /home/agilex/agilex_ws/install/nav2_behavior_tree/lib/libnav2_pipeline_sequence_bt_node.so
[1.030s] -- Up-to-date: /home/agilex/agilex_ws/install/nav2_behavior_tree/lib/libnav2_round_robin_node_bt_node.so
[1.030s] -- Up-to-date: /home/agilex/agilex_ws/install/nav2_behavior_tree/lib/libnav2_single_trigger_bt_node.so
[1.030s] -- Up-to-date: /home/agilex/agilex_ws/install/nav2_behavior_tree/lib/libnav2_planner_selector_bt_node.so
[1.030s] -- Up-to-date: /home/agilex/agilex_ws/install/nav2_behavior_tree/lib/libnav2_controller_selector_bt_node.so
[1.031s] -- Up-to-date: /home/agilex/agilex_ws/install/nav2_behavior_tree/lib/libnav2_goal_checker_selector_bt_node.so
[1.031s] -- Up-to-date: /home/agilex/agilex_ws/install/nav2_behavior_tree/include/
[1.031s] -- Up-to-date: /home/agilex/agilex_ws/install/nav2_behavior_tree/include//nav2_behavior_tree
[1.031s] -- Up-to-date: /home/agilex/agilex_ws/install/nav2_behavior_tree/include//nav2_behavior_tree/bt_action_server.hpp
[1.031s] -- Up-to-date: /home/agilex/agilex_ws/install/nav2_behavior_tree/include//nav2_behavior_tree/bt_action_node.hpp
[1.031s] -- Up-to-date: /home/agilex/agilex_ws/install/nav2_behavior_tree/include//nav2_behavior_tree/bt_conversions.hpp
[1.031s] -- Up-to-date: /home/agilex/agilex_ws/install/nav2_behavior_tree/include//nav2_behavior_tree/ros_topic_logger.hpp
[1.031s] -- Up-to-date: /home/agilex/agilex_ws/install/nav2_behavior_tree/include//nav2_behavior_tree/behavior_tree_engine.hpp
[1.031s] -- Up-to-date: /home/agilex/agilex_ws/install/nav2_behavior_tree/include//nav2_behavior_tree/bt_action_server_impl.hpp
[1.031s] -- Up-to-date: /home/agilex/agilex_ws/install/nav2_behavior_tree/include//nav2_behavior_tree/bt_cancel_action_node.hpp
[1.031s] -- Up-to-date: /home/agilex/agilex_ws/install/nav2_behavior_tree/include//nav2_behavior_tree/plugins
[1.032s] -- Up-to-date: /home/agilex/agilex_ws/install/nav2_behavior_tree/include//nav2_behavior_tree/plugins/action
[1.032s] -- Up-to-date: /home/agilex/agilex_ws/install/nav2_behavior_tree/include//nav2_behavior_tree/plugins/action/drive_on_heading_cancel_node.hpp
[1.032s] -- Up-to-date: /home/agilex/agilex_ws/install/nav2_behavior_tree/include//nav2_behavior_tree/plugins/action/reinitialize_global_localization_service.hpp
[1.032s] -- Up-to-date: /home/agilex/agilex_ws/install/nav2_behavior_tree/include//nav2_behavior_tree/plugins/action/wait_action.hpp
[1.032s] -- Up-to-date: /home/agilex/agilex_ws/install/nav2_behavior_tree/include//nav2_behavior_tree/plugins/action/wait_cancel_node.hpp
[1.032s] -- Up-to-date: /home/agilex/agilex_ws/install/nav2_behavior_tree/include//nav2_behavior_tree/plugins/action/navigate_through_poses_action.hpp
[1.032s] -- Up-to-date: /home/agilex/agilex_ws/install/nav2_behavior_tree/include//nav2_behavior_tree/plugins/action/controller_cancel_node.hpp
[1.032s] -- Up-to-date: /home/agilex/agilex_ws/install/nav2_behavior_tree/include//nav2_behavior_tree/plugins/action/clear_costmap_service.hpp
[1.032s] -- Up-to-date: /home/agilex/agilex_ws/install/nav2_behavior_tree/include//nav2_behavior_tree/plugins/action/compute_path_through_poses_action.hpp
[1.032s] -- Up-to-date: /home/agilex/agilex_ws/install/nav2_behavior_tree/include//nav2_behavior_tree/plugins/action/spin_action.hpp
[1.032s] -- Up-to-date: /home/agilex/agilex_ws/install/nav2_behavior_tree/include//nav2_behavior_tree/plugins/action/back_up_action.hpp
[1.032s] -- Up-to-date: /home/agilex/agilex_ws/install/nav2_behavior_tree/include//nav2_behavior_tree/plugins/action/smooth_path_action.hpp
[1.033s] -- Up-to-date: /home/agilex/agilex_ws/install/nav2_behavior_tree/include//nav2_behavior_tree/plugins/action/back_up_cancel_node.hpp
[1.033s] -- Up-to-date: /home/agilex/agilex_ws/install/nav2_behavior_tree/include//nav2_behavior_tree/plugins/action/compute_path_to_pose_action.hpp
[1.033s] -- Up-to-date: /home/agilex/agilex_ws/install/nav2_behavior_tree/include//nav2_behavior_tree/plugins/action/remove_passed_goals_action.hpp
[1.033s] -- Up-to-date: /home/agilex/agilex_ws/install/nav2_behavior_tree/include//nav2_behavior_tree/plugins/action/controller_selector_node.hpp
[1.033s] -- Up-to-date: /home/agilex/agilex_ws/install/nav2_behavior_tree/include//nav2_behavior_tree/plugins/action/planner_selector_node.hpp
[1.033s] -- Up-to-date: /home/agilex/agilex_ws/install/nav2_behavior_tree/include//nav2_behavior_tree/plugins/action/truncate_path_action.hpp
[1.033s] -- Up-to-date: /home/agilex/agilex_ws/install/nav2_behavior_tree/include//nav2_behavior_tree/plugins/action/goal_checker_selector_node.hpp
[1.033s] -- Up-to-date: /home/agilex/agilex_ws/install/nav2_behavior_tree/include//nav2_behavior_tree/plugins/action/spin_cancel_node.hpp
[1.033s] -- Up-to-date: /home/agilex/agilex_ws/install/nav2_behavior_tree/include//nav2_behavior_tree/plugins/action/follow_path_action.hpp
[1.033s] -- Up-to-date: /home/agilex/agilex_ws/install/nav2_behavior_tree/include//nav2_behavior_tree/plugins/action/truncate_path_local_action.hpp
[1.033s] -- Up-to-date: /home/agilex/agilex_ws/install/nav2_behavior_tree/include//nav2_behavior_tree/plugins/action/drive_on_heading_action.hpp
[1.033s] -- Up-to-date: /home/agilex/agilex_ws/install/nav2_behavior_tree/include//nav2_behavior_tree/plugins/action/navigate_to_pose_action.hpp
[1.033s] -- Up-to-date: /home/agilex/agilex_ws/install/nav2_behavior_tree/include//nav2_behavior_tree/plugins/control
[1.034s] -- Up-to-date: /home/agilex/agilex_ws/install/nav2_behavior_tree/include//nav2_behavior_tree/plugins/control/pipeline_sequence.hpp
[1.034s] -- Up-to-date: /home/agilex/agilex_ws/install/nav2_behavior_tree/include//nav2_behavior_tree/plugins/control/recovery_node.hpp
[1.034s] -- Up-to-date: /home/agilex/agilex_ws/install/nav2_behavior_tree/include//nav2_behavior_tree/plugins/control/round_robin_node.hpp
[1.034s] -- Up-to-date: /home/agilex/agilex_ws/install/nav2_behavior_tree/include//nav2_behavior_tree/plugins/decorator
[1.034s] -- Up-to-date: /home/agilex/agilex_ws/install/nav2_behavior_tree/include//nav2_behavior_tree/plugins/decorator/single_trigger_node.hpp
[1.034s] -- Up-to-date: /home/agilex/agilex_ws/install/nav2_behavior_tree/include//nav2_behavior_tree/plugins/decorator/goal_updater_node.hpp
[1.034s] -- Up-to-date: /home/agilex/agilex_ws/install/nav2_behavior_tree/include//nav2_behavior_tree/plugins/decorator/path_longer_on_approach.hpp
[1.034s] -- Up-to-date: /home/agilex/agilex_ws/install/nav2_behavior_tree/include//nav2_behavior_tree/plugins/decorator/rate_controller.hpp
[1.034s] -- Up-to-date: /home/agilex/agilex_ws/install/nav2_behavior_tree/include//nav2_behavior_tree/plugins/decorator/distance_controller.hpp
[1.034s] -- Up-to-date: /home/agilex/agilex_ws/install/nav2_behavior_tree/include//nav2_behavior_tree/plugins/decorator/speed_controller.hpp
[1.034s] -- Up-to-date: /home/agilex/agilex_ws/install/nav2_behavior_tree/include//nav2_behavior_tree/plugins/condition
[1.034s] -- Up-to-date: /home/agilex/agilex_ws/install/nav2_behavior_tree/include//nav2_behavior_tree/plugins/condition/goal_reached_condition.hpp
[1.034s] -- Up-to-date: /home/agilex/agilex_ws/install/nav2_behavior_tree/include//nav2_behavior_tree/plugins/condition/globally_updated_goal_condition.hpp
[1.034s] -- Up-to-date: /home/agilex/agilex_ws/install/nav2_behavior_tree/include//nav2_behavior_tree/plugins/condition/distance_traveled_condition.hpp
[1.034s] -- Up-to-date: /home/agilex/agilex_ws/install/nav2_behavior_tree/include//nav2_behavior_tree/plugins/condition/path_expiring_timer_condition.hpp
[1.034s] -- Up-to-date: /home/agilex/agilex_ws/install/nav2_behavior_tree/include//nav2_behavior_tree/plugins/condition/is_stuck_condition.hpp
[1.035s] -- Up-to-date: /home/agilex/agilex_ws/install/nav2_behavior_tree/include//nav2_behavior_tree/plugins/condition/time_expired_condition.hpp
[1.035s] -- Up-to-date: /home/agilex/agilex_ws/install/nav2_behavior_tree/include//nav2_behavior_tree/plugins/condition/is_battery_low_condition.hpp
[1.035s] -- Up-to-date: /home/agilex/agilex_ws/install/nav2_behavior_tree/include//nav2_behavior_tree/plugins/condition/is_path_valid_condition.hpp
[1.035s] -- Up-to-date: /home/agilex/agilex_ws/install/nav2_behavior_tree/include//nav2_behavior_tree/plugins/condition/initial_pose_received_condition.hpp
[1.035s] -- Up-to-date: /home/agilex/agilex_ws/install/nav2_behavior_tree/include//nav2_behavior_tree/plugins/condition/goal_updated_condition.hpp
[1.035s] -- Up-to-date: /home/agilex/agilex_ws/install/nav2_behavior_tree/include//nav2_behavior_tree/plugins/condition/transform_available_condition.hpp
[1.035s] -- Up-to-date: /home/agilex/agilex_ws/install/nav2_behavior_tree/include//nav2_behavior_tree/bt_service_node.hpp
[1.035s] -- Up-to-date: /home/agilex/agilex_ws/install/nav2_behavior_tree/share/nav2_behavior_tree/nav2_tree_nodes.xml
[1.035s] -- Up-to-date: /home/agilex/agilex_ws/install/nav2_behavior_tree/share/nav2_behavior_tree/environment/library_path.sh
[1.035s] -- Up-to-date: /home/agilex/agilex_ws/install/nav2_behavior_tree/share/nav2_behavior_tree/environment/library_path.dsv
[1.035s] -- Up-to-date: /home/agilex/agilex_ws/install/nav2_behavior_tree/share/ament_index/resource_index/package_run_dependencies/nav2_behavior_tree
[1.035s] -- Up-to-date: /home/agilex/agilex_ws/install/nav2_behavior_tree/share/ament_index/resource_index/parent_prefix_path/nav2_behavior_tree
[1.035s] -- Up-to-date: /home/agilex/agilex_ws/install/nav2_behavior_tree/share/nav2_behavior_tree/environment/ament_prefix_path.sh
[1.035s] -- Up-to-date: /home/agilex/agilex_ws/install/nav2_behavior_tree/share/nav2_behavior_tree/environment/ament_prefix_path.dsv
[1.035s] -- Up-to-date: /home/agilex/agilex_ws/install/nav2_behavior_tree/share/nav2_behavior_tree/environment/path.sh
[1.035s] -- Up-to-date: /home/agilex/agilex_ws/install/nav2_behavior_tree/share/nav2_behavior_tree/environment/path.dsv
[1.035s] -- Up-to-date: /home/agilex/agilex_ws/install/nav2_behavior_tree/share/nav2_behavior_tree/local_setup.bash
[1.035s] -- Up-to-date: /home/agilex/agilex_ws/install/nav2_behavior_tree/share/nav2_behavior_tree/local_setup.sh
[1.035s] -- Up-to-date: /home/agilex/agilex_ws/install/nav2_behavior_tree/share/nav2_behavior_tree/local_setup.zsh
[1.035s] -- Up-to-date: /home/agilex/agilex_ws/install/nav2_behavior_tree/share/nav2_behavior_tree/local_setup.dsv
[1.035s] -- Installing: /home/agilex/agilex_ws/install/nav2_behavior_tree/share/nav2_behavior_tree/package.dsv
[1.035s] -- Up-to-date: /home/agilex/agilex_ws/install/nav2_behavior_tree/share/ament_index/resource_index/packages/nav2_behavior_tree
[1.035s] -- Up-to-date: /home/agilex/agilex_ws/install/nav2_behavior_tree/share/nav2_behavior_tree/cmake/ament_cmake_export_include_directories-extras.cmake
[1.035s] -- Up-to-date: /home/agilex/agilex_ws/install/nav2_behavior_tree/share/nav2_behavior_tree/cmake/ament_cmake_export_libraries-extras.cmake
[1.035s] -- Up-to-date: /home/agilex/agilex_ws/install/nav2_behavior_tree/share/nav2_behavior_tree/cmake/ament_cmake_export_dependencies-extras.cmake
[1.036s] -- Up-to-date: /home/agilex/agilex_ws/install/nav2_behavior_tree/share/nav2_behavior_tree/cmake/nav2_behavior_treeConfig.cmake
[1.036s] -- Up-to-date: /home/agilex/agilex_ws/install/nav2_behavior_tree/share/nav2_behavior_tree/cmake/nav2_behavior_treeConfig-version.cmake
[1.036s] -- Up-to-date: /home/agilex/agilex_ws/install/nav2_behavior_tree/share/nav2_behavior_tree/package.xml
[1.105s] Invoked command in '/home/agilex/agilex_ws/build/nav2_behavior_tree' returned '0': CMAKE_PREFIX_PATH=/home/agilex/agilex_ws/install/nav2_util:/home/agilex/agilex_ws/install/nav2_msgs:/home/agilex/agilex_ws/install/nav2_common:/home/agilex/agilex_ws/install/ydlidar_sdk:/home/agilex/agilex_ws/install/ydlidar_ros2_driver:/home/agilex/agilex_ws/install/teb_local_planner:/home/agilex/agilex_ws/install/teb_msgs:/home/agilex/agilex_ws/install/rf2o_laser_odometry:/home/agilex/agilex_ws/install/orbbec_description:/home/agilex/agilex_ws/install/orbbec_camera:/home/agilex/agilex_ws/install/orbbec_camera_msgs:/home/agilex/agilex_ws/install/nav2_system_tests:/home/agilex/agilex_ws/install/nav2_bringup:/home/agilex/agilex_ws/install/navigation2:/home/agilex/agilex_ws/install/nav2_smoother:/home/agilex/agilex_ws/install/nav2_dwb_controller:/home/agilex/agilex_ws/install/limo_bringup:/home/agilex/agilex_ws/install/nav2_controller:/home/agilex/agilex_ws/install/dwb_plugins:/home/agilex/agilex_ws/install/dwb_critics:/home/agilex/agilex_ws/install/dwb_core:/home/agilex/agilex_ws/install/nav_2d_utils:/home/agilex/agilex_ws/install/dwb_msgs:/home/agilex/agilex_ws/install/nav_2d_msgs:/home/agilex/agilex_ws/install/nav2_waypoint_follower:/home/agilex/agilex_ws/install/nav2_theta_star_planner:/home/agilex/agilex_ws/install/nav2_smac_planner:/home/agilex/agilex_ws/install/nav2_rotation_shim_controller:/home/agilex/agilex_ws/install/nav2_regulated_pure_pursuit_controller:/home/agilex/agilex_ws/install/nav2_planner:/home/agilex/agilex_ws/install/nav2_navfn_planner:/home/agilex/agilex_ws/install/nav2_constrained_smoother:/home/agilex/agilex_ws/install/nav2_bt_navigator:/home/agilex/agilex_ws/install/nav2_behaviors:/home/agilex/agilex_ws/install/nav2_core:/home/agilex/agilex_ws/install/costmap_queue:/home/agilex/agilex_ws/install/costmap_converter:/home/agilex/agilex_ws/install/nav2_costmap_2d:/home/agilex/agilex_ws/install/nav2_voxel_grid:/home/agilex/agilex_ws/install/nav2_rviz_plugins:/home/agilex/agilex_ws/install/nav2_map_server:/home/agilex/agilex_ws/install/nav2_lifecycle_manager:/home/agilex/agilex_ws/install/nav2_behavior_tree:/home/agilex/agilex_ws/install/nav2_amcl:/home/agilex/agilex_ws/install/magic_enum:/home/agilex/agilex_ws/install/limo_visions:/home/agilex/agilex_ws/install/limo_base:/home/agilex/agilex_ws/install/limo_msgs:/home/agilex/agilex_ws/install/limo_description:/home/agilex/agilex_ws/install/limo_car:/home/agilex/agilex_ws/install/libuvc:/home/agilex/agilex_ws/install/glog:/home/agilex/agilex_ws/install/csm:/home/agilex/agilex_ws/install/costmap_converter_msgs:/home/agilex/agilex_ws/install/astra_camera:/home/agilex/agilex_ws/install/astra_camera_msgs:/home/agilex/agilex_ws/install/aruco_ros:/home/agilex/agilex_ws/install/aruco_msgs:/home/agilex/agilex_ws/install/aruco:/home/agilex/agilex_ws/install/yolov5_ros2:/home/agilex/agilex_ws/install/nav2_simple_commander:/opt/ros/humble LD_LIBRARY_PATH=/home/agilex/agilex_ws/install/nav2_util/lib:/home/agilex/agilex_ws/install/nav2_msgs/lib:/home/agilex/agilex_ws/install/teb_local_planner/lib:/home/agilex/agilex_ws/install/teb_msgs/lib:/home/agilex/agilex_ws/install/orbbec_camera/lib:/home/agilex/agilex_ws/install/orbbec_camera_msgs/lib:/home/agilex/agilex_ws/install/nav2_smoother/lib:/home/agilex/agilex_ws/install/nav2_controller/lib:/home/agilex/agilex_ws/install/dwb_plugins/lib:/home/agilex/agilex_ws/install/dwb_critics/lib:/home/agilex/agilex_ws/install/dwb_core/lib:/home/agilex/agilex_ws/install/nav_2d_utils/lib:/home/agilex/agilex_ws/install/dwb_msgs/lib:/home/agilex/agilex_ws/install/nav_2d_msgs/lib:/home/agilex/agilex_ws/install/nav2_waypoint_follower/lib:/home/agilex/agilex_ws/install/nav2_theta_star_planner/lib:/home/agilex/agilex_ws/install/nav2_smac_planner/lib:/home/agilex/agilex_ws/install/nav2_rotation_shim_controller/lib:/home/agilex/agilex_ws/install/nav2_regulated_pure_pursuit_controller/lib:/home/agilex/agilex_ws/install/nav2_planner/lib:/home/agilex/agilex_ws/install/nav2_navfn_planner/lib:/home/agilex/agilex_ws/install/nav2_constrained_smoother/lib:/home/agilex/agilex_ws/install/nav2_bt_navigator/lib:/home/agilex/agilex_ws/install/nav2_behaviors/lib:/home/agilex/agilex_ws/install/costmap_queue/lib:/home/agilex/agilex_ws/install/costmap_converter/lib:/home/agilex/agilex_ws/install/nav2_costmap_2d/lib:/home/agilex/agilex_ws/install/nav2_voxel_grid/lib:/home/agilex/agilex_ws/install/nav2_rviz_plugins/lib:/home/agilex/agilex_ws/install/nav2_map_server/lib:/home/agilex/agilex_ws/install/nav2_lifecycle_manager/lib:/home/agilex/agilex_ws/install/nav2_behavior_tree/lib:/home/agilex/agilex_ws/install/nav2_amcl/lib:/home/agilex/agilex_ws/install/limo_msgs/lib:/home/agilex/agilex_ws/install/libuvc/lib:/home/agilex/agilex_ws/install/glog/lib:/home/agilex/agilex_ws/install/csm/lib:/home/agilex/agilex_ws/install/costmap_converter_msgs/lib:/home/agilex/agilex_ws/install/astra_camera/lib:/home/agilex/agilex_ws/install/astra_camera_msgs/lib:/home/agilex/agilex_ws/install/aruco_ros/lib:/home/agilex/agilex_ws/install/aruco_msgs/lib:/home/agilex/agilex_ws/install/aruco/lib:/usr/lib/x86_64-linux-gnu/gazebo-11/plugins:/opt/ros/humble/opt/rviz_ogre_vendor/lib:/opt/ros/humble/lib/x86_64-linux-gnu:/opt/ros/humble/lib /usr/bin/cmake --install /home/agilex/agilex_ws/build/nav2_behavior_tree
