[0.036s] Invoking command in '/home/agilex/agilex_ws/build/nav_2d_msgs': CMAKE_PREFIX_PATH=/opt/ros/humble /usr/bin/cmake /home/agilex/agilex_ws/src/navigation2/nav2_dwb_controller/nav_2d_msgs -DCMAKE_INSTALL_PREFIX=/home/agilex/agilex_ws/install/nav_2d_msgs
[0.051s] -- Found geometry_msgs: 4.2.3 (/opt/ros/humble/share/geometry_msgs/cmake)
[0.264s] -- Found Python3: /usr/bin/python3.10 (found version "3.10.6") found components: Interpreter 
[0.400s] -- Found rosidl_generator_c: 3.1.4 (/opt/ros/humble/share/rosidl_generator_c/cmake)
[0.405s] -- Found rosidl_adapter: 3.1.4 (/opt/ros/humble/share/rosidl_adapter/cmake)
[0.419s] -- Found rosidl_generator_cpp: 3.1.4 (/opt/ros/humble/share/rosidl_generator_cpp/cmake)
[0.432s] -- Using all available rosidl_typesupport_c: rosidl_typesupport_fastrtps_c;rosidl_typesupport_introspection_c
[0.454s] -- Using all available rosidl_typesupport_cpp: rosidl_typesupport_fastrtps_cpp;rosidl_typesupport_introspection_cpp
[0.587s] -- Found rosidl_default_generators: 1.2.0 (/opt/ros/humble/share/rosidl_default_generators/cmake)
[1.224s] -- Found ament_cmake_ros: 0.10.0 (/opt/ros/humble/share/ament_cmake_ros/cmake)
[2.203s] -- Using all available rosidl_typesupport_c: rosidl_typesupport_fastrtps_c;rosidl_typesupport_introspection_c
[2.568s] -- Using all available rosidl_typesupport_cpp: rosidl_typesupport_fastrtps_cpp;rosidl_typesupport_introspection_cpp
[2.610s] -- Found PythonInterp: /usr/bin/python3 (found suitable version "3.10.6", minimum required is "3.6") 
[2.614s] -- Found python_cmake_module: 0.10.0 (/opt/ros/humble/share/python_cmake_module/cmake)
[2.668s] -- Found PythonLibs: /usr/lib/x86_64-linux-gnu/libpython3.10.so (found suitable version "3.10.6", minimum required is "3.5") 
[2.668s] -- Using PYTHON_EXECUTABLE: /usr/bin/python3
[2.668s] -- Using PYTHON_INCLUDE_DIRS: /usr/include/python3.10
[2.668s] -- Using PYTHON_LIBRARIES: /usr/lib/x86_64-linux-gnu/libpython3.10.so
[2.700s] -- Found PythonExtra: .so  
[2.814s] -- Configuring done
[3.088s] -- Generating done
[3.091s] -- Build files have been written to: /home/agilex/agilex_ws/build/nav_2d_msgs
[3.150s] Invoked command in '/home/agilex/agilex_ws/build/nav_2d_msgs' returned '0': CMAKE_PREFIX_PATH=/opt/ros/humble /usr/bin/cmake /home/agilex/agilex_ws/src/navigation2/nav2_dwb_controller/nav_2d_msgs -DCMAKE_INSTALL_PREFIX=/home/agilex/agilex_ws/install/nav_2d_msgs
[3.150s] Invoking command in '/home/agilex/agilex_ws/build/nav_2d_msgs': CMAKE_PREFIX_PATH=/opt/ros/humble /usr/bin/cmake --build /home/agilex/agilex_ws/build/nav_2d_msgs -- -j8 -l8
[3.312s] [  1%] [34m[1mGenerating C code for ROS interfaces[0m
[3.361s] [  2%] [34m[1mGenerating C++ code for ROS interfaces[0m
[3.473s] [  2%] Built target ament_cmake_python_copy_nav_2d_msgs
[4.298s] running egg_info
[4.299s] creating nav_2d_msgs.egg-info
[4.299s] writing nav_2d_msgs.egg-info/PKG-INFO
[4.299s] writing dependency_links to nav_2d_msgs.egg-info/dependency_links.txt
[4.299s] writing top-level names to nav_2d_msgs.egg-info/top_level.txt
[4.299s] writing manifest file 'nav_2d_msgs.egg-info/SOURCES.txt'
[4.302s] reading manifest file 'nav_2d_msgs.egg-info/SOURCES.txt'
[4.302s] writing manifest file 'nav_2d_msgs.egg-info/SOURCES.txt'
[4.352s] [  2%] Built target ament_cmake_python_build_nav_2d_msgs_egg
[6.133s] [  2%] Built target nav_2d_msgs__cpp
[6.213s] [  4%] [34m[1mGenerating C++ type support dispatch for ROS interfaces[0m
[6.248s] [  5%] [34m[1mGenerating C++ type support for eProsima Fast-RTPS[0m
[6.249s] [  7%] [34m[1mGenerating C++ introspection for ROS interfaces[0m
[6.662s] [  8%] [32mBuilding C object CMakeFiles/nav_2d_msgs__rosidl_generator_c.dir/rosidl_generator_c/nav_2d_msgs/msg/detail/path2_d__functions.c.o[0m
[6.676s] [  9%] [32mBuilding C object CMakeFiles/nav_2d_msgs__rosidl_generator_c.dir/rosidl_generator_c/nav_2d_msgs/msg/detail/pose2_d32__functions.c.o[0m
[6.697s] [ 11%] [32mBuilding C object CMakeFiles/nav_2d_msgs__rosidl_generator_c.dir/rosidl_generator_c/nav_2d_msgs/msg/detail/pose2_d_stamped__functions.c.o[0m
[6.749s] [ 12%] [32mBuilding C object CMakeFiles/nav_2d_msgs__rosidl_generator_c.dir/rosidl_generator_c/nav_2d_msgs/msg/detail/twist2_d__functions.c.o[0m
[6.800s] [ 14%] [32mBuilding C object CMakeFiles/nav_2d_msgs__rosidl_generator_c.dir/rosidl_generator_c/nav_2d_msgs/msg/detail/twist2_d32__functions.c.o[0m
[6.960s] [ 15%] [32mBuilding C object CMakeFiles/nav_2d_msgs__rosidl_generator_c.dir/rosidl_generator_c/nav_2d_msgs/msg/detail/twist2_d_stamped__functions.c.o[0m
[7.243s] [ 16%] [32m[1mLinking C shared library libnav_2d_msgs__rosidl_generator_c.so[0m
[7.503s] [ 16%] Built target nav_2d_msgs__rosidl_generator_c
[7.561s] [ 18%] [34m[1mGenerating C type support for eProsima Fast-RTPS[0m
[7.648s] [ 19%] [34m[1mGenerating C introspection for ROS interfaces[0m
[7.648s] [ 21%] [34m[1mGenerating C type support dispatch for ROS interfaces[0m
[7.925s] [ 22%] [32mBuilding CXX object CMakeFiles/nav_2d_msgs__rosidl_typesupport_introspection_cpp.dir/rosidl_typesupport_introspection_cpp/nav_2d_msgs/msg/detail/path2_d__type_support.cpp.o[0m
[7.943s] [ 23%] [32mBuilding CXX object CMakeFiles/nav_2d_msgs__rosidl_typesupport_introspection_cpp.dir/rosidl_typesupport_introspection_cpp/nav_2d_msgs/msg/detail/pose2_d32__type_support.cpp.o[0m
[7.996s] [ 25%] [32mBuilding CXX object CMakeFiles/nav_2d_msgs__rosidl_typesupport_introspection_cpp.dir/rosidl_typesupport_introspection_cpp/nav_2d_msgs/msg/detail/pose2_d_stamped__type_support.cpp.o[0m
[8.455s] [ 26%] [32mBuilding CXX object CMakeFiles/nav_2d_msgs__rosidl_typesupport_cpp.dir/rosidl_typesupport_cpp/nav_2d_msgs/msg/path2_d__type_support.cpp.o[0m
[9.239s] [ 28%] [32mBuilding CXX object CMakeFiles/nav_2d_msgs__rosidl_typesupport_fastrtps_cpp.dir/rosidl_typesupport_fastrtps_cpp/nav_2d_msgs/msg/detail/dds_fastrtps/path2_d__type_support.cpp.o[0m
[9.464s] [ 29%] [32mBuilding CXX object CMakeFiles/nav_2d_msgs__rosidl_typesupport_introspection_cpp.dir/rosidl_typesupport_introspection_cpp/nav_2d_msgs/msg/detail/twist2_d__type_support.cpp.o[0m
[9.738s] [ 30%] [32mBuilding CXX object CMakeFiles/nav_2d_msgs__rosidl_typesupport_introspection_cpp.dir/rosidl_typesupport_introspection_cpp/nav_2d_msgs/msg/detail/twist2_d32__type_support.cpp.o[0m
[9.762s] [ 32%] [32mBuilding CXX object CMakeFiles/nav_2d_msgs__rosidl_typesupport_fastrtps_c.dir/rosidl_typesupport_fastrtps_c/nav_2d_msgs/msg/detail/path2_d__type_support_c.cpp.o[0m
[9.799s] [ 33%] [32mBuilding CXX object CMakeFiles/nav_2d_msgs__rosidl_typesupport_c.dir/rosidl_typesupport_c/nav_2d_msgs/msg/path2_d__type_support.cpp.o[0m
[9.869s] [ 35%] [32mBuilding CXX object CMakeFiles/nav_2d_msgs__rosidl_typesupport_cpp.dir/rosidl_typesupport_cpp/nav_2d_msgs/msg/pose2_d32__type_support.cpp.o[0m
[9.937s] [ 36%] [32mBuilding CXX object CMakeFiles/nav_2d_msgs__rosidl_typesupport_c.dir/rosidl_typesupport_c/nav_2d_msgs/msg/pose2_d32__type_support.cpp.o[0m
[9.999s] [ 38%] [32mBuilding CXX object CMakeFiles/nav_2d_msgs__rosidl_typesupport_cpp.dir/rosidl_typesupport_cpp/nav_2d_msgs/msg/pose2_d_stamped__type_support.cpp.o[0m
[10.060s] [ 39%] [32mBuilding CXX object CMakeFiles/nav_2d_msgs__rosidl_typesupport_c.dir/rosidl_typesupport_c/nav_2d_msgs/msg/pose2_d_stamped__type_support.cpp.o[0m
[10.216s] [ 40%] [32mBuilding CXX object CMakeFiles/nav_2d_msgs__rosidl_typesupport_c.dir/rosidl_typesupport_c/nav_2d_msgs/msg/twist2_d__type_support.cpp.o[0m
[10.350s] [ 42%] [32mBuilding CXX object CMakeFiles/nav_2d_msgs__rosidl_typesupport_c.dir/rosidl_typesupport_c/nav_2d_msgs/msg/twist2_d32__type_support.cpp.o[0m
[10.434s] [ 43%] [32mBuilding C object CMakeFiles/nav_2d_msgs__rosidl_typesupport_introspection_c.dir/rosidl_typesupport_introspection_c/nav_2d_msgs/msg/detail/path2_d__type_support.c.o[0m
[10.502s] [ 45%] [32mBuilding CXX object CMakeFiles/nav_2d_msgs__rosidl_typesupport_c.dir/rosidl_typesupport_c/nav_2d_msgs/msg/twist2_d_stamped__type_support.cpp.o[0m
[10.539s] [ 46%] [32mBuilding CXX object CMakeFiles/nav_2d_msgs__rosidl_typesupport_fastrtps_c.dir/rosidl_typesupport_fastrtps_c/nav_2d_msgs/msg/detail/pose2_d32__type_support_c.cpp.o[0m
[10.605s] [ 47%] [32mBuilding C object CMakeFiles/nav_2d_msgs__rosidl_typesupport_introspection_c.dir/rosidl_typesupport_introspection_c/nav_2d_msgs/msg/detail/pose2_d32__type_support.c.o[0m
[10.616s] [ 49%] [32m[1mLinking CXX shared library libnav_2d_msgs__rosidl_typesupport_c.so[0m
[10.625s] [ 50%] [32mBuilding CXX object CMakeFiles/nav_2d_msgs__rosidl_typesupport_cpp.dir/rosidl_typesupport_cpp/nav_2d_msgs/msg/twist2_d__type_support.cpp.o[0m
[10.762s] [ 52%] [32mBuilding C object CMakeFiles/nav_2d_msgs__rosidl_typesupport_introspection_c.dir/rosidl_typesupport_introspection_c/nav_2d_msgs/msg/detail/pose2_d_stamped__type_support.c.o[0m
[10.849s] [ 52%] Built target nav_2d_msgs__rosidl_typesupport_c
[10.896s] [ 53%] [32mBuilding CXX object CMakeFiles/nav_2d_msgs__rosidl_typesupport_introspection_cpp.dir/rosidl_typesupport_introspection_cpp/nav_2d_msgs/msg/detail/twist2_d_stamped__type_support.cpp.o[0m
[10.899s] [ 54%] [32mBuilding C object CMakeFiles/nav_2d_msgs__rosidl_typesupport_introspection_c.dir/rosidl_typesupport_introspection_c/nav_2d_msgs/msg/detail/twist2_d__type_support.c.o[0m
[10.944s] [ 56%] [32mBuilding C object CMakeFiles/nav_2d_msgs__rosidl_typesupport_introspection_c.dir/rosidl_typesupport_introspection_c/nav_2d_msgs/msg/detail/twist2_d32__type_support.c.o[0m
[11.081s] [ 57%] [32mBuilding CXX object CMakeFiles/nav_2d_msgs__rosidl_typesupport_cpp.dir/rosidl_typesupport_cpp/nav_2d_msgs/msg/twist2_d32__type_support.cpp.o[0m
[11.092s] [ 59%] [32mBuilding C object CMakeFiles/nav_2d_msgs__rosidl_typesupport_introspection_c.dir/rosidl_typesupport_introspection_c/nav_2d_msgs/msg/detail/twist2_d_stamped__type_support.c.o[0m
[11.223s] [ 60%] [32mBuilding CXX object CMakeFiles/nav_2d_msgs__rosidl_typesupport_fastrtps_cpp.dir/rosidl_typesupport_fastrtps_cpp/nav_2d_msgs/msg/detail/dds_fastrtps/pose2_d32__type_support.cpp.o[0m
[11.242s] [ 61%] [32mBuilding CXX object CMakeFiles/nav_2d_msgs__rosidl_typesupport_fastrtps_c.dir/rosidl_typesupport_fastrtps_c/nav_2d_msgs/msg/detail/pose2_d_stamped__type_support_c.cpp.o[0m
[11.258s] [ 63%] [32m[1mLinking C shared library libnav_2d_msgs__rosidl_typesupport_introspection_c.so[0m
[11.340s] [ 64%] [32mBuilding CXX object CMakeFiles/nav_2d_msgs__rosidl_typesupport_fastrtps_cpp.dir/rosidl_typesupport_fastrtps_cpp/nav_2d_msgs/msg/detail/dds_fastrtps/pose2_d_stamped__type_support.cpp.o[0m
[11.448s] [ 64%] Built target nav_2d_msgs__rosidl_typesupport_introspection_c
[11.495s] [ 66%] [32mBuilding CXX object CMakeFiles/nav_2d_msgs__rosidl_typesupport_cpp.dir/rosidl_typesupport_cpp/nav_2d_msgs/msg/twist2_d_stamped__type_support.cpp.o[0m
[11.645s] [ 67%] [32mBuilding CXX object CMakeFiles/nav_2d_msgs__rosidl_typesupport_fastrtps_c.dir/rosidl_typesupport_fastrtps_c/nav_2d_msgs/msg/detail/twist2_d__type_support_c.cpp.o[0m
[11.721s] [ 69%] [32mBuilding CXX object CMakeFiles/nav_2d_msgs__rosidl_typesupport_fastrtps_cpp.dir/rosidl_typesupport_fastrtps_cpp/nav_2d_msgs/msg/detail/dds_fastrtps/twist2_d__type_support.cpp.o[0m
[11.788s] [ 70%] [32mBuilding CXX object CMakeFiles/nav_2d_msgs__rosidl_typesupport_fastrtps_cpp.dir/rosidl_typesupport_fastrtps_cpp/nav_2d_msgs/msg/detail/dds_fastrtps/twist2_d32__type_support.cpp.o[0m
[12.448s] [ 71%] [32m[1mLinking CXX shared library libnav_2d_msgs__rosidl_typesupport_introspection_cpp.so[0m
[12.713s] [ 73%] [32mBuilding CXX object CMakeFiles/nav_2d_msgs__rosidl_typesupport_fastrtps_c.dir/rosidl_typesupport_fastrtps_c/nav_2d_msgs/msg/detail/twist2_d32__type_support_c.cpp.o[0m
[12.764s] [ 74%] [32m[1mLinking CXX shared library libnav_2d_msgs__rosidl_typesupport_cpp.so[0m
[12.845s] [ 74%] Built target nav_2d_msgs__rosidl_typesupport_introspection_cpp
[12.886s] [ 76%] [32mBuilding CXX object CMakeFiles/nav_2d_msgs__rosidl_typesupport_fastrtps_c.dir/rosidl_typesupport_fastrtps_c/nav_2d_msgs/msg/detail/twist2_d_stamped__type_support_c.cpp.o[0m
[12.963s] [ 77%] [32mBuilding CXX object CMakeFiles/nav_2d_msgs__rosidl_typesupport_fastrtps_cpp.dir/rosidl_typesupport_fastrtps_cpp/nav_2d_msgs/msg/detail/dds_fastrtps/twist2_d_stamped__type_support.cpp.o[0m
[13.017s] [ 77%] Built target nav_2d_msgs__rosidl_typesupport_cpp
[13.944s] [ 78%] [32m[1mLinking CXX shared library libnav_2d_msgs__rosidl_typesupport_fastrtps_cpp.so[0m
[13.963s] [ 80%] [32m[1mLinking CXX shared library libnav_2d_msgs__rosidl_typesupport_fastrtps_c.so[0m
[14.304s] [ 80%] Built target nav_2d_msgs__rosidl_typesupport_fastrtps_cpp
[14.366s] [ 80%] Built target nav_2d_msgs__rosidl_typesupport_fastrtps_c
[14.468s] [ 80%] Built target nav_2d_msgs
[14.593s] [ 81%] [34m[1mGenerating Python code for ROS interfaces[0m
[17.311s] [ 81%] Built target nav_2d_msgs__py
[17.363s] [ 83%] [32mBuilding C object CMakeFiles/nav_2d_msgs__rosidl_generator_py.dir/rosidl_generator_py/nav_2d_msgs/msg/_path2_d_s.c.o[0m
[17.555s] [ 84%] [32mBuilding C object CMakeFiles/nav_2d_msgs__rosidl_generator_py.dir/rosidl_generator_py/nav_2d_msgs/msg/_twist2_d_stamped_s.c.o[0m
[17.657s] [ 85%] [32mBuilding C object CMakeFiles/nav_2d_msgs__rosidl_generator_py.dir/rosidl_generator_py/nav_2d_msgs/msg/_twist2_d32_s.c.o[0m
[17.778s] [ 87%] [32mBuilding C object CMakeFiles/nav_2d_msgs__rosidl_generator_py.dir/rosidl_generator_py/nav_2d_msgs/msg/_twist2_d_s.c.o[0m
[17.893s] [ 88%] [32mBuilding C object CMakeFiles/nav_2d_msgs__rosidl_generator_py.dir/rosidl_generator_py/nav_2d_msgs/msg/_pose2_d_stamped_s.c.o[0m
[17.988s] [ 90%] [32mBuilding C object CMakeFiles/nav_2d_msgs__rosidl_generator_py.dir/rosidl_generator_py/nav_2d_msgs/msg/_pose2_d32_s.c.o[0m
[18.117s] [ 91%] [32m[1mLinking C shared library rosidl_generator_py/nav_2d_msgs/libnav_2d_msgs__rosidl_generator_py.so[0m
[18.171s] [ 91%] Built target nav_2d_msgs__rosidl_generator_py
[18.198s] [ 92%] [32mBuilding C object CMakeFiles/nav_2d_msgs__rosidl_typesupport_fastrtps_c__pyext.dir/rosidl_generator_py/nav_2d_msgs/_nav_2d_msgs_s.ep.rosidl_typesupport_fastrtps_c.c.o[0m
[18.354s] [ 94%] [32m[1mLinking C shared library rosidl_generator_py/nav_2d_msgs/nav_2d_msgs_s__rosidl_typesupport_fastrtps_c.cpython-310-x86_64-linux-gnu.so[0m
[18.502s] [ 94%] Built target nav_2d_msgs__rosidl_typesupport_fastrtps_c__pyext
[18.563s] [ 95%] [32mBuilding C object CMakeFiles/nav_2d_msgs__rosidl_typesupport_c__pyext.dir/rosidl_generator_py/nav_2d_msgs/_nav_2d_msgs_s.ep.rosidl_typesupport_c.c.o[0m
[18.708s] [ 97%] [32m[1mLinking C shared library rosidl_generator_py/nav_2d_msgs/nav_2d_msgs_s__rosidl_typesupport_c.cpython-310-x86_64-linux-gnu.so[0m
[18.770s] [ 97%] Built target nav_2d_msgs__rosidl_typesupport_c__pyext
[18.806s] [ 98%] [32mBuilding C object CMakeFiles/nav_2d_msgs__rosidl_typesupport_introspection_c__pyext.dir/rosidl_generator_py/nav_2d_msgs/_nav_2d_msgs_s.ep.rosidl_typesupport_introspection_c.c.o[0m
[18.943s] [100%] [32m[1mLinking C shared library rosidl_generator_py/nav_2d_msgs/nav_2d_msgs_s__rosidl_typesupport_introspection_c.cpython-310-x86_64-linux-gnu.so[0m
[19.020s] [100%] Built target nav_2d_msgs__rosidl_typesupport_introspection_c__pyext
[19.041s] Invoked command in '/home/agilex/agilex_ws/build/nav_2d_msgs' returned '0': CMAKE_PREFIX_PATH=/opt/ros/humble /usr/bin/cmake --build /home/agilex/agilex_ws/build/nav_2d_msgs -- -j8 -l8
[19.271s] Invoking command in '/home/agilex/agilex_ws/build/nav_2d_msgs': CMAKE_PREFIX_PATH=/opt/ros/humble /usr/bin/cmake --install /home/agilex/agilex_ws/build/nav_2d_msgs
[19.469s] -- Install configuration: ""
[19.469s] -- Installing: /home/agilex/agilex_ws/install/nav_2d_msgs/share/ament_index/resource_index/rosidl_interfaces/nav_2d_msgs
[19.469s] -- Installing: /home/agilex/agilex_ws/install/nav_2d_msgs/include/nav_2d_msgs/nav_2d_msgs
[19.469s] -- Installing: /home/agilex/agilex_ws/install/nav_2d_msgs/include/nav_2d_msgs/nav_2d_msgs/msg
[19.469s] -- Installing: /home/agilex/agilex_ws/install/nav_2d_msgs/include/nav_2d_msgs/nav_2d_msgs/msg/rosidl_generator_c__visibility_control.h
[19.469s] -- Installing: /home/agilex/agilex_ws/install/nav_2d_msgs/include/nav_2d_msgs/nav_2d_msgs/msg/path2_d.h
[19.469s] -- Installing: /home/agilex/agilex_ws/install/nav_2d_msgs/include/nav_2d_msgs/nav_2d_msgs/msg/detail
[19.469s] -- Installing: /home/agilex/agilex_ws/install/nav_2d_msgs/include/nav_2d_msgs/nav_2d_msgs/msg/detail/path2_d__functions.c
[19.469s] -- Installing: /home/agilex/agilex_ws/install/nav_2d_msgs/include/nav_2d_msgs/nav_2d_msgs/msg/detail/path2_d__functions.h
[19.470s] -- Installing: /home/agilex/agilex_ws/install/nav_2d_msgs/include/nav_2d_msgs/nav_2d_msgs/msg/detail/path2_d__struct.h
[19.470s] -- Installing: /home/agilex/agilex_ws/install/nav_2d_msgs/include/nav_2d_msgs/nav_2d_msgs/msg/detail/path2_d__type_support.h
[19.470s] -- Installing: /home/agilex/agilex_ws/install/nav_2d_msgs/include/nav_2d_msgs/nav_2d_msgs/msg/detail/pose2_d32__functions.c
[19.470s] -- Installing: /home/agilex/agilex_ws/install/nav_2d_msgs/include/nav_2d_msgs/nav_2d_msgs/msg/detail/pose2_d32__functions.h
[19.470s] -- Installing: /home/agilex/agilex_ws/install/nav_2d_msgs/include/nav_2d_msgs/nav_2d_msgs/msg/detail/pose2_d32__struct.h
[19.470s] -- Installing: /home/agilex/agilex_ws/install/nav_2d_msgs/include/nav_2d_msgs/nav_2d_msgs/msg/detail/pose2_d32__type_support.h
[19.470s] -- Installing: /home/agilex/agilex_ws/install/nav_2d_msgs/include/nav_2d_msgs/nav_2d_msgs/msg/detail/pose2_d_stamped__functions.c
[19.470s] -- Installing: /home/agilex/agilex_ws/install/nav_2d_msgs/include/nav_2d_msgs/nav_2d_msgs/msg/detail/pose2_d_stamped__functions.h
[19.470s] -- Installing: /home/agilex/agilex_ws/install/nav_2d_msgs/include/nav_2d_msgs/nav_2d_msgs/msg/detail/pose2_d_stamped__struct.h
[19.470s] -- Installing: /home/agilex/agilex_ws/install/nav_2d_msgs/include/nav_2d_msgs/nav_2d_msgs/msg/detail/pose2_d_stamped__type_support.h
[19.470s] -- Installing: /home/agilex/agilex_ws/install/nav_2d_msgs/include/nav_2d_msgs/nav_2d_msgs/msg/detail/twist2_d__functions.c
[19.470s] -- Installing: /home/agilex/agilex_ws/install/nav_2d_msgs/include/nav_2d_msgs/nav_2d_msgs/msg/detail/twist2_d__functions.h
[19.470s] -- Installing: /home/agilex/agilex_ws/install/nav_2d_msgs/include/nav_2d_msgs/nav_2d_msgs/msg/detail/twist2_d__struct.h
[19.471s] -- Installing: /home/agilex/agilex_ws/install/nav_2d_msgs/include/nav_2d_msgs/nav_2d_msgs/msg/detail/twist2_d__type_support.h
[19.471s] -- Installing: /home/agilex/agilex_ws/install/nav_2d_msgs/include/nav_2d_msgs/nav_2d_msgs/msg/detail/twist2_d32__functions.c
[19.471s] -- Installing: /home/agilex/agilex_ws/install/nav_2d_msgs/include/nav_2d_msgs/nav_2d_msgs/msg/detail/twist2_d32__functions.h
[19.471s] -- Installing: /home/agilex/agilex_ws/install/nav_2d_msgs/include/nav_2d_msgs/nav_2d_msgs/msg/detail/twist2_d32__struct.h
[19.471s] -- Installing: /home/agilex/agilex_ws/install/nav_2d_msgs/include/nav_2d_msgs/nav_2d_msgs/msg/detail/twist2_d32__type_support.h
[19.471s] -- Installing: /home/agilex/agilex_ws/install/nav_2d_msgs/include/nav_2d_msgs/nav_2d_msgs/msg/detail/twist2_d_stamped__functions.c
[19.471s] -- Installing: /home/agilex/agilex_ws/install/nav_2d_msgs/include/nav_2d_msgs/nav_2d_msgs/msg/detail/twist2_d_stamped__functions.h
[19.471s] -- Installing: /home/agilex/agilex_ws/install/nav_2d_msgs/include/nav_2d_msgs/nav_2d_msgs/msg/detail/twist2_d_stamped__struct.h
[19.471s] -- Installing: /home/agilex/agilex_ws/install/nav_2d_msgs/include/nav_2d_msgs/nav_2d_msgs/msg/detail/twist2_d_stamped__type_support.h
[19.471s] -- Installing: /home/agilex/agilex_ws/install/nav_2d_msgs/include/nav_2d_msgs/nav_2d_msgs/msg/pose2_d32.h
[19.471s] -- Installing: /home/agilex/agilex_ws/install/nav_2d_msgs/include/nav_2d_msgs/nav_2d_msgs/msg/pose2_d_stamped.h
[19.471s] -- Installing: /home/agilex/agilex_ws/install/nav_2d_msgs/include/nav_2d_msgs/nav_2d_msgs/msg/twist2_d.h
[19.472s] -- Installing: /home/agilex/agilex_ws/install/nav_2d_msgs/include/nav_2d_msgs/nav_2d_msgs/msg/twist2_d32.h
[19.472s] -- Installing: /home/agilex/agilex_ws/install/nav_2d_msgs/include/nav_2d_msgs/nav_2d_msgs/msg/twist2_d_stamped.h
[19.472s] -- Installing: /home/agilex/agilex_ws/install/nav_2d_msgs/share/nav_2d_msgs/environment/library_path.sh
[19.472s] -- Installing: /home/agilex/agilex_ws/install/nav_2d_msgs/share/nav_2d_msgs/environment/library_path.dsv
[19.472s] -- Installing: /home/agilex/agilex_ws/install/nav_2d_msgs/lib/libnav_2d_msgs__rosidl_generator_c.so
[19.472s] -- Set runtime path of "/home/agilex/agilex_ws/install/nav_2d_msgs/lib/libnav_2d_msgs__rosidl_generator_c.so" to ""
[19.472s] -- Up-to-date: /home/agilex/agilex_ws/install/nav_2d_msgs/include/nav_2d_msgs/nav_2d_msgs
[19.472s] -- Up-to-date: /home/agilex/agilex_ws/install/nav_2d_msgs/include/nav_2d_msgs/nav_2d_msgs/msg
[19.472s] -- Installing: /home/agilex/agilex_ws/install/nav_2d_msgs/include/nav_2d_msgs/nav_2d_msgs/msg/rosidl_typesupport_fastrtps_c__visibility_control.h
[19.473s] -- Up-to-date: /home/agilex/agilex_ws/install/nav_2d_msgs/include/nav_2d_msgs/nav_2d_msgs/msg/detail
[19.473s] -- Installing: /home/agilex/agilex_ws/install/nav_2d_msgs/include/nav_2d_msgs/nav_2d_msgs/msg/detail/path2_d__rosidl_typesupport_fastrtps_c.h
[19.473s] -- Installing: /home/agilex/agilex_ws/install/nav_2d_msgs/include/nav_2d_msgs/nav_2d_msgs/msg/detail/pose2_d32__rosidl_typesupport_fastrtps_c.h
[19.473s] -- Installing: /home/agilex/agilex_ws/install/nav_2d_msgs/include/nav_2d_msgs/nav_2d_msgs/msg/detail/pose2_d_stamped__rosidl_typesupport_fastrtps_c.h
[19.473s] -- Installing: /home/agilex/agilex_ws/install/nav_2d_msgs/include/nav_2d_msgs/nav_2d_msgs/msg/detail/twist2_d__rosidl_typesupport_fastrtps_c.h
[19.473s] -- Installing: /home/agilex/agilex_ws/install/nav_2d_msgs/include/nav_2d_msgs/nav_2d_msgs/msg/detail/twist2_d32__rosidl_typesupport_fastrtps_c.h
[19.473s] -- Installing: /home/agilex/agilex_ws/install/nav_2d_msgs/include/nav_2d_msgs/nav_2d_msgs/msg/detail/twist2_d_stamped__rosidl_typesupport_fastrtps_c.h
[19.473s] -- Installing: /home/agilex/agilex_ws/install/nav_2d_msgs/lib/libnav_2d_msgs__rosidl_typesupport_fastrtps_c.so
[19.473s] -- Set runtime path of "/home/agilex/agilex_ws/install/nav_2d_msgs/lib/libnav_2d_msgs__rosidl_typesupport_fastrtps_c.so" to ""
[19.473s] -- Up-to-date: /home/agilex/agilex_ws/install/nav_2d_msgs/include/nav_2d_msgs/nav_2d_msgs
[19.473s] -- Up-to-date: /home/agilex/agilex_ws/install/nav_2d_msgs/include/nav_2d_msgs/nav_2d_msgs/msg
[19.473s] -- Installing: /home/agilex/agilex_ws/install/nav_2d_msgs/include/nav_2d_msgs/nav_2d_msgs/msg/path2_d.hpp
[19.473s] -- Up-to-date: /home/agilex/agilex_ws/install/nav_2d_msgs/include/nav_2d_msgs/nav_2d_msgs/msg/detail
[19.473s] -- Installing: /home/agilex/agilex_ws/install/nav_2d_msgs/include/nav_2d_msgs/nav_2d_msgs/msg/detail/path2_d__builder.hpp
[19.473s] -- Installing: /home/agilex/agilex_ws/install/nav_2d_msgs/include/nav_2d_msgs/nav_2d_msgs/msg/detail/path2_d__struct.hpp
[19.474s] -- Installing: /home/agilex/agilex_ws/install/nav_2d_msgs/include/nav_2d_msgs/nav_2d_msgs/msg/detail/path2_d__traits.hpp
[19.474s] -- Installing: /home/agilex/agilex_ws/install/nav_2d_msgs/include/nav_2d_msgs/nav_2d_msgs/msg/detail/pose2_d32__builder.hpp
[19.474s] -- Installing: /home/agilex/agilex_ws/install/nav_2d_msgs/include/nav_2d_msgs/nav_2d_msgs/msg/detail/pose2_d32__struct.hpp
[19.474s] -- Installing: /home/agilex/agilex_ws/install/nav_2d_msgs/include/nav_2d_msgs/nav_2d_msgs/msg/detail/pose2_d32__traits.hpp
[19.474s] -- Installing: /home/agilex/agilex_ws/install/nav_2d_msgs/include/nav_2d_msgs/nav_2d_msgs/msg/detail/pose2_d_stamped__builder.hpp
[19.474s] -- Installing: /home/agilex/agilex_ws/install/nav_2d_msgs/include/nav_2d_msgs/nav_2d_msgs/msg/detail/pose2_d_stamped__struct.hpp
[19.474s] -- Installing: /home/agilex/agilex_ws/install/nav_2d_msgs/include/nav_2d_msgs/nav_2d_msgs/msg/detail/pose2_d_stamped__traits.hpp
[19.474s] -- Installing: /home/agilex/agilex_ws/install/nav_2d_msgs/include/nav_2d_msgs/nav_2d_msgs/msg/detail/twist2_d__builder.hpp
[19.474s] -- Installing: /home/agilex/agilex_ws/install/nav_2d_msgs/include/nav_2d_msgs/nav_2d_msgs/msg/detail/twist2_d__struct.hpp
[19.474s] -- Installing: /home/agilex/agilex_ws/install/nav_2d_msgs/include/nav_2d_msgs/nav_2d_msgs/msg/detail/twist2_d__traits.hpp
[19.474s] -- Installing: /home/agilex/agilex_ws/install/nav_2d_msgs/include/nav_2d_msgs/nav_2d_msgs/msg/detail/twist2_d32__builder.hpp
[19.474s] -- Installing: /home/agilex/agilex_ws/install/nav_2d_msgs/include/nav_2d_msgs/nav_2d_msgs/msg/detail/twist2_d32__struct.hpp
[19.474s] -- Installing: /home/agilex/agilex_ws/install/nav_2d_msgs/include/nav_2d_msgs/nav_2d_msgs/msg/detail/twist2_d32__traits.hpp
[19.475s] -- Installing: /home/agilex/agilex_ws/install/nav_2d_msgs/include/nav_2d_msgs/nav_2d_msgs/msg/detail/twist2_d_stamped__builder.hpp
[19.475s] -- Installing: /home/agilex/agilex_ws/install/nav_2d_msgs/include/nav_2d_msgs/nav_2d_msgs/msg/detail/twist2_d_stamped__struct.hpp
[19.475s] -- Installing: /home/agilex/agilex_ws/install/nav_2d_msgs/include/nav_2d_msgs/nav_2d_msgs/msg/detail/twist2_d_stamped__traits.hpp
[19.475s] -- Installing: /home/agilex/agilex_ws/install/nav_2d_msgs/include/nav_2d_msgs/nav_2d_msgs/msg/pose2_d32.hpp
[19.475s] -- Installing: /home/agilex/agilex_ws/install/nav_2d_msgs/include/nav_2d_msgs/nav_2d_msgs/msg/pose2_d_stamped.hpp
[19.475s] -- Installing: /home/agilex/agilex_ws/install/nav_2d_msgs/include/nav_2d_msgs/nav_2d_msgs/msg/twist2_d.hpp
[19.475s] -- Installing: /home/agilex/agilex_ws/install/nav_2d_msgs/include/nav_2d_msgs/nav_2d_msgs/msg/twist2_d32.hpp
[19.475s] -- Installing: /home/agilex/agilex_ws/install/nav_2d_msgs/include/nav_2d_msgs/nav_2d_msgs/msg/twist2_d_stamped.hpp
[19.475s] -- Up-to-date: /home/agilex/agilex_ws/install/nav_2d_msgs/include/nav_2d_msgs/nav_2d_msgs
[19.475s] -- Up-to-date: /home/agilex/agilex_ws/install/nav_2d_msgs/include/nav_2d_msgs/nav_2d_msgs/msg
[19.475s] -- Installing: /home/agilex/agilex_ws/install/nav_2d_msgs/include/nav_2d_msgs/nav_2d_msgs/msg/rosidl_typesupport_fastrtps_cpp__visibility_control.h
[19.475s] -- Up-to-date: /home/agilex/agilex_ws/install/nav_2d_msgs/include/nav_2d_msgs/nav_2d_msgs/msg/detail
[19.475s] -- Installing: /home/agilex/agilex_ws/install/nav_2d_msgs/include/nav_2d_msgs/nav_2d_msgs/msg/detail/path2_d__rosidl_typesupport_fastrtps_cpp.hpp
[19.475s] -- Installing: /home/agilex/agilex_ws/install/nav_2d_msgs/include/nav_2d_msgs/nav_2d_msgs/msg/detail/dds_fastrtps
[19.475s] -- Installing: /home/agilex/agilex_ws/install/nav_2d_msgs/include/nav_2d_msgs/nav_2d_msgs/msg/detail/pose2_d32__rosidl_typesupport_fastrtps_cpp.hpp
[19.476s] -- Installing: /home/agilex/agilex_ws/install/nav_2d_msgs/include/nav_2d_msgs/nav_2d_msgs/msg/detail/pose2_d_stamped__rosidl_typesupport_fastrtps_cpp.hpp
[19.476s] -- Installing: /home/agilex/agilex_ws/install/nav_2d_msgs/include/nav_2d_msgs/nav_2d_msgs/msg/detail/twist2_d__rosidl_typesupport_fastrtps_cpp.hpp
[19.476s] -- Installing: /home/agilex/agilex_ws/install/nav_2d_msgs/include/nav_2d_msgs/nav_2d_msgs/msg/detail/twist2_d32__rosidl_typesupport_fastrtps_cpp.hpp
[19.476s] -- Installing: /home/agilex/agilex_ws/install/nav_2d_msgs/include/nav_2d_msgs/nav_2d_msgs/msg/detail/twist2_d_stamped__rosidl_typesupport_fastrtps_cpp.hpp
[19.476s] -- Installing: /home/agilex/agilex_ws/install/nav_2d_msgs/lib/libnav_2d_msgs__rosidl_typesupport_fastrtps_cpp.so
[19.476s] -- Set runtime path of "/home/agilex/agilex_ws/install/nav_2d_msgs/lib/libnav_2d_msgs__rosidl_typesupport_fastrtps_cpp.so" to ""
[19.476s] -- Up-to-date: /home/agilex/agilex_ws/install/nav_2d_msgs/include/nav_2d_msgs/nav_2d_msgs
[19.476s] -- Up-to-date: /home/agilex/agilex_ws/install/nav_2d_msgs/include/nav_2d_msgs/nav_2d_msgs/msg
[19.476s] -- Installing: /home/agilex/agilex_ws/install/nav_2d_msgs/include/nav_2d_msgs/nav_2d_msgs/msg/rosidl_typesupport_introspection_c__visibility_control.h
[19.476s] -- Up-to-date: /home/agilex/agilex_ws/install/nav_2d_msgs/include/nav_2d_msgs/nav_2d_msgs/msg/detail
[19.476s] -- Installing: /home/agilex/agilex_ws/install/nav_2d_msgs/include/nav_2d_msgs/nav_2d_msgs/msg/detail/path2_d__rosidl_typesupport_introspection_c.h
[19.476s] -- Installing: /home/agilex/agilex_ws/install/nav_2d_msgs/include/nav_2d_msgs/nav_2d_msgs/msg/detail/path2_d__type_support.c
[19.476s] -- Installing: /home/agilex/agilex_ws/install/nav_2d_msgs/include/nav_2d_msgs/nav_2d_msgs/msg/detail/pose2_d32__rosidl_typesupport_introspection_c.h
[19.476s] -- Installing: /home/agilex/agilex_ws/install/nav_2d_msgs/include/nav_2d_msgs/nav_2d_msgs/msg/detail/pose2_d32__type_support.c
[19.476s] -- Installing: /home/agilex/agilex_ws/install/nav_2d_msgs/include/nav_2d_msgs/nav_2d_msgs/msg/detail/pose2_d_stamped__rosidl_typesupport_introspection_c.h
[19.477s] -- Installing: /home/agilex/agilex_ws/install/nav_2d_msgs/include/nav_2d_msgs/nav_2d_msgs/msg/detail/pose2_d_stamped__type_support.c
[19.477s] -- Installing: /home/agilex/agilex_ws/install/nav_2d_msgs/include/nav_2d_msgs/nav_2d_msgs/msg/detail/twist2_d__rosidl_typesupport_introspection_c.h
[19.477s] -- Installing: /home/agilex/agilex_ws/install/nav_2d_msgs/include/nav_2d_msgs/nav_2d_msgs/msg/detail/twist2_d__type_support.c
[19.477s] -- Installing: /home/agilex/agilex_ws/install/nav_2d_msgs/include/nav_2d_msgs/nav_2d_msgs/msg/detail/twist2_d32__rosidl_typesupport_introspection_c.h
[19.477s] -- Installing: /home/agilex/agilex_ws/install/nav_2d_msgs/include/nav_2d_msgs/nav_2d_msgs/msg/detail/twist2_d32__type_support.c
[19.477s] -- Installing: /home/agilex/agilex_ws/install/nav_2d_msgs/include/nav_2d_msgs/nav_2d_msgs/msg/detail/twist2_d_stamped__rosidl_typesupport_introspection_c.h
[19.477s] -- Installing: /home/agilex/agilex_ws/install/nav_2d_msgs/include/nav_2d_msgs/nav_2d_msgs/msg/detail/twist2_d_stamped__type_support.c
[19.477s] -- Installing: /home/agilex/agilex_ws/install/nav_2d_msgs/lib/libnav_2d_msgs__rosidl_typesupport_introspection_c.so
[19.477s] -- Set runtime path of "/home/agilex/agilex_ws/install/nav_2d_msgs/lib/libnav_2d_msgs__rosidl_typesupport_introspection_c.so" to ""
[19.477s] -- Installing: /home/agilex/agilex_ws/install/nav_2d_msgs/lib/libnav_2d_msgs__rosidl_typesupport_c.so
[19.477s] -- Set runtime path of "/home/agilex/agilex_ws/install/nav_2d_msgs/lib/libnav_2d_msgs__rosidl_typesupport_c.so" to ""
[19.477s] -- Up-to-date: /home/agilex/agilex_ws/install/nav_2d_msgs/include/nav_2d_msgs/nav_2d_msgs
[19.477s] -- Up-to-date: /home/agilex/agilex_ws/install/nav_2d_msgs/include/nav_2d_msgs/nav_2d_msgs/msg
[19.477s] -- Up-to-date: /home/agilex/agilex_ws/install/nav_2d_msgs/include/nav_2d_msgs/nav_2d_msgs/msg/detail
[19.477s] -- Installing: /home/agilex/agilex_ws/install/nav_2d_msgs/include/nav_2d_msgs/nav_2d_msgs/msg/detail/path2_d__rosidl_typesupport_introspection_cpp.hpp
[19.478s] -- Installing: /home/agilex/agilex_ws/install/nav_2d_msgs/include/nav_2d_msgs/nav_2d_msgs/msg/detail/path2_d__type_support.cpp
[19.478s] -- Installing: /home/agilex/agilex_ws/install/nav_2d_msgs/include/nav_2d_msgs/nav_2d_msgs/msg/detail/pose2_d32__rosidl_typesupport_introspection_cpp.hpp
[19.478s] -- Installing: /home/agilex/agilex_ws/install/nav_2d_msgs/include/nav_2d_msgs/nav_2d_msgs/msg/detail/pose2_d32__type_support.cpp
[19.478s] -- Installing: /home/agilex/agilex_ws/install/nav_2d_msgs/include/nav_2d_msgs/nav_2d_msgs/msg/detail/pose2_d_stamped__rosidl_typesupport_introspection_cpp.hpp
[19.478s] -- Installing: /home/agilex/agilex_ws/install/nav_2d_msgs/include/nav_2d_msgs/nav_2d_msgs/msg/detail/pose2_d_stamped__type_support.cpp
[19.478s] -- Installing: /home/agilex/agilex_ws/install/nav_2d_msgs/include/nav_2d_msgs/nav_2d_msgs/msg/detail/twist2_d__rosidl_typesupport_introspection_cpp.hpp
[19.478s] -- Installing: /home/agilex/agilex_ws/install/nav_2d_msgs/include/nav_2d_msgs/nav_2d_msgs/msg/detail/twist2_d__type_support.cpp
[19.478s] -- Installing: /home/agilex/agilex_ws/install/nav_2d_msgs/include/nav_2d_msgs/nav_2d_msgs/msg/detail/twist2_d32__rosidl_typesupport_introspection_cpp.hpp
[19.478s] -- Installing: /home/agilex/agilex_ws/install/nav_2d_msgs/include/nav_2d_msgs/nav_2d_msgs/msg/detail/twist2_d32__type_support.cpp
[19.478s] -- Installing: /home/agilex/agilex_ws/install/nav_2d_msgs/include/nav_2d_msgs/nav_2d_msgs/msg/detail/twist2_d_stamped__rosidl_typesupport_introspection_cpp.hpp
[19.478s] -- Installing: /home/agilex/agilex_ws/install/nav_2d_msgs/include/nav_2d_msgs/nav_2d_msgs/msg/detail/twist2_d_stamped__type_support.cpp
[19.478s] -- Installing: /home/agilex/agilex_ws/install/nav_2d_msgs/lib/libnav_2d_msgs__rosidl_typesupport_introspection_cpp.so
[19.478s] -- Set runtime path of "/home/agilex/agilex_ws/install/nav_2d_msgs/lib/libnav_2d_msgs__rosidl_typesupport_introspection_cpp.so" to ""
[19.478s] -- Installing: /home/agilex/agilex_ws/install/nav_2d_msgs/lib/libnav_2d_msgs__rosidl_typesupport_cpp.so
[19.479s] -- Set runtime path of "/home/agilex/agilex_ws/install/nav_2d_msgs/lib/libnav_2d_msgs__rosidl_typesupport_cpp.so" to ""
[19.479s] -- Installing: /home/agilex/agilex_ws/install/nav_2d_msgs/share/nav_2d_msgs/environment/pythonpath.sh
[19.479s] -- Installing: /home/agilex/agilex_ws/install/nav_2d_msgs/share/nav_2d_msgs/environment/pythonpath.dsv
[19.479s] -- Installing: /home/agilex/agilex_ws/install/nav_2d_msgs/local/lib/python3.10/dist-packages/nav_2d_msgs-1.1.0-py3.10.egg-info
[19.479s] -- Installing: /home/agilex/agilex_ws/install/nav_2d_msgs/local/lib/python3.10/dist-packages/nav_2d_msgs-1.1.0-py3.10.egg-info/PKG-INFO
[19.479s] -- Installing: /home/agilex/agilex_ws/install/nav_2d_msgs/local/lib/python3.10/dist-packages/nav_2d_msgs-1.1.0-py3.10.egg-info/dependency_links.txt
[19.479s] -- Installing: /home/agilex/agilex_ws/install/nav_2d_msgs/local/lib/python3.10/dist-packages/nav_2d_msgs-1.1.0-py3.10.egg-info/top_level.txt
[19.479s] -- Installing: /home/agilex/agilex_ws/install/nav_2d_msgs/local/lib/python3.10/dist-packages/nav_2d_msgs-1.1.0-py3.10.egg-info/SOURCES.txt
[19.479s] -- Installing: /home/agilex/agilex_ws/install/nav_2d_msgs/local/lib/python3.10/dist-packages/nav_2d_msgs
[19.479s] -- Installing: /home/agilex/agilex_ws/install/nav_2d_msgs/local/lib/python3.10/dist-packages/nav_2d_msgs/__init__.py
[19.479s] -- Installing: /home/agilex/agilex_ws/install/nav_2d_msgs/local/lib/python3.10/dist-packages/nav_2d_msgs/msg
[19.479s] -- Installing: /home/agilex/agilex_ws/install/nav_2d_msgs/local/lib/python3.10/dist-packages/nav_2d_msgs/msg/_path2_d.py
[19.479s] -- Installing: /home/agilex/agilex_ws/install/nav_2d_msgs/local/lib/python3.10/dist-packages/nav_2d_msgs/msg/_path2_d_s.c
[19.479s] -- Installing: /home/agilex/agilex_ws/install/nav_2d_msgs/local/lib/python3.10/dist-packages/nav_2d_msgs/msg/_pose2_d32.py
[19.479s] -- Installing: /home/agilex/agilex_ws/install/nav_2d_msgs/local/lib/python3.10/dist-packages/nav_2d_msgs/msg/_pose2_d32_s.c
[19.480s] -- Installing: /home/agilex/agilex_ws/install/nav_2d_msgs/local/lib/python3.10/dist-packages/nav_2d_msgs/msg/_pose2_d_stamped.py
[19.485s] -- Installing: /home/agilex/agilex_ws/install/nav_2d_msgs/local/lib/python3.10/dist-packages/nav_2d_msgs/msg/_pose2_d_stamped_s.c
[19.485s] -- Installing: /home/agilex/agilex_ws/install/nav_2d_msgs/local/lib/python3.10/dist-packages/nav_2d_msgs/msg/_twist2_d.py
[19.485s] -- Installing: /home/agilex/agilex_ws/install/nav_2d_msgs/local/lib/python3.10/dist-packages/nav_2d_msgs/msg/_twist2_d_s.c
[19.485s] -- Installing: /home/agilex/agilex_ws/install/nav_2d_msgs/local/lib/python3.10/dist-packages/nav_2d_msgs/msg/_twist2_d32.py
[19.485s] -- Installing: /home/agilex/agilex_ws/install/nav_2d_msgs/local/lib/python3.10/dist-packages/nav_2d_msgs/msg/_twist2_d32_s.c
[19.485s] -- Installing: /home/agilex/agilex_ws/install/nav_2d_msgs/local/lib/python3.10/dist-packages/nav_2d_msgs/msg/_twist2_d_stamped.py
[19.485s] -- Installing: /home/agilex/agilex_ws/install/nav_2d_msgs/local/lib/python3.10/dist-packages/nav_2d_msgs/msg/_twist2_d_stamped_s.c
[19.486s] -- Installing: /home/agilex/agilex_ws/install/nav_2d_msgs/local/lib/python3.10/dist-packages/nav_2d_msgs/msg/__init__.py
[19.486s] -- Installing: /home/agilex/agilex_ws/install/nav_2d_msgs/local/lib/python3.10/dist-packages/nav_2d_msgs/_nav_2d_msgs_s.ep.rosidl_typesupport_fastrtps_c.c
[19.486s] -- Installing: /home/agilex/agilex_ws/install/nav_2d_msgs/local/lib/python3.10/dist-packages/nav_2d_msgs/_nav_2d_msgs_s.ep.rosidl_typesupport_introspection_c.c
[19.486s] -- Installing: /home/agilex/agilex_ws/install/nav_2d_msgs/local/lib/python3.10/dist-packages/nav_2d_msgs/_nav_2d_msgs_s.ep.rosidl_typesupport_c.c
[19.486s] -- Installing: /home/agilex/agilex_ws/install/nav_2d_msgs/local/lib/python3.10/dist-packages/nav_2d_msgs/libnav_2d_msgs__rosidl_generator_py.so
[19.486s] -- Installing: /home/agilex/agilex_ws/install/nav_2d_msgs/local/lib/python3.10/dist-packages/nav_2d_msgs/nav_2d_msgs_s__rosidl_typesupport_fastrtps_c.cpython-310-x86_64-linux-gnu.so
[19.486s] -- Installing: /home/agilex/agilex_ws/install/nav_2d_msgs/local/lib/python3.10/dist-packages/nav_2d_msgs/nav_2d_msgs_s__rosidl_typesupport_c.cpython-310-x86_64-linux-gnu.so
[19.486s] -- Installing: /home/agilex/agilex_ws/install/nav_2d_msgs/local/lib/python3.10/dist-packages/nav_2d_msgs/nav_2d_msgs_s__rosidl_typesupport_introspection_c.cpython-310-x86_64-linux-gnu.so
[19.508s] Listing '/home/agilex/agilex_ws/install/nav_2d_msgs/local/lib/python3.10/dist-packages/nav_2d_msgs'...
[19.508s] Compiling '/home/agilex/agilex_ws/install/nav_2d_msgs/local/lib/python3.10/dist-packages/nav_2d_msgs/__init__.py'...
[19.508s] Listing '/home/agilex/agilex_ws/install/nav_2d_msgs/local/lib/python3.10/dist-packages/nav_2d_msgs/msg'...
[19.508s] Compiling '/home/agilex/agilex_ws/install/nav_2d_msgs/local/lib/python3.10/dist-packages/nav_2d_msgs/msg/__init__.py'...
[19.508s] Compiling '/home/agilex/agilex_ws/install/nav_2d_msgs/local/lib/python3.10/dist-packages/nav_2d_msgs/msg/_path2_d.py'...
[19.508s] Compiling '/home/agilex/agilex_ws/install/nav_2d_msgs/local/lib/python3.10/dist-packages/nav_2d_msgs/msg/_pose2_d32.py'...
[19.508s] Compiling '/home/agilex/agilex_ws/install/nav_2d_msgs/local/lib/python3.10/dist-packages/nav_2d_msgs/msg/_pose2_d_stamped.py'...
[19.508s] Compiling '/home/agilex/agilex_ws/install/nav_2d_msgs/local/lib/python3.10/dist-packages/nav_2d_msgs/msg/_twist2_d.py'...
[19.508s] Compiling '/home/agilex/agilex_ws/install/nav_2d_msgs/local/lib/python3.10/dist-packages/nav_2d_msgs/msg/_twist2_d32.py'...
[19.508s] Compiling '/home/agilex/agilex_ws/install/nav_2d_msgs/local/lib/python3.10/dist-packages/nav_2d_msgs/msg/_twist2_d_stamped.py'...
[19.513s] -- Installing: /home/agilex/agilex_ws/install/nav_2d_msgs/local/lib/python3.10/dist-packages/nav_2d_msgs/nav_2d_msgs_s__rosidl_typesupport_fastrtps_c.cpython-310-x86_64-linux-gnu.so
[19.513s] -- Set runtime path of "/home/agilex/agilex_ws/install/nav_2d_msgs/local/lib/python3.10/dist-packages/nav_2d_msgs/nav_2d_msgs_s__rosidl_typesupport_fastrtps_c.cpython-310-x86_64-linux-gnu.so" to ""
[19.514s] -- Installing: /home/agilex/agilex_ws/install/nav_2d_msgs/local/lib/python3.10/dist-packages/nav_2d_msgs/nav_2d_msgs_s__rosidl_typesupport_introspection_c.cpython-310-x86_64-linux-gnu.so
[19.514s] -- Set runtime path of "/home/agilex/agilex_ws/install/nav_2d_msgs/local/lib/python3.10/dist-packages/nav_2d_msgs/nav_2d_msgs_s__rosidl_typesupport_introspection_c.cpython-310-x86_64-linux-gnu.so" to ""
[19.515s] -- Installing: /home/agilex/agilex_ws/install/nav_2d_msgs/local/lib/python3.10/dist-packages/nav_2d_msgs/nav_2d_msgs_s__rosidl_typesupport_c.cpython-310-x86_64-linux-gnu.so
[19.515s] -- Set runtime path of "/home/agilex/agilex_ws/install/nav_2d_msgs/local/lib/python3.10/dist-packages/nav_2d_msgs/nav_2d_msgs_s__rosidl_typesupport_c.cpython-310-x86_64-linux-gnu.so" to ""
[19.515s] -- Installing: /home/agilex/agilex_ws/install/nav_2d_msgs/lib/libnav_2d_msgs__rosidl_generator_py.so
[19.516s] -- Set runtime path of "/home/agilex/agilex_ws/install/nav_2d_msgs/lib/libnav_2d_msgs__rosidl_generator_py.so" to ""
[19.516s] -- Installing: /home/agilex/agilex_ws/install/nav_2d_msgs/share/nav_2d_msgs/msg/Path2D.idl
[19.516s] -- Installing: /home/agilex/agilex_ws/install/nav_2d_msgs/share/nav_2d_msgs/msg/Pose2D32.idl
[19.517s] -- Installing: /home/agilex/agilex_ws/install/nav_2d_msgs/share/nav_2d_msgs/msg/Pose2DStamped.idl
[19.517s] -- Installing: /home/agilex/agilex_ws/install/nav_2d_msgs/share/nav_2d_msgs/msg/Twist2D.idl
[19.517s] -- Installing: /home/agilex/agilex_ws/install/nav_2d_msgs/share/nav_2d_msgs/msg/Twist2D32.idl
[19.518s] -- Installing: /home/agilex/agilex_ws/install/nav_2d_msgs/share/nav_2d_msgs/msg/Twist2DStamped.idl
[19.518s] -- Installing: /home/agilex/agilex_ws/install/nav_2d_msgs/share/nav_2d_msgs/msg/Path2D.msg
[19.518s] -- Installing: /home/agilex/agilex_ws/install/nav_2d_msgs/share/nav_2d_msgs/msg/Pose2D32.msg
[19.519s] -- Installing: /home/agilex/agilex_ws/install/nav_2d_msgs/share/nav_2d_msgs/msg/Pose2DStamped.msg
[19.519s] -- Installing: /home/agilex/agilex_ws/install/nav_2d_msgs/share/nav_2d_msgs/msg/Twist2D.msg
[19.519s] -- Installing: /home/agilex/agilex_ws/install/nav_2d_msgs/share/nav_2d_msgs/msg/Twist2D32.msg
[19.520s] -- Installing: /home/agilex/agilex_ws/install/nav_2d_msgs/share/nav_2d_msgs/msg/Twist2DStamped.msg
[19.520s] -- Installing: /home/agilex/agilex_ws/install/nav_2d_msgs/share/ament_index/resource_index/package_run_dependencies/nav_2d_msgs
[19.520s] -- Installing: /home/agilex/agilex_ws/install/nav_2d_msgs/share/ament_index/resource_index/parent_prefix_path/nav_2d_msgs
[19.521s] -- Installing: /home/agilex/agilex_ws/install/nav_2d_msgs/share/nav_2d_msgs/environment/ament_prefix_path.sh
[19.521s] -- Installing: /home/agilex/agilex_ws/install/nav_2d_msgs/share/nav_2d_msgs/environment/ament_prefix_path.dsv
[19.521s] -- Installing: /home/agilex/agilex_ws/install/nav_2d_msgs/share/nav_2d_msgs/environment/path.sh
[19.522s] -- Installing: /home/agilex/agilex_ws/install/nav_2d_msgs/share/nav_2d_msgs/environment/path.dsv
[19.522s] -- Installing: /home/agilex/agilex_ws/install/nav_2d_msgs/share/nav_2d_msgs/local_setup.bash
[19.522s] -- Installing: /home/agilex/agilex_ws/install/nav_2d_msgs/share/nav_2d_msgs/local_setup.sh
[19.523s] -- Installing: /home/agilex/agilex_ws/install/nav_2d_msgs/share/nav_2d_msgs/local_setup.zsh
[19.523s] -- Installing: /home/agilex/agilex_ws/install/nav_2d_msgs/share/nav_2d_msgs/local_setup.dsv
[19.523s] -- Installing: /home/agilex/agilex_ws/install/nav_2d_msgs/share/nav_2d_msgs/package.dsv
[19.524s] -- Installing: /home/agilex/agilex_ws/install/nav_2d_msgs/share/ament_index/resource_index/packages/nav_2d_msgs
[19.524s] -- Installing: /home/agilex/agilex_ws/install/nav_2d_msgs/share/nav_2d_msgs/cmake/export_nav_2d_msgs__rosidl_generator_cExport.cmake
[19.525s] -- Installing: /home/agilex/agilex_ws/install/nav_2d_msgs/share/nav_2d_msgs/cmake/export_nav_2d_msgs__rosidl_generator_cExport-noconfig.cmake
[19.526s] -- Installing: /home/agilex/agilex_ws/install/nav_2d_msgs/share/nav_2d_msgs/cmake/export_nav_2d_msgs__rosidl_typesupport_fastrtps_cExport.cmake
[19.526s] -- Installing: /home/agilex/agilex_ws/install/nav_2d_msgs/share/nav_2d_msgs/cmake/export_nav_2d_msgs__rosidl_typesupport_fastrtps_cExport-noconfig.cmake
[19.526s] -- Installing: /home/agilex/agilex_ws/install/nav_2d_msgs/share/nav_2d_msgs/cmake/export_nav_2d_msgs__rosidl_generator_cppExport.cmake
[19.527s] -- Installing: /home/agilex/agilex_ws/install/nav_2d_msgs/share/nav_2d_msgs/cmake/export_nav_2d_msgs__rosidl_typesupport_fastrtps_cppExport.cmake
[19.527s] -- Installing: /home/agilex/agilex_ws/install/nav_2d_msgs/share/nav_2d_msgs/cmake/export_nav_2d_msgs__rosidl_typesupport_fastrtps_cppExport-noconfig.cmake
[19.528s] -- Installing: /home/agilex/agilex_ws/install/nav_2d_msgs/share/nav_2d_msgs/cmake/nav_2d_msgs__rosidl_typesupport_introspection_cExport.cmake
[19.534s] -- Installing: /home/agilex/agilex_ws/install/nav_2d_msgs/share/nav_2d_msgs/cmake/nav_2d_msgs__rosidl_typesupport_introspection_cExport-noconfig.cmake
[19.535s] -- Installing: /home/agilex/agilex_ws/install/nav_2d_msgs/share/nav_2d_msgs/cmake/nav_2d_msgs__rosidl_typesupport_cExport.cmake
[19.535s] -- Installing: /home/agilex/agilex_ws/install/nav_2d_msgs/share/nav_2d_msgs/cmake/nav_2d_msgs__rosidl_typesupport_cExport-noconfig.cmake
[19.535s] -- Installing: /home/agilex/agilex_ws/install/nav_2d_msgs/share/nav_2d_msgs/cmake/nav_2d_msgs__rosidl_typesupport_introspection_cppExport.cmake
[19.536s] -- Installing: /home/agilex/agilex_ws/install/nav_2d_msgs/share/nav_2d_msgs/cmake/nav_2d_msgs__rosidl_typesupport_introspection_cppExport-noconfig.cmake
[19.536s] -- Installing: /home/agilex/agilex_ws/install/nav_2d_msgs/share/nav_2d_msgs/cmake/nav_2d_msgs__rosidl_typesupport_cppExport.cmake
[19.536s] -- Installing: /home/agilex/agilex_ws/install/nav_2d_msgs/share/nav_2d_msgs/cmake/nav_2d_msgs__rosidl_typesupport_cppExport-noconfig.cmake
[19.537s] -- Installing: /home/agilex/agilex_ws/install/nav_2d_msgs/share/nav_2d_msgs/cmake/export_nav_2d_msgs__rosidl_generator_pyExport.cmake
[19.537s] -- Installing: /home/agilex/agilex_ws/install/nav_2d_msgs/share/nav_2d_msgs/cmake/export_nav_2d_msgs__rosidl_generator_pyExport-noconfig.cmake
[19.537s] -- Installing: /home/agilex/agilex_ws/install/nav_2d_msgs/share/nav_2d_msgs/cmake/rosidl_cmake-extras.cmake
[19.537s] -- Installing: /home/agilex/agilex_ws/install/nav_2d_msgs/share/nav_2d_msgs/cmake/ament_cmake_export_dependencies-extras.cmake
[19.538s] -- Installing: /home/agilex/agilex_ws/install/nav_2d_msgs/share/nav_2d_msgs/cmake/ament_cmake_export_include_directories-extras.cmake
[19.538s] -- Installing: /home/agilex/agilex_ws/install/nav_2d_msgs/share/nav_2d_msgs/cmake/ament_cmake_export_libraries-extras.cmake
[19.538s] -- Installing: /home/agilex/agilex_ws/install/nav_2d_msgs/share/nav_2d_msgs/cmake/ament_cmake_export_targets-extras.cmake
[19.539s] -- Installing: /home/agilex/agilex_ws/install/nav_2d_msgs/share/nav_2d_msgs/cmake/rosidl_cmake_export_typesupport_targets-extras.cmake
[19.539s] -- Installing: /home/agilex/agilex_ws/install/nav_2d_msgs/share/nav_2d_msgs/cmake/rosidl_cmake_export_typesupport_libraries-extras.cmake
[19.539s] -- Installing: /home/agilex/agilex_ws/install/nav_2d_msgs/share/nav_2d_msgs/cmake/nav_2d_msgsConfig.cmake
[19.539s] -- Installing: /home/agilex/agilex_ws/install/nav_2d_msgs/share/nav_2d_msgs/cmake/nav_2d_msgsConfig-version.cmake
[19.540s] -- Installing: /home/agilex/agilex_ws/install/nav_2d_msgs/share/nav_2d_msgs/package.xml
[19.545s] Invoked command in '/home/agilex/agilex_ws/build/nav_2d_msgs' returned '0': CMAKE_PREFIX_PATH=/opt/ros/humble /usr/bin/cmake --install /home/agilex/agilex_ws/build/nav_2d_msgs
