[0.020s] Invoking command in '/home/agilex/agilex_ws/build/aruco_msgs': /usr/bin/cmake /home/agilex/agilex_ws/src/aruco_ros/aruco_msgs -DCMAKE_INSTALL_PREFIX=/home/agilex/agilex_ws/install/aruco_msgs
[0.190s] -- The C compiler identification is GNU 11.3.0
[0.356s] -- The CXX compiler identification is GNU 11.3.0
[0.364s] -- Detecting C compiler ABI info
[0.429s] -- Detecting C compiler ABI info - done
[0.438s] -- Check for working C compiler: /usr/bin/cc - skipped
[0.439s] -- Detecting C compile features
[0.439s] -- Detecting C compile features - done
[0.442s] -- Detecting CXX compiler ABI info
[0.517s] -- Detecting CXX compiler ABI info - done
[0.525s] -- Check for working CXX compiler: /usr/bin/c++ - skipped
[0.526s] -- Detecting CXX compile features
[0.526s] -- Detecting CXX compile features - done
[0.545s] [33mCMake Warning at CMakeLists.txt:9 (find_package):
[0.545s]   By not providing "Findament_cmake.cmake" in CMAKE_MODULE_PATH this project
[0.545s]   has asked CMake to find a package configuration file provided by
[0.545s]   "ament_cmake", but CMake did not find one.
[0.545s] 
[0.545s]   Could not find a package configuration file provided by "ament_cmake" with
[0.545s]   any of the following names:
[0.546s] 
[0.546s]     ament_cmakeConfig.cmake
[0.546s]     ament_cmake-config.cmake
[0.546s] 
[0.546s]   Add the installation prefix of "ament_cmake" to CMAKE_PREFIX_PATH or set
[0.546s]   "ament_cmake_DIR" to a directory containing one of the above files.  If
[0.546s]   "ament_cmake" provides a separate development package or SDK, be sure it
[0.546s]   has been installed.
[0.546s] 
[0.546s] [0m
[0.552s] [31mCMake Error at CMakeLists.txt:10 (find_package):
[0.552s]   By not providing "Findstd_msgs.cmake" in CMAKE_MODULE_PATH this project has
[0.553s]   asked CMake to find a package configuration file provided by "std_msgs",
[0.553s]   but CMake did not find one.
[0.553s] 
[0.553s]   Could not find a package configuration file provided by "std_msgs" with any
[0.553s]   of the following names:
[0.553s] 
[0.553s]     std_msgsConfig.cmake
[0.553s]     std_msgs-config.cmake
[0.553s] 
[0.553s]   Add the installation prefix of "std_msgs" to CMAKE_PREFIX_PATH or set
[0.553s]   "std_msgs_DIR" to a directory containing one of the above files.  If
[0.553s]   "std_msgs" provides a separate development package or SDK, be sure it has
[0.553s]   been installed.
[0.553s] 
[0.554s] [0m
[0.554s] -- Configuring incomplete, errors occurred!
[0.554s] See also "/home/agilex/agilex_ws/build/aruco_msgs/CMakeFiles/CMakeOutput.log".
