[0.020s] Invoking command in '/home/agilex/agilex_ws/build/nav2_costmap_2d': AMENT_PREFIX_PATH=/home/agilex/agilex_ws/install/nav2_map_server:/home/agilex/agilex_ws/install/nav2_lifecycle_manager:/home/agilex/agilex_ws/install/nav2_util:/home/agilex/agilex_ws/install/nav2_voxel_grid:/home/agilex/agilex_ws/install/nav2_msgs:/home/agilex/agilex_ws/install/nav2_common:${AMENT_PREFIX_PATH} CMAKE_PREFIX_PATH=/home/agilex/agilex_ws/install/nav2_map_server:/home/agilex/agilex_ws/install/nav2_lifecycle_manager:/home/agilex/agilex_ws/install/nav2_util:/home/agilex/agilex_ws/install/nav2_voxel_grid:/home/agilex/agilex_ws/install/nav2_msgs:/home/agilex/agilex_ws/install/nav2_common:/opt/ros/humble LD_LIBRARY_PATH=/home/agilex/agilex_ws/install/nav2_map_server/lib:/home/agilex/agilex_ws/install/nav2_lifecycle_manager/lib:/home/agilex/agilex_ws/install/nav2_util/lib:/home/agilex/agilex_ws/install/nav2_voxel_grid/lib:/home/agilex/agilex_ws/install/nav2_msgs/lib:${LD_LIBRARY_PATH} PYTHONPATH=/home/agilex/agilex_ws/install/nav2_msgs/local/lib/python3.10/dist-packages:/home/agilex/agilex_ws/install/nav2_common/local/lib/python3.10/dist-packages:${PYTHONPATH} /usr/bin/cmake /home/agilex/agilex_ws/src/navigation2/nav2_costmap_2d -DCMAKE_INSTALL_PREFIX=/home/agilex/agilex_ws/install/nav2_costmap_2d
[0.072s] -- The C compiler identification is GNU 11.3.0
[0.122s] -- The CXX compiler identification is GNU 11.3.0
[0.129s] -- Detecting C compiler ABI info
[0.190s] -- Detecting C compiler ABI info - done
[0.199s] -- Check for working C compiler: /usr/bin/cc - skipped
[0.199s] -- Detecting C compile features
[0.199s] -- Detecting C compile features - done
[0.204s] -- Detecting CXX compiler ABI info
[0.279s] -- Detecting CXX compiler ABI info - done
[0.288s] -- Check for working CXX compiler: /usr/bin/c++ - skipped
[0.288s] -- Detecting CXX compile features
[0.288s] -- Detecting CXX compile features - done
[0.291s] -- Found ament_cmake: 1.3.4 (/opt/ros/humble/share/ament_cmake/cmake)
[0.491s] -- Found Python3: /usr/bin/python3.10 (found version "3.10.6") found components: Interpreter 
[0.587s] -- Found geometry_msgs: 4.2.3 (/opt/ros/humble/share/geometry_msgs/cmake)
[0.624s] -- Found rosidl_generator_c: 3.1.4 (/opt/ros/humble/share/rosidl_generator_c/cmake)
[0.629s] -- Found rosidl_adapter: 3.1.4 (/opt/ros/humble/share/rosidl_adapter/cmake)
[0.639s] -- Found rosidl_generator_cpp: 3.1.4 (/opt/ros/humble/share/rosidl_generator_cpp/cmake)
[0.652s] -- Using all available rosidl_typesupport_c: rosidl_typesupport_fastrtps_c;rosidl_typesupport_introspection_c
[0.675s] -- Using all available rosidl_typesupport_cpp: rosidl_typesupport_fastrtps_cpp;rosidl_typesupport_introspection_cpp
[0.808s] -- Found laser_geometry: 2.4.0 (/opt/ros/humble/share/laser_geometry/cmake)
[0.883s] -- Found rmw_implementation_cmake: 6.1.1 (/opt/ros/humble/share/rmw_implementation_cmake/cmake)
[0.886s] -- Found rmw_fastrtps_cpp: 6.2.2 (/opt/ros/humble/share/rmw_fastrtps_cpp/cmake)
[0.981s] -- Found OpenSSL: /usr/lib/x86_64-linux-gnu/libcrypto.so (found version "3.0.2")  
[1.003s] -- Found FastRTPS: /opt/ros/humble/include  
[1.044s] -- Using RMW implementation 'rmw_fastrtps_cpp' as default
[1.053s] -- Looking for pthread.h
[1.120s] -- Looking for pthread.h - found
[1.120s] -- Performing Test CMAKE_HAVE_LIBC_PTHREAD
[1.197s] -- Performing Test CMAKE_HAVE_LIBC_PTHREAD - Success
[1.198s] -- Found Threads: TRUE  
[1.491s] -- Found map_msgs: 2.1.0 (/opt/ros/humble/share/map_msgs/cmake)
[1.778s] -- Found message_filters: 4.3.3 (/opt/ros/humble/share/message_filters/cmake)
[1.785s] -- Found nav2_common: 1.1.0 (/home/agilex/agilex_ws/install/nav2_common/share/nav2_common/cmake)
[1.786s] -- Found nav2_msgs: 1.1.0 (/home/agilex/agilex_ws/install/nav2_msgs/share/nav2_msgs/cmake)
[2.028s] -- Found nav2_util: 1.1.0 (/home/agilex/agilex_ws/install/nav2_util/share/nav2_util/cmake)
[2.376s] -- Found Eigen3: TRUE (found version "3.4.0") 
[2.376s] -- Ensuring Eigen3 include directory is part of orocos-kdl CMake target
[2.593s] -- Found nav2_voxel_grid: 1.1.0 (/home/agilex/agilex_ws/install/nav2_voxel_grid/share/nav2_voxel_grid/cmake)
[2.599s] -- Found pluginlib: 5.1.0 (/opt/ros/humble/share/pluginlib/cmake)
[2.614s] -- Found tf2_sensor_msgs: 0.25.2 (/opt/ros/humble/share/tf2_sensor_msgs/cmake)
[2.638s] -- Found visualization_msgs: 4.2.3 (/opt/ros/humble/share/visualization_msgs/cmake)
[2.776s] -- Found angles: 1.15.0 (/opt/ros/humble/share/angles/cmake)
[2.779s] -- Setting build type to Release as none was specified.
[6.117s] -- Found ament_lint_auto: 0.12.6 (/opt/ros/humble/share/ament_lint_auto/cmake)
[7.966s] -- Found gtest sources under '/opt/ros/humble/src/gtest_vendor': C++ tests using 'Google Test' will be built
[7.986s] -- Found gtest sources under '/opt/ros/humble/src/gtest_vendor': C++ tests using 'Google Test' will be built
[11.416s] -- Found gtest sources under '/opt/ros/humble/src/gtest_vendor': C++ tests using 'Google Test' will be built
[11.426s] -- Added test 'cppcheck' to perform static code analysis on C / C++ code
[11.428s] -- Configured cppcheck include dirs: /home/agilex/agilex_ws/src/navigation2/nav2_costmap_2d/include
[11.429s] -- Configured cppcheck exclude dirs and/or files: 
[11.430s] -- Added test 'flake8' to check Python code syntax and style conventions
[11.431s] -- Added test 'lint_cmake' to check CMake code style
[11.433s] -- Added test 'pep257' to check Python code against some of the docstring style conventions in PEP 257
[11.436s] -- Added test 'uncrustify' to check C / C++ code style
[11.437s] -- Configured uncrustify additional arguments: 
[11.439s] -- Added test 'xmllint' to check XML markup files
[11.443s] -- Configuring done
[12.187s] -- Generating done
[12.207s] -- Build files have been written to: /home/agilex/agilex_ws/build/nav2_costmap_2d
[12.252s] Invoked command in '/home/agilex/agilex_ws/build/nav2_costmap_2d' returned '0': AMENT_PREFIX_PATH=/home/agilex/agilex_ws/install/nav2_map_server:/home/agilex/agilex_ws/install/nav2_lifecycle_manager:/home/agilex/agilex_ws/install/nav2_util:/home/agilex/agilex_ws/install/nav2_voxel_grid:/home/agilex/agilex_ws/install/nav2_msgs:/home/agilex/agilex_ws/install/nav2_common:${AMENT_PREFIX_PATH} CMAKE_PREFIX_PATH=/home/agilex/agilex_ws/install/nav2_map_server:/home/agilex/agilex_ws/install/nav2_lifecycle_manager:/home/agilex/agilex_ws/install/nav2_util:/home/agilex/agilex_ws/install/nav2_voxel_grid:/home/agilex/agilex_ws/install/nav2_msgs:/home/agilex/agilex_ws/install/nav2_common:/opt/ros/humble LD_LIBRARY_PATH=/home/agilex/agilex_ws/install/nav2_map_server/lib:/home/agilex/agilex_ws/install/nav2_lifecycle_manager/lib:/home/agilex/agilex_ws/install/nav2_util/lib:/home/agilex/agilex_ws/install/nav2_voxel_grid/lib:/home/agilex/agilex_ws/install/nav2_msgs/lib:${LD_LIBRARY_PATH} PYTHONPATH=/home/agilex/agilex_ws/install/nav2_msgs/local/lib/python3.10/dist-packages:/home/agilex/agilex_ws/install/nav2_common/local/lib/python3.10/dist-packages:${PYTHONPATH} /usr/bin/cmake /home/agilex/agilex_ws/src/navigation2/nav2_costmap_2d -DCMAKE_INSTALL_PREFIX=/home/agilex/agilex_ws/install/nav2_costmap_2d
[12.253s] Invoking command in '/home/agilex/agilex_ws/build/nav2_costmap_2d': AMENT_PREFIX_PATH=/home/agilex/agilex_ws/install/nav2_map_server:/home/agilex/agilex_ws/install/nav2_lifecycle_manager:/home/agilex/agilex_ws/install/nav2_util:/home/agilex/agilex_ws/install/nav2_voxel_grid:/home/agilex/agilex_ws/install/nav2_msgs:/home/agilex/agilex_ws/install/nav2_common:${AMENT_PREFIX_PATH} CMAKE_PREFIX_PATH=/home/agilex/agilex_ws/install/nav2_map_server:/home/agilex/agilex_ws/install/nav2_lifecycle_manager:/home/agilex/agilex_ws/install/nav2_util:/home/agilex/agilex_ws/install/nav2_voxel_grid:/home/agilex/agilex_ws/install/nav2_msgs:/home/agilex/agilex_ws/install/nav2_common:/opt/ros/humble LD_LIBRARY_PATH=/home/agilex/agilex_ws/install/nav2_map_server/lib:/home/agilex/agilex_ws/install/nav2_lifecycle_manager/lib:/home/agilex/agilex_ws/install/nav2_util/lib:/home/agilex/agilex_ws/install/nav2_voxel_grid/lib:/home/agilex/agilex_ws/install/nav2_msgs/lib:${LD_LIBRARY_PATH} PYTHONPATH=/home/agilex/agilex_ws/install/nav2_msgs/local/lib/python3.10/dist-packages:/home/agilex/agilex_ws/install/nav2_common/local/lib/python3.10/dist-packages:${PYTHONPATH} /usr/bin/cmake --build /home/agilex/agilex_ws/build/nav2_costmap_2d -- -j8 -l8
[12.441s] [  1%] [32mBuilding CXX object gtest/CMakeFiles/gtest_main.dir/src/gtest_main.cc.o[0m
[12.442s] [  3%] [32mBuilding CXX object CMakeFiles/nav2_costmap_2d_core.dir/src/array_parser.cpp.o[0m
[12.455s] [  4%] [32mBuilding CXX object CMakeFiles/nav2_costmap_2d_core.dir/src/layer.cpp.o[0m
[12.455s] [  6%] [32mBuilding CXX object CMakeFiles/nav2_costmap_2d_core.dir/src/costmap_2d.cpp.o[0m
[12.455s] [  7%] [32mBuilding CXX object gtest/CMakeFiles/gtest.dir/src/gtest-all.cc.o[0m
[13.527s] [  9%] [32mBuilding CXX object CMakeFiles/nav2_costmap_2d_core.dir/src/costmap_2d_publisher.cpp.o[0m
[13.642s] [ 10%] [32mBuilding CXX object CMakeFiles/nav2_costmap_2d_core.dir/src/costmap_2d_ros.cpp.o[0m
[13.654s] [ 12%] [32mBuilding CXX object CMakeFiles/nav2_costmap_2d_core.dir/src/layered_costmap.cpp.o[0m
[14.155s] [ 13%] [32mBuilding CXX object CMakeFiles/nav2_costmap_2d_core.dir/src/costmap_math.cpp.o[0m
[14.338s] [ 15%] [32m[1mLinking CXX static library libgtest_main.a[0m
[14.491s] [ 15%] Built target gtest_main
[26.016s] [ 16%] [32m[1mLinking CXX static library libgtest.a[0m
[26.050s] [ 16%] Built target gtest
[35.912s] [ 18%] [32mBuilding CXX object CMakeFiles/nav2_costmap_2d_core.dir/plugins/costmap_filters/costmap_filter.cpp.o[0m
[38.887s] [ 19%] [32mBuilding CXX object CMakeFiles/nav2_costmap_2d_core.dir/src/footprint_collision_checker.cpp.o[0m
[41.783s] [ 22%] [32mBuilding CXX object CMakeFiles/nav2_costmap_2d_core.dir/src/clear_costmap_service.cpp.o[0m
[41.783s] [ 22%] [32mBuilding CXX object CMakeFiles/nav2_costmap_2d_core.dir/src/observation_buffer.cpp.o[0m
[47.591s] [ 24%] [32mBuilding CXX object CMakeFiles/nav2_costmap_2d_core.dir/src/costmap_layer.cpp.o[0m
[47.630s] [ 25%] [32mBuilding CXX object CMakeFiles/nav2_costmap_2d_core.dir/src/footprint.cpp.o[0m
[52.499s] [ 27%] [32m[1mLinking CXX shared library libnav2_costmap_2d_core.so[0m
[52.988s] [ 27%] Built target nav2_costmap_2d_core
[53.008s] [ 28%] [32mBuilding CXX object CMakeFiles/layers.dir/plugins/inflation_layer.cpp.o[0m
[56.020s] [ 31%] [32mBuilding CXX object test/unit/CMakeFiles/collision_footprint_test.dir/footprint_collision_checker_test.cpp.o[0m
[56.020s] [ 31%] [32mBuilding CXX object test/unit/CMakeFiles/costmap_convesion_test.dir/costmap_conversion_test.cpp.o[0m
[57.121s] [ 33%] [32mBuilding CXX object test/unit/CMakeFiles/array_parser_test.dir/array_parser_test.cpp.o[0m
[58.190s] [ 34%] [32mBuilding CXX object CMakeFiles/nav2_costmap_2d_cloud.dir/src/costmap_2d_cloud.cpp.o[0m
[58.662s] [ 36%] [32mBuilding CXX object CMakeFiles/layers.dir/plugins/static_layer.cpp.o[0m
[59.259s] [ 37%] [32mBuilding CXX object CMakeFiles/nav2_costmap_2d_markers.dir/src/costmap_2d_markers.cpp.o[0m
[59.893s] [ 39%] [32m[1mLinking CXX executable array_parser_test[0m
[60.525s] [ 39%] Built target array_parser_test
[62.038s] [ 40%] [32m[1mLinking CXX executable costmap_convesion_test[0m
[62.679s] [ 40%] Built target costmap_convesion_test
[63.844s] [ 42%] [32m[1mLinking CXX executable collision_footprint_test[0m
[64.274s] [ 42%] Built target collision_footprint_test
[74.475s] [ 43%] [32m[1mLinking CXX executable nav2_costmap_2d_cloud[0m
[74.690s] [ 43%] Built target nav2_costmap_2d_cloud
[74.839s] [ 45%] [32m[1mLinking CXX executable nav2_costmap_2d_markers[0m
[75.032s] [ 45%] Built target nav2_costmap_2d_markers
[77.860s] [ 46%] [32mBuilding CXX object CMakeFiles/layers.dir/plugins/obstacle_layer.cpp.o[0m
[80.870s] [ 48%] [32mBuilding CXX object CMakeFiles/layers.dir/src/observation_buffer.cpp.o[0m
[86.971s] [ 50%] [32mBuilding CXX object CMakeFiles/layers.dir/plugins/voxel_layer.cpp.o[0m
[98.882s] [ 51%] [32mBuilding CXX object CMakeFiles/layers.dir/plugins/range_sensor_layer.cpp.o[0m
[112.485s] [ 53%] [32m[1mLinking CXX shared library liblayers.so[0m
[113.101s] [ 53%] Built target layers
[113.121s] [ 54%] [32mBuilding CXX object test/regression/CMakeFiles/costmap_bresenham_2d.dir/costmap_bresenham_2d.cpp.o[0m
[114.889s] [ 56%] [32m[1mLinking CXX executable costmap_bresenham_2d[0m
[115.130s] [ 56%] Built target costmap_bresenham_2d
[115.150s] [ 57%] [32mBuilding CXX object test/integration/CMakeFiles/inflation_tests_exec.dir/inflation_tests.cpp.o[0m
[117.165s] [ 59%] [32mBuilding CXX object test/integration/CMakeFiles/obstacle_tests_exec.dir/obstacle_tests.cpp.o[0m
[119.180s] [ 60%] [32mBuilding CXX object test/integration/CMakeFiles/footprint_tests_exec.dir/footprint_tests.cpp.o[0m
[121.206s] [ 62%] [32mBuilding CXX object test/integration/CMakeFiles/dyn_params_tests.dir/dyn_params_tests.cpp.o[0m
[122.285s] [ 63%] [32mBuilding CXX object test/unit/CMakeFiles/copy_window_test.dir/copy_window_test.cpp.o[0m
[123.354s] [ 65%] [32mBuilding CXX object test/unit/CMakeFiles/declare_parameter_test.dir/declare_parameter_test.cpp.o[0m
[124.370s] [ 66%] [32mBuilding CXX object CMakeFiles/nav2_costmap_2d_client.dir/src/footprint_subscriber.cpp.o[0m
[124.439s] [ 68%] [32m[1mLinking CXX executable footprint_tests_exec[0m
[125.213s] [ 68%] Built target footprint_tests_exec
[125.300s] [ 69%] [32mBuilding CXX object CMakeFiles/filters.dir/plugins/costmap_filters/keepout_filter.cpp.o[0m
[134.566s] [ 71%] [32m[1mLinking CXX executable inflation_tests_exec[0m
[135.334s] [ 72%] [32m[1mLinking CXX executable copy_window_test[0m
[135.812s] [ 72%] Built target inflation_tests_exec
[135.958s] [ 72%] Built target copy_window_test
[137.026s] [ 74%] [32m[1mLinking CXX executable declare_parameter_test[0m
[137.684s] [ 74%] Built target declare_parameter_test
[137.825s] [ 75%] [32m[1mLinking CXX executable obstacle_tests_exec[0m
[138.359s] [ 75%] Built target obstacle_tests_exec
[138.995s] [ 77%] [32m[1mLinking CXX executable dyn_params_tests[0m
[139.346s] [ 77%] Built target dyn_params_tests
[143.859s] [ 78%] [32mBuilding CXX object CMakeFiles/nav2_costmap_2d_client.dir/src/costmap_topic_collision_checker.cpp.o[0m
[147.154s] [ 80%] [32mBuilding CXX object CMakeFiles/nav2_costmap_2d_client.dir/src/costmap_subscriber.cpp.o[0m
[147.908s] [ 81%] [32mBuilding CXX object CMakeFiles/filters.dir/plugins/costmap_filters/speed_filter.cpp.o[0m
[156.975s] [ 83%] [32m[1mLinking CXX shared library libnav2_costmap_2d_client.so[0m
[157.299s] [ 83%] Built target nav2_costmap_2d_client
[161.812s] [ 84%] [32m[1mLinking CXX shared library libfilters.so[0m
[162.207s] [ 84%] Built target filters
[162.227s] [ 87%] [32mBuilding CXX object test/integration/CMakeFiles/range_tests_exec.dir/range_tests.cpp.o[0m
[162.227s] [ 87%] [32mBuilding CXX object test/integration/CMakeFiles/test_collision_checker_exec.dir/test_costmap_topic_collision_checker.cpp.o[0m
[171.224s] [ 89%] [32m[1mLinking CXX executable range_tests_exec[0m
[171.782s] [ 89%] Built target range_tests_exec
[173.847s] [ 90%] [32m[1mLinking CXX executable test_collision_checker_exec[0m
[174.291s] [ 90%] Built target test_collision_checker_exec
[174.309s] [ 92%] [32mBuilding CXX object test/unit/CMakeFiles/speed_filter_test.dir/speed_filter_test.cpp.o[0m
[188.837s] [ 93%] [32m[1mLinking CXX executable speed_filter_test[0m
[189.285s] [ 93%] Built target speed_filter_test
[189.310s] [ 95%] [32mBuilding CXX object test/unit/CMakeFiles/keepout_filter_test.dir/keepout_filter_test.cpp.o[0m
[189.376s] [ 96%] [32mBuilding CXX object CMakeFiles/nav2_costmap_2d.dir/src/costmap_2d_node.cpp.o[0m
[196.399s] [ 98%] [32m[1mLinking CXX executable nav2_costmap_2d[0m
[196.851s] [ 98%] Built target nav2_costmap_2d
[202.197s] [100%] [32m[1mLinking CXX executable keepout_filter_test[0m
[202.488s] [100%] Built target keepout_filter_test
[202.512s] Invoked command in '/home/agilex/agilex_ws/build/nav2_costmap_2d' returned '0': AMENT_PREFIX_PATH=/home/agilex/agilex_ws/install/nav2_map_server:/home/agilex/agilex_ws/install/nav2_lifecycle_manager:/home/agilex/agilex_ws/install/nav2_util:/home/agilex/agilex_ws/install/nav2_voxel_grid:/home/agilex/agilex_ws/install/nav2_msgs:/home/agilex/agilex_ws/install/nav2_common:${AMENT_PREFIX_PATH} CMAKE_PREFIX_PATH=/home/agilex/agilex_ws/install/nav2_map_server:/home/agilex/agilex_ws/install/nav2_lifecycle_manager:/home/agilex/agilex_ws/install/nav2_util:/home/agilex/agilex_ws/install/nav2_voxel_grid:/home/agilex/agilex_ws/install/nav2_msgs:/home/agilex/agilex_ws/install/nav2_common:/opt/ros/humble LD_LIBRARY_PATH=/home/agilex/agilex_ws/install/nav2_map_server/lib:/home/agilex/agilex_ws/install/nav2_lifecycle_manager/lib:/home/agilex/agilex_ws/install/nav2_util/lib:/home/agilex/agilex_ws/install/nav2_voxel_grid/lib:/home/agilex/agilex_ws/install/nav2_msgs/lib:${LD_LIBRARY_PATH} PYTHONPATH=/home/agilex/agilex_ws/install/nav2_msgs/local/lib/python3.10/dist-packages:/home/agilex/agilex_ws/install/nav2_common/local/lib/python3.10/dist-packages:${PYTHONPATH} /usr/bin/cmake --build /home/agilex/agilex_ws/build/nav2_costmap_2d -- -j8 -l8
[202.570s] Invoking command in '/home/agilex/agilex_ws/build/nav2_costmap_2d': AMENT_PREFIX_PATH=/home/agilex/agilex_ws/install/nav2_map_server:/home/agilex/agilex_ws/install/nav2_lifecycle_manager:/home/agilex/agilex_ws/install/nav2_util:/home/agilex/agilex_ws/install/nav2_voxel_grid:/home/agilex/agilex_ws/install/nav2_msgs:/home/agilex/agilex_ws/install/nav2_common:${AMENT_PREFIX_PATH} CMAKE_PREFIX_PATH=/home/agilex/agilex_ws/install/nav2_map_server:/home/agilex/agilex_ws/install/nav2_lifecycle_manager:/home/agilex/agilex_ws/install/nav2_util:/home/agilex/agilex_ws/install/nav2_voxel_grid:/home/agilex/agilex_ws/install/nav2_msgs:/home/agilex/agilex_ws/install/nav2_common:/opt/ros/humble LD_LIBRARY_PATH=/home/agilex/agilex_ws/install/nav2_map_server/lib:/home/agilex/agilex_ws/install/nav2_lifecycle_manager/lib:/home/agilex/agilex_ws/install/nav2_util/lib:/home/agilex/agilex_ws/install/nav2_voxel_grid/lib:/home/agilex/agilex_ws/install/nav2_msgs/lib:${LD_LIBRARY_PATH} PYTHONPATH=/home/agilex/agilex_ws/install/nav2_msgs/local/lib/python3.10/dist-packages:/home/agilex/agilex_ws/install/nav2_common/local/lib/python3.10/dist-packages:${PYTHONPATH} /usr/bin/cmake --install /home/agilex/agilex_ws/build/nav2_costmap_2d
[202.576s] -- Install configuration: "Release"
[202.576s] -- Installing: /home/agilex/agilex_ws/install/nav2_costmap_2d/lib/libnav2_costmap_2d_core.so
[202.577s] -- Set runtime path of "/home/agilex/agilex_ws/install/nav2_costmap_2d/lib/libnav2_costmap_2d_core.so" to ""
[202.577s] -- Installing: /home/agilex/agilex_ws/install/nav2_costmap_2d/lib/liblayers.so
[202.578s] -- Set runtime path of "/home/agilex/agilex_ws/install/nav2_costmap_2d/lib/liblayers.so" to ""
[202.579s] -- Installing: /home/agilex/agilex_ws/install/nav2_costmap_2d/lib/libfilters.so
[202.579s] -- Set runtime path of "/home/agilex/agilex_ws/install/nav2_costmap_2d/lib/libfilters.so" to ""
[202.580s] -- Installing: /home/agilex/agilex_ws/install/nav2_costmap_2d/lib/libnav2_costmap_2d_client.so
[202.581s] -- Set runtime path of "/home/agilex/agilex_ws/install/nav2_costmap_2d/lib/libnav2_costmap_2d_client.so" to ""
[202.581s] -- Installing: /home/agilex/agilex_ws/install/nav2_costmap_2d/lib/nav2_costmap_2d/nav2_costmap_2d
[202.582s] -- Set runtime path of "/home/agilex/agilex_ws/install/nav2_costmap_2d/lib/nav2_costmap_2d/nav2_costmap_2d" to ""
[202.582s] -- Installing: /home/agilex/agilex_ws/install/nav2_costmap_2d/lib/nav2_costmap_2d/nav2_costmap_2d_markers
[202.583s] -- Set runtime path of "/home/agilex/agilex_ws/install/nav2_costmap_2d/lib/nav2_costmap_2d/nav2_costmap_2d_markers" to ""
[202.583s] -- Installing: /home/agilex/agilex_ws/install/nav2_costmap_2d/lib/nav2_costmap_2d/nav2_costmap_2d_cloud
[202.584s] -- Set runtime path of "/home/agilex/agilex_ws/install/nav2_costmap_2d/lib/nav2_costmap_2d/nav2_costmap_2d_cloud" to ""
[202.584s] -- Installing: /home/agilex/agilex_ws/install/nav2_costmap_2d/share/nav2_costmap_2d/costmap_plugins.xml
[202.584s] -- Installing: /home/agilex/agilex_ws/install/nav2_costmap_2d/include/
[202.585s] -- Installing: /home/agilex/agilex_ws/install/nav2_costmap_2d/include//nav2_costmap_2d
[202.585s] -- Installing: /home/agilex/agilex_ws/install/nav2_costmap_2d/include//nav2_costmap_2d/voxel_layer.hpp
[202.585s] -- Installing: /home/agilex/agilex_ws/install/nav2_costmap_2d/include//nav2_costmap_2d/clear_costmap_service.hpp
[202.585s] -- Installing: /home/agilex/agilex_ws/install/nav2_costmap_2d/include//nav2_costmap_2d/costmap_2d.hpp
[202.585s] -- Installing: /home/agilex/agilex_ws/install/nav2_costmap_2d/include//nav2_costmap_2d/costmap_2d_publisher.hpp
[202.585s] -- Installing: /home/agilex/agilex_ws/install/nav2_costmap_2d/include//nav2_costmap_2d/exceptions.hpp
[202.586s] -- Installing: /home/agilex/agilex_ws/install/nav2_costmap_2d/include//nav2_costmap_2d/costmap_filters
[202.586s] -- Installing: /home/agilex/agilex_ws/install/nav2_costmap_2d/include//nav2_costmap_2d/costmap_filters/keepout_filter.hpp
[202.586s] -- Installing: /home/agilex/agilex_ws/install/nav2_costmap_2d/include//nav2_costmap_2d/costmap_filters/costmap_filter.hpp
[202.586s] -- Installing: /home/agilex/agilex_ws/install/nav2_costmap_2d/include//nav2_costmap_2d/costmap_filters/speed_filter.hpp
[202.586s] -- Installing: /home/agilex/agilex_ws/install/nav2_costmap_2d/include//nav2_costmap_2d/costmap_filters/filter_values.hpp
[202.586s] -- Installing: /home/agilex/agilex_ws/install/nav2_costmap_2d/include//nav2_costmap_2d/costmap_subscriber.hpp
[202.586s] -- Installing: /home/agilex/agilex_ws/install/nav2_costmap_2d/include//nav2_costmap_2d/costmap_math.hpp
[202.587s] -- Installing: /home/agilex/agilex_ws/install/nav2_costmap_2d/include//nav2_costmap_2d/range_sensor_layer.hpp
[202.587s] -- Installing: /home/agilex/agilex_ws/install/nav2_costmap_2d/include//nav2_costmap_2d/cost_values.hpp
[202.587s] -- Installing: /home/agilex/agilex_ws/install/nav2_costmap_2d/include//nav2_costmap_2d/observation_buffer.hpp
[202.587s] -- Installing: /home/agilex/agilex_ws/install/nav2_costmap_2d/include//nav2_costmap_2d/layered_costmap.hpp
[202.587s] -- Installing: /home/agilex/agilex_ws/install/nav2_costmap_2d/include//nav2_costmap_2d/footprint_collision_checker.hpp
[202.587s] -- Installing: /home/agilex/agilex_ws/install/nav2_costmap_2d/include//nav2_costmap_2d/footprint_subscriber.hpp
[202.587s] -- Installing: /home/agilex/agilex_ws/install/nav2_costmap_2d/include//nav2_costmap_2d/footprint.hpp
[202.587s] -- Installing: /home/agilex/agilex_ws/install/nav2_costmap_2d/include//nav2_costmap_2d/costmap_2d_ros.hpp
[202.587s] -- Installing: /home/agilex/agilex_ws/install/nav2_costmap_2d/include//nav2_costmap_2d/observation.hpp
[202.588s] -- Installing: /home/agilex/agilex_ws/install/nav2_costmap_2d/include//nav2_costmap_2d/static_layer.hpp
[202.588s] -- Installing: /home/agilex/agilex_ws/install/nav2_costmap_2d/include//nav2_costmap_2d/array_parser.hpp
[202.588s] -- Installing: /home/agilex/agilex_ws/install/nav2_costmap_2d/include//nav2_costmap_2d/obstacle_layer.hpp
[202.588s] -- Installing: /home/agilex/agilex_ws/install/nav2_costmap_2d/include//nav2_costmap_2d/costmap_layer.hpp
[202.588s] -- Installing: /home/agilex/agilex_ws/install/nav2_costmap_2d/include//nav2_costmap_2d/inflation_layer.hpp
[202.588s] -- Installing: /home/agilex/agilex_ws/install/nav2_costmap_2d/include//nav2_costmap_2d/layer.hpp
[202.588s] -- Installing: /home/agilex/agilex_ws/install/nav2_costmap_2d/include//nav2_costmap_2d/costmap_topic_collision_checker.hpp
[202.588s] -- Installing: /home/agilex/agilex_ws/install/nav2_costmap_2d/share/nav2_costmap_2d/environment/library_path.sh
[202.588s] -- Installing: /home/agilex/agilex_ws/install/nav2_costmap_2d/share/nav2_costmap_2d/environment/library_path.dsv
[202.588s] -- Up-to-date: /home/agilex/agilex_ws/install/nav2_costmap_2d/share/nav2_costmap_2d/costmap_plugins.xml
[202.588s] -- Installing: /home/agilex/agilex_ws/install/nav2_costmap_2d/share/ament_index/resource_index/package_run_dependencies/nav2_costmap_2d
[202.589s] -- Installing: /home/agilex/agilex_ws/install/nav2_costmap_2d/share/ament_index/resource_index/parent_prefix_path/nav2_costmap_2d
[202.589s] -- Installing: /home/agilex/agilex_ws/install/nav2_costmap_2d/share/nav2_costmap_2d/environment/ament_prefix_path.sh
[202.589s] -- Installing: /home/agilex/agilex_ws/install/nav2_costmap_2d/share/nav2_costmap_2d/environment/ament_prefix_path.dsv
[202.589s] -- Installing: /home/agilex/agilex_ws/install/nav2_costmap_2d/share/nav2_costmap_2d/environment/path.sh
[202.589s] -- Installing: /home/agilex/agilex_ws/install/nav2_costmap_2d/share/nav2_costmap_2d/environment/path.dsv
[202.589s] -- Installing: /home/agilex/agilex_ws/install/nav2_costmap_2d/share/nav2_costmap_2d/local_setup.bash
[202.589s] -- Installing: /home/agilex/agilex_ws/install/nav2_costmap_2d/share/nav2_costmap_2d/local_setup.sh
[202.590s] -- Installing: /home/agilex/agilex_ws/install/nav2_costmap_2d/share/nav2_costmap_2d/local_setup.zsh
[202.590s] -- Installing: /home/agilex/agilex_ws/install/nav2_costmap_2d/share/nav2_costmap_2d/local_setup.dsv
[202.590s] -- Installing: /home/agilex/agilex_ws/install/nav2_costmap_2d/share/nav2_costmap_2d/package.dsv
[202.590s] -- Installing: /home/agilex/agilex_ws/install/nav2_costmap_2d/share/ament_index/resource_index/packages/nav2_costmap_2d
[202.590s] -- Installing: /home/agilex/agilex_ws/install/nav2_costmap_2d/share/ament_index/resource_index/nav2_costmap_2d__pluginlib__plugin/nav2_costmap_2d
[202.590s] -- Installing: /home/agilex/agilex_ws/install/nav2_costmap_2d/share/nav2_costmap_2d/cmake/ament_cmake_export_include_directories-extras.cmake
[202.590s] -- Installing: /home/agilex/agilex_ws/install/nav2_costmap_2d/share/nav2_costmap_2d/cmake/ament_cmake_export_libraries-extras.cmake
[202.590s] -- Installing: /home/agilex/agilex_ws/install/nav2_costmap_2d/share/nav2_costmap_2d/cmake/ament_cmake_export_dependencies-extras.cmake
[202.590s] -- Installing: /home/agilex/agilex_ws/install/nav2_costmap_2d/share/nav2_costmap_2d/cmake/nav2_costmap_2dConfig.cmake
[202.590s] -- Installing: /home/agilex/agilex_ws/install/nav2_costmap_2d/share/nav2_costmap_2d/cmake/nav2_costmap_2dConfig-version.cmake
[202.591s] -- Installing: /home/agilex/agilex_ws/install/nav2_costmap_2d/share/nav2_costmap_2d/package.xml
[202.596s] Invoked command in '/home/agilex/agilex_ws/build/nav2_costmap_2d' returned '0': AMENT_PREFIX_PATH=/home/agilex/agilex_ws/install/nav2_map_server:/home/agilex/agilex_ws/install/nav2_lifecycle_manager:/home/agilex/agilex_ws/install/nav2_util:/home/agilex/agilex_ws/install/nav2_voxel_grid:/home/agilex/agilex_ws/install/nav2_msgs:/home/agilex/agilex_ws/install/nav2_common:${AMENT_PREFIX_PATH} CMAKE_PREFIX_PATH=/home/agilex/agilex_ws/install/nav2_map_server:/home/agilex/agilex_ws/install/nav2_lifecycle_manager:/home/agilex/agilex_ws/install/nav2_util:/home/agilex/agilex_ws/install/nav2_voxel_grid:/home/agilex/agilex_ws/install/nav2_msgs:/home/agilex/agilex_ws/install/nav2_common:/opt/ros/humble LD_LIBRARY_PATH=/home/agilex/agilex_ws/install/nav2_map_server/lib:/home/agilex/agilex_ws/install/nav2_lifecycle_manager/lib:/home/agilex/agilex_ws/install/nav2_util/lib:/home/agilex/agilex_ws/install/nav2_voxel_grid/lib:/home/agilex/agilex_ws/install/nav2_msgs/lib:${LD_LIBRARY_PATH} PYTHONPATH=/home/agilex/agilex_ws/install/nav2_msgs/local/lib/python3.10/dist-packages:/home/agilex/agilex_ws/install/nav2_common/local/lib/python3.10/dist-packages:${PYTHONPATH} /usr/bin/cmake --install /home/agilex/agilex_ws/build/nav2_costmap_2d
