[  1%] [32mBuilding CXX object CMakeFiles/nav2_smac_planner.dir/src/smac_planner_hybrid.cpp.o[0m
[  3%] [32mBuilding CXX object CMakeFiles/nav2_smac_planner.dir/src/node_basic.cpp.o[0m
[  5%] [32mBuilding CXX object CMakeFiles/nav2_smac_planner.dir/src/node_2d.cpp.o[0m
[  6%] [32mBuilding CXX object CMakeFiles/nav2_smac_planner.dir/src/costmap_downsampler.cpp.o[0m
[  8%] [32mBuilding CXX object CMakeFiles/nav2_smac_planner.dir/src/node_lattice.cpp.o[0m
[ 10%] [32mBuilding CXX object CMakeFiles/nav2_smac_planner.dir/src/node_hybrid.cpp.o[0m
[ 11%] [32mBuilding CXX object CMakeFiles/nav2_smac_planner.dir/src/analytic_expansion.cpp.o[0m
[ 13%] [32mBuilding CXX object CMakeFiles/nav2_smac_planner.dir/src/smoother.cpp.o[0m
[ 15%] [32mBuilding CXX object CMakeFiles/nav2_smac_planner.dir/src/a_star.cpp.o[0m
[ 16%] [32mBuilding CXX object CMakeFiles/nav2_smac_planner.dir/src/collision_checker.cpp.o[0m
[ 18%] [32m[1mLinking CXX shared library libnav2_smac_planner.so[0m
[ 18%] Built target nav2_smac_planner
[35m[1mConsolidate compiler generated dependencies of target gtest_main[0m
[ 20%] [32mBuilding CXX object gtest/CMakeFiles/gtest.dir/src/gtest-all.cc.o[0m
[ 23%] Built target gtest_main
[35m[1mConsolidate compiler generated dependencies of target nav2_smac_planner_lattice[0m
[ 25%] [32mBuilding CXX object CMakeFiles/nav2_smac_planner_lattice.dir/src/smac_planner_lattice.cpp.o[0m
[ 27%] [32mBuilding CXX object CMakeFiles/nav2_smac_planner_lattice.dir/src/smoother.cpp.o[0m
[ 28%] [32m[1mLinking CXX static library libgtest.a[0m
[ 28%] Built target gtest
[ 30%] [32mBuilding CXX object test/CMakeFiles/test_costmap_downsampler.dir/test_costmap_downsampler.cpp.o[0m
[35m[1mConsolidate compiler generated dependencies of target nav2_smac_planner_2d[0m
[ 33%] [32mBuilding CXX object test/CMakeFiles/test_node2d.dir/test_node2d.cpp.o[0m
[ 33%] [32mBuilding CXX object test/CMakeFiles/test_nodehybrid.dir/test_nodehybrid.cpp.o[0m
[ 35%] [32mBuilding CXX object CMakeFiles/nav2_smac_planner_2d.dir/src/smac_planner_2d.cpp.o[0m
[ 37%] [32mBuilding CXX object test/CMakeFiles/test_collision_checker.dir/test_collision_checker.cpp.o[0m
[ 38%] [32mBuilding CXX object test/CMakeFiles/test_a_star.dir/test_a_star.cpp.o[0m
[ 40%] [32mBuilding CXX object test/CMakeFiles/test_nodebasic.dir/test_nodebasic.cpp.o[0m
[ 42%] [32mBuilding CXX object CMakeFiles/nav2_smac_planner_lattice.dir/src/node_basic.cpp.o[0m
[ 44%] [32mBuilding CXX object CMakeFiles/nav2_smac_planner_lattice.dir/src/node_lattice.cpp.o[0m
[ 47%] [32mBuilding CXX object CMakeFiles/nav2_smac_planner_lattice.dir/src/costmap_downsampler.cpp.o[0m
[ 47%] [32mBuilding CXX object CMakeFiles/nav2_smac_planner_lattice.dir/src/node_2d.cpp.o[0m
[ 49%] [32mBuilding CXX object CMakeFiles/nav2_smac_planner_lattice.dir/src/node_hybrid.cpp.o[0m
[ 50%] [32mBuilding CXX object CMakeFiles/nav2_smac_planner_lattice.dir/src/analytic_expansion.cpp.o[0m
[ 52%] [32mBuilding CXX object CMakeFiles/nav2_smac_planner_lattice.dir/src/collision_checker.cpp.o[0m
[ 54%] [32mBuilding CXX object test/CMakeFiles/test_smac_hybrid.dir/test_smac_hybrid.cpp.o[0m
[ 55%] [32m[1mLinking CXX executable test_collision_checker[0m
[ 55%] Built target test_collision_checker
[ 57%] [32m[1mLinking CXX executable test_costmap_downsampler[0m
[ 59%] [32m[1mLinking CXX executable test_nodebasic[0m
[ 59%] Built target test_nodebasic
[ 59%] Built target test_costmap_downsampler
[ 61%] [32m[1mLinking CXX executable test_node2d[0m
[ 61%] Built target test_node2d
[ 62%] [32m[1mLinking CXX executable test_a_star[0m
[ 62%] Built target test_a_star
[ 64%] [32m[1mLinking CXX executable test_smac_hybrid[0m
[ 64%] Built target test_smac_hybrid
[ 66%] [32mBuilding CXX object test/CMakeFiles/test_lattice_node.dir/test_nodelattice.cpp.o[0m
[ 67%] [32m[1mLinking CXX shared library libnav2_smac_planner_lattice.so[0m
[ 69%] Built target nav2_smac_planner_lattice
[ 71%] [32mBuilding CXX object test/CMakeFiles/test_smac_lattice.dir/test_smac_lattice.cpp.o[0m
[ 74%] [32mBuilding CXX object CMakeFiles/nav2_smac_planner_2d.dir/src/node_2d.cpp.o[0m
[ 74%] [32mBuilding CXX object CMakeFiles/nav2_smac_planner_2d.dir/src/node_basic.cpp.o[0m
[ 76%] [32m[1mLinking CXX executable test_nodehybrid[0m
[ 76%] Built target test_nodehybrid
[ 77%] [32mBuilding CXX object CMakeFiles/nav2_smac_planner_2d.dir/src/analytic_expansion.cpp.o[0m
[ 81%] [32mBuilding CXX object CMakeFiles/nav2_smac_planner_2d.dir/src/node_lattice.cpp.o[0m
[ 81%] [32mBuilding CXX object CMakeFiles/nav2_smac_planner_2d.dir/src/costmap_downsampler.cpp.o[0m
[ 83%] [32m[1mLinking CXX executable test_smac_lattice[0m
[ 83%] Built target test_smac_lattice
[ 84%] [32m[1mLinking CXX executable test_lattice_node[0m
[ 84%] Built target test_lattice_node
[ 89%] [32mBuilding CXX object CMakeFiles/nav2_smac_planner_2d.dir/src/smoother.cpp.o[0m
[ 89%] [32mBuilding CXX object CMakeFiles/nav2_smac_planner_2d.dir/src/collision_checker.cpp.o[0m
[ 89%] [32mBuilding CXX object CMakeFiles/nav2_smac_planner_2d.dir/src/a_star.cpp.o[0m
[ 91%] [32m[1mLinking CXX shared library libnav2_smac_planner_2d.so[0m
[ 93%] Built target nav2_smac_planner_2d
[ 94%] [32mBuilding CXX object test/CMakeFiles/test_smoother.dir/test_smoother.cpp.o[0m
[ 96%] [32mBuilding CXX object test/CMakeFiles/test_smac_2d.dir/test_smac_2d.cpp.o[0m
[ 98%] [32m[1mLinking CXX executable test_smoother[0m
[100%] [32m[1mLinking CXX executable test_smac_2d[0m
[100%] Built target test_smoother
[100%] Built target test_smac_2d
-- Install configuration: "Release"
-- Up-to-date: /home/agilex/agilex_ws/install/nav2_smac_planner/share/nav2_smac_planner/smac_plugin_hybrid.xml
-- Up-to-date: /home/agilex/agilex_ws/install/nav2_smac_planner/share/nav2_smac_planner/smac_plugin_2d.xml
-- Up-to-date: /home/agilex/agilex_ws/install/nav2_smac_planner/share/nav2_smac_planner/smac_plugin_lattice.xml
-- Installing: /home/agilex/agilex_ws/install/nav2_smac_planner/lib/libnav2_smac_planner.so
-- Set runtime path of "/home/agilex/agilex_ws/install/nav2_smac_planner/lib/libnav2_smac_planner.so" to ""
-- Installing: /home/agilex/agilex_ws/install/nav2_smac_planner/lib/libnav2_smac_planner_2d.so
-- Set runtime path of "/home/agilex/agilex_ws/install/nav2_smac_planner/lib/libnav2_smac_planner_2d.so" to ""
-- Installing: /home/agilex/agilex_ws/install/nav2_smac_planner/lib/libnav2_smac_planner_lattice.so
-- Set runtime path of "/home/agilex/agilex_ws/install/nav2_smac_planner/lib/libnav2_smac_planner_lattice.so" to ""
-- Up-to-date: /home/agilex/agilex_ws/install/nav2_smac_planner/include/
-- Up-to-date: /home/agilex/agilex_ws/install/nav2_smac_planner/include//nav2_smac_planner
-- Up-to-date: /home/agilex/agilex_ws/install/nav2_smac_planner/include//nav2_smac_planner/utils.hpp
-- Up-to-date: /home/agilex/agilex_ws/install/nav2_smac_planner/include//nav2_smac_planner/constants.hpp
-- Up-to-date: /home/agilex/agilex_ws/install/nav2_smac_planner/include//nav2_smac_planner/node_hybrid.hpp
-- Up-to-date: /home/agilex/agilex_ws/install/nav2_smac_planner/include//nav2_smac_planner/costmap_downsampler.hpp
-- Up-to-date: /home/agilex/agilex_ws/install/nav2_smac_planner/include//nav2_smac_planner/types.hpp
-- Up-to-date: /home/agilex/agilex_ws/install/nav2_smac_planner/include//nav2_smac_planner/smoother.hpp
-- Up-to-date: /home/agilex/agilex_ws/install/nav2_smac_planner/include//nav2_smac_planner/smac_planner_lattice.hpp
-- Up-to-date: /home/agilex/agilex_ws/install/nav2_smac_planner/include//nav2_smac_planner/a_star.hpp
-- Up-to-date: /home/agilex/agilex_ws/install/nav2_smac_planner/include//nav2_smac_planner/node_lattice.hpp
-- Up-to-date: /home/agilex/agilex_ws/install/nav2_smac_planner/include//nav2_smac_planner/analytic_expansion.hpp
-- Up-to-date: /home/agilex/agilex_ws/install/nav2_smac_planner/include//nav2_smac_planner/node_2d.hpp
-- Up-to-date: /home/agilex/agilex_ws/install/nav2_smac_planner/include//nav2_smac_planner/node_basic.hpp
-- Up-to-date: /home/agilex/agilex_ws/install/nav2_smac_planner/include//nav2_smac_planner/smac_planner_hybrid.hpp
-- Up-to-date: /home/agilex/agilex_ws/install/nav2_smac_planner/include//nav2_smac_planner/smac_planner_2d.hpp
-- Up-to-date: /home/agilex/agilex_ws/install/nav2_smac_planner/include//nav2_smac_planner/collision_checker.hpp
-- Up-to-date: /home/agilex/agilex_ws/install/nav2_smac_planner/share/nav2_smac_planner/sample_primitives
-- Up-to-date: /home/agilex/agilex_ws/install/nav2_smac_planner/share/nav2_smac_planner/sample_primitives/5cm_resolution
-- Up-to-date: /home/agilex/agilex_ws/install/nav2_smac_planner/share/nav2_smac_planner/sample_primitives/5cm_resolution/0.5m_turning_radius
-- Up-to-date: /home/agilex/agilex_ws/install/nav2_smac_planner/share/nav2_smac_planner/sample_primitives/5cm_resolution/0.5m_turning_radius/all_trajectories.png
-- Up-to-date: /home/agilex/agilex_ws/install/nav2_smac_planner/share/nav2_smac_planner/sample_primitives/5cm_resolution/0.5m_turning_radius/diff
-- Up-to-date: /home/agilex/agilex_ws/install/nav2_smac_planner/share/nav2_smac_planner/sample_primitives/5cm_resolution/0.5m_turning_radius/diff/output.json
-- Up-to-date: /home/agilex/agilex_ws/install/nav2_smac_planner/share/nav2_smac_planner/sample_primitives/5cm_resolution/0.5m_turning_radius/ackermann
-- Up-to-date: /home/agilex/agilex_ws/install/nav2_smac_planner/share/nav2_smac_planner/sample_primitives/5cm_resolution/0.5m_turning_radius/ackermann/output.json
-- Up-to-date: /home/agilex/agilex_ws/install/nav2_smac_planner/share/nav2_smac_planner/sample_primitives/5cm_resolution/0.5m_turning_radius/omni
-- Up-to-date: /home/agilex/agilex_ws/install/nav2_smac_planner/share/nav2_smac_planner/sample_primitives/5cm_resolution/0.5m_turning_radius/omni/output.json
-- Up-to-date: /home/agilex/agilex_ws/install/nav2_smac_planner/share/nav2_smac_planner/sample_primitives/5cm_resolution/1m_turning_radius
-- Up-to-date: /home/agilex/agilex_ws/install/nav2_smac_planner/share/nav2_smac_planner/sample_primitives/5cm_resolution/1m_turning_radius/all_trajectories.png
-- Up-to-date: /home/agilex/agilex_ws/install/nav2_smac_planner/share/nav2_smac_planner/sample_primitives/5cm_resolution/1m_turning_radius/diff
-- Up-to-date: /home/agilex/agilex_ws/install/nav2_smac_planner/share/nav2_smac_planner/sample_primitives/5cm_resolution/1m_turning_radius/diff/output.json
-- Up-to-date: /home/agilex/agilex_ws/install/nav2_smac_planner/share/nav2_smac_planner/sample_primitives/5cm_resolution/1m_turning_radius/ackermann
-- Up-to-date: /home/agilex/agilex_ws/install/nav2_smac_planner/share/nav2_smac_planner/sample_primitives/5cm_resolution/1m_turning_radius/ackermann/output.json
-- Up-to-date: /home/agilex/agilex_ws/install/nav2_smac_planner/share/nav2_smac_planner/sample_primitives/5cm_resolution/1m_turning_radius/omni
-- Up-to-date: /home/agilex/agilex_ws/install/nav2_smac_planner/share/nav2_smac_planner/sample_primitives/5cm_resolution/1m_turning_radius/omni/output.json
-- Up-to-date: /home/agilex/agilex_ws/install/nav2_smac_planner/share/nav2_smac_planner/environment/library_path.sh
-- Up-to-date: /home/agilex/agilex_ws/install/nav2_smac_planner/share/nav2_smac_planner/environment/library_path.dsv
-- Up-to-date: /home/agilex/agilex_ws/install/nav2_smac_planner/share/ament_index/resource_index/package_run_dependencies/nav2_smac_planner
-- Up-to-date: /home/agilex/agilex_ws/install/nav2_smac_planner/share/ament_index/resource_index/parent_prefix_path/nav2_smac_planner
-- Up-to-date: /home/agilex/agilex_ws/install/nav2_smac_planner/share/nav2_smac_planner/environment/ament_prefix_path.sh
-- Up-to-date: /home/agilex/agilex_ws/install/nav2_smac_planner/share/nav2_smac_planner/environment/ament_prefix_path.dsv
-- Up-to-date: /home/agilex/agilex_ws/install/nav2_smac_planner/share/nav2_smac_planner/environment/path.sh
-- Up-to-date: /home/agilex/agilex_ws/install/nav2_smac_planner/share/nav2_smac_planner/environment/path.dsv
-- Up-to-date: /home/agilex/agilex_ws/install/nav2_smac_planner/share/nav2_smac_planner/local_setup.bash
-- Up-to-date: /home/agilex/agilex_ws/install/nav2_smac_planner/share/nav2_smac_planner/local_setup.sh
-- Up-to-date: /home/agilex/agilex_ws/install/nav2_smac_planner/share/nav2_smac_planner/local_setup.zsh
-- Up-to-date: /home/agilex/agilex_ws/install/nav2_smac_planner/share/nav2_smac_planner/local_setup.dsv
-- Installing: /home/agilex/agilex_ws/install/nav2_smac_planner/share/nav2_smac_planner/package.dsv
-- Up-to-date: /home/agilex/agilex_ws/install/nav2_smac_planner/share/ament_index/resource_index/packages/nav2_smac_planner
-- Up-to-date: /home/agilex/agilex_ws/install/nav2_smac_planner/share/ament_index/resource_index/nav2_core__pluginlib__plugin/nav2_smac_planner
-- Up-to-date: /home/agilex/agilex_ws/install/nav2_smac_planner/share/nav2_smac_planner/cmake/ament_cmake_export_include_directories-extras.cmake
-- Up-to-date: /home/agilex/agilex_ws/install/nav2_smac_planner/share/nav2_smac_planner/cmake/ament_cmake_export_libraries-extras.cmake
-- Up-to-date: /home/agilex/agilex_ws/install/nav2_smac_planner/share/nav2_smac_planner/cmake/ament_cmake_export_dependencies-extras.cmake
-- Up-to-date: /home/agilex/agilex_ws/install/nav2_smac_planner/share/nav2_smac_planner/cmake/nav2_smac_plannerConfig.cmake
-- Up-to-date: /home/agilex/agilex_ws/install/nav2_smac_planner/share/nav2_smac_planner/cmake/nav2_smac_plannerConfig-version.cmake
-- Up-to-date: /home/agilex/agilex_ws/install/nav2_smac_planner/share/nav2_smac_planner/package.xml
