[0.263s] Invoking command in '/home/agilex/agilex_ws/build/csm': CMAKE_PREFIX_PATH=${CMAKE_PREFIX_PATH}:/home/agilex/agilex_ws/install/yolov5_ros2:/home/agilex/agilex_ws/install/nav2_simple_commander:/opt/ros/humble /usr/bin/cmake --build /home/agilex/agilex_ws/build/csm -- -j16 -l16
[0.421s] [100%] Built target csm
[0.452s] Invoked command in '/home/agilex/agilex_ws/build/csm' returned '0': CMAKE_PREFIX_PATH=${CMAKE_PREFIX_PATH}:/home/agilex/agilex_ws/install/yolov5_ros2:/home/agilex/agilex_ws/install/nav2_simple_commander:/opt/ros/humble /usr/bin/cmake --build /home/agilex/agilex_ws/build/csm -- -j16 -l16
[1.121s] Invoking command in '/home/agilex/agilex_ws/build/csm': CMAKE_PREFIX_PATH=${CMAKE_PREFIX_PATH}:/home/agilex/agilex_ws/install/yolov5_ros2:/home/agilex/agilex_ws/install/nav2_simple_commander:/opt/ros/humble /usr/bin/cmake --install /home/agilex/agilex_ws/build/csm
[1.263s] -- Install configuration: ""
[1.263s] -- Up-to-date: /home/agilex/agilex_ws/install/csm/lib/libcsm.so
[1.264s] -- Up-to-date: /home/agilex/agilex_ws/install/csm/include/..//include
[1.264s] -- Up-to-date: /home/agilex/agilex_ws/install/csm/include/..//include/gsl_eigen
[1.264s] -- Up-to-date: /home/agilex/agilex_ws/install/csm/include/..//include/gsl_eigen/gsl_eigen.h
[1.264s] -- Up-to-date: /home/agilex/agilex_ws/install/csm/include/..//include/csm
[1.264s] -- Up-to-date: /home/agilex/agilex_ws/install/csm/include/..//include/csm/restrict.h
[1.264s] -- Up-to-date: /home/agilex/agilex_ws/install/csm/include/..//include/csm/laser_data.h
[1.264s] -- Up-to-date: /home/agilex/agilex_ws/install/csm/include/..//include/csm/laser_data_inline.h
[1.264s] -- Up-to-date: /home/agilex/agilex_ws/install/csm/include/..//include/csm/csm.h
[1.264s] -- Up-to-date: /home/agilex/agilex_ws/install/csm/include/..//include/csm/algos.h
[1.264s] -- Up-to-date: /home/agilex/agilex_ws/install/csm/share/csm/resource
[1.264s] -- Up-to-date: /home/agilex/agilex_ws/install/csm/share/csm/resource/csm
[1.264s] -- Up-to-date: /home/agilex/agilex_ws/install/csm/include/../gsl_eigen
[1.265s] -- Up-to-date: /home/agilex/agilex_ws/install/csm/include/../gsl_eigen/gsl_eigen.h
[1.265s] -- Up-to-date: /home/agilex/agilex_ws/install/csm/share/csm/environment/library_path.sh
[1.265s] -- Up-to-date: /home/agilex/agilex_ws/install/csm/share/csm/environment/library_path.dsv
[1.265s] -- Up-to-date: /home/agilex/agilex_ws/install/csm/share/ament_index/resource_index/package_run_dependencies/csm
[1.265s] -- Up-to-date: /home/agilex/agilex_ws/install/csm/share/ament_index/resource_index/parent_prefix_path/csm
[1.265s] -- Up-to-date: /home/agilex/agilex_ws/install/csm/share/csm/environment/ament_prefix_path.sh
[1.265s] -- Up-to-date: /home/agilex/agilex_ws/install/csm/share/csm/environment/ament_prefix_path.dsv
[1.265s] -- Up-to-date: /home/agilex/agilex_ws/install/csm/share/csm/environment/path.sh
[1.265s] -- Up-to-date: /home/agilex/agilex_ws/install/csm/share/csm/environment/path.dsv
[1.266s] -- Up-to-date: /home/agilex/agilex_ws/install/csm/share/csm/local_setup.bash
[1.266s] -- Up-to-date: /home/agilex/agilex_ws/install/csm/share/csm/local_setup.sh
[1.266s] -- Up-to-date: /home/agilex/agilex_ws/install/csm/share/csm/local_setup.zsh
[1.266s] -- Up-to-date: /home/agilex/agilex_ws/install/csm/share/csm/local_setup.dsv
[1.266s] -- Installing: /home/agilex/agilex_ws/install/csm/share/csm/package.dsv
[1.266s] -- Up-to-date: /home/agilex/agilex_ws/install/csm/share/ament_index/resource_index/packages/csm
[1.266s] -- Up-to-date: /home/agilex/agilex_ws/install/csm/share/csm/cmake/ament_cmake_export_dependencies-extras.cmake
[1.266s] -- Up-to-date: /home/agilex/agilex_ws/install/csm/share/csm/cmake/ament_cmake_export_include_directories-extras.cmake
[1.267s] -- Up-to-date: /home/agilex/agilex_ws/install/csm/share/csm/cmake/ament_cmake_export_libraries-extras.cmake
[1.267s] -- Up-to-date: /home/agilex/agilex_ws/install/csm/share/csm/cmake/csmConfig.cmake
[1.267s] -- Up-to-date: /home/agilex/agilex_ws/install/csm/share/csm/cmake/csmConfig-version.cmake
[1.267s] -- Up-to-date: /home/agilex/agilex_ws/install/csm/share/csm/package.xml
[1.531s] Invoked command in '/home/agilex/agilex_ws/build/csm' returned '0': CMAKE_PREFIX_PATH=${CMAKE_PREFIX_PATH}:/home/agilex/agilex_ws/install/yolov5_ros2:/home/agilex/agilex_ws/install/nav2_simple_commander:/opt/ros/humble /usr/bin/cmake --install /home/agilex/agilex_ws/build/csm
