[0.739s] Invoking command in '/home/agilex/agilex_ws/build/csm': CMAKE_PREFIX_PATH=${CMAKE_PREFIX_PATH}:/home/agilex/agilex_ws/install/yolov5_ros2:/home/agilex/agilex_ws/install/nav2_simple_commander:/opt/ros/humble /usr/bin/cmake --build /home/agilex/agilex_ws/build/csm -- -j8 -l8
[0.813s] [35m[1mConsolidate compiler generated dependencies of target csm[0m
[0.867s] [100%] Built target csm
[0.986s] Invoked command in '/home/agilex/agilex_ws/build/csm' returned '0': CMAKE_PREFIX_PATH=${CMAKE_PREFIX_PATH}:/home/agilex/agilex_ws/install/yolov5_ros2:/home/agilex/agilex_ws/install/nav2_simple_commander:/opt/ros/humble /usr/bin/cmake --build /home/agilex/agilex_ws/build/csm -- -j8 -l8
[1.355s] Invoking command in '/home/agilex/agilex_ws/build/csm': CMAKE_PREFIX_PATH=${CMAKE_PREFIX_PATH}:/home/agilex/agilex_ws/install/yolov5_ros2:/home/agilex/agilex_ws/install/nav2_simple_commander:/opt/ros/humble /usr/bin/cmake --install /home/agilex/agilex_ws/build/csm
[1.370s] -- Install configuration: ""
[1.373s] -- Up-to-date: /home/agilex/agilex_ws/install/csm/lib/libcsm.so
[1.375s] -- Up-to-date: /home/agilex/agilex_ws/install/csm/include/..//include
[1.384s] -- Up-to-date: /home/agilex/agilex_ws/install/csm/include/..//include/gsl_eigen
[1.389s] -- Up-to-date: /home/agilex/agilex_ws/install/csm/include/..//include/gsl_eigen/gsl_eigen.h
[1.389s] -- Up-to-date: /home/agilex/agilex_ws/install/csm/include/..//include/csm
[1.389s] -- Up-to-date: /home/agilex/agilex_ws/install/csm/include/..//include/csm/algos.h
[1.389s] -- Up-to-date: /home/agilex/agilex_ws/install/csm/include/..//include/csm/csm.h
[1.389s] -- Up-to-date: /home/agilex/agilex_ws/install/csm/include/..//include/csm/laser_data.h
[1.389s] -- Up-to-date: /home/agilex/agilex_ws/install/csm/include/..//include/csm/laser_data_inline.h
[1.389s] -- Up-to-date: /home/agilex/agilex_ws/install/csm/include/..//include/csm/restrict.h
[1.389s] -- Up-to-date: /home/agilex/agilex_ws/install/csm/share/csm/resource
[1.390s] -- Up-to-date: /home/agilex/agilex_ws/install/csm/share/csm/resource/csm
[1.390s] -- Up-to-date: /home/agilex/agilex_ws/install/csm/include/../gsl_eigen
[1.391s] -- Up-to-date: /home/agilex/agilex_ws/install/csm/include/../gsl_eigen/gsl_eigen.h
[1.391s] -- Up-to-date: /home/agilex/agilex_ws/install/csm/share/csm/environment/library_path.sh
[1.391s] -- Up-to-date: /home/agilex/agilex_ws/install/csm/share/csm/environment/library_path.dsv
[1.391s] -- Up-to-date: /home/agilex/agilex_ws/install/csm/share/ament_index/resource_index/package_run_dependencies/csm
[1.391s] -- Up-to-date: /home/agilex/agilex_ws/install/csm/share/ament_index/resource_index/parent_prefix_path/csm
[1.391s] -- Up-to-date: /home/agilex/agilex_ws/install/csm/share/csm/environment/ament_prefix_path.sh
[1.391s] -- Up-to-date: /home/agilex/agilex_ws/install/csm/share/csm/environment/ament_prefix_path.dsv
[1.391s] -- Up-to-date: /home/agilex/agilex_ws/install/csm/share/csm/environment/path.sh
[1.391s] -- Up-to-date: /home/agilex/agilex_ws/install/csm/share/csm/environment/path.dsv
[1.391s] -- Up-to-date: /home/agilex/agilex_ws/install/csm/share/csm/local_setup.bash
[1.392s] -- Up-to-date: /home/agilex/agilex_ws/install/csm/share/csm/local_setup.sh
[1.392s] -- Up-to-date: /home/agilex/agilex_ws/install/csm/share/csm/local_setup.zsh
[1.392s] -- Up-to-date: /home/agilex/agilex_ws/install/csm/share/csm/local_setup.dsv
[1.394s] -- Installing: /home/agilex/agilex_ws/install/csm/share/csm/package.dsv
[1.403s] -- Up-to-date: /home/agilex/agilex_ws/install/csm/share/ament_index/resource_index/packages/csm
[1.408s] -- Up-to-date: /home/agilex/agilex_ws/install/csm/share/csm/cmake/ament_cmake_export_dependencies-extras.cmake
[1.418s] -- Up-to-date: /home/agilex/agilex_ws/install/csm/share/csm/cmake/ament_cmake_export_include_directories-extras.cmake
[1.418s] -- Up-to-date: /home/agilex/agilex_ws/install/csm/share/csm/cmake/ament_cmake_export_libraries-extras.cmake
[1.418s] -- Up-to-date: /home/agilex/agilex_ws/install/csm/share/csm/cmake/csmConfig.cmake
[1.418s] -- Up-to-date: /home/agilex/agilex_ws/install/csm/share/csm/cmake/csmConfig-version.cmake
[1.419s] -- Up-to-date: /home/agilex/agilex_ws/install/csm/share/csm/package.xml
[1.588s] Invoked command in '/home/agilex/agilex_ws/build/csm' returned '0': CMAKE_PREFIX_PATH=${CMAKE_PREFIX_PATH}:/home/agilex/agilex_ws/install/yolov5_ros2:/home/agilex/agilex_ws/install/nav2_simple_commander:/opt/ros/humble /usr/bin/cmake --install /home/agilex/agilex_ws/build/csm
