[0.093s] Invoking command in '/home/agilex/agilex_ws/build/teb_msgs': AMENT_PREFIX_PATH=/home/agilex/agilex_ws/install/costmap_converter_msgs CMAKE_PREFIX_PATH=/home/agilex/agilex_ws/install/costmap_converter_msgs LD_LIBRARY_PATH=/home/agilex/agilex_ws/install/costmap_converter_msgs/lib PYTHONPATH=/home/agilex/agilex_ws/install/costmap_converter_msgs/local/lib/python3.10/dist-packages /usr/bin/cmake --build /home/agilex/agilex_ws/build/teb_msgs -- -j16 -l16
[0.139s] [  2%] Built target teb_msgs__cpp
[0.141s] [ 12%] Built target teb_msgs__rosidl_generator_c
[0.147s] [ 12%] Built target ament_cmake_python_copy_teb_msgs
[0.158s] [ 23%] Built target teb_msgs__rosidl_typesupport_cpp
[0.159s] [ 34%] Built target teb_msgs__rosidl_typesupport_introspection_cpp
[0.165s] [ 55%] Built target teb_msgs__rosidl_typesupport_fastrtps_c
[0.165s] [ 55%] Built target teb_msgs__rosidl_typesupport_fastrtps_cpp
[0.165s] [ 65%] Built target teb_msgs__rosidl_typesupport_c
[0.165s] [ 76%] Built target teb_msgs__rosidl_typesupport_introspection_c
[0.183s] [ 76%] Built target teb_msgs
[0.201s] [ 78%] Built target teb_msgs__py
[0.226s] [ 87%] Built target teb_msgs__rosidl_generator_py
[0.247s] [ 95%] Built target teb_msgs__rosidl_typesupport_introspection_c__pyext
[0.247s] [ 95%] Built target teb_msgs__rosidl_typesupport_fastrtps_c__pyext
[0.249s] [100%] Built target teb_msgs__rosidl_typesupport_c__pyext
[0.302s] running egg_info
[0.303s] writing teb_msgs.egg-info/PKG-INFO
[0.303s] writing dependency_links to teb_msgs.egg-info/dependency_links.txt
[0.304s] writing top-level names to teb_msgs.egg-info/top_level.txt
[0.304s] reading manifest file 'teb_msgs.egg-info/SOURCES.txt'
[0.306s] writing manifest file 'teb_msgs.egg-info/SOURCES.txt'
[0.325s] [100%] Built target ament_cmake_python_build_teb_msgs_egg
[0.390s] Invoked command in '/home/agilex/agilex_ws/build/teb_msgs' returned '0': AMENT_PREFIX_PATH=/home/agilex/agilex_ws/install/costmap_converter_msgs CMAKE_PREFIX_PATH=/home/agilex/agilex_ws/install/costmap_converter_msgs LD_LIBRARY_PATH=/home/agilex/agilex_ws/install/costmap_converter_msgs/lib PYTHONPATH=/home/agilex/agilex_ws/install/costmap_converter_msgs/local/lib/python3.10/dist-packages /usr/bin/cmake --build /home/agilex/agilex_ws/build/teb_msgs -- -j16 -l16
[0.451s] Invoking command in '/home/agilex/agilex_ws/build/teb_msgs': AMENT_PREFIX_PATH=/home/agilex/agilex_ws/install/costmap_converter_msgs CMAKE_PREFIX_PATH=/home/agilex/agilex_ws/install/costmap_converter_msgs LD_LIBRARY_PATH=/home/agilex/agilex_ws/install/costmap_converter_msgs/lib PYTHONPATH=/home/agilex/agilex_ws/install/costmap_converter_msgs/local/lib/python3.10/dist-packages /usr/bin/cmake --install /home/agilex/agilex_ws/build/teb_msgs
[0.457s] -- Install configuration: ""
[0.458s] -- Up-to-date: /home/agilex/agilex_ws/install/teb_msgs/share/ament_index/resource_index/rosidl_interfaces/teb_msgs
[0.458s] -- Up-to-date: /home/agilex/agilex_ws/install/teb_msgs/include/teb_msgs/teb_msgs
[0.458s] -- Up-to-date: /home/agilex/agilex_ws/install/teb_msgs/include/teb_msgs/teb_msgs/msg
[0.458s] -- Up-to-date: /home/agilex/agilex_ws/install/teb_msgs/include/teb_msgs/teb_msgs/msg/feedback_msg.h
[0.458s] -- Up-to-date: /home/agilex/agilex_ws/install/teb_msgs/include/teb_msgs/teb_msgs/msg/trajectory_msg.h
[0.458s] -- Up-to-date: /home/agilex/agilex_ws/install/teb_msgs/include/teb_msgs/teb_msgs/msg/detail
[0.458s] -- Up-to-date: /home/agilex/agilex_ws/install/teb_msgs/include/teb_msgs/teb_msgs/msg/detail/feedback_msg__functions.h
[0.458s] -- Up-to-date: /home/agilex/agilex_ws/install/teb_msgs/include/teb_msgs/teb_msgs/msg/detail/feedback_msg__struct.h
[0.458s] -- Up-to-date: /home/agilex/agilex_ws/install/teb_msgs/include/teb_msgs/teb_msgs/msg/detail/trajectory_msg__functions.c
[0.458s] -- Up-to-date: /home/agilex/agilex_ws/install/teb_msgs/include/teb_msgs/teb_msgs/msg/detail/trajectory_point_msg__struct.h
[0.459s] -- Up-to-date: /home/agilex/agilex_ws/install/teb_msgs/include/teb_msgs/teb_msgs/msg/detail/feedback_msg__functions.c
[0.459s] -- Up-to-date: /home/agilex/agilex_ws/install/teb_msgs/include/teb_msgs/teb_msgs/msg/detail/trajectory_msg__functions.h
[0.459s] -- Up-to-date: /home/agilex/agilex_ws/install/teb_msgs/include/teb_msgs/teb_msgs/msg/detail/trajectory_msg__type_support.h
[0.459s] -- Up-to-date: /home/agilex/agilex_ws/install/teb_msgs/include/teb_msgs/teb_msgs/msg/detail/trajectory_msg__struct.h
[0.459s] -- Up-to-date: /home/agilex/agilex_ws/install/teb_msgs/include/teb_msgs/teb_msgs/msg/detail/trajectory_point_msg__functions.c
[0.459s] -- Up-to-date: /home/agilex/agilex_ws/install/teb_msgs/include/teb_msgs/teb_msgs/msg/detail/trajectory_point_msg__functions.h
[0.459s] -- Up-to-date: /home/agilex/agilex_ws/install/teb_msgs/include/teb_msgs/teb_msgs/msg/detail/trajectory_point_msg__type_support.h
[0.459s] -- Up-to-date: /home/agilex/agilex_ws/install/teb_msgs/include/teb_msgs/teb_msgs/msg/detail/feedback_msg__type_support.h
[0.459s] -- Up-to-date: /home/agilex/agilex_ws/install/teb_msgs/include/teb_msgs/teb_msgs/msg/trajectory_point_msg.h
[0.459s] -- Up-to-date: /home/agilex/agilex_ws/install/teb_msgs/include/teb_msgs/teb_msgs/msg/rosidl_generator_c__visibility_control.h
[0.459s] -- Up-to-date: /home/agilex/agilex_ws/install/teb_msgs/share/teb_msgs/environment/library_path.sh
[0.459s] -- Up-to-date: /home/agilex/agilex_ws/install/teb_msgs/share/teb_msgs/environment/library_path.dsv
[0.459s] -- Up-to-date: /home/agilex/agilex_ws/install/teb_msgs/lib/libteb_msgs__rosidl_generator_c.so
[0.459s] -- Up-to-date: /home/agilex/agilex_ws/install/teb_msgs/include/teb_msgs/teb_msgs
[0.459s] -- Up-to-date: /home/agilex/agilex_ws/install/teb_msgs/include/teb_msgs/teb_msgs/msg
[0.459s] -- Up-to-date: /home/agilex/agilex_ws/install/teb_msgs/include/teb_msgs/teb_msgs/msg/rosidl_typesupport_fastrtps_c__visibility_control.h
[0.460s] -- Up-to-date: /home/agilex/agilex_ws/install/teb_msgs/include/teb_msgs/teb_msgs/msg/detail
[0.460s] -- Up-to-date: /home/agilex/agilex_ws/install/teb_msgs/include/teb_msgs/teb_msgs/msg/detail/feedback_msg__rosidl_typesupport_fastrtps_c.h
[0.460s] -- Up-to-date: /home/agilex/agilex_ws/install/teb_msgs/include/teb_msgs/teb_msgs/msg/detail/trajectory_msg__rosidl_typesupport_fastrtps_c.h
[0.460s] -- Up-to-date: /home/agilex/agilex_ws/install/teb_msgs/include/teb_msgs/teb_msgs/msg/detail/trajectory_point_msg__rosidl_typesupport_fastrtps_c.h
[0.460s] -- Up-to-date: /home/agilex/agilex_ws/install/teb_msgs/lib/libteb_msgs__rosidl_typesupport_fastrtps_c.so
[0.461s] -- Up-to-date: /home/agilex/agilex_ws/install/teb_msgs/include/teb_msgs/teb_msgs
[0.461s] -- Up-to-date: /home/agilex/agilex_ws/install/teb_msgs/include/teb_msgs/teb_msgs/msg
[0.461s] -- Up-to-date: /home/agilex/agilex_ws/install/teb_msgs/include/teb_msgs/teb_msgs/msg/trajectory_msg.hpp
[0.461s] -- Up-to-date: /home/agilex/agilex_ws/install/teb_msgs/include/teb_msgs/teb_msgs/msg/feedback_msg.hpp
[0.461s] -- Up-to-date: /home/agilex/agilex_ws/install/teb_msgs/include/teb_msgs/teb_msgs/msg/trajectory_point_msg.hpp
[0.461s] -- Up-to-date: /home/agilex/agilex_ws/install/teb_msgs/include/teb_msgs/teb_msgs/msg/detail
[0.461s] -- Up-to-date: /home/agilex/agilex_ws/install/teb_msgs/include/teb_msgs/teb_msgs/msg/detail/feedback_msg__builder.hpp
[0.461s] -- Up-to-date: /home/agilex/agilex_ws/install/teb_msgs/include/teb_msgs/teb_msgs/msg/detail/trajectory_msg__builder.hpp
[0.461s] -- Up-to-date: /home/agilex/agilex_ws/install/teb_msgs/include/teb_msgs/teb_msgs/msg/detail/trajectory_point_msg__traits.hpp
[0.461s] -- Up-to-date: /home/agilex/agilex_ws/install/teb_msgs/include/teb_msgs/teb_msgs/msg/detail/trajectory_msg__traits.hpp
[0.462s] -- Up-to-date: /home/agilex/agilex_ws/install/teb_msgs/include/teb_msgs/teb_msgs/msg/detail/trajectory_point_msg__builder.hpp
[0.462s] -- Up-to-date: /home/agilex/agilex_ws/install/teb_msgs/include/teb_msgs/teb_msgs/msg/detail/trajectory_point_msg__struct.hpp
[0.462s] -- Up-to-date: /home/agilex/agilex_ws/install/teb_msgs/include/teb_msgs/teb_msgs/msg/detail/feedback_msg__traits.hpp
[0.462s] -- Up-to-date: /home/agilex/agilex_ws/install/teb_msgs/include/teb_msgs/teb_msgs/msg/detail/feedback_msg__struct.hpp
[0.462s] -- Up-to-date: /home/agilex/agilex_ws/install/teb_msgs/include/teb_msgs/teb_msgs/msg/detail/trajectory_msg__struct.hpp
[0.462s] -- Up-to-date: /home/agilex/agilex_ws/install/teb_msgs/include/teb_msgs/teb_msgs
[0.462s] -- Up-to-date: /home/agilex/agilex_ws/install/teb_msgs/include/teb_msgs/teb_msgs/msg
[0.462s] -- Up-to-date: /home/agilex/agilex_ws/install/teb_msgs/include/teb_msgs/teb_msgs/msg/rosidl_typesupport_fastrtps_cpp__visibility_control.h
[0.462s] -- Up-to-date: /home/agilex/agilex_ws/install/teb_msgs/include/teb_msgs/teb_msgs/msg/detail
[0.462s] -- Up-to-date: /home/agilex/agilex_ws/install/teb_msgs/include/teb_msgs/teb_msgs/msg/detail/trajectory_msg__rosidl_typesupport_fastrtps_cpp.hpp
[0.462s] -- Up-to-date: /home/agilex/agilex_ws/install/teb_msgs/include/teb_msgs/teb_msgs/msg/detail/feedback_msg__rosidl_typesupport_fastrtps_cpp.hpp
[0.463s] -- Up-to-date: /home/agilex/agilex_ws/install/teb_msgs/include/teb_msgs/teb_msgs/msg/detail/dds_fastrtps
[0.463s] -- Up-to-date: /home/agilex/agilex_ws/install/teb_msgs/include/teb_msgs/teb_msgs/msg/detail/trajectory_point_msg__rosidl_typesupport_fastrtps_cpp.hpp
[0.463s] -- Up-to-date: /home/agilex/agilex_ws/install/teb_msgs/lib/libteb_msgs__rosidl_typesupport_fastrtps_cpp.so
[0.463s] -- Up-to-date: /home/agilex/agilex_ws/install/teb_msgs/include/teb_msgs/teb_msgs
[0.463s] -- Up-to-date: /home/agilex/agilex_ws/install/teb_msgs/include/teb_msgs/teb_msgs/msg
[0.463s] -- Up-to-date: /home/agilex/agilex_ws/install/teb_msgs/include/teb_msgs/teb_msgs/msg/detail
[0.463s] -- Up-to-date: /home/agilex/agilex_ws/install/teb_msgs/include/teb_msgs/teb_msgs/msg/detail/trajectory_point_msg__type_support.c
[0.463s] -- Up-to-date: /home/agilex/agilex_ws/install/teb_msgs/include/teb_msgs/teb_msgs/msg/detail/feedback_msg__type_support.c
[0.463s] -- Up-to-date: /home/agilex/agilex_ws/install/teb_msgs/include/teb_msgs/teb_msgs/msg/detail/trajectory_point_msg__rosidl_typesupport_introspection_c.h
[0.463s] -- Up-to-date: /home/agilex/agilex_ws/install/teb_msgs/include/teb_msgs/teb_msgs/msg/detail/trajectory_msg__type_support.c
[0.464s] -- Up-to-date: /home/agilex/agilex_ws/install/teb_msgs/include/teb_msgs/teb_msgs/msg/detail/trajectory_msg__rosidl_typesupport_introspection_c.h
[0.464s] -- Up-to-date: /home/agilex/agilex_ws/install/teb_msgs/include/teb_msgs/teb_msgs/msg/detail/feedback_msg__rosidl_typesupport_introspection_c.h
[0.464s] -- Up-to-date: /home/agilex/agilex_ws/install/teb_msgs/include/teb_msgs/teb_msgs/msg/rosidl_typesupport_introspection_c__visibility_control.h
[0.464s] -- Up-to-date: /home/agilex/agilex_ws/install/teb_msgs/lib/libteb_msgs__rosidl_typesupport_introspection_c.so
[0.464s] -- Up-to-date: /home/agilex/agilex_ws/install/teb_msgs/lib/libteb_msgs__rosidl_typesupport_c.so
[0.464s] -- Up-to-date: /home/agilex/agilex_ws/install/teb_msgs/include/teb_msgs/teb_msgs
[0.464s] -- Up-to-date: /home/agilex/agilex_ws/install/teb_msgs/include/teb_msgs/teb_msgs/msg
[0.464s] -- Up-to-date: /home/agilex/agilex_ws/install/teb_msgs/include/teb_msgs/teb_msgs/msg/detail
[0.464s] -- Up-to-date: /home/agilex/agilex_ws/install/teb_msgs/include/teb_msgs/teb_msgs/msg/detail/feedback_msg__rosidl_typesupport_introspection_cpp.hpp
[0.464s] -- Up-to-date: /home/agilex/agilex_ws/install/teb_msgs/include/teb_msgs/teb_msgs/msg/detail/feedback_msg__type_support.cpp
[0.464s] -- Up-to-date: /home/agilex/agilex_ws/install/teb_msgs/include/teb_msgs/teb_msgs/msg/detail/trajectory_msg__rosidl_typesupport_introspection_cpp.hpp
[0.464s] -- Up-to-date: /home/agilex/agilex_ws/install/teb_msgs/include/teb_msgs/teb_msgs/msg/detail/trajectory_msg__type_support.cpp
[0.464s] -- Up-to-date: /home/agilex/agilex_ws/install/teb_msgs/include/teb_msgs/teb_msgs/msg/detail/trajectory_point_msg__type_support.cpp
[0.465s] -- Up-to-date: /home/agilex/agilex_ws/install/teb_msgs/include/teb_msgs/teb_msgs/msg/detail/trajectory_point_msg__rosidl_typesupport_introspection_cpp.hpp
[0.465s] -- Up-to-date: /home/agilex/agilex_ws/install/teb_msgs/lib/libteb_msgs__rosidl_typesupport_introspection_cpp.so
[0.465s] -- Up-to-date: /home/agilex/agilex_ws/install/teb_msgs/lib/libteb_msgs__rosidl_typesupport_cpp.so
[0.465s] -- Up-to-date: /home/agilex/agilex_ws/install/teb_msgs/share/teb_msgs/environment/pythonpath.sh
[0.465s] -- Up-to-date: /home/agilex/agilex_ws/install/teb_msgs/share/teb_msgs/environment/pythonpath.dsv
[0.465s] -- Up-to-date: /home/agilex/agilex_ws/install/teb_msgs/local/lib/python3.10/dist-packages/teb_msgs-0.0.1-py3.10.egg-info
[0.465s] -- Installing: /home/agilex/agilex_ws/install/teb_msgs/local/lib/python3.10/dist-packages/teb_msgs-0.0.1-py3.10.egg-info/top_level.txt
[0.465s] -- Installing: /home/agilex/agilex_ws/install/teb_msgs/local/lib/python3.10/dist-packages/teb_msgs-0.0.1-py3.10.egg-info/SOURCES.txt
[0.466s] -- Installing: /home/agilex/agilex_ws/install/teb_msgs/local/lib/python3.10/dist-packages/teb_msgs-0.0.1-py3.10.egg-info/PKG-INFO
[0.466s] -- Installing: /home/agilex/agilex_ws/install/teb_msgs/local/lib/python3.10/dist-packages/teb_msgs-0.0.1-py3.10.egg-info/dependency_links.txt
[0.466s] -- Up-to-date: /home/agilex/agilex_ws/install/teb_msgs/local/lib/python3.10/dist-packages/teb_msgs
[0.466s] -- Up-to-date: /home/agilex/agilex_ws/install/teb_msgs/local/lib/python3.10/dist-packages/teb_msgs/teb_msgs_s__rosidl_typesupport_fastrtps_c.cpython-310-x86_64-linux-gnu.so
[0.466s] -- Up-to-date: /home/agilex/agilex_ws/install/teb_msgs/local/lib/python3.10/dist-packages/teb_msgs/_teb_msgs_s.ep.rosidl_typesupport_introspection_c.c
[0.466s] -- Up-to-date: /home/agilex/agilex_ws/install/teb_msgs/local/lib/python3.10/dist-packages/teb_msgs/__init__.py
[0.466s] -- Up-to-date: /home/agilex/agilex_ws/install/teb_msgs/local/lib/python3.10/dist-packages/teb_msgs/_teb_msgs_s.ep.rosidl_typesupport_fastrtps_c.c
[0.466s] -- Up-to-date: /home/agilex/agilex_ws/install/teb_msgs/local/lib/python3.10/dist-packages/teb_msgs/msg
[0.466s] -- Up-to-date: /home/agilex/agilex_ws/install/teb_msgs/local/lib/python3.10/dist-packages/teb_msgs/msg/__init__.py
[0.466s] -- Up-to-date: /home/agilex/agilex_ws/install/teb_msgs/local/lib/python3.10/dist-packages/teb_msgs/msg/_trajectory_point_msg_s.c
[0.466s] -- Up-to-date: /home/agilex/agilex_ws/install/teb_msgs/local/lib/python3.10/dist-packages/teb_msgs/msg/_trajectory_point_msg.py
[0.466s] -- Up-to-date: /home/agilex/agilex_ws/install/teb_msgs/local/lib/python3.10/dist-packages/teb_msgs/msg/_trajectory_msg.py
[0.466s] -- Up-to-date: /home/agilex/agilex_ws/install/teb_msgs/local/lib/python3.10/dist-packages/teb_msgs/msg/_feedback_msg_s.c
[0.467s] -- Up-to-date: /home/agilex/agilex_ws/install/teb_msgs/local/lib/python3.10/dist-packages/teb_msgs/msg/_trajectory_msg_s.c
[0.467s] -- Up-to-date: /home/agilex/agilex_ws/install/teb_msgs/local/lib/python3.10/dist-packages/teb_msgs/msg/_feedback_msg.py
[0.467s] -- Up-to-date: /home/agilex/agilex_ws/install/teb_msgs/local/lib/python3.10/dist-packages/teb_msgs/teb_msgs_s__rosidl_typesupport_introspection_c.cpython-310-x86_64-linux-gnu.so
[0.467s] -- Up-to-date: /home/agilex/agilex_ws/install/teb_msgs/local/lib/python3.10/dist-packages/teb_msgs/teb_msgs_s__rosidl_typesupport_c.cpython-310-x86_64-linux-gnu.so
[0.467s] -- Up-to-date: /home/agilex/agilex_ws/install/teb_msgs/local/lib/python3.10/dist-packages/teb_msgs/_teb_msgs_s.ep.rosidl_typesupport_c.c
[0.467s] -- Up-to-date: /home/agilex/agilex_ws/install/teb_msgs/local/lib/python3.10/dist-packages/teb_msgs/libteb_msgs__rosidl_generator_py.so
[0.482s] Listing '/home/agilex/agilex_ws/install/teb_msgs/local/lib/python3.10/dist-packages/teb_msgs'...
[0.483s] Listing '/home/agilex/agilex_ws/install/teb_msgs/local/lib/python3.10/dist-packages/teb_msgs/msg'...
[0.485s] -- Up-to-date: /home/agilex/agilex_ws/install/teb_msgs/local/lib/python3.10/dist-packages/teb_msgs/teb_msgs_s__rosidl_typesupport_fastrtps_c.cpython-310-x86_64-linux-gnu.so
[0.485s] -- Up-to-date: /home/agilex/agilex_ws/install/teb_msgs/local/lib/python3.10/dist-packages/teb_msgs/teb_msgs_s__rosidl_typesupport_introspection_c.cpython-310-x86_64-linux-gnu.so
[0.487s] -- Up-to-date: /home/agilex/agilex_ws/install/teb_msgs/local/lib/python3.10/dist-packages/teb_msgs/teb_msgs_s__rosidl_typesupport_c.cpython-310-x86_64-linux-gnu.so
[0.487s] -- Up-to-date: /home/agilex/agilex_ws/install/teb_msgs/lib/libteb_msgs__rosidl_generator_py.so
[0.487s] -- Up-to-date: /home/agilex/agilex_ws/install/teb_msgs/share/teb_msgs/msg/FeedbackMsg.idl
[0.488s] -- Up-to-date: /home/agilex/agilex_ws/install/teb_msgs/share/teb_msgs/msg/TrajectoryMsg.idl
[0.488s] -- Up-to-date: /home/agilex/agilex_ws/install/teb_msgs/share/teb_msgs/msg/TrajectoryPointMsg.idl
[0.488s] -- Up-to-date: /home/agilex/agilex_ws/install/teb_msgs/share/teb_msgs/msg/FeedbackMsg.msg
[0.488s] -- Up-to-date: /home/agilex/agilex_ws/install/teb_msgs/share/teb_msgs/msg/TrajectoryMsg.msg
[0.488s] -- Up-to-date: /home/agilex/agilex_ws/install/teb_msgs/share/teb_msgs/msg/TrajectoryPointMsg.msg
[0.488s] -- Up-to-date: /home/agilex/agilex_ws/install/teb_msgs/share/ament_index/resource_index/package_run_dependencies/teb_msgs
[0.488s] -- Up-to-date: /home/agilex/agilex_ws/install/teb_msgs/share/ament_index/resource_index/parent_prefix_path/teb_msgs
[0.488s] -- Up-to-date: /home/agilex/agilex_ws/install/teb_msgs/share/teb_msgs/environment/ament_prefix_path.sh
[0.488s] -- Up-to-date: /home/agilex/agilex_ws/install/teb_msgs/share/teb_msgs/environment/ament_prefix_path.dsv
[0.488s] -- Up-to-date: /home/agilex/agilex_ws/install/teb_msgs/share/teb_msgs/environment/path.sh
[0.489s] -- Up-to-date: /home/agilex/agilex_ws/install/teb_msgs/share/teb_msgs/environment/path.dsv
[0.489s] -- Up-to-date: /home/agilex/agilex_ws/install/teb_msgs/share/teb_msgs/local_setup.bash
[0.489s] -- Up-to-date: /home/agilex/agilex_ws/install/teb_msgs/share/teb_msgs/local_setup.sh
[0.489s] -- Up-to-date: /home/agilex/agilex_ws/install/teb_msgs/share/teb_msgs/local_setup.zsh
[0.489s] -- Up-to-date: /home/agilex/agilex_ws/install/teb_msgs/share/teb_msgs/local_setup.dsv
[0.489s] -- Installing: /home/agilex/agilex_ws/install/teb_msgs/share/teb_msgs/package.dsv
[0.489s] -- Up-to-date: /home/agilex/agilex_ws/install/teb_msgs/share/ament_index/resource_index/packages/teb_msgs
[0.490s] -- Up-to-date: /home/agilex/agilex_ws/install/teb_msgs/share/teb_msgs/cmake/export_teb_msgs__rosidl_generator_cExport.cmake
[0.490s] -- Up-to-date: /home/agilex/agilex_ws/install/teb_msgs/share/teb_msgs/cmake/export_teb_msgs__rosidl_generator_cExport-noconfig.cmake
[0.491s] -- Up-to-date: /home/agilex/agilex_ws/install/teb_msgs/share/teb_msgs/cmake/export_teb_msgs__rosidl_typesupport_fastrtps_cExport.cmake
[0.491s] -- Up-to-date: /home/agilex/agilex_ws/install/teb_msgs/share/teb_msgs/cmake/export_teb_msgs__rosidl_typesupport_fastrtps_cExport-noconfig.cmake
[0.491s] -- Up-to-date: /home/agilex/agilex_ws/install/teb_msgs/share/teb_msgs/cmake/export_teb_msgs__rosidl_generator_cppExport.cmake
[0.492s] -- Up-to-date: /home/agilex/agilex_ws/install/teb_msgs/share/teb_msgs/cmake/export_teb_msgs__rosidl_typesupport_fastrtps_cppExport.cmake
[0.492s] -- Up-to-date: /home/agilex/agilex_ws/install/teb_msgs/share/teb_msgs/cmake/export_teb_msgs__rosidl_typesupport_fastrtps_cppExport-noconfig.cmake
[0.492s] -- Up-to-date: /home/agilex/agilex_ws/install/teb_msgs/share/teb_msgs/cmake/teb_msgs__rosidl_typesupport_introspection_cExport.cmake
[0.493s] -- Up-to-date: /home/agilex/agilex_ws/install/teb_msgs/share/teb_msgs/cmake/teb_msgs__rosidl_typesupport_introspection_cExport-noconfig.cmake
[0.493s] -- Up-to-date: /home/agilex/agilex_ws/install/teb_msgs/share/teb_msgs/cmake/teb_msgs__rosidl_typesupport_cExport.cmake
[0.493s] -- Up-to-date: /home/agilex/agilex_ws/install/teb_msgs/share/teb_msgs/cmake/teb_msgs__rosidl_typesupport_cExport-noconfig.cmake
[0.493s] -- Up-to-date: /home/agilex/agilex_ws/install/teb_msgs/share/teb_msgs/cmake/teb_msgs__rosidl_typesupport_introspection_cppExport.cmake
[0.493s] -- Up-to-date: /home/agilex/agilex_ws/install/teb_msgs/share/teb_msgs/cmake/teb_msgs__rosidl_typesupport_introspection_cppExport-noconfig.cmake
[0.493s] -- Up-to-date: /home/agilex/agilex_ws/install/teb_msgs/share/teb_msgs/cmake/teb_msgs__rosidl_typesupport_cppExport.cmake
[0.493s] -- Up-to-date: /home/agilex/agilex_ws/install/teb_msgs/share/teb_msgs/cmake/teb_msgs__rosidl_typesupport_cppExport-noconfig.cmake
[0.494s] -- Up-to-date: /home/agilex/agilex_ws/install/teb_msgs/share/teb_msgs/cmake/export_teb_msgs__rosidl_generator_pyExport.cmake
[0.494s] -- Up-to-date: /home/agilex/agilex_ws/install/teb_msgs/share/teb_msgs/cmake/export_teb_msgs__rosidl_generator_pyExport-noconfig.cmake
[0.494s] -- Up-to-date: /home/agilex/agilex_ws/install/teb_msgs/share/teb_msgs/cmake/rosidl_cmake-extras.cmake
[0.494s] -- Up-to-date: /home/agilex/agilex_ws/install/teb_msgs/share/teb_msgs/cmake/ament_cmake_export_dependencies-extras.cmake
[0.494s] -- Up-to-date: /home/agilex/agilex_ws/install/teb_msgs/share/teb_msgs/cmake/ament_cmake_export_include_directories-extras.cmake
[0.494s] -- Up-to-date: /home/agilex/agilex_ws/install/teb_msgs/share/teb_msgs/cmake/ament_cmake_export_libraries-extras.cmake
[0.494s] -- Up-to-date: /home/agilex/agilex_ws/install/teb_msgs/share/teb_msgs/cmake/ament_cmake_export_targets-extras.cmake
[0.495s] -- Up-to-date: /home/agilex/agilex_ws/install/teb_msgs/share/teb_msgs/cmake/rosidl_cmake_export_typesupport_targets-extras.cmake
[0.495s] -- Up-to-date: /home/agilex/agilex_ws/install/teb_msgs/share/teb_msgs/cmake/rosidl_cmake_export_typesupport_libraries-extras.cmake
[0.495s] -- Up-to-date: /home/agilex/agilex_ws/install/teb_msgs/share/teb_msgs/cmake/teb_msgsConfig.cmake
[0.495s] -- Up-to-date: /home/agilex/agilex_ws/install/teb_msgs/share/teb_msgs/cmake/teb_msgsConfig-version.cmake
[0.495s] -- Up-to-date: /home/agilex/agilex_ws/install/teb_msgs/share/teb_msgs/package.xml
[0.499s] Invoked command in '/home/agilex/agilex_ws/build/teb_msgs' returned '0': AMENT_PREFIX_PATH=/home/agilex/agilex_ws/install/costmap_converter_msgs CMAKE_PREFIX_PATH=/home/agilex/agilex_ws/install/costmap_converter_msgs LD_LIBRARY_PATH=/home/agilex/agilex_ws/install/costmap_converter_msgs/lib PYTHONPATH=/home/agilex/agilex_ws/install/costmap_converter_msgs/local/lib/python3.10/dist-packages /usr/bin/cmake --install /home/agilex/agilex_ws/build/teb_msgs
