[0.059s] Invoking command in '/home/agilex/agilex_ws/build/glog': /usr/bin/cmake /home/agilex/agilex_ws/src/ros2_astra_camera/glog-0.6.0 -DCMAKE_INSTALL_PREFIX=/home/agilex/agilex_ws/install/glog
[2.175s] -- The CXX compiler identification is GNU 11.3.0
[2.175s] -- Detecting CXX compiler ABI info
[2.175s] -- Detecting CXX compiler ABI info - done
[2.176s] -- Check for working CXX compiler: /usr/bin/c++ - skipped
[2.181s] -- Detecting CXX compile features
[2.181s] -- Detecting CXX compile features - done
[2.181s] -- Looking for C++ include pthread.h
[2.182s] -- Looking for C++ include pthread.h - found
[2.182s] -- Performing Test CMAKE_HAVE_LIBC_PTHREAD
[2.182s] -- Performing Test CMAKE_HAVE_LIBC_PTHREAD - Success
[2.182s] -- Found Threads: TRUE  
[2.182s] -- Looking for gflags namespace
[2.182s] -- Looking for gflags namespace - gflags
[2.182s] -- Found Unwind: /usr/include/x86_64-linux-gnu (found version "1.3.2") 
[2.182s] -- Looking for C++ include dlfcn.h
[2.182s] -- Looking for C++ include dlfcn.h - found
[2.182s] -- Looking for C++ include execinfo.h
[2.218s] -- Looking for C++ include execinfo.h - found
[2.219s] -- Looking for C++ include glob.h
[2.383s] -- Looking for C++ include glob.h - found
[2.384s] -- Looking for C++ include inttypes.h
[2.591s] -- Looking for C++ include inttypes.h - found
[2.592s] -- Looking for C++ include memory.h
[2.741s] -- Looking for C++ include memory.h - found
[2.741s] -- Looking for C++ include pwd.h
[2.845s] -- Looking for C++ include pwd.h - found
[2.846s] -- Looking for C++ include stdint.h
[3.046s] -- Looking for C++ include stdint.h - found
[3.047s] -- Looking for C++ include strings.h
[3.145s] -- Looking for C++ include strings.h - found
[3.146s] -- Looking for C++ include sys/stat.h
[3.226s] -- Looking for C++ include sys/stat.h - found
[3.226s] -- Looking for C++ include sys/syscall.h
[3.322s] -- Looking for C++ include sys/syscall.h - found
[3.323s] -- Looking for C++ include sys/time.h
[3.410s] -- Looking for C++ include sys/time.h - found
[3.410s] -- Looking for C++ include sys/types.h
[3.485s] -- Looking for C++ include sys/types.h - found
[3.486s] -- Looking for C++ include sys/utsname.h
[3.571s] -- Looking for C++ include sys/utsname.h - found
[3.572s] -- Looking for C++ include sys/wait.h
[3.691s] -- Looking for C++ include sys/wait.h - found
[3.691s] -- Looking for C++ include syscall.h
[3.812s] -- Looking for C++ include syscall.h - found
[3.812s] -- Looking for C++ include syslog.h
[3.923s] -- Looking for C++ include syslog.h - found
[3.924s] -- Looking for C++ include ucontext.h
[4.051s] -- Looking for C++ include ucontext.h - found
[4.051s] -- Looking for C++ include unistd.h
[4.160s] -- Looking for C++ include unistd.h - found
[4.161s] -- Looking for C++ include ext/hash_map
[4.606s] -- Looking for C++ include ext/hash_map - found
[4.606s] -- Looking for C++ include ext/hash_set
[5.016s] -- Looking for C++ include ext/hash_set - found
[5.016s] -- Looking for C++ include ext/slist
[5.292s] -- Looking for C++ include ext/slist - found
[5.293s] -- Looking for C++ include tr1/unordered_map
[5.470s] -- Looking for C++ include tr1/unordered_map - found
[5.471s] -- Looking for C++ include tr1/unordered_set
[5.636s] -- Looking for C++ include tr1/unordered_set - found
[5.638s] -- Looking for C++ include unordered_map
[5.883s] -- Looking for C++ include unordered_map - found
[5.883s] -- Looking for C++ include unordered_set
[6.108s] -- Looking for C++ include unordered_set - found
[6.108s] -- Looking for C++ include stddef.h
[6.243s] -- Looking for C++ include stddef.h - found
[6.243s] -- Check size of unsigned __int16
[6.287s] -- Check size of unsigned __int16 - failed
[6.287s] -- Check size of u_int16_t
[6.367s] -- Check size of u_int16_t - done
[6.367s] -- Check size of uint16_t
[6.453s] -- Check size of uint16_t - done
[6.453s] -- Looking for dladdr
[6.538s] -- Looking for dladdr - found
[6.540s] -- Looking for fcntl
[6.621s] -- Looking for fcntl - found
[6.622s] -- Looking for pread
[6.707s] -- Looking for pread - found
[6.707s] -- Looking for pwrite
[6.801s] -- Looking for pwrite - found
[6.801s] -- Looking for sigaction
[6.918s] -- Looking for sigaction - found
[6.924s] -- Looking for sigaltstack
[6.990s] -- Looking for sigaltstack - found
[6.991s] -- Performing Test HAVE_NO_DEPRECATED
[7.067s] -- Performing Test HAVE_NO_DEPRECATED - Success
[7.068s] -- Performing Test HAVE_NO_UNNAMED_TYPE_TEMPLATE_ARGS
[7.102s] -- Performing Test HAVE_NO_UNNAMED_TYPE_TEMPLATE_ARGS - Failed
[7.102s] -- Looking for pthread_threadid_np
[7.137s] -- Looking for pthread_threadid_np - not found
[7.137s] -- Looking for snprintf
[7.221s] -- Looking for snprintf - found
[7.221s] -- Looking for UnDecorateSymbolName in dbghelp
[7.284s] -- Looking for UnDecorateSymbolName in dbghelp - not found
[7.286s] -- Performing Test HAVE___ATTRIBUTE__
[7.367s] -- Performing Test HAVE___ATTRIBUTE__ - Success
[7.368s] -- Performing Test HAVE___ATTRIBUTE__VISIBILITY_DEFAULT
[7.450s] -- Performing Test HAVE___ATTRIBUTE__VISIBILITY_DEFAULT - Success
[7.450s] -- Performing Test HAVE___ATTRIBUTE__VISIBILITY_HIDDEN
[7.531s] -- Performing Test HAVE___ATTRIBUTE__VISIBILITY_HIDDEN - Success
[7.537s] -- Performing Test HAVE___BUILTIN_EXPECT
[7.607s] -- Performing Test HAVE___BUILTIN_EXPECT - Success
[7.607s] -- Performing Test HAVE___SYNC_VAL_COMPARE_AND_SWAP
[7.684s] -- Performing Test HAVE___SYNC_VAL_COMPARE_AND_SWAP - Success
[7.684s] -- Performing Test HAVE_RWLOCK
[7.767s] -- Performing Test HAVE_RWLOCK - Success
[7.767s] -- Performing Test HAVE___DECLSPEC
[7.792s] -- Performing Test HAVE___DECLSPEC - Failed
[7.793s] -- Performing Test STL_NO_NAMESPACE
[7.881s] -- Performing Test STL_NO_NAMESPACE - Failed
[7.881s] -- Performing Test STL_STD_NAMESPACE
[8.077s] -- Performing Test STL_STD_NAMESPACE - Success
[8.077s] -- Performing Test HAVE_USING_OPERATOR
[8.406s] -- Performing Test HAVE_USING_OPERATOR - Success
[8.407s] -- Performing Test HAVE_NAMESPACES
[8.489s] -- Performing Test HAVE_NAMESPACES - Success
[8.490s] -- Performing Test HAVE_GCC_TLS
[8.560s] -- Performing Test HAVE_GCC_TLS - Success
[8.561s] -- Performing Test HAVE_MSVC_TLS
[8.585s] -- Performing Test HAVE_MSVC_TLS - Failed
[8.585s] -- Performing Test HAVE_CXX11_TLS
[8.667s] -- Performing Test HAVE_CXX11_TLS - Success
[8.667s] -- Performing Test HAVE_ALIGNED_STORAGE
[8.755s] -- Performing Test HAVE_ALIGNED_STORAGE - Success
[8.756s] -- Performing Test HAVE_CXX11_ATOMIC
[8.865s] -- Performing Test HAVE_CXX11_ATOMIC - Success
[8.865s] -- Performing Test HAVE_CXX11_CONSTEXPR
[8.949s] -- Performing Test HAVE_CXX11_CONSTEXPR - Success
[8.956s] -- Performing Test HAVE_CXX11_CHRONO
[9.082s] -- Performing Test HAVE_CXX11_CHRONO - Success
[9.082s] -- Performing Test HAVE_CXX11_NULLPTR_T
[9.162s] -- Performing Test HAVE_CXX11_NULLPTR_T - Success
[10.249s] -- Performing Test HAVE_LOCALTIME_R
[10.337s] -- Performing Test HAVE_LOCALTIME_R - Success
[10.346s] -- Performing Test COMPILER_HAS_HIDDEN_VISIBILITY
[10.419s] -- Performing Test COMPILER_HAS_HIDDEN_VISIBILITY - Success
[10.421s] -- Performing Test COMPILER_HAS_HIDDEN_INLINE_VISIBILITY
[10.491s] -- Performing Test COMPILER_HAS_HIDDEN_INLINE_VISIBILITY - Success
[10.492s] -- Performing Test COMPILER_HAS_DEPRECATED_ATTR
[10.568s] -- Performing Test COMPILER_HAS_DEPRECATED_ATTR - Success
[10.583s] -- Configuring done
[10.622s] -- Generating done
[10.627s] -- Build files have been written to: /home/agilex/agilex_ws/build/glog
[10.643s] Invoked command in '/home/agilex/agilex_ws/build/glog' returned '0': /usr/bin/cmake /home/agilex/agilex_ws/src/ros2_astra_camera/glog-0.6.0 -DCMAKE_INSTALL_PREFIX=/home/agilex/agilex_ws/install/glog
[10.645s] Invoking command in '/home/agilex/agilex_ws/build/glog': /usr/bin/cmake --build /home/agilex/agilex_ws/build/glog -- -j8 -l8
[10.668s] [  3%] [34m[1mCopying find modules...[0m
[10.706s] [  6%] [32mBuilding CXX object CMakeFiles/glogbase.dir/src/demangle.cc.o[0m
[11.153s] [  9%] [32mBuilding CXX object CMakeFiles/glogbase.dir/src/signalhandler.cc.o[0m
[11.643s] [ 12%] [32mBuilding CXX object CMakeFiles/glogbase.dir/src/vlog_is_on.cc.o[0m
[12.033s] [ 15%] [32mBuilding CXX object CMakeFiles/glogbase.dir/src/utilities.cc.o[0m
[12.427s] [ 18%] [32mBuilding CXX object CMakeFiles/glogbase.dir/src/symbolize.cc.o[0m
[12.968s] [ 21%] [32mBuilding CXX object CMakeFiles/glogbase.dir/src/raw_logging.cc.o[0m
[13.335s] [ 25%] [32mBuilding CXX object CMakeFiles/glogbase.dir/src/logging.cc.o[0m
[14.328s] [ 25%] Built target glogbase
[14.346s] [ 28%] [32m[1mLinking CXX shared library libglog.so[0m
[14.461s] [ 28%] Built target glog
[14.479s] [ 31%] [32m[1mLinking CXX static library libglogtest.a[0m
[14.514s] [ 31%] Built target glogtest
[14.528s] [ 34%] [32mBuilding CXX object CMakeFiles/logging_unittest.dir/src/logging_unittest.cc.o[0m
[16.305s] [ 37%] [32m[1mLinking CXX executable logging_unittest[0m
[16.455s] [ 37%] Built target logging_unittest
[16.471s] [ 40%] [32mBuilding CXX object CMakeFiles/signalhandler_unittest.dir/src/signalhandler_unittest.cc.o[0m
[16.848s] [ 43%] [32m[1mLinking CXX executable signalhandler_unittest[0m
[16.966s] [ 43%] Built target signalhandler_unittest
[16.982s] [ 46%] [32mBuilding CXX object CMakeFiles/cleanup_immediately_unittest.dir/src/cleanup_immediately_unittest.cc.o[0m
[18.014s] [ 50%] [32m[1mLinking CXX executable cleanup_immediately_unittest[0m
[18.132s] [ 50%] Built target cleanup_immediately_unittest
[18.147s] [ 53%] [32mBuilding CXX object CMakeFiles/cleanup_with_absolute_prefix_unittest.dir/src/cleanup_with_absolute_prefix_unittest.cc.o[0m
[19.178s] [ 56%] [32m[1mLinking CXX executable cleanup_with_absolute_prefix_unittest[0m
[19.308s] [ 56%] Built target cleanup_with_absolute_prefix_unittest
[19.324s] [ 59%] [32mBuilding CXX object CMakeFiles/cleanup_with_relative_prefix_unittest.dir/src/cleanup_with_relative_prefix_unittest.cc.o[0m
[20.349s] [ 62%] [32m[1mLinking CXX executable cleanup_with_relative_prefix_unittest[0m
[20.462s] [ 62%] Built target cleanup_with_relative_prefix_unittest
[20.479s] [ 65%] [32mBuilding CXX object CMakeFiles/utilities_unittest.dir/src/utilities_unittest.cc.o[0m
[21.476s] [ 68%] [32m[1mLinking CXX executable utilities_unittest[0m
[21.594s] [ 68%] Built target utilities_unittest
[21.613s] [ 71%] [32mBuilding CXX object CMakeFiles/stacktrace_unittest.dir/src/stacktrace_unittest.cc.o[0m
[21.994s] [ 75%] [32m[1mLinking CXX executable stacktrace_unittest[0m
[22.102s] [ 75%] Built target stacktrace_unittest
[22.119s] [ 78%] [32mBuilding CXX object CMakeFiles/demangle_unittest.dir/src/demangle_unittest.cc.o[0m
[23.264s] [ 81%] [32m[1mLinking CXX executable demangle_unittest[0m
[23.385s] [ 81%] Built target demangle_unittest
[23.402s] [ 84%] [32mBuilding CXX object CMakeFiles/symbolize_unittest.dir/src/symbolize_unittest.cc.o[0m
[24.530s] [ 87%] [32m[1mLinking CXX executable symbolize_unittest[0m
[24.643s] [ 87%] Built target symbolize_unittest
[24.660s] [ 90%] [32mBuilding CXX object CMakeFiles/stl_logging_unittest.dir/src/stl_logging_unittest.cc.o[0m
[26.297s] [ 93%] [32m[1mLinking CXX executable stl_logging_unittest[0m
[26.429s] [ 93%] Built target stl_logging_unittest
[26.445s] [ 96%] [32mBuilding CXX object CMakeFiles/logging_custom_prefix_unittest.dir/src/logging_custom_prefix_unittest.cc.o[0m
[28.031s] [100%] [32m[1mLinking CXX executable logging_custom_prefix_unittest[0m
[28.163s] [100%] Built target logging_custom_prefix_unittest
[28.180s] Invoked command in '/home/agilex/agilex_ws/build/glog' returned '0': /usr/bin/cmake --build /home/agilex/agilex_ws/build/glog -- -j8 -l8
[28.323s] Invoking command in '/home/agilex/agilex_ws/build/glog': /usr/bin/cmake --install /home/agilex/agilex_ws/build/glog
[34.720s] -- Install configuration: ""
[34.720s] -- Installing: /home/agilex/agilex_ws/install/glog/lib/libglog.so.0.6.0
[34.720s] -- Installing: /home/agilex/agilex_ws/install/glog/lib/libglog.so.1
[34.720s] -- Installing: /home/agilex/agilex_ws/install/glog/lib/libglog.so
[34.720s] -- Installing: /home/agilex/agilex_ws/install/glog/include/glog/export.h
[34.720s] -- Installing: /home/agilex/agilex_ws/install/glog/include/glog/logging.h
[34.720s] -- Installing: /home/agilex/agilex_ws/install/glog/include/glog/raw_logging.h
[34.720s] -- Installing: /home/agilex/agilex_ws/install/glog/include/glog/stl_logging.h
[34.720s] -- Installing: /home/agilex/agilex_ws/install/glog/include/glog/vlog_is_on.h
[34.720s] -- Installing: /home/agilex/agilex_ws/install/glog/include/glog/log_severity.h
[34.720s] -- Installing: /home/agilex/agilex_ws/install/glog/include/glog/platform.h
[34.720s] -- Installing: /home/agilex/agilex_ws/install/glog/lib/pkgconfig/libglog.pc
[34.720s] -- Installing: /home/agilex/agilex_ws/install/glog/lib/cmake/glog/glog-modules.cmake
[34.720s] -- Installing: /home/agilex/agilex_ws/install/glog/lib/cmake/glog/glog-config.cmake
[34.721s] -- Installing: /home/agilex/agilex_ws/install/glog/lib/cmake/glog/glog-config-version.cmake
[34.721s] -- Installing: /home/agilex/agilex_ws/install/glog/share/glog/cmake
[34.721s] -- Installing: /home/agilex/agilex_ws/install/glog/share/glog/cmake/FindUnwind.cmake
[34.721s] -- Installing: /home/agilex/agilex_ws/install/glog/lib/cmake/glog/glog-targets.cmake
[34.721s] -- Installing: /home/agilex/agilex_ws/install/glog/lib/cmake/glog/glog-targets-noconfig.cmake
[34.738s] Invoked command in '/home/agilex/agilex_ws/build/glog' returned '0': /usr/bin/cmake --install /home/agilex/agilex_ws/build/glog
