[0.055s] Invoking command in '/home/agilex/agilex_ws/build/limo_base': AMENT_PREFIX_PATH=/home/agilex/agilex_ws/install/limo_msgs:${AMENT_PREFIX_PATH} CMAKE_PREFIX_PATH=/home/agilex/agilex_ws/install/limo_msgs:/opt/ros/humble LD_LIBRARY_PATH=/home/agilex/agilex_ws/install/limo_msgs/lib:${LD_LIBRARY_PATH} PYTHONPATH=/home/agilex/agilex_ws/install/limo_msgs/local/lib/python3.10/dist-packages:${PYTHONPATH} /usr/bin/cmake --build /home/agilex/agilex_ws/build/limo_base -- -j8 -l8
[0.105s] [35m[1mConsolidate compiler generated dependencies of target tf_pub[0m
[0.105s] [35m[1mConsolidate compiler generated dependencies of target limo_base[0m
[0.110s] [ 33%] Built target tf_pub
[0.116s] [100%] Built target limo_base
[0.129s] Invoked command in '/home/agilex/agilex_ws/build/limo_base' returned '0': AMENT_PREFIX_PATH=/home/agilex/agilex_ws/install/limo_msgs:${AMENT_PREFIX_PATH} CMAKE_PREFIX_PATH=/home/agilex/agilex_ws/install/limo_msgs:/opt/ros/humble LD_LIBRARY_PATH=/home/agilex/agilex_ws/install/limo_msgs/lib:${LD_LIBRARY_PATH} PYTHONPATH=/home/agilex/agilex_ws/install/limo_msgs/local/lib/python3.10/dist-packages:${PYTHONPATH} /usr/bin/cmake --build /home/agilex/agilex_ws/build/limo_base -- -j8 -l8
[0.164s] Invoking command in '/home/agilex/agilex_ws/build/limo_base': AMENT_PREFIX_PATH=/home/agilex/agilex_ws/install/limo_msgs:${AMENT_PREFIX_PATH} CMAKE_PREFIX_PATH=/home/agilex/agilex_ws/install/limo_msgs:/opt/ros/humble LD_LIBRARY_PATH=/home/agilex/agilex_ws/install/limo_msgs/lib:${LD_LIBRARY_PATH} PYTHONPATH=/home/agilex/agilex_ws/install/limo_msgs/local/lib/python3.10/dist-packages:${PYTHONPATH} /usr/bin/cmake --install /home/agilex/agilex_ws/build/limo_base
[0.168s] -- Install configuration: ""
[0.169s] -- Up-to-date: /home/agilex/agilex_ws/install/limo_base/include
[0.169s] -- Up-to-date: /home/agilex/agilex_ws/install/limo_base/include/limo_base
[0.169s] -- Up-to-date: /home/agilex/agilex_ws/install/limo_base/include/limo_base/limo_protocol.h
[0.169s] -- Up-to-date: /home/agilex/agilex_ws/install/limo_base/include/limo_base/limo_driver.h
[0.169s] -- Up-to-date: /home/agilex/agilex_ws/install/limo_base/include/limo_base/serial_port.h
[0.170s] -- Up-to-date: /home/agilex/agilex_ws/install/limo_base/lib/limo_base/limo_base
[0.172s] -- Up-to-date: /home/agilex/agilex_ws/install/limo_base/lib/limo_base/tf_pub
[0.173s] -- Up-to-date: /home/agilex/agilex_ws/install/limo_base/share/limo_base//launch
[0.173s] -- Up-to-date: /home/agilex/agilex_ws/install/limo_base/share/limo_base//launch/limo_base.launch.py
[0.173s] -- Up-to-date: /home/agilex/agilex_ws/install/limo_base/share/limo_base//launch/start_limo.launch.py
[0.179s] -- Up-to-date: /home/agilex/agilex_ws/install/limo_base/share/limo_base//launch/open_ydlidar_launch.py
[0.179s] -- Up-to-date: /home/agilex/agilex_ws/install/limo_base/share/limo_base//src
[0.179s] -- Up-to-date: /home/agilex/agilex_ws/install/limo_base/share/limo_base//src/tf_pub.cpp
[0.179s] -- Up-to-date: /home/agilex/agilex_ws/install/limo_base/share/limo_base//src/serial_port.cpp
[0.179s] -- Up-to-date: /home/agilex/agilex_ws/install/limo_base/share/limo_base//src/limo_base_node.cpp
[0.179s] -- Up-to-date: /home/agilex/agilex_ws/install/limo_base/share/limo_base//src/limo_driver.cpp
[0.180s] -- Up-to-date: /home/agilex/agilex_ws/install/limo_base/share/ament_index/resource_index/package_run_dependencies/limo_base
[0.180s] -- Up-to-date: /home/agilex/agilex_ws/install/limo_base/share/ament_index/resource_index/parent_prefix_path/limo_base
[0.182s] -- Up-to-date: /home/agilex/agilex_ws/install/limo_base/share/limo_base/environment/ament_prefix_path.sh
[0.182s] -- Up-to-date: /home/agilex/agilex_ws/install/limo_base/share/limo_base/environment/ament_prefix_path.dsv
[0.183s] -- Up-to-date: /home/agilex/agilex_ws/install/limo_base/share/limo_base/environment/path.sh
[0.183s] -- Up-to-date: /home/agilex/agilex_ws/install/limo_base/share/limo_base/environment/path.dsv
[0.186s] -- Up-to-date: /home/agilex/agilex_ws/install/limo_base/share/limo_base/local_setup.bash
[0.187s] -- Up-to-date: /home/agilex/agilex_ws/install/limo_base/share/limo_base/local_setup.sh
[0.187s] -- Up-to-date: /home/agilex/agilex_ws/install/limo_base/share/limo_base/local_setup.zsh
[0.187s] -- Up-to-date: /home/agilex/agilex_ws/install/limo_base/share/limo_base/local_setup.dsv
[0.188s] -- Installing: /home/agilex/agilex_ws/install/limo_base/share/limo_base/package.dsv
[0.191s] -- Up-to-date: /home/agilex/agilex_ws/install/limo_base/share/ament_index/resource_index/packages/limo_base
[0.191s] -- Up-to-date: /home/agilex/agilex_ws/install/limo_base/share/limo_base/cmake/ament_cmake_export_include_directories-extras.cmake
[0.191s] -- Up-to-date: /home/agilex/agilex_ws/install/limo_base/share/limo_base/cmake/limo_baseConfig.cmake
[0.191s] -- Up-to-date: /home/agilex/agilex_ws/install/limo_base/share/limo_base/cmake/limo_baseConfig-version.cmake
[0.191s] -- Up-to-date: /home/agilex/agilex_ws/install/limo_base/share/limo_base/package.xml
[0.199s] Invoked command in '/home/agilex/agilex_ws/build/limo_base' returned '0': AMENT_PREFIX_PATH=/home/agilex/agilex_ws/install/limo_msgs:${AMENT_PREFIX_PATH} CMAKE_PREFIX_PATH=/home/agilex/agilex_ws/install/limo_msgs:/opt/ros/humble LD_LIBRARY_PATH=/home/agilex/agilex_ws/install/limo_msgs/lib:${LD_LIBRARY_PATH} PYTHONPATH=/home/agilex/agilex_ws/install/limo_msgs/local/lib/python3.10/dist-packages:${PYTHONPATH} /usr/bin/cmake --install /home/agilex/agilex_ws/build/limo_base
