[0.509s] Invoking command in '/home/agilex/agilex_ws/build/rf2o_laser_odometry': CMAKE_PREFIX_PATH=${CMAKE_PREFIX_PATH}:/home/agilex/agilex_ws/install/yolov5_ros2:/home/agilex/agilex_ws/install/nav2_simple_commander:/opt/ros/humble /usr/bin/cmake --build /home/agilex/agilex_ws/build/rf2o_laser_odometry -- -j16 -l16
[0.595s] [ 60%] Built target rf2o_laser_odometry_node
[0.606s] [100%] Built target rf2o_laser_odometry
[1.138s] Invoked command in '/home/agilex/agilex_ws/build/rf2o_laser_odometry' returned '0': CMAKE_PREFIX_PATH=${CMAKE_PREFIX_PATH}:/home/agilex/agilex_ws/install/yolov5_ros2:/home/agilex/agilex_ws/install/nav2_simple_commander:/opt/ros/humble /usr/bin/cmake --build /home/agilex/agilex_ws/build/rf2o_laser_odometry -- -j16 -l16
[1.782s] Invoking command in '/home/agilex/agilex_ws/build/rf2o_laser_odometry': CMAKE_PREFIX_PATH=${CMAKE_PREFIX_PATH}:/home/agilex/agilex_ws/install/yolov5_ros2:/home/agilex/agilex_ws/install/nav2_simple_commander:/opt/ros/humble /usr/bin/cmake --install /home/agilex/agilex_ws/build/rf2o_laser_odometry
[2.049s] -- Install configuration: ""
[2.049s] -- Up-to-date: /home/agilex/agilex_ws/install/rf2o_laser_odometry/lib/rf2o_laser_odometry/rf2o_laser_odometry_node
[2.050s] -- Up-to-date: /home/agilex/agilex_ws/install/rf2o_laser_odometry/share/rf2o_laser_odometry/launch
[2.050s] -- Up-to-date: /home/agilex/agilex_ws/install/rf2o_laser_odometry/share/rf2o_laser_odometry/launch/rf2o_laser_odometry.launch.py
[2.050s] -- Up-to-date: /home/agilex/agilex_ws/install/rf2o_laser_odometry/share/ament_index/resource_index/package_run_dependencies/rf2o_laser_odometry
[2.050s] -- Up-to-date: /home/agilex/agilex_ws/install/rf2o_laser_odometry/share/ament_index/resource_index/parent_prefix_path/rf2o_laser_odometry
[2.050s] -- Up-to-date: /home/agilex/agilex_ws/install/rf2o_laser_odometry/share/rf2o_laser_odometry/environment/ament_prefix_path.sh
[2.050s] -- Up-to-date: /home/agilex/agilex_ws/install/rf2o_laser_odometry/share/rf2o_laser_odometry/environment/ament_prefix_path.dsv
[2.050s] -- Up-to-date: /home/agilex/agilex_ws/install/rf2o_laser_odometry/share/rf2o_laser_odometry/environment/path.sh
[2.050s] -- Up-to-date: /home/agilex/agilex_ws/install/rf2o_laser_odometry/share/rf2o_laser_odometry/environment/path.dsv
[2.050s] -- Up-to-date: /home/agilex/agilex_ws/install/rf2o_laser_odometry/share/rf2o_laser_odometry/local_setup.bash
[2.050s] -- Up-to-date: /home/agilex/agilex_ws/install/rf2o_laser_odometry/share/rf2o_laser_odometry/local_setup.sh
[2.050s] -- Up-to-date: /home/agilex/agilex_ws/install/rf2o_laser_odometry/share/rf2o_laser_odometry/local_setup.zsh
[2.050s] -- Up-to-date: /home/agilex/agilex_ws/install/rf2o_laser_odometry/share/rf2o_laser_odometry/local_setup.dsv
[2.050s] -- Installing: /home/agilex/agilex_ws/install/rf2o_laser_odometry/share/rf2o_laser_odometry/package.dsv
[2.050s] -- Up-to-date: /home/agilex/agilex_ws/install/rf2o_laser_odometry/share/ament_index/resource_index/packages/rf2o_laser_odometry
[2.050s] -- Up-to-date: /home/agilex/agilex_ws/install/rf2o_laser_odometry/share/rf2o_laser_odometry/cmake/rf2o_laser_odometryConfig.cmake
[2.051s] -- Up-to-date: /home/agilex/agilex_ws/install/rf2o_laser_odometry/share/rf2o_laser_odometry/cmake/rf2o_laser_odometryConfig-version.cmake
[2.051s] -- Up-to-date: /home/agilex/agilex_ws/install/rf2o_laser_odometry/share/rf2o_laser_odometry/package.xml
[2.162s] Invoked command in '/home/agilex/agilex_ws/build/rf2o_laser_odometry' returned '0': CMAKE_PREFIX_PATH=${CMAKE_PREFIX_PATH}:/home/agilex/agilex_ws/install/yolov5_ros2:/home/agilex/agilex_ws/install/nav2_simple_commander:/opt/ros/humble /usr/bin/cmake --install /home/agilex/agilex_ws/build/rf2o_laser_odometry
