[ 14%] [34m[1mAutomatic MOC for target nav2_rviz_plugins[0m
[ 14%] Built target nav2_rviz_plugins_autogen
[ 28%] [32mBuilding CXX object CMakeFiles/nav2_rviz_plugins.dir/nav2_rviz_plugins_autogen/mocs_compilation.cpp.o[0m
[ 42%] [32mBuilding CXX object CMakeFiles/nav2_rviz_plugins.dir/src/particle_cloud_display/particle_cloud_display.cpp.o[0m
[ 57%] [32mBuilding CXX object CMakeFiles/nav2_rviz_plugins.dir/src/particle_cloud_display/flat_weighted_arrows_array.cpp.o[0m
[ 71%] [32mBuilding CXX object CMakeFiles/nav2_rviz_plugins.dir/src/nav2_panel.cpp.o[0m
[ 85%] [32mBuilding CXX object CMakeFiles/nav2_rviz_plugins.dir/src/goal_tool.cpp.o[0m
[100%] [32m[1mLinking CXX shared library libnav2_rviz_plugins.so[0m
[100%] Built target nav2_rviz_plugins
-- Install configuration: ""
-- Up-to-date: /home/agilex/agilex_ws/install/nav2_rviz_plugins/share/nav2_rviz_plugins/plugins_description.xml
-- Installing: /home/agilex/agilex_ws/install/nav2_rviz_plugins/lib/libnav2_rviz_plugins.so
-- Set runtime path of "/home/agilex/agilex_ws/install/nav2_rviz_plugins/lib/libnav2_rviz_plugins.so" to ""
-- Up-to-date: /home/agilex/agilex_ws/install/nav2_rviz_plugins/include/
-- Up-to-date: /home/agilex/agilex_ws/install/nav2_rviz_plugins/include//nav2_rviz_plugins
-- Up-to-date: /home/agilex/agilex_ws/install/nav2_rviz_plugins/include//nav2_rviz_plugins/particle_cloud_display
-- Up-to-date: /home/agilex/agilex_ws/install/nav2_rviz_plugins/include//nav2_rviz_plugins/particle_cloud_display/flat_weighted_arrows_array.hpp
-- Up-to-date: /home/agilex/agilex_ws/install/nav2_rviz_plugins/include//nav2_rviz_plugins/particle_cloud_display/particle_cloud_display.hpp
-- Up-to-date: /home/agilex/agilex_ws/install/nav2_rviz_plugins/include//nav2_rviz_plugins/nav2_panel.hpp
-- Up-to-date: /home/agilex/agilex_ws/install/nav2_rviz_plugins/include//nav2_rviz_plugins/goal_pose_updater.hpp
-- Up-to-date: /home/agilex/agilex_ws/install/nav2_rviz_plugins/include//nav2_rviz_plugins/goal_tool.hpp
-- Up-to-date: /home/agilex/agilex_ws/install/nav2_rviz_plugins/include//nav2_rviz_plugins/goal_common.hpp
-- Up-to-date: /home/agilex/agilex_ws/install/nav2_rviz_plugins/include//nav2_rviz_plugins/ros_action_qevent.hpp
-- Up-to-date: /home/agilex/agilex_ws/install/nav2_rviz_plugins/share/nav2_rviz_plugins/environment/library_path.sh
-- Up-to-date: /home/agilex/agilex_ws/install/nav2_rviz_plugins/share/nav2_rviz_plugins/environment/library_path.dsv
-- Up-to-date: /home/agilex/agilex_ws/install/nav2_rviz_plugins/share/ament_index/resource_index/package_run_dependencies/nav2_rviz_plugins
-- Up-to-date: /home/agilex/agilex_ws/install/nav2_rviz_plugins/share/ament_index/resource_index/parent_prefix_path/nav2_rviz_plugins
-- Up-to-date: /home/agilex/agilex_ws/install/nav2_rviz_plugins/share/nav2_rviz_plugins/environment/ament_prefix_path.sh
-- Up-to-date: /home/agilex/agilex_ws/install/nav2_rviz_plugins/share/nav2_rviz_plugins/environment/ament_prefix_path.dsv
-- Up-to-date: /home/agilex/agilex_ws/install/nav2_rviz_plugins/share/nav2_rviz_plugins/environment/path.sh
-- Up-to-date: /home/agilex/agilex_ws/install/nav2_rviz_plugins/share/nav2_rviz_plugins/environment/path.dsv
-- Up-to-date: /home/agilex/agilex_ws/install/nav2_rviz_plugins/share/nav2_rviz_plugins/local_setup.bash
-- Up-to-date: /home/agilex/agilex_ws/install/nav2_rviz_plugins/share/nav2_rviz_plugins/local_setup.sh
-- Up-to-date: /home/agilex/agilex_ws/install/nav2_rviz_plugins/share/nav2_rviz_plugins/local_setup.zsh
-- Up-to-date: /home/agilex/agilex_ws/install/nav2_rviz_plugins/share/nav2_rviz_plugins/local_setup.dsv
-- Installing: /home/agilex/agilex_ws/install/nav2_rviz_plugins/share/nav2_rviz_plugins/package.dsv
-- Up-to-date: /home/agilex/agilex_ws/install/nav2_rviz_plugins/share/ament_index/resource_index/packages/nav2_rviz_plugins
-- Up-to-date: /home/agilex/agilex_ws/install/nav2_rviz_plugins/share/ament_index/resource_index/rviz_common__pluginlib__plugin/nav2_rviz_plugins
-- Up-to-date: /home/agilex/agilex_ws/install/nav2_rviz_plugins/share/nav2_rviz_plugins/cmake/nav2_rviz_pluginsExport.cmake
-- Up-to-date: /home/agilex/agilex_ws/install/nav2_rviz_plugins/share/nav2_rviz_plugins/cmake/nav2_rviz_pluginsExport-noconfig.cmake
-- Up-to-date: /home/agilex/agilex_ws/install/nav2_rviz_plugins/share/nav2_rviz_plugins/cmake/ament_cmake_export_include_directories-extras.cmake
-- Up-to-date: /home/agilex/agilex_ws/install/nav2_rviz_plugins/share/nav2_rviz_plugins/cmake/ament_cmake_export_targets-extras.cmake
-- Up-to-date: /home/agilex/agilex_ws/install/nav2_rviz_plugins/share/nav2_rviz_plugins/cmake/ament_cmake_export_dependencies-extras.cmake
-- Up-to-date: /home/agilex/agilex_ws/install/nav2_rviz_plugins/share/nav2_rviz_plugins/cmake/nav2_rviz_pluginsConfig.cmake
-- Up-to-date: /home/agilex/agilex_ws/install/nav2_rviz_plugins/share/nav2_rviz_plugins/cmake/nav2_rviz_pluginsConfig-version.cmake
-- Up-to-date: /home/agilex/agilex_ws/install/nav2_rviz_plugins/share/nav2_rviz_plugins/package.xml
