[0.125s] Invoking command in '/home/agilex/agilex_ws/build/nav2_rviz_plugins': AMENT_PREFIX_PATH=/home/agilex/agilex_ws/install/nav2_lifecycle_manager:/home/agilex/agilex_ws/install/nav2_util:/home/agilex/agilex_ws/install/nav2_msgs:/home/agilex/agilex_ws/install/nav2_common CMAKE_PREFIX_PATH=/home/agilex/agilex_ws/install/nav2_lifecycle_manager:/home/agilex/agilex_ws/install/nav2_util:/home/agilex/agilex_ws/install/nav2_msgs:/home/agilex/agilex_ws/install/nav2_common LD_LIBRARY_PATH=/home/agilex/agilex_ws/install/nav2_lifecycle_manager/lib:/home/agilex/agilex_ws/install/nav2_util/lib:/home/agilex/agilex_ws/install/nav2_msgs/lib PYTHONPATH=/home/agilex/agilex_ws/install/nav2_msgs/local/lib/python3.10/dist-packages:/home/agilex/agilex_ws/install/nav2_common/local/lib/python3.10/dist-packages /usr/bin/cmake --build /home/agilex/agilex_ws/build/nav2_rviz_plugins -- -j16 -l16
[0.360s] [ 14%] [34m[1mAutomatic MOC for target nav2_rviz_plugins[0m
[4.010s] [ 14%] Built target nav2_rviz_plugins_autogen
[4.637s] [ 28%] [32mBuilding CXX object CMakeFiles/nav2_rviz_plugins.dir/nav2_rviz_plugins_autogen/mocs_compilation.cpp.o[0m
[54.198s] [ 42%] [32mBuilding CXX object CMakeFiles/nav2_rviz_plugins.dir/src/particle_cloud_display/particle_cloud_display.cpp.o[0m
[54.199s] [ 57%] [32mBuilding CXX object CMakeFiles/nav2_rviz_plugins.dir/src/particle_cloud_display/flat_weighted_arrows_array.cpp.o[0m
[54.209s] [ 71%] [32mBuilding CXX object CMakeFiles/nav2_rviz_plugins.dir/src/nav2_panel.cpp.o[0m
[89.747s] [ 85%] [32mBuilding CXX object CMakeFiles/nav2_rviz_plugins.dir/src/goal_tool.cpp.o[0m
[93.407s] [100%] [32m[1mLinking CXX shared library libnav2_rviz_plugins.so[0m
[102.106s] [100%] Built target nav2_rviz_plugins
[102.166s] Invoked command in '/home/agilex/agilex_ws/build/nav2_rviz_plugins' returned '0': AMENT_PREFIX_PATH=/home/agilex/agilex_ws/install/nav2_lifecycle_manager:/home/agilex/agilex_ws/install/nav2_util:/home/agilex/agilex_ws/install/nav2_msgs:/home/agilex/agilex_ws/install/nav2_common CMAKE_PREFIX_PATH=/home/agilex/agilex_ws/install/nav2_lifecycle_manager:/home/agilex/agilex_ws/install/nav2_util:/home/agilex/agilex_ws/install/nav2_msgs:/home/agilex/agilex_ws/install/nav2_common LD_LIBRARY_PATH=/home/agilex/agilex_ws/install/nav2_lifecycle_manager/lib:/home/agilex/agilex_ws/install/nav2_util/lib:/home/agilex/agilex_ws/install/nav2_msgs/lib PYTHONPATH=/home/agilex/agilex_ws/install/nav2_msgs/local/lib/python3.10/dist-packages:/home/agilex/agilex_ws/install/nav2_common/local/lib/python3.10/dist-packages /usr/bin/cmake --build /home/agilex/agilex_ws/build/nav2_rviz_plugins -- -j16 -l16
[102.233s] Invoking command in '/home/agilex/agilex_ws/build/nav2_rviz_plugins': AMENT_PREFIX_PATH=/home/agilex/agilex_ws/install/nav2_lifecycle_manager:/home/agilex/agilex_ws/install/nav2_util:/home/agilex/agilex_ws/install/nav2_msgs:/home/agilex/agilex_ws/install/nav2_common CMAKE_PREFIX_PATH=/home/agilex/agilex_ws/install/nav2_lifecycle_manager:/home/agilex/agilex_ws/install/nav2_util:/home/agilex/agilex_ws/install/nav2_msgs:/home/agilex/agilex_ws/install/nav2_common LD_LIBRARY_PATH=/home/agilex/agilex_ws/install/nav2_lifecycle_manager/lib:/home/agilex/agilex_ws/install/nav2_util/lib:/home/agilex/agilex_ws/install/nav2_msgs/lib PYTHONPATH=/home/agilex/agilex_ws/install/nav2_msgs/local/lib/python3.10/dist-packages:/home/agilex/agilex_ws/install/nav2_common/local/lib/python3.10/dist-packages /usr/bin/cmake --install /home/agilex/agilex_ws/build/nav2_rviz_plugins
[102.243s] -- Install configuration: ""
[102.246s] -- Up-to-date: /home/agilex/agilex_ws/install/nav2_rviz_plugins/share/nav2_rviz_plugins/plugins_description.xml
[102.247s] -- Installing: /home/agilex/agilex_ws/install/nav2_rviz_plugins/lib/libnav2_rviz_plugins.so
[102.271s] -- Set runtime path of "/home/agilex/agilex_ws/install/nav2_rviz_plugins/lib/libnav2_rviz_plugins.so" to ""
[102.271s] -- Up-to-date: /home/agilex/agilex_ws/install/nav2_rviz_plugins/include/
[102.272s] -- Up-to-date: /home/agilex/agilex_ws/install/nav2_rviz_plugins/include//nav2_rviz_plugins
[102.272s] -- Up-to-date: /home/agilex/agilex_ws/install/nav2_rviz_plugins/include//nav2_rviz_plugins/particle_cloud_display
[102.273s] -- Up-to-date: /home/agilex/agilex_ws/install/nav2_rviz_plugins/include//nav2_rviz_plugins/particle_cloud_display/flat_weighted_arrows_array.hpp
[102.273s] -- Up-to-date: /home/agilex/agilex_ws/install/nav2_rviz_plugins/include//nav2_rviz_plugins/particle_cloud_display/particle_cloud_display.hpp
[102.273s] -- Up-to-date: /home/agilex/agilex_ws/install/nav2_rviz_plugins/include//nav2_rviz_plugins/nav2_panel.hpp
[102.273s] -- Up-to-date: /home/agilex/agilex_ws/install/nav2_rviz_plugins/include//nav2_rviz_plugins/goal_pose_updater.hpp
[102.273s] -- Up-to-date: /home/agilex/agilex_ws/install/nav2_rviz_plugins/include//nav2_rviz_plugins/goal_tool.hpp
[102.273s] -- Up-to-date: /home/agilex/agilex_ws/install/nav2_rviz_plugins/include//nav2_rviz_plugins/goal_common.hpp
[102.273s] -- Up-to-date: /home/agilex/agilex_ws/install/nav2_rviz_plugins/include//nav2_rviz_plugins/ros_action_qevent.hpp
[102.275s] -- Up-to-date: /home/agilex/agilex_ws/install/nav2_rviz_plugins/share/nav2_rviz_plugins/environment/library_path.sh
[102.275s] -- Up-to-date: /home/agilex/agilex_ws/install/nav2_rviz_plugins/share/nav2_rviz_plugins/environment/library_path.dsv
[102.276s] -- Up-to-date: /home/agilex/agilex_ws/install/nav2_rviz_plugins/share/ament_index/resource_index/package_run_dependencies/nav2_rviz_plugins
[102.276s] -- Up-to-date: /home/agilex/agilex_ws/install/nav2_rviz_plugins/share/ament_index/resource_index/parent_prefix_path/nav2_rviz_plugins
[102.278s] -- Up-to-date: /home/agilex/agilex_ws/install/nav2_rviz_plugins/share/nav2_rviz_plugins/environment/ament_prefix_path.sh
[102.278s] -- Up-to-date: /home/agilex/agilex_ws/install/nav2_rviz_plugins/share/nav2_rviz_plugins/environment/ament_prefix_path.dsv
[102.278s] -- Up-to-date: /home/agilex/agilex_ws/install/nav2_rviz_plugins/share/nav2_rviz_plugins/environment/path.sh
[102.278s] -- Up-to-date: /home/agilex/agilex_ws/install/nav2_rviz_plugins/share/nav2_rviz_plugins/environment/path.dsv
[102.278s] -- Up-to-date: /home/agilex/agilex_ws/install/nav2_rviz_plugins/share/nav2_rviz_plugins/local_setup.bash
[102.278s] -- Up-to-date: /home/agilex/agilex_ws/install/nav2_rviz_plugins/share/nav2_rviz_plugins/local_setup.sh
[102.279s] -- Up-to-date: /home/agilex/agilex_ws/install/nav2_rviz_plugins/share/nav2_rviz_plugins/local_setup.zsh
[102.279s] -- Up-to-date: /home/agilex/agilex_ws/install/nav2_rviz_plugins/share/nav2_rviz_plugins/local_setup.dsv
[102.279s] -- Installing: /home/agilex/agilex_ws/install/nav2_rviz_plugins/share/nav2_rviz_plugins/package.dsv
[102.279s] -- Up-to-date: /home/agilex/agilex_ws/install/nav2_rviz_plugins/share/ament_index/resource_index/packages/nav2_rviz_plugins
[102.279s] -- Up-to-date: /home/agilex/agilex_ws/install/nav2_rviz_plugins/share/ament_index/resource_index/rviz_common__pluginlib__plugin/nav2_rviz_plugins
[102.280s] -- Up-to-date: /home/agilex/agilex_ws/install/nav2_rviz_plugins/share/nav2_rviz_plugins/cmake/nav2_rviz_pluginsExport.cmake
[102.280s] -- Up-to-date: /home/agilex/agilex_ws/install/nav2_rviz_plugins/share/nav2_rviz_plugins/cmake/nav2_rviz_pluginsExport-noconfig.cmake
[102.280s] -- Up-to-date: /home/agilex/agilex_ws/install/nav2_rviz_plugins/share/nav2_rviz_plugins/cmake/ament_cmake_export_include_directories-extras.cmake
[102.281s] -- Up-to-date: /home/agilex/agilex_ws/install/nav2_rviz_plugins/share/nav2_rviz_plugins/cmake/ament_cmake_export_targets-extras.cmake
[102.281s] -- Up-to-date: /home/agilex/agilex_ws/install/nav2_rviz_plugins/share/nav2_rviz_plugins/cmake/ament_cmake_export_dependencies-extras.cmake
[102.281s] -- Up-to-date: /home/agilex/agilex_ws/install/nav2_rviz_plugins/share/nav2_rviz_plugins/cmake/nav2_rviz_pluginsConfig.cmake
[102.281s] -- Up-to-date: /home/agilex/agilex_ws/install/nav2_rviz_plugins/share/nav2_rviz_plugins/cmake/nav2_rviz_pluginsConfig-version.cmake
[102.281s] -- Up-to-date: /home/agilex/agilex_ws/install/nav2_rviz_plugins/share/nav2_rviz_plugins/package.xml
[102.294s] Invoked command in '/home/agilex/agilex_ws/build/nav2_rviz_plugins' returned '0': AMENT_PREFIX_PATH=/home/agilex/agilex_ws/install/nav2_lifecycle_manager:/home/agilex/agilex_ws/install/nav2_util:/home/agilex/agilex_ws/install/nav2_msgs:/home/agilex/agilex_ws/install/nav2_common CMAKE_PREFIX_PATH=/home/agilex/agilex_ws/install/nav2_lifecycle_manager:/home/agilex/agilex_ws/install/nav2_util:/home/agilex/agilex_ws/install/nav2_msgs:/home/agilex/agilex_ws/install/nav2_common LD_LIBRARY_PATH=/home/agilex/agilex_ws/install/nav2_lifecycle_manager/lib:/home/agilex/agilex_ws/install/nav2_util/lib:/home/agilex/agilex_ws/install/nav2_msgs/lib PYTHONPATH=/home/agilex/agilex_ws/install/nav2_msgs/local/lib/python3.10/dist-packages:/home/agilex/agilex_ws/install/nav2_common/local/lib/python3.10/dist-packages /usr/bin/cmake --install /home/agilex/agilex_ws/build/nav2_rviz_plugins
