[0.063s] Invoking command in '/home/agilex/agilex_ws/build/limo_visions': CMAKE_PREFIX_PATH=/opt/ros/humble /usr/bin/cmake --build /home/agilex/agilex_ws/build/limo_visions -- -j8 -l8
[0.105s] [35m[1mConsolidate compiler generated dependencies of target object_detect[0m
[0.106s] [35m[1mConsolidate compiler generated dependencies of target detect_line[0m
[0.106s] [35m[1mConsolidate compiler generated dependencies of target traffic_light[0m
[0.114s] [35m[1mConsolidate compiler generated dependencies of target move_to_ar[0m
[0.128s] [ 25%] Built target traffic_light
[0.130s] [ 50%] Built target object_detect
[0.131s] [ 75%] Built target move_to_ar
[0.134s] [100%] Built target detect_line
[0.153s] Invoked command in '/home/agilex/agilex_ws/build/limo_visions' returned '0': CMAKE_PREFIX_PATH=/opt/ros/humble /usr/bin/cmake --build /home/agilex/agilex_ws/build/limo_visions -- -j8 -l8
[0.236s] Invoking command in '/home/agilex/agilex_ws/build/limo_visions': CMAKE_PREFIX_PATH=/opt/ros/humble /usr/bin/cmake --install /home/agilex/agilex_ws/build/limo_visions
[0.242s] -- Install configuration: ""
[0.244s] -- Up-to-date: /home/agilex/agilex_ws/install/limo_visions/lib/limo_visions/move_to_ar
[0.249s] -- Up-to-date: /home/agilex/agilex_ws/install/limo_visions/lib/limo_visions/object_detect
[0.250s] -- Up-to-date: /home/agilex/agilex_ws/install/limo_visions/lib/limo_visions/detect_line
[0.250s] -- Up-to-date: /home/agilex/agilex_ws/install/limo_visions/lib/limo_visions/traffic_light
[0.250s] -- Up-to-date: /home/agilex/agilex_ws/install/limo_visions/share/ament_index/resource_index/package_run_dependencies/limo_visions
[0.250s] -- Up-to-date: /home/agilex/agilex_ws/install/limo_visions/share/ament_index/resource_index/parent_prefix_path/limo_visions
[0.250s] -- Up-to-date: /home/agilex/agilex_ws/install/limo_visions/share/limo_visions/environment/ament_prefix_path.sh
[0.251s] -- Up-to-date: /home/agilex/agilex_ws/install/limo_visions/share/limo_visions/environment/ament_prefix_path.dsv
[0.251s] -- Up-to-date: /home/agilex/agilex_ws/install/limo_visions/share/limo_visions/environment/path.sh
[0.251s] -- Up-to-date: /home/agilex/agilex_ws/install/limo_visions/share/limo_visions/environment/path.dsv
[0.251s] -- Up-to-date: /home/agilex/agilex_ws/install/limo_visions/share/limo_visions/local_setup.bash
[0.251s] -- Up-to-date: /home/agilex/agilex_ws/install/limo_visions/share/limo_visions/local_setup.sh
[0.253s] -- Up-to-date: /home/agilex/agilex_ws/install/limo_visions/share/limo_visions/local_setup.zsh
[0.253s] -- Up-to-date: /home/agilex/agilex_ws/install/limo_visions/share/limo_visions/local_setup.dsv
[0.253s] -- Installing: /home/agilex/agilex_ws/install/limo_visions/share/limo_visions/package.dsv
[0.254s] -- Up-to-date: /home/agilex/agilex_ws/install/limo_visions/share/ament_index/resource_index/packages/limo_visions
[0.254s] -- Up-to-date: /home/agilex/agilex_ws/install/limo_visions/share/limo_visions/cmake/ament_cmake_export_include_directories-extras.cmake
[0.254s] -- Up-to-date: /home/agilex/agilex_ws/install/limo_visions/share/limo_visions/cmake/ament_cmake_export_dependencies-extras.cmake
[0.255s] -- Up-to-date: /home/agilex/agilex_ws/install/limo_visions/share/limo_visions/cmake/limo_visionsConfig.cmake
[0.258s] -- Up-to-date: /home/agilex/agilex_ws/install/limo_visions/share/limo_visions/cmake/limo_visionsConfig-version.cmake
[0.258s] -- Up-to-date: /home/agilex/agilex_ws/install/limo_visions/share/limo_visions/package.xml
[0.271s] Invoked command in '/home/agilex/agilex_ws/build/limo_visions' returned '0': CMAKE_PREFIX_PATH=/opt/ros/humble /usr/bin/cmake --install /home/agilex/agilex_ws/build/limo_visions
