[0.111s] Invoking command in '/home/agilex/agilex_ws/build/nav2_bt_navigator': AMENT_PREFIX_PATH=/home/agilex/agilex_ws/install/nav2_core:/home/agilex/agilex_ws/install/nav2_costmap_2d:/home/agilex/agilex_ws/install/nav2_behavior_tree:/home/agilex/agilex_ws/install/nav2_util:/home/agilex/agilex_ws/install/nav2_voxel_grid:/home/agilex/agilex_ws/install/nav2_msgs:/home/agilex/agilex_ws/install/nav2_common CMAKE_PREFIX_PATH=/home/agilex/agilex_ws/install/nav2_core:/home/agilex/agilex_ws/install/nav2_costmap_2d:/home/agilex/agilex_ws/install/nav2_behavior_tree:/home/agilex/agilex_ws/install/nav2_util:/home/agilex/agilex_ws/install/nav2_voxel_grid:/home/agilex/agilex_ws/install/nav2_msgs:/home/agilex/agilex_ws/install/nav2_common LD_LIBRARY_PATH=/home/agilex/agilex_ws/install/nav2_costmap_2d/lib:/home/agilex/agilex_ws/install/nav2_behavior_tree/lib:/home/agilex/agilex_ws/install/nav2_util/lib:/home/agilex/agilex_ws/install/nav2_voxel_grid/lib:/home/agilex/agilex_ws/install/nav2_msgs/lib PYTHONPATH=/home/agilex/agilex_ws/install/nav2_msgs/local/lib/python3.10/dist-packages:/home/agilex/agilex_ws/install/nav2_common/local/lib/python3.10/dist-packages /usr/bin/cmake --build /home/agilex/agilex_ws/build/nav2_bt_navigator -- -j16 -l16
[0.237s] [ 16%] [32mBuilding CXX object CMakeFiles/bt_navigator_core.dir/src/bt_navigator.cpp.o[0m
[20.969s] [ 33%] [32mBuilding CXX object CMakeFiles/bt_navigator_core.dir/src/navigators/navigate_through_poses.cpp.o[0m
[28.410s] [ 50%] [32mBuilding CXX object CMakeFiles/bt_navigator_core.dir/src/navigators/navigate_to_pose.cpp.o[0m
[50.138s] [ 66%] [32m[1mLinking CXX shared library libbt_navigator_core.so[0m
[51.070s] [ 66%] Built target bt_navigator_core
[51.154s] [ 83%] [32mBuilding CXX object CMakeFiles/bt_navigator.dir/src/main.cpp.o[0m
[61.590s] [100%] [32m[1mLinking CXX executable bt_navigator[0m
[62.312s] [100%] Built target bt_navigator
[62.395s] Invoked command in '/home/agilex/agilex_ws/build/nav2_bt_navigator' returned '0': AMENT_PREFIX_PATH=/home/agilex/agilex_ws/install/nav2_core:/home/agilex/agilex_ws/install/nav2_costmap_2d:/home/agilex/agilex_ws/install/nav2_behavior_tree:/home/agilex/agilex_ws/install/nav2_util:/home/agilex/agilex_ws/install/nav2_voxel_grid:/home/agilex/agilex_ws/install/nav2_msgs:/home/agilex/agilex_ws/install/nav2_common CMAKE_PREFIX_PATH=/home/agilex/agilex_ws/install/nav2_core:/home/agilex/agilex_ws/install/nav2_costmap_2d:/home/agilex/agilex_ws/install/nav2_behavior_tree:/home/agilex/agilex_ws/install/nav2_util:/home/agilex/agilex_ws/install/nav2_voxel_grid:/home/agilex/agilex_ws/install/nav2_msgs:/home/agilex/agilex_ws/install/nav2_common LD_LIBRARY_PATH=/home/agilex/agilex_ws/install/nav2_costmap_2d/lib:/home/agilex/agilex_ws/install/nav2_behavior_tree/lib:/home/agilex/agilex_ws/install/nav2_util/lib:/home/agilex/agilex_ws/install/nav2_voxel_grid/lib:/home/agilex/agilex_ws/install/nav2_msgs/lib PYTHONPATH=/home/agilex/agilex_ws/install/nav2_msgs/local/lib/python3.10/dist-packages:/home/agilex/agilex_ws/install/nav2_common/local/lib/python3.10/dist-packages /usr/bin/cmake --build /home/agilex/agilex_ws/build/nav2_bt_navigator -- -j16 -l16
[62.519s] Invoking command in '/home/agilex/agilex_ws/build/nav2_bt_navigator': AMENT_PREFIX_PATH=/home/agilex/agilex_ws/install/nav2_core:/home/agilex/agilex_ws/install/nav2_costmap_2d:/home/agilex/agilex_ws/install/nav2_behavior_tree:/home/agilex/agilex_ws/install/nav2_util:/home/agilex/agilex_ws/install/nav2_voxel_grid:/home/agilex/agilex_ws/install/nav2_msgs:/home/agilex/agilex_ws/install/nav2_common CMAKE_PREFIX_PATH=/home/agilex/agilex_ws/install/nav2_core:/home/agilex/agilex_ws/install/nav2_costmap_2d:/home/agilex/agilex_ws/install/nav2_behavior_tree:/home/agilex/agilex_ws/install/nav2_util:/home/agilex/agilex_ws/install/nav2_voxel_grid:/home/agilex/agilex_ws/install/nav2_msgs:/home/agilex/agilex_ws/install/nav2_common LD_LIBRARY_PATH=/home/agilex/agilex_ws/install/nav2_costmap_2d/lib:/home/agilex/agilex_ws/install/nav2_behavior_tree/lib:/home/agilex/agilex_ws/install/nav2_util/lib:/home/agilex/agilex_ws/install/nav2_voxel_grid/lib:/home/agilex/agilex_ws/install/nav2_msgs/lib PYTHONPATH=/home/agilex/agilex_ws/install/nav2_msgs/local/lib/python3.10/dist-packages:/home/agilex/agilex_ws/install/nav2_common/local/lib/python3.10/dist-packages /usr/bin/cmake --install /home/agilex/agilex_ws/build/nav2_bt_navigator
[62.537s] -- Install configuration: "Release"
[62.540s] -- Installing: /home/agilex/agilex_ws/install/nav2_bt_navigator/lib/libbt_navigator_core.so
[62.543s] -- Set runtime path of "/home/agilex/agilex_ws/install/nav2_bt_navigator/lib/libbt_navigator_core.so" to ""
[62.549s] -- Installing: /home/agilex/agilex_ws/install/nav2_bt_navigator/lib/nav2_bt_navigator/bt_navigator
[62.550s] -- Set runtime path of "/home/agilex/agilex_ws/install/nav2_bt_navigator/lib/nav2_bt_navigator/bt_navigator" to ""
[62.550s] -- Up-to-date: /home/agilex/agilex_ws/install/nav2_bt_navigator/include/
[62.553s] -- Up-to-date: /home/agilex/agilex_ws/install/nav2_bt_navigator/include//nav2_bt_navigator
[62.553s] -- Up-to-date: /home/agilex/agilex_ws/install/nav2_bt_navigator/include//nav2_bt_navigator/bt_navigator.hpp
[62.553s] -- Up-to-date: /home/agilex/agilex_ws/install/nav2_bt_navigator/include//nav2_bt_navigator/navigators
[62.553s] -- Up-to-date: /home/agilex/agilex_ws/install/nav2_bt_navigator/include//nav2_bt_navigator/navigators/navigate_to_pose.hpp
[62.553s] -- Up-to-date: /home/agilex/agilex_ws/install/nav2_bt_navigator/include//nav2_bt_navigator/navigators/navigate_through_poses.hpp
[62.554s] -- Up-to-date: /home/agilex/agilex_ws/install/nav2_bt_navigator/include//nav2_bt_navigator/navigator.hpp
[62.554s] -- Up-to-date: /home/agilex/agilex_ws/install/nav2_bt_navigator/share/nav2_bt_navigator/behavior_trees
[62.554s] -- Up-to-date: /home/agilex/agilex_ws/install/nav2_bt_navigator/share/nav2_bt_navigator/behavior_trees/navigate_w_replanning_time.xml
[62.554s] -- Up-to-date: /home/agilex/agilex_ws/install/nav2_bt_navigator/share/nav2_bt_navigator/behavior_trees/nav_to_pose_with_consistent_replanning_and_if_path_becomes_invalid.xml
[62.554s] -- Up-to-date: /home/agilex/agilex_ws/install/nav2_bt_navigator/share/nav2_bt_navigator/behavior_trees/navigate_w_replanning_only_if_path_becomes_invalid.xml
[62.554s] -- Up-to-date: /home/agilex/agilex_ws/install/nav2_bt_navigator/share/nav2_bt_navigator/behavior_trees/navigate_to_pose_w_replanning_and_recovery.xml
[62.554s] -- Up-to-date: /home/agilex/agilex_ws/install/nav2_bt_navigator/share/nav2_bt_navigator/behavior_trees/navigate_to_pose_w_replanning_goal_patience_and_recovery.xml
[62.554s] -- Up-to-date: /home/agilex/agilex_ws/install/nav2_bt_navigator/share/nav2_bt_navigator/behavior_trees/navigate_w_replanning_distance.xml
[62.554s] -- Up-to-date: /home/agilex/agilex_ws/install/nav2_bt_navigator/share/nav2_bt_navigator/behavior_trees/follow_point.xml
[62.555s] -- Up-to-date: /home/agilex/agilex_ws/install/nav2_bt_navigator/share/nav2_bt_navigator/behavior_trees/navigate_w_recovery_and_replanning_only_if_path_becomes_invalid.xml
[62.555s] -- Up-to-date: /home/agilex/agilex_ws/install/nav2_bt_navigator/share/nav2_bt_navigator/behavior_trees/odometry_calibration.xml
[62.555s] -- Up-to-date: /home/agilex/agilex_ws/install/nav2_bt_navigator/share/nav2_bt_navigator/behavior_trees/navigate_w_replanning_speed.xml
[62.555s] -- Up-to-date: /home/agilex/agilex_ws/install/nav2_bt_navigator/share/nav2_bt_navigator/behavior_trees/navigate_through_poses_w_replanning_and_recovery.xml
[62.555s] -- Up-to-date: /home/agilex/agilex_ws/install/nav2_bt_navigator/share/nav2_bt_navigator/environment/library_path.sh
[62.555s] -- Up-to-date: /home/agilex/agilex_ws/install/nav2_bt_navigator/share/nav2_bt_navigator/environment/library_path.dsv
[62.555s] -- Up-to-date: /home/agilex/agilex_ws/install/nav2_bt_navigator/share/ament_index/resource_index/package_run_dependencies/nav2_bt_navigator
[62.555s] -- Up-to-date: /home/agilex/agilex_ws/install/nav2_bt_navigator/share/ament_index/resource_index/parent_prefix_path/nav2_bt_navigator
[62.555s] -- Up-to-date: /home/agilex/agilex_ws/install/nav2_bt_navigator/share/nav2_bt_navigator/environment/ament_prefix_path.sh
[62.559s] -- Up-to-date: /home/agilex/agilex_ws/install/nav2_bt_navigator/share/nav2_bt_navigator/environment/ament_prefix_path.dsv
[62.560s] -- Up-to-date: /home/agilex/agilex_ws/install/nav2_bt_navigator/share/nav2_bt_navigator/environment/path.sh
[62.560s] -- Up-to-date: /home/agilex/agilex_ws/install/nav2_bt_navigator/share/nav2_bt_navigator/environment/path.dsv
[62.560s] -- Up-to-date: /home/agilex/agilex_ws/install/nav2_bt_navigator/share/nav2_bt_navigator/local_setup.bash
[62.560s] -- Up-to-date: /home/agilex/agilex_ws/install/nav2_bt_navigator/share/nav2_bt_navigator/local_setup.sh
[62.560s] -- Up-to-date: /home/agilex/agilex_ws/install/nav2_bt_navigator/share/nav2_bt_navigator/local_setup.zsh
[62.560s] -- Up-to-date: /home/agilex/agilex_ws/install/nav2_bt_navigator/share/nav2_bt_navigator/local_setup.dsv
[62.560s] -- Installing: /home/agilex/agilex_ws/install/nav2_bt_navigator/share/nav2_bt_navigator/package.dsv
[62.560s] -- Up-to-date: /home/agilex/agilex_ws/install/nav2_bt_navigator/share/ament_index/resource_index/packages/nav2_bt_navigator
[62.560s] -- Up-to-date: /home/agilex/agilex_ws/install/nav2_bt_navigator/share/ament_index/resource_index/rclcpp_components/nav2_bt_navigator
[62.561s] -- Up-to-date: /home/agilex/agilex_ws/install/nav2_bt_navigator/share/nav2_bt_navigator/cmake/ament_cmake_export_include_directories-extras.cmake
[62.561s] -- Up-to-date: /home/agilex/agilex_ws/install/nav2_bt_navigator/share/nav2_bt_navigator/cmake/ament_cmake_export_libraries-extras.cmake
[62.561s] -- Up-to-date: /home/agilex/agilex_ws/install/nav2_bt_navigator/share/nav2_bt_navigator/cmake/ament_cmake_export_dependencies-extras.cmake
[62.561s] -- Up-to-date: /home/agilex/agilex_ws/install/nav2_bt_navigator/share/nav2_bt_navigator/cmake/nav2_bt_navigatorConfig.cmake
[62.561s] -- Up-to-date: /home/agilex/agilex_ws/install/nav2_bt_navigator/share/nav2_bt_navigator/cmake/nav2_bt_navigatorConfig-version.cmake
[62.561s] -- Up-to-date: /home/agilex/agilex_ws/install/nav2_bt_navigator/share/nav2_bt_navigator/package.xml
[62.574s] Invoked command in '/home/agilex/agilex_ws/build/nav2_bt_navigator' returned '0': AMENT_PREFIX_PATH=/home/agilex/agilex_ws/install/nav2_core:/home/agilex/agilex_ws/install/nav2_costmap_2d:/home/agilex/agilex_ws/install/nav2_behavior_tree:/home/agilex/agilex_ws/install/nav2_util:/home/agilex/agilex_ws/install/nav2_voxel_grid:/home/agilex/agilex_ws/install/nav2_msgs:/home/agilex/agilex_ws/install/nav2_common CMAKE_PREFIX_PATH=/home/agilex/agilex_ws/install/nav2_core:/home/agilex/agilex_ws/install/nav2_costmap_2d:/home/agilex/agilex_ws/install/nav2_behavior_tree:/home/agilex/agilex_ws/install/nav2_util:/home/agilex/agilex_ws/install/nav2_voxel_grid:/home/agilex/agilex_ws/install/nav2_msgs:/home/agilex/agilex_ws/install/nav2_common LD_LIBRARY_PATH=/home/agilex/agilex_ws/install/nav2_costmap_2d/lib:/home/agilex/agilex_ws/install/nav2_behavior_tree/lib:/home/agilex/agilex_ws/install/nav2_util/lib:/home/agilex/agilex_ws/install/nav2_voxel_grid/lib:/home/agilex/agilex_ws/install/nav2_msgs/lib PYTHONPATH=/home/agilex/agilex_ws/install/nav2_msgs/local/lib/python3.10/dist-packages:/home/agilex/agilex_ws/install/nav2_common/local/lib/python3.10/dist-packages /usr/bin/cmake --install /home/agilex/agilex_ws/build/nav2_bt_navigator
