[0.099s] Invoking command in '/home/agilex/agilex_ws/build/limo_description': /usr/bin/cmake --build /home/agilex/agilex_ws/build/limo_description -- -j16 -l16
[2.450s] Invoked command in '/home/agilex/agilex_ws/build/limo_description' returned '0': /usr/bin/cmake --build /home/agilex/agilex_ws/build/limo_description -- -j16 -l16
[2.643s] Invoking command in '/home/agilex/agilex_ws/build/limo_description': /usr/bin/cmake --install /home/agilex/agilex_ws/build/limo_description
[8.265s] -- Install configuration: ""
[8.266s] -- Up-to-date: /home/agilex/agilex_ws/install/limo_description/share/limo_description/launch
[8.266s] -- Up-to-date: /home/agilex/agilex_ws/install/limo_description/share/limo_description/launch/gazebo_models_diff.launch.py
[8.266s] -- Up-to-date: /home/agilex/agilex_ws/install/limo_description/share/limo_description/launch/display_models_diff.launch.py
[8.266s] -- Up-to-date: /home/agilex/agilex_ws/install/limo_description/share/limo_description/meshes
[8.266s] -- Up-to-date: /home/agilex/agilex_ws/install/limo_description/share/limo_description/meshes/limo_wheel.stl
[8.266s] -- Up-to-date: /home/agilex/agilex_ws/install/limo_description/share/limo_description/meshes/limo_base.stl
[8.266s] -- Up-to-date: /home/agilex/agilex_ws/install/limo_description/share/limo_description/meshes/limo_base.dae
[8.266s] -- Up-to-date: /home/agilex/agilex_ws/install/limo_description/share/limo_description/meshes/limo_wheel.dae
[8.266s] -- Up-to-date: /home/agilex/agilex_ws/install/limo_description/share/limo_description/rviz
[8.267s] -- Up-to-date: /home/agilex/agilex_ws/install/limo_description/share/limo_description/rviz/urdf.rviz
[8.267s] -- Up-to-date: /home/agilex/agilex_ws/install/limo_description/share/limo_description/rviz/model_display.rviz
[8.267s] -- Up-to-date: /home/agilex/agilex_ws/install/limo_description/share/limo_description/urdf
[8.267s] -- Up-to-date: /home/agilex/agilex_ws/install/limo_description/share/limo_description/urdf/limo_gazebo.gazebo
[8.267s] -- Up-to-date: /home/agilex/agilex_ws/install/limo_description/share/limo_description/urdf/limo_ackerman.gazebo
[8.267s] -- Up-to-date: /home/agilex/agilex_ws/install/limo_description/share/limo_description/urdf/limo_ackerman.xacro
[8.267s] -- Up-to-date: /home/agilex/agilex_ws/install/limo_description/share/limo_description/urdf/limo_steering_hinge.xacro
[8.267s] -- Up-to-date: /home/agilex/agilex_ws/install/limo_description/share/limo_description/urdf/limo_four_diff.xacro
[8.267s] -- Up-to-date: /home/agilex/agilex_ws/install/limo_description/share/limo_description/urdf/limo_four_diff_2.gazebo
[8.267s] -- Up-to-date: /home/agilex/agilex_ws/install/limo_description/share/limo_description/urdf/limo_xacro.xacro
[8.267s] -- Up-to-date: /home/agilex/agilex_ws/install/limo_description/share/limo_description/urdf/limo_four_diff.gazebo
[8.268s] -- Up-to-date: /home/agilex/agilex_ws/install/limo_description/share/ament_index/resource_index/package_run_dependencies/limo_description
[8.268s] -- Up-to-date: /home/agilex/agilex_ws/install/limo_description/share/ament_index/resource_index/parent_prefix_path/limo_description
[8.268s] -- Up-to-date: /home/agilex/agilex_ws/install/limo_description/share/limo_description/environment/ament_prefix_path.sh
[8.268s] -- Up-to-date: /home/agilex/agilex_ws/install/limo_description/share/limo_description/environment/ament_prefix_path.dsv
[8.268s] -- Up-to-date: /home/agilex/agilex_ws/install/limo_description/share/limo_description/environment/path.sh
[8.268s] -- Up-to-date: /home/agilex/agilex_ws/install/limo_description/share/limo_description/environment/path.dsv
[8.268s] -- Up-to-date: /home/agilex/agilex_ws/install/limo_description/share/limo_description/local_setup.bash
[8.268s] -- Up-to-date: /home/agilex/agilex_ws/install/limo_description/share/limo_description/local_setup.sh
[8.268s] -- Up-to-date: /home/agilex/agilex_ws/install/limo_description/share/limo_description/local_setup.zsh
[8.268s] -- Up-to-date: /home/agilex/agilex_ws/install/limo_description/share/limo_description/local_setup.dsv
[8.268s] -- Installing: /home/agilex/agilex_ws/install/limo_description/share/limo_description/package.dsv
[8.268s] -- Up-to-date: /home/agilex/agilex_ws/install/limo_description/share/ament_index/resource_index/packages/limo_description
[8.268s] -- Up-to-date: /home/agilex/agilex_ws/install/limo_description/share/limo_description/cmake/limo_descriptionConfig.cmake
[8.268s] -- Up-to-date: /home/agilex/agilex_ws/install/limo_description/share/limo_description/cmake/limo_descriptionConfig-version.cmake
[8.268s] -- Up-to-date: /home/agilex/agilex_ws/install/limo_description/share/limo_description/package.xml
[8.307s] Invoked command in '/home/agilex/agilex_ws/build/limo_description' returned '0': /usr/bin/cmake --install /home/agilex/agilex_ws/build/limo_description
