[0.041s] Invoking command in '/home/agilex/agilex_ws/build/nav2_common': CMAKE_PREFIX_PATH=/opt/ros/humble /usr/bin/cmake --build /home/agilex/agilex_ws/build/nav2_common -- -j8 -l8
[0.108s] Built target ament_cmake_python_copy_nav2_common
[0.479s] running egg_info
[0.480s] writing nav2_common.egg-info/PKG-INFO
[0.480s] writing dependency_links to nav2_common.egg-info/dependency_links.txt
[0.480s] writing top-level names to nav2_common.egg-info/top_level.txt
[0.487s] reading manifest file 'nav2_common.egg-info/SOURCES.txt'
[0.492s] writing manifest file 'nav2_common.egg-info/SOURCES.txt'
[0.532s] Built target ament_cmake_python_build_nav2_common_egg
[0.556s] Invoked command in '/home/agilex/agilex_ws/build/nav2_common' returned '0': CMAKE_PREFIX_PATH=/opt/ros/humble /usr/bin/cmake --build /home/agilex/agilex_ws/build/nav2_common -- -j8 -l8
[0.599s] Invoking command in '/home/agilex/agilex_ws/build/nav2_common': CMAKE_PREFIX_PATH=/opt/ros/humble /usr/bin/cmake --install /home/agilex/agilex_ws/build/nav2_common
[0.610s] -- Install configuration: ""
[0.611s] -- Up-to-date: /home/agilex/agilex_ws/install/nav2_common/share/nav2_common/environment/pythonpath.sh
[0.611s] -- Up-to-date: /home/agilex/agilex_ws/install/nav2_common/share/nav2_common/environment/pythonpath.dsv
[0.611s] -- Up-to-date: /home/agilex/agilex_ws/install/nav2_common/local/lib/python3.10/dist-packages/nav2_common-1.1.0-py3.10.egg-info
[0.611s] -- Installing: /home/agilex/agilex_ws/install/nav2_common/local/lib/python3.10/dist-packages/nav2_common-1.1.0-py3.10.egg-info/PKG-INFO
[0.611s] -- Installing: /home/agilex/agilex_ws/install/nav2_common/local/lib/python3.10/dist-packages/nav2_common-1.1.0-py3.10.egg-info/dependency_links.txt
[0.612s] -- Installing: /home/agilex/agilex_ws/install/nav2_common/local/lib/python3.10/dist-packages/nav2_common-1.1.0-py3.10.egg-info/top_level.txt
[0.612s] -- Installing: /home/agilex/agilex_ws/install/nav2_common/local/lib/python3.10/dist-packages/nav2_common-1.1.0-py3.10.egg-info/SOURCES.txt
[0.612s] -- Up-to-date: /home/agilex/agilex_ws/install/nav2_common/local/lib/python3.10/dist-packages/nav2_common
[0.612s] -- Up-to-date: /home/agilex/agilex_ws/install/nav2_common/local/lib/python3.10/dist-packages/nav2_common/__init__.py
[0.612s] -- Up-to-date: /home/agilex/agilex_ws/install/nav2_common/local/lib/python3.10/dist-packages/nav2_common/launch
[0.612s] -- Up-to-date: /home/agilex/agilex_ws/install/nav2_common/local/lib/python3.10/dist-packages/nav2_common/launch/__init__.py
[0.612s] -- Up-to-date: /home/agilex/agilex_ws/install/nav2_common/local/lib/python3.10/dist-packages/nav2_common/launch/rewritten_yaml.py
[0.612s] -- Up-to-date: /home/agilex/agilex_ws/install/nav2_common/local/lib/python3.10/dist-packages/nav2_common/launch/replace_string.py
[0.612s] -- Up-to-date: /home/agilex/agilex_ws/install/nav2_common/local/lib/python3.10/dist-packages/nav2_common/launch/has_node_params.py
[0.650s] Listing '/home/agilex/agilex_ws/install/nav2_common/local/lib/python3.10/dist-packages/nav2_common'...
[0.650s] Listing '/home/agilex/agilex_ws/install/nav2_common/local/lib/python3.10/dist-packages/nav2_common/launch'...
[0.654s] -- Up-to-date: /home/agilex/agilex_ws/install/nav2_common/share/ament_index/resource_index/package_run_dependencies/nav2_common
[0.655s] -- Up-to-date: /home/agilex/agilex_ws/install/nav2_common/share/ament_index/resource_index/parent_prefix_path/nav2_common
[0.656s] -- Up-to-date: /home/agilex/agilex_ws/install/nav2_common/share/nav2_common/environment/ament_prefix_path.sh
[0.656s] -- Up-to-date: /home/agilex/agilex_ws/install/nav2_common/share/nav2_common/environment/ament_prefix_path.dsv
[0.656s] -- Up-to-date: /home/agilex/agilex_ws/install/nav2_common/share/nav2_common/environment/path.sh
[0.656s] -- Up-to-date: /home/agilex/agilex_ws/install/nav2_common/share/nav2_common/environment/path.dsv
[0.656s] -- Up-to-date: /home/agilex/agilex_ws/install/nav2_common/share/nav2_common/local_setup.bash
[0.657s] -- Up-to-date: /home/agilex/agilex_ws/install/nav2_common/share/nav2_common/local_setup.sh
[0.657s] -- Up-to-date: /home/agilex/agilex_ws/install/nav2_common/share/nav2_common/local_setup.zsh
[0.657s] -- Up-to-date: /home/agilex/agilex_ws/install/nav2_common/share/nav2_common/local_setup.dsv
[0.660s] -- Installing: /home/agilex/agilex_ws/install/nav2_common/share/nav2_common/package.dsv
[0.660s] -- Up-to-date: /home/agilex/agilex_ws/install/nav2_common/share/ament_index/resource_index/packages/nav2_common
[0.661s] -- Up-to-date: /home/agilex/agilex_ws/install/nav2_common/share/nav2_common/cmake/nav2_common-extras.cmake
[0.661s] -- Up-to-date: /home/agilex/agilex_ws/install/nav2_common/share/nav2_common/cmake/nav2_commonConfig.cmake
[0.661s] -- Up-to-date: /home/agilex/agilex_ws/install/nav2_common/share/nav2_common/cmake/nav2_commonConfig-version.cmake
[0.661s] -- Up-to-date: /home/agilex/agilex_ws/install/nav2_common/share/nav2_common/package.xml
[0.661s] -- Up-to-date: /home/agilex/agilex_ws/install/nav2_common/share/nav2_common/cmake
[0.661s] -- Up-to-date: /home/agilex/agilex_ws/install/nav2_common/share/nav2_common/cmake/nav2_package.cmake
[0.701s] Invoked command in '/home/agilex/agilex_ws/build/nav2_common' returned '0': CMAKE_PREFIX_PATH=/opt/ros/humble /usr/bin/cmake --install /home/agilex/agilex_ws/build/nav2_common
