[0.125s] Invoking command in '/home/agilex/agilex_ws/build/orbbec_description': /usr/bin/cmake --build /home/agilex/agilex_ws/build/orbbec_description -- -j16 -l16
[0.448s] Invoked command in '/home/agilex/agilex_ws/build/orbbec_description' returned '0': /usr/bin/cmake --build /home/agilex/agilex_ws/build/orbbec_description -- -j16 -l16
[0.486s] Invoking command in '/home/agilex/agilex_ws/build/orbbec_description': /usr/bin/cmake --install /home/agilex/agilex_ws/build/orbbec_description
[0.504s] -- Install configuration: ""
[0.504s] -- Up-to-date: /home/agilex/agilex_ws/install/orbbec_description/share/ament_index/resource_index/package_run_dependencies/orbbec_description
[0.504s] -- Up-to-date: /home/agilex/agilex_ws/install/orbbec_description/share/ament_index/resource_index/parent_prefix_path/orbbec_description
[0.504s] -- Up-to-date: /home/agilex/agilex_ws/install/orbbec_description/share/orbbec_description/environment/ament_prefix_path.sh
[0.504s] -- Up-to-date: /home/agilex/agilex_ws/install/orbbec_description/share/orbbec_description/environment/ament_prefix_path.dsv
[0.504s] -- Up-to-date: /home/agilex/agilex_ws/install/orbbec_description/share/orbbec_description/environment/path.sh
[0.505s] -- Up-to-date: /home/agilex/agilex_ws/install/orbbec_description/share/orbbec_description/environment/path.dsv
[0.505s] -- Up-to-date: /home/agilex/agilex_ws/install/orbbec_description/share/orbbec_description/local_setup.bash
[0.505s] -- Up-to-date: /home/agilex/agilex_ws/install/orbbec_description/share/orbbec_description/local_setup.sh
[0.505s] -- Up-to-date: /home/agilex/agilex_ws/install/orbbec_description/share/orbbec_description/local_setup.zsh
[0.505s] -- Up-to-date: /home/agilex/agilex_ws/install/orbbec_description/share/orbbec_description/local_setup.dsv
[0.505s] -- Installing: /home/agilex/agilex_ws/install/orbbec_description/share/orbbec_description/package.dsv
[0.505s] -- Up-to-date: /home/agilex/agilex_ws/install/orbbec_description/share/ament_index/resource_index/packages/orbbec_description
[0.505s] -- Up-to-date: /home/agilex/agilex_ws/install/orbbec_description/share/orbbec_description/cmake/orbbec_descriptionConfig.cmake
[0.505s] -- Up-to-date: /home/agilex/agilex_ws/install/orbbec_description/share/orbbec_description/cmake/orbbec_descriptionConfig-version.cmake
[0.505s] -- Up-to-date: /home/agilex/agilex_ws/install/orbbec_description/share/orbbec_description/package.xml
[0.573s] Invoked command in '/home/agilex/agilex_ws/build/orbbec_description' returned '0': /usr/bin/cmake --install /home/agilex/agilex_ws/build/orbbec_description
