[0.030s] Invoking command in '/home/agilex/agilex_ws/build/limo_msgs': CMAKE_PREFIX_PATH=/opt/ros/humble /usr/bin/cmake /home/agilex/agilex_ws/src/limo_ros2/limo_msgs -DCMAKE_INSTALL_PREFIX=/home/agilex/agilex_ws/install/limo_msgs
[0.047s] -- Found ament_cmake: 1.3.4 (/opt/ros/humble/share/ament_cmake/cmake)
[0.289s] -- Found Python3: /usr/bin/python3.10 (found version "3.10.6") found components: Interpreter 
[0.380s] -- Found std_msgs: 4.2.3 (/opt/ros/humble/share/std_msgs/cmake)
[0.421s] -- Found rosidl_generator_c: 3.1.4 (/opt/ros/humble/share/rosidl_generator_c/cmake)
[0.429s] -- Found rosidl_adapter: 3.1.4 (/opt/ros/humble/share/rosidl_adapter/cmake)
[0.438s] -- Found rosidl_generator_cpp: 3.1.4 (/opt/ros/humble/share/rosidl_generator_cpp/cmake)
[0.451s] -- Using all available rosidl_typesupport_c: rosidl_typesupport_fastrtps_c;rosidl_typesupport_introspection_c
[0.470s] -- Using all available rosidl_typesupport_cpp: rosidl_typesupport_fastrtps_cpp;rosidl_typesupport_introspection_cpp
[0.529s] -- Found rosidl_default_generators: 1.2.0 (/opt/ros/humble/share/rosidl_default_generators/cmake)
[1.036s] -- Found ament_cmake_ros: 0.10.0 (/opt/ros/humble/share/ament_cmake_ros/cmake)
[1.793s] -- Using all available rosidl_typesupport_c: rosidl_typesupport_fastrtps_c;rosidl_typesupport_introspection_c
[2.138s] -- Using all available rosidl_typesupport_cpp: rosidl_typesupport_fastrtps_cpp;rosidl_typesupport_introspection_cpp
[2.195s] -- Found PythonInterp: /usr/bin/python3 (found suitable version "3.10.6", minimum required is "3.6") 
[2.196s] -- Found python_cmake_module: 0.10.0 (/opt/ros/humble/share/python_cmake_module/cmake)
[2.251s] -- Found PythonLibs: /usr/lib/x86_64-linux-gnu/libpython3.10.so (found suitable version "3.10.6", minimum required is "3.5") 
[2.251s] -- Using PYTHON_EXECUTABLE: /usr/bin/python3
[2.252s] -- Using PYTHON_INCLUDE_DIRS: /usr/include/python3.10
[2.252s] -- Using PYTHON_LIBRARIES: /usr/lib/x86_64-linux-gnu/libpython3.10.so
[2.309s] -- Found PythonExtra: .so  
[2.387s] -- Found ament_lint_auto: 0.12.6 (/opt/ros/humble/share/ament_lint_auto/cmake)
[2.453s] -- Added test 'copyright' to check source files copyright and LICENSE
[2.458s] -- Added test 'lint_cmake' to check CMake code style
[2.468s] -- Added test 'xmllint' to check XML markup files
[2.474s] -- Configuring done
[2.616s] -- Generating done
[2.626s] -- Build files have been written to: /home/agilex/agilex_ws/build/limo_msgs
[2.658s] Invoked command in '/home/agilex/agilex_ws/build/limo_msgs' returned '0': CMAKE_PREFIX_PATH=/opt/ros/humble /usr/bin/cmake /home/agilex/agilex_ws/src/limo_ros2/limo_msgs -DCMAKE_INSTALL_PREFIX=/home/agilex/agilex_ws/install/limo_msgs
[2.659s] Invoking command in '/home/agilex/agilex_ws/build/limo_msgs': CMAKE_PREFIX_PATH=/opt/ros/humble /usr/bin/cmake --build /home/agilex/agilex_ws/build/limo_msgs -- -j8 -l8
[3.113s] [  3%] [34m[1mGenerating C code for ROS interfaces[0m
[3.113s] [  6%] [34m[1mGenerating C++ code for ROS interfaces[0m
[3.114s] [  6%] Built target ament_cmake_python_copy_limo_msgs
[4.041s] running egg_info
[4.042s] creating limo_msgs.egg-info
[4.042s] writing limo_msgs.egg-info/PKG-INFO
[4.042s] writing dependency_links to limo_msgs.egg-info/dependency_links.txt
[4.043s] writing top-level names to limo_msgs.egg-info/top_level.txt
[4.043s] writing manifest file 'limo_msgs.egg-info/SOURCES.txt'
[4.066s] [  6%] Built target limo_msgs__cpp
[4.069s] reading manifest file 'limo_msgs.egg-info/SOURCES.txt'
[4.074s] writing manifest file 'limo_msgs.egg-info/SOURCES.txt'
[4.117s] [  9%] [32mBuilding C object CMakeFiles/limo_msgs__rosidl_generator_c.dir/rosidl_generator_c/limo_msgs/msg/detail/limo_status__functions.c.o[0m
[4.135s] [ 12%] [34m[1mGenerating C++ type support dispatch for ROS interfaces[0m
[4.155s] [ 16%] [34m[1mGenerating C++ introspection for ROS interfaces[0m
[4.205s] [ 19%] [34m[1mGenerating C++ type support for eProsima Fast-RTPS[0m
[4.249s] [ 19%] Built target ament_cmake_python_build_limo_msgs_egg
[4.311s] [ 22%] [32m[1mLinking C shared library liblimo_msgs__rosidl_generator_c.so[0m
[4.445s] [ 22%] Built target limo_msgs__rosidl_generator_c
[4.457s] [ 25%] [34m[1mGenerating C introspection for ROS interfaces[0m
[4.506s] [ 29%] [34m[1mGenerating C type support dispatch for ROS interfaces[0m
[4.565s] [ 32%] [34m[1mGenerating C type support for eProsima Fast-RTPS[0m
[5.014s] [ 35%] [32mBuilding C object CMakeFiles/limo_msgs__rosidl_typesupport_introspection_c.dir/rosidl_typesupport_introspection_c/limo_msgs/msg/detail/limo_status__type_support.c.o[0m
[5.132s] [ 38%] [32m[1mLinking C shared library liblimo_msgs__rosidl_typesupport_introspection_c.so[0m
[5.356s] [ 38%] Built target limo_msgs__rosidl_typesupport_introspection_c
[5.539s] [ 41%] [32mBuilding CXX object CMakeFiles/limo_msgs__rosidl_typesupport_cpp.dir/rosidl_typesupport_cpp/limo_msgs/msg/limo_status__type_support.cpp.o[0m
[5.631s] [ 45%] [32mBuilding CXX object CMakeFiles/limo_msgs__rosidl_typesupport_c.dir/rosidl_typesupport_c/limo_msgs/msg/limo_status__type_support.cpp.o[0m
[5.766s] [ 48%] [32m[1mLinking CXX shared library liblimo_msgs__rosidl_typesupport_c.so[0m
[5.812s] [ 51%] [32mBuilding CXX object CMakeFiles/limo_msgs__rosidl_typesupport_fastrtps_c.dir/rosidl_typesupport_fastrtps_c/limo_msgs/msg/detail/limo_status__type_support_c.cpp.o[0m
[6.026s] [ 54%] [32mBuilding CXX object CMakeFiles/limo_msgs__rosidl_typesupport_introspection_cpp.dir/rosidl_typesupport_introspection_cpp/limo_msgs/msg/detail/limo_status__type_support.cpp.o[0m
[6.056s] [ 54%] Built target limo_msgs__rosidl_typesupport_c
[6.377s] [ 58%] [32mBuilding CXX object CMakeFiles/limo_msgs__rosidl_typesupport_fastrtps_cpp.dir/rosidl_typesupport_fastrtps_cpp/limo_msgs/msg/detail/dds_fastrtps/limo_status__type_support.cpp.o[0m
[6.684s] [ 61%] [32m[1mLinking CXX shared library liblimo_msgs__rosidl_typesupport_cpp.so[0m
[6.923s] [ 61%] Built target limo_msgs__rosidl_typesupport_cpp
[7.556s] [ 64%] [32m[1mLinking CXX shared library liblimo_msgs__rosidl_typesupport_fastrtps_c.so[0m
[8.157s] [ 67%] [32m[1mLinking CXX shared library liblimo_msgs__rosidl_typesupport_introspection_cpp.so[0m
[8.181s] [ 67%] Built target limo_msgs__rosidl_typesupport_fastrtps_c
[8.691s] [ 67%] Built target limo_msgs__rosidl_typesupport_introspection_cpp
[8.772s] [ 70%] [32m[1mLinking CXX shared library liblimo_msgs__rosidl_typesupport_fastrtps_cpp.so[0m
[9.224s] [ 70%] Built target limo_msgs__rosidl_typesupport_fastrtps_cpp
[9.345s] [ 70%] Built target limo_msgs
[9.490s] [ 74%] [34m[1mGenerating Python code for ROS interfaces[0m
[11.196s] [ 74%] Built target limo_msgs__py
[11.356s] [ 77%] [32mBuilding C object CMakeFiles/limo_msgs__rosidl_generator_py.dir/rosidl_generator_py/limo_msgs/msg/_limo_status_s.c.o[0m
[11.815s] [ 80%] [32m[1mLinking C shared library rosidl_generator_py/limo_msgs/liblimo_msgs__rosidl_generator_py.so[0m
[11.989s] [ 80%] Built target limo_msgs__rosidl_generator_py
[12.087s] [ 83%] [32mBuilding C object CMakeFiles/limo_msgs__rosidl_typesupport_c__pyext.dir/rosidl_generator_py/limo_msgs/_limo_msgs_s.ep.rosidl_typesupport_c.c.o[0m
[12.167s] [ 87%] [32mBuilding C object CMakeFiles/limo_msgs__rosidl_typesupport_introspection_c__pyext.dir/rosidl_generator_py/limo_msgs/_limo_msgs_s.ep.rosidl_typesupport_introspection_c.c.o[0m
[12.181s] [ 90%] [32mBuilding C object CMakeFiles/limo_msgs__rosidl_typesupport_fastrtps_c__pyext.dir/rosidl_generator_py/limo_msgs/_limo_msgs_s.ep.rosidl_typesupport_fastrtps_c.c.o[0m
[12.364s] [ 93%] [32m[1mLinking C shared library rosidl_generator_py/limo_msgs/limo_msgs_s__rosidl_typesupport_introspection_c.cpython-310-x86_64-linux-gnu.so[0m
[12.404s] [ 96%] [32m[1mLinking C shared library rosidl_generator_py/limo_msgs/limo_msgs_s__rosidl_typesupport_c.cpython-310-x86_64-linux-gnu.so[0m
[12.592s] [ 96%] Built target limo_msgs__rosidl_typesupport_c__pyext
[12.707s] [ 96%] Built target limo_msgs__rosidl_typesupport_introspection_c__pyext
[12.784s] [100%] [32m[1mLinking C shared library rosidl_generator_py/limo_msgs/limo_msgs_s__rosidl_typesupport_fastrtps_c.cpython-310-x86_64-linux-gnu.so[0m
[13.009s] [100%] Built target limo_msgs__rosidl_typesupport_fastrtps_c__pyext
[13.064s] Invoked command in '/home/agilex/agilex_ws/build/limo_msgs' returned '0': CMAKE_PREFIX_PATH=/opt/ros/humble /usr/bin/cmake --build /home/agilex/agilex_ws/build/limo_msgs -- -j8 -l8
[13.966s] Invoking command in '/home/agilex/agilex_ws/build/limo_msgs': CMAKE_PREFIX_PATH=/opt/ros/humble /usr/bin/cmake --install /home/agilex/agilex_ws/build/limo_msgs
[14.441s] -- Install configuration: ""
[14.442s] -- Installing: /home/agilex/agilex_ws/install/limo_msgs/share/ament_index/resource_index/rosidl_interfaces/limo_msgs
[14.442s] -- Installing: /home/agilex/agilex_ws/install/limo_msgs/include/limo_msgs/limo_msgs
[14.442s] -- Installing: /home/agilex/agilex_ws/install/limo_msgs/include/limo_msgs/limo_msgs/msg
[14.442s] -- Installing: /home/agilex/agilex_ws/install/limo_msgs/include/limo_msgs/limo_msgs/msg/rosidl_generator_c__visibility_control.h
[14.442s] -- Installing: /home/agilex/agilex_ws/install/limo_msgs/include/limo_msgs/limo_msgs/msg/limo_status.h
[14.442s] -- Installing: /home/agilex/agilex_ws/install/limo_msgs/include/limo_msgs/limo_msgs/msg/detail
[14.442s] -- Installing: /home/agilex/agilex_ws/install/limo_msgs/include/limo_msgs/limo_msgs/msg/detail/limo_status__functions.c
[14.442s] -- Installing: /home/agilex/agilex_ws/install/limo_msgs/include/limo_msgs/limo_msgs/msg/detail/limo_status__functions.h
[14.442s] -- Installing: /home/agilex/agilex_ws/install/limo_msgs/include/limo_msgs/limo_msgs/msg/detail/limo_status__struct.h
[14.442s] -- Installing: /home/agilex/agilex_ws/install/limo_msgs/include/limo_msgs/limo_msgs/msg/detail/limo_status__type_support.h
[14.442s] -- Installing: /home/agilex/agilex_ws/install/limo_msgs/share/limo_msgs/environment/library_path.sh
[14.442s] -- Installing: /home/agilex/agilex_ws/install/limo_msgs/share/limo_msgs/environment/library_path.dsv
[14.442s] -- Installing: /home/agilex/agilex_ws/install/limo_msgs/lib/liblimo_msgs__rosidl_generator_c.so
[14.443s] -- Set runtime path of "/home/agilex/agilex_ws/install/limo_msgs/lib/liblimo_msgs__rosidl_generator_c.so" to ""
[14.443s] -- Up-to-date: /home/agilex/agilex_ws/install/limo_msgs/include/limo_msgs/limo_msgs
[14.443s] -- Up-to-date: /home/agilex/agilex_ws/install/limo_msgs/include/limo_msgs/limo_msgs/msg
[14.443s] -- Installing: /home/agilex/agilex_ws/install/limo_msgs/include/limo_msgs/limo_msgs/msg/rosidl_typesupport_fastrtps_c__visibility_control.h
[14.443s] -- Up-to-date: /home/agilex/agilex_ws/install/limo_msgs/include/limo_msgs/limo_msgs/msg/detail
[14.443s] -- Installing: /home/agilex/agilex_ws/install/limo_msgs/include/limo_msgs/limo_msgs/msg/detail/limo_status__rosidl_typesupport_fastrtps_c.h
[14.443s] -- Installing: /home/agilex/agilex_ws/install/limo_msgs/lib/liblimo_msgs__rosidl_typesupport_fastrtps_c.so
[14.443s] -- Set runtime path of "/home/agilex/agilex_ws/install/limo_msgs/lib/liblimo_msgs__rosidl_typesupport_fastrtps_c.so" to ""
[14.443s] -- Up-to-date: /home/agilex/agilex_ws/install/limo_msgs/include/limo_msgs/limo_msgs
[14.443s] -- Up-to-date: /home/agilex/agilex_ws/install/limo_msgs/include/limo_msgs/limo_msgs/msg
[14.443s] -- Installing: /home/agilex/agilex_ws/install/limo_msgs/include/limo_msgs/limo_msgs/msg/limo_status.hpp
[14.443s] -- Up-to-date: /home/agilex/agilex_ws/install/limo_msgs/include/limo_msgs/limo_msgs/msg/detail
[14.443s] -- Installing: /home/agilex/agilex_ws/install/limo_msgs/include/limo_msgs/limo_msgs/msg/detail/limo_status__builder.hpp
[14.443s] -- Installing: /home/agilex/agilex_ws/install/limo_msgs/include/limo_msgs/limo_msgs/msg/detail/limo_status__struct.hpp
[14.443s] -- Installing: /home/agilex/agilex_ws/install/limo_msgs/include/limo_msgs/limo_msgs/msg/detail/limo_status__traits.hpp
[14.444s] -- Up-to-date: /home/agilex/agilex_ws/install/limo_msgs/include/limo_msgs/limo_msgs
[14.444s] -- Up-to-date: /home/agilex/agilex_ws/install/limo_msgs/include/limo_msgs/limo_msgs/msg
[14.444s] -- Installing: /home/agilex/agilex_ws/install/limo_msgs/include/limo_msgs/limo_msgs/msg/rosidl_typesupport_fastrtps_cpp__visibility_control.h
[14.444s] -- Up-to-date: /home/agilex/agilex_ws/install/limo_msgs/include/limo_msgs/limo_msgs/msg/detail
[14.448s] -- Installing: /home/agilex/agilex_ws/install/limo_msgs/include/limo_msgs/limo_msgs/msg/detail/limo_status__rosidl_typesupport_fastrtps_cpp.hpp
[14.448s] -- Installing: /home/agilex/agilex_ws/install/limo_msgs/include/limo_msgs/limo_msgs/msg/detail/dds_fastrtps
[14.448s] -- Installing: /home/agilex/agilex_ws/install/limo_msgs/lib/liblimo_msgs__rosidl_typesupport_fastrtps_cpp.so
[14.448s] -- Set runtime path of "/home/agilex/agilex_ws/install/limo_msgs/lib/liblimo_msgs__rosidl_typesupport_fastrtps_cpp.so" to ""
[14.448s] -- Up-to-date: /home/agilex/agilex_ws/install/limo_msgs/include/limo_msgs/limo_msgs
[14.448s] -- Up-to-date: /home/agilex/agilex_ws/install/limo_msgs/include/limo_msgs/limo_msgs/msg
[14.448s] -- Installing: /home/agilex/agilex_ws/install/limo_msgs/include/limo_msgs/limo_msgs/msg/rosidl_typesupport_introspection_c__visibility_control.h
[14.448s] -- Up-to-date: /home/agilex/agilex_ws/install/limo_msgs/include/limo_msgs/limo_msgs/msg/detail
[14.448s] -- Installing: /home/agilex/agilex_ws/install/limo_msgs/include/limo_msgs/limo_msgs/msg/detail/limo_status__rosidl_typesupport_introspection_c.h
[14.448s] -- Installing: /home/agilex/agilex_ws/install/limo_msgs/include/limo_msgs/limo_msgs/msg/detail/limo_status__type_support.c
[14.448s] -- Installing: /home/agilex/agilex_ws/install/limo_msgs/lib/liblimo_msgs__rosidl_typesupport_introspection_c.so
[14.448s] -- Set runtime path of "/home/agilex/agilex_ws/install/limo_msgs/lib/liblimo_msgs__rosidl_typesupport_introspection_c.so" to ""
[14.449s] -- Installing: /home/agilex/agilex_ws/install/limo_msgs/lib/liblimo_msgs__rosidl_typesupport_c.so
[14.449s] -- Set runtime path of "/home/agilex/agilex_ws/install/limo_msgs/lib/liblimo_msgs__rosidl_typesupport_c.so" to ""
[14.449s] -- Up-to-date: /home/agilex/agilex_ws/install/limo_msgs/include/limo_msgs/limo_msgs
[14.449s] -- Up-to-date: /home/agilex/agilex_ws/install/limo_msgs/include/limo_msgs/limo_msgs/msg
[14.449s] -- Up-to-date: /home/agilex/agilex_ws/install/limo_msgs/include/limo_msgs/limo_msgs/msg/detail
[14.449s] -- Installing: /home/agilex/agilex_ws/install/limo_msgs/include/limo_msgs/limo_msgs/msg/detail/limo_status__rosidl_typesupport_introspection_cpp.hpp
[14.449s] -- Installing: /home/agilex/agilex_ws/install/limo_msgs/include/limo_msgs/limo_msgs/msg/detail/limo_status__type_support.cpp
[14.449s] -- Installing: /home/agilex/agilex_ws/install/limo_msgs/lib/liblimo_msgs__rosidl_typesupport_introspection_cpp.so
[14.449s] -- Set runtime path of "/home/agilex/agilex_ws/install/limo_msgs/lib/liblimo_msgs__rosidl_typesupport_introspection_cpp.so" to ""
[14.449s] -- Installing: /home/agilex/agilex_ws/install/limo_msgs/lib/liblimo_msgs__rosidl_typesupport_cpp.so
[14.449s] -- Set runtime path of "/home/agilex/agilex_ws/install/limo_msgs/lib/liblimo_msgs__rosidl_typesupport_cpp.so" to ""
[14.449s] -- Installing: /home/agilex/agilex_ws/install/limo_msgs/share/limo_msgs/environment/pythonpath.sh
[14.449s] -- Installing: /home/agilex/agilex_ws/install/limo_msgs/share/limo_msgs/environment/pythonpath.dsv
[14.450s] -- Installing: /home/agilex/agilex_ws/install/limo_msgs/local/lib/python3.10/dist-packages/limo_msgs-0.0.0-py3.10.egg-info
[14.450s] -- Installing: /home/agilex/agilex_ws/install/limo_msgs/local/lib/python3.10/dist-packages/limo_msgs-0.0.0-py3.10.egg-info/PKG-INFO
[14.450s] -- Installing: /home/agilex/agilex_ws/install/limo_msgs/local/lib/python3.10/dist-packages/limo_msgs-0.0.0-py3.10.egg-info/dependency_links.txt
[14.450s] -- Installing: /home/agilex/agilex_ws/install/limo_msgs/local/lib/python3.10/dist-packages/limo_msgs-0.0.0-py3.10.egg-info/top_level.txt
[14.450s] -- Installing: /home/agilex/agilex_ws/install/limo_msgs/local/lib/python3.10/dist-packages/limo_msgs-0.0.0-py3.10.egg-info/SOURCES.txt
[14.450s] -- Installing: /home/agilex/agilex_ws/install/limo_msgs/local/lib/python3.10/dist-packages/limo_msgs
[14.450s] -- Installing: /home/agilex/agilex_ws/install/limo_msgs/local/lib/python3.10/dist-packages/limo_msgs/__init__.py
[14.450s] -- Installing: /home/agilex/agilex_ws/install/limo_msgs/local/lib/python3.10/dist-packages/limo_msgs/msg
[14.450s] -- Installing: /home/agilex/agilex_ws/install/limo_msgs/local/lib/python3.10/dist-packages/limo_msgs/msg/_limo_status.py
[14.450s] -- Installing: /home/agilex/agilex_ws/install/limo_msgs/local/lib/python3.10/dist-packages/limo_msgs/msg/_limo_status_s.c
[14.450s] -- Installing: /home/agilex/agilex_ws/install/limo_msgs/local/lib/python3.10/dist-packages/limo_msgs/msg/__init__.py
[14.450s] -- Installing: /home/agilex/agilex_ws/install/limo_msgs/local/lib/python3.10/dist-packages/limo_msgs/_limo_msgs_s.ep.rosidl_typesupport_fastrtps_c.c
[14.450s] -- Installing: /home/agilex/agilex_ws/install/limo_msgs/local/lib/python3.10/dist-packages/limo_msgs/_limo_msgs_s.ep.rosidl_typesupport_introspection_c.c
[14.451s] -- Installing: /home/agilex/agilex_ws/install/limo_msgs/local/lib/python3.10/dist-packages/limo_msgs/_limo_msgs_s.ep.rosidl_typesupport_c.c
[14.451s] -- Installing: /home/agilex/agilex_ws/install/limo_msgs/local/lib/python3.10/dist-packages/limo_msgs/liblimo_msgs__rosidl_generator_py.so
[14.451s] -- Installing: /home/agilex/agilex_ws/install/limo_msgs/local/lib/python3.10/dist-packages/limo_msgs/limo_msgs_s__rosidl_typesupport_introspection_c.cpython-310-x86_64-linux-gnu.so
[14.451s] -- Installing: /home/agilex/agilex_ws/install/limo_msgs/local/lib/python3.10/dist-packages/limo_msgs/limo_msgs_s__rosidl_typesupport_c.cpython-310-x86_64-linux-gnu.so
[14.451s] -- Installing: /home/agilex/agilex_ws/install/limo_msgs/local/lib/python3.10/dist-packages/limo_msgs/limo_msgs_s__rosidl_typesupport_fastrtps_c.cpython-310-x86_64-linux-gnu.so
[14.451s] Listing '/home/agilex/agilex_ws/install/limo_msgs/local/lib/python3.10/dist-packages/limo_msgs'...
[14.451s] Compiling '/home/agilex/agilex_ws/install/limo_msgs/local/lib/python3.10/dist-packages/limo_msgs/__init__.py'...
[14.451s] Listing '/home/agilex/agilex_ws/install/limo_msgs/local/lib/python3.10/dist-packages/limo_msgs/msg'...
[14.451s] Compiling '/home/agilex/agilex_ws/install/limo_msgs/local/lib/python3.10/dist-packages/limo_msgs/msg/__init__.py'...
[14.451s] Compiling '/home/agilex/agilex_ws/install/limo_msgs/local/lib/python3.10/dist-packages/limo_msgs/msg/_limo_status.py'...
[14.451s] -- Installing: /home/agilex/agilex_ws/install/limo_msgs/local/lib/python3.10/dist-packages/limo_msgs/limo_msgs_s__rosidl_typesupport_fastrtps_c.cpython-310-x86_64-linux-gnu.so
[14.451s] -- Set runtime path of "/home/agilex/agilex_ws/install/limo_msgs/local/lib/python3.10/dist-packages/limo_msgs/limo_msgs_s__rosidl_typesupport_fastrtps_c.cpython-310-x86_64-linux-gnu.so" to ""
[14.451s] -- Installing: /home/agilex/agilex_ws/install/limo_msgs/local/lib/python3.10/dist-packages/limo_msgs/limo_msgs_s__rosidl_typesupport_introspection_c.cpython-310-x86_64-linux-gnu.so
[14.452s] -- Set runtime path of "/home/agilex/agilex_ws/install/limo_msgs/local/lib/python3.10/dist-packages/limo_msgs/limo_msgs_s__rosidl_typesupport_introspection_c.cpython-310-x86_64-linux-gnu.so" to ""
[14.452s] -- Installing: /home/agilex/agilex_ws/install/limo_msgs/local/lib/python3.10/dist-packages/limo_msgs/limo_msgs_s__rosidl_typesupport_c.cpython-310-x86_64-linux-gnu.so
[14.452s] -- Set runtime path of "/home/agilex/agilex_ws/install/limo_msgs/local/lib/python3.10/dist-packages/limo_msgs/limo_msgs_s__rosidl_typesupport_c.cpython-310-x86_64-linux-gnu.so" to ""
[14.452s] -- Installing: /home/agilex/agilex_ws/install/limo_msgs/lib/liblimo_msgs__rosidl_generator_py.so
[14.452s] -- Set runtime path of "/home/agilex/agilex_ws/install/limo_msgs/lib/liblimo_msgs__rosidl_generator_py.so" to ""
[14.452s] -- Installing: /home/agilex/agilex_ws/install/limo_msgs/share/limo_msgs/msg/LimoStatus.idl
[14.452s] -- Installing: /home/agilex/agilex_ws/install/limo_msgs/share/limo_msgs/msg/LimoStatus.msg
[14.452s] -- Installing: /home/agilex/agilex_ws/install/limo_msgs/share/ament_index/resource_index/package_run_dependencies/limo_msgs
[14.452s] -- Installing: /home/agilex/agilex_ws/install/limo_msgs/share/ament_index/resource_index/parent_prefix_path/limo_msgs
[14.452s] -- Installing: /home/agilex/agilex_ws/install/limo_msgs/share/limo_msgs/environment/ament_prefix_path.sh
[14.452s] -- Installing: /home/agilex/agilex_ws/install/limo_msgs/share/limo_msgs/environment/ament_prefix_path.dsv
[14.452s] -- Installing: /home/agilex/agilex_ws/install/limo_msgs/share/limo_msgs/environment/path.sh
[14.452s] -- Installing: /home/agilex/agilex_ws/install/limo_msgs/share/limo_msgs/environment/path.dsv
[14.453s] -- Installing: /home/agilex/agilex_ws/install/limo_msgs/share/limo_msgs/local_setup.bash
[14.453s] -- Installing: /home/agilex/agilex_ws/install/limo_msgs/share/limo_msgs/local_setup.sh
[14.453s] -- Installing: /home/agilex/agilex_ws/install/limo_msgs/share/limo_msgs/local_setup.zsh
[14.453s] -- Installing: /home/agilex/agilex_ws/install/limo_msgs/share/limo_msgs/local_setup.dsv
[14.453s] -- Installing: /home/agilex/agilex_ws/install/limo_msgs/share/limo_msgs/package.dsv
[14.453s] -- Installing: /home/agilex/agilex_ws/install/limo_msgs/share/ament_index/resource_index/packages/limo_msgs
[14.453s] -- Installing: /home/agilex/agilex_ws/install/limo_msgs/share/limo_msgs/cmake/export_limo_msgs__rosidl_generator_cExport.cmake
[14.453s] -- Installing: /home/agilex/agilex_ws/install/limo_msgs/share/limo_msgs/cmake/export_limo_msgs__rosidl_generator_cExport-noconfig.cmake
[14.453s] -- Installing: /home/agilex/agilex_ws/install/limo_msgs/share/limo_msgs/cmake/export_limo_msgs__rosidl_typesupport_fastrtps_cExport.cmake
[14.453s] -- Installing: /home/agilex/agilex_ws/install/limo_msgs/share/limo_msgs/cmake/export_limo_msgs__rosidl_typesupport_fastrtps_cExport-noconfig.cmake
[14.453s] -- Installing: /home/agilex/agilex_ws/install/limo_msgs/share/limo_msgs/cmake/export_limo_msgs__rosidl_generator_cppExport.cmake
[14.453s] -- Installing: /home/agilex/agilex_ws/install/limo_msgs/share/limo_msgs/cmake/export_limo_msgs__rosidl_typesupport_fastrtps_cppExport.cmake
[14.453s] -- Installing: /home/agilex/agilex_ws/install/limo_msgs/share/limo_msgs/cmake/export_limo_msgs__rosidl_typesupport_fastrtps_cppExport-noconfig.cmake
[14.454s] -- Installing: /home/agilex/agilex_ws/install/limo_msgs/share/limo_msgs/cmake/limo_msgs__rosidl_typesupport_introspection_cExport.cmake
[14.454s] -- Installing: /home/agilex/agilex_ws/install/limo_msgs/share/limo_msgs/cmake/limo_msgs__rosidl_typesupport_introspection_cExport-noconfig.cmake
[14.454s] -- Installing: /home/agilex/agilex_ws/install/limo_msgs/share/limo_msgs/cmake/limo_msgs__rosidl_typesupport_cExport.cmake
[14.454s] -- Installing: /home/agilex/agilex_ws/install/limo_msgs/share/limo_msgs/cmake/limo_msgs__rosidl_typesupport_cExport-noconfig.cmake
[14.454s] -- Installing: /home/agilex/agilex_ws/install/limo_msgs/share/limo_msgs/cmake/limo_msgs__rosidl_typesupport_introspection_cppExport.cmake
[14.454s] -- Installing: /home/agilex/agilex_ws/install/limo_msgs/share/limo_msgs/cmake/limo_msgs__rosidl_typesupport_introspection_cppExport-noconfig.cmake
[14.454s] -- Installing: /home/agilex/agilex_ws/install/limo_msgs/share/limo_msgs/cmake/limo_msgs__rosidl_typesupport_cppExport.cmake
[14.454s] -- Installing: /home/agilex/agilex_ws/install/limo_msgs/share/limo_msgs/cmake/limo_msgs__rosidl_typesupport_cppExport-noconfig.cmake
[14.454s] -- Installing: /home/agilex/agilex_ws/install/limo_msgs/share/limo_msgs/cmake/export_limo_msgs__rosidl_generator_pyExport.cmake
[14.454s] -- Installing: /home/agilex/agilex_ws/install/limo_msgs/share/limo_msgs/cmake/export_limo_msgs__rosidl_generator_pyExport-noconfig.cmake
[14.454s] -- Installing: /home/agilex/agilex_ws/install/limo_msgs/share/limo_msgs/cmake/rosidl_cmake-extras.cmake
[14.454s] -- Installing: /home/agilex/agilex_ws/install/limo_msgs/share/limo_msgs/cmake/ament_cmake_export_dependencies-extras.cmake
[14.454s] -- Installing: /home/agilex/agilex_ws/install/limo_msgs/share/limo_msgs/cmake/ament_cmake_export_include_directories-extras.cmake
[14.455s] -- Installing: /home/agilex/agilex_ws/install/limo_msgs/share/limo_msgs/cmake/ament_cmake_export_libraries-extras.cmake
[14.455s] -- Installing: /home/agilex/agilex_ws/install/limo_msgs/share/limo_msgs/cmake/ament_cmake_export_targets-extras.cmake
[14.455s] -- Installing: /home/agilex/agilex_ws/install/limo_msgs/share/limo_msgs/cmake/rosidl_cmake_export_typesupport_targets-extras.cmake
[14.455s] -- Installing: /home/agilex/agilex_ws/install/limo_msgs/share/limo_msgs/cmake/rosidl_cmake_export_typesupport_libraries-extras.cmake
[14.455s] -- Installing: /home/agilex/agilex_ws/install/limo_msgs/share/limo_msgs/cmake/limo_msgsConfig.cmake
[14.455s] -- Installing: /home/agilex/agilex_ws/install/limo_msgs/share/limo_msgs/cmake/limo_msgsConfig-version.cmake
[14.455s] -- Installing: /home/agilex/agilex_ws/install/limo_msgs/share/limo_msgs/package.xml
[14.473s] Invoked command in '/home/agilex/agilex_ws/build/limo_msgs' returned '0': CMAKE_PREFIX_PATH=/opt/ros/humble /usr/bin/cmake --install /home/agilex/agilex_ws/build/limo_msgs
