[0.085s] Invoking command in '/home/agilex/agilex_ws/build/dwb_plugins': AMENT_PREFIX_PATH=/home/agilex/agilex_ws/install/dwb_core:/home/agilex/agilex_ws/install/nav2_core:/home/agilex/agilex_ws/install/nav2_costmap_2d:/home/agilex/agilex_ws/install/nav_2d_utils:/home/agilex/agilex_ws/install/nav2_util:/home/agilex/agilex_ws/install/nav2_voxel_grid:/home/agilex/agilex_ws/install/nav2_msgs:/home/agilex/agilex_ws/install/dwb_msgs:/home/agilex/agilex_ws/install/nav_2d_msgs:/home/agilex/agilex_ws/install/nav2_common CMAKE_PREFIX_PATH=/home/agilex/agilex_ws/install/dwb_core:/home/agilex/agilex_ws/install/nav2_core:/home/agilex/agilex_ws/install/nav2_costmap_2d:/home/agilex/agilex_ws/install/nav_2d_utils:/home/agilex/agilex_ws/install/nav2_util:/home/agilex/agilex_ws/install/nav2_voxel_grid:/home/agilex/agilex_ws/install/nav2_msgs:/home/agilex/agilex_ws/install/dwb_msgs:/home/agilex/agilex_ws/install/nav_2d_msgs:/home/agilex/agilex_ws/install/nav2_common LD_LIBRARY_PATH=/home/agilex/agilex_ws/install/dwb_core/lib:/home/agilex/agilex_ws/install/nav2_costmap_2d/lib:/home/agilex/agilex_ws/install/nav_2d_utils/lib:/home/agilex/agilex_ws/install/nav2_util/lib:/home/agilex/agilex_ws/install/nav2_voxel_grid/lib:/home/agilex/agilex_ws/install/nav2_msgs/lib:/home/agilex/agilex_ws/install/dwb_msgs/lib:/home/agilex/agilex_ws/install/nav_2d_msgs/lib PYTHONPATH=/home/agilex/agilex_ws/install/nav2_msgs/local/lib/python3.10/dist-packages:/home/agilex/agilex_ws/install/dwb_msgs/local/lib/python3.10/dist-packages:/home/agilex/agilex_ws/install/nav_2d_msgs/local/lib/python3.10/dist-packages:/home/agilex/agilex_ws/install/nav2_common/local/lib/python3.10/dist-packages /usr/bin/cmake --build /home/agilex/agilex_ws/build/dwb_plugins -- -j16 -l16
[2.735s] [  5%] [32mBuilding CXX object CMakeFiles/standard_traj_generator.dir/src/standard_traj_generator.cpp.o[0m
[3.721s] [ 11%] [32mBuilding CXX object CMakeFiles/standard_traj_generator.dir/src/xy_theta_iterator.cpp.o[0m
[6.520s] [ 17%] [32mBuilding CXX object CMakeFiles/standard_traj_generator.dir/src/kinematic_parameters.cpp.o[0m
[9.680s] [ 23%] [32mBuilding CXX object CMakeFiles/standard_traj_generator.dir/src/limited_accel_generator.cpp.o[0m
[14.426s] [ 29%] [32m[1mLinking CXX shared library libstandard_traj_generator.so[0m
[14.718s] [ 29%] Built target standard_traj_generator
[14.747s] [ 35%] [32mBuilding CXX object gtest/CMakeFiles/gtest.dir/src/gtest-all.cc.o[0m
[25.173s] [ 41%] [32m[1mLinking CXX static library libgtest.a[0m
[25.229s] [ 41%] Built target gtest
[25.268s] [ 47%] [32mBuilding CXX object gtest/CMakeFiles/gtest_main.dir/src/gtest_main.cc.o[0m
[26.680s] [ 52%] [32m[1mLinking CXX static library libgtest_main.a[0m
[26.744s] [ 52%] Built target gtest_main
[26.785s] [ 58%] [32mBuilding CXX object test/CMakeFiles/vtest.dir/velocity_iterator_test.cpp.o[0m
[26.789s] [ 70%] [32mBuilding CXX object test/CMakeFiles/twist_gen_test.dir/twist_gen.cpp.o[0m
[26.789s] [ 70%] [32mBuilding CXX object test/CMakeFiles/kinematic_parameters_test.dir/kinematic_parameters_test.cpp.o[0m
[28.966s] [ 76%] [32m[1mLinking CXX executable vtest[0m
[29.176s] [ 76%] Built target vtest
[29.232s] [ 82%] [32mBuilding CXX object test/CMakeFiles/speed_limit_test.dir/speed_limit_test.cpp.o[0m
[35.435s] [ 88%] [32m[1mLinking CXX executable kinematic_parameters_test[0m
[35.946s] [ 88%] Built target kinematic_parameters_test
[36.372s] [ 94%] [32m[1mLinking CXX executable speed_limit_test[0m
[36.640s] [ 94%] Built target speed_limit_test
[37.676s] [100%] [32m[1mLinking CXX executable twist_gen_test[0m
[38.178s] [100%] Built target twist_gen_test
[38.224s] Invoked command in '/home/agilex/agilex_ws/build/dwb_plugins' returned '0': AMENT_PREFIX_PATH=/home/agilex/agilex_ws/install/dwb_core:/home/agilex/agilex_ws/install/nav2_core:/home/agilex/agilex_ws/install/nav2_costmap_2d:/home/agilex/agilex_ws/install/nav_2d_utils:/home/agilex/agilex_ws/install/nav2_util:/home/agilex/agilex_ws/install/nav2_voxel_grid:/home/agilex/agilex_ws/install/nav2_msgs:/home/agilex/agilex_ws/install/dwb_msgs:/home/agilex/agilex_ws/install/nav_2d_msgs:/home/agilex/agilex_ws/install/nav2_common CMAKE_PREFIX_PATH=/home/agilex/agilex_ws/install/dwb_core:/home/agilex/agilex_ws/install/nav2_core:/home/agilex/agilex_ws/install/nav2_costmap_2d:/home/agilex/agilex_ws/install/nav_2d_utils:/home/agilex/agilex_ws/install/nav2_util:/home/agilex/agilex_ws/install/nav2_voxel_grid:/home/agilex/agilex_ws/install/nav2_msgs:/home/agilex/agilex_ws/install/dwb_msgs:/home/agilex/agilex_ws/install/nav_2d_msgs:/home/agilex/agilex_ws/install/nav2_common LD_LIBRARY_PATH=/home/agilex/agilex_ws/install/dwb_core/lib:/home/agilex/agilex_ws/install/nav2_costmap_2d/lib:/home/agilex/agilex_ws/install/nav_2d_utils/lib:/home/agilex/agilex_ws/install/nav2_util/lib:/home/agilex/agilex_ws/install/nav2_voxel_grid/lib:/home/agilex/agilex_ws/install/nav2_msgs/lib:/home/agilex/agilex_ws/install/dwb_msgs/lib:/home/agilex/agilex_ws/install/nav_2d_msgs/lib PYTHONPATH=/home/agilex/agilex_ws/install/nav2_msgs/local/lib/python3.10/dist-packages:/home/agilex/agilex_ws/install/dwb_msgs/local/lib/python3.10/dist-packages:/home/agilex/agilex_ws/install/nav_2d_msgs/local/lib/python3.10/dist-packages:/home/agilex/agilex_ws/install/nav2_common/local/lib/python3.10/dist-packages /usr/bin/cmake --build /home/agilex/agilex_ws/build/dwb_plugins -- -j16 -l16
[38.277s] Invoking command in '/home/agilex/agilex_ws/build/dwb_plugins': AMENT_PREFIX_PATH=/home/agilex/agilex_ws/install/dwb_core:/home/agilex/agilex_ws/install/nav2_core:/home/agilex/agilex_ws/install/nav2_costmap_2d:/home/agilex/agilex_ws/install/nav_2d_utils:/home/agilex/agilex_ws/install/nav2_util:/home/agilex/agilex_ws/install/nav2_voxel_grid:/home/agilex/agilex_ws/install/nav2_msgs:/home/agilex/agilex_ws/install/dwb_msgs:/home/agilex/agilex_ws/install/nav_2d_msgs:/home/agilex/agilex_ws/install/nav2_common CMAKE_PREFIX_PATH=/home/agilex/agilex_ws/install/dwb_core:/home/agilex/agilex_ws/install/nav2_core:/home/agilex/agilex_ws/install/nav2_costmap_2d:/home/agilex/agilex_ws/install/nav_2d_utils:/home/agilex/agilex_ws/install/nav2_util:/home/agilex/agilex_ws/install/nav2_voxel_grid:/home/agilex/agilex_ws/install/nav2_msgs:/home/agilex/agilex_ws/install/dwb_msgs:/home/agilex/agilex_ws/install/nav_2d_msgs:/home/agilex/agilex_ws/install/nav2_common LD_LIBRARY_PATH=/home/agilex/agilex_ws/install/dwb_core/lib:/home/agilex/agilex_ws/install/nav2_costmap_2d/lib:/home/agilex/agilex_ws/install/nav_2d_utils/lib:/home/agilex/agilex_ws/install/nav2_util/lib:/home/agilex/agilex_ws/install/nav2_voxel_grid/lib:/home/agilex/agilex_ws/install/nav2_msgs/lib:/home/agilex/agilex_ws/install/dwb_msgs/lib:/home/agilex/agilex_ws/install/nav_2d_msgs/lib PYTHONPATH=/home/agilex/agilex_ws/install/nav2_msgs/local/lib/python3.10/dist-packages:/home/agilex/agilex_ws/install/dwb_msgs/local/lib/python3.10/dist-packages:/home/agilex/agilex_ws/install/nav_2d_msgs/local/lib/python3.10/dist-packages:/home/agilex/agilex_ws/install/nav2_common/local/lib/python3.10/dist-packages /usr/bin/cmake --install /home/agilex/agilex_ws/build/dwb_plugins
[38.292s] -- Install configuration: "Release"
[38.295s] -- Installing: /home/agilex/agilex_ws/install/dwb_plugins/lib/libstandard_traj_generator.so
[38.296s] -- Set runtime path of "/home/agilex/agilex_ws/install/dwb_plugins/lib/libstandard_traj_generator.so" to ""
[38.296s] -- Up-to-date: /home/agilex/agilex_ws/install/dwb_plugins/include/
[38.296s] -- Up-to-date: /home/agilex/agilex_ws/install/dwb_plugins/include//dwb_plugins
[38.296s] -- Up-to-date: /home/agilex/agilex_ws/install/dwb_plugins/include//dwb_plugins/kinematic_parameters.hpp
[38.297s] -- Up-to-date: /home/agilex/agilex_ws/install/dwb_plugins/include//dwb_plugins/xy_theta_iterator.hpp
[38.297s] -- Up-to-date: /home/agilex/agilex_ws/install/dwb_plugins/include//dwb_plugins/standard_traj_generator.hpp
[38.297s] -- Up-to-date: /home/agilex/agilex_ws/install/dwb_plugins/include//dwb_plugins/one_d_velocity_iterator.hpp
[38.297s] -- Up-to-date: /home/agilex/agilex_ws/install/dwb_plugins/include//dwb_plugins/limited_accel_generator.hpp
[38.297s] -- Up-to-date: /home/agilex/agilex_ws/install/dwb_plugins/include//dwb_plugins/velocity_iterator.hpp
[38.298s] -- Up-to-date: /home/agilex/agilex_ws/install/dwb_plugins/share/dwb_plugins/plugins.xml
[38.298s] -- Up-to-date: /home/agilex/agilex_ws/install/dwb_plugins/share/dwb_plugins/environment/library_path.sh
[38.299s] -- Up-to-date: /home/agilex/agilex_ws/install/dwb_plugins/share/dwb_plugins/environment/library_path.dsv
[38.299s] -- Up-to-date: /home/agilex/agilex_ws/install/dwb_plugins/share/dwb_plugins/plugins.xml
[38.300s] -- Up-to-date: /home/agilex/agilex_ws/install/dwb_plugins/share/ament_index/resource_index/package_run_dependencies/dwb_plugins
[38.300s] -- Up-to-date: /home/agilex/agilex_ws/install/dwb_plugins/share/ament_index/resource_index/parent_prefix_path/dwb_plugins
[38.303s] -- Up-to-date: /home/agilex/agilex_ws/install/dwb_plugins/share/dwb_plugins/environment/ament_prefix_path.sh
[38.303s] -- Up-to-date: /home/agilex/agilex_ws/install/dwb_plugins/share/dwb_plugins/environment/ament_prefix_path.dsv
[38.303s] -- Up-to-date: /home/agilex/agilex_ws/install/dwb_plugins/share/dwb_plugins/environment/path.sh
[38.303s] -- Up-to-date: /home/agilex/agilex_ws/install/dwb_plugins/share/dwb_plugins/environment/path.dsv
[38.303s] -- Up-to-date: /home/agilex/agilex_ws/install/dwb_plugins/share/dwb_plugins/local_setup.bash
[38.303s] -- Up-to-date: /home/agilex/agilex_ws/install/dwb_plugins/share/dwb_plugins/local_setup.sh
[38.303s] -- Up-to-date: /home/agilex/agilex_ws/install/dwb_plugins/share/dwb_plugins/local_setup.zsh
[38.303s] -- Up-to-date: /home/agilex/agilex_ws/install/dwb_plugins/share/dwb_plugins/local_setup.dsv
[38.304s] -- Installing: /home/agilex/agilex_ws/install/dwb_plugins/share/dwb_plugins/package.dsv
[38.304s] -- Up-to-date: /home/agilex/agilex_ws/install/dwb_plugins/share/ament_index/resource_index/packages/dwb_plugins
[38.304s] -- Up-to-date: /home/agilex/agilex_ws/install/dwb_plugins/share/ament_index/resource_index/dwb_core__pluginlib__plugin/dwb_plugins
[38.305s] -- Up-to-date: /home/agilex/agilex_ws/install/dwb_plugins/share/dwb_plugins/cmake/ament_cmake_export_include_directories-extras.cmake
[38.305s] -- Up-to-date: /home/agilex/agilex_ws/install/dwb_plugins/share/dwb_plugins/cmake/ament_cmake_export_libraries-extras.cmake
[38.305s] -- Up-to-date: /home/agilex/agilex_ws/install/dwb_plugins/share/dwb_plugins/cmake/dwb_pluginsConfig.cmake
[38.306s] -- Up-to-date: /home/agilex/agilex_ws/install/dwb_plugins/share/dwb_plugins/cmake/dwb_pluginsConfig-version.cmake
[38.306s] -- Up-to-date: /home/agilex/agilex_ws/install/dwb_plugins/share/dwb_plugins/package.xml
[38.313s] Invoked command in '/home/agilex/agilex_ws/build/dwb_plugins' returned '0': AMENT_PREFIX_PATH=/home/agilex/agilex_ws/install/dwb_core:/home/agilex/agilex_ws/install/nav2_core:/home/agilex/agilex_ws/install/nav2_costmap_2d:/home/agilex/agilex_ws/install/nav_2d_utils:/home/agilex/agilex_ws/install/nav2_util:/home/agilex/agilex_ws/install/nav2_voxel_grid:/home/agilex/agilex_ws/install/nav2_msgs:/home/agilex/agilex_ws/install/dwb_msgs:/home/agilex/agilex_ws/install/nav_2d_msgs:/home/agilex/agilex_ws/install/nav2_common CMAKE_PREFIX_PATH=/home/agilex/agilex_ws/install/dwb_core:/home/agilex/agilex_ws/install/nav2_core:/home/agilex/agilex_ws/install/nav2_costmap_2d:/home/agilex/agilex_ws/install/nav_2d_utils:/home/agilex/agilex_ws/install/nav2_util:/home/agilex/agilex_ws/install/nav2_voxel_grid:/home/agilex/agilex_ws/install/nav2_msgs:/home/agilex/agilex_ws/install/dwb_msgs:/home/agilex/agilex_ws/install/nav_2d_msgs:/home/agilex/agilex_ws/install/nav2_common LD_LIBRARY_PATH=/home/agilex/agilex_ws/install/dwb_core/lib:/home/agilex/agilex_ws/install/nav2_costmap_2d/lib:/home/agilex/agilex_ws/install/nav_2d_utils/lib:/home/agilex/agilex_ws/install/nav2_util/lib:/home/agilex/agilex_ws/install/nav2_voxel_grid/lib:/home/agilex/agilex_ws/install/nav2_msgs/lib:/home/agilex/agilex_ws/install/dwb_msgs/lib:/home/agilex/agilex_ws/install/nav_2d_msgs/lib PYTHONPATH=/home/agilex/agilex_ws/install/nav2_msgs/local/lib/python3.10/dist-packages:/home/agilex/agilex_ws/install/dwb_msgs/local/lib/python3.10/dist-packages:/home/agilex/agilex_ws/install/nav_2d_msgs/local/lib/python3.10/dist-packages:/home/agilex/agilex_ws/install/nav2_common/local/lib/python3.10/dist-packages /usr/bin/cmake --install /home/agilex/agilex_ws/build/dwb_plugins
