[  1%] [32mBuilding CXX object CMakeFiles/nav2_compute_path_to_pose_action_bt_node.dir/plugins/action/compute_path_to_pose_action.cpp.o[0m
[  1%] [32mBuilding CXX object CMakeFiles/nav2_back_up_cancel_bt_node.dir/plugins/action/back_up_cancel_node.cpp.o[0m
[  4%] [32mBuilding CXX object CMakeFiles/nav2_spin_cancel_bt_node.dir/plugins/action/spin_cancel_node.cpp.o[0m
[  4%] [32mBuilding CXX object CMakeFiles/nav2_compute_path_through_poses_action_bt_node.dir/plugins/action/compute_path_through_poses_action.cpp.o[0m
[  2%] [32mBuilding CXX object CMakeFiles/nav2_wait_cancel_bt_node.dir/plugins/action/wait_cancel_node.cpp.o[0m
[  4%] [32mBuilding CXX object CMakeFiles/nav2_behavior_tree.dir/src/behavior_tree_engine.cpp.o[0m
[  5%] [32mBuilding CXX object CMakeFiles/nav2_controller_cancel_bt_node.dir/plugins/action/controller_cancel_node.cpp.o[0m
[  6%] [32mBuilding CXX object CMakeFiles/nav2_smooth_path_action_bt_node.dir/plugins/action/smooth_path_action.cpp.o[0m
[  6%] [32mBuilding CXX object CMakeFiles/nav2_wait_action_bt_node.dir/plugins/action/wait_action.cpp.o[0m
[  6%] [32mBuilding CXX object CMakeFiles/nav2_drive_on_heading_cancel_bt_node.dir/plugins/action/drive_on_heading_cancel_node.cpp.o[0m
[  6%] [32mBuilding CXX object CMakeFiles/nav2_follow_path_action_bt_node.dir/plugins/action/follow_path_action.cpp.o[0m
[  6%] [32mBuilding CXX object CMakeFiles/nav2_is_stuck_condition_bt_node.dir/plugins/condition/is_stuck_condition.cpp.o[0m
[  6%] [32mBuilding CXX object CMakeFiles/nav2_back_up_action_bt_node.dir/plugins/action/back_up_action.cpp.o[0m
[  7%] [32mBuilding CXX object CMakeFiles/nav2_clear_costmap_service_bt_node.dir/plugins/action/clear_costmap_service.cpp.o[0m
[  7%] [32mBuilding CXX object CMakeFiles/nav2_drive_on_heading_bt_node.dir/plugins/action/drive_on_heading_action.cpp.o[0m
[  8%] [32mBuilding CXX object CMakeFiles/nav2_spin_action_bt_node.dir/plugins/action/spin_action.cpp.o[0m
[  9%] [32m[1mLinking CXX shared library libnav2_drive_on_heading_cancel_bt_node.so[0m
[  9%] Built target nav2_drive_on_heading_cancel_bt_node
[  9%] [32m[1mLinking CXX shared library libnav2_controller_cancel_bt_node.so[0m
[  9%] Built target nav2_controller_cancel_bt_node
[ 10%] [32m[1mLinking CXX shared library libnav2_is_stuck_condition_bt_node.so[0m
[ 10%] Built target nav2_is_stuck_condition_bt_node
[ 10%] [32m[1mLinking CXX shared library libnav2_smooth_path_action_bt_node.so[0m
[ 10%] Built target nav2_smooth_path_action_bt_node
[ 10%] [32m[1mLinking CXX shared library libnav2_spin_action_bt_node.so[0m
[ 10%] Built target nav2_spin_action_bt_node
[ 11%] [32m[1mLinking CXX shared library libnav2_back_up_cancel_bt_node.so[0m
[ 11%] Built target nav2_back_up_cancel_bt_node
[ 12%] [32m[1mLinking CXX shared library libnav2_back_up_action_bt_node.so[0m
[ 12%] Built target nav2_back_up_action_bt_node
[ 13%] [32m[1mLinking CXX shared library libnav2_behavior_tree.so[0m
[ 14%] [32m[1mLinking CXX shared library libnav2_follow_path_action_bt_node.so[0m
[ 14%] Built target nav2_behavior_tree
[ 14%] Built target nav2_follow_path_action_bt_node
[ 14%] [32m[1mLinking CXX shared library libnav2_compute_path_to_pose_action_bt_node.so[0m
[ 14%] Built target nav2_compute_path_to_pose_action_bt_node
[ 15%] [32m[1mLinking CXX shared library libnav2_wait_action_bt_node.so[0m
[ 15%] Built target nav2_wait_action_bt_node
[ 15%] [32m[1mLinking CXX shared library libnav2_spin_cancel_bt_node.so[0m
[ 15%] [32m[1mLinking CXX shared library libnav2_wait_cancel_bt_node.so[0m
[ 15%] [32m[1mLinking CXX shared library libnav2_clear_costmap_service_bt_node.so[0m
[ 15%] Built target nav2_spin_cancel_bt_node
[ 15%] Built target nav2_wait_cancel_bt_node
[ 15%] Built target nav2_clear_costmap_service_bt_node
[ 16%] [32m[1mLinking CXX shared library libnav2_drive_on_heading_bt_node.so[0m
[ 16%] Built target nav2_drive_on_heading_bt_node
[ 16%] [32m[1mLinking CXX shared library libnav2_compute_path_through_poses_action_bt_node.so[0m
[ 16%] Built target nav2_compute_path_through_poses_action_bt_node
[ 16%] [32mBuilding CXX object CMakeFiles/nav2_truncate_path_action_bt_node.dir/plugins/action/truncate_path_action.cpp.o[0m
[ 17%] [32m[1mLinking CXX shared library libnav2_truncate_path_action_bt_node.so[0m
[ 17%] Built target nav2_truncate_path_action_bt_node
[ 17%] [32mBuilding CXX object CMakeFiles/nav2_truncate_path_local_action_bt_node.dir/plugins/action/truncate_path_local_action.cpp.o[0m
[ 18%] [32m[1mLinking CXX shared library libnav2_truncate_path_local_action_bt_node.so[0m
[ 18%] Built target nav2_truncate_path_local_action_bt_node
[ 19%] [32mBuilding CXX object CMakeFiles/nav2_goal_updater_node_bt_node.dir/plugins/decorator/goal_updater_node.cpp.o[0m
[ 20%] [32mBuilding CXX object CMakeFiles/nav2_rate_controller_bt_node.dir/plugins/decorator/rate_controller.cpp.o[0m
[ 23%] [32mBuilding CXX object CMakeFiles/nav2_speed_controller_bt_node.dir/plugins/decorator/speed_controller.cpp.o[0m
[ 23%] [32mBuilding CXX object CMakeFiles/nav2_path_longer_on_approach_bt_node.dir/plugins/decorator/path_longer_on_approach.cpp.o[0m
[ 23%] [32mBuilding CXX object CMakeFiles/nav2_distance_controller_bt_node.dir/plugins/decorator/distance_controller.cpp.o[0m
[ 24%] [32mBuilding CXX object CMakeFiles/nav2_initial_pose_received_condition_bt_node.dir/plugins/condition/initial_pose_received_condition.cpp.o[0m
[ 24%] [32mBuilding CXX object CMakeFiles/nav2_is_battery_low_condition_bt_node.dir/plugins/condition/is_battery_low_condition.cpp.o[0m
[ 24%] [32mBuilding CXX object CMakeFiles/nav2_reinitialize_global_localization_service_bt_node.dir/plugins/action/reinitialize_global_localization_service.cpp.o[0m
[ 26%] [32mBuilding CXX object CMakeFiles/nav2_distance_traveled_condition_bt_node.dir/plugins/condition/distance_traveled_condition.cpp.o[0m
[ 26%] [32mBuilding CXX object CMakeFiles/nav2_time_expired_condition_bt_node.dir/plugins/condition/time_expired_condition.cpp.o[0m
[ 26%] [32mBuilding CXX object CMakeFiles/nav2_path_expiring_timer_condition.dir/plugins/condition/path_expiring_timer_condition.cpp.o[0m
[ 27%] [32m[1mLinking CXX shared library libnav2_initial_pose_received_condition_bt_node.so[0m
[ 28%] [32m[1mLinking CXX shared library libnav2_rate_controller_bt_node.so[0m
[ 29%] [32mBuilding CXX object CMakeFiles/nav2_globally_updated_goal_condition_bt_node.dir/plugins/condition/globally_updated_goal_condition.cpp.o[0m
[ 29%] [32mBuilding CXX object CMakeFiles/nav2_is_path_valid_condition_bt_node.dir/plugins/condition/is_path_valid_condition.cpp.o[0m
[ 30%] [32mBuilding CXX object CMakeFiles/nav2_goal_updated_condition_bt_node.dir/plugins/condition/goal_updated_condition.cpp.o[0m
[ 30%] Built target nav2_initial_pose_received_condition_bt_node
[ 30%] Built target nav2_rate_controller_bt_node
[ 30%] [32mBuilding CXX object CMakeFiles/nav2_recovery_node_bt_node.dir/plugins/control/recovery_node.cpp.o[0m
[ 31%] [32mBuilding CXX object CMakeFiles/nav2_goal_reached_condition_bt_node.dir/plugins/condition/goal_reached_condition.cpp.o[0m
[ 31%] [32mBuilding CXX object CMakeFiles/nav2_transform_available_condition_bt_node.dir/plugins/condition/transform_available_condition.cpp.o[0m
[ 32%] [32mBuilding CXX object CMakeFiles/nav2_navigate_to_pose_action_bt_node.dir/plugins/action/navigate_to_pose_action.cpp.o[0m
[ 32%] [32m[1mLinking CXX shared library libnav2_goal_updated_condition_bt_node.so[0m
[ 33%] [32m[1mLinking CXX shared library libnav2_recovery_node_bt_node.so[0m
[ 33%] Built target nav2_goal_updated_condition_bt_node
[ 33%] Built target nav2_recovery_node_bt_node
[ 33%] [32mBuilding CXX object CMakeFiles/nav2_navigate_through_poses_action_bt_node.dir/plugins/action/navigate_through_poses_action.cpp.o[0m
[ 33%] [32mBuilding CXX object CMakeFiles/nav2_remove_passed_goals_action_bt_node.dir/plugins/action/remove_passed_goals_action.cpp.o[0m
[ 34%] [32m[1mLinking CXX shared library libnav2_time_expired_condition_bt_node.so[0m
[ 35%] [32m[1mLinking CXX shared library libnav2_reinitialize_global_localization_service_bt_node.so[0m
[ 35%] Built target nav2_time_expired_condition_bt_node
[ 35%] Built target nav2_reinitialize_global_localization_service_bt_node
[ 35%] [32m[1mLinking CXX shared library libnav2_path_expiring_timer_condition.so[0m
[ 35%] [32m[1mLinking CXX shared library libnav2_path_longer_on_approach_bt_node.so[0m
[ 36%] [32m[1mLinking CXX shared library libnav2_distance_controller_bt_node.so[0m
[ 36%] Built target nav2_path_expiring_timer_condition
[ 36%] [32m[1mLinking CXX shared library libnav2_globally_updated_goal_condition_bt_node.so[0m
[ 36%] Built target nav2_path_longer_on_approach_bt_node
[ 37%] [32m[1mLinking CXX shared library libnav2_distance_traveled_condition_bt_node.so[0m
[ 37%] Built target nav2_distance_controller_bt_node
[ 37%] Built target nav2_globally_updated_goal_condition_bt_node
[ 38%] [32m[1mLinking CXX shared library libnav2_transform_available_condition_bt_node.so[0m
[ 38%] [32m[1mLinking CXX shared library libnav2_speed_controller_bt_node.so[0m
[ 38%] Built target nav2_distance_traveled_condition_bt_node
[ 38%] Built target nav2_transform_available_condition_bt_node
[ 38%] Built target nav2_speed_controller_bt_node
[ 39%] [32m[1mLinking CXX shared library libnav2_is_path_valid_condition_bt_node.so[0m
[ 39%] [32m[1mLinking CXX shared library libnav2_goal_reached_condition_bt_node.so[0m
[ 39%] Built target nav2_is_path_valid_condition_bt_node
[ 39%] Built target nav2_goal_reached_condition_bt_node
[ 39%] [32m[1mLinking CXX shared library libnav2_navigate_to_pose_action_bt_node.so[0m
[ 39%] Built target nav2_navigate_to_pose_action_bt_node
[ 39%] [32mBuilding CXX object gtest/CMakeFiles/gtest_main.dir/src/gtest_main.cc.o[0m
[ 39%] [32mBuilding CXX object gtest/CMakeFiles/gtest.dir/src/gtest-all.cc.o[0m
[ 40%] [32m[1mLinking CXX shared library libnav2_remove_passed_goals_action_bt_node.so[0m
[ 41%] [32m[1mLinking CXX static library libgtest_main.a[0m
[ 41%] Built target gtest_main
[ 43%] [32mBuilding CXX object CMakeFiles/nav2_goal_checker_selector_bt_node.dir/plugins/action/goal_checker_selector_node.cpp.o[0m
[ 43%] [32mBuilding CXX object CMakeFiles/nav2_controller_selector_bt_node.dir/plugins/action/controller_selector_node.cpp.o[0m
[ 43%] Built target nav2_remove_passed_goals_action_bt_node
[ 44%] [32mBuilding CXX object CMakeFiles/nav2_planner_selector_bt_node.dir/plugins/action/planner_selector_node.cpp.o[0m
[ 45%] [32m[1mLinking CXX shared library libnav2_is_battery_low_condition_bt_node.so[0m
[ 45%] Built target nav2_is_battery_low_condition_bt_node
[ 45%] [32mBuilding CXX object CMakeFiles/nav2_round_robin_node_bt_node.dir/plugins/control/round_robin_node.cpp.o[0m
[ 46%] [32mBuilding CXX object CMakeFiles/nav2_single_trigger_bt_node.dir/plugins/decorator/single_trigger_node.cpp.o[0m
[ 47%] [32m[1mLinking CXX shared library libnav2_navigate_through_poses_action_bt_node.so[0m
[ 47%] Built target nav2_navigate_through_poses_action_bt_node
[ 48%] [32m[1mLinking CXX shared library libnav2_round_robin_node_bt_node.so[0m
[ 49%] [32mBuilding CXX object CMakeFiles/nav2_pipeline_sequence_bt_node.dir/plugins/control/pipeline_sequence.cpp.o[0m
[ 49%] Built target nav2_round_robin_node_bt_node
[ 49%] [32m[1mLinking CXX shared library libnav2_single_trigger_bt_node.so[0m
[ 49%] Built target nav2_single_trigger_bt_node
[ 49%] [32m[1mLinking CXX shared library libnav2_goal_updater_node_bt_node.so[0m
[ 49%] [32m[1mLinking CXX shared library libnav2_pipeline_sequence_bt_node.so[0m
[ 49%] Built target nav2_pipeline_sequence_bt_node
[ 49%] Built target nav2_goal_updater_node_bt_node
[ 50%] [32m[1mLinking CXX static library libgtest.a[0m
[ 50%] Built target gtest
[ 50%] [32mBuilding CXX object test/CMakeFiles/test_bt_conversions.dir/test_bt_conversions.cpp.o[0m
[ 50%] [32mBuilding CXX object test/plugins/condition/CMakeFiles/test_condition_distance_traveled.dir/test_distance_traveled.cpp.o[0m
[ 50%] [32mBuilding CXX object test/plugins/condition/CMakeFiles/test_condition_time_expired.dir/test_time_expired.cpp.o[0m
[ 50%] [32mBuilding CXX object test/plugins/condition/CMakeFiles/test_condition_path_expiring_timer.dir/test_path_expiring_timer.cpp.o[0m
[ 51%] [32mBuilding CXX object test/plugins/condition/CMakeFiles/test_condition_is_path_valid.dir/test_is_path_valid.cpp.o[0m
[ 51%] [32mBuilding CXX object test/plugins/decorator/CMakeFiles/test_decorator_distance_controller.dir/test_distance_controller.cpp.o[0m
[ 52%] [32mBuilding CXX object test/plugins/condition/CMakeFiles/test_condition_is_battery_low.dir/test_is_battery_low.cpp.o[0m
[ 52%] [32mBuilding CXX object test/plugins/condition/CMakeFiles/test_condition_is_stuck.dir/test_is_stuck.cpp.o[0m
[ 52%] [32mBuilding CXX object test/plugins/condition/CMakeFiles/test_condition_transform_available.dir/test_transform_available.cpp.o[0m
[ 53%] [32mBuilding CXX object test/plugins/condition/CMakeFiles/test_condition_globally_updated_goal.dir/test_globally_updated_goal.cpp.o[0m
[ 54%] [32mBuilding CXX object test/plugins/condition/CMakeFiles/test_condition_goal_updated.dir/test_goal_updated.cpp.o[0m
[ 55%] [32mBuilding CXX object test/plugins/condition/CMakeFiles/test_condition_initial_pose_received.dir/test_initial_pose_received.cpp.o[0m
[ 55%] [32m[1mLinking CXX shared library libnav2_planner_selector_bt_node.so[0m
[ 56%] [32mBuilding CXX object test/plugins/condition/CMakeFiles/test_condition_goal_reached.dir/test_goal_reached.cpp.o[0m
[ 56%] Built target nav2_planner_selector_bt_node
[ 56%] [32mBuilding CXX object test/plugins/decorator/CMakeFiles/test_decorator_speed_controller.dir/test_speed_controller.cpp.o[0m
[ 56%] [32m[1mLinking CXX shared library libnav2_controller_selector_bt_node.so[0m
[ 56%] [32m[1mLinking CXX shared library libnav2_goal_checker_selector_bt_node.so[0m
[ 56%] Built target nav2_controller_selector_bt_node
[ 56%] [32mBuilding CXX object test/plugins/decorator/CMakeFiles/test_decorator_rate_controller.dir/test_rate_controller.cpp.o[0m
[ 57%] [32m[1mLinking CXX executable test_bt_conversions[0m
[ 57%] Built target nav2_goal_checker_selector_bt_node
[ 57%] [32mBuilding CXX object test/plugins/decorator/CMakeFiles/test_goal_updater_node.dir/test_goal_updater_node.cpp.o[0m
[ 57%] Built target test_bt_conversions
[ 58%] [32mBuilding CXX object test/plugins/decorator/CMakeFiles/test_single_trigger_node.dir/test_single_trigger_node.cpp.o[0m
[ 59%] [32m[1mLinking CXX executable test_condition_path_expiring_timer[0m
[ 59%] Built target test_condition_path_expiring_timer
[ 60%] [32m[1mLinking CXX executable test_condition_time_expired[0m
[ 60%] Built target test_condition_time_expired
[ 60%] [32m[1mLinking CXX executable test_condition_initial_pose_received[0m
[ 60%] Built target test_condition_initial_pose_received
[ 61%] [32m[1mLinking CXX executable test_condition_distance_traveled[0m
[ 61%] Built target test_condition_distance_traveled
[ 62%] [32m[1mLinking CXX executable test_decorator_distance_controller[0m
[ 62%] [32m[1mLinking CXX executable test_single_trigger_node[0m
[ 62%] Built target test_decorator_distance_controller
[ 62%] Built target test_single_trigger_node
[ 62%] [32m[1mLinking CXX executable test_condition_globally_updated_goal[0m
[ 63%] [32m[1mLinking CXX executable test_goal_updater_node[0m
[ 63%] Built target test_condition_globally_updated_goal
[ 64%] [32m[1mLinking CXX executable test_condition_is_battery_low[0m
[ 64%] Built target test_goal_updater_node
[ 65%] [32m[1mLinking CXX executable test_condition_transform_available[0m
[ 65%] Built target test_condition_is_battery_low
[ 65%] Built target test_condition_transform_available
[ 66%] [32m[1mLinking CXX executable test_decorator_rate_controller[0m
[ 67%] [32m[1mLinking CXX executable test_decorator_speed_controller[0m
[ 67%] Built target test_decorator_rate_controller
[ 67%] [32m[1mLinking CXX executable test_condition_goal_updated[0m
[ 67%] Built target test_decorator_speed_controller
[ 67%] Built target test_condition_goal_updated
[ 68%] [32m[1mLinking CXX executable test_condition_is_stuck[0m
[ 68%] Built target test_condition_is_stuck
[ 68%] [32m[1mLinking CXX executable test_condition_goal_reached[0m
[ 69%] [32m[1mLinking CXX executable test_condition_is_path_valid[0m
[ 69%] Built target test_condition_goal_reached
[ 69%] Built target test_condition_is_path_valid
[ 70%] [32mBuilding CXX object test/plugins/action/CMakeFiles/test_action_clear_costmap_service.dir/test_clear_costmap_service.cpp.o[0m
[ 71%] [32mBuilding CXX object test/plugins/action/CMakeFiles/test_action_reinitialize_global_localization_service.dir/test_reinitialize_global_localization_service.cpp.o[0m
[ 72%] [32mBuilding CXX object test/plugins/action/CMakeFiles/test_action_drive_on_heading_cancel_action.dir/test_drive_on_heading_cancel_node.cpp.o[0m
[ 72%] [32mBuilding CXX object test/plugins/action/CMakeFiles/test_action_back_up_cancel_action.dir/test_back_up_cancel_node.cpp.o[0m
[ 73%] [32mBuilding CXX object test/plugins/action/CMakeFiles/test_action_wait_cancel_action.dir/test_wait_cancel_node.cpp.o[0m
[ 73%] [32mBuilding CXX object test/plugins/action/CMakeFiles/test_action_spin_cancel_action.dir/test_spin_cancel_node.cpp.o[0m
[ 73%] [32mBuilding CXX object test/plugins/action/CMakeFiles/test_action_drive_on_heading.dir/test_drive_on_heading_action.cpp.o[0m
[ 73%] [32mBuilding CXX object test/plugins/action/CMakeFiles/test_action_controller_cancel_action.dir/test_controller_cancel_node.cpp.o[0m
[ 73%] [32mBuilding CXX object test/plugins/action/CMakeFiles/test_action_wait_action.dir/test_wait_action.cpp.o[0m
[ 75%] [32mBuilding CXX object test/plugins/action/CMakeFiles/test_action_spin_action.dir/test_spin_action.cpp.o[0m
[ 75%] [32mBuilding CXX object test/plugins/action/CMakeFiles/test_action_back_up_action.dir/test_back_up_action.cpp.o[0m
[ 75%] [32m[1mLinking CXX executable test_action_clear_costmap_service[0m
[ 75%] [32mBuilding CXX object test/plugins/action/CMakeFiles/test_bt_action_node.dir/test_bt_action_node.cpp.o[0m
[ 76%] [32mBuilding CXX object test/plugins/control/CMakeFiles/test_control_pipeline_sequence.dir/test_pipeline_sequence.cpp.o[0m
[ 77%] [32mBuilding CXX object test/plugins/control/CMakeFiles/test_control_round_robin_node.dir/test_round_robin_node.cpp.o[0m
[ 77%] Built target test_action_clear_costmap_service
[ 78%] [32mBuilding CXX object test/plugins/action/CMakeFiles/test_action_compute_path_to_pose_action.dir/test_compute_path_to_pose_action.cpp.o[0m
[ 79%] [32mBuilding CXX object test/plugins/control/CMakeFiles/test_control_recovery_node.dir/test_recovery_node.cpp.o[0m
[ 79%] [32mBuilding CXX object test/plugins/decorator/CMakeFiles/test_decorator_path_longer_on_approach.dir/test_path_longer_on_approach.cpp.o[0m
[ 80%] [32m[1mLinking CXX executable test_decorator_path_longer_on_approach[0m
[ 80%] Built target test_decorator_path_longer_on_approach
[ 80%] [32m[1mLinking CXX executable test_control_pipeline_sequence[0m
[ 80%] [32m[1mLinking CXX executable test_action_back_up_action[0m
[ 80%] Built target test_control_pipeline_sequence
[ 80%] Built target test_action_back_up_action
[ 80%] [32m[1mLinking CXX executable test_control_recovery_node[0m
[ 80%] [32m[1mLinking CXX executable test_control_round_robin_node[0m
[ 80%] Built target test_control_round_robin_node
[ 80%] Built target test_control_recovery_node
[ 80%] [32m[1mLinking CXX executable test_action_reinitialize_global_localization_service[0m
[ 80%] [32m[1mLinking CXX executable test_action_spin_action[0m
[ 80%] Built target test_action_spin_action
[ 80%] Built target test_action_reinitialize_global_localization_service
[ 81%] [32m[1mLinking CXX executable test_action_wait_action[0m
[ 81%] Built target test_action_wait_action
[ 82%] [32m[1mLinking CXX executable test_action_compute_path_to_pose_action[0m
[ 82%] Built target test_action_compute_path_to_pose_action
[ 83%] [32m[1mLinking CXX executable test_bt_action_node[0m
[ 83%] Built target test_bt_action_node
[ 84%] [32m[1mLinking CXX executable test_action_drive_on_heading_cancel_action[0m
[ 84%] Built target test_action_drive_on_heading_cancel_action
[ 84%] [32m[1mLinking CXX executable test_action_back_up_cancel_action[0m
[ 84%] Built target test_action_back_up_cancel_action
[ 85%] [32m[1mLinking CXX executable test_action_controller_cancel_action[0m
[ 85%] Built target test_action_controller_cancel_action
[ 86%] [32m[1mLinking CXX executable test_action_spin_cancel_action[0m
[ 86%] Built target test_action_spin_cancel_action
[ 87%] [32m[1mLinking CXX executable test_action_wait_cancel_action[0m
[ 88%] [32m[1mLinking CXX executable test_action_drive_on_heading[0m
[ 88%] Built target test_action_wait_cancel_action
[ 88%] Built target test_action_drive_on_heading
[ 88%] [32mBuilding CXX object test/plugins/action/CMakeFiles/test_goal_checker_selector_node.dir/test_goal_checker_selector_node.cpp.o[0m
[ 89%] [32m[1mLinking CXX executable test_goal_checker_selector_node[0m
[ 89%] Built target test_goal_checker_selector_node
[ 93%] [32mBuilding CXX object test/plugins/action/CMakeFiles/test_planner_selector_node.dir/test_planner_selector_node.cpp.o[0m
[ 93%] [32mBuilding CXX object test/plugins/action/CMakeFiles/test_controller_selector_node.dir/test_controller_selector_node.cpp.o[0m
[ 93%] [32mBuilding CXX object test/plugins/action/CMakeFiles/test_remove_passed_goals_action.dir/test_remove_passed_goals_action.cpp.o[0m
[ 93%] [32mBuilding CXX object test/plugins/action/CMakeFiles/test_truncate_path_local_action.dir/test_truncate_path_local_action.cpp.o[0m
[ 93%] [32m[1mLinking CXX executable test_remove_passed_goals_action[0m
[ 93%] Built target test_remove_passed_goals_action
[ 94%] [32mBuilding CXX object test/plugins/action/CMakeFiles/test_action_navigate_through_poses_action.dir/test_navigate_through_poses_action.cpp.o[0m
[ 95%] [32mBuilding CXX object test/plugins/action/CMakeFiles/test_action_compute_path_through_poses_action.dir/test_compute_path_through_poses_action.cpp.o[0m
[ 95%] [32mBuilding CXX object test/plugins/action/CMakeFiles/test_action_smooth_path_action.dir/test_smooth_path_action.cpp.o[0m
[ 96%] [32mBuilding CXX object test/plugins/action/CMakeFiles/test_action_navigate_to_pose_action.dir/test_navigate_to_pose_action.cpp.o[0m
[ 97%] [32mBuilding CXX object test/plugins/action/CMakeFiles/test_truncate_path_action.dir/test_truncate_path_action.cpp.o[0m
[ 97%] [32mBuilding CXX object test/plugins/action/CMakeFiles/test_action_follow_path_action.dir/test_follow_path_action.cpp.o[0m
[ 97%] [32m[1mLinking CXX executable test_controller_selector_node[0m
[ 97%] Built target test_controller_selector_node
[ 97%] [32m[1mLinking CXX executable test_planner_selector_node[0m
[ 97%] Built target test_planner_selector_node
[ 98%] [32m[1mLinking CXX executable test_truncate_path_local_action[0m
[ 98%] Built target test_truncate_path_local_action
[ 99%] [32m[1mLinking CXX executable test_action_navigate_through_poses_action[0m
[100%] [32m[1mLinking CXX executable test_action_follow_path_action[0m
[100%] Built target test_action_navigate_through_poses_action
[100%] Built target test_action_follow_path_action
[100%] [32m[1mLinking CXX executable test_truncate_path_action[0m
[100%] [32m[1mLinking CXX executable test_action_compute_path_through_poses_action[0m
[100%] [32m[1mLinking CXX executable test_action_navigate_to_pose_action[0m
[100%] Built target test_truncate_path_action
[100%] Built target test_action_compute_path_through_poses_action
[100%] Built target test_action_navigate_to_pose_action
[100%] [32m[1mLinking CXX executable test_action_smooth_path_action[0m
[100%] Built target test_action_smooth_path_action
-- Install configuration: "Release"
-- Installing: /home/agilex/agilex_ws/install/nav2_behavior_tree/lib/libnav2_behavior_tree.so
-- Set runtime path of "/home/agilex/agilex_ws/install/nav2_behavior_tree/lib/libnav2_behavior_tree.so" to ""
-- Installing: /home/agilex/agilex_ws/install/nav2_behavior_tree/lib/libnav2_compute_path_to_pose_action_bt_node.so
-- Set runtime path of "/home/agilex/agilex_ws/install/nav2_behavior_tree/lib/libnav2_compute_path_to_pose_action_bt_node.so" to ""
-- Installing: /home/agilex/agilex_ws/install/nav2_behavior_tree/lib/libnav2_compute_path_through_poses_action_bt_node.so
-- Set runtime path of "/home/agilex/agilex_ws/install/nav2_behavior_tree/lib/libnav2_compute_path_through_poses_action_bt_node.so" to ""
-- Installing: /home/agilex/agilex_ws/install/nav2_behavior_tree/lib/libnav2_controller_cancel_bt_node.so
-- Set runtime path of "/home/agilex/agilex_ws/install/nav2_behavior_tree/lib/libnav2_controller_cancel_bt_node.so" to ""
-- Installing: /home/agilex/agilex_ws/install/nav2_behavior_tree/lib/libnav2_wait_cancel_bt_node.so
-- Set runtime path of "/home/agilex/agilex_ws/install/nav2_behavior_tree/lib/libnav2_wait_cancel_bt_node.so" to ""
-- Installing: /home/agilex/agilex_ws/install/nav2_behavior_tree/lib/libnav2_spin_cancel_bt_node.so
-- Set runtime path of "/home/agilex/agilex_ws/install/nav2_behavior_tree/lib/libnav2_spin_cancel_bt_node.so" to ""
-- Installing: /home/agilex/agilex_ws/install/nav2_behavior_tree/lib/libnav2_back_up_cancel_bt_node.so
-- Set runtime path of "/home/agilex/agilex_ws/install/nav2_behavior_tree/lib/libnav2_back_up_cancel_bt_node.so" to ""
-- Installing: /home/agilex/agilex_ws/install/nav2_behavior_tree/lib/libnav2_drive_on_heading_cancel_bt_node.so
-- Set runtime path of "/home/agilex/agilex_ws/install/nav2_behavior_tree/lib/libnav2_drive_on_heading_cancel_bt_node.so" to ""
-- Installing: /home/agilex/agilex_ws/install/nav2_behavior_tree/lib/libnav2_smooth_path_action_bt_node.so
-- Set runtime path of "/home/agilex/agilex_ws/install/nav2_behavior_tree/lib/libnav2_smooth_path_action_bt_node.so" to ""
-- Installing: /home/agilex/agilex_ws/install/nav2_behavior_tree/lib/libnav2_follow_path_action_bt_node.so
-- Set runtime path of "/home/agilex/agilex_ws/install/nav2_behavior_tree/lib/libnav2_follow_path_action_bt_node.so" to ""
-- Installing: /home/agilex/agilex_ws/install/nav2_behavior_tree/lib/libnav2_back_up_action_bt_node.so
-- Set runtime path of "/home/agilex/agilex_ws/install/nav2_behavior_tree/lib/libnav2_back_up_action_bt_node.so" to ""
-- Installing: /home/agilex/agilex_ws/install/nav2_behavior_tree/lib/libnav2_drive_on_heading_bt_node.so
-- Set runtime path of "/home/agilex/agilex_ws/install/nav2_behavior_tree/lib/libnav2_drive_on_heading_bt_node.so" to ""
-- Installing: /home/agilex/agilex_ws/install/nav2_behavior_tree/lib/libnav2_spin_action_bt_node.so
-- Set runtime path of "/home/agilex/agilex_ws/install/nav2_behavior_tree/lib/libnav2_spin_action_bt_node.so" to ""
-- Installing: /home/agilex/agilex_ws/install/nav2_behavior_tree/lib/libnav2_wait_action_bt_node.so
-- Set runtime path of "/home/agilex/agilex_ws/install/nav2_behavior_tree/lib/libnav2_wait_action_bt_node.so" to ""
-- Installing: /home/agilex/agilex_ws/install/nav2_behavior_tree/lib/libnav2_clear_costmap_service_bt_node.so
-- Set runtime path of "/home/agilex/agilex_ws/install/nav2_behavior_tree/lib/libnav2_clear_costmap_service_bt_node.so" to ""
-- Installing: /home/agilex/agilex_ws/install/nav2_behavior_tree/lib/libnav2_is_stuck_condition_bt_node.so
-- Set runtime path of "/home/agilex/agilex_ws/install/nav2_behavior_tree/lib/libnav2_is_stuck_condition_bt_node.so" to ""
-- Installing: /home/agilex/agilex_ws/install/nav2_behavior_tree/lib/libnav2_transform_available_condition_bt_node.so
-- Set runtime path of "/home/agilex/agilex_ws/install/nav2_behavior_tree/lib/libnav2_transform_available_condition_bt_node.so" to ""
-- Installing: /home/agilex/agilex_ws/install/nav2_behavior_tree/lib/libnav2_goal_reached_condition_bt_node.so
-- Set runtime path of "/home/agilex/agilex_ws/install/nav2_behavior_tree/lib/libnav2_goal_reached_condition_bt_node.so" to ""
-- Installing: /home/agilex/agilex_ws/install/nav2_behavior_tree/lib/libnav2_globally_updated_goal_condition_bt_node.so
-- Set runtime path of "/home/agilex/agilex_ws/install/nav2_behavior_tree/lib/libnav2_globally_updated_goal_condition_bt_node.so" to ""
-- Installing: /home/agilex/agilex_ws/install/nav2_behavior_tree/lib/libnav2_goal_updated_condition_bt_node.so
-- Set runtime path of "/home/agilex/agilex_ws/install/nav2_behavior_tree/lib/libnav2_goal_updated_condition_bt_node.so" to ""
-- Installing: /home/agilex/agilex_ws/install/nav2_behavior_tree/lib/libnav2_is_path_valid_condition_bt_node.so
-- Set runtime path of "/home/agilex/agilex_ws/install/nav2_behavior_tree/lib/libnav2_is_path_valid_condition_bt_node.so" to ""
-- Installing: /home/agilex/agilex_ws/install/nav2_behavior_tree/lib/libnav2_time_expired_condition_bt_node.so
-- Set runtime path of "/home/agilex/agilex_ws/install/nav2_behavior_tree/lib/libnav2_time_expired_condition_bt_node.so" to ""
-- Installing: /home/agilex/agilex_ws/install/nav2_behavior_tree/lib/libnav2_path_expiring_timer_condition.so
-- Set runtime path of "/home/agilex/agilex_ws/install/nav2_behavior_tree/lib/libnav2_path_expiring_timer_condition.so" to ""
-- Installing: /home/agilex/agilex_ws/install/nav2_behavior_tree/lib/libnav2_distance_traveled_condition_bt_node.so
-- Set runtime path of "/home/agilex/agilex_ws/install/nav2_behavior_tree/lib/libnav2_distance_traveled_condition_bt_node.so" to ""
-- Installing: /home/agilex/agilex_ws/install/nav2_behavior_tree/lib/libnav2_initial_pose_received_condition_bt_node.so
-- Set runtime path of "/home/agilex/agilex_ws/install/nav2_behavior_tree/lib/libnav2_initial_pose_received_condition_bt_node.so" to ""
-- Installing: /home/agilex/agilex_ws/install/nav2_behavior_tree/lib/libnav2_is_battery_low_condition_bt_node.so
-- Set runtime path of "/home/agilex/agilex_ws/install/nav2_behavior_tree/lib/libnav2_is_battery_low_condition_bt_node.so" to ""
-- Installing: /home/agilex/agilex_ws/install/nav2_behavior_tree/lib/libnav2_reinitialize_global_localization_service_bt_node.so
-- Set runtime path of "/home/agilex/agilex_ws/install/nav2_behavior_tree/lib/libnav2_reinitialize_global_localization_service_bt_node.so" to ""
-- Installing: /home/agilex/agilex_ws/install/nav2_behavior_tree/lib/libnav2_rate_controller_bt_node.so
-- Set runtime path of "/home/agilex/agilex_ws/install/nav2_behavior_tree/lib/libnav2_rate_controller_bt_node.so" to ""
-- Installing: /home/agilex/agilex_ws/install/nav2_behavior_tree/lib/libnav2_distance_controller_bt_node.so
-- Set runtime path of "/home/agilex/agilex_ws/install/nav2_behavior_tree/lib/libnav2_distance_controller_bt_node.so" to ""
-- Installing: /home/agilex/agilex_ws/install/nav2_behavior_tree/lib/libnav2_speed_controller_bt_node.so
-- Set runtime path of "/home/agilex/agilex_ws/install/nav2_behavior_tree/lib/libnav2_speed_controller_bt_node.so" to ""
-- Installing: /home/agilex/agilex_ws/install/nav2_behavior_tree/lib/libnav2_truncate_path_action_bt_node.so
-- Set runtime path of "/home/agilex/agilex_ws/install/nav2_behavior_tree/lib/libnav2_truncate_path_action_bt_node.so" to ""
-- Installing: /home/agilex/agilex_ws/install/nav2_behavior_tree/lib/libnav2_truncate_path_local_action_bt_node.so
-- Set runtime path of "/home/agilex/agilex_ws/install/nav2_behavior_tree/lib/libnav2_truncate_path_local_action_bt_node.so" to ""
-- Installing: /home/agilex/agilex_ws/install/nav2_behavior_tree/lib/libnav2_goal_updater_node_bt_node.so
-- Set runtime path of "/home/agilex/agilex_ws/install/nav2_behavior_tree/lib/libnav2_goal_updater_node_bt_node.so" to ""
-- Installing: /home/agilex/agilex_ws/install/nav2_behavior_tree/lib/libnav2_path_longer_on_approach_bt_node.so
-- Set runtime path of "/home/agilex/agilex_ws/install/nav2_behavior_tree/lib/libnav2_path_longer_on_approach_bt_node.so" to ""
-- Installing: /home/agilex/agilex_ws/install/nav2_behavior_tree/lib/libnav2_recovery_node_bt_node.so
-- Set runtime path of "/home/agilex/agilex_ws/install/nav2_behavior_tree/lib/libnav2_recovery_node_bt_node.so" to ""
-- Installing: /home/agilex/agilex_ws/install/nav2_behavior_tree/lib/libnav2_navigate_to_pose_action_bt_node.so
-- Set runtime path of "/home/agilex/agilex_ws/install/nav2_behavior_tree/lib/libnav2_navigate_to_pose_action_bt_node.so" to ""
-- Installing: /home/agilex/agilex_ws/install/nav2_behavior_tree/lib/libnav2_navigate_through_poses_action_bt_node.so
-- Set runtime path of "/home/agilex/agilex_ws/install/nav2_behavior_tree/lib/libnav2_navigate_through_poses_action_bt_node.so" to ""
-- Installing: /home/agilex/agilex_ws/install/nav2_behavior_tree/lib/libnav2_remove_passed_goals_action_bt_node.so
-- Set runtime path of "/home/agilex/agilex_ws/install/nav2_behavior_tree/lib/libnav2_remove_passed_goals_action_bt_node.so" to ""
-- Installing: /home/agilex/agilex_ws/install/nav2_behavior_tree/lib/libnav2_pipeline_sequence_bt_node.so
-- Set runtime path of "/home/agilex/agilex_ws/install/nav2_behavior_tree/lib/libnav2_pipeline_sequence_bt_node.so" to ""
-- Installing: /home/agilex/agilex_ws/install/nav2_behavior_tree/lib/libnav2_round_robin_node_bt_node.so
-- Set runtime path of "/home/agilex/agilex_ws/install/nav2_behavior_tree/lib/libnav2_round_robin_node_bt_node.so" to ""
-- Installing: /home/agilex/agilex_ws/install/nav2_behavior_tree/lib/libnav2_single_trigger_bt_node.so
-- Set runtime path of "/home/agilex/agilex_ws/install/nav2_behavior_tree/lib/libnav2_single_trigger_bt_node.so" to ""
-- Installing: /home/agilex/agilex_ws/install/nav2_behavior_tree/lib/libnav2_planner_selector_bt_node.so
-- Set runtime path of "/home/agilex/agilex_ws/install/nav2_behavior_tree/lib/libnav2_planner_selector_bt_node.so" to ""
-- Installing: /home/agilex/agilex_ws/install/nav2_behavior_tree/lib/libnav2_controller_selector_bt_node.so
-- Set runtime path of "/home/agilex/agilex_ws/install/nav2_behavior_tree/lib/libnav2_controller_selector_bt_node.so" to ""
-- Installing: /home/agilex/agilex_ws/install/nav2_behavior_tree/lib/libnav2_goal_checker_selector_bt_node.so
-- Set runtime path of "/home/agilex/agilex_ws/install/nav2_behavior_tree/lib/libnav2_goal_checker_selector_bt_node.so" to ""
-- Up-to-date: /home/agilex/agilex_ws/install/nav2_behavior_tree/include/
-- Up-to-date: /home/agilex/agilex_ws/install/nav2_behavior_tree/include//nav2_behavior_tree
-- Up-to-date: /home/agilex/agilex_ws/install/nav2_behavior_tree/include//nav2_behavior_tree/bt_action_server.hpp
-- Up-to-date: /home/agilex/agilex_ws/install/nav2_behavior_tree/include//nav2_behavior_tree/bt_action_node.hpp
-- Up-to-date: /home/agilex/agilex_ws/install/nav2_behavior_tree/include//nav2_behavior_tree/bt_conversions.hpp
-- Up-to-date: /home/agilex/agilex_ws/install/nav2_behavior_tree/include//nav2_behavior_tree/ros_topic_logger.hpp
-- Up-to-date: /home/agilex/agilex_ws/install/nav2_behavior_tree/include//nav2_behavior_tree/behavior_tree_engine.hpp
-- Up-to-date: /home/agilex/agilex_ws/install/nav2_behavior_tree/include//nav2_behavior_tree/bt_action_server_impl.hpp
-- Up-to-date: /home/agilex/agilex_ws/install/nav2_behavior_tree/include//nav2_behavior_tree/bt_cancel_action_node.hpp
-- Up-to-date: /home/agilex/agilex_ws/install/nav2_behavior_tree/include//nav2_behavior_tree/plugins
-- Up-to-date: /home/agilex/agilex_ws/install/nav2_behavior_tree/include//nav2_behavior_tree/plugins/action
-- Up-to-date: /home/agilex/agilex_ws/install/nav2_behavior_tree/include//nav2_behavior_tree/plugins/action/drive_on_heading_cancel_node.hpp
-- Up-to-date: /home/agilex/agilex_ws/install/nav2_behavior_tree/include//nav2_behavior_tree/plugins/action/reinitialize_global_localization_service.hpp
-- Up-to-date: /home/agilex/agilex_ws/install/nav2_behavior_tree/include//nav2_behavior_tree/plugins/action/wait_action.hpp
-- Up-to-date: /home/agilex/agilex_ws/install/nav2_behavior_tree/include//nav2_behavior_tree/plugins/action/wait_cancel_node.hpp
-- Up-to-date: /home/agilex/agilex_ws/install/nav2_behavior_tree/include//nav2_behavior_tree/plugins/action/navigate_through_poses_action.hpp
-- Up-to-date: /home/agilex/agilex_ws/install/nav2_behavior_tree/include//nav2_behavior_tree/plugins/action/controller_cancel_node.hpp
-- Up-to-date: /home/agilex/agilex_ws/install/nav2_behavior_tree/include//nav2_behavior_tree/plugins/action/clear_costmap_service.hpp
-- Up-to-date: /home/agilex/agilex_ws/install/nav2_behavior_tree/include//nav2_behavior_tree/plugins/action/compute_path_through_poses_action.hpp
-- Up-to-date: /home/agilex/agilex_ws/install/nav2_behavior_tree/include//nav2_behavior_tree/plugins/action/spin_action.hpp
-- Up-to-date: /home/agilex/agilex_ws/install/nav2_behavior_tree/include//nav2_behavior_tree/plugins/action/back_up_action.hpp
-- Up-to-date: /home/agilex/agilex_ws/install/nav2_behavior_tree/include//nav2_behavior_tree/plugins/action/smooth_path_action.hpp
-- Up-to-date: /home/agilex/agilex_ws/install/nav2_behavior_tree/include//nav2_behavior_tree/plugins/action/back_up_cancel_node.hpp
-- Up-to-date: /home/agilex/agilex_ws/install/nav2_behavior_tree/include//nav2_behavior_tree/plugins/action/compute_path_to_pose_action.hpp
-- Up-to-date: /home/agilex/agilex_ws/install/nav2_behavior_tree/include//nav2_behavior_tree/plugins/action/remove_passed_goals_action.hpp
-- Up-to-date: /home/agilex/agilex_ws/install/nav2_behavior_tree/include//nav2_behavior_tree/plugins/action/controller_selector_node.hpp
-- Up-to-date: /home/agilex/agilex_ws/install/nav2_behavior_tree/include//nav2_behavior_tree/plugins/action/planner_selector_node.hpp
-- Up-to-date: /home/agilex/agilex_ws/install/nav2_behavior_tree/include//nav2_behavior_tree/plugins/action/truncate_path_action.hpp
-- Up-to-date: /home/agilex/agilex_ws/install/nav2_behavior_tree/include//nav2_behavior_tree/plugins/action/goal_checker_selector_node.hpp
-- Up-to-date: /home/agilex/agilex_ws/install/nav2_behavior_tree/include//nav2_behavior_tree/plugins/action/spin_cancel_node.hpp
-- Up-to-date: /home/agilex/agilex_ws/install/nav2_behavior_tree/include//nav2_behavior_tree/plugins/action/follow_path_action.hpp
-- Up-to-date: /home/agilex/agilex_ws/install/nav2_behavior_tree/include//nav2_behavior_tree/plugins/action/truncate_path_local_action.hpp
-- Up-to-date: /home/agilex/agilex_ws/install/nav2_behavior_tree/include//nav2_behavior_tree/plugins/action/drive_on_heading_action.hpp
-- Up-to-date: /home/agilex/agilex_ws/install/nav2_behavior_tree/include//nav2_behavior_tree/plugins/action/navigate_to_pose_action.hpp
-- Up-to-date: /home/agilex/agilex_ws/install/nav2_behavior_tree/include//nav2_behavior_tree/plugins/control
-- Up-to-date: /home/agilex/agilex_ws/install/nav2_behavior_tree/include//nav2_behavior_tree/plugins/control/pipeline_sequence.hpp
-- Up-to-date: /home/agilex/agilex_ws/install/nav2_behavior_tree/include//nav2_behavior_tree/plugins/control/recovery_node.hpp
-- Up-to-date: /home/agilex/agilex_ws/install/nav2_behavior_tree/include//nav2_behavior_tree/plugins/control/round_robin_node.hpp
-- Up-to-date: /home/agilex/agilex_ws/install/nav2_behavior_tree/include//nav2_behavior_tree/plugins/decorator
-- Up-to-date: /home/agilex/agilex_ws/install/nav2_behavior_tree/include//nav2_behavior_tree/plugins/decorator/single_trigger_node.hpp
-- Up-to-date: /home/agilex/agilex_ws/install/nav2_behavior_tree/include//nav2_behavior_tree/plugins/decorator/goal_updater_node.hpp
-- Up-to-date: /home/agilex/agilex_ws/install/nav2_behavior_tree/include//nav2_behavior_tree/plugins/decorator/path_longer_on_approach.hpp
-- Up-to-date: /home/agilex/agilex_ws/install/nav2_behavior_tree/include//nav2_behavior_tree/plugins/decorator/rate_controller.hpp
-- Up-to-date: /home/agilex/agilex_ws/install/nav2_behavior_tree/include//nav2_behavior_tree/plugins/decorator/distance_controller.hpp
-- Up-to-date: /home/agilex/agilex_ws/install/nav2_behavior_tree/include//nav2_behavior_tree/plugins/decorator/speed_controller.hpp
-- Up-to-date: /home/agilex/agilex_ws/install/nav2_behavior_tree/include//nav2_behavior_tree/plugins/condition
-- Up-to-date: /home/agilex/agilex_ws/install/nav2_behavior_tree/include//nav2_behavior_tree/plugins/condition/goal_reached_condition.hpp
-- Up-to-date: /home/agilex/agilex_ws/install/nav2_behavior_tree/include//nav2_behavior_tree/plugins/condition/globally_updated_goal_condition.hpp
-- Up-to-date: /home/agilex/agilex_ws/install/nav2_behavior_tree/include//nav2_behavior_tree/plugins/condition/distance_traveled_condition.hpp
-- Up-to-date: /home/agilex/agilex_ws/install/nav2_behavior_tree/include//nav2_behavior_tree/plugins/condition/path_expiring_timer_condition.hpp
-- Up-to-date: /home/agilex/agilex_ws/install/nav2_behavior_tree/include//nav2_behavior_tree/plugins/condition/is_stuck_condition.hpp
-- Up-to-date: /home/agilex/agilex_ws/install/nav2_behavior_tree/include//nav2_behavior_tree/plugins/condition/time_expired_condition.hpp
-- Up-to-date: /home/agilex/agilex_ws/install/nav2_behavior_tree/include//nav2_behavior_tree/plugins/condition/is_battery_low_condition.hpp
-- Up-to-date: /home/agilex/agilex_ws/install/nav2_behavior_tree/include//nav2_behavior_tree/plugins/condition/is_path_valid_condition.hpp
-- Up-to-date: /home/agilex/agilex_ws/install/nav2_behavior_tree/include//nav2_behavior_tree/plugins/condition/initial_pose_received_condition.hpp
-- Up-to-date: /home/agilex/agilex_ws/install/nav2_behavior_tree/include//nav2_behavior_tree/plugins/condition/goal_updated_condition.hpp
-- Up-to-date: /home/agilex/agilex_ws/install/nav2_behavior_tree/include//nav2_behavior_tree/plugins/condition/transform_available_condition.hpp
-- Up-to-date: /home/agilex/agilex_ws/install/nav2_behavior_tree/include//nav2_behavior_tree/bt_service_node.hpp
-- Up-to-date: /home/agilex/agilex_ws/install/nav2_behavior_tree/share/nav2_behavior_tree/nav2_tree_nodes.xml
-- Up-to-date: /home/agilex/agilex_ws/install/nav2_behavior_tree/share/nav2_behavior_tree/environment/library_path.sh
-- Up-to-date: /home/agilex/agilex_ws/install/nav2_behavior_tree/share/nav2_behavior_tree/environment/library_path.dsv
-- Up-to-date: /home/agilex/agilex_ws/install/nav2_behavior_tree/share/ament_index/resource_index/package_run_dependencies/nav2_behavior_tree
-- Up-to-date: /home/agilex/agilex_ws/install/nav2_behavior_tree/share/ament_index/resource_index/parent_prefix_path/nav2_behavior_tree
-- Up-to-date: /home/agilex/agilex_ws/install/nav2_behavior_tree/share/nav2_behavior_tree/environment/ament_prefix_path.sh
-- Up-to-date: /home/agilex/agilex_ws/install/nav2_behavior_tree/share/nav2_behavior_tree/environment/ament_prefix_path.dsv
-- Up-to-date: /home/agilex/agilex_ws/install/nav2_behavior_tree/share/nav2_behavior_tree/environment/path.sh
-- Up-to-date: /home/agilex/agilex_ws/install/nav2_behavior_tree/share/nav2_behavior_tree/environment/path.dsv
-- Up-to-date: /home/agilex/agilex_ws/install/nav2_behavior_tree/share/nav2_behavior_tree/local_setup.bash
-- Up-to-date: /home/agilex/agilex_ws/install/nav2_behavior_tree/share/nav2_behavior_tree/local_setup.sh
-- Up-to-date: /home/agilex/agilex_ws/install/nav2_behavior_tree/share/nav2_behavior_tree/local_setup.zsh
-- Up-to-date: /home/agilex/agilex_ws/install/nav2_behavior_tree/share/nav2_behavior_tree/local_setup.dsv
-- Installing: /home/agilex/agilex_ws/install/nav2_behavior_tree/share/nav2_behavior_tree/package.dsv
-- Up-to-date: /home/agilex/agilex_ws/install/nav2_behavior_tree/share/ament_index/resource_index/packages/nav2_behavior_tree
-- Up-to-date: /home/agilex/agilex_ws/install/nav2_behavior_tree/share/nav2_behavior_tree/cmake/ament_cmake_export_include_directories-extras.cmake
-- Up-to-date: /home/agilex/agilex_ws/install/nav2_behavior_tree/share/nav2_behavior_tree/cmake/ament_cmake_export_libraries-extras.cmake
-- Up-to-date: /home/agilex/agilex_ws/install/nav2_behavior_tree/share/nav2_behavior_tree/cmake/ament_cmake_export_dependencies-extras.cmake
-- Up-to-date: /home/agilex/agilex_ws/install/nav2_behavior_tree/share/nav2_behavior_tree/cmake/nav2_behavior_treeConfig.cmake
-- Up-to-date: /home/agilex/agilex_ws/install/nav2_behavior_tree/share/nav2_behavior_tree/cmake/nav2_behavior_treeConfig-version.cmake
-- Up-to-date: /home/agilex/agilex_ws/install/nav2_behavior_tree/share/nav2_behavior_tree/package.xml
