[0.038s] Invoking command in '/home/agilex/agilex_ws/build/nav2_behavior_tree': AMENT_PREFIX_PATH=/home/agilex/agilex_ws/install/nav2_util:/home/agilex/agilex_ws/install/nav2_msgs:/home/agilex/agilex_ws/install/nav2_common CMAKE_PREFIX_PATH=/home/agilex/agilex_ws/install/nav2_util:/home/agilex/agilex_ws/install/nav2_msgs:/home/agilex/agilex_ws/install/nav2_common LD_LIBRARY_PATH=/home/agilex/agilex_ws/install/nav2_util/lib:/home/agilex/agilex_ws/install/nav2_msgs/lib PYTHONPATH=/home/agilex/agilex_ws/install/nav2_msgs/local/lib/python3.10/dist-packages:/home/agilex/agilex_ws/install/nav2_common/local/lib/python3.10/dist-packages /usr/bin/cmake --build /home/agilex/agilex_ws/build/nav2_behavior_tree -- -j16 -l16
[0.146s] [  1%] [32mBuilding CXX object CMakeFiles/nav2_compute_path_to_pose_action_bt_node.dir/plugins/action/compute_path_to_pose_action.cpp.o[0m
[0.149s] [  1%] [32mBuilding CXX object CMakeFiles/nav2_back_up_cancel_bt_node.dir/plugins/action/back_up_cancel_node.cpp.o[0m
[0.150s] [  4%] [32mBuilding CXX object CMakeFiles/nav2_spin_cancel_bt_node.dir/plugins/action/spin_cancel_node.cpp.o[0m
[0.150s] [  4%] [32mBuilding CXX object CMakeFiles/nav2_compute_path_through_poses_action_bt_node.dir/plugins/action/compute_path_through_poses_action.cpp.o[0m
[0.151s] [  2%] [32mBuilding CXX object CMakeFiles/nav2_wait_cancel_bt_node.dir/plugins/action/wait_cancel_node.cpp.o[0m
[0.157s] [  4%] [32mBuilding CXX object CMakeFiles/nav2_behavior_tree.dir/src/behavior_tree_engine.cpp.o[0m
[0.157s] [  5%] [32mBuilding CXX object CMakeFiles/nav2_controller_cancel_bt_node.dir/plugins/action/controller_cancel_node.cpp.o[0m
[0.176s] [  6%] [32mBuilding CXX object CMakeFiles/nav2_smooth_path_action_bt_node.dir/plugins/action/smooth_path_action.cpp.o[0m
[0.179s] [  6%] [32mBuilding CXX object CMakeFiles/nav2_wait_action_bt_node.dir/plugins/action/wait_action.cpp.o[0m
[0.186s] [  6%] [32mBuilding CXX object CMakeFiles/nav2_drive_on_heading_cancel_bt_node.dir/plugins/action/drive_on_heading_cancel_node.cpp.o[0m
[0.191s] [  6%] [32mBuilding CXX object CMakeFiles/nav2_follow_path_action_bt_node.dir/plugins/action/follow_path_action.cpp.o[0m
[0.191s] [  6%] [32mBuilding CXX object CMakeFiles/nav2_is_stuck_condition_bt_node.dir/plugins/condition/is_stuck_condition.cpp.o[0m
[0.191s] [  6%] [32mBuilding CXX object CMakeFiles/nav2_back_up_action_bt_node.dir/plugins/action/back_up_action.cpp.o[0m
[0.199s] [  7%] [32mBuilding CXX object CMakeFiles/nav2_clear_costmap_service_bt_node.dir/plugins/action/clear_costmap_service.cpp.o[0m
[0.199s] [  7%] [32mBuilding CXX object CMakeFiles/nav2_drive_on_heading_bt_node.dir/plugins/action/drive_on_heading_action.cpp.o[0m
[0.211s] [  8%] [32mBuilding CXX object CMakeFiles/nav2_spin_action_bt_node.dir/plugins/action/spin_action.cpp.o[0m
[17.897s] [  9%] [32m[1mLinking CXX shared library libnav2_drive_on_heading_cancel_bt_node.so[0m
[18.331s] [  9%] Built target nav2_drive_on_heading_cancel_bt_node
[18.617s] [  9%] [32m[1mLinking CXX shared library libnav2_controller_cancel_bt_node.so[0m
[18.749s] [  9%] Built target nav2_controller_cancel_bt_node
[25.670s] [ 10%] [32m[1mLinking CXX shared library libnav2_is_stuck_condition_bt_node.so[0m
[26.096s] [ 10%] Built target nav2_is_stuck_condition_bt_node
[28.509s] [ 10%] [32m[1mLinking CXX shared library libnav2_smooth_path_action_bt_node.so[0m
[28.714s] [ 10%] Built target nav2_smooth_path_action_bt_node
[29.074s] [ 10%] [32m[1mLinking CXX shared library libnav2_spin_action_bt_node.so[0m
[29.244s] [ 10%] Built target nav2_spin_action_bt_node
[29.668s] [ 11%] [32m[1mLinking CXX shared library libnav2_back_up_cancel_bt_node.so[0m
[29.904s] [ 11%] Built target nav2_back_up_cancel_bt_node
[31.809s] [ 12%] [32m[1mLinking CXX shared library libnav2_back_up_action_bt_node.so[0m
[32.046s] [ 12%] Built target nav2_back_up_action_bt_node
[33.111s] [ 13%] [32m[1mLinking CXX shared library libnav2_behavior_tree.so[0m
[33.158s] [ 14%] [32m[1mLinking CXX shared library libnav2_follow_path_action_bt_node.so[0m
[33.414s] [ 14%] Built target nav2_behavior_tree
[33.498s] [ 14%] Built target nav2_follow_path_action_bt_node
[34.775s] [ 14%] [32m[1mLinking CXX shared library libnav2_compute_path_to_pose_action_bt_node.so[0m
[35.048s] [ 14%] Built target nav2_compute_path_to_pose_action_bt_node
[35.586s] [ 15%] [32m[1mLinking CXX shared library libnav2_wait_action_bt_node.so[0m
[35.744s] [ 15%] Built target nav2_wait_action_bt_node
[36.996s] [ 15%] [32m[1mLinking CXX shared library libnav2_spin_cancel_bt_node.so[0m
[37.016s] [ 15%] [32m[1mLinking CXX shared library libnav2_wait_cancel_bt_node.so[0m
[37.028s] [ 15%] [32m[1mLinking CXX shared library libnav2_clear_costmap_service_bt_node.so[0m
[37.238s] [ 15%] Built target nav2_spin_cancel_bt_node
[37.246s] [ 15%] Built target nav2_wait_cancel_bt_node
[37.265s] [ 15%] Built target nav2_clear_costmap_service_bt_node
[37.500s] [ 16%] [32m[1mLinking CXX shared library libnav2_drive_on_heading_bt_node.so[0m
[37.674s] [ 16%] Built target nav2_drive_on_heading_bt_node
[37.925s] [ 16%] [32m[1mLinking CXX shared library libnav2_compute_path_through_poses_action_bt_node.so[0m
[38.062s] [ 16%] Built target nav2_compute_path_through_poses_action_bt_node
[38.094s] [ 16%] [32mBuilding CXX object CMakeFiles/nav2_truncate_path_action_bt_node.dir/plugins/action/truncate_path_action.cpp.o[0m
[41.852s] [ 17%] [32m[1mLinking CXX shared library libnav2_truncate_path_action_bt_node.so[0m
[41.987s] [ 17%] Built target nav2_truncate_path_action_bt_node
[42.018s] [ 17%] [32mBuilding CXX object CMakeFiles/nav2_truncate_path_local_action_bt_node.dir/plugins/action/truncate_path_local_action.cpp.o[0m
[45.842s] [ 18%] [32m[1mLinking CXX shared library libnav2_truncate_path_local_action_bt_node.so[0m
[45.996s] [ 18%] Built target nav2_truncate_path_local_action_bt_node
[46.026s] [ 19%] [32mBuilding CXX object CMakeFiles/nav2_goal_updater_node_bt_node.dir/plugins/decorator/goal_updater_node.cpp.o[0m
[47.041s] [ 20%] [32mBuilding CXX object CMakeFiles/nav2_rate_controller_bt_node.dir/plugins/decorator/rate_controller.cpp.o[0m
[47.043s] [ 23%] [32mBuilding CXX object CMakeFiles/nav2_speed_controller_bt_node.dir/plugins/decorator/speed_controller.cpp.o[0m
[47.043s] [ 23%] [32mBuilding CXX object CMakeFiles/nav2_path_longer_on_approach_bt_node.dir/plugins/decorator/path_longer_on_approach.cpp.o[0m
[47.044s] [ 23%] [32mBuilding CXX object CMakeFiles/nav2_distance_controller_bt_node.dir/plugins/decorator/distance_controller.cpp.o[0m
[48.057s] [ 24%] [32mBuilding CXX object CMakeFiles/nav2_initial_pose_received_condition_bt_node.dir/plugins/condition/initial_pose_received_condition.cpp.o[0m
[48.058s] [ 24%] [32mBuilding CXX object CMakeFiles/nav2_is_battery_low_condition_bt_node.dir/plugins/condition/is_battery_low_condition.cpp.o[0m
[48.063s] [ 24%] [32mBuilding CXX object CMakeFiles/nav2_reinitialize_global_localization_service_bt_node.dir/plugins/action/reinitialize_global_localization_service.cpp.o[0m
[49.087s] [ 26%] [32mBuilding CXX object CMakeFiles/nav2_distance_traveled_condition_bt_node.dir/plugins/condition/distance_traveled_condition.cpp.o[0m
[49.087s] [ 26%] [32mBuilding CXX object CMakeFiles/nav2_time_expired_condition_bt_node.dir/plugins/condition/time_expired_condition.cpp.o[0m
[49.087s] [ 26%] [32mBuilding CXX object CMakeFiles/nav2_path_expiring_timer_condition.dir/plugins/condition/path_expiring_timer_condition.cpp.o[0m
[50.050s] [ 27%] [32m[1mLinking CXX shared library libnav2_initial_pose_received_condition_bt_node.so[0m
[50.059s] [ 28%] [32m[1mLinking CXX shared library libnav2_rate_controller_bt_node.so[0m
[50.136s] [ 29%] [32mBuilding CXX object CMakeFiles/nav2_globally_updated_goal_condition_bt_node.dir/plugins/condition/globally_updated_goal_condition.cpp.o[0m
[50.139s] [ 29%] [32mBuilding CXX object CMakeFiles/nav2_is_path_valid_condition_bt_node.dir/plugins/condition/is_path_valid_condition.cpp.o[0m
[50.147s] [ 30%] [32mBuilding CXX object CMakeFiles/nav2_goal_updated_condition_bt_node.dir/plugins/condition/goal_updated_condition.cpp.o[0m
[50.327s] [ 30%] Built target nav2_initial_pose_received_condition_bt_node
[50.361s] [ 30%] Built target nav2_rate_controller_bt_node
[50.395s] [ 30%] [32mBuilding CXX object CMakeFiles/nav2_recovery_node_bt_node.dir/plugins/control/recovery_node.cpp.o[0m
[50.397s] [ 31%] [32mBuilding CXX object CMakeFiles/nav2_goal_reached_condition_bt_node.dir/plugins/condition/goal_reached_condition.cpp.o[0m
[50.397s] [ 31%] [32mBuilding CXX object CMakeFiles/nav2_transform_available_condition_bt_node.dir/plugins/condition/transform_available_condition.cpp.o[0m
[50.423s] [ 32%] [32mBuilding CXX object CMakeFiles/nav2_navigate_to_pose_action_bt_node.dir/plugins/action/navigate_to_pose_action.cpp.o[0m
[55.378s] [ 32%] [32m[1mLinking CXX shared library libnav2_goal_updated_condition_bt_node.so[0m
[55.382s] [ 33%] [32m[1mLinking CXX shared library libnav2_recovery_node_bt_node.so[0m
[56.172s] [ 33%] Built target nav2_goal_updated_condition_bt_node
[56.173s] [ 33%] Built target nav2_recovery_node_bt_node
[56.302s] [ 33%] [32mBuilding CXX object CMakeFiles/nav2_navigate_through_poses_action_bt_node.dir/plugins/action/navigate_through_poses_action.cpp.o[0m
[56.302s] [ 33%] [32mBuilding CXX object CMakeFiles/nav2_remove_passed_goals_action_bt_node.dir/plugins/action/remove_passed_goals_action.cpp.o[0m
[57.604s] [ 34%] [32m[1mLinking CXX shared library libnav2_time_expired_condition_bt_node.so[0m
[57.843s] [ 35%] [32m[1mLinking CXX shared library libnav2_reinitialize_global_localization_service_bt_node.so[0m
[57.925s] [ 35%] Built target nav2_time_expired_condition_bt_node
[58.169s] [ 35%] Built target nav2_reinitialize_global_localization_service_bt_node
[58.654s] [ 35%] [32m[1mLinking CXX shared library libnav2_path_expiring_timer_condition.so[0m
[58.901s] [ 35%] [32m[1mLinking CXX shared library libnav2_path_longer_on_approach_bt_node.so[0m
[58.956s] [ 36%] [32m[1mLinking CXX shared library libnav2_distance_controller_bt_node.so[0m
[59.041s] [ 36%] Built target nav2_path_expiring_timer_condition
[59.196s] [ 36%] [32m[1mLinking CXX shared library libnav2_globally_updated_goal_condition_bt_node.so[0m
[59.214s] [ 36%] Built target nav2_path_longer_on_approach_bt_node
[59.273s] [ 37%] [32m[1mLinking CXX shared library libnav2_distance_traveled_condition_bt_node.so[0m
[59.347s] [ 37%] Built target nav2_distance_controller_bt_node
[59.412s] [ 37%] Built target nav2_globally_updated_goal_condition_bt_node
[59.442s] [ 38%] [32m[1mLinking CXX shared library libnav2_transform_available_condition_bt_node.so[0m
[59.508s] [ 38%] [32m[1mLinking CXX shared library libnav2_speed_controller_bt_node.so[0m
[59.665s] [ 38%] Built target nav2_distance_traveled_condition_bt_node
[59.769s] [ 38%] Built target nav2_transform_available_condition_bt_node
[59.848s] [ 38%] Built target nav2_speed_controller_bt_node
[60.371s] [ 39%] [32m[1mLinking CXX shared library libnav2_is_path_valid_condition_bt_node.so[0m
[60.537s] [ 39%] [32m[1mLinking CXX shared library libnav2_goal_reached_condition_bt_node.so[0m
[60.555s] [ 39%] Built target nav2_is_path_valid_condition_bt_node
[60.708s] [ 39%] Built target nav2_goal_reached_condition_bt_node
[62.266s] [ 39%] [32m[1mLinking CXX shared library libnav2_navigate_to_pose_action_bt_node.so[0m
[62.499s] [ 39%] Built target nav2_navigate_to_pose_action_bt_node
[62.528s] [ 39%] [32mBuilding CXX object gtest/CMakeFiles/gtest_main.dir/src/gtest_main.cc.o[0m
[62.531s] [ 39%] [32mBuilding CXX object gtest/CMakeFiles/gtest.dir/src/gtest-all.cc.o[0m
[63.290s] [ 40%] [32m[1mLinking CXX shared library libnav2_remove_passed_goals_action_bt_node.so[0m
[63.345s] [ 41%] [32m[1mLinking CXX static library libgtest_main.a[0m
[63.384s] [ 41%] Built target gtest_main
[63.424s] [ 43%] [32mBuilding CXX object CMakeFiles/nav2_goal_checker_selector_bt_node.dir/plugins/action/goal_checker_selector_node.cpp.o[0m
[63.424s] [ 43%] [32mBuilding CXX object CMakeFiles/nav2_controller_selector_bt_node.dir/plugins/action/controller_selector_node.cpp.o[0m
[63.468s] [ 43%] Built target nav2_remove_passed_goals_action_bt_node
[63.491s] [ 44%] [32mBuilding CXX object CMakeFiles/nav2_planner_selector_bt_node.dir/plugins/action/planner_selector_node.cpp.o[0m
[64.275s] [ 45%] [32m[1mLinking CXX shared library libnav2_is_battery_low_condition_bt_node.so[0m
[64.558s] [ 45%] Built target nav2_is_battery_low_condition_bt_node
[64.585s] [ 45%] [32mBuilding CXX object CMakeFiles/nav2_round_robin_node_bt_node.dir/plugins/control/round_robin_node.cpp.o[0m
[64.588s] [ 46%] [32mBuilding CXX object CMakeFiles/nav2_single_trigger_bt_node.dir/plugins/decorator/single_trigger_node.cpp.o[0m
[65.562s] [ 47%] [32m[1mLinking CXX shared library libnav2_navigate_through_poses_action_bt_node.so[0m
[65.823s] [ 47%] Built target nav2_navigate_through_poses_action_bt_node
[65.844s] [ 48%] [32m[1mLinking CXX shared library libnav2_round_robin_node_bt_node.so[0m
[65.846s] [ 49%] [32mBuilding CXX object CMakeFiles/nav2_pipeline_sequence_bt_node.dir/plugins/control/pipeline_sequence.cpp.o[0m
[66.048s] [ 49%] Built target nav2_round_robin_node_bt_node
[66.631s] [ 49%] [32m[1mLinking CXX shared library libnav2_single_trigger_bt_node.so[0m
[66.813s] [ 49%] Built target nav2_single_trigger_bt_node
[67.048s] [ 49%] [32m[1mLinking CXX shared library libnav2_goal_updater_node_bt_node.so[0m
[67.055s] [ 49%] [32m[1mLinking CXX shared library libnav2_pipeline_sequence_bt_node.so[0m
[67.182s] [ 49%] Built target nav2_pipeline_sequence_bt_node
[67.309s] [ 49%] Built target nav2_goal_updater_node_bt_node
[70.621s] [ 50%] [32m[1mLinking CXX static library libgtest.a[0m
[70.657s] [ 50%] Built target gtest
[70.687s] [ 50%] [32mBuilding CXX object test/CMakeFiles/test_bt_conversions.dir/test_bt_conversions.cpp.o[0m
[70.694s] [ 50%] [32mBuilding CXX object test/plugins/condition/CMakeFiles/test_condition_distance_traveled.dir/test_distance_traveled.cpp.o[0m
[70.695s] [ 50%] [32mBuilding CXX object test/plugins/condition/CMakeFiles/test_condition_time_expired.dir/test_time_expired.cpp.o[0m
[70.695s] [ 50%] [32mBuilding CXX object test/plugins/condition/CMakeFiles/test_condition_path_expiring_timer.dir/test_path_expiring_timer.cpp.o[0m
[71.724s] [ 51%] [32mBuilding CXX object test/plugins/condition/CMakeFiles/test_condition_is_path_valid.dir/test_is_path_valid.cpp.o[0m
[71.724s] [ 51%] [32mBuilding CXX object test/plugins/decorator/CMakeFiles/test_decorator_distance_controller.dir/test_distance_controller.cpp.o[0m
[71.739s] [ 52%] [32mBuilding CXX object test/plugins/condition/CMakeFiles/test_condition_is_battery_low.dir/test_is_battery_low.cpp.o[0m
[72.807s] [ 52%] [32mBuilding CXX object test/plugins/condition/CMakeFiles/test_condition_is_stuck.dir/test_is_stuck.cpp.o[0m
[72.808s] [ 52%] [32mBuilding CXX object test/plugins/condition/CMakeFiles/test_condition_transform_available.dir/test_transform_available.cpp.o[0m
[73.855s] [ 53%] [32mBuilding CXX object test/plugins/condition/CMakeFiles/test_condition_globally_updated_goal.dir/test_globally_updated_goal.cpp.o[0m
[73.858s] [ 54%] [32mBuilding CXX object test/plugins/condition/CMakeFiles/test_condition_goal_updated.dir/test_goal_updated.cpp.o[0m
[73.859s] [ 55%] [32mBuilding CXX object test/plugins/condition/CMakeFiles/test_condition_initial_pose_received.dir/test_initial_pose_received.cpp.o[0m
[74.619s] [ 55%] [32m[1mLinking CXX shared library libnav2_planner_selector_bt_node.so[0m
[74.911s] [ 56%] [32mBuilding CXX object test/plugins/condition/CMakeFiles/test_condition_goal_reached.dir/test_goal_reached.cpp.o[0m
[75.338s] [ 56%] Built target nav2_planner_selector_bt_node
[75.412s] [ 56%] [32mBuilding CXX object test/plugins/decorator/CMakeFiles/test_decorator_speed_controller.dir/test_speed_controller.cpp.o[0m
[77.208s] [ 56%] [32m[1mLinking CXX shared library libnav2_controller_selector_bt_node.so[0m
[77.743s] [ 56%] [32m[1mLinking CXX shared library libnav2_goal_checker_selector_bt_node.so[0m
[77.774s] [ 56%] Built target nav2_controller_selector_bt_node
[77.871s] [ 56%] [32mBuilding CXX object test/plugins/decorator/CMakeFiles/test_decorator_rate_controller.dir/test_rate_controller.cpp.o[0m
[78.112s] [ 57%] [32m[1mLinking CXX executable test_bt_conversions[0m
[78.341s] [ 57%] Built target nav2_goal_checker_selector_bt_node
[78.445s] [ 57%] [32mBuilding CXX object test/plugins/decorator/CMakeFiles/test_goal_updater_node.dir/test_goal_updater_node.cpp.o[0m
[78.839s] [ 57%] Built target test_bt_conversions
[78.930s] [ 58%] [32mBuilding CXX object test/plugins/decorator/CMakeFiles/test_single_trigger_node.dir/test_single_trigger_node.cpp.o[0m
[89.921s] [ 59%] [32m[1mLinking CXX executable test_condition_path_expiring_timer[0m
[90.605s] [ 59%] Built target test_condition_path_expiring_timer
[91.999s] [ 60%] [32m[1mLinking CXX executable test_condition_time_expired[0m
[92.540s] [ 60%] Built target test_condition_time_expired
[92.933s] [ 60%] [32m[1mLinking CXX executable test_condition_initial_pose_received[0m
[93.308s] [ 60%] Built target test_condition_initial_pose_received
[93.354s] [ 61%] [32m[1mLinking CXX executable test_condition_distance_traveled[0m
[93.826s] [ 61%] Built target test_condition_distance_traveled
[94.483s] [ 62%] [32m[1mLinking CXX executable test_decorator_distance_controller[0m
[94.773s] [ 62%] [32m[1mLinking CXX executable test_single_trigger_node[0m
[94.844s] [ 62%] Built target test_decorator_distance_controller
[95.055s] [ 62%] Built target test_single_trigger_node
[95.292s] [ 62%] [32m[1mLinking CXX executable test_condition_globally_updated_goal[0m
[95.479s] [ 63%] [32m[1mLinking CXX executable test_goal_updater_node[0m
[95.611s] [ 63%] Built target test_condition_globally_updated_goal
[95.648s] [ 64%] [32m[1mLinking CXX executable test_condition_is_battery_low[0m
[95.889s] [ 64%] Built target test_goal_updater_node
[95.929s] [ 65%] [32m[1mLinking CXX executable test_condition_transform_available[0m
[96.033s] [ 65%] Built target test_condition_is_battery_low
[96.295s] [ 65%] Built target test_condition_transform_available
[97.300s] [ 66%] [32m[1mLinking CXX executable test_decorator_rate_controller[0m
[97.409s] [ 67%] [32m[1mLinking CXX executable test_decorator_speed_controller[0m
[97.538s] [ 67%] Built target test_decorator_rate_controller
[97.561s] [ 67%] [32m[1mLinking CXX executable test_condition_goal_updated[0m
[97.632s] [ 67%] Built target test_decorator_speed_controller
[97.766s] [ 67%] Built target test_condition_goal_updated
[98.158s] [ 68%] [32m[1mLinking CXX executable test_condition_is_stuck[0m
[98.358s] [ 68%] Built target test_condition_is_stuck
[98.933s] [ 68%] [32m[1mLinking CXX executable test_condition_goal_reached[0m
[99.031s] [ 69%] [32m[1mLinking CXX executable test_condition_is_path_valid[0m
[99.106s] [ 69%] Built target test_condition_goal_reached
[99.194s] [ 69%] Built target test_condition_is_path_valid
[99.220s] [ 70%] [32mBuilding CXX object test/plugins/action/CMakeFiles/test_action_clear_costmap_service.dir/test_clear_costmap_service.cpp.o[0m
[102.234s] [ 71%] [32mBuilding CXX object test/plugins/action/CMakeFiles/test_action_reinitialize_global_localization_service.dir/test_reinitialize_global_localization_service.cpp.o[0m
[102.239s] [ 72%] [32mBuilding CXX object test/plugins/action/CMakeFiles/test_action_drive_on_heading_cancel_action.dir/test_drive_on_heading_cancel_node.cpp.o[0m
[102.239s] [ 72%] [32mBuilding CXX object test/plugins/action/CMakeFiles/test_action_back_up_cancel_action.dir/test_back_up_cancel_node.cpp.o[0m
[103.261s] [ 73%] [32mBuilding CXX object test/plugins/action/CMakeFiles/test_action_wait_cancel_action.dir/test_wait_cancel_node.cpp.o[0m
[103.261s] [ 73%] [32mBuilding CXX object test/plugins/action/CMakeFiles/test_action_spin_cancel_action.dir/test_spin_cancel_node.cpp.o[0m
[104.282s] [ 73%] [32mBuilding CXX object test/plugins/action/CMakeFiles/test_action_drive_on_heading.dir/test_drive_on_heading_action.cpp.o[0m
[104.284s] [ 73%] [32mBuilding CXX object test/plugins/action/CMakeFiles/test_action_controller_cancel_action.dir/test_controller_cancel_node.cpp.o[0m
[104.284s] [ 73%] [32mBuilding CXX object test/plugins/action/CMakeFiles/test_action_wait_action.dir/test_wait_action.cpp.o[0m
[105.318s] [ 75%] [32mBuilding CXX object test/plugins/action/CMakeFiles/test_action_spin_action.dir/test_spin_action.cpp.o[0m
[105.319s] [ 75%] [32mBuilding CXX object test/plugins/action/CMakeFiles/test_action_back_up_action.dir/test_back_up_action.cpp.o[0m
[106.309s] [ 75%] [32m[1mLinking CXX executable test_action_clear_costmap_service[0m
[106.394s] [ 75%] [32mBuilding CXX object test/plugins/action/CMakeFiles/test_bt_action_node.dir/test_bt_action_node.cpp.o[0m
[106.395s] [ 76%] [32mBuilding CXX object test/plugins/control/CMakeFiles/test_control_pipeline_sequence.dir/test_pipeline_sequence.cpp.o[0m
[106.398s] [ 77%] [32mBuilding CXX object test/plugins/control/CMakeFiles/test_control_round_robin_node.dir/test_round_robin_node.cpp.o[0m
[106.838s] [ 77%] Built target test_action_clear_costmap_service
[107.926s] [ 78%] [32mBuilding CXX object test/plugins/action/CMakeFiles/test_action_compute_path_to_pose_action.dir/test_compute_path_to_pose_action.cpp.o[0m
[108.986s] [ 79%] [32mBuilding CXX object test/plugins/control/CMakeFiles/test_control_recovery_node.dir/test_recovery_node.cpp.o[0m
[110.043s] [ 79%] [32mBuilding CXX object test/plugins/decorator/CMakeFiles/test_decorator_path_longer_on_approach.dir/test_path_longer_on_approach.cpp.o[0m
[126.473s] [ 80%] [32m[1mLinking CXX executable test_decorator_path_longer_on_approach[0m
[127.023s] [ 80%] Built target test_decorator_path_longer_on_approach
[127.630s] [ 80%] [32m[1mLinking CXX executable test_control_pipeline_sequence[0m
[128.070s] [ 80%] [32m[1mLinking CXX executable test_action_back_up_action[0m
[128.134s] [ 80%] Built target test_control_pipeline_sequence
[128.429s] [ 80%] Built target test_action_back_up_action
[128.431s] [ 80%] [32m[1mLinking CXX executable test_control_recovery_node[0m
[128.448s] [ 80%] [32m[1mLinking CXX executable test_control_round_robin_node[0m
[128.781s] [ 80%] Built target test_control_round_robin_node
[128.831s] [ 80%] Built target test_control_recovery_node
[129.019s] [ 80%] [32m[1mLinking CXX executable test_action_reinitialize_global_localization_service[0m
[129.065s] [ 80%] [32m[1mLinking CXX executable test_action_spin_action[0m
[129.347s] [ 80%] Built target test_action_spin_action
[129.365s] [ 80%] Built target test_action_reinitialize_global_localization_service
[129.564s] [ 81%] [32m[1mLinking CXX executable test_action_wait_action[0m
[129.776s] [ 81%] Built target test_action_wait_action
[130.258s] [ 82%] [32m[1mLinking CXX executable test_action_compute_path_to_pose_action[0m
[130.462s] [ 82%] Built target test_action_compute_path_to_pose_action
[130.716s] [ 83%] [32m[1mLinking CXX executable test_bt_action_node[0m
[130.921s] [ 83%] Built target test_bt_action_node
[131.492s] [ 84%] [32m[1mLinking CXX executable test_action_drive_on_heading_cancel_action[0m
[131.695s] [ 84%] Built target test_action_drive_on_heading_cancel_action
[131.988s] [ 84%] [32m[1mLinking CXX executable test_action_back_up_cancel_action[0m
[132.174s] [ 84%] Built target test_action_back_up_cancel_action
[135.651s] [ 85%] [32m[1mLinking CXX executable test_action_controller_cancel_action[0m
[135.910s] [ 85%] Built target test_action_controller_cancel_action
[136.037s] [ 86%] [32m[1mLinking CXX executable test_action_spin_cancel_action[0m
[136.316s] [ 86%] Built target test_action_spin_cancel_action
[136.490s] [ 87%] [32m[1mLinking CXX executable test_action_wait_cancel_action[0m
[136.605s] [ 88%] [32m[1mLinking CXX executable test_action_drive_on_heading[0m
[136.721s] [ 88%] Built target test_action_wait_cancel_action
[136.819s] [ 88%] Built target test_action_drive_on_heading
[136.860s] [ 88%] [32mBuilding CXX object test/plugins/action/CMakeFiles/test_goal_checker_selector_node.dir/test_goal_checker_selector_node.cpp.o[0m
[141.775s] [ 89%] [32m[1mLinking CXX executable test_goal_checker_selector_node[0m
[141.943s] [ 89%] Built target test_goal_checker_selector_node
[141.971s] [ 93%] [32mBuilding CXX object test/plugins/action/CMakeFiles/test_planner_selector_node.dir/test_planner_selector_node.cpp.o[0m
[141.971s] [ 93%] [32mBuilding CXX object test/plugins/action/CMakeFiles/test_controller_selector_node.dir/test_controller_selector_node.cpp.o[0m
[141.971s] [ 93%] [32mBuilding CXX object test/plugins/action/CMakeFiles/test_remove_passed_goals_action.dir/test_remove_passed_goals_action.cpp.o[0m
[141.971s] [ 93%] [32mBuilding CXX object test/plugins/action/CMakeFiles/test_truncate_path_local_action.dir/test_truncate_path_local_action.cpp.o[0m
[149.208s] [ 93%] [32m[1mLinking CXX executable test_remove_passed_goals_action[0m
[149.554s] [ 93%] Built target test_remove_passed_goals_action
[149.588s] [ 94%] [32mBuilding CXX object test/plugins/action/CMakeFiles/test_action_navigate_through_poses_action.dir/test_navigate_through_poses_action.cpp.o[0m
[149.589s] [ 95%] [32mBuilding CXX object test/plugins/action/CMakeFiles/test_action_compute_path_through_poses_action.dir/test_compute_path_through_poses_action.cpp.o[0m
[149.589s] [ 95%] [32mBuilding CXX object test/plugins/action/CMakeFiles/test_action_smooth_path_action.dir/test_smooth_path_action.cpp.o[0m
[149.589s] [ 96%] [32mBuilding CXX object test/plugins/action/CMakeFiles/test_action_navigate_to_pose_action.dir/test_navigate_to_pose_action.cpp.o[0m
[149.592s] [ 97%] [32mBuilding CXX object test/plugins/action/CMakeFiles/test_truncate_path_action.dir/test_truncate_path_action.cpp.o[0m
[149.593s] [ 97%] [32mBuilding CXX object test/plugins/action/CMakeFiles/test_action_follow_path_action.dir/test_follow_path_action.cpp.o[0m
[149.613s] [ 97%] [32m[1mLinking CXX executable test_controller_selector_node[0m
[149.963s] [ 97%] Built target test_controller_selector_node
[150.755s] [ 97%] [32m[1mLinking CXX executable test_planner_selector_node[0m
[151.049s] [ 97%] Built target test_planner_selector_node
[155.299s] [ 98%] [32m[1mLinking CXX executable test_truncate_path_local_action[0m
[155.682s] [ 98%] Built target test_truncate_path_local_action
[157.292s] [ 99%] [32m[1mLinking CXX executable test_action_navigate_through_poses_action[0m
[157.423s] [100%] [32m[1mLinking CXX executable test_action_follow_path_action[0m
[157.586s] [100%] Built target test_action_navigate_through_poses_action
[157.697s] [100%] Built target test_action_follow_path_action
[158.455s] [100%] [32m[1mLinking CXX executable test_truncate_path_action[0m
[158.548s] [100%] [32m[1mLinking CXX executable test_action_compute_path_through_poses_action[0m
[158.556s] [100%] [32m[1mLinking CXX executable test_action_navigate_to_pose_action[0m
[158.653s] [100%] Built target test_truncate_path_action
[158.736s] [100%] Built target test_action_compute_path_through_poses_action
[158.756s] [100%] Built target test_action_navigate_to_pose_action
[159.173s] [100%] [32m[1mLinking CXX executable test_action_smooth_path_action[0m
[159.325s] [100%] Built target test_action_smooth_path_action
[159.357s] Invoked command in '/home/agilex/agilex_ws/build/nav2_behavior_tree' returned '0': AMENT_PREFIX_PATH=/home/agilex/agilex_ws/install/nav2_util:/home/agilex/agilex_ws/install/nav2_msgs:/home/agilex/agilex_ws/install/nav2_common CMAKE_PREFIX_PATH=/home/agilex/agilex_ws/install/nav2_util:/home/agilex/agilex_ws/install/nav2_msgs:/home/agilex/agilex_ws/install/nav2_common LD_LIBRARY_PATH=/home/agilex/agilex_ws/install/nav2_util/lib:/home/agilex/agilex_ws/install/nav2_msgs/lib PYTHONPATH=/home/agilex/agilex_ws/install/nav2_msgs/local/lib/python3.10/dist-packages:/home/agilex/agilex_ws/install/nav2_common/local/lib/python3.10/dist-packages /usr/bin/cmake --build /home/agilex/agilex_ws/build/nav2_behavior_tree -- -j16 -l16
[159.477s] Invoking command in '/home/agilex/agilex_ws/build/nav2_behavior_tree': AMENT_PREFIX_PATH=/home/agilex/agilex_ws/install/nav2_util:/home/agilex/agilex_ws/install/nav2_msgs:/home/agilex/agilex_ws/install/nav2_common CMAKE_PREFIX_PATH=/home/agilex/agilex_ws/install/nav2_util:/home/agilex/agilex_ws/install/nav2_msgs:/home/agilex/agilex_ws/install/nav2_common LD_LIBRARY_PATH=/home/agilex/agilex_ws/install/nav2_util/lib:/home/agilex/agilex_ws/install/nav2_msgs/lib PYTHONPATH=/home/agilex/agilex_ws/install/nav2_msgs/local/lib/python3.10/dist-packages:/home/agilex/agilex_ws/install/nav2_common/local/lib/python3.10/dist-packages /usr/bin/cmake --install /home/agilex/agilex_ws/build/nav2_behavior_tree
[159.484s] -- Install configuration: "Release"
[159.486s] -- Installing: /home/agilex/agilex_ws/install/nav2_behavior_tree/lib/libnav2_behavior_tree.so
[159.486s] -- Set runtime path of "/home/agilex/agilex_ws/install/nav2_behavior_tree/lib/libnav2_behavior_tree.so" to ""
[159.487s] -- Installing: /home/agilex/agilex_ws/install/nav2_behavior_tree/lib/libnav2_compute_path_to_pose_action_bt_node.so
[159.487s] -- Set runtime path of "/home/agilex/agilex_ws/install/nav2_behavior_tree/lib/libnav2_compute_path_to_pose_action_bt_node.so" to ""
[159.488s] -- Installing: /home/agilex/agilex_ws/install/nav2_behavior_tree/lib/libnav2_compute_path_through_poses_action_bt_node.so
[159.488s] -- Set runtime path of "/home/agilex/agilex_ws/install/nav2_behavior_tree/lib/libnav2_compute_path_through_poses_action_bt_node.so" to ""
[159.489s] -- Installing: /home/agilex/agilex_ws/install/nav2_behavior_tree/lib/libnav2_controller_cancel_bt_node.so
[159.489s] -- Set runtime path of "/home/agilex/agilex_ws/install/nav2_behavior_tree/lib/libnav2_controller_cancel_bt_node.so" to ""
[159.489s] -- Installing: /home/agilex/agilex_ws/install/nav2_behavior_tree/lib/libnav2_wait_cancel_bt_node.so
[159.489s] -- Set runtime path of "/home/agilex/agilex_ws/install/nav2_behavior_tree/lib/libnav2_wait_cancel_bt_node.so" to ""
[159.490s] -- Installing: /home/agilex/agilex_ws/install/nav2_behavior_tree/lib/libnav2_spin_cancel_bt_node.so
[159.490s] -- Set runtime path of "/home/agilex/agilex_ws/install/nav2_behavior_tree/lib/libnav2_spin_cancel_bt_node.so" to ""
[159.491s] -- Installing: /home/agilex/agilex_ws/install/nav2_behavior_tree/lib/libnav2_back_up_cancel_bt_node.so
[159.491s] -- Set runtime path of "/home/agilex/agilex_ws/install/nav2_behavior_tree/lib/libnav2_back_up_cancel_bt_node.so" to ""
[159.491s] -- Installing: /home/agilex/agilex_ws/install/nav2_behavior_tree/lib/libnav2_drive_on_heading_cancel_bt_node.so
[159.492s] -- Set runtime path of "/home/agilex/agilex_ws/install/nav2_behavior_tree/lib/libnav2_drive_on_heading_cancel_bt_node.so" to ""
[159.492s] -- Installing: /home/agilex/agilex_ws/install/nav2_behavior_tree/lib/libnav2_smooth_path_action_bt_node.so
[159.493s] -- Set runtime path of "/home/agilex/agilex_ws/install/nav2_behavior_tree/lib/libnav2_smooth_path_action_bt_node.so" to ""
[159.493s] -- Installing: /home/agilex/agilex_ws/install/nav2_behavior_tree/lib/libnav2_follow_path_action_bt_node.so
[159.493s] -- Set runtime path of "/home/agilex/agilex_ws/install/nav2_behavior_tree/lib/libnav2_follow_path_action_bt_node.so" to ""
[159.494s] -- Installing: /home/agilex/agilex_ws/install/nav2_behavior_tree/lib/libnav2_back_up_action_bt_node.so
[159.494s] -- Set runtime path of "/home/agilex/agilex_ws/install/nav2_behavior_tree/lib/libnav2_back_up_action_bt_node.so" to ""
[159.495s] -- Installing: /home/agilex/agilex_ws/install/nav2_behavior_tree/lib/libnav2_drive_on_heading_bt_node.so
[159.495s] -- Set runtime path of "/home/agilex/agilex_ws/install/nav2_behavior_tree/lib/libnav2_drive_on_heading_bt_node.so" to ""
[159.496s] -- Installing: /home/agilex/agilex_ws/install/nav2_behavior_tree/lib/libnav2_spin_action_bt_node.so
[159.496s] -- Set runtime path of "/home/agilex/agilex_ws/install/nav2_behavior_tree/lib/libnav2_spin_action_bt_node.so" to ""
[159.496s] -- Installing: /home/agilex/agilex_ws/install/nav2_behavior_tree/lib/libnav2_wait_action_bt_node.so
[159.497s] -- Set runtime path of "/home/agilex/agilex_ws/install/nav2_behavior_tree/lib/libnav2_wait_action_bt_node.so" to ""
[159.497s] -- Installing: /home/agilex/agilex_ws/install/nav2_behavior_tree/lib/libnav2_clear_costmap_service_bt_node.so
[159.498s] -- Set runtime path of "/home/agilex/agilex_ws/install/nav2_behavior_tree/lib/libnav2_clear_costmap_service_bt_node.so" to ""
[159.499s] -- Installing: /home/agilex/agilex_ws/install/nav2_behavior_tree/lib/libnav2_is_stuck_condition_bt_node.so
[159.500s] -- Set runtime path of "/home/agilex/agilex_ws/install/nav2_behavior_tree/lib/libnav2_is_stuck_condition_bt_node.so" to ""
[159.500s] -- Installing: /home/agilex/agilex_ws/install/nav2_behavior_tree/lib/libnav2_transform_available_condition_bt_node.so
[159.501s] -- Set runtime path of "/home/agilex/agilex_ws/install/nav2_behavior_tree/lib/libnav2_transform_available_condition_bt_node.so" to ""
[159.501s] -- Installing: /home/agilex/agilex_ws/install/nav2_behavior_tree/lib/libnav2_goal_reached_condition_bt_node.so
[159.502s] -- Set runtime path of "/home/agilex/agilex_ws/install/nav2_behavior_tree/lib/libnav2_goal_reached_condition_bt_node.so" to ""
[159.502s] -- Installing: /home/agilex/agilex_ws/install/nav2_behavior_tree/lib/libnav2_globally_updated_goal_condition_bt_node.so
[159.503s] -- Set runtime path of "/home/agilex/agilex_ws/install/nav2_behavior_tree/lib/libnav2_globally_updated_goal_condition_bt_node.so" to ""
[159.503s] -- Installing: /home/agilex/agilex_ws/install/nav2_behavior_tree/lib/libnav2_goal_updated_condition_bt_node.so
[159.503s] -- Set runtime path of "/home/agilex/agilex_ws/install/nav2_behavior_tree/lib/libnav2_goal_updated_condition_bt_node.so" to ""
[159.504s] -- Installing: /home/agilex/agilex_ws/install/nav2_behavior_tree/lib/libnav2_is_path_valid_condition_bt_node.so
[159.504s] -- Set runtime path of "/home/agilex/agilex_ws/install/nav2_behavior_tree/lib/libnav2_is_path_valid_condition_bt_node.so" to ""
[159.505s] -- Installing: /home/agilex/agilex_ws/install/nav2_behavior_tree/lib/libnav2_time_expired_condition_bt_node.so
[159.505s] -- Set runtime path of "/home/agilex/agilex_ws/install/nav2_behavior_tree/lib/libnav2_time_expired_condition_bt_node.so" to ""
[159.506s] -- Installing: /home/agilex/agilex_ws/install/nav2_behavior_tree/lib/libnav2_path_expiring_timer_condition.so
[159.507s] -- Set runtime path of "/home/agilex/agilex_ws/install/nav2_behavior_tree/lib/libnav2_path_expiring_timer_condition.so" to ""
[159.507s] -- Installing: /home/agilex/agilex_ws/install/nav2_behavior_tree/lib/libnav2_distance_traveled_condition_bt_node.so
[159.508s] -- Set runtime path of "/home/agilex/agilex_ws/install/nav2_behavior_tree/lib/libnav2_distance_traveled_condition_bt_node.so" to ""
[159.508s] -- Installing: /home/agilex/agilex_ws/install/nav2_behavior_tree/lib/libnav2_initial_pose_received_condition_bt_node.so
[159.509s] -- Set runtime path of "/home/agilex/agilex_ws/install/nav2_behavior_tree/lib/libnav2_initial_pose_received_condition_bt_node.so" to ""
[159.509s] -- Installing: /home/agilex/agilex_ws/install/nav2_behavior_tree/lib/libnav2_is_battery_low_condition_bt_node.so
[159.510s] -- Set runtime path of "/home/agilex/agilex_ws/install/nav2_behavior_tree/lib/libnav2_is_battery_low_condition_bt_node.so" to ""
[159.511s] -- Installing: /home/agilex/agilex_ws/install/nav2_behavior_tree/lib/libnav2_reinitialize_global_localization_service_bt_node.so
[159.511s] -- Set runtime path of "/home/agilex/agilex_ws/install/nav2_behavior_tree/lib/libnav2_reinitialize_global_localization_service_bt_node.so" to ""
[159.512s] -- Installing: /home/agilex/agilex_ws/install/nav2_behavior_tree/lib/libnav2_rate_controller_bt_node.so
[159.512s] -- Set runtime path of "/home/agilex/agilex_ws/install/nav2_behavior_tree/lib/libnav2_rate_controller_bt_node.so" to ""
[159.512s] -- Installing: /home/agilex/agilex_ws/install/nav2_behavior_tree/lib/libnav2_distance_controller_bt_node.so
[159.513s] -- Set runtime path of "/home/agilex/agilex_ws/install/nav2_behavior_tree/lib/libnav2_distance_controller_bt_node.so" to ""
[159.514s] -- Installing: /home/agilex/agilex_ws/install/nav2_behavior_tree/lib/libnav2_speed_controller_bt_node.so
[159.514s] -- Set runtime path of "/home/agilex/agilex_ws/install/nav2_behavior_tree/lib/libnav2_speed_controller_bt_node.so" to ""
[159.515s] -- Installing: /home/agilex/agilex_ws/install/nav2_behavior_tree/lib/libnav2_truncate_path_action_bt_node.so
[159.515s] -- Set runtime path of "/home/agilex/agilex_ws/install/nav2_behavior_tree/lib/libnav2_truncate_path_action_bt_node.so" to ""
[159.515s] -- Installing: /home/agilex/agilex_ws/install/nav2_behavior_tree/lib/libnav2_truncate_path_local_action_bt_node.so
[159.516s] -- Set runtime path of "/home/agilex/agilex_ws/install/nav2_behavior_tree/lib/libnav2_truncate_path_local_action_bt_node.so" to ""
[159.516s] -- Installing: /home/agilex/agilex_ws/install/nav2_behavior_tree/lib/libnav2_goal_updater_node_bt_node.so
[159.517s] -- Set runtime path of "/home/agilex/agilex_ws/install/nav2_behavior_tree/lib/libnav2_goal_updater_node_bt_node.so" to ""
[159.518s] -- Installing: /home/agilex/agilex_ws/install/nav2_behavior_tree/lib/libnav2_path_longer_on_approach_bt_node.so
[159.518s] -- Set runtime path of "/home/agilex/agilex_ws/install/nav2_behavior_tree/lib/libnav2_path_longer_on_approach_bt_node.so" to ""
[159.519s] -- Installing: /home/agilex/agilex_ws/install/nav2_behavior_tree/lib/libnav2_recovery_node_bt_node.so
[159.519s] -- Set runtime path of "/home/agilex/agilex_ws/install/nav2_behavior_tree/lib/libnav2_recovery_node_bt_node.so" to ""
[159.519s] -- Installing: /home/agilex/agilex_ws/install/nav2_behavior_tree/lib/libnav2_navigate_to_pose_action_bt_node.so
[159.520s] -- Set runtime path of "/home/agilex/agilex_ws/install/nav2_behavior_tree/lib/libnav2_navigate_to_pose_action_bt_node.so" to ""
[159.520s] -- Installing: /home/agilex/agilex_ws/install/nav2_behavior_tree/lib/libnav2_navigate_through_poses_action_bt_node.so
[159.521s] -- Set runtime path of "/home/agilex/agilex_ws/install/nav2_behavior_tree/lib/libnav2_navigate_through_poses_action_bt_node.so" to ""
[159.521s] -- Installing: /home/agilex/agilex_ws/install/nav2_behavior_tree/lib/libnav2_remove_passed_goals_action_bt_node.so
[159.521s] -- Set runtime path of "/home/agilex/agilex_ws/install/nav2_behavior_tree/lib/libnav2_remove_passed_goals_action_bt_node.so" to ""
[159.522s] -- Installing: /home/agilex/agilex_ws/install/nav2_behavior_tree/lib/libnav2_pipeline_sequence_bt_node.so
[159.522s] -- Set runtime path of "/home/agilex/agilex_ws/install/nav2_behavior_tree/lib/libnav2_pipeline_sequence_bt_node.so" to ""
[159.522s] -- Installing: /home/agilex/agilex_ws/install/nav2_behavior_tree/lib/libnav2_round_robin_node_bt_node.so
[159.522s] -- Set runtime path of "/home/agilex/agilex_ws/install/nav2_behavior_tree/lib/libnav2_round_robin_node_bt_node.so" to ""
[159.523s] -- Installing: /home/agilex/agilex_ws/install/nav2_behavior_tree/lib/libnav2_single_trigger_bt_node.so
[159.523s] -- Set runtime path of "/home/agilex/agilex_ws/install/nav2_behavior_tree/lib/libnav2_single_trigger_bt_node.so" to ""
[159.524s] -- Installing: /home/agilex/agilex_ws/install/nav2_behavior_tree/lib/libnav2_planner_selector_bt_node.so
[159.525s] -- Set runtime path of "/home/agilex/agilex_ws/install/nav2_behavior_tree/lib/libnav2_planner_selector_bt_node.so" to ""
[159.525s] -- Installing: /home/agilex/agilex_ws/install/nav2_behavior_tree/lib/libnav2_controller_selector_bt_node.so
[159.526s] -- Set runtime path of "/home/agilex/agilex_ws/install/nav2_behavior_tree/lib/libnav2_controller_selector_bt_node.so" to ""
[159.526s] -- Installing: /home/agilex/agilex_ws/install/nav2_behavior_tree/lib/libnav2_goal_checker_selector_bt_node.so
[159.527s] -- Set runtime path of "/home/agilex/agilex_ws/install/nav2_behavior_tree/lib/libnav2_goal_checker_selector_bt_node.so" to ""
[159.527s] -- Up-to-date: /home/agilex/agilex_ws/install/nav2_behavior_tree/include/
[159.527s] -- Up-to-date: /home/agilex/agilex_ws/install/nav2_behavior_tree/include//nav2_behavior_tree
[159.527s] -- Up-to-date: /home/agilex/agilex_ws/install/nav2_behavior_tree/include//nav2_behavior_tree/bt_action_server.hpp
[159.528s] -- Up-to-date: /home/agilex/agilex_ws/install/nav2_behavior_tree/include//nav2_behavior_tree/bt_action_node.hpp
[159.528s] -- Up-to-date: /home/agilex/agilex_ws/install/nav2_behavior_tree/include//nav2_behavior_tree/bt_conversions.hpp
[159.528s] -- Up-to-date: /home/agilex/agilex_ws/install/nav2_behavior_tree/include//nav2_behavior_tree/ros_topic_logger.hpp
[159.528s] -- Up-to-date: /home/agilex/agilex_ws/install/nav2_behavior_tree/include//nav2_behavior_tree/behavior_tree_engine.hpp
[159.528s] -- Up-to-date: /home/agilex/agilex_ws/install/nav2_behavior_tree/include//nav2_behavior_tree/bt_action_server_impl.hpp
[159.528s] -- Up-to-date: /home/agilex/agilex_ws/install/nav2_behavior_tree/include//nav2_behavior_tree/bt_cancel_action_node.hpp
[159.528s] -- Up-to-date: /home/agilex/agilex_ws/install/nav2_behavior_tree/include//nav2_behavior_tree/plugins
[159.528s] -- Up-to-date: /home/agilex/agilex_ws/install/nav2_behavior_tree/include//nav2_behavior_tree/plugins/action
[159.528s] -- Up-to-date: /home/agilex/agilex_ws/install/nav2_behavior_tree/include//nav2_behavior_tree/plugins/action/drive_on_heading_cancel_node.hpp
[159.528s] -- Up-to-date: /home/agilex/agilex_ws/install/nav2_behavior_tree/include//nav2_behavior_tree/plugins/action/reinitialize_global_localization_service.hpp
[159.528s] -- Up-to-date: /home/agilex/agilex_ws/install/nav2_behavior_tree/include//nav2_behavior_tree/plugins/action/wait_action.hpp
[159.528s] -- Up-to-date: /home/agilex/agilex_ws/install/nav2_behavior_tree/include//nav2_behavior_tree/plugins/action/wait_cancel_node.hpp
[159.528s] -- Up-to-date: /home/agilex/agilex_ws/install/nav2_behavior_tree/include//nav2_behavior_tree/plugins/action/navigate_through_poses_action.hpp
[159.528s] -- Up-to-date: /home/agilex/agilex_ws/install/nav2_behavior_tree/include//nav2_behavior_tree/plugins/action/controller_cancel_node.hpp
[159.528s] -- Up-to-date: /home/agilex/agilex_ws/install/nav2_behavior_tree/include//nav2_behavior_tree/plugins/action/clear_costmap_service.hpp
[159.529s] -- Up-to-date: /home/agilex/agilex_ws/install/nav2_behavior_tree/include//nav2_behavior_tree/plugins/action/compute_path_through_poses_action.hpp
[159.529s] -- Up-to-date: /home/agilex/agilex_ws/install/nav2_behavior_tree/include//nav2_behavior_tree/plugins/action/spin_action.hpp
[159.529s] -- Up-to-date: /home/agilex/agilex_ws/install/nav2_behavior_tree/include//nav2_behavior_tree/plugins/action/back_up_action.hpp
[159.529s] -- Up-to-date: /home/agilex/agilex_ws/install/nav2_behavior_tree/include//nav2_behavior_tree/plugins/action/smooth_path_action.hpp
[159.529s] -- Up-to-date: /home/agilex/agilex_ws/install/nav2_behavior_tree/include//nav2_behavior_tree/plugins/action/back_up_cancel_node.hpp
[159.529s] -- Up-to-date: /home/agilex/agilex_ws/install/nav2_behavior_tree/include//nav2_behavior_tree/plugins/action/compute_path_to_pose_action.hpp
[159.529s] -- Up-to-date: /home/agilex/agilex_ws/install/nav2_behavior_tree/include//nav2_behavior_tree/plugins/action/remove_passed_goals_action.hpp
[159.529s] -- Up-to-date: /home/agilex/agilex_ws/install/nav2_behavior_tree/include//nav2_behavior_tree/plugins/action/controller_selector_node.hpp
[159.529s] -- Up-to-date: /home/agilex/agilex_ws/install/nav2_behavior_tree/include//nav2_behavior_tree/plugins/action/planner_selector_node.hpp
[159.529s] -- Up-to-date: /home/agilex/agilex_ws/install/nav2_behavior_tree/include//nav2_behavior_tree/plugins/action/truncate_path_action.hpp
[159.529s] -- Up-to-date: /home/agilex/agilex_ws/install/nav2_behavior_tree/include//nav2_behavior_tree/plugins/action/goal_checker_selector_node.hpp
[159.529s] -- Up-to-date: /home/agilex/agilex_ws/install/nav2_behavior_tree/include//nav2_behavior_tree/plugins/action/spin_cancel_node.hpp
[159.529s] -- Up-to-date: /home/agilex/agilex_ws/install/nav2_behavior_tree/include//nav2_behavior_tree/plugins/action/follow_path_action.hpp
[159.529s] -- Up-to-date: /home/agilex/agilex_ws/install/nav2_behavior_tree/include//nav2_behavior_tree/plugins/action/truncate_path_local_action.hpp
[159.529s] -- Up-to-date: /home/agilex/agilex_ws/install/nav2_behavior_tree/include//nav2_behavior_tree/plugins/action/drive_on_heading_action.hpp
[159.529s] -- Up-to-date: /home/agilex/agilex_ws/install/nav2_behavior_tree/include//nav2_behavior_tree/plugins/action/navigate_to_pose_action.hpp
[159.529s] -- Up-to-date: /home/agilex/agilex_ws/install/nav2_behavior_tree/include//nav2_behavior_tree/plugins/control
[159.530s] -- Up-to-date: /home/agilex/agilex_ws/install/nav2_behavior_tree/include//nav2_behavior_tree/plugins/control/pipeline_sequence.hpp
[159.530s] -- Up-to-date: /home/agilex/agilex_ws/install/nav2_behavior_tree/include//nav2_behavior_tree/plugins/control/recovery_node.hpp
[159.530s] -- Up-to-date: /home/agilex/agilex_ws/install/nav2_behavior_tree/include//nav2_behavior_tree/plugins/control/round_robin_node.hpp
[159.530s] -- Up-to-date: /home/agilex/agilex_ws/install/nav2_behavior_tree/include//nav2_behavior_tree/plugins/decorator
[159.530s] -- Up-to-date: /home/agilex/agilex_ws/install/nav2_behavior_tree/include//nav2_behavior_tree/plugins/decorator/single_trigger_node.hpp
[159.530s] -- Up-to-date: /home/agilex/agilex_ws/install/nav2_behavior_tree/include//nav2_behavior_tree/plugins/decorator/goal_updater_node.hpp
[159.530s] -- Up-to-date: /home/agilex/agilex_ws/install/nav2_behavior_tree/include//nav2_behavior_tree/plugins/decorator/path_longer_on_approach.hpp
[159.530s] -- Up-to-date: /home/agilex/agilex_ws/install/nav2_behavior_tree/include//nav2_behavior_tree/plugins/decorator/rate_controller.hpp
[159.530s] -- Up-to-date: /home/agilex/agilex_ws/install/nav2_behavior_tree/include//nav2_behavior_tree/plugins/decorator/distance_controller.hpp
[159.530s] -- Up-to-date: /home/agilex/agilex_ws/install/nav2_behavior_tree/include//nav2_behavior_tree/plugins/decorator/speed_controller.hpp
[159.530s] -- Up-to-date: /home/agilex/agilex_ws/install/nav2_behavior_tree/include//nav2_behavior_tree/plugins/condition
[159.530s] -- Up-to-date: /home/agilex/agilex_ws/install/nav2_behavior_tree/include//nav2_behavior_tree/plugins/condition/goal_reached_condition.hpp
[159.530s] -- Up-to-date: /home/agilex/agilex_ws/install/nav2_behavior_tree/include//nav2_behavior_tree/plugins/condition/globally_updated_goal_condition.hpp
[159.530s] -- Up-to-date: /home/agilex/agilex_ws/install/nav2_behavior_tree/include//nav2_behavior_tree/plugins/condition/distance_traveled_condition.hpp
[159.530s] -- Up-to-date: /home/agilex/agilex_ws/install/nav2_behavior_tree/include//nav2_behavior_tree/plugins/condition/path_expiring_timer_condition.hpp
[159.530s] -- Up-to-date: /home/agilex/agilex_ws/install/nav2_behavior_tree/include//nav2_behavior_tree/plugins/condition/is_stuck_condition.hpp
[159.530s] -- Up-to-date: /home/agilex/agilex_ws/install/nav2_behavior_tree/include//nav2_behavior_tree/plugins/condition/time_expired_condition.hpp
[159.531s] -- Up-to-date: /home/agilex/agilex_ws/install/nav2_behavior_tree/include//nav2_behavior_tree/plugins/condition/is_battery_low_condition.hpp
[159.531s] -- Up-to-date: /home/agilex/agilex_ws/install/nav2_behavior_tree/include//nav2_behavior_tree/plugins/condition/is_path_valid_condition.hpp
[159.531s] -- Up-to-date: /home/agilex/agilex_ws/install/nav2_behavior_tree/include//nav2_behavior_tree/plugins/condition/initial_pose_received_condition.hpp
[159.531s] -- Up-to-date: /home/agilex/agilex_ws/install/nav2_behavior_tree/include//nav2_behavior_tree/plugins/condition/goal_updated_condition.hpp
[159.531s] -- Up-to-date: /home/agilex/agilex_ws/install/nav2_behavior_tree/include//nav2_behavior_tree/plugins/condition/transform_available_condition.hpp
[159.531s] -- Up-to-date: /home/agilex/agilex_ws/install/nav2_behavior_tree/include//nav2_behavior_tree/bt_service_node.hpp
[159.531s] -- Up-to-date: /home/agilex/agilex_ws/install/nav2_behavior_tree/share/nav2_behavior_tree/nav2_tree_nodes.xml
[159.531s] -- Up-to-date: /home/agilex/agilex_ws/install/nav2_behavior_tree/share/nav2_behavior_tree/environment/library_path.sh
[159.531s] -- Up-to-date: /home/agilex/agilex_ws/install/nav2_behavior_tree/share/nav2_behavior_tree/environment/library_path.dsv
[159.531s] -- Up-to-date: /home/agilex/agilex_ws/install/nav2_behavior_tree/share/ament_index/resource_index/package_run_dependencies/nav2_behavior_tree
[159.531s] -- Up-to-date: /home/agilex/agilex_ws/install/nav2_behavior_tree/share/ament_index/resource_index/parent_prefix_path/nav2_behavior_tree
[159.531s] -- Up-to-date: /home/agilex/agilex_ws/install/nav2_behavior_tree/share/nav2_behavior_tree/environment/ament_prefix_path.sh
[159.531s] -- Up-to-date: /home/agilex/agilex_ws/install/nav2_behavior_tree/share/nav2_behavior_tree/environment/ament_prefix_path.dsv
[159.531s] -- Up-to-date: /home/agilex/agilex_ws/install/nav2_behavior_tree/share/nav2_behavior_tree/environment/path.sh
[159.531s] -- Up-to-date: /home/agilex/agilex_ws/install/nav2_behavior_tree/share/nav2_behavior_tree/environment/path.dsv
[159.531s] -- Up-to-date: /home/agilex/agilex_ws/install/nav2_behavior_tree/share/nav2_behavior_tree/local_setup.bash
[159.532s] -- Up-to-date: /home/agilex/agilex_ws/install/nav2_behavior_tree/share/nav2_behavior_tree/local_setup.sh
[159.532s] -- Up-to-date: /home/agilex/agilex_ws/install/nav2_behavior_tree/share/nav2_behavior_tree/local_setup.zsh
[159.532s] -- Up-to-date: /home/agilex/agilex_ws/install/nav2_behavior_tree/share/nav2_behavior_tree/local_setup.dsv
[159.532s] -- Installing: /home/agilex/agilex_ws/install/nav2_behavior_tree/share/nav2_behavior_tree/package.dsv
[159.532s] -- Up-to-date: /home/agilex/agilex_ws/install/nav2_behavior_tree/share/ament_index/resource_index/packages/nav2_behavior_tree
[159.532s] -- Up-to-date: /home/agilex/agilex_ws/install/nav2_behavior_tree/share/nav2_behavior_tree/cmake/ament_cmake_export_include_directories-extras.cmake
[159.532s] -- Up-to-date: /home/agilex/agilex_ws/install/nav2_behavior_tree/share/nav2_behavior_tree/cmake/ament_cmake_export_libraries-extras.cmake
[159.532s] -- Up-to-date: /home/agilex/agilex_ws/install/nav2_behavior_tree/share/nav2_behavior_tree/cmake/ament_cmake_export_dependencies-extras.cmake
[159.532s] -- Up-to-date: /home/agilex/agilex_ws/install/nav2_behavior_tree/share/nav2_behavior_tree/cmake/nav2_behavior_treeConfig.cmake
[159.532s] -- Up-to-date: /home/agilex/agilex_ws/install/nav2_behavior_tree/share/nav2_behavior_tree/cmake/nav2_behavior_treeConfig-version.cmake
[159.532s] -- Up-to-date: /home/agilex/agilex_ws/install/nav2_behavior_tree/share/nav2_behavior_tree/package.xml
[159.535s] Invoked command in '/home/agilex/agilex_ws/build/nav2_behavior_tree' returned '0': AMENT_PREFIX_PATH=/home/agilex/agilex_ws/install/nav2_util:/home/agilex/agilex_ws/install/nav2_msgs:/home/agilex/agilex_ws/install/nav2_common CMAKE_PREFIX_PATH=/home/agilex/agilex_ws/install/nav2_util:/home/agilex/agilex_ws/install/nav2_msgs:/home/agilex/agilex_ws/install/nav2_common LD_LIBRARY_PATH=/home/agilex/agilex_ws/install/nav2_util/lib:/home/agilex/agilex_ws/install/nav2_msgs/lib PYTHONPATH=/home/agilex/agilex_ws/install/nav2_msgs/local/lib/python3.10/dist-packages:/home/agilex/agilex_ws/install/nav2_common/local/lib/python3.10/dist-packages /usr/bin/cmake --install /home/agilex/agilex_ws/build/nav2_behavior_tree
