[0.100s] Invoking command in '/home/agilex/agilex_ws/build/dwb_critics': AMENT_PREFIX_PATH=/home/agilex/agilex_ws/install/dwb_core:/home/agilex/agilex_ws/install/nav2_core:/home/agilex/agilex_ws/install/costmap_queue:/home/agilex/agilex_ws/install/nav2_costmap_2d:/home/agilex/agilex_ws/install/nav_2d_utils:/home/agilex/agilex_ws/install/nav2_util:/home/agilex/agilex_ws/install/nav2_voxel_grid:/home/agilex/agilex_ws/install/nav2_msgs:/home/agilex/agilex_ws/install/dwb_msgs:/home/agilex/agilex_ws/install/nav_2d_msgs:/home/agilex/agilex_ws/install/nav2_common CMAKE_PREFIX_PATH=/home/agilex/agilex_ws/install/dwb_core:/home/agilex/agilex_ws/install/nav2_core:/home/agilex/agilex_ws/install/costmap_queue:/home/agilex/agilex_ws/install/nav2_costmap_2d:/home/agilex/agilex_ws/install/nav_2d_utils:/home/agilex/agilex_ws/install/nav2_util:/home/agilex/agilex_ws/install/nav2_voxel_grid:/home/agilex/agilex_ws/install/nav2_msgs:/home/agilex/agilex_ws/install/dwb_msgs:/home/agilex/agilex_ws/install/nav_2d_msgs:/home/agilex/agilex_ws/install/nav2_common LD_LIBRARY_PATH=/home/agilex/agilex_ws/install/dwb_core/lib:/home/agilex/agilex_ws/install/costmap_queue/lib:/home/agilex/agilex_ws/install/nav2_costmap_2d/lib:/home/agilex/agilex_ws/install/nav_2d_utils/lib:/home/agilex/agilex_ws/install/nav2_util/lib:/home/agilex/agilex_ws/install/nav2_voxel_grid/lib:/home/agilex/agilex_ws/install/nav2_msgs/lib:/home/agilex/agilex_ws/install/dwb_msgs/lib:/home/agilex/agilex_ws/install/nav_2d_msgs/lib PYTHONPATH=/home/agilex/agilex_ws/install/nav2_msgs/local/lib/python3.10/dist-packages:/home/agilex/agilex_ws/install/dwb_msgs/local/lib/python3.10/dist-packages:/home/agilex/agilex_ws/install/nav_2d_msgs/local/lib/python3.10/dist-packages:/home/agilex/agilex_ws/install/nav2_common/local/lib/python3.10/dist-packages /usr/bin/cmake --build /home/agilex/agilex_ws/build/dwb_critics -- -j16 -l16
[0.181s] [  3%] [32mBuilding CXX object CMakeFiles/dwb_critics.dir/src/alignment_util.cpp.o[0m
[0.787s] [  7%] [32mBuilding CXX object CMakeFiles/dwb_critics.dir/src/twirling.cpp.o[0m
[5.794s] [ 11%] [32mBuilding CXX object CMakeFiles/dwb_critics.dir/src/rotate_to_goal.cpp.o[0m
[11.480s] [ 14%] [32mBuilding CXX object CMakeFiles/dwb_critics.dir/src/prefer_forward.cpp.o[0m
[16.344s] [ 18%] [32mBuilding CXX object CMakeFiles/dwb_critics.dir/src/oscillation.cpp.o[0m
[22.008s] [ 22%] [32mBuilding CXX object CMakeFiles/dwb_critics.dir/src/path_align.cpp.o[0m
[22.011s] [ 25%] [32mBuilding CXX object CMakeFiles/dwb_critics.dir/src/obstacle_footprint.cpp.o[0m
[22.016s] [ 29%] [32mBuilding CXX object CMakeFiles/dwb_critics.dir/src/base_obstacle.cpp.o[0m
[29.846s] [ 37%] [32mBuilding CXX object CMakeFiles/dwb_critics.dir/src/goal_align.cpp.o[0m
[29.852s] [ 37%] [32mBuilding CXX object CMakeFiles/dwb_critics.dir/src/path_dist.cpp.o[0m
[37.978s] [ 40%] [32mBuilding CXX object CMakeFiles/dwb_critics.dir/src/goal_dist.cpp.o[0m
[39.992s] [ 44%] [32mBuilding CXX object CMakeFiles/dwb_critics.dir/src/map_grid.cpp.o[0m
[46.283s] [ 48%] [32m[1mLinking CXX shared library libdwb_critics.so[0m
[46.661s] [ 48%] Built target dwb_critics
[46.691s] [ 55%] [32mBuilding CXX object gtest/CMakeFiles/gtest.dir/src/gtest-all.cc.o[0m
[46.691s] [ 55%] [32mBuilding CXX object gtest/CMakeFiles/gtest_main.dir/src/gtest_main.cc.o[0m
[48.404s] [ 59%] [32m[1mLinking CXX static library libgtest_main.a[0m
[48.521s] [ 59%] Built target gtest_main
[72.125s] [ 62%] [32m[1mLinking CXX static library libgtest.a[0m
[72.163s] [ 62%] Built target gtest
[72.200s] [ 70%] [32mBuilding CXX object test/CMakeFiles/prefer_forward_tests.dir/prefer_forward_test.cpp.o[0m
[72.200s] [ 70%] [32mBuilding CXX object test/CMakeFiles/base_obstacle_tests.dir/base_obstacle_test.cpp.o[0m
[77.315s] [ 74%] [32m[1mLinking CXX executable prefer_forward_tests[0m
[77.671s] [ 74%] Built target prefer_forward_tests
[77.706s] [ 77%] [32mBuilding CXX object test/CMakeFiles/alignment_util_tests.dir/alignment_util_test.cpp.o[0m
[77.706s] [ 81%] [32mBuilding CXX object test/CMakeFiles/twirling_tests.dir/twirling_test.cpp.o[0m
[77.707s] [ 85%] [32mBuilding CXX object test/CMakeFiles/obstacle_footprint_tests.dir/obstacle_footprint_test.cpp.o[0m
[79.335s] [ 88%] [32m[1mLinking CXX executable base_obstacle_tests[0m
[79.833s] [ 88%] Built target base_obstacle_tests
[82.034s] [ 92%] [32m[1mLinking CXX executable alignment_util_tests[0m
[82.276s] [ 92%] Built target alignment_util_tests
[84.640s] [ 96%] [32m[1mLinking CXX executable twirling_tests[0m
[84.935s] [ 96%] Built target twirling_tests
[85.224s] [100%] [32m[1mLinking CXX executable obstacle_footprint_tests[0m
[85.471s] [100%] Built target obstacle_footprint_tests
[85.502s] Invoked command in '/home/agilex/agilex_ws/build/dwb_critics' returned '0': AMENT_PREFIX_PATH=/home/agilex/agilex_ws/install/dwb_core:/home/agilex/agilex_ws/install/nav2_core:/home/agilex/agilex_ws/install/costmap_queue:/home/agilex/agilex_ws/install/nav2_costmap_2d:/home/agilex/agilex_ws/install/nav_2d_utils:/home/agilex/agilex_ws/install/nav2_util:/home/agilex/agilex_ws/install/nav2_voxel_grid:/home/agilex/agilex_ws/install/nav2_msgs:/home/agilex/agilex_ws/install/dwb_msgs:/home/agilex/agilex_ws/install/nav_2d_msgs:/home/agilex/agilex_ws/install/nav2_common CMAKE_PREFIX_PATH=/home/agilex/agilex_ws/install/dwb_core:/home/agilex/agilex_ws/install/nav2_core:/home/agilex/agilex_ws/install/costmap_queue:/home/agilex/agilex_ws/install/nav2_costmap_2d:/home/agilex/agilex_ws/install/nav_2d_utils:/home/agilex/agilex_ws/install/nav2_util:/home/agilex/agilex_ws/install/nav2_voxel_grid:/home/agilex/agilex_ws/install/nav2_msgs:/home/agilex/agilex_ws/install/dwb_msgs:/home/agilex/agilex_ws/install/nav_2d_msgs:/home/agilex/agilex_ws/install/nav2_common LD_LIBRARY_PATH=/home/agilex/agilex_ws/install/dwb_core/lib:/home/agilex/agilex_ws/install/costmap_queue/lib:/home/agilex/agilex_ws/install/nav2_costmap_2d/lib:/home/agilex/agilex_ws/install/nav_2d_utils/lib:/home/agilex/agilex_ws/install/nav2_util/lib:/home/agilex/agilex_ws/install/nav2_voxel_grid/lib:/home/agilex/agilex_ws/install/nav2_msgs/lib:/home/agilex/agilex_ws/install/dwb_msgs/lib:/home/agilex/agilex_ws/install/nav_2d_msgs/lib PYTHONPATH=/home/agilex/agilex_ws/install/nav2_msgs/local/lib/python3.10/dist-packages:/home/agilex/agilex_ws/install/dwb_msgs/local/lib/python3.10/dist-packages:/home/agilex/agilex_ws/install/nav_2d_msgs/local/lib/python3.10/dist-packages:/home/agilex/agilex_ws/install/nav2_common/local/lib/python3.10/dist-packages /usr/bin/cmake --build /home/agilex/agilex_ws/build/dwb_critics -- -j16 -l16
[85.546s] Invoking command in '/home/agilex/agilex_ws/build/dwb_critics': AMENT_PREFIX_PATH=/home/agilex/agilex_ws/install/dwb_core:/home/agilex/agilex_ws/install/nav2_core:/home/agilex/agilex_ws/install/costmap_queue:/home/agilex/agilex_ws/install/nav2_costmap_2d:/home/agilex/agilex_ws/install/nav_2d_utils:/home/agilex/agilex_ws/install/nav2_util:/home/agilex/agilex_ws/install/nav2_voxel_grid:/home/agilex/agilex_ws/install/nav2_msgs:/home/agilex/agilex_ws/install/dwb_msgs:/home/agilex/agilex_ws/install/nav_2d_msgs:/home/agilex/agilex_ws/install/nav2_common CMAKE_PREFIX_PATH=/home/agilex/agilex_ws/install/dwb_core:/home/agilex/agilex_ws/install/nav2_core:/home/agilex/agilex_ws/install/costmap_queue:/home/agilex/agilex_ws/install/nav2_costmap_2d:/home/agilex/agilex_ws/install/nav_2d_utils:/home/agilex/agilex_ws/install/nav2_util:/home/agilex/agilex_ws/install/nav2_voxel_grid:/home/agilex/agilex_ws/install/nav2_msgs:/home/agilex/agilex_ws/install/dwb_msgs:/home/agilex/agilex_ws/install/nav_2d_msgs:/home/agilex/agilex_ws/install/nav2_common LD_LIBRARY_PATH=/home/agilex/agilex_ws/install/dwb_core/lib:/home/agilex/agilex_ws/install/costmap_queue/lib:/home/agilex/agilex_ws/install/nav2_costmap_2d/lib:/home/agilex/agilex_ws/install/nav_2d_utils/lib:/home/agilex/agilex_ws/install/nav2_util/lib:/home/agilex/agilex_ws/install/nav2_voxel_grid/lib:/home/agilex/agilex_ws/install/nav2_msgs/lib:/home/agilex/agilex_ws/install/dwb_msgs/lib:/home/agilex/agilex_ws/install/nav_2d_msgs/lib PYTHONPATH=/home/agilex/agilex_ws/install/nav2_msgs/local/lib/python3.10/dist-packages:/home/agilex/agilex_ws/install/dwb_msgs/local/lib/python3.10/dist-packages:/home/agilex/agilex_ws/install/nav_2d_msgs/local/lib/python3.10/dist-packages:/home/agilex/agilex_ws/install/nav2_common/local/lib/python3.10/dist-packages /usr/bin/cmake --install /home/agilex/agilex_ws/build/dwb_critics
[85.553s] -- Install configuration: "Release"
[85.554s] -- Installing: /home/agilex/agilex_ws/install/dwb_critics/lib/libdwb_critics.so
[85.554s] -- Set runtime path of "/home/agilex/agilex_ws/install/dwb_critics/lib/libdwb_critics.so" to ""
[85.554s] -- Up-to-date: /home/agilex/agilex_ws/install/dwb_critics/include/
[85.554s] -- Up-to-date: /home/agilex/agilex_ws/install/dwb_critics/include//dwb_critics
[85.554s] -- Up-to-date: /home/agilex/agilex_ws/install/dwb_critics/include//dwb_critics/base_obstacle.hpp
[85.554s] -- Up-to-date: /home/agilex/agilex_ws/install/dwb_critics/include//dwb_critics/path_align.hpp
[85.555s] -- Up-to-date: /home/agilex/agilex_ws/install/dwb_critics/include//dwb_critics/alignment_util.hpp
[85.555s] -- Up-to-date: /home/agilex/agilex_ws/install/dwb_critics/include//dwb_critics/line_iterator.hpp
[85.555s] -- Up-to-date: /home/agilex/agilex_ws/install/dwb_critics/include//dwb_critics/twirling.hpp
[85.555s] -- Up-to-date: /home/agilex/agilex_ws/install/dwb_critics/include//dwb_critics/rotate_to_goal.hpp
[85.555s] -- Up-to-date: /home/agilex/agilex_ws/install/dwb_critics/include//dwb_critics/goal_align.hpp
[85.555s] -- Up-to-date: /home/agilex/agilex_ws/install/dwb_critics/include//dwb_critics/prefer_forward.hpp
[85.555s] -- Up-to-date: /home/agilex/agilex_ws/install/dwb_critics/include//dwb_critics/map_grid.hpp
[85.555s] -- Up-to-date: /home/agilex/agilex_ws/install/dwb_critics/include//dwb_critics/obstacle_footprint.hpp
[85.555s] -- Up-to-date: /home/agilex/agilex_ws/install/dwb_critics/include//dwb_critics/oscillation.hpp
[85.555s] -- Up-to-date: /home/agilex/agilex_ws/install/dwb_critics/include//dwb_critics/goal_dist.hpp
[85.555s] -- Up-to-date: /home/agilex/agilex_ws/install/dwb_critics/include//dwb_critics/path_dist.hpp
[85.555s] -- Up-to-date: /home/agilex/agilex_ws/install/dwb_critics/share/dwb_critics/default_critics.xml
[85.555s] -- Up-to-date: /home/agilex/agilex_ws/install/dwb_critics/share/dwb_critics/environment/library_path.sh
[85.556s] -- Up-to-date: /home/agilex/agilex_ws/install/dwb_critics/share/dwb_critics/environment/library_path.dsv
[85.556s] -- Up-to-date: /home/agilex/agilex_ws/install/dwb_critics/share/dwb_critics/default_critics.xml
[85.556s] -- Up-to-date: /home/agilex/agilex_ws/install/dwb_critics/share/ament_index/resource_index/package_run_dependencies/dwb_critics
[85.556s] -- Up-to-date: /home/agilex/agilex_ws/install/dwb_critics/share/ament_index/resource_index/parent_prefix_path/dwb_critics
[85.556s] -- Up-to-date: /home/agilex/agilex_ws/install/dwb_critics/share/dwb_critics/environment/ament_prefix_path.sh
[85.556s] -- Up-to-date: /home/agilex/agilex_ws/install/dwb_critics/share/dwb_critics/environment/ament_prefix_path.dsv
[85.556s] -- Up-to-date: /home/agilex/agilex_ws/install/dwb_critics/share/dwb_critics/environment/path.sh
[85.556s] -- Up-to-date: /home/agilex/agilex_ws/install/dwb_critics/share/dwb_critics/environment/path.dsv
[85.556s] -- Up-to-date: /home/agilex/agilex_ws/install/dwb_critics/share/dwb_critics/local_setup.bash
[85.556s] -- Up-to-date: /home/agilex/agilex_ws/install/dwb_critics/share/dwb_critics/local_setup.sh
[85.556s] -- Up-to-date: /home/agilex/agilex_ws/install/dwb_critics/share/dwb_critics/local_setup.zsh
[85.556s] -- Up-to-date: /home/agilex/agilex_ws/install/dwb_critics/share/dwb_critics/local_setup.dsv
[85.556s] -- Installing: /home/agilex/agilex_ws/install/dwb_critics/share/dwb_critics/package.dsv
[85.557s] -- Up-to-date: /home/agilex/agilex_ws/install/dwb_critics/share/ament_index/resource_index/packages/dwb_critics
[85.557s] -- Up-to-date: /home/agilex/agilex_ws/install/dwb_critics/share/ament_index/resource_index/dwb_core__pluginlib__plugin/dwb_critics
[85.557s] -- Up-to-date: /home/agilex/agilex_ws/install/dwb_critics/share/dwb_critics/cmake/ament_cmake_export_include_directories-extras.cmake
[85.557s] -- Up-to-date: /home/agilex/agilex_ws/install/dwb_critics/share/dwb_critics/cmake/ament_cmake_export_libraries-extras.cmake
[85.557s] -- Up-to-date: /home/agilex/agilex_ws/install/dwb_critics/share/dwb_critics/cmake/ament_cmake_export_dependencies-extras.cmake
[85.557s] -- Up-to-date: /home/agilex/agilex_ws/install/dwb_critics/share/dwb_critics/cmake/dwb_criticsConfig.cmake
[85.557s] -- Up-to-date: /home/agilex/agilex_ws/install/dwb_critics/share/dwb_critics/cmake/dwb_criticsConfig-version.cmake
[85.557s] -- Up-to-date: /home/agilex/agilex_ws/install/dwb_critics/share/dwb_critics/package.xml
[85.559s] Invoked command in '/home/agilex/agilex_ws/build/dwb_critics' returned '0': AMENT_PREFIX_PATH=/home/agilex/agilex_ws/install/dwb_core:/home/agilex/agilex_ws/install/nav2_core:/home/agilex/agilex_ws/install/costmap_queue:/home/agilex/agilex_ws/install/nav2_costmap_2d:/home/agilex/agilex_ws/install/nav_2d_utils:/home/agilex/agilex_ws/install/nav2_util:/home/agilex/agilex_ws/install/nav2_voxel_grid:/home/agilex/agilex_ws/install/nav2_msgs:/home/agilex/agilex_ws/install/dwb_msgs:/home/agilex/agilex_ws/install/nav_2d_msgs:/home/agilex/agilex_ws/install/nav2_common CMAKE_PREFIX_PATH=/home/agilex/agilex_ws/install/dwb_core:/home/agilex/agilex_ws/install/nav2_core:/home/agilex/agilex_ws/install/costmap_queue:/home/agilex/agilex_ws/install/nav2_costmap_2d:/home/agilex/agilex_ws/install/nav_2d_utils:/home/agilex/agilex_ws/install/nav2_util:/home/agilex/agilex_ws/install/nav2_voxel_grid:/home/agilex/agilex_ws/install/nav2_msgs:/home/agilex/agilex_ws/install/dwb_msgs:/home/agilex/agilex_ws/install/nav_2d_msgs:/home/agilex/agilex_ws/install/nav2_common LD_LIBRARY_PATH=/home/agilex/agilex_ws/install/dwb_core/lib:/home/agilex/agilex_ws/install/costmap_queue/lib:/home/agilex/agilex_ws/install/nav2_costmap_2d/lib:/home/agilex/agilex_ws/install/nav_2d_utils/lib:/home/agilex/agilex_ws/install/nav2_util/lib:/home/agilex/agilex_ws/install/nav2_voxel_grid/lib:/home/agilex/agilex_ws/install/nav2_msgs/lib:/home/agilex/agilex_ws/install/dwb_msgs/lib:/home/agilex/agilex_ws/install/nav_2d_msgs/lib PYTHONPATH=/home/agilex/agilex_ws/install/nav2_msgs/local/lib/python3.10/dist-packages:/home/agilex/agilex_ws/install/dwb_msgs/local/lib/python3.10/dist-packages:/home/agilex/agilex_ws/install/nav_2d_msgs/local/lib/python3.10/dist-packages:/home/agilex/agilex_ws/install/nav2_common/local/lib/python3.10/dist-packages /usr/bin/cmake --install /home/agilex/agilex_ws/build/dwb_critics
