-- Found ament_cmake: 1.3.6 (/opt/ros/humble/share/ament_cmake/cmake)
-- Found Python3: /usr/bin/python3.10 (found version "3.10.12") found components: Interpreter 
-- Configuring done
-- Generating done
-- Build files have been written to: /home/agilex/agilex_ws/build/nav2_dwb_controller
-- Install configuration: ""
-- Up-to-date: /home/agilex/agilex_ws/install/nav2_dwb_controller/share/ament_index/resource_index/package_run_dependencies/nav2_dwb_controller
-- Installing: /home/agilex/agilex_ws/install/nav2_dwb_controller/share/ament_index/resource_index/parent_prefix_path/nav2_dwb_controller
-- Installing: /home/agilex/agilex_ws/install/nav2_dwb_controller/share/nav2_dwb_controller/environment/ament_prefix_path.sh
-- Installing: /home/agilex/agilex_ws/install/nav2_dwb_controller/share/nav2_dwb_controller/environment/ament_prefix_path.dsv
-- Installing: /home/agilex/agilex_ws/install/nav2_dwb_controller/share/nav2_dwb_controller/environment/path.sh
-- Installing: /home/agilex/agilex_ws/install/nav2_dwb_controller/share/nav2_dwb_controller/environment/path.dsv
-- Up-to-date: /home/agilex/agilex_ws/install/nav2_dwb_controller/share/nav2_dwb_controller/local_setup.bash
-- Up-to-date: /home/agilex/agilex_ws/install/nav2_dwb_controller/share/nav2_dwb_controller/local_setup.sh
-- Up-to-date: /home/agilex/agilex_ws/install/nav2_dwb_controller/share/nav2_dwb_controller/local_setup.zsh
-- Installing: /home/agilex/agilex_ws/install/nav2_dwb_controller/share/nav2_dwb_controller/local_setup.dsv
-- Installing: /home/agilex/agilex_ws/install/nav2_dwb_controller/share/nav2_dwb_controller/package.dsv
-- Up-to-date: /home/agilex/agilex_ws/install/nav2_dwb_controller/share/ament_index/resource_index/packages/nav2_dwb_controller
-- Up-to-date: /home/agilex/agilex_ws/install/nav2_dwb_controller/share/nav2_dwb_controller/cmake/nav2_dwb_controllerConfig.cmake
-- Up-to-date: /home/agilex/agilex_ws/install/nav2_dwb_controller/share/nav2_dwb_controller/cmake/nav2_dwb_controllerConfig-version.cmake
-- Up-to-date: /home/agilex/agilex_ws/install/nav2_dwb_controller/share/nav2_dwb_controller/package.xml
