[0.015s] Invoking command in '/home/agilex/agilex_ws/build/costmap_queue': AMENT_PREFIX_PATH=/home/agilex/agilex_ws/install/nav2_costmap_2d:/home/agilex/agilex_ws/install/nav2_util:/home/agilex/agilex_ws/install/nav2_voxel_grid:/home/agilex/agilex_ws/install/nav2_msgs:/home/agilex/agilex_ws/install/nav2_common:${AMENT_PREFIX_PATH} CMAKE_PREFIX_PATH=/home/agilex/agilex_ws/install/nav2_costmap_2d:/home/agilex/agilex_ws/install/nav2_util:/home/agilex/agilex_ws/install/nav2_voxel_grid:/home/agilex/agilex_ws/install/nav2_msgs:/home/agilex/agilex_ws/install/nav2_common:/opt/ros/humble LD_LIBRARY_PATH=/home/agilex/agilex_ws/install/nav2_costmap_2d/lib:/home/agilex/agilex_ws/install/nav2_util/lib:/home/agilex/agilex_ws/install/nav2_voxel_grid/lib:/home/agilex/agilex_ws/install/nav2_msgs/lib:${LD_LIBRARY_PATH} PYTHONPATH=/home/agilex/agilex_ws/install/nav2_msgs/local/lib/python3.10/dist-packages:/home/agilex/agilex_ws/install/nav2_common/local/lib/python3.10/dist-packages:${PYTHONPATH} /usr/bin/cmake --build /home/agilex/agilex_ws/build/costmap_queue -- -j8 -l8
[0.049s] [35m[1mConsolidate compiler generated dependencies of target gtest[0m
[0.049s] [35m[1mConsolidate compiler generated dependencies of target gtest_main[0m
[0.052s] [35m[1mConsolidate compiler generated dependencies of target costmap_queue[0m
[0.064s] [ 18%] Built target gtest_main
[0.067s] [ 45%] Built target costmap_queue
[0.070s] [ 63%] Built target gtest
[0.077s] [35m[1mConsolidate compiler generated dependencies of target mbq_test[0m
[0.077s] [35m[1mConsolidate compiler generated dependencies of target utest[0m
[0.091s] [ 81%] Built target mbq_test
[0.095s] [100%] Built target utest
[0.103s] Invoked command in '/home/agilex/agilex_ws/build/costmap_queue' returned '0': AMENT_PREFIX_PATH=/home/agilex/agilex_ws/install/nav2_costmap_2d:/home/agilex/agilex_ws/install/nav2_util:/home/agilex/agilex_ws/install/nav2_voxel_grid:/home/agilex/agilex_ws/install/nav2_msgs:/home/agilex/agilex_ws/install/nav2_common:${AMENT_PREFIX_PATH} CMAKE_PREFIX_PATH=/home/agilex/agilex_ws/install/nav2_costmap_2d:/home/agilex/agilex_ws/install/nav2_util:/home/agilex/agilex_ws/install/nav2_voxel_grid:/home/agilex/agilex_ws/install/nav2_msgs:/home/agilex/agilex_ws/install/nav2_common:/opt/ros/humble LD_LIBRARY_PATH=/home/agilex/agilex_ws/install/nav2_costmap_2d/lib:/home/agilex/agilex_ws/install/nav2_util/lib:/home/agilex/agilex_ws/install/nav2_voxel_grid/lib:/home/agilex/agilex_ws/install/nav2_msgs/lib:${LD_LIBRARY_PATH} PYTHONPATH=/home/agilex/agilex_ws/install/nav2_msgs/local/lib/python3.10/dist-packages:/home/agilex/agilex_ws/install/nav2_common/local/lib/python3.10/dist-packages:${PYTHONPATH} /usr/bin/cmake --build /home/agilex/agilex_ws/build/costmap_queue -- -j8 -l8
[0.159s] Invoking command in '/home/agilex/agilex_ws/build/costmap_queue': AMENT_PREFIX_PATH=/home/agilex/agilex_ws/install/nav2_costmap_2d:/home/agilex/agilex_ws/install/nav2_util:/home/agilex/agilex_ws/install/nav2_voxel_grid:/home/agilex/agilex_ws/install/nav2_msgs:/home/agilex/agilex_ws/install/nav2_common:${AMENT_PREFIX_PATH} CMAKE_PREFIX_PATH=/home/agilex/agilex_ws/install/nav2_costmap_2d:/home/agilex/agilex_ws/install/nav2_util:/home/agilex/agilex_ws/install/nav2_voxel_grid:/home/agilex/agilex_ws/install/nav2_msgs:/home/agilex/agilex_ws/install/nav2_common:/opt/ros/humble LD_LIBRARY_PATH=/home/agilex/agilex_ws/install/nav2_costmap_2d/lib:/home/agilex/agilex_ws/install/nav2_util/lib:/home/agilex/agilex_ws/install/nav2_voxel_grid/lib:/home/agilex/agilex_ws/install/nav2_msgs/lib:${LD_LIBRARY_PATH} PYTHONPATH=/home/agilex/agilex_ws/install/nav2_msgs/local/lib/python3.10/dist-packages:/home/agilex/agilex_ws/install/nav2_common/local/lib/python3.10/dist-packages:${PYTHONPATH} /usr/bin/cmake --install /home/agilex/agilex_ws/build/costmap_queue
[0.173s] -- Install configuration: "Release"
[0.173s] -- Up-to-date: /home/agilex/agilex_ws/install/costmap_queue/lib/libcostmap_queue.a
[0.173s] -- Up-to-date: /home/agilex/agilex_ws/install/costmap_queue/include/
[0.173s] -- Up-to-date: /home/agilex/agilex_ws/install/costmap_queue/include//costmap_queue
[0.173s] -- Up-to-date: /home/agilex/agilex_ws/install/costmap_queue/include//costmap_queue/map_based_queue.hpp
[0.173s] -- Up-to-date: /home/agilex/agilex_ws/install/costmap_queue/include//costmap_queue/costmap_queue.hpp
[0.173s] -- Up-to-date: /home/agilex/agilex_ws/install/costmap_queue/include//costmap_queue/limited_costmap_queue.hpp
[0.173s] -- Up-to-date: /home/agilex/agilex_ws/install/costmap_queue/share/costmap_queue/environment/library_path.sh
[0.174s] -- Up-to-date: /home/agilex/agilex_ws/install/costmap_queue/share/costmap_queue/environment/library_path.dsv
[0.174s] -- Up-to-date: /home/agilex/agilex_ws/install/costmap_queue/share/ament_index/resource_index/package_run_dependencies/costmap_queue
[0.174s] -- Up-to-date: /home/agilex/agilex_ws/install/costmap_queue/share/ament_index/resource_index/parent_prefix_path/costmap_queue
[0.174s] -- Up-to-date: /home/agilex/agilex_ws/install/costmap_queue/share/costmap_queue/environment/ament_prefix_path.sh
[0.174s] -- Up-to-date: /home/agilex/agilex_ws/install/costmap_queue/share/costmap_queue/environment/ament_prefix_path.dsv
[0.174s] -- Up-to-date: /home/agilex/agilex_ws/install/costmap_queue/share/costmap_queue/environment/path.sh
[0.174s] -- Up-to-date: /home/agilex/agilex_ws/install/costmap_queue/share/costmap_queue/environment/path.dsv
[0.174s] -- Up-to-date: /home/agilex/agilex_ws/install/costmap_queue/share/costmap_queue/local_setup.bash
[0.174s] -- Up-to-date: /home/agilex/agilex_ws/install/costmap_queue/share/costmap_queue/local_setup.sh
[0.174s] -- Up-to-date: /home/agilex/agilex_ws/install/costmap_queue/share/costmap_queue/local_setup.zsh
[0.174s] -- Up-to-date: /home/agilex/agilex_ws/install/costmap_queue/share/costmap_queue/local_setup.dsv
[0.174s] -- Installing: /home/agilex/agilex_ws/install/costmap_queue/share/costmap_queue/package.dsv
[0.175s] -- Up-to-date: /home/agilex/agilex_ws/install/costmap_queue/share/ament_index/resource_index/packages/costmap_queue
[0.175s] -- Up-to-date: /home/agilex/agilex_ws/install/costmap_queue/share/costmap_queue/cmake/ament_cmake_export_include_directories-extras.cmake
[0.175s] -- Up-to-date: /home/agilex/agilex_ws/install/costmap_queue/share/costmap_queue/cmake/ament_cmake_export_libraries-extras.cmake
[0.175s] -- Up-to-date: /home/agilex/agilex_ws/install/costmap_queue/share/costmap_queue/cmake/costmap_queueConfig.cmake
[0.175s] -- Up-to-date: /home/agilex/agilex_ws/install/costmap_queue/share/costmap_queue/cmake/costmap_queueConfig-version.cmake
[0.175s] -- Up-to-date: /home/agilex/agilex_ws/install/costmap_queue/share/costmap_queue/package.xml
[0.186s] Invoked command in '/home/agilex/agilex_ws/build/costmap_queue' returned '0': AMENT_PREFIX_PATH=/home/agilex/agilex_ws/install/nav2_costmap_2d:/home/agilex/agilex_ws/install/nav2_util:/home/agilex/agilex_ws/install/nav2_voxel_grid:/home/agilex/agilex_ws/install/nav2_msgs:/home/agilex/agilex_ws/install/nav2_common:${AMENT_PREFIX_PATH} CMAKE_PREFIX_PATH=/home/agilex/agilex_ws/install/nav2_costmap_2d:/home/agilex/agilex_ws/install/nav2_util:/home/agilex/agilex_ws/install/nav2_voxel_grid:/home/agilex/agilex_ws/install/nav2_msgs:/home/agilex/agilex_ws/install/nav2_common:/opt/ros/humble LD_LIBRARY_PATH=/home/agilex/agilex_ws/install/nav2_costmap_2d/lib:/home/agilex/agilex_ws/install/nav2_util/lib:/home/agilex/agilex_ws/install/nav2_voxel_grid/lib:/home/agilex/agilex_ws/install/nav2_msgs/lib:${LD_LIBRARY_PATH} PYTHONPATH=/home/agilex/agilex_ws/install/nav2_msgs/local/lib/python3.10/dist-packages:/home/agilex/agilex_ws/install/nav2_common/local/lib/python3.10/dist-packages:${PYTHONPATH} /usr/bin/cmake --install /home/agilex/agilex_ws/build/costmap_queue
