[0.024s] Invoking command in '/home/agilex/agilex_ws/build/aruco_msgs': CMAKE_PREFIX_PATH=/opt/ros/humble /usr/bin/cmake /home/agilex/agilex_ws/src/aruco_ros/aruco_msgs -DCMAKE_INSTALL_PREFIX=/home/agilex/agilex_ws/install/aruco_msgs
[0.036s] -- Found ament_cmake: 1.3.4 (/opt/ros/humble/share/ament_cmake/cmake)
[0.250s] -- Found Python3: /usr/bin/python3.10 (found version "3.10.6") found components: Interpreter 
[0.347s] -- Found std_msgs: 4.2.3 (/opt/ros/humble/share/std_msgs/cmake)
[0.382s] -- Found rosidl_generator_c: 3.1.4 (/opt/ros/humble/share/rosidl_generator_c/cmake)
[0.387s] -- Found rosidl_adapter: 3.1.4 (/opt/ros/humble/share/rosidl_adapter/cmake)
[0.400s] -- Found rosidl_generator_cpp: 3.1.4 (/opt/ros/humble/share/rosidl_generator_cpp/cmake)
[0.415s] -- Using all available rosidl_typesupport_c: rosidl_typesupport_fastrtps_c;rosidl_typesupport_introspection_c
[0.435s] -- Using all available rosidl_typesupport_cpp: rosidl_typesupport_fastrtps_cpp;rosidl_typesupport_introspection_cpp
[0.499s] -- Found geometry_msgs: 4.2.3 (/opt/ros/humble/share/geometry_msgs/cmake)
[0.562s] -- Found rosidl_default_generators: 1.2.0 (/opt/ros/humble/share/rosidl_default_generators/cmake)
[1.259s] -- Found ament_cmake_ros: 0.10.0 (/opt/ros/humble/share/ament_cmake_ros/cmake)
[2.220s] -- Using all available rosidl_typesupport_c: rosidl_typesupport_fastrtps_c;rosidl_typesupport_introspection_c
[2.624s] -- Using all available rosidl_typesupport_cpp: rosidl_typesupport_fastrtps_cpp;rosidl_typesupport_introspection_cpp
[2.761s] -- Found PythonInterp: /usr/bin/python3 (found suitable version "3.10.6", minimum required is "3.6") 
[2.762s] -- Found python_cmake_module: 0.10.0 (/opt/ros/humble/share/python_cmake_module/cmake)
[2.808s] -- Found PythonLibs: /usr/lib/x86_64-linux-gnu/libpython3.10.so (found suitable version "3.10.6", minimum required is "3.5") 
[2.808s] -- Using PYTHON_EXECUTABLE: /usr/bin/python3
[2.808s] -- Using PYTHON_INCLUDE_DIRS: /usr/include/python3.10
[2.808s] -- Using PYTHON_LIBRARIES: /usr/lib/x86_64-linux-gnu/libpython3.10.so
[2.872s] -- Found PythonExtra: .so  
[3.044s] -- Found ament_lint_auto: 0.12.6 (/opt/ros/humble/share/ament_lint_auto/cmake)
[3.133s] -- Added test 'copyright' to check source files copyright and LICENSE
[3.135s] -- Added test 'lint_cmake' to check CMake code style
[3.139s] -- Added test 'xmllint' to check XML markup files
[3.179s] -- Configuring done
[3.391s] -- Generating done
[3.396s] -- Build files have been written to: /home/agilex/agilex_ws/build/aruco_msgs
[3.453s] Invoked command in '/home/agilex/agilex_ws/build/aruco_msgs' returned '0': CMAKE_PREFIX_PATH=/opt/ros/humble /usr/bin/cmake /home/agilex/agilex_ws/src/aruco_ros/aruco_msgs -DCMAKE_INSTALL_PREFIX=/home/agilex/agilex_ws/install/aruco_msgs
[3.453s] Invoking command in '/home/agilex/agilex_ws/build/aruco_msgs': CMAKE_PREFIX_PATH=/opt/ros/humble /usr/bin/cmake --build /home/agilex/agilex_ws/build/aruco_msgs -- -j8 -l8
[4.147s] [  0%] Built target ament_cmake_python_copy_aruco_msgs
[4.148s] [  2%] [34m[1mGenerating C++ code for ROS interfaces[0m
[4.148s] [  5%] [34m[1mGenerating C code for ROS interfaces[0m
[5.104s] [  5%] Built target aruco_msgs__cpp
[5.192s] [  7%] [34m[1mGenerating C++ type support dispatch for ROS interfaces[0m
[5.199s] [ 10%] [34m[1mGenerating C++ type support for eProsima Fast-RTPS[0m
[5.246s] [ 12%] [34m[1mGenerating C++ introspection for ROS interfaces[0m
[5.309s] running egg_info
[5.310s] creating aruco_msgs.egg-info
[5.311s] writing aruco_msgs.egg-info/PKG-INFO
[5.311s] writing dependency_links to aruco_msgs.egg-info/dependency_links.txt
[5.314s] writing top-level names to aruco_msgs.egg-info/top_level.txt
[5.315s] writing manifest file 'aruco_msgs.egg-info/SOURCES.txt'
[5.324s] reading manifest file 'aruco_msgs.egg-info/SOURCES.txt'
[5.326s] writing manifest file 'aruco_msgs.egg-info/SOURCES.txt'
[5.402s] [ 15%] [32mBuilding C object CMakeFiles/aruco_msgs__rosidl_generator_c.dir/rosidl_generator_c/aruco_msgs/msg/detail/marker__functions.c.o[0m
[5.443s] [ 17%] [32mBuilding C object CMakeFiles/aruco_msgs__rosidl_generator_c.dir/rosidl_generator_c/aruco_msgs/msg/detail/marker_array__functions.c.o[0m
[5.488s] [ 17%] Built target ament_cmake_python_build_aruco_msgs_egg
[5.714s] [ 20%] [32m[1mLinking C shared library libaruco_msgs__rosidl_generator_c.so[0m
[6.004s] [ 20%] Built target aruco_msgs__rosidl_generator_c
[6.054s] [ 23%] [34m[1mGenerating C introspection for ROS interfaces[0m
[6.061s] [ 25%] [34m[1mGenerating C type support for eProsima Fast-RTPS[0m
[6.123s] [ 28%] [34m[1mGenerating C type support dispatch for ROS interfaces[0m
[6.350s] [ 30%] [32mBuilding CXX object CMakeFiles/aruco_msgs__rosidl_typesupport_cpp.dir/rosidl_typesupport_cpp/aruco_msgs/msg/marker__type_support.cpp.o[0m
[6.371s] [ 33%] [32mBuilding CXX object CMakeFiles/aruco_msgs__rosidl_typesupport_cpp.dir/rosidl_typesupport_cpp/aruco_msgs/msg/marker_array__type_support.cpp.o[0m
[6.489s] [ 35%] [32mBuilding CXX object CMakeFiles/aruco_msgs__rosidl_typesupport_introspection_cpp.dir/rosidl_typesupport_introspection_cpp/aruco_msgs/msg/detail/marker__type_support.cpp.o[0m
[6.495s] [ 38%] [32mBuilding CXX object CMakeFiles/aruco_msgs__rosidl_typesupport_introspection_cpp.dir/rosidl_typesupport_introspection_cpp/aruco_msgs/msg/detail/marker_array__type_support.cpp.o[0m
[7.009s] [ 41%] [32mBuilding CXX object CMakeFiles/aruco_msgs__rosidl_typesupport_fastrtps_cpp.dir/rosidl_typesupport_fastrtps_cpp/aruco_msgs/msg/detail/dds_fastrtps/marker__type_support.cpp.o[0m
[7.758s] [ 46%] [32m[1mLinking CXX shared library libaruco_msgs__rosidl_typesupport_cpp.so[0m
[7.786s] [ 48%] [32mBuilding CXX object CMakeFiles/aruco_msgs__rosidl_typesupport_fastrtps_cpp.dir/rosidl_typesupport_fastrtps_cpp/aruco_msgs/msg/detail/dds_fastrtps/marker_array__type_support.cpp.o[0m
[7.787s] [ 48%] [32mBuilding CXX object CMakeFiles/aruco_msgs__rosidl_typesupport_fastrtps_c.dir/rosidl_typesupport_fastrtps_c/aruco_msgs/msg/detail/marker__type_support_c.cpp.o[0m
[7.894s] [ 51%] [32mBuilding C object CMakeFiles/aruco_msgs__rosidl_typesupport_introspection_c.dir/rosidl_typesupport_introspection_c/aruco_msgs/msg/detail/marker__type_support.c.o[0m
[8.005s] [ 51%] Built target aruco_msgs__rosidl_typesupport_cpp
[8.094s] [ 53%] [32mBuilding C object CMakeFiles/aruco_msgs__rosidl_typesupport_introspection_c.dir/rosidl_typesupport_introspection_c/aruco_msgs/msg/detail/marker_array__type_support.c.o[0m
[8.095s] [ 56%] [32mBuilding CXX object CMakeFiles/aruco_msgs__rosidl_typesupport_c.dir/rosidl_typesupport_c/aruco_msgs/msg/marker__type_support.cpp.o[0m
[8.147s] [ 58%] [32mBuilding CXX object CMakeFiles/aruco_msgs__rosidl_typesupport_c.dir/rosidl_typesupport_c/aruco_msgs/msg/marker_array__type_support.cpp.o[0m
[8.274s] [ 61%] [32mBuilding CXX object CMakeFiles/aruco_msgs__rosidl_typesupport_fastrtps_c.dir/rosidl_typesupport_fastrtps_c/aruco_msgs/msg/detail/marker_array__type_support_c.cpp.o[0m
[8.311s] [ 64%] [32m[1mLinking C shared library libaruco_msgs__rosidl_typesupport_introspection_c.so[0m
[8.384s] [ 66%] [32m[1mLinking CXX shared library libaruco_msgs__rosidl_typesupport_c.so[0m
[8.530s] [ 66%] Built target aruco_msgs__rosidl_typesupport_introspection_c
[8.698s] [ 66%] Built target aruco_msgs__rosidl_typesupport_c
[9.032s] [ 69%] [32m[1mLinking CXX shared library libaruco_msgs__rosidl_typesupport_introspection_cpp.so[0m
[9.449s] [ 69%] Built target aruco_msgs__rosidl_typesupport_introspection_cpp
[9.872s] [ 71%] [32m[1mLinking CXX shared library libaruco_msgs__rosidl_typesupport_fastrtps_c.so[0m
[10.213s] [ 71%] Built target aruco_msgs__rosidl_typesupport_fastrtps_c
[10.341s] [ 74%] [32m[1mLinking CXX shared library libaruco_msgs__rosidl_typesupport_fastrtps_cpp.so[0m
[10.534s] [ 74%] Built target aruco_msgs__rosidl_typesupport_fastrtps_cpp
[10.683s] [ 74%] Built target aruco_msgs
[10.773s] [ 76%] [34m[1mGenerating Python code for ROS interfaces[0m
[12.356s] [ 76%] Built target aruco_msgs__py
[12.506s] [ 79%] [32mBuilding C object CMakeFiles/aruco_msgs__rosidl_generator_py.dir/rosidl_generator_py/aruco_msgs/msg/_marker_s.c.o[0m
[12.533s] [ 82%] [32mBuilding C object CMakeFiles/aruco_msgs__rosidl_generator_py.dir/rosidl_generator_py/aruco_msgs/msg/_marker_array_s.c.o[0m
[12.969s] [ 84%] [32m[1mLinking C shared library rosidl_generator_py/aruco_msgs/libaruco_msgs__rosidl_generator_py.so[0m
[13.169s] [ 84%] Built target aruco_msgs__rosidl_generator_py
[13.310s] [ 87%] [32mBuilding C object CMakeFiles/aruco_msgs__rosidl_typesupport_fastrtps_c__pyext.dir/rosidl_generator_py/aruco_msgs/_aruco_msgs_s.ep.rosidl_typesupport_fastrtps_c.c.o[0m
[13.315s] [ 89%] [32mBuilding C object CMakeFiles/aruco_msgs__rosidl_typesupport_introspection_c__pyext.dir/rosidl_generator_py/aruco_msgs/_aruco_msgs_s.ep.rosidl_typesupport_introspection_c.c.o[0m
[13.351s] [ 92%] [32mBuilding C object CMakeFiles/aruco_msgs__rosidl_typesupport_c__pyext.dir/rosidl_generator_py/aruco_msgs/_aruco_msgs_s.ep.rosidl_typesupport_c.c.o[0m
[13.594s] [ 94%] [32m[1mLinking C shared library rosidl_generator_py/aruco_msgs/aruco_msgs_s__rosidl_typesupport_c.cpython-310-x86_64-linux-gnu.so[0m
[13.714s] [ 97%] [32m[1mLinking C shared library rosidl_generator_py/aruco_msgs/aruco_msgs_s__rosidl_typesupport_fastrtps_c.cpython-310-x86_64-linux-gnu.so[0m
[13.720s] [100%] [32m[1mLinking C shared library rosidl_generator_py/aruco_msgs/aruco_msgs_s__rosidl_typesupport_introspection_c.cpython-310-x86_64-linux-gnu.so[0m
[13.723s] [100%] Built target aruco_msgs__rosidl_typesupport_c__pyext
[13.863s] [100%] Built target aruco_msgs__rosidl_typesupport_introspection_c__pyext
[13.922s] [100%] Built target aruco_msgs__rosidl_typesupport_fastrtps_c__pyext
[14.051s] Invoked command in '/home/agilex/agilex_ws/build/aruco_msgs' returned '0': CMAKE_PREFIX_PATH=/opt/ros/humble /usr/bin/cmake --build /home/agilex/agilex_ws/build/aruco_msgs -- -j8 -l8
[14.899s] Invoking command in '/home/agilex/agilex_ws/build/aruco_msgs': CMAKE_PREFIX_PATH=/opt/ros/humble /usr/bin/cmake --install /home/agilex/agilex_ws/build/aruco_msgs
[14.923s] -- Install configuration: ""
[14.925s] -- Installing: /home/agilex/agilex_ws/install/aruco_msgs/share/ament_index/resource_index/rosidl_interfaces/aruco_msgs
[14.926s] -- Installing: /home/agilex/agilex_ws/install/aruco_msgs/include/aruco_msgs/aruco_msgs
[14.926s] -- Installing: /home/agilex/agilex_ws/install/aruco_msgs/include/aruco_msgs/aruco_msgs/msg
[14.926s] -- Installing: /home/agilex/agilex_ws/install/aruco_msgs/include/aruco_msgs/aruco_msgs/msg/rosidl_generator_c__visibility_control.h
[14.926s] -- Installing: /home/agilex/agilex_ws/install/aruco_msgs/include/aruco_msgs/aruco_msgs/msg/marker.h
[14.926s] -- Installing: /home/agilex/agilex_ws/install/aruco_msgs/include/aruco_msgs/aruco_msgs/msg/detail
[14.926s] -- Installing: /home/agilex/agilex_ws/install/aruco_msgs/include/aruco_msgs/aruco_msgs/msg/detail/marker__functions.c
[14.926s] -- Installing: /home/agilex/agilex_ws/install/aruco_msgs/include/aruco_msgs/aruco_msgs/msg/detail/marker__functions.h
[14.926s] -- Installing: /home/agilex/agilex_ws/install/aruco_msgs/include/aruco_msgs/aruco_msgs/msg/detail/marker__struct.h
[14.926s] -- Installing: /home/agilex/agilex_ws/install/aruco_msgs/include/aruco_msgs/aruco_msgs/msg/detail/marker__type_support.h
[14.926s] -- Installing: /home/agilex/agilex_ws/install/aruco_msgs/include/aruco_msgs/aruco_msgs/msg/detail/marker_array__functions.c
[14.927s] -- Installing: /home/agilex/agilex_ws/install/aruco_msgs/include/aruco_msgs/aruco_msgs/msg/detail/marker_array__functions.h
[14.927s] -- Installing: /home/agilex/agilex_ws/install/aruco_msgs/include/aruco_msgs/aruco_msgs/msg/detail/marker_array__struct.h
[14.927s] -- Installing: /home/agilex/agilex_ws/install/aruco_msgs/include/aruco_msgs/aruco_msgs/msg/detail/marker_array__type_support.h
[14.927s] -- Installing: /home/agilex/agilex_ws/install/aruco_msgs/include/aruco_msgs/aruco_msgs/msg/marker_array.h
[14.927s] -- Installing: /home/agilex/agilex_ws/install/aruco_msgs/share/aruco_msgs/environment/library_path.sh
[14.927s] -- Installing: /home/agilex/agilex_ws/install/aruco_msgs/share/aruco_msgs/environment/library_path.dsv
[14.928s] -- Installing: /home/agilex/agilex_ws/install/aruco_msgs/lib/libaruco_msgs__rosidl_generator_c.so
[14.934s] -- Set runtime path of "/home/agilex/agilex_ws/install/aruco_msgs/lib/libaruco_msgs__rosidl_generator_c.so" to ""
[14.935s] -- Up-to-date: /home/agilex/agilex_ws/install/aruco_msgs/include/aruco_msgs/aruco_msgs
[14.942s] -- Up-to-date: /home/agilex/agilex_ws/install/aruco_msgs/include/aruco_msgs/aruco_msgs/msg
[14.950s] -- Installing: /home/agilex/agilex_ws/install/aruco_msgs/include/aruco_msgs/aruco_msgs/msg/rosidl_typesupport_fastrtps_c__visibility_control.h
[14.951s] -- Up-to-date: /home/agilex/agilex_ws/install/aruco_msgs/include/aruco_msgs/aruco_msgs/msg/detail
[14.951s] -- Installing: /home/agilex/agilex_ws/install/aruco_msgs/include/aruco_msgs/aruco_msgs/msg/detail/marker__rosidl_typesupport_fastrtps_c.h
[14.951s] -- Installing: /home/agilex/agilex_ws/install/aruco_msgs/include/aruco_msgs/aruco_msgs/msg/detail/marker_array__rosidl_typesupport_fastrtps_c.h
[14.951s] -- Installing: /home/agilex/agilex_ws/install/aruco_msgs/lib/libaruco_msgs__rosidl_typesupport_fastrtps_c.so
[14.952s] -- Set runtime path of "/home/agilex/agilex_ws/install/aruco_msgs/lib/libaruco_msgs__rosidl_typesupport_fastrtps_c.so" to ""
[14.953s] -- Up-to-date: /home/agilex/agilex_ws/install/aruco_msgs/include/aruco_msgs/aruco_msgs
[14.953s] -- Up-to-date: /home/agilex/agilex_ws/install/aruco_msgs/include/aruco_msgs/aruco_msgs/msg
[14.953s] -- Installing: /home/agilex/agilex_ws/install/aruco_msgs/include/aruco_msgs/aruco_msgs/msg/marker.hpp
[14.953s] -- Up-to-date: /home/agilex/agilex_ws/install/aruco_msgs/include/aruco_msgs/aruco_msgs/msg/detail
[14.953s] -- Installing: /home/agilex/agilex_ws/install/aruco_msgs/include/aruco_msgs/aruco_msgs/msg/detail/marker__builder.hpp
[14.954s] -- Installing: /home/agilex/agilex_ws/install/aruco_msgs/include/aruco_msgs/aruco_msgs/msg/detail/marker__struct.hpp
[14.954s] -- Installing: /home/agilex/agilex_ws/install/aruco_msgs/include/aruco_msgs/aruco_msgs/msg/detail/marker__traits.hpp
[14.954s] -- Installing: /home/agilex/agilex_ws/install/aruco_msgs/include/aruco_msgs/aruco_msgs/msg/detail/marker_array__builder.hpp
[14.955s] -- Installing: /home/agilex/agilex_ws/install/aruco_msgs/include/aruco_msgs/aruco_msgs/msg/detail/marker_array__struct.hpp
[14.955s] -- Installing: /home/agilex/agilex_ws/install/aruco_msgs/include/aruco_msgs/aruco_msgs/msg/detail/marker_array__traits.hpp
[14.955s] -- Installing: /home/agilex/agilex_ws/install/aruco_msgs/include/aruco_msgs/aruco_msgs/msg/marker_array.hpp
[14.956s] -- Up-to-date: /home/agilex/agilex_ws/install/aruco_msgs/include/aruco_msgs/aruco_msgs
[14.956s] -- Up-to-date: /home/agilex/agilex_ws/install/aruco_msgs/include/aruco_msgs/aruco_msgs/msg
[14.956s] -- Installing: /home/agilex/agilex_ws/install/aruco_msgs/include/aruco_msgs/aruco_msgs/msg/rosidl_typesupport_fastrtps_cpp__visibility_control.h
[14.956s] -- Up-to-date: /home/agilex/agilex_ws/install/aruco_msgs/include/aruco_msgs/aruco_msgs/msg/detail
[14.956s] -- Installing: /home/agilex/agilex_ws/install/aruco_msgs/include/aruco_msgs/aruco_msgs/msg/detail/marker__rosidl_typesupport_fastrtps_cpp.hpp
[14.957s] -- Installing: /home/agilex/agilex_ws/install/aruco_msgs/include/aruco_msgs/aruco_msgs/msg/detail/dds_fastrtps
[14.957s] -- Installing: /home/agilex/agilex_ws/install/aruco_msgs/include/aruco_msgs/aruco_msgs/msg/detail/marker_array__rosidl_typesupport_fastrtps_cpp.hpp
[14.957s] -- Installing: /home/agilex/agilex_ws/install/aruco_msgs/lib/libaruco_msgs__rosidl_typesupport_fastrtps_cpp.so
[14.959s] -- Set runtime path of "/home/agilex/agilex_ws/install/aruco_msgs/lib/libaruco_msgs__rosidl_typesupport_fastrtps_cpp.so" to ""
[14.959s] -- Up-to-date: /home/agilex/agilex_ws/install/aruco_msgs/include/aruco_msgs/aruco_msgs
[14.960s] -- Up-to-date: /home/agilex/agilex_ws/install/aruco_msgs/include/aruco_msgs/aruco_msgs/msg
[14.960s] -- Installing: /home/agilex/agilex_ws/install/aruco_msgs/include/aruco_msgs/aruco_msgs/msg/rosidl_typesupport_introspection_c__visibility_control.h
[14.961s] -- Up-to-date: /home/agilex/agilex_ws/install/aruco_msgs/include/aruco_msgs/aruco_msgs/msg/detail
[14.961s] -- Installing: /home/agilex/agilex_ws/install/aruco_msgs/include/aruco_msgs/aruco_msgs/msg/detail/marker__rosidl_typesupport_introspection_c.h
[14.961s] -- Installing: /home/agilex/agilex_ws/install/aruco_msgs/include/aruco_msgs/aruco_msgs/msg/detail/marker__type_support.c
[14.962s] -- Installing: /home/agilex/agilex_ws/install/aruco_msgs/include/aruco_msgs/aruco_msgs/msg/detail/marker_array__rosidl_typesupport_introspection_c.h
[14.962s] -- Installing: /home/agilex/agilex_ws/install/aruco_msgs/include/aruco_msgs/aruco_msgs/msg/detail/marker_array__type_support.c
[14.962s] -- Installing: /home/agilex/agilex_ws/install/aruco_msgs/lib/libaruco_msgs__rosidl_typesupport_introspection_c.so
[14.964s] -- Set runtime path of "/home/agilex/agilex_ws/install/aruco_msgs/lib/libaruco_msgs__rosidl_typesupport_introspection_c.so" to ""
[14.964s] -- Installing: /home/agilex/agilex_ws/install/aruco_msgs/lib/libaruco_msgs__rosidl_typesupport_c.so
[14.966s] -- Set runtime path of "/home/agilex/agilex_ws/install/aruco_msgs/lib/libaruco_msgs__rosidl_typesupport_c.so" to ""
[14.966s] -- Up-to-date: /home/agilex/agilex_ws/install/aruco_msgs/include/aruco_msgs/aruco_msgs
[14.966s] -- Up-to-date: /home/agilex/agilex_ws/install/aruco_msgs/include/aruco_msgs/aruco_msgs/msg
[14.966s] -- Up-to-date: /home/agilex/agilex_ws/install/aruco_msgs/include/aruco_msgs/aruco_msgs/msg/detail
[14.967s] -- Installing: /home/agilex/agilex_ws/install/aruco_msgs/include/aruco_msgs/aruco_msgs/msg/detail/marker__rosidl_typesupport_introspection_cpp.hpp
[14.967s] -- Installing: /home/agilex/agilex_ws/install/aruco_msgs/include/aruco_msgs/aruco_msgs/msg/detail/marker__type_support.cpp
[14.967s] -- Installing: /home/agilex/agilex_ws/install/aruco_msgs/include/aruco_msgs/aruco_msgs/msg/detail/marker_array__rosidl_typesupport_introspection_cpp.hpp
[14.968s] -- Installing: /home/agilex/agilex_ws/install/aruco_msgs/include/aruco_msgs/aruco_msgs/msg/detail/marker_array__type_support.cpp
[14.968s] -- Installing: /home/agilex/agilex_ws/install/aruco_msgs/lib/libaruco_msgs__rosidl_typesupport_introspection_cpp.so
[14.971s] -- Set runtime path of "/home/agilex/agilex_ws/install/aruco_msgs/lib/libaruco_msgs__rosidl_typesupport_introspection_cpp.so" to ""
[14.971s] -- Installing: /home/agilex/agilex_ws/install/aruco_msgs/lib/libaruco_msgs__rosidl_typesupport_cpp.so
[14.972s] -- Set runtime path of "/home/agilex/agilex_ws/install/aruco_msgs/lib/libaruco_msgs__rosidl_typesupport_cpp.so" to ""
[14.972s] -- Installing: /home/agilex/agilex_ws/install/aruco_msgs/share/aruco_msgs/environment/pythonpath.sh
[14.973s] -- Installing: /home/agilex/agilex_ws/install/aruco_msgs/share/aruco_msgs/environment/pythonpath.dsv
[14.973s] -- Installing: /home/agilex/agilex_ws/install/aruco_msgs/local/lib/python3.10/dist-packages/aruco_msgs-3.1.2-py3.10.egg-info
[14.974s] -- Installing: /home/agilex/agilex_ws/install/aruco_msgs/local/lib/python3.10/dist-packages/aruco_msgs-3.1.2-py3.10.egg-info/PKG-INFO
[14.974s] -- Installing: /home/agilex/agilex_ws/install/aruco_msgs/local/lib/python3.10/dist-packages/aruco_msgs-3.1.2-py3.10.egg-info/dependency_links.txt
[14.974s] -- Installing: /home/agilex/agilex_ws/install/aruco_msgs/local/lib/python3.10/dist-packages/aruco_msgs-3.1.2-py3.10.egg-info/top_level.txt
[14.974s] -- Installing: /home/agilex/agilex_ws/install/aruco_msgs/local/lib/python3.10/dist-packages/aruco_msgs-3.1.2-py3.10.egg-info/SOURCES.txt
[14.975s] -- Installing: /home/agilex/agilex_ws/install/aruco_msgs/local/lib/python3.10/dist-packages/aruco_msgs
[14.975s] -- Installing: /home/agilex/agilex_ws/install/aruco_msgs/local/lib/python3.10/dist-packages/aruco_msgs/__init__.py
[14.975s] -- Installing: /home/agilex/agilex_ws/install/aruco_msgs/local/lib/python3.10/dist-packages/aruco_msgs/msg
[14.993s] -- Installing: /home/agilex/agilex_ws/install/aruco_msgs/local/lib/python3.10/dist-packages/aruco_msgs/msg/_marker.py
[14.994s] -- Installing: /home/agilex/agilex_ws/install/aruco_msgs/local/lib/python3.10/dist-packages/aruco_msgs/msg/_marker_s.c
[14.994s] -- Installing: /home/agilex/agilex_ws/install/aruco_msgs/local/lib/python3.10/dist-packages/aruco_msgs/msg/_marker_array.py
[14.995s] -- Installing: /home/agilex/agilex_ws/install/aruco_msgs/local/lib/python3.10/dist-packages/aruco_msgs/msg/_marker_array_s.c
[14.995s] -- Installing: /home/agilex/agilex_ws/install/aruco_msgs/local/lib/python3.10/dist-packages/aruco_msgs/msg/__init__.py
[15.008s] -- Installing: /home/agilex/agilex_ws/install/aruco_msgs/local/lib/python3.10/dist-packages/aruco_msgs/_aruco_msgs_s.ep.rosidl_typesupport_fastrtps_c.c
[15.008s] -- Installing: /home/agilex/agilex_ws/install/aruco_msgs/local/lib/python3.10/dist-packages/aruco_msgs/_aruco_msgs_s.ep.rosidl_typesupport_introspection_c.c
[15.009s] -- Installing: /home/agilex/agilex_ws/install/aruco_msgs/local/lib/python3.10/dist-packages/aruco_msgs/_aruco_msgs_s.ep.rosidl_typesupport_c.c
[15.009s] -- Installing: /home/agilex/agilex_ws/install/aruco_msgs/local/lib/python3.10/dist-packages/aruco_msgs/libaruco_msgs__rosidl_generator_py.so
[15.009s] -- Installing: /home/agilex/agilex_ws/install/aruco_msgs/local/lib/python3.10/dist-packages/aruco_msgs/aruco_msgs_s__rosidl_typesupport_c.cpython-310-x86_64-linux-gnu.so
[15.010s] -- Installing: /home/agilex/agilex_ws/install/aruco_msgs/local/lib/python3.10/dist-packages/aruco_msgs/aruco_msgs_s__rosidl_typesupport_introspection_c.cpython-310-x86_64-linux-gnu.so
[15.010s] -- Installing: /home/agilex/agilex_ws/install/aruco_msgs/local/lib/python3.10/dist-packages/aruco_msgs/aruco_msgs_s__rosidl_typesupport_fastrtps_c.cpython-310-x86_64-linux-gnu.so
[15.097s] Listing '/home/agilex/agilex_ws/install/aruco_msgs/local/lib/python3.10/dist-packages/aruco_msgs'...
[15.097s] Compiling '/home/agilex/agilex_ws/install/aruco_msgs/local/lib/python3.10/dist-packages/aruco_msgs/__init__.py'...
[15.098s] Listing '/home/agilex/agilex_ws/install/aruco_msgs/local/lib/python3.10/dist-packages/aruco_msgs/msg'...
[15.098s] Compiling '/home/agilex/agilex_ws/install/aruco_msgs/local/lib/python3.10/dist-packages/aruco_msgs/msg/__init__.py'...
[15.098s] Compiling '/home/agilex/agilex_ws/install/aruco_msgs/local/lib/python3.10/dist-packages/aruco_msgs/msg/_marker.py'...
[15.098s] Compiling '/home/agilex/agilex_ws/install/aruco_msgs/local/lib/python3.10/dist-packages/aruco_msgs/msg/_marker_array.py'...
[15.103s] -- Installing: /home/agilex/agilex_ws/install/aruco_msgs/local/lib/python3.10/dist-packages/aruco_msgs/aruco_msgs_s__rosidl_typesupport_fastrtps_c.cpython-310-x86_64-linux-gnu.so
[15.103s] -- Set runtime path of "/home/agilex/agilex_ws/install/aruco_msgs/local/lib/python3.10/dist-packages/aruco_msgs/aruco_msgs_s__rosidl_typesupport_fastrtps_c.cpython-310-x86_64-linux-gnu.so" to ""
[15.104s] -- Installing: /home/agilex/agilex_ws/install/aruco_msgs/local/lib/python3.10/dist-packages/aruco_msgs/aruco_msgs_s__rosidl_typesupport_introspection_c.cpython-310-x86_64-linux-gnu.so
[15.105s] -- Set runtime path of "/home/agilex/agilex_ws/install/aruco_msgs/local/lib/python3.10/dist-packages/aruco_msgs/aruco_msgs_s__rosidl_typesupport_introspection_c.cpython-310-x86_64-linux-gnu.so" to ""
[15.105s] -- Installing: /home/agilex/agilex_ws/install/aruco_msgs/local/lib/python3.10/dist-packages/aruco_msgs/aruco_msgs_s__rosidl_typesupport_c.cpython-310-x86_64-linux-gnu.so
[15.106s] -- Set runtime path of "/home/agilex/agilex_ws/install/aruco_msgs/local/lib/python3.10/dist-packages/aruco_msgs/aruco_msgs_s__rosidl_typesupport_c.cpython-310-x86_64-linux-gnu.so" to ""
[15.106s] -- Installing: /home/agilex/agilex_ws/install/aruco_msgs/lib/libaruco_msgs__rosidl_generator_py.so
[15.107s] -- Set runtime path of "/home/agilex/agilex_ws/install/aruco_msgs/lib/libaruco_msgs__rosidl_generator_py.so" to ""
[15.107s] -- Installing: /home/agilex/agilex_ws/install/aruco_msgs/share/aruco_msgs/msg/Marker.idl
[15.107s] -- Installing: /home/agilex/agilex_ws/install/aruco_msgs/share/aruco_msgs/msg/MarkerArray.idl
[15.108s] -- Installing: /home/agilex/agilex_ws/install/aruco_msgs/share/aruco_msgs/msg/Marker.msg
[15.108s] -- Installing: /home/agilex/agilex_ws/install/aruco_msgs/share/aruco_msgs/msg/MarkerArray.msg
[15.108s] -- Installing: /home/agilex/agilex_ws/install/aruco_msgs/share/ament_index/resource_index/package_run_dependencies/aruco_msgs
[15.109s] -- Installing: /home/agilex/agilex_ws/install/aruco_msgs/share/ament_index/resource_index/parent_prefix_path/aruco_msgs
[15.109s] -- Installing: /home/agilex/agilex_ws/install/aruco_msgs/share/aruco_msgs/environment/ament_prefix_path.sh
[15.109s] -- Installing: /home/agilex/agilex_ws/install/aruco_msgs/share/aruco_msgs/environment/ament_prefix_path.dsv
[15.109s] -- Installing: /home/agilex/agilex_ws/install/aruco_msgs/share/aruco_msgs/environment/path.sh
[15.110s] -- Installing: /home/agilex/agilex_ws/install/aruco_msgs/share/aruco_msgs/environment/path.dsv
[15.110s] -- Installing: /home/agilex/agilex_ws/install/aruco_msgs/share/aruco_msgs/local_setup.bash
[15.110s] -- Installing: /home/agilex/agilex_ws/install/aruco_msgs/share/aruco_msgs/local_setup.sh
[15.111s] -- Installing: /home/agilex/agilex_ws/install/aruco_msgs/share/aruco_msgs/local_setup.zsh
[15.111s] -- Installing: /home/agilex/agilex_ws/install/aruco_msgs/share/aruco_msgs/local_setup.dsv
[15.111s] -- Installing: /home/agilex/agilex_ws/install/aruco_msgs/share/aruco_msgs/package.dsv
[15.111s] -- Installing: /home/agilex/agilex_ws/install/aruco_msgs/share/ament_index/resource_index/packages/aruco_msgs
[15.111s] -- Installing: /home/agilex/agilex_ws/install/aruco_msgs/share/aruco_msgs/cmake/export_aruco_msgs__rosidl_generator_cExport.cmake
[15.112s] -- Installing: /home/agilex/agilex_ws/install/aruco_msgs/share/aruco_msgs/cmake/export_aruco_msgs__rosidl_generator_cExport-noconfig.cmake
[15.112s] -- Installing: /home/agilex/agilex_ws/install/aruco_msgs/share/aruco_msgs/cmake/export_aruco_msgs__rosidl_typesupport_fastrtps_cExport.cmake
[15.112s] -- Installing: /home/agilex/agilex_ws/install/aruco_msgs/share/aruco_msgs/cmake/export_aruco_msgs__rosidl_typesupport_fastrtps_cExport-noconfig.cmake
[15.112s] -- Installing: /home/agilex/agilex_ws/install/aruco_msgs/share/aruco_msgs/cmake/export_aruco_msgs__rosidl_generator_cppExport.cmake
[15.112s] -- Installing: /home/agilex/agilex_ws/install/aruco_msgs/share/aruco_msgs/cmake/export_aruco_msgs__rosidl_typesupport_fastrtps_cppExport.cmake
[15.112s] -- Installing: /home/agilex/agilex_ws/install/aruco_msgs/share/aruco_msgs/cmake/export_aruco_msgs__rosidl_typesupport_fastrtps_cppExport-noconfig.cmake
[15.113s] -- Installing: /home/agilex/agilex_ws/install/aruco_msgs/share/aruco_msgs/cmake/aruco_msgs__rosidl_typesupport_introspection_cExport.cmake
[15.113s] -- Installing: /home/agilex/agilex_ws/install/aruco_msgs/share/aruco_msgs/cmake/aruco_msgs__rosidl_typesupport_introspection_cExport-noconfig.cmake
[15.113s] -- Installing: /home/agilex/agilex_ws/install/aruco_msgs/share/aruco_msgs/cmake/aruco_msgs__rosidl_typesupport_cExport.cmake
[15.113s] -- Installing: /home/agilex/agilex_ws/install/aruco_msgs/share/aruco_msgs/cmake/aruco_msgs__rosidl_typesupport_cExport-noconfig.cmake
[15.113s] -- Installing: /home/agilex/agilex_ws/install/aruco_msgs/share/aruco_msgs/cmake/aruco_msgs__rosidl_typesupport_introspection_cppExport.cmake
[15.113s] -- Installing: /home/agilex/agilex_ws/install/aruco_msgs/share/aruco_msgs/cmake/aruco_msgs__rosidl_typesupport_introspection_cppExport-noconfig.cmake
[15.113s] -- Installing: /home/agilex/agilex_ws/install/aruco_msgs/share/aruco_msgs/cmake/aruco_msgs__rosidl_typesupport_cppExport.cmake
[15.114s] -- Installing: /home/agilex/agilex_ws/install/aruco_msgs/share/aruco_msgs/cmake/aruco_msgs__rosidl_typesupport_cppExport-noconfig.cmake
[15.114s] -- Installing: /home/agilex/agilex_ws/install/aruco_msgs/share/aruco_msgs/cmake/export_aruco_msgs__rosidl_generator_pyExport.cmake
[15.114s] -- Installing: /home/agilex/agilex_ws/install/aruco_msgs/share/aruco_msgs/cmake/export_aruco_msgs__rosidl_generator_pyExport-noconfig.cmake
[15.114s] -- Installing: /home/agilex/agilex_ws/install/aruco_msgs/share/aruco_msgs/cmake/rosidl_cmake-extras.cmake
[15.114s] -- Installing: /home/agilex/agilex_ws/install/aruco_msgs/share/aruco_msgs/cmake/ament_cmake_export_dependencies-extras.cmake
[15.114s] -- Installing: /home/agilex/agilex_ws/install/aruco_msgs/share/aruco_msgs/cmake/ament_cmake_export_include_directories-extras.cmake
[15.114s] -- Installing: /home/agilex/agilex_ws/install/aruco_msgs/share/aruco_msgs/cmake/ament_cmake_export_libraries-extras.cmake
[15.115s] -- Installing: /home/agilex/agilex_ws/install/aruco_msgs/share/aruco_msgs/cmake/ament_cmake_export_targets-extras.cmake
[15.115s] -- Installing: /home/agilex/agilex_ws/install/aruco_msgs/share/aruco_msgs/cmake/rosidl_cmake_export_typesupport_targets-extras.cmake
[15.115s] -- Installing: /home/agilex/agilex_ws/install/aruco_msgs/share/aruco_msgs/cmake/rosidl_cmake_export_typesupport_libraries-extras.cmake
[15.115s] -- Installing: /home/agilex/agilex_ws/install/aruco_msgs/share/aruco_msgs/cmake/aruco_msgsConfig.cmake
[15.115s] -- Installing: /home/agilex/agilex_ws/install/aruco_msgs/share/aruco_msgs/cmake/aruco_msgsConfig-version.cmake
[15.115s] -- Installing: /home/agilex/agilex_ws/install/aruco_msgs/share/aruco_msgs/package.xml
[15.123s] Invoked command in '/home/agilex/agilex_ws/build/aruco_msgs' returned '0': CMAKE_PREFIX_PATH=/opt/ros/humble /usr/bin/cmake --install /home/agilex/agilex_ws/build/aruco_msgs
