[0.109s] Invoking command in '/home/agilex/agilex_ws/build/orbbec_camera_msgs': /usr/bin/cmake --build /home/agilex/agilex_ws/build/orbbec_camera_msgs -- -j16 -l16
[0.203s] [  0%] Built target orbbec_camera_msgs__cpp
[0.236s] [ 12%] Built target orbbec_camera_msgs__rosidl_generator_c
[0.278s] [ 12%] Built target ament_cmake_python_copy_orbbec_camera_msgs
[0.283s] [ 24%] Built target orbbec_camera_msgs__rosidl_typesupport_cpp
[0.297s] [ 35%] Built target orbbec_camera_msgs__rosidl_typesupport_fastrtps_cpp
[0.302s] [ 47%] Built target orbbec_camera_msgs__rosidl_typesupport_introspection_cpp
[0.309s] [ 58%] Built target orbbec_camera_msgs__rosidl_typesupport_c
[0.316s] [ 70%] Built target orbbec_camera_msgs__rosidl_typesupport_fastrtps_c
[0.317s] [ 82%] Built target orbbec_camera_msgs__rosidl_typesupport_introspection_c
[0.343s] [ 82%] Built target orbbec_camera_msgs
[0.370s] [ 83%] Built target orbbec_camera_msgs__py
[0.398s] [ 94%] Built target orbbec_camera_msgs__rosidl_generator_py
[0.428s] [ 98%] Built target orbbec_camera_msgs__rosidl_typesupport_c__pyext
[0.428s] [ 98%] Built target orbbec_camera_msgs__rosidl_typesupport_fastrtps_c__pyext
[0.430s] [100%] Built target orbbec_camera_msgs__rosidl_typesupport_introspection_c__pyext
[0.541s] running egg_info
[0.542s] writing orbbec_camera_msgs.egg-info/PKG-INFO
[0.542s] writing dependency_links to orbbec_camera_msgs.egg-info/dependency_links.txt
[0.542s] writing top-level names to orbbec_camera_msgs.egg-info/top_level.txt
[0.545s] reading manifest file 'orbbec_camera_msgs.egg-info/SOURCES.txt'
[0.546s] writing manifest file 'orbbec_camera_msgs.egg-info/SOURCES.txt'
[0.590s] [100%] Built target ament_cmake_python_build_orbbec_camera_msgs_egg
[0.726s] Invoked command in '/home/agilex/agilex_ws/build/orbbec_camera_msgs' returned '0': /usr/bin/cmake --build /home/agilex/agilex_ws/build/orbbec_camera_msgs -- -j16 -l16
[1.092s] Invoking command in '/home/agilex/agilex_ws/build/orbbec_camera_msgs': /usr/bin/cmake --install /home/agilex/agilex_ws/build/orbbec_camera_msgs
[1.141s] -- Install configuration: ""
[1.141s] -- Up-to-date: /home/agilex/agilex_ws/install/orbbec_camera_msgs/share/ament_index/resource_index/rosidl_interfaces/orbbec_camera_msgs
[1.141s] -- Up-to-date: /home/agilex/agilex_ws/install/orbbec_camera_msgs/include/orbbec_camera_msgs/orbbec_camera_msgs
[1.141s] -- Up-to-date: /home/agilex/agilex_ws/install/orbbec_camera_msgs/include/orbbec_camera_msgs/orbbec_camera_msgs/srv
[1.141s] -- Up-to-date: /home/agilex/agilex_ws/install/orbbec_camera_msgs/include/orbbec_camera_msgs/orbbec_camera_msgs/srv/get_bool.h
[1.141s] -- Up-to-date: /home/agilex/agilex_ws/install/orbbec_camera_msgs/include/orbbec_camera_msgs/orbbec_camera_msgs/srv/set_int32.h
[1.141s] -- Up-to-date: /home/agilex/agilex_ws/install/orbbec_camera_msgs/include/orbbec_camera_msgs/orbbec_camera_msgs/srv/get_camera_info.h
[1.141s] -- Up-to-date: /home/agilex/agilex_ws/install/orbbec_camera_msgs/include/orbbec_camera_msgs/orbbec_camera_msgs/srv/get_device_info.h
[1.141s] -- Up-to-date: /home/agilex/agilex_ws/install/orbbec_camera_msgs/include/orbbec_camera_msgs/orbbec_camera_msgs/srv/detail
[1.141s] -- Up-to-date: /home/agilex/agilex_ws/install/orbbec_camera_msgs/include/orbbec_camera_msgs/orbbec_camera_msgs/srv/detail/get_bool__functions.c
[1.141s] -- Up-to-date: /home/agilex/agilex_ws/install/orbbec_camera_msgs/include/orbbec_camera_msgs/orbbec_camera_msgs/srv/detail/get_int32__type_support.h
[1.141s] -- Up-to-date: /home/agilex/agilex_ws/install/orbbec_camera_msgs/include/orbbec_camera_msgs/orbbec_camera_msgs/srv/detail/get_camera_info__functions.c
[1.141s] -- Up-to-date: /home/agilex/agilex_ws/install/orbbec_camera_msgs/include/orbbec_camera_msgs/orbbec_camera_msgs/srv/detail/get_bool__type_support.h
[1.141s] -- Up-to-date: /home/agilex/agilex_ws/install/orbbec_camera_msgs/include/orbbec_camera_msgs/orbbec_camera_msgs/srv/detail/get_bool__struct.h
[1.141s] -- Up-to-date: /home/agilex/agilex_ws/install/orbbec_camera_msgs/include/orbbec_camera_msgs/orbbec_camera_msgs/srv/detail/get_string__type_support.h
[1.141s] -- Up-to-date: /home/agilex/agilex_ws/install/orbbec_camera_msgs/include/orbbec_camera_msgs/orbbec_camera_msgs/srv/detail/get_device_info__type_support.h
[1.141s] -- Up-to-date: /home/agilex/agilex_ws/install/orbbec_camera_msgs/include/orbbec_camera_msgs/orbbec_camera_msgs/srv/detail/get_device_info__functions.h
[1.141s] -- Up-to-date: /home/agilex/agilex_ws/install/orbbec_camera_msgs/include/orbbec_camera_msgs/orbbec_camera_msgs/srv/detail/get_camera_info__functions.h
[1.141s] -- Up-to-date: /home/agilex/agilex_ws/install/orbbec_camera_msgs/include/orbbec_camera_msgs/orbbec_camera_msgs/srv/detail/get_camera_info__type_support.h
[1.141s] -- Up-to-date: /home/agilex/agilex_ws/install/orbbec_camera_msgs/include/orbbec_camera_msgs/orbbec_camera_msgs/srv/detail/get_int32__functions.h
[1.142s] -- Up-to-date: /home/agilex/agilex_ws/install/orbbec_camera_msgs/include/orbbec_camera_msgs/orbbec_camera_msgs/srv/detail/set_int32__struct.h
[1.142s] -- Up-to-date: /home/agilex/agilex_ws/install/orbbec_camera_msgs/include/orbbec_camera_msgs/orbbec_camera_msgs/srv/detail/set_string__functions.c
[1.142s] -- Up-to-date: /home/agilex/agilex_ws/install/orbbec_camera_msgs/include/orbbec_camera_msgs/orbbec_camera_msgs/srv/detail/get_bool__functions.h
[1.142s] -- Up-to-date: /home/agilex/agilex_ws/install/orbbec_camera_msgs/include/orbbec_camera_msgs/orbbec_camera_msgs/srv/detail/set_int32__functions.h
[1.142s] -- Up-to-date: /home/agilex/agilex_ws/install/orbbec_camera_msgs/include/orbbec_camera_msgs/orbbec_camera_msgs/srv/detail/get_device_info__functions.c
[1.142s] -- Up-to-date: /home/agilex/agilex_ws/install/orbbec_camera_msgs/include/orbbec_camera_msgs/orbbec_camera_msgs/srv/detail/get_camera_info__struct.h
[1.142s] -- Up-to-date: /home/agilex/agilex_ws/install/orbbec_camera_msgs/include/orbbec_camera_msgs/orbbec_camera_msgs/srv/detail/get_device_info__struct.h
[1.142s] -- Up-to-date: /home/agilex/agilex_ws/install/orbbec_camera_msgs/include/orbbec_camera_msgs/orbbec_camera_msgs/srv/detail/get_int32__functions.c
[1.142s] -- Up-to-date: /home/agilex/agilex_ws/install/orbbec_camera_msgs/include/orbbec_camera_msgs/orbbec_camera_msgs/srv/detail/set_string__functions.h
[1.142s] -- Up-to-date: /home/agilex/agilex_ws/install/orbbec_camera_msgs/include/orbbec_camera_msgs/orbbec_camera_msgs/srv/detail/set_int32__type_support.h
[1.142s] -- Up-to-date: /home/agilex/agilex_ws/install/orbbec_camera_msgs/include/orbbec_camera_msgs/orbbec_camera_msgs/srv/detail/get_string__functions.h
[1.142s] -- Up-to-date: /home/agilex/agilex_ws/install/orbbec_camera_msgs/include/orbbec_camera_msgs/orbbec_camera_msgs/srv/detail/set_string__struct.h
[1.142s] -- Up-to-date: /home/agilex/agilex_ws/install/orbbec_camera_msgs/include/orbbec_camera_msgs/orbbec_camera_msgs/srv/detail/set_int32__functions.c
[1.142s] -- Up-to-date: /home/agilex/agilex_ws/install/orbbec_camera_msgs/include/orbbec_camera_msgs/orbbec_camera_msgs/srv/detail/get_string__functions.c
[1.142s] -- Up-to-date: /home/agilex/agilex_ws/install/orbbec_camera_msgs/include/orbbec_camera_msgs/orbbec_camera_msgs/srv/detail/set_string__type_support.h
[1.142s] -- Up-to-date: /home/agilex/agilex_ws/install/orbbec_camera_msgs/include/orbbec_camera_msgs/orbbec_camera_msgs/srv/detail/get_int32__struct.h
[1.142s] -- Up-to-date: /home/agilex/agilex_ws/install/orbbec_camera_msgs/include/orbbec_camera_msgs/orbbec_camera_msgs/srv/detail/get_string__struct.h
[1.142s] -- Up-to-date: /home/agilex/agilex_ws/install/orbbec_camera_msgs/include/orbbec_camera_msgs/orbbec_camera_msgs/srv/set_string.h
[1.142s] -- Up-to-date: /home/agilex/agilex_ws/install/orbbec_camera_msgs/include/orbbec_camera_msgs/orbbec_camera_msgs/srv/get_string.h
[1.142s] -- Up-to-date: /home/agilex/agilex_ws/install/orbbec_camera_msgs/include/orbbec_camera_msgs/orbbec_camera_msgs/srv/get_int32.h
[1.142s] -- Up-to-date: /home/agilex/agilex_ws/install/orbbec_camera_msgs/include/orbbec_camera_msgs/orbbec_camera_msgs/msg
[1.142s] -- Up-to-date: /home/agilex/agilex_ws/install/orbbec_camera_msgs/include/orbbec_camera_msgs/orbbec_camera_msgs/msg/metadata.h
[1.142s] -- Up-to-date: /home/agilex/agilex_ws/install/orbbec_camera_msgs/include/orbbec_camera_msgs/orbbec_camera_msgs/msg/detail
[1.142s] -- Up-to-date: /home/agilex/agilex_ws/install/orbbec_camera_msgs/include/orbbec_camera_msgs/orbbec_camera_msgs/msg/detail/device_info__struct.h
[1.142s] -- Up-to-date: /home/agilex/agilex_ws/install/orbbec_camera_msgs/include/orbbec_camera_msgs/orbbec_camera_msgs/msg/detail/metadata__functions.c
[1.142s] -- Up-to-date: /home/agilex/agilex_ws/install/orbbec_camera_msgs/include/orbbec_camera_msgs/orbbec_camera_msgs/msg/detail/extrinsics__type_support.h
[1.142s] -- Up-to-date: /home/agilex/agilex_ws/install/orbbec_camera_msgs/include/orbbec_camera_msgs/orbbec_camera_msgs/msg/detail/metadata__type_support.h
[1.142s] -- Up-to-date: /home/agilex/agilex_ws/install/orbbec_camera_msgs/include/orbbec_camera_msgs/orbbec_camera_msgs/msg/detail/metadata__functions.h
[1.143s] -- Up-to-date: /home/agilex/agilex_ws/install/orbbec_camera_msgs/include/orbbec_camera_msgs/orbbec_camera_msgs/msg/detail/device_info__functions.h
[1.143s] -- Up-to-date: /home/agilex/agilex_ws/install/orbbec_camera_msgs/include/orbbec_camera_msgs/orbbec_camera_msgs/msg/detail/extrinsics__functions.h
[1.143s] -- Up-to-date: /home/agilex/agilex_ws/install/orbbec_camera_msgs/include/orbbec_camera_msgs/orbbec_camera_msgs/msg/detail/extrinsics__functions.c
[1.143s] -- Up-to-date: /home/agilex/agilex_ws/install/orbbec_camera_msgs/include/orbbec_camera_msgs/orbbec_camera_msgs/msg/detail/device_info__type_support.h
[1.143s] -- Up-to-date: /home/agilex/agilex_ws/install/orbbec_camera_msgs/include/orbbec_camera_msgs/orbbec_camera_msgs/msg/detail/metadata__struct.h
[1.143s] -- Up-to-date: /home/agilex/agilex_ws/install/orbbec_camera_msgs/include/orbbec_camera_msgs/orbbec_camera_msgs/msg/detail/device_info__functions.c
[1.143s] -- Up-to-date: /home/agilex/agilex_ws/install/orbbec_camera_msgs/include/orbbec_camera_msgs/orbbec_camera_msgs/msg/detail/extrinsics__struct.h
[1.143s] -- Up-to-date: /home/agilex/agilex_ws/install/orbbec_camera_msgs/include/orbbec_camera_msgs/orbbec_camera_msgs/msg/device_info.h
[1.143s] -- Up-to-date: /home/agilex/agilex_ws/install/orbbec_camera_msgs/include/orbbec_camera_msgs/orbbec_camera_msgs/msg/extrinsics.h
[1.143s] -- Up-to-date: /home/agilex/agilex_ws/install/orbbec_camera_msgs/include/orbbec_camera_msgs/orbbec_camera_msgs/msg/rosidl_generator_c__visibility_control.h
[1.143s] -- Up-to-date: /home/agilex/agilex_ws/install/orbbec_camera_msgs/share/orbbec_camera_msgs/environment/library_path.sh
[1.143s] -- Up-to-date: /home/agilex/agilex_ws/install/orbbec_camera_msgs/share/orbbec_camera_msgs/environment/library_path.dsv
[1.143s] -- Up-to-date: /home/agilex/agilex_ws/install/orbbec_camera_msgs/lib/liborbbec_camera_msgs__rosidl_generator_c.so
[1.143s] -- Up-to-date: /home/agilex/agilex_ws/install/orbbec_camera_msgs/include/orbbec_camera_msgs/orbbec_camera_msgs
[1.143s] -- Up-to-date: /home/agilex/agilex_ws/install/orbbec_camera_msgs/include/orbbec_camera_msgs/orbbec_camera_msgs/srv
[1.143s] -- Up-to-date: /home/agilex/agilex_ws/install/orbbec_camera_msgs/include/orbbec_camera_msgs/orbbec_camera_msgs/srv/detail
[1.143s] -- Up-to-date: /home/agilex/agilex_ws/install/orbbec_camera_msgs/include/orbbec_camera_msgs/orbbec_camera_msgs/srv/detail/get_camera_info__rosidl_typesupport_fastrtps_c.h
[1.143s] -- Up-to-date: /home/agilex/agilex_ws/install/orbbec_camera_msgs/include/orbbec_camera_msgs/orbbec_camera_msgs/srv/detail/get_int32__rosidl_typesupport_fastrtps_c.h
[1.143s] -- Up-to-date: /home/agilex/agilex_ws/install/orbbec_camera_msgs/include/orbbec_camera_msgs/orbbec_camera_msgs/srv/detail/get_bool__rosidl_typesupport_fastrtps_c.h
[1.143s] -- Up-to-date: /home/agilex/agilex_ws/install/orbbec_camera_msgs/include/orbbec_camera_msgs/orbbec_camera_msgs/srv/detail/get_string__rosidl_typesupport_fastrtps_c.h
[1.143s] -- Up-to-date: /home/agilex/agilex_ws/install/orbbec_camera_msgs/include/orbbec_camera_msgs/orbbec_camera_msgs/srv/detail/set_int32__rosidl_typesupport_fastrtps_c.h
[1.143s] -- Up-to-date: /home/agilex/agilex_ws/install/orbbec_camera_msgs/include/orbbec_camera_msgs/orbbec_camera_msgs/srv/detail/set_string__rosidl_typesupport_fastrtps_c.h
[1.143s] -- Up-to-date: /home/agilex/agilex_ws/install/orbbec_camera_msgs/include/orbbec_camera_msgs/orbbec_camera_msgs/srv/detail/get_device_info__rosidl_typesupport_fastrtps_c.h
[1.143s] -- Up-to-date: /home/agilex/agilex_ws/install/orbbec_camera_msgs/include/orbbec_camera_msgs/orbbec_camera_msgs/msg
[1.143s] -- Up-to-date: /home/agilex/agilex_ws/install/orbbec_camera_msgs/include/orbbec_camera_msgs/orbbec_camera_msgs/msg/rosidl_typesupport_fastrtps_c__visibility_control.h
[1.143s] -- Up-to-date: /home/agilex/agilex_ws/install/orbbec_camera_msgs/include/orbbec_camera_msgs/orbbec_camera_msgs/msg/detail
[1.143s] -- Up-to-date: /home/agilex/agilex_ws/install/orbbec_camera_msgs/include/orbbec_camera_msgs/orbbec_camera_msgs/msg/detail/extrinsics__rosidl_typesupport_fastrtps_c.h
[1.143s] -- Up-to-date: /home/agilex/agilex_ws/install/orbbec_camera_msgs/include/orbbec_camera_msgs/orbbec_camera_msgs/msg/detail/metadata__rosidl_typesupport_fastrtps_c.h
[1.144s] -- Up-to-date: /home/agilex/agilex_ws/install/orbbec_camera_msgs/include/orbbec_camera_msgs/orbbec_camera_msgs/msg/detail/device_info__rosidl_typesupport_fastrtps_c.h
[1.144s] -- Up-to-date: /home/agilex/agilex_ws/install/orbbec_camera_msgs/lib/liborbbec_camera_msgs__rosidl_typesupport_fastrtps_c.so
[1.144s] -- Up-to-date: /home/agilex/agilex_ws/install/orbbec_camera_msgs/include/orbbec_camera_msgs/orbbec_camera_msgs
[1.144s] -- Up-to-date: /home/agilex/agilex_ws/install/orbbec_camera_msgs/include/orbbec_camera_msgs/orbbec_camera_msgs/srv
[1.144s] -- Up-to-date: /home/agilex/agilex_ws/install/orbbec_camera_msgs/include/orbbec_camera_msgs/orbbec_camera_msgs/srv/detail
[1.144s] -- Up-to-date: /home/agilex/agilex_ws/install/orbbec_camera_msgs/include/orbbec_camera_msgs/orbbec_camera_msgs/srv/detail/get_int32__rosidl_typesupport_introspection_c.h
[1.144s] -- Up-to-date: /home/agilex/agilex_ws/install/orbbec_camera_msgs/include/orbbec_camera_msgs/orbbec_camera_msgs/srv/detail/get_int32__type_support.c
[1.144s] -- Up-to-date: /home/agilex/agilex_ws/install/orbbec_camera_msgs/include/orbbec_camera_msgs/orbbec_camera_msgs/srv/detail/get_camera_info__type_support.c
[1.144s] -- Up-to-date: /home/agilex/agilex_ws/install/orbbec_camera_msgs/include/orbbec_camera_msgs/orbbec_camera_msgs/srv/detail/get_string__rosidl_typesupport_introspection_c.h
[1.144s] -- Up-to-date: /home/agilex/agilex_ws/install/orbbec_camera_msgs/include/orbbec_camera_msgs/orbbec_camera_msgs/srv/detail/get_device_info__type_support.c
[1.144s] -- Up-to-date: /home/agilex/agilex_ws/install/orbbec_camera_msgs/include/orbbec_camera_msgs/orbbec_camera_msgs/srv/detail/get_bool__type_support.c
[1.144s] -- Up-to-date: /home/agilex/agilex_ws/install/orbbec_camera_msgs/include/orbbec_camera_msgs/orbbec_camera_msgs/srv/detail/get_bool__rosidl_typesupport_introspection_c.h
[1.144s] -- Up-to-date: /home/agilex/agilex_ws/install/orbbec_camera_msgs/include/orbbec_camera_msgs/orbbec_camera_msgs/srv/detail/set_string__rosidl_typesupport_introspection_c.h
[1.144s] -- Up-to-date: /home/agilex/agilex_ws/install/orbbec_camera_msgs/include/orbbec_camera_msgs/orbbec_camera_msgs/srv/detail/set_string__type_support.c
[1.144s] -- Up-to-date: /home/agilex/agilex_ws/install/orbbec_camera_msgs/include/orbbec_camera_msgs/orbbec_camera_msgs/srv/detail/get_camera_info__rosidl_typesupport_introspection_c.h
[1.144s] -- Up-to-date: /home/agilex/agilex_ws/install/orbbec_camera_msgs/include/orbbec_camera_msgs/orbbec_camera_msgs/srv/detail/set_int32__type_support.c
[1.144s] -- Up-to-date: /home/agilex/agilex_ws/install/orbbec_camera_msgs/include/orbbec_camera_msgs/orbbec_camera_msgs/srv/detail/get_device_info__rosidl_typesupport_introspection_c.h
[1.144s] -- Up-to-date: /home/agilex/agilex_ws/install/orbbec_camera_msgs/include/orbbec_camera_msgs/orbbec_camera_msgs/srv/detail/get_string__type_support.c
[1.144s] -- Up-to-date: /home/agilex/agilex_ws/install/orbbec_camera_msgs/include/orbbec_camera_msgs/orbbec_camera_msgs/srv/detail/set_int32__rosidl_typesupport_introspection_c.h
[1.144s] -- Up-to-date: /home/agilex/agilex_ws/install/orbbec_camera_msgs/include/orbbec_camera_msgs/orbbec_camera_msgs/msg
[1.144s] -- Up-to-date: /home/agilex/agilex_ws/install/orbbec_camera_msgs/include/orbbec_camera_msgs/orbbec_camera_msgs/msg/detail
[1.144s] -- Up-to-date: /home/agilex/agilex_ws/install/orbbec_camera_msgs/include/orbbec_camera_msgs/orbbec_camera_msgs/msg/detail/metadata__rosidl_typesupport_introspection_c.h
[1.144s] -- Up-to-date: /home/agilex/agilex_ws/install/orbbec_camera_msgs/include/orbbec_camera_msgs/orbbec_camera_msgs/msg/detail/metadata__type_support.c
[1.145s] -- Up-to-date: /home/agilex/agilex_ws/install/orbbec_camera_msgs/include/orbbec_camera_msgs/orbbec_camera_msgs/msg/detail/device_info__type_support.c
[1.145s] -- Up-to-date: /home/agilex/agilex_ws/install/orbbec_camera_msgs/include/orbbec_camera_msgs/orbbec_camera_msgs/msg/detail/extrinsics__type_support.c
[1.145s] -- Up-to-date: /home/agilex/agilex_ws/install/orbbec_camera_msgs/include/orbbec_camera_msgs/orbbec_camera_msgs/msg/detail/extrinsics__rosidl_typesupport_introspection_c.h
[1.145s] -- Up-to-date: /home/agilex/agilex_ws/install/orbbec_camera_msgs/include/orbbec_camera_msgs/orbbec_camera_msgs/msg/detail/device_info__rosidl_typesupport_introspection_c.h
[1.145s] -- Up-to-date: /home/agilex/agilex_ws/install/orbbec_camera_msgs/include/orbbec_camera_msgs/orbbec_camera_msgs/msg/rosidl_typesupport_introspection_c__visibility_control.h
[1.145s] -- Up-to-date: /home/agilex/agilex_ws/install/orbbec_camera_msgs/lib/liborbbec_camera_msgs__rosidl_typesupport_introspection_c.so
[1.145s] -- Up-to-date: /home/agilex/agilex_ws/install/orbbec_camera_msgs/lib/liborbbec_camera_msgs__rosidl_typesupport_c.so
[1.145s] -- Up-to-date: /home/agilex/agilex_ws/install/orbbec_camera_msgs/include/orbbec_camera_msgs/orbbec_camera_msgs
[1.145s] -- Up-to-date: /home/agilex/agilex_ws/install/orbbec_camera_msgs/include/orbbec_camera_msgs/orbbec_camera_msgs/srv
[1.145s] -- Up-to-date: /home/agilex/agilex_ws/install/orbbec_camera_msgs/include/orbbec_camera_msgs/orbbec_camera_msgs/srv/get_string.hpp
[1.145s] -- Up-to-date: /home/agilex/agilex_ws/install/orbbec_camera_msgs/include/orbbec_camera_msgs/orbbec_camera_msgs/srv/set_string.hpp
[1.145s] -- Up-to-date: /home/agilex/agilex_ws/install/orbbec_camera_msgs/include/orbbec_camera_msgs/orbbec_camera_msgs/srv/get_int32.hpp
[1.145s] -- Up-to-date: /home/agilex/agilex_ws/install/orbbec_camera_msgs/include/orbbec_camera_msgs/orbbec_camera_msgs/srv/detail
[1.146s] -- Up-to-date: /home/agilex/agilex_ws/install/orbbec_camera_msgs/include/orbbec_camera_msgs/orbbec_camera_msgs/srv/detail/get_int32__traits.hpp
[1.146s] -- Up-to-date: /home/agilex/agilex_ws/install/orbbec_camera_msgs/include/orbbec_camera_msgs/orbbec_camera_msgs/srv/detail/get_bool__builder.hpp
[1.146s] -- Up-to-date: /home/agilex/agilex_ws/install/orbbec_camera_msgs/include/orbbec_camera_msgs/orbbec_camera_msgs/srv/detail/set_string__traits.hpp
[1.146s] -- Up-to-date: /home/agilex/agilex_ws/install/orbbec_camera_msgs/include/orbbec_camera_msgs/orbbec_camera_msgs/srv/detail/set_int32__builder.hpp
[1.147s] -- Up-to-date: /home/agilex/agilex_ws/install/orbbec_camera_msgs/include/orbbec_camera_msgs/orbbec_camera_msgs/srv/detail/set_int32__struct.hpp
[1.147s] -- Up-to-date: /home/agilex/agilex_ws/install/orbbec_camera_msgs/include/orbbec_camera_msgs/orbbec_camera_msgs/srv/detail/get_camera_info__builder.hpp
[1.147s] -- Up-to-date: /home/agilex/agilex_ws/install/orbbec_camera_msgs/include/orbbec_camera_msgs/orbbec_camera_msgs/srv/detail/set_int32__traits.hpp
[1.147s] -- Up-to-date: /home/agilex/agilex_ws/install/orbbec_camera_msgs/include/orbbec_camera_msgs/orbbec_camera_msgs/srv/detail/get_device_info__builder.hpp
[1.147s] -- Up-to-date: /home/agilex/agilex_ws/install/orbbec_camera_msgs/include/orbbec_camera_msgs/orbbec_camera_msgs/srv/detail/get_int32__builder.hpp
[1.147s] -- Up-to-date: /home/agilex/agilex_ws/install/orbbec_camera_msgs/include/orbbec_camera_msgs/orbbec_camera_msgs/srv/detail/get_bool__struct.hpp
[1.147s] -- Up-to-date: /home/agilex/agilex_ws/install/orbbec_camera_msgs/include/orbbec_camera_msgs/orbbec_camera_msgs/srv/detail/get_string__builder.hpp
[1.147s] -- Up-to-date: /home/agilex/agilex_ws/install/orbbec_camera_msgs/include/orbbec_camera_msgs/orbbec_camera_msgs/srv/detail/get_int32__struct.hpp
[1.147s] -- Up-to-date: /home/agilex/agilex_ws/install/orbbec_camera_msgs/include/orbbec_camera_msgs/orbbec_camera_msgs/srv/detail/get_camera_info__traits.hpp
[1.147s] -- Up-to-date: /home/agilex/agilex_ws/install/orbbec_camera_msgs/include/orbbec_camera_msgs/orbbec_camera_msgs/srv/detail/set_string__struct.hpp
[1.147s] -- Up-to-date: /home/agilex/agilex_ws/install/orbbec_camera_msgs/include/orbbec_camera_msgs/orbbec_camera_msgs/srv/detail/get_device_info__traits.hpp
[1.147s] -- Up-to-date: /home/agilex/agilex_ws/install/orbbec_camera_msgs/include/orbbec_camera_msgs/orbbec_camera_msgs/srv/detail/get_camera_info__struct.hpp
[1.148s] -- Up-to-date: /home/agilex/agilex_ws/install/orbbec_camera_msgs/include/orbbec_camera_msgs/orbbec_camera_msgs/srv/detail/set_string__builder.hpp
[1.148s] -- Up-to-date: /home/agilex/agilex_ws/install/orbbec_camera_msgs/include/orbbec_camera_msgs/orbbec_camera_msgs/srv/detail/get_string__traits.hpp
[1.148s] -- Up-to-date: /home/agilex/agilex_ws/install/orbbec_camera_msgs/include/orbbec_camera_msgs/orbbec_camera_msgs/srv/detail/get_bool__traits.hpp
[1.148s] -- Up-to-date: /home/agilex/agilex_ws/install/orbbec_camera_msgs/include/orbbec_camera_msgs/orbbec_camera_msgs/srv/detail/get_device_info__struct.hpp
[1.148s] -- Up-to-date: /home/agilex/agilex_ws/install/orbbec_camera_msgs/include/orbbec_camera_msgs/orbbec_camera_msgs/srv/detail/get_string__struct.hpp
[1.148s] -- Up-to-date: /home/agilex/agilex_ws/install/orbbec_camera_msgs/include/orbbec_camera_msgs/orbbec_camera_msgs/srv/get_bool.hpp
[1.148s] -- Up-to-date: /home/agilex/agilex_ws/install/orbbec_camera_msgs/include/orbbec_camera_msgs/orbbec_camera_msgs/srv/get_device_info.hpp
[1.148s] -- Up-to-date: /home/agilex/agilex_ws/install/orbbec_camera_msgs/include/orbbec_camera_msgs/orbbec_camera_msgs/srv/set_int32.hpp
[1.149s] -- Up-to-date: /home/agilex/agilex_ws/install/orbbec_camera_msgs/include/orbbec_camera_msgs/orbbec_camera_msgs/srv/get_camera_info.hpp
[1.149s] -- Up-to-date: /home/agilex/agilex_ws/install/orbbec_camera_msgs/include/orbbec_camera_msgs/orbbec_camera_msgs/msg
[1.149s] -- Up-to-date: /home/agilex/agilex_ws/install/orbbec_camera_msgs/include/orbbec_camera_msgs/orbbec_camera_msgs/msg/detail
[1.149s] -- Up-to-date: /home/agilex/agilex_ws/install/orbbec_camera_msgs/include/orbbec_camera_msgs/orbbec_camera_msgs/msg/detail/device_info__traits.hpp
[1.149s] -- Up-to-date: /home/agilex/agilex_ws/install/orbbec_camera_msgs/include/orbbec_camera_msgs/orbbec_camera_msgs/msg/detail/device_info__struct.hpp
[1.149s] -- Up-to-date: /home/agilex/agilex_ws/install/orbbec_camera_msgs/include/orbbec_camera_msgs/orbbec_camera_msgs/msg/detail/extrinsics__builder.hpp
[1.149s] -- Up-to-date: /home/agilex/agilex_ws/install/orbbec_camera_msgs/include/orbbec_camera_msgs/orbbec_camera_msgs/msg/detail/extrinsics__traits.hpp
[1.149s] -- Up-to-date: /home/agilex/agilex_ws/install/orbbec_camera_msgs/include/orbbec_camera_msgs/orbbec_camera_msgs/msg/detail/metadata__traits.hpp
[1.149s] -- Up-to-date: /home/agilex/agilex_ws/install/orbbec_camera_msgs/include/orbbec_camera_msgs/orbbec_camera_msgs/msg/detail/metadata__struct.hpp
[1.149s] -- Up-to-date: /home/agilex/agilex_ws/install/orbbec_camera_msgs/include/orbbec_camera_msgs/orbbec_camera_msgs/msg/detail/device_info__builder.hpp
[1.149s] -- Up-to-date: /home/agilex/agilex_ws/install/orbbec_camera_msgs/include/orbbec_camera_msgs/orbbec_camera_msgs/msg/detail/extrinsics__struct.hpp
[1.149s] -- Up-to-date: /home/agilex/agilex_ws/install/orbbec_camera_msgs/include/orbbec_camera_msgs/orbbec_camera_msgs/msg/detail/metadata__builder.hpp
[1.150s] -- Up-to-date: /home/agilex/agilex_ws/install/orbbec_camera_msgs/include/orbbec_camera_msgs/orbbec_camera_msgs/msg/extrinsics.hpp
[1.150s] -- Up-to-date: /home/agilex/agilex_ws/install/orbbec_camera_msgs/include/orbbec_camera_msgs/orbbec_camera_msgs/msg/metadata.hpp
[1.150s] -- Up-to-date: /home/agilex/agilex_ws/install/orbbec_camera_msgs/include/orbbec_camera_msgs/orbbec_camera_msgs/msg/device_info.hpp
[1.150s] -- Up-to-date: /home/agilex/agilex_ws/install/orbbec_camera_msgs/include/orbbec_camera_msgs/orbbec_camera_msgs
[1.150s] -- Up-to-date: /home/agilex/agilex_ws/install/orbbec_camera_msgs/include/orbbec_camera_msgs/orbbec_camera_msgs/srv
[1.150s] -- Up-to-date: /home/agilex/agilex_ws/install/orbbec_camera_msgs/include/orbbec_camera_msgs/orbbec_camera_msgs/srv/detail
[1.150s] -- Up-to-date: /home/agilex/agilex_ws/install/orbbec_camera_msgs/include/orbbec_camera_msgs/orbbec_camera_msgs/srv/detail/set_int32__rosidl_typesupport_fastrtps_cpp.hpp
[1.150s] -- Up-to-date: /home/agilex/agilex_ws/install/orbbec_camera_msgs/include/orbbec_camera_msgs/orbbec_camera_msgs/srv/detail/get_device_info__rosidl_typesupport_fastrtps_cpp.hpp
[1.150s] -- Up-to-date: /home/agilex/agilex_ws/install/orbbec_camera_msgs/include/orbbec_camera_msgs/orbbec_camera_msgs/srv/detail/set_string__rosidl_typesupport_fastrtps_cpp.hpp
[1.150s] -- Up-to-date: /home/agilex/agilex_ws/install/orbbec_camera_msgs/include/orbbec_camera_msgs/orbbec_camera_msgs/srv/detail/get_string__rosidl_typesupport_fastrtps_cpp.hpp
[1.151s] -- Up-to-date: /home/agilex/agilex_ws/install/orbbec_camera_msgs/include/orbbec_camera_msgs/orbbec_camera_msgs/srv/detail/get_camera_info__rosidl_typesupport_fastrtps_cpp.hpp
[1.151s] -- Up-to-date: /home/agilex/agilex_ws/install/orbbec_camera_msgs/include/orbbec_camera_msgs/orbbec_camera_msgs/srv/detail/get_bool__rosidl_typesupport_fastrtps_cpp.hpp
[1.151s] -- Up-to-date: /home/agilex/agilex_ws/install/orbbec_camera_msgs/include/orbbec_camera_msgs/orbbec_camera_msgs/srv/detail/dds_fastrtps
[1.151s] -- Up-to-date: /home/agilex/agilex_ws/install/orbbec_camera_msgs/include/orbbec_camera_msgs/orbbec_camera_msgs/srv/detail/get_int32__rosidl_typesupport_fastrtps_cpp.hpp
[1.151s] -- Up-to-date: /home/agilex/agilex_ws/install/orbbec_camera_msgs/include/orbbec_camera_msgs/orbbec_camera_msgs/msg
[1.151s] -- Up-to-date: /home/agilex/agilex_ws/install/orbbec_camera_msgs/include/orbbec_camera_msgs/orbbec_camera_msgs/msg/rosidl_typesupport_fastrtps_cpp__visibility_control.h
[1.151s] -- Up-to-date: /home/agilex/agilex_ws/install/orbbec_camera_msgs/include/orbbec_camera_msgs/orbbec_camera_msgs/msg/detail
[1.151s] -- Up-to-date: /home/agilex/agilex_ws/install/orbbec_camera_msgs/include/orbbec_camera_msgs/orbbec_camera_msgs/msg/detail/metadata__rosidl_typesupport_fastrtps_cpp.hpp
[1.151s] -- Up-to-date: /home/agilex/agilex_ws/install/orbbec_camera_msgs/include/orbbec_camera_msgs/orbbec_camera_msgs/msg/detail/device_info__rosidl_typesupport_fastrtps_cpp.hpp
[1.151s] -- Up-to-date: /home/agilex/agilex_ws/install/orbbec_camera_msgs/include/orbbec_camera_msgs/orbbec_camera_msgs/msg/detail/extrinsics__rosidl_typesupport_fastrtps_cpp.hpp
[1.151s] -- Up-to-date: /home/agilex/agilex_ws/install/orbbec_camera_msgs/include/orbbec_camera_msgs/orbbec_camera_msgs/msg/detail/dds_fastrtps
[1.152s] -- Up-to-date: /home/agilex/agilex_ws/install/orbbec_camera_msgs/lib/liborbbec_camera_msgs__rosidl_typesupport_fastrtps_cpp.so
[1.152s] -- Up-to-date: /home/agilex/agilex_ws/install/orbbec_camera_msgs/include/orbbec_camera_msgs/orbbec_camera_msgs
[1.152s] -- Up-to-date: /home/agilex/agilex_ws/install/orbbec_camera_msgs/include/orbbec_camera_msgs/orbbec_camera_msgs/srv
[1.152s] -- Up-to-date: /home/agilex/agilex_ws/install/orbbec_camera_msgs/include/orbbec_camera_msgs/orbbec_camera_msgs/srv/detail
[1.152s] -- Up-to-date: /home/agilex/agilex_ws/install/orbbec_camera_msgs/include/orbbec_camera_msgs/orbbec_camera_msgs/srv/detail/get_bool__type_support.cpp
[1.152s] -- Up-to-date: /home/agilex/agilex_ws/install/orbbec_camera_msgs/include/orbbec_camera_msgs/orbbec_camera_msgs/srv/detail/get_string__rosidl_typesupport_introspection_cpp.hpp
[1.152s] -- Up-to-date: /home/agilex/agilex_ws/install/orbbec_camera_msgs/include/orbbec_camera_msgs/orbbec_camera_msgs/srv/detail/set_int32__type_support.cpp
[1.152s] -- Up-to-date: /home/agilex/agilex_ws/install/orbbec_camera_msgs/include/orbbec_camera_msgs/orbbec_camera_msgs/srv/detail/get_int32__rosidl_typesupport_introspection_cpp.hpp
[1.152s] -- Up-to-date: /home/agilex/agilex_ws/install/orbbec_camera_msgs/include/orbbec_camera_msgs/orbbec_camera_msgs/srv/detail/get_int32__type_support.cpp
[1.152s] -- Up-to-date: /home/agilex/agilex_ws/install/orbbec_camera_msgs/include/orbbec_camera_msgs/orbbec_camera_msgs/srv/detail/get_string__type_support.cpp
[1.152s] -- Up-to-date: /home/agilex/agilex_ws/install/orbbec_camera_msgs/include/orbbec_camera_msgs/orbbec_camera_msgs/srv/detail/set_string__type_support.cpp
[1.152s] -- Up-to-date: /home/agilex/agilex_ws/install/orbbec_camera_msgs/include/orbbec_camera_msgs/orbbec_camera_msgs/srv/detail/get_camera_info__type_support.cpp
[1.152s] -- Up-to-date: /home/agilex/agilex_ws/install/orbbec_camera_msgs/include/orbbec_camera_msgs/orbbec_camera_msgs/srv/detail/get_device_info__type_support.cpp
[1.152s] -- Up-to-date: /home/agilex/agilex_ws/install/orbbec_camera_msgs/include/orbbec_camera_msgs/orbbec_camera_msgs/srv/detail/get_camera_info__rosidl_typesupport_introspection_cpp.hpp
[1.153s] -- Up-to-date: /home/agilex/agilex_ws/install/orbbec_camera_msgs/include/orbbec_camera_msgs/orbbec_camera_msgs/srv/detail/set_int32__rosidl_typesupport_introspection_cpp.hpp
[1.153s] -- Up-to-date: /home/agilex/agilex_ws/install/orbbec_camera_msgs/include/orbbec_camera_msgs/orbbec_camera_msgs/srv/detail/get_device_info__rosidl_typesupport_introspection_cpp.hpp
[1.153s] -- Up-to-date: /home/agilex/agilex_ws/install/orbbec_camera_msgs/include/orbbec_camera_msgs/orbbec_camera_msgs/srv/detail/set_string__rosidl_typesupport_introspection_cpp.hpp
[1.153s] -- Up-to-date: /home/agilex/agilex_ws/install/orbbec_camera_msgs/include/orbbec_camera_msgs/orbbec_camera_msgs/srv/detail/get_bool__rosidl_typesupport_introspection_cpp.hpp
[1.153s] -- Up-to-date: /home/agilex/agilex_ws/install/orbbec_camera_msgs/include/orbbec_camera_msgs/orbbec_camera_msgs/msg
[1.153s] -- Up-to-date: /home/agilex/agilex_ws/install/orbbec_camera_msgs/include/orbbec_camera_msgs/orbbec_camera_msgs/msg/detail
[1.153s] -- Up-to-date: /home/agilex/agilex_ws/install/orbbec_camera_msgs/include/orbbec_camera_msgs/orbbec_camera_msgs/msg/detail/metadata__rosidl_typesupport_introspection_cpp.hpp
[1.153s] -- Up-to-date: /home/agilex/agilex_ws/install/orbbec_camera_msgs/include/orbbec_camera_msgs/orbbec_camera_msgs/msg/detail/device_info__rosidl_typesupport_introspection_cpp.hpp
[1.153s] -- Up-to-date: /home/agilex/agilex_ws/install/orbbec_camera_msgs/include/orbbec_camera_msgs/orbbec_camera_msgs/msg/detail/metadata__type_support.cpp
[1.153s] -- Up-to-date: /home/agilex/agilex_ws/install/orbbec_camera_msgs/include/orbbec_camera_msgs/orbbec_camera_msgs/msg/detail/device_info__type_support.cpp
[1.153s] -- Up-to-date: /home/agilex/agilex_ws/install/orbbec_camera_msgs/include/orbbec_camera_msgs/orbbec_camera_msgs/msg/detail/extrinsics__rosidl_typesupport_introspection_cpp.hpp
[1.153s] -- Up-to-date: /home/agilex/agilex_ws/install/orbbec_camera_msgs/include/orbbec_camera_msgs/orbbec_camera_msgs/msg/detail/extrinsics__type_support.cpp
[1.153s] -- Up-to-date: /home/agilex/agilex_ws/install/orbbec_camera_msgs/lib/liborbbec_camera_msgs__rosidl_typesupport_introspection_cpp.so
[1.153s] -- Up-to-date: /home/agilex/agilex_ws/install/orbbec_camera_msgs/lib/liborbbec_camera_msgs__rosidl_typesupport_cpp.so
[1.154s] -- Up-to-date: /home/agilex/agilex_ws/install/orbbec_camera_msgs/share/orbbec_camera_msgs/environment/pythonpath.sh
[1.154s] -- Up-to-date: /home/agilex/agilex_ws/install/orbbec_camera_msgs/share/orbbec_camera_msgs/environment/pythonpath.dsv
[1.154s] -- Up-to-date: /home/agilex/agilex_ws/install/orbbec_camera_msgs/local/lib/python3.10/dist-packages/orbbec_camera_msgs-1.2.2-py3.10.egg-info
[1.154s] -- Installing: /home/agilex/agilex_ws/install/orbbec_camera_msgs/local/lib/python3.10/dist-packages/orbbec_camera_msgs-1.2.2-py3.10.egg-info/top_level.txt
[1.154s] -- Installing: /home/agilex/agilex_ws/install/orbbec_camera_msgs/local/lib/python3.10/dist-packages/orbbec_camera_msgs-1.2.2-py3.10.egg-info/SOURCES.txt
[1.154s] -- Installing: /home/agilex/agilex_ws/install/orbbec_camera_msgs/local/lib/python3.10/dist-packages/orbbec_camera_msgs-1.2.2-py3.10.egg-info/PKG-INFO
[1.154s] -- Installing: /home/agilex/agilex_ws/install/orbbec_camera_msgs/local/lib/python3.10/dist-packages/orbbec_camera_msgs-1.2.2-py3.10.egg-info/dependency_links.txt
[1.154s] -- Up-to-date: /home/agilex/agilex_ws/install/orbbec_camera_msgs/local/lib/python3.10/dist-packages/orbbec_camera_msgs
[1.154s] -- Up-to-date: /home/agilex/agilex_ws/install/orbbec_camera_msgs/local/lib/python3.10/dist-packages/orbbec_camera_msgs/_orbbec_camera_msgs_s.ep.rosidl_typesupport_c.c
[1.154s] -- Up-to-date: /home/agilex/agilex_ws/install/orbbec_camera_msgs/local/lib/python3.10/dist-packages/orbbec_camera_msgs/orbbec_camera_msgs_s__rosidl_typesupport_introspection_c.cpython-310-x86_64-linux-gnu.so
[1.154s] -- Up-to-date: /home/agilex/agilex_ws/install/orbbec_camera_msgs/local/lib/python3.10/dist-packages/orbbec_camera_msgs/__init__.py
[1.154s] -- Up-to-date: /home/agilex/agilex_ws/install/orbbec_camera_msgs/local/lib/python3.10/dist-packages/orbbec_camera_msgs/orbbec_camera_msgs_s__rosidl_typesupport_c.cpython-310-x86_64-linux-gnu.so
[1.154s] -- Up-to-date: /home/agilex/agilex_ws/install/orbbec_camera_msgs/local/lib/python3.10/dist-packages/orbbec_camera_msgs/srv
[1.154s] -- Up-to-date: /home/agilex/agilex_ws/install/orbbec_camera_msgs/local/lib/python3.10/dist-packages/orbbec_camera_msgs/srv/_set_int32.py
[1.155s] -- Up-to-date: /home/agilex/agilex_ws/install/orbbec_camera_msgs/local/lib/python3.10/dist-packages/orbbec_camera_msgs/srv/_get_string.py
[1.155s] -- Up-to-date: /home/agilex/agilex_ws/install/orbbec_camera_msgs/local/lib/python3.10/dist-packages/orbbec_camera_msgs/srv/__init__.py
[1.155s] -- Up-to-date: /home/agilex/agilex_ws/install/orbbec_camera_msgs/local/lib/python3.10/dist-packages/orbbec_camera_msgs/srv/_set_string.py
[1.155s] -- Up-to-date: /home/agilex/agilex_ws/install/orbbec_camera_msgs/local/lib/python3.10/dist-packages/orbbec_camera_msgs/srv/_get_int32_s.c
[1.155s] -- Up-to-date: /home/agilex/agilex_ws/install/orbbec_camera_msgs/local/lib/python3.10/dist-packages/orbbec_camera_msgs/srv/_set_string_s.c
[1.155s] -- Up-to-date: /home/agilex/agilex_ws/install/orbbec_camera_msgs/local/lib/python3.10/dist-packages/orbbec_camera_msgs/srv/_get_camera_info_s.c
[1.155s] -- Up-to-date: /home/agilex/agilex_ws/install/orbbec_camera_msgs/local/lib/python3.10/dist-packages/orbbec_camera_msgs/srv/_get_string_s.c
[1.155s] -- Up-to-date: /home/agilex/agilex_ws/install/orbbec_camera_msgs/local/lib/python3.10/dist-packages/orbbec_camera_msgs/srv/_get_bool_s.c
[1.155s] -- Up-to-date: /home/agilex/agilex_ws/install/orbbec_camera_msgs/local/lib/python3.10/dist-packages/orbbec_camera_msgs/srv/_set_int32_s.c
[1.155s] -- Up-to-date: /home/agilex/agilex_ws/install/orbbec_camera_msgs/local/lib/python3.10/dist-packages/orbbec_camera_msgs/srv/_get_bool.py
[1.155s] -- Up-to-date: /home/agilex/agilex_ws/install/orbbec_camera_msgs/local/lib/python3.10/dist-packages/orbbec_camera_msgs/srv/_get_camera_info.py
[1.155s] -- Up-to-date: /home/agilex/agilex_ws/install/orbbec_camera_msgs/local/lib/python3.10/dist-packages/orbbec_camera_msgs/srv/_get_device_info.py
[1.155s] -- Up-to-date: /home/agilex/agilex_ws/install/orbbec_camera_msgs/local/lib/python3.10/dist-packages/orbbec_camera_msgs/srv/_get_device_info_s.c
[1.155s] -- Up-to-date: /home/agilex/agilex_ws/install/orbbec_camera_msgs/local/lib/python3.10/dist-packages/orbbec_camera_msgs/srv/_get_int32.py
[1.155s] -- Up-to-date: /home/agilex/agilex_ws/install/orbbec_camera_msgs/local/lib/python3.10/dist-packages/orbbec_camera_msgs/msg
[1.155s] -- Up-to-date: /home/agilex/agilex_ws/install/orbbec_camera_msgs/local/lib/python3.10/dist-packages/orbbec_camera_msgs/msg/_metadata_s.c
[1.156s] -- Up-to-date: /home/agilex/agilex_ws/install/orbbec_camera_msgs/local/lib/python3.10/dist-packages/orbbec_camera_msgs/msg/__init__.py
[1.156s] -- Up-to-date: /home/agilex/agilex_ws/install/orbbec_camera_msgs/local/lib/python3.10/dist-packages/orbbec_camera_msgs/msg/_extrinsics.py
[1.156s] -- Up-to-date: /home/agilex/agilex_ws/install/orbbec_camera_msgs/local/lib/python3.10/dist-packages/orbbec_camera_msgs/msg/_extrinsics_s.c
[1.156s] -- Up-to-date: /home/agilex/agilex_ws/install/orbbec_camera_msgs/local/lib/python3.10/dist-packages/orbbec_camera_msgs/msg/_metadata.py
[1.156s] -- Up-to-date: /home/agilex/agilex_ws/install/orbbec_camera_msgs/local/lib/python3.10/dist-packages/orbbec_camera_msgs/msg/_device_info.py
[1.156s] -- Up-to-date: /home/agilex/agilex_ws/install/orbbec_camera_msgs/local/lib/python3.10/dist-packages/orbbec_camera_msgs/msg/_device_info_s.c
[1.156s] -- Up-to-date: /home/agilex/agilex_ws/install/orbbec_camera_msgs/local/lib/python3.10/dist-packages/orbbec_camera_msgs/_orbbec_camera_msgs_s.ep.rosidl_typesupport_fastrtps_c.c
[1.156s] -- Up-to-date: /home/agilex/agilex_ws/install/orbbec_camera_msgs/local/lib/python3.10/dist-packages/orbbec_camera_msgs/_orbbec_camera_msgs_s.ep.rosidl_typesupport_introspection_c.c
[1.156s] -- Up-to-date: /home/agilex/agilex_ws/install/orbbec_camera_msgs/local/lib/python3.10/dist-packages/orbbec_camera_msgs/orbbec_camera_msgs_s__rosidl_typesupport_fastrtps_c.cpython-310-x86_64-linux-gnu.so
[1.156s] -- Up-to-date: /home/agilex/agilex_ws/install/orbbec_camera_msgs/local/lib/python3.10/dist-packages/orbbec_camera_msgs/liborbbec_camera_msgs__rosidl_generator_py.so
[1.168s] Listing '/home/agilex/agilex_ws/install/orbbec_camera_msgs/local/lib/python3.10/dist-packages/orbbec_camera_msgs'...
[1.168s] Listing '/home/agilex/agilex_ws/install/orbbec_camera_msgs/local/lib/python3.10/dist-packages/orbbec_camera_msgs/msg'...
[1.168s] Listing '/home/agilex/agilex_ws/install/orbbec_camera_msgs/local/lib/python3.10/dist-packages/orbbec_camera_msgs/srv'...
[1.171s] -- Up-to-date: /home/agilex/agilex_ws/install/orbbec_camera_msgs/local/lib/python3.10/dist-packages/orbbec_camera_msgs/orbbec_camera_msgs_s__rosidl_typesupport_fastrtps_c.cpython-310-x86_64-linux-gnu.so
[1.172s] -- Up-to-date: /home/agilex/agilex_ws/install/orbbec_camera_msgs/local/lib/python3.10/dist-packages/orbbec_camera_msgs/orbbec_camera_msgs_s__rosidl_typesupport_introspection_c.cpython-310-x86_64-linux-gnu.so
[1.172s] -- Up-to-date: /home/agilex/agilex_ws/install/orbbec_camera_msgs/local/lib/python3.10/dist-packages/orbbec_camera_msgs/orbbec_camera_msgs_s__rosidl_typesupport_c.cpython-310-x86_64-linux-gnu.so
[1.174s] -- Up-to-date: /home/agilex/agilex_ws/install/orbbec_camera_msgs/lib/liborbbec_camera_msgs__rosidl_generator_py.so
[1.174s] -- Up-to-date: /home/agilex/agilex_ws/install/orbbec_camera_msgs/share/orbbec_camera_msgs/msg/DeviceInfo.idl
[1.174s] -- Up-to-date: /home/agilex/agilex_ws/install/orbbec_camera_msgs/share/orbbec_camera_msgs/msg/Extrinsics.idl
[1.174s] -- Up-to-date: /home/agilex/agilex_ws/install/orbbec_camera_msgs/share/orbbec_camera_msgs/msg/Metadata.idl
[1.174s] -- Up-to-date: /home/agilex/agilex_ws/install/orbbec_camera_msgs/share/orbbec_camera_msgs/srv/GetBool.idl
[1.174s] -- Up-to-date: /home/agilex/agilex_ws/install/orbbec_camera_msgs/share/orbbec_camera_msgs/srv/GetDeviceInfo.idl
[1.174s] -- Up-to-date: /home/agilex/agilex_ws/install/orbbec_camera_msgs/share/orbbec_camera_msgs/srv/GetCameraInfo.idl
[1.174s] -- Up-to-date: /home/agilex/agilex_ws/install/orbbec_camera_msgs/share/orbbec_camera_msgs/srv/GetInt32.idl
[1.174s] -- Up-to-date: /home/agilex/agilex_ws/install/orbbec_camera_msgs/share/orbbec_camera_msgs/srv/GetString.idl
[1.174s] -- Up-to-date: /home/agilex/agilex_ws/install/orbbec_camera_msgs/share/orbbec_camera_msgs/srv/SetInt32.idl
[1.174s] -- Up-to-date: /home/agilex/agilex_ws/install/orbbec_camera_msgs/share/orbbec_camera_msgs/srv/SetString.idl
[1.174s] -- Up-to-date: /home/agilex/agilex_ws/install/orbbec_camera_msgs/share/orbbec_camera_msgs/msg/DeviceInfo.msg
[1.174s] -- Up-to-date: /home/agilex/agilex_ws/install/orbbec_camera_msgs/share/orbbec_camera_msgs/msg/Extrinsics.msg
[1.174s] -- Up-to-date: /home/agilex/agilex_ws/install/orbbec_camera_msgs/share/orbbec_camera_msgs/msg/Metadata.msg
[1.175s] -- Up-to-date: /home/agilex/agilex_ws/install/orbbec_camera_msgs/share/orbbec_camera_msgs/srv/GetBool.srv
[1.175s] -- Up-to-date: /home/agilex/agilex_ws/install/orbbec_camera_msgs/share/orbbec_camera_msgs/srv/GetBool_Request.msg
[1.175s] -- Up-to-date: /home/agilex/agilex_ws/install/orbbec_camera_msgs/share/orbbec_camera_msgs/srv/GetBool_Response.msg
[1.175s] -- Up-to-date: /home/agilex/agilex_ws/install/orbbec_camera_msgs/share/orbbec_camera_msgs/srv/GetDeviceInfo.srv
[1.175s] -- Up-to-date: /home/agilex/agilex_ws/install/orbbec_camera_msgs/share/orbbec_camera_msgs/srv/GetDeviceInfo_Request.msg
[1.175s] -- Up-to-date: /home/agilex/agilex_ws/install/orbbec_camera_msgs/share/orbbec_camera_msgs/srv/GetDeviceInfo_Response.msg
[1.175s] -- Up-to-date: /home/agilex/agilex_ws/install/orbbec_camera_msgs/share/orbbec_camera_msgs/srv/GetCameraInfo.srv
[1.175s] -- Up-to-date: /home/agilex/agilex_ws/install/orbbec_camera_msgs/share/orbbec_camera_msgs/srv/GetCameraInfo_Request.msg
[1.175s] -- Up-to-date: /home/agilex/agilex_ws/install/orbbec_camera_msgs/share/orbbec_camera_msgs/srv/GetCameraInfo_Response.msg
[1.175s] -- Up-to-date: /home/agilex/agilex_ws/install/orbbec_camera_msgs/share/orbbec_camera_msgs/srv/GetInt32.srv
[1.175s] -- Up-to-date: /home/agilex/agilex_ws/install/orbbec_camera_msgs/share/orbbec_camera_msgs/srv/GetInt32_Request.msg
[1.175s] -- Up-to-date: /home/agilex/agilex_ws/install/orbbec_camera_msgs/share/orbbec_camera_msgs/srv/GetInt32_Response.msg
[1.175s] -- Up-to-date: /home/agilex/agilex_ws/install/orbbec_camera_msgs/share/orbbec_camera_msgs/srv/GetString.srv
[1.176s] -- Up-to-date: /home/agilex/agilex_ws/install/orbbec_camera_msgs/share/orbbec_camera_msgs/srv/GetString_Request.msg
[1.176s] -- Up-to-date: /home/agilex/agilex_ws/install/orbbec_camera_msgs/share/orbbec_camera_msgs/srv/GetString_Response.msg
[1.176s] -- Up-to-date: /home/agilex/agilex_ws/install/orbbec_camera_msgs/share/orbbec_camera_msgs/srv/SetInt32.srv
[1.176s] -- Up-to-date: /home/agilex/agilex_ws/install/orbbec_camera_msgs/share/orbbec_camera_msgs/srv/SetInt32_Request.msg
[1.176s] -- Up-to-date: /home/agilex/agilex_ws/install/orbbec_camera_msgs/share/orbbec_camera_msgs/srv/SetInt32_Response.msg
[1.176s] -- Up-to-date: /home/agilex/agilex_ws/install/orbbec_camera_msgs/share/orbbec_camera_msgs/srv/SetString.srv
[1.176s] -- Up-to-date: /home/agilex/agilex_ws/install/orbbec_camera_msgs/share/orbbec_camera_msgs/srv/SetString_Request.msg
[1.176s] -- Up-to-date: /home/agilex/agilex_ws/install/orbbec_camera_msgs/share/orbbec_camera_msgs/srv/SetString_Response.msg
[1.176s] -- Up-to-date: /home/agilex/agilex_ws/install/orbbec_camera_msgs/share/ament_index/resource_index/package_run_dependencies/orbbec_camera_msgs
[1.176s] -- Up-to-date: /home/agilex/agilex_ws/install/orbbec_camera_msgs/share/ament_index/resource_index/parent_prefix_path/orbbec_camera_msgs
[1.176s] -- Up-to-date: /home/agilex/agilex_ws/install/orbbec_camera_msgs/share/orbbec_camera_msgs/environment/ament_prefix_path.sh
[1.176s] -- Up-to-date: /home/agilex/agilex_ws/install/orbbec_camera_msgs/share/orbbec_camera_msgs/environment/ament_prefix_path.dsv
[1.176s] -- Up-to-date: /home/agilex/agilex_ws/install/orbbec_camera_msgs/share/orbbec_camera_msgs/environment/path.sh
[1.176s] -- Up-to-date: /home/agilex/agilex_ws/install/orbbec_camera_msgs/share/orbbec_camera_msgs/environment/path.dsv
[1.176s] -- Up-to-date: /home/agilex/agilex_ws/install/orbbec_camera_msgs/share/orbbec_camera_msgs/local_setup.bash
[1.177s] -- Up-to-date: /home/agilex/agilex_ws/install/orbbec_camera_msgs/share/orbbec_camera_msgs/local_setup.sh
[1.177s] -- Up-to-date: /home/agilex/agilex_ws/install/orbbec_camera_msgs/share/orbbec_camera_msgs/local_setup.zsh
[1.177s] -- Up-to-date: /home/agilex/agilex_ws/install/orbbec_camera_msgs/share/orbbec_camera_msgs/local_setup.dsv
[1.177s] -- Installing: /home/agilex/agilex_ws/install/orbbec_camera_msgs/share/orbbec_camera_msgs/package.dsv
[1.177s] -- Up-to-date: /home/agilex/agilex_ws/install/orbbec_camera_msgs/share/ament_index/resource_index/packages/orbbec_camera_msgs
[1.177s] -- Up-to-date: /home/agilex/agilex_ws/install/orbbec_camera_msgs/share/orbbec_camera_msgs/cmake/export_orbbec_camera_msgs__rosidl_generator_cExport.cmake
[1.177s] -- Up-to-date: /home/agilex/agilex_ws/install/orbbec_camera_msgs/share/orbbec_camera_msgs/cmake/export_orbbec_camera_msgs__rosidl_generator_cExport-noconfig.cmake
[1.177s] -- Up-to-date: /home/agilex/agilex_ws/install/orbbec_camera_msgs/share/orbbec_camera_msgs/cmake/export_orbbec_camera_msgs__rosidl_typesupport_fastrtps_cExport.cmake
[1.177s] -- Up-to-date: /home/agilex/agilex_ws/install/orbbec_camera_msgs/share/orbbec_camera_msgs/cmake/export_orbbec_camera_msgs__rosidl_typesupport_fastrtps_cExport-noconfig.cmake
[1.177s] -- Up-to-date: /home/agilex/agilex_ws/install/orbbec_camera_msgs/share/orbbec_camera_msgs/cmake/orbbec_camera_msgs__rosidl_typesupport_introspection_cExport.cmake
[1.177s] -- Up-to-date: /home/agilex/agilex_ws/install/orbbec_camera_msgs/share/orbbec_camera_msgs/cmake/orbbec_camera_msgs__rosidl_typesupport_introspection_cExport-noconfig.cmake
[1.177s] -- Up-to-date: /home/agilex/agilex_ws/install/orbbec_camera_msgs/share/orbbec_camera_msgs/cmake/orbbec_camera_msgs__rosidl_typesupport_cExport.cmake
[1.177s] -- Up-to-date: /home/agilex/agilex_ws/install/orbbec_camera_msgs/share/orbbec_camera_msgs/cmake/orbbec_camera_msgs__rosidl_typesupport_cExport-noconfig.cmake
[1.177s] -- Up-to-date: /home/agilex/agilex_ws/install/orbbec_camera_msgs/share/orbbec_camera_msgs/cmake/export_orbbec_camera_msgs__rosidl_generator_cppExport.cmake
[1.177s] -- Up-to-date: /home/agilex/agilex_ws/install/orbbec_camera_msgs/share/orbbec_camera_msgs/cmake/export_orbbec_camera_msgs__rosidl_typesupport_fastrtps_cppExport.cmake
[1.177s] -- Up-to-date: /home/agilex/agilex_ws/install/orbbec_camera_msgs/share/orbbec_camera_msgs/cmake/export_orbbec_camera_msgs__rosidl_typesupport_fastrtps_cppExport-noconfig.cmake
[1.177s] -- Up-to-date: /home/agilex/agilex_ws/install/orbbec_camera_msgs/share/orbbec_camera_msgs/cmake/orbbec_camera_msgs__rosidl_typesupport_introspection_cppExport.cmake
[1.177s] -- Up-to-date: /home/agilex/agilex_ws/install/orbbec_camera_msgs/share/orbbec_camera_msgs/cmake/orbbec_camera_msgs__rosidl_typesupport_introspection_cppExport-noconfig.cmake
[1.177s] -- Up-to-date: /home/agilex/agilex_ws/install/orbbec_camera_msgs/share/orbbec_camera_msgs/cmake/orbbec_camera_msgs__rosidl_typesupport_cppExport.cmake
[1.177s] -- Up-to-date: /home/agilex/agilex_ws/install/orbbec_camera_msgs/share/orbbec_camera_msgs/cmake/orbbec_camera_msgs__rosidl_typesupport_cppExport-noconfig.cmake
[1.178s] -- Up-to-date: /home/agilex/agilex_ws/install/orbbec_camera_msgs/share/orbbec_camera_msgs/cmake/export_orbbec_camera_msgs__rosidl_generator_pyExport.cmake
[1.178s] -- Up-to-date: /home/agilex/agilex_ws/install/orbbec_camera_msgs/share/orbbec_camera_msgs/cmake/export_orbbec_camera_msgs__rosidl_generator_pyExport-noconfig.cmake
[1.178s] -- Up-to-date: /home/agilex/agilex_ws/install/orbbec_camera_msgs/share/orbbec_camera_msgs/cmake/rosidl_cmake-extras.cmake
[1.178s] -- Up-to-date: /home/agilex/agilex_ws/install/orbbec_camera_msgs/share/orbbec_camera_msgs/cmake/ament_cmake_export_dependencies-extras.cmake
[1.178s] -- Up-to-date: /home/agilex/agilex_ws/install/orbbec_camera_msgs/share/orbbec_camera_msgs/cmake/ament_cmake_export_include_directories-extras.cmake
[1.178s] -- Up-to-date: /home/agilex/agilex_ws/install/orbbec_camera_msgs/share/orbbec_camera_msgs/cmake/ament_cmake_export_libraries-extras.cmake
[1.178s] -- Up-to-date: /home/agilex/agilex_ws/install/orbbec_camera_msgs/share/orbbec_camera_msgs/cmake/ament_cmake_export_targets-extras.cmake
[1.178s] -- Up-to-date: /home/agilex/agilex_ws/install/orbbec_camera_msgs/share/orbbec_camera_msgs/cmake/rosidl_cmake_export_typesupport_targets-extras.cmake
[1.178s] -- Up-to-date: /home/agilex/agilex_ws/install/orbbec_camera_msgs/share/orbbec_camera_msgs/cmake/rosidl_cmake_export_typesupport_libraries-extras.cmake
[1.178s] -- Up-to-date: /home/agilex/agilex_ws/install/orbbec_camera_msgs/share/orbbec_camera_msgs/cmake/orbbec_camera_msgsConfig.cmake
[1.178s] -- Up-to-date: /home/agilex/agilex_ws/install/orbbec_camera_msgs/share/orbbec_camera_msgs/cmake/orbbec_camera_msgsConfig-version.cmake
[1.178s] -- Up-to-date: /home/agilex/agilex_ws/install/orbbec_camera_msgs/share/orbbec_camera_msgs/package.xml
[1.299s] Invoked command in '/home/agilex/agilex_ws/build/orbbec_camera_msgs' returned '0': /usr/bin/cmake --install /home/agilex/agilex_ws/build/orbbec_camera_msgs
