[0.359s] Invoking command in '/home/agilex/agilex_ws/build/dwb_msgs': CMAKE_PREFIX_PATH=/home/agilex/agilex_ws/install/nav_2d_msgs:/home/agilex/agilex_ws/install/ydlidar_sdk:/home/agilex/agilex_ws/install/ydlidar_ros2_driver:/home/agilex/agilex_ws/install/teb_local_planner:/home/agilex/agilex_ws/install/teb_msgs:/home/agilex/agilex_ws/install/rf2o_laser_odometry:/home/agilex/agilex_ws/install/orbbec_description:/home/agilex/agilex_ws/install/orbbec_camera:/home/agilex/agilex_ws/install/orbbec_camera_msgs:/home/agilex/agilex_ws/install/nav2_system_tests:/home/agilex/agilex_ws/install/nav2_bringup:/home/agilex/agilex_ws/install/navigation2:/home/agilex/agilex_ws/install/nav2_smoother:/home/agilex/agilex_ws/install/nav2_dwb_controller:/home/agilex/agilex_ws/install/limo_bringup:/home/agilex/agilex_ws/install/nav2_controller:/home/agilex/agilex_ws/install/dwb_plugins:/home/agilex/agilex_ws/install/dwb_critics:/home/agilex/agilex_ws/install/dwb_core:/home/agilex/agilex_ws/install/nav_2d_utils:/home/agilex/agilex_ws/install/dwb_msgs:/home/agilex/agilex_ws/install/nav2_waypoint_follower:/home/agilex/agilex_ws/install/nav2_theta_star_planner:/home/agilex/agilex_ws/install/nav2_smac_planner:/home/agilex/agilex_ws/install/nav2_rotation_shim_controller:/home/agilex/agilex_ws/install/nav2_regulated_pure_pursuit_controller:/home/agilex/agilex_ws/install/nav2_planner:/home/agilex/agilex_ws/install/nav2_navfn_planner:/home/agilex/agilex_ws/install/nav2_constrained_smoother:/home/agilex/agilex_ws/install/nav2_bt_navigator:/home/agilex/agilex_ws/install/nav2_behaviors:/home/agilex/agilex_ws/install/nav2_core:/home/agilex/agilex_ws/install/costmap_queue:/home/agilex/agilex_ws/install/costmap_converter:/home/agilex/agilex_ws/install/nav2_costmap_2d:/home/agilex/agilex_ws/install/nav2_voxel_grid:/home/agilex/agilex_ws/install/nav2_rviz_plugins:/home/agilex/agilex_ws/install/nav2_map_server:/home/agilex/agilex_ws/install/nav2_lifecycle_manager:/home/agilex/agilex_ws/install/nav2_behavior_tree:/home/agilex/agilex_ws/install/nav2_amcl:/home/agilex/agilex_ws/install/nav2_util:/home/agilex/agilex_ws/install/nav2_msgs:/home/agilex/agilex_ws/install/nav2_common:/home/agilex/agilex_ws/install/magic_enum:/home/agilex/agilex_ws/install/limo_visions:/home/agilex/agilex_ws/install/limo_base:/home/agilex/agilex_ws/install/limo_msgs:/home/agilex/agilex_ws/install/limo_description:/home/agilex/agilex_ws/install/limo_car:/home/agilex/agilex_ws/install/libuvc:/home/agilex/agilex_ws/install/glog:/home/agilex/agilex_ws/install/csm:/home/agilex/agilex_ws/install/costmap_converter_msgs:/home/agilex/agilex_ws/install/astra_camera:/home/agilex/agilex_ws/install/astra_camera_msgs:/home/agilex/agilex_ws/install/aruco_ros:/home/agilex/agilex_ws/install/aruco_msgs:/home/agilex/agilex_ws/install/aruco:/home/agilex/agilex_ws/install/yolov5_ros2:/home/agilex/agilex_ws/install/nav2_simple_commander:/opt/ros/humble LD_LIBRARY_PATH=/home/agilex/agilex_ws/install/nav_2d_msgs/lib:/home/agilex/agilex_ws/install/teb_local_planner/lib:/home/agilex/agilex_ws/install/teb_msgs/lib:/home/agilex/agilex_ws/install/orbbec_camera/lib:/home/agilex/agilex_ws/install/orbbec_camera_msgs/lib:/home/agilex/agilex_ws/install/nav2_smoother/lib:/home/agilex/agilex_ws/install/nav2_controller/lib:/home/agilex/agilex_ws/install/dwb_plugins/lib:/home/agilex/agilex_ws/install/dwb_critics/lib:/home/agilex/agilex_ws/install/dwb_core/lib:/home/agilex/agilex_ws/install/nav_2d_utils/lib:/home/agilex/agilex_ws/install/dwb_msgs/lib:/home/agilex/agilex_ws/install/nav2_waypoint_follower/lib:/home/agilex/agilex_ws/install/nav2_theta_star_planner/lib:/home/agilex/agilex_ws/install/nav2_smac_planner/lib:/home/agilex/agilex_ws/install/nav2_rotation_shim_controller/lib:/home/agilex/agilex_ws/install/nav2_regulated_pure_pursuit_controller/lib:/home/agilex/agilex_ws/install/nav2_planner/lib:/home/agilex/agilex_ws/install/nav2_navfn_planner/lib:/home/agilex/agilex_ws/install/nav2_constrained_smoother/lib:/home/agilex/agilex_ws/install/nav2_bt_navigator/lib:/home/agilex/agilex_ws/install/nav2_behaviors/lib:/home/agilex/agilex_ws/install/costmap_queue/lib:/home/agilex/agilex_ws/install/costmap_converter/lib:/home/agilex/agilex_ws/install/nav2_costmap_2d/lib:/home/agilex/agilex_ws/install/nav2_voxel_grid/lib:/home/agilex/agilex_ws/install/nav2_rviz_plugins/lib:/home/agilex/agilex_ws/install/nav2_map_server/lib:/home/agilex/agilex_ws/install/nav2_lifecycle_manager/lib:/home/agilex/agilex_ws/install/nav2_behavior_tree/lib:/home/agilex/agilex_ws/install/nav2_amcl/lib:/home/agilex/agilex_ws/install/nav2_util/lib:/home/agilex/agilex_ws/install/nav2_msgs/lib:/home/agilex/agilex_ws/install/limo_msgs/lib:/home/agilex/agilex_ws/install/libuvc/lib:/home/agilex/agilex_ws/install/glog/lib:/home/agilex/agilex_ws/install/csm/lib:/home/agilex/agilex_ws/install/costmap_converter_msgs/lib:/home/agilex/agilex_ws/install/astra_camera/lib:/home/agilex/agilex_ws/install/astra_camera_msgs/lib:/home/agilex/agilex_ws/install/aruco_ros/lib:/home/agilex/agilex_ws/install/aruco_msgs/lib:/home/agilex/agilex_ws/install/aruco/lib:/usr/lib/x86_64-linux-gnu/gazebo-11/plugins:/opt/ros/humble/opt/rviz_ogre_vendor/lib:/opt/ros/humble/lib/x86_64-linux-gnu:/opt/ros/humble/lib /usr/bin/cmake --build /home/agilex/agilex_ws/build/dwb_msgs -- -j16 -l16
[0.438s] [  1%] Built target dwb_msgs__cpp
[0.447s] [ 12%] Built target dwb_msgs__rosidl_generator_c
[0.459s] [ 12%] Built target ament_cmake_python_copy_dwb_msgs
[0.479s] [ 24%] Built target dwb_msgs__rosidl_typesupport_cpp
[0.481s] [ 35%] Built target dwb_msgs__rosidl_typesupport_introspection_cpp
[0.485s] [ 47%] Built target dwb_msgs__rosidl_typesupport_fastrtps_cpp
[0.487s] [ 58%] Built target dwb_msgs__rosidl_typesupport_fastrtps_c
[0.488s] [ 70%] Built target dwb_msgs__rosidl_typesupport_c
[0.493s] [ 82%] Built target dwb_msgs__rosidl_typesupport_introspection_c
[0.514s] [ 82%] Built target dwb_msgs
[0.539s] [ 83%] Built target dwb_msgs__py
[0.573s] [ 93%] Built target dwb_msgs__rosidl_generator_py
[0.602s] [ 95%] Built target dwb_msgs__rosidl_typesupport_fastrtps_c__pyext
[0.606s] [100%] Built target dwb_msgs__rosidl_typesupport_introspection_c__pyext
[0.606s] [100%] Built target dwb_msgs__rosidl_typesupport_c__pyext
[0.645s] running egg_info
[0.645s] writing dwb_msgs.egg-info/PKG-INFO
[0.645s] writing dependency_links to dwb_msgs.egg-info/dependency_links.txt
[0.645s] writing top-level names to dwb_msgs.egg-info/top_level.txt
[0.647s] reading manifest file 'dwb_msgs.egg-info/SOURCES.txt'
[0.647s] writing manifest file 'dwb_msgs.egg-info/SOURCES.txt'
[0.672s] [100%] Built target ament_cmake_python_build_dwb_msgs_egg
[0.746s] Invoked command in '/home/agilex/agilex_ws/build/dwb_msgs' returned '0': CMAKE_PREFIX_PATH=/home/agilex/agilex_ws/install/nav_2d_msgs:/home/agilex/agilex_ws/install/ydlidar_sdk:/home/agilex/agilex_ws/install/ydlidar_ros2_driver:/home/agilex/agilex_ws/install/teb_local_planner:/home/agilex/agilex_ws/install/teb_msgs:/home/agilex/agilex_ws/install/rf2o_laser_odometry:/home/agilex/agilex_ws/install/orbbec_description:/home/agilex/agilex_ws/install/orbbec_camera:/home/agilex/agilex_ws/install/orbbec_camera_msgs:/home/agilex/agilex_ws/install/nav2_system_tests:/home/agilex/agilex_ws/install/nav2_bringup:/home/agilex/agilex_ws/install/navigation2:/home/agilex/agilex_ws/install/nav2_smoother:/home/agilex/agilex_ws/install/nav2_dwb_controller:/home/agilex/agilex_ws/install/limo_bringup:/home/agilex/agilex_ws/install/nav2_controller:/home/agilex/agilex_ws/install/dwb_plugins:/home/agilex/agilex_ws/install/dwb_critics:/home/agilex/agilex_ws/install/dwb_core:/home/agilex/agilex_ws/install/nav_2d_utils:/home/agilex/agilex_ws/install/dwb_msgs:/home/agilex/agilex_ws/install/nav2_waypoint_follower:/home/agilex/agilex_ws/install/nav2_theta_star_planner:/home/agilex/agilex_ws/install/nav2_smac_planner:/home/agilex/agilex_ws/install/nav2_rotation_shim_controller:/home/agilex/agilex_ws/install/nav2_regulated_pure_pursuit_controller:/home/agilex/agilex_ws/install/nav2_planner:/home/agilex/agilex_ws/install/nav2_navfn_planner:/home/agilex/agilex_ws/install/nav2_constrained_smoother:/home/agilex/agilex_ws/install/nav2_bt_navigator:/home/agilex/agilex_ws/install/nav2_behaviors:/home/agilex/agilex_ws/install/nav2_core:/home/agilex/agilex_ws/install/costmap_queue:/home/agilex/agilex_ws/install/costmap_converter:/home/agilex/agilex_ws/install/nav2_costmap_2d:/home/agilex/agilex_ws/install/nav2_voxel_grid:/home/agilex/agilex_ws/install/nav2_rviz_plugins:/home/agilex/agilex_ws/install/nav2_map_server:/home/agilex/agilex_ws/install/nav2_lifecycle_manager:/home/agilex/agilex_ws/install/nav2_behavior_tree:/home/agilex/agilex_ws/install/nav2_amcl:/home/agilex/agilex_ws/install/nav2_util:/home/agilex/agilex_ws/install/nav2_msgs:/home/agilex/agilex_ws/install/nav2_common:/home/agilex/agilex_ws/install/magic_enum:/home/agilex/agilex_ws/install/limo_visions:/home/agilex/agilex_ws/install/limo_base:/home/agilex/agilex_ws/install/limo_msgs:/home/agilex/agilex_ws/install/limo_description:/home/agilex/agilex_ws/install/limo_car:/home/agilex/agilex_ws/install/libuvc:/home/agilex/agilex_ws/install/glog:/home/agilex/agilex_ws/install/csm:/home/agilex/agilex_ws/install/costmap_converter_msgs:/home/agilex/agilex_ws/install/astra_camera:/home/agilex/agilex_ws/install/astra_camera_msgs:/home/agilex/agilex_ws/install/aruco_ros:/home/agilex/agilex_ws/install/aruco_msgs:/home/agilex/agilex_ws/install/aruco:/home/agilex/agilex_ws/install/yolov5_ros2:/home/agilex/agilex_ws/install/nav2_simple_commander:/opt/ros/humble LD_LIBRARY_PATH=/home/agilex/agilex_ws/install/nav_2d_msgs/lib:/home/agilex/agilex_ws/install/teb_local_planner/lib:/home/agilex/agilex_ws/install/teb_msgs/lib:/home/agilex/agilex_ws/install/orbbec_camera/lib:/home/agilex/agilex_ws/install/orbbec_camera_msgs/lib:/home/agilex/agilex_ws/install/nav2_smoother/lib:/home/agilex/agilex_ws/install/nav2_controller/lib:/home/agilex/agilex_ws/install/dwb_plugins/lib:/home/agilex/agilex_ws/install/dwb_critics/lib:/home/agilex/agilex_ws/install/dwb_core/lib:/home/agilex/agilex_ws/install/nav_2d_utils/lib:/home/agilex/agilex_ws/install/dwb_msgs/lib:/home/agilex/agilex_ws/install/nav2_waypoint_follower/lib:/home/agilex/agilex_ws/install/nav2_theta_star_planner/lib:/home/agilex/agilex_ws/install/nav2_smac_planner/lib:/home/agilex/agilex_ws/install/nav2_rotation_shim_controller/lib:/home/agilex/agilex_ws/install/nav2_regulated_pure_pursuit_controller/lib:/home/agilex/agilex_ws/install/nav2_planner/lib:/home/agilex/agilex_ws/install/nav2_navfn_planner/lib:/home/agilex/agilex_ws/install/nav2_constrained_smoother/lib:/home/agilex/agilex_ws/install/nav2_bt_navigator/lib:/home/agilex/agilex_ws/install/nav2_behaviors/lib:/home/agilex/agilex_ws/install/costmap_queue/lib:/home/agilex/agilex_ws/install/costmap_converter/lib:/home/agilex/agilex_ws/install/nav2_costmap_2d/lib:/home/agilex/agilex_ws/install/nav2_voxel_grid/lib:/home/agilex/agilex_ws/install/nav2_rviz_plugins/lib:/home/agilex/agilex_ws/install/nav2_map_server/lib:/home/agilex/agilex_ws/install/nav2_lifecycle_manager/lib:/home/agilex/agilex_ws/install/nav2_behavior_tree/lib:/home/agilex/agilex_ws/install/nav2_amcl/lib:/home/agilex/agilex_ws/install/nav2_util/lib:/home/agilex/agilex_ws/install/nav2_msgs/lib:/home/agilex/agilex_ws/install/limo_msgs/lib:/home/agilex/agilex_ws/install/libuvc/lib:/home/agilex/agilex_ws/install/glog/lib:/home/agilex/agilex_ws/install/csm/lib:/home/agilex/agilex_ws/install/costmap_converter_msgs/lib:/home/agilex/agilex_ws/install/astra_camera/lib:/home/agilex/agilex_ws/install/astra_camera_msgs/lib:/home/agilex/agilex_ws/install/aruco_ros/lib:/home/agilex/agilex_ws/install/aruco_msgs/lib:/home/agilex/agilex_ws/install/aruco/lib:/usr/lib/x86_64-linux-gnu/gazebo-11/plugins:/opt/ros/humble/opt/rviz_ogre_vendor/lib:/opt/ros/humble/lib/x86_64-linux-gnu:/opt/ros/humble/lib /usr/bin/cmake --build /home/agilex/agilex_ws/build/dwb_msgs -- -j16 -l16
[1.077s] Invoking command in '/home/agilex/agilex_ws/build/dwb_msgs': CMAKE_PREFIX_PATH=/home/agilex/agilex_ws/install/nav_2d_msgs:/home/agilex/agilex_ws/install/ydlidar_sdk:/home/agilex/agilex_ws/install/ydlidar_ros2_driver:/home/agilex/agilex_ws/install/teb_local_planner:/home/agilex/agilex_ws/install/teb_msgs:/home/agilex/agilex_ws/install/rf2o_laser_odometry:/home/agilex/agilex_ws/install/orbbec_description:/home/agilex/agilex_ws/install/orbbec_camera:/home/agilex/agilex_ws/install/orbbec_camera_msgs:/home/agilex/agilex_ws/install/nav2_system_tests:/home/agilex/agilex_ws/install/nav2_bringup:/home/agilex/agilex_ws/install/navigation2:/home/agilex/agilex_ws/install/nav2_smoother:/home/agilex/agilex_ws/install/nav2_dwb_controller:/home/agilex/agilex_ws/install/limo_bringup:/home/agilex/agilex_ws/install/nav2_controller:/home/agilex/agilex_ws/install/dwb_plugins:/home/agilex/agilex_ws/install/dwb_critics:/home/agilex/agilex_ws/install/dwb_core:/home/agilex/agilex_ws/install/nav_2d_utils:/home/agilex/agilex_ws/install/dwb_msgs:/home/agilex/agilex_ws/install/nav2_waypoint_follower:/home/agilex/agilex_ws/install/nav2_theta_star_planner:/home/agilex/agilex_ws/install/nav2_smac_planner:/home/agilex/agilex_ws/install/nav2_rotation_shim_controller:/home/agilex/agilex_ws/install/nav2_regulated_pure_pursuit_controller:/home/agilex/agilex_ws/install/nav2_planner:/home/agilex/agilex_ws/install/nav2_navfn_planner:/home/agilex/agilex_ws/install/nav2_constrained_smoother:/home/agilex/agilex_ws/install/nav2_bt_navigator:/home/agilex/agilex_ws/install/nav2_behaviors:/home/agilex/agilex_ws/install/nav2_core:/home/agilex/agilex_ws/install/costmap_queue:/home/agilex/agilex_ws/install/costmap_converter:/home/agilex/agilex_ws/install/nav2_costmap_2d:/home/agilex/agilex_ws/install/nav2_voxel_grid:/home/agilex/agilex_ws/install/nav2_rviz_plugins:/home/agilex/agilex_ws/install/nav2_map_server:/home/agilex/agilex_ws/install/nav2_lifecycle_manager:/home/agilex/agilex_ws/install/nav2_behavior_tree:/home/agilex/agilex_ws/install/nav2_amcl:/home/agilex/agilex_ws/install/nav2_util:/home/agilex/agilex_ws/install/nav2_msgs:/home/agilex/agilex_ws/install/nav2_common:/home/agilex/agilex_ws/install/magic_enum:/home/agilex/agilex_ws/install/limo_visions:/home/agilex/agilex_ws/install/limo_base:/home/agilex/agilex_ws/install/limo_msgs:/home/agilex/agilex_ws/install/limo_description:/home/agilex/agilex_ws/install/limo_car:/home/agilex/agilex_ws/install/libuvc:/home/agilex/agilex_ws/install/glog:/home/agilex/agilex_ws/install/csm:/home/agilex/agilex_ws/install/costmap_converter_msgs:/home/agilex/agilex_ws/install/astra_camera:/home/agilex/agilex_ws/install/astra_camera_msgs:/home/agilex/agilex_ws/install/aruco_ros:/home/agilex/agilex_ws/install/aruco_msgs:/home/agilex/agilex_ws/install/aruco:/home/agilex/agilex_ws/install/yolov5_ros2:/home/agilex/agilex_ws/install/nav2_simple_commander:/opt/ros/humble LD_LIBRARY_PATH=/home/agilex/agilex_ws/install/nav_2d_msgs/lib:/home/agilex/agilex_ws/install/teb_local_planner/lib:/home/agilex/agilex_ws/install/teb_msgs/lib:/home/agilex/agilex_ws/install/orbbec_camera/lib:/home/agilex/agilex_ws/install/orbbec_camera_msgs/lib:/home/agilex/agilex_ws/install/nav2_smoother/lib:/home/agilex/agilex_ws/install/nav2_controller/lib:/home/agilex/agilex_ws/install/dwb_plugins/lib:/home/agilex/agilex_ws/install/dwb_critics/lib:/home/agilex/agilex_ws/install/dwb_core/lib:/home/agilex/agilex_ws/install/nav_2d_utils/lib:/home/agilex/agilex_ws/install/dwb_msgs/lib:/home/agilex/agilex_ws/install/nav2_waypoint_follower/lib:/home/agilex/agilex_ws/install/nav2_theta_star_planner/lib:/home/agilex/agilex_ws/install/nav2_smac_planner/lib:/home/agilex/agilex_ws/install/nav2_rotation_shim_controller/lib:/home/agilex/agilex_ws/install/nav2_regulated_pure_pursuit_controller/lib:/home/agilex/agilex_ws/install/nav2_planner/lib:/home/agilex/agilex_ws/install/nav2_navfn_planner/lib:/home/agilex/agilex_ws/install/nav2_constrained_smoother/lib:/home/agilex/agilex_ws/install/nav2_bt_navigator/lib:/home/agilex/agilex_ws/install/nav2_behaviors/lib:/home/agilex/agilex_ws/install/costmap_queue/lib:/home/agilex/agilex_ws/install/costmap_converter/lib:/home/agilex/agilex_ws/install/nav2_costmap_2d/lib:/home/agilex/agilex_ws/install/nav2_voxel_grid/lib:/home/agilex/agilex_ws/install/nav2_rviz_plugins/lib:/home/agilex/agilex_ws/install/nav2_map_server/lib:/home/agilex/agilex_ws/install/nav2_lifecycle_manager/lib:/home/agilex/agilex_ws/install/nav2_behavior_tree/lib:/home/agilex/agilex_ws/install/nav2_amcl/lib:/home/agilex/agilex_ws/install/nav2_util/lib:/home/agilex/agilex_ws/install/nav2_msgs/lib:/home/agilex/agilex_ws/install/limo_msgs/lib:/home/agilex/agilex_ws/install/libuvc/lib:/home/agilex/agilex_ws/install/glog/lib:/home/agilex/agilex_ws/install/csm/lib:/home/agilex/agilex_ws/install/costmap_converter_msgs/lib:/home/agilex/agilex_ws/install/astra_camera/lib:/home/agilex/agilex_ws/install/astra_camera_msgs/lib:/home/agilex/agilex_ws/install/aruco_ros/lib:/home/agilex/agilex_ws/install/aruco_msgs/lib:/home/agilex/agilex_ws/install/aruco/lib:/usr/lib/x86_64-linux-gnu/gazebo-11/plugins:/opt/ros/humble/opt/rviz_ogre_vendor/lib:/opt/ros/humble/lib/x86_64-linux-gnu:/opt/ros/humble/lib /usr/bin/cmake --install /home/agilex/agilex_ws/build/dwb_msgs
[1.138s] -- Install configuration: ""
[1.138s] -- Up-to-date: /home/agilex/agilex_ws/install/dwb_msgs/share/ament_index/resource_index/rosidl_interfaces/dwb_msgs
[1.138s] -- Up-to-date: /home/agilex/agilex_ws/install/dwb_msgs/include/dwb_msgs/dwb_msgs
[1.139s] -- Up-to-date: /home/agilex/agilex_ws/install/dwb_msgs/include/dwb_msgs/dwb_msgs/srv
[1.139s] -- Up-to-date: /home/agilex/agilex_ws/install/dwb_msgs/include/dwb_msgs/dwb_msgs/srv/generate_trajectory.h
[1.139s] -- Up-to-date: /home/agilex/agilex_ws/install/dwb_msgs/include/dwb_msgs/dwb_msgs/srv/detail
[1.139s] -- Up-to-date: /home/agilex/agilex_ws/install/dwb_msgs/include/dwb_msgs/dwb_msgs/srv/detail/get_critic_score__type_support.h
[1.139s] -- Up-to-date: /home/agilex/agilex_ws/install/dwb_msgs/include/dwb_msgs/dwb_msgs/srv/detail/get_critic_score__functions.c
[1.139s] -- Up-to-date: /home/agilex/agilex_ws/install/dwb_msgs/include/dwb_msgs/dwb_msgs/srv/detail/generate_trajectory__struct.h
[1.139s] -- Up-to-date: /home/agilex/agilex_ws/install/dwb_msgs/include/dwb_msgs/dwb_msgs/srv/detail/score_trajectory__type_support.h
[1.139s] -- Up-to-date: /home/agilex/agilex_ws/install/dwb_msgs/include/dwb_msgs/dwb_msgs/srv/detail/score_trajectory__functions.h
[1.139s] -- Up-to-date: /home/agilex/agilex_ws/install/dwb_msgs/include/dwb_msgs/dwb_msgs/srv/detail/generate_twists__type_support.h
[1.139s] -- Up-to-date: /home/agilex/agilex_ws/install/dwb_msgs/include/dwb_msgs/dwb_msgs/srv/detail/score_trajectory__functions.c
[1.139s] -- Up-to-date: /home/agilex/agilex_ws/install/dwb_msgs/include/dwb_msgs/dwb_msgs/srv/detail/debug_local_plan__functions.h
[1.139s] -- Up-to-date: /home/agilex/agilex_ws/install/dwb_msgs/include/dwb_msgs/dwb_msgs/srv/detail/get_critic_score__struct.h
[1.139s] -- Up-to-date: /home/agilex/agilex_ws/install/dwb_msgs/include/dwb_msgs/dwb_msgs/srv/detail/generate_trajectory__functions.c
[1.140s] -- Up-to-date: /home/agilex/agilex_ws/install/dwb_msgs/include/dwb_msgs/dwb_msgs/srv/detail/score_trajectory__struct.h
[1.140s] -- Up-to-date: /home/agilex/agilex_ws/install/dwb_msgs/include/dwb_msgs/dwb_msgs/srv/detail/generate_trajectory__functions.h
[1.140s] -- Up-to-date: /home/agilex/agilex_ws/install/dwb_msgs/include/dwb_msgs/dwb_msgs/srv/detail/debug_local_plan__functions.c
[1.140s] -- Up-to-date: /home/agilex/agilex_ws/install/dwb_msgs/include/dwb_msgs/dwb_msgs/srv/detail/debug_local_plan__struct.h
[1.140s] -- Up-to-date: /home/agilex/agilex_ws/install/dwb_msgs/include/dwb_msgs/dwb_msgs/srv/detail/generate_twists__struct.h
[1.140s] -- Up-to-date: /home/agilex/agilex_ws/install/dwb_msgs/include/dwb_msgs/dwb_msgs/srv/detail/generate_twists__functions.h
[1.140s] -- Up-to-date: /home/agilex/agilex_ws/install/dwb_msgs/include/dwb_msgs/dwb_msgs/srv/detail/generate_twists__functions.c
[1.140s] -- Up-to-date: /home/agilex/agilex_ws/install/dwb_msgs/include/dwb_msgs/dwb_msgs/srv/detail/generate_trajectory__type_support.h
[1.140s] -- Up-to-date: /home/agilex/agilex_ws/install/dwb_msgs/include/dwb_msgs/dwb_msgs/srv/detail/debug_local_plan__type_support.h
[1.140s] -- Up-to-date: /home/agilex/agilex_ws/install/dwb_msgs/include/dwb_msgs/dwb_msgs/srv/detail/get_critic_score__functions.h
[1.140s] -- Up-to-date: /home/agilex/agilex_ws/install/dwb_msgs/include/dwb_msgs/dwb_msgs/srv/get_critic_score.h
[1.141s] -- Up-to-date: /home/agilex/agilex_ws/install/dwb_msgs/include/dwb_msgs/dwb_msgs/srv/generate_twists.h
[1.141s] -- Up-to-date: /home/agilex/agilex_ws/install/dwb_msgs/include/dwb_msgs/dwb_msgs/srv/debug_local_plan.h
[1.142s] -- Up-to-date: /home/agilex/agilex_ws/install/dwb_msgs/include/dwb_msgs/dwb_msgs/srv/score_trajectory.h
[1.142s] -- Up-to-date: /home/agilex/agilex_ws/install/dwb_msgs/include/dwb_msgs/dwb_msgs/msg
[1.142s] -- Up-to-date: /home/agilex/agilex_ws/install/dwb_msgs/include/dwb_msgs/dwb_msgs/msg/local_plan_evaluation.h
[1.142s] -- Up-to-date: /home/agilex/agilex_ws/install/dwb_msgs/include/dwb_msgs/dwb_msgs/msg/critic_score.h
[1.142s] -- Up-to-date: /home/agilex/agilex_ws/install/dwb_msgs/include/dwb_msgs/dwb_msgs/msg/detail
[1.142s] -- Up-to-date: /home/agilex/agilex_ws/install/dwb_msgs/include/dwb_msgs/dwb_msgs/msg/detail/trajectory_score__type_support.h
[1.142s] -- Up-to-date: /home/agilex/agilex_ws/install/dwb_msgs/include/dwb_msgs/dwb_msgs/msg/detail/local_plan_evaluation__type_support.h
[1.143s] -- Up-to-date: /home/agilex/agilex_ws/install/dwb_msgs/include/dwb_msgs/dwb_msgs/msg/detail/critic_score__functions.c
[1.143s] -- Up-to-date: /home/agilex/agilex_ws/install/dwb_msgs/include/dwb_msgs/dwb_msgs/msg/detail/critic_score__type_support.h
[1.143s] -- Up-to-date: /home/agilex/agilex_ws/install/dwb_msgs/include/dwb_msgs/dwb_msgs/msg/detail/critic_score__struct.h
[1.143s] -- Up-to-date: /home/agilex/agilex_ws/install/dwb_msgs/include/dwb_msgs/dwb_msgs/msg/detail/local_plan_evaluation__struct.h
[1.143s] -- Up-to-date: /home/agilex/agilex_ws/install/dwb_msgs/include/dwb_msgs/dwb_msgs/msg/detail/trajectory2_d__functions.c
[1.143s] -- Up-to-date: /home/agilex/agilex_ws/install/dwb_msgs/include/dwb_msgs/dwb_msgs/msg/detail/trajectory2_d__type_support.h
[1.143s] -- Up-to-date: /home/agilex/agilex_ws/install/dwb_msgs/include/dwb_msgs/dwb_msgs/msg/detail/trajectory_score__functions.c
[1.143s] -- Up-to-date: /home/agilex/agilex_ws/install/dwb_msgs/include/dwb_msgs/dwb_msgs/msg/detail/trajectory_score__functions.h
[1.143s] -- Up-to-date: /home/agilex/agilex_ws/install/dwb_msgs/include/dwb_msgs/dwb_msgs/msg/detail/trajectory_score__struct.h
[1.143s] -- Up-to-date: /home/agilex/agilex_ws/install/dwb_msgs/include/dwb_msgs/dwb_msgs/msg/detail/local_plan_evaluation__functions.c
[1.143s] -- Up-to-date: /home/agilex/agilex_ws/install/dwb_msgs/include/dwb_msgs/dwb_msgs/msg/detail/critic_score__functions.h
[1.143s] -- Up-to-date: /home/agilex/agilex_ws/install/dwb_msgs/include/dwb_msgs/dwb_msgs/msg/detail/trajectory2_d__functions.h
[1.143s] -- Up-to-date: /home/agilex/agilex_ws/install/dwb_msgs/include/dwb_msgs/dwb_msgs/msg/detail/trajectory2_d__struct.h
[1.143s] -- Up-to-date: /home/agilex/agilex_ws/install/dwb_msgs/include/dwb_msgs/dwb_msgs/msg/detail/local_plan_evaluation__functions.h
[1.144s] -- Up-to-date: /home/agilex/agilex_ws/install/dwb_msgs/include/dwb_msgs/dwb_msgs/msg/trajectory2_d.h
[1.144s] -- Up-to-date: /home/agilex/agilex_ws/install/dwb_msgs/include/dwb_msgs/dwb_msgs/msg/trajectory_score.h
[1.144s] -- Up-to-date: /home/agilex/agilex_ws/install/dwb_msgs/include/dwb_msgs/dwb_msgs/msg/rosidl_generator_c__visibility_control.h
[1.144s] -- Up-to-date: /home/agilex/agilex_ws/install/dwb_msgs/share/dwb_msgs/environment/library_path.sh
[1.144s] -- Up-to-date: /home/agilex/agilex_ws/install/dwb_msgs/share/dwb_msgs/environment/library_path.dsv
[1.144s] -- Up-to-date: /home/agilex/agilex_ws/install/dwb_msgs/lib/libdwb_msgs__rosidl_generator_c.so
[1.144s] -- Up-to-date: /home/agilex/agilex_ws/install/dwb_msgs/include/dwb_msgs/dwb_msgs
[1.144s] -- Up-to-date: /home/agilex/agilex_ws/install/dwb_msgs/include/dwb_msgs/dwb_msgs/srv
[1.144s] -- Up-to-date: /home/agilex/agilex_ws/install/dwb_msgs/include/dwb_msgs/dwb_msgs/srv/detail
[1.144s] -- Up-to-date: /home/agilex/agilex_ws/install/dwb_msgs/include/dwb_msgs/dwb_msgs/srv/detail/generate_trajectory__rosidl_typesupport_fastrtps_c.h
[1.144s] -- Up-to-date: /home/agilex/agilex_ws/install/dwb_msgs/include/dwb_msgs/dwb_msgs/srv/detail/score_trajectory__rosidl_typesupport_fastrtps_c.h
[1.144s] -- Up-to-date: /home/agilex/agilex_ws/install/dwb_msgs/include/dwb_msgs/dwb_msgs/srv/detail/generate_twists__rosidl_typesupport_fastrtps_c.h
[1.145s] -- Up-to-date: /home/agilex/agilex_ws/install/dwb_msgs/include/dwb_msgs/dwb_msgs/srv/detail/debug_local_plan__rosidl_typesupport_fastrtps_c.h
[1.145s] -- Up-to-date: /home/agilex/agilex_ws/install/dwb_msgs/include/dwb_msgs/dwb_msgs/srv/detail/get_critic_score__rosidl_typesupport_fastrtps_c.h
[1.145s] -- Up-to-date: /home/agilex/agilex_ws/install/dwb_msgs/include/dwb_msgs/dwb_msgs/msg
[1.145s] -- Up-to-date: /home/agilex/agilex_ws/install/dwb_msgs/include/dwb_msgs/dwb_msgs/msg/rosidl_typesupport_fastrtps_c__visibility_control.h
[1.145s] -- Up-to-date: /home/agilex/agilex_ws/install/dwb_msgs/include/dwb_msgs/dwb_msgs/msg/detail
[1.145s] -- Up-to-date: /home/agilex/agilex_ws/install/dwb_msgs/include/dwb_msgs/dwb_msgs/msg/detail/critic_score__rosidl_typesupport_fastrtps_c.h
[1.145s] -- Up-to-date: /home/agilex/agilex_ws/install/dwb_msgs/include/dwb_msgs/dwb_msgs/msg/detail/local_plan_evaluation__rosidl_typesupport_fastrtps_c.h
[1.145s] -- Up-to-date: /home/agilex/agilex_ws/install/dwb_msgs/include/dwb_msgs/dwb_msgs/msg/detail/trajectory_score__rosidl_typesupport_fastrtps_c.h
[1.145s] -- Up-to-date: /home/agilex/agilex_ws/install/dwb_msgs/include/dwb_msgs/dwb_msgs/msg/detail/trajectory2_d__rosidl_typesupport_fastrtps_c.h
[1.145s] -- Up-to-date: /home/agilex/agilex_ws/install/dwb_msgs/lib/libdwb_msgs__rosidl_typesupport_fastrtps_c.so
[1.145s] -- Up-to-date: /home/agilex/agilex_ws/install/dwb_msgs/include/dwb_msgs/dwb_msgs
[1.145s] -- Up-to-date: /home/agilex/agilex_ws/install/dwb_msgs/include/dwb_msgs/dwb_msgs/srv
[1.145s] -- Up-to-date: /home/agilex/agilex_ws/install/dwb_msgs/include/dwb_msgs/dwb_msgs/srv/debug_local_plan.hpp
[1.145s] -- Up-to-date: /home/agilex/agilex_ws/install/dwb_msgs/include/dwb_msgs/dwb_msgs/srv/generate_trajectory.hpp
[1.145s] -- Up-to-date: /home/agilex/agilex_ws/install/dwb_msgs/include/dwb_msgs/dwb_msgs/srv/score_trajectory.hpp
[1.145s] -- Up-to-date: /home/agilex/agilex_ws/install/dwb_msgs/include/dwb_msgs/dwb_msgs/srv/detail
[1.146s] -- Up-to-date: /home/agilex/agilex_ws/install/dwb_msgs/include/dwb_msgs/dwb_msgs/srv/detail/generate_twists__builder.hpp
[1.146s] -- Up-to-date: /home/agilex/agilex_ws/install/dwb_msgs/include/dwb_msgs/dwb_msgs/srv/detail/score_trajectory__struct.hpp
[1.146s] -- Up-to-date: /home/agilex/agilex_ws/install/dwb_msgs/include/dwb_msgs/dwb_msgs/srv/detail/get_critic_score__builder.hpp
[1.146s] -- Up-to-date: /home/agilex/agilex_ws/install/dwb_msgs/include/dwb_msgs/dwb_msgs/srv/detail/score_trajectory__builder.hpp
[1.146s] -- Up-to-date: /home/agilex/agilex_ws/install/dwb_msgs/include/dwb_msgs/dwb_msgs/srv/detail/generate_twists__traits.hpp
[1.146s] -- Up-to-date: /home/agilex/agilex_ws/install/dwb_msgs/include/dwb_msgs/dwb_msgs/srv/detail/generate_twists__struct.hpp
[1.146s] -- Up-to-date: /home/agilex/agilex_ws/install/dwb_msgs/include/dwb_msgs/dwb_msgs/srv/detail/generate_trajectory__struct.hpp
[1.146s] -- Up-to-date: /home/agilex/agilex_ws/install/dwb_msgs/include/dwb_msgs/dwb_msgs/srv/detail/debug_local_plan__struct.hpp
[1.146s] -- Up-to-date: /home/agilex/agilex_ws/install/dwb_msgs/include/dwb_msgs/dwb_msgs/srv/detail/debug_local_plan__builder.hpp
[1.146s] -- Up-to-date: /home/agilex/agilex_ws/install/dwb_msgs/include/dwb_msgs/dwb_msgs/srv/detail/generate_trajectory__traits.hpp
[1.146s] -- Up-to-date: /home/agilex/agilex_ws/install/dwb_msgs/include/dwb_msgs/dwb_msgs/srv/detail/generate_trajectory__builder.hpp
[1.146s] -- Up-to-date: /home/agilex/agilex_ws/install/dwb_msgs/include/dwb_msgs/dwb_msgs/srv/detail/get_critic_score__traits.hpp
[1.146s] -- Up-to-date: /home/agilex/agilex_ws/install/dwb_msgs/include/dwb_msgs/dwb_msgs/srv/detail/score_trajectory__traits.hpp
[1.146s] -- Up-to-date: /home/agilex/agilex_ws/install/dwb_msgs/include/dwb_msgs/dwb_msgs/srv/detail/get_critic_score__struct.hpp
[1.147s] -- Up-to-date: /home/agilex/agilex_ws/install/dwb_msgs/include/dwb_msgs/dwb_msgs/srv/detail/debug_local_plan__traits.hpp
[1.147s] -- Up-to-date: /home/agilex/agilex_ws/install/dwb_msgs/include/dwb_msgs/dwb_msgs/srv/generate_twists.hpp
[1.147s] -- Up-to-date: /home/agilex/agilex_ws/install/dwb_msgs/include/dwb_msgs/dwb_msgs/srv/get_critic_score.hpp
[1.147s] -- Up-to-date: /home/agilex/agilex_ws/install/dwb_msgs/include/dwb_msgs/dwb_msgs/msg
[1.147s] -- Up-to-date: /home/agilex/agilex_ws/install/dwb_msgs/include/dwb_msgs/dwb_msgs/msg/local_plan_evaluation.hpp
[1.147s] -- Up-to-date: /home/agilex/agilex_ws/install/dwb_msgs/include/dwb_msgs/dwb_msgs/msg/critic_score.hpp
[1.147s] -- Up-to-date: /home/agilex/agilex_ws/install/dwb_msgs/include/dwb_msgs/dwb_msgs/msg/detail
[1.147s] -- Up-to-date: /home/agilex/agilex_ws/install/dwb_msgs/include/dwb_msgs/dwb_msgs/msg/detail/trajectory2_d__builder.hpp
[1.147s] -- Up-to-date: /home/agilex/agilex_ws/install/dwb_msgs/include/dwb_msgs/dwb_msgs/msg/detail/trajectory2_d__traits.hpp
[1.147s] -- Up-to-date: /home/agilex/agilex_ws/install/dwb_msgs/include/dwb_msgs/dwb_msgs/msg/detail/trajectory2_d__struct.hpp
[1.147s] -- Up-to-date: /home/agilex/agilex_ws/install/dwb_msgs/include/dwb_msgs/dwb_msgs/msg/detail/trajectory_score__struct.hpp
[1.147s] -- Up-to-date: /home/agilex/agilex_ws/install/dwb_msgs/include/dwb_msgs/dwb_msgs/msg/detail/trajectory_score__builder.hpp
[1.148s] -- Up-to-date: /home/agilex/agilex_ws/install/dwb_msgs/include/dwb_msgs/dwb_msgs/msg/detail/critic_score__builder.hpp
[1.148s] -- Up-to-date: /home/agilex/agilex_ws/install/dwb_msgs/include/dwb_msgs/dwb_msgs/msg/detail/local_plan_evaluation__struct.hpp
[1.148s] -- Up-to-date: /home/agilex/agilex_ws/install/dwb_msgs/include/dwb_msgs/dwb_msgs/msg/detail/local_plan_evaluation__traits.hpp
[1.148s] -- Up-to-date: /home/agilex/agilex_ws/install/dwb_msgs/include/dwb_msgs/dwb_msgs/msg/detail/critic_score__traits.hpp
[1.148s] -- Up-to-date: /home/agilex/agilex_ws/install/dwb_msgs/include/dwb_msgs/dwb_msgs/msg/detail/local_plan_evaluation__builder.hpp
[1.148s] -- Up-to-date: /home/agilex/agilex_ws/install/dwb_msgs/include/dwb_msgs/dwb_msgs/msg/detail/trajectory_score__traits.hpp
[1.148s] -- Up-to-date: /home/agilex/agilex_ws/install/dwb_msgs/include/dwb_msgs/dwb_msgs/msg/detail/critic_score__struct.hpp
[1.148s] -- Up-to-date: /home/agilex/agilex_ws/install/dwb_msgs/include/dwb_msgs/dwb_msgs/msg/trajectory2_d.hpp
[1.148s] -- Up-to-date: /home/agilex/agilex_ws/install/dwb_msgs/include/dwb_msgs/dwb_msgs/msg/trajectory_score.hpp
[1.148s] -- Up-to-date: /home/agilex/agilex_ws/install/dwb_msgs/include/dwb_msgs/dwb_msgs
[1.148s] -- Up-to-date: /home/agilex/agilex_ws/install/dwb_msgs/include/dwb_msgs/dwb_msgs/srv
[1.148s] -- Up-to-date: /home/agilex/agilex_ws/install/dwb_msgs/include/dwb_msgs/dwb_msgs/srv/detail
[1.148s] -- Up-to-date: /home/agilex/agilex_ws/install/dwb_msgs/include/dwb_msgs/dwb_msgs/srv/detail/get_critic_score__rosidl_typesupport_fastrtps_cpp.hpp
[1.148s] -- Up-to-date: /home/agilex/agilex_ws/install/dwb_msgs/include/dwb_msgs/dwb_msgs/srv/detail/score_trajectory__rosidl_typesupport_fastrtps_cpp.hpp
[1.148s] -- Up-to-date: /home/agilex/agilex_ws/install/dwb_msgs/include/dwb_msgs/dwb_msgs/srv/detail/debug_local_plan__rosidl_typesupport_fastrtps_cpp.hpp
[1.149s] -- Up-to-date: /home/agilex/agilex_ws/install/dwb_msgs/include/dwb_msgs/dwb_msgs/srv/detail/generate_trajectory__rosidl_typesupport_fastrtps_cpp.hpp
[1.149s] -- Up-to-date: /home/agilex/agilex_ws/install/dwb_msgs/include/dwb_msgs/dwb_msgs/srv/detail/dds_fastrtps
[1.149s] -- Up-to-date: /home/agilex/agilex_ws/install/dwb_msgs/include/dwb_msgs/dwb_msgs/srv/detail/generate_twists__rosidl_typesupport_fastrtps_cpp.hpp
[1.149s] -- Up-to-date: /home/agilex/agilex_ws/install/dwb_msgs/include/dwb_msgs/dwb_msgs/msg
[1.149s] -- Up-to-date: /home/agilex/agilex_ws/install/dwb_msgs/include/dwb_msgs/dwb_msgs/msg/rosidl_typesupport_fastrtps_cpp__visibility_control.h
[1.149s] -- Up-to-date: /home/agilex/agilex_ws/install/dwb_msgs/include/dwb_msgs/dwb_msgs/msg/detail
[1.149s] -- Up-to-date: /home/agilex/agilex_ws/install/dwb_msgs/include/dwb_msgs/dwb_msgs/msg/detail/trajectory2_d__rosidl_typesupport_fastrtps_cpp.hpp
[1.149s] -- Up-to-date: /home/agilex/agilex_ws/install/dwb_msgs/include/dwb_msgs/dwb_msgs/msg/detail/local_plan_evaluation__rosidl_typesupport_fastrtps_cpp.hpp
[1.149s] -- Up-to-date: /home/agilex/agilex_ws/install/dwb_msgs/include/dwb_msgs/dwb_msgs/msg/detail/critic_score__rosidl_typesupport_fastrtps_cpp.hpp
[1.149s] -- Up-to-date: /home/agilex/agilex_ws/install/dwb_msgs/include/dwb_msgs/dwb_msgs/msg/detail/trajectory_score__rosidl_typesupport_fastrtps_cpp.hpp
[1.149s] -- Up-to-date: /home/agilex/agilex_ws/install/dwb_msgs/include/dwb_msgs/dwb_msgs/msg/detail/dds_fastrtps
[1.149s] -- Up-to-date: /home/agilex/agilex_ws/install/dwb_msgs/lib/libdwb_msgs__rosidl_typesupport_fastrtps_cpp.so
[1.149s] -- Up-to-date: /home/agilex/agilex_ws/install/dwb_msgs/include/dwb_msgs/dwb_msgs
[1.150s] -- Up-to-date: /home/agilex/agilex_ws/install/dwb_msgs/include/dwb_msgs/dwb_msgs/srv
[1.150s] -- Up-to-date: /home/agilex/agilex_ws/install/dwb_msgs/include/dwb_msgs/dwb_msgs/srv/detail
[1.150s] -- Up-to-date: /home/agilex/agilex_ws/install/dwb_msgs/include/dwb_msgs/dwb_msgs/srv/detail/generate_trajectory__type_support.c
[1.150s] -- Up-to-date: /home/agilex/agilex_ws/install/dwb_msgs/include/dwb_msgs/dwb_msgs/srv/detail/get_critic_score__rosidl_typesupport_introspection_c.h
[1.150s] -- Up-to-date: /home/agilex/agilex_ws/install/dwb_msgs/include/dwb_msgs/dwb_msgs/srv/detail/generate_trajectory__rosidl_typesupport_introspection_c.h
[1.150s] -- Up-to-date: /home/agilex/agilex_ws/install/dwb_msgs/include/dwb_msgs/dwb_msgs/srv/detail/get_critic_score__type_support.c
[1.150s] -- Up-to-date: /home/agilex/agilex_ws/install/dwb_msgs/include/dwb_msgs/dwb_msgs/srv/detail/debug_local_plan__type_support.c
[1.150s] -- Up-to-date: /home/agilex/agilex_ws/install/dwb_msgs/include/dwb_msgs/dwb_msgs/srv/detail/score_trajectory__type_support.c
[1.150s] -- Up-to-date: /home/agilex/agilex_ws/install/dwb_msgs/include/dwb_msgs/dwb_msgs/srv/detail/score_trajectory__rosidl_typesupport_introspection_c.h
[1.150s] -- Up-to-date: /home/agilex/agilex_ws/install/dwb_msgs/include/dwb_msgs/dwb_msgs/srv/detail/generate_twists__rosidl_typesupport_introspection_c.h
[1.150s] -- Up-to-date: /home/agilex/agilex_ws/install/dwb_msgs/include/dwb_msgs/dwb_msgs/srv/detail/debug_local_plan__rosidl_typesupport_introspection_c.h
[1.150s] -- Up-to-date: /home/agilex/agilex_ws/install/dwb_msgs/include/dwb_msgs/dwb_msgs/srv/detail/generate_twists__type_support.c
[1.150s] -- Up-to-date: /home/agilex/agilex_ws/install/dwb_msgs/include/dwb_msgs/dwb_msgs/msg
[1.150s] -- Up-to-date: /home/agilex/agilex_ws/install/dwb_msgs/include/dwb_msgs/dwb_msgs/msg/detail
[1.151s] -- Up-to-date: /home/agilex/agilex_ws/install/dwb_msgs/include/dwb_msgs/dwb_msgs/msg/detail/local_plan_evaluation__rosidl_typesupport_introspection_c.h
[1.151s] -- Up-to-date: /home/agilex/agilex_ws/install/dwb_msgs/include/dwb_msgs/dwb_msgs/msg/detail/trajectory_score__type_support.c
[1.151s] -- Up-to-date: /home/agilex/agilex_ws/install/dwb_msgs/include/dwb_msgs/dwb_msgs/msg/detail/trajectory2_d__rosidl_typesupport_introspection_c.h
[1.151s] -- Up-to-date: /home/agilex/agilex_ws/install/dwb_msgs/include/dwb_msgs/dwb_msgs/msg/detail/critic_score__type_support.c
[1.151s] -- Up-to-date: /home/agilex/agilex_ws/install/dwb_msgs/include/dwb_msgs/dwb_msgs/msg/detail/trajectory_score__rosidl_typesupport_introspection_c.h
[1.151s] -- Up-to-date: /home/agilex/agilex_ws/install/dwb_msgs/include/dwb_msgs/dwb_msgs/msg/detail/critic_score__rosidl_typesupport_introspection_c.h
[1.151s] -- Up-to-date: /home/agilex/agilex_ws/install/dwb_msgs/include/dwb_msgs/dwb_msgs/msg/detail/local_plan_evaluation__type_support.c
[1.151s] -- Up-to-date: /home/agilex/agilex_ws/install/dwb_msgs/include/dwb_msgs/dwb_msgs/msg/detail/trajectory2_d__type_support.c
[1.151s] -- Up-to-date: /home/agilex/agilex_ws/install/dwb_msgs/include/dwb_msgs/dwb_msgs/msg/rosidl_typesupport_introspection_c__visibility_control.h
[1.151s] -- Up-to-date: /home/agilex/agilex_ws/install/dwb_msgs/lib/libdwb_msgs__rosidl_typesupport_introspection_c.so
[1.151s] -- Up-to-date: /home/agilex/agilex_ws/install/dwb_msgs/lib/libdwb_msgs__rosidl_typesupport_c.so
[1.152s] -- Up-to-date: /home/agilex/agilex_ws/install/dwb_msgs/include/dwb_msgs/dwb_msgs
[1.152s] -- Up-to-date: /home/agilex/agilex_ws/install/dwb_msgs/include/dwb_msgs/dwb_msgs/srv
[1.152s] -- Up-to-date: /home/agilex/agilex_ws/install/dwb_msgs/include/dwb_msgs/dwb_msgs/srv/detail
[1.152s] -- Up-to-date: /home/agilex/agilex_ws/install/dwb_msgs/include/dwb_msgs/dwb_msgs/srv/detail/get_critic_score__rosidl_typesupport_introspection_cpp.hpp
[1.152s] -- Up-to-date: /home/agilex/agilex_ws/install/dwb_msgs/include/dwb_msgs/dwb_msgs/srv/detail/generate_twists__rosidl_typesupport_introspection_cpp.hpp
[1.152s] -- Up-to-date: /home/agilex/agilex_ws/install/dwb_msgs/include/dwb_msgs/dwb_msgs/srv/detail/generate_trajectory__type_support.cpp
[1.152s] -- Up-to-date: /home/agilex/agilex_ws/install/dwb_msgs/include/dwb_msgs/dwb_msgs/srv/detail/generate_trajectory__rosidl_typesupport_introspection_cpp.hpp
[1.152s] -- Up-to-date: /home/agilex/agilex_ws/install/dwb_msgs/include/dwb_msgs/dwb_msgs/srv/detail/generate_twists__type_support.cpp
[1.152s] -- Up-to-date: /home/agilex/agilex_ws/install/dwb_msgs/include/dwb_msgs/dwb_msgs/srv/detail/debug_local_plan__type_support.cpp
[1.152s] -- Up-to-date: /home/agilex/agilex_ws/install/dwb_msgs/include/dwb_msgs/dwb_msgs/srv/detail/debug_local_plan__rosidl_typesupport_introspection_cpp.hpp
[1.153s] -- Up-to-date: /home/agilex/agilex_ws/install/dwb_msgs/include/dwb_msgs/dwb_msgs/srv/detail/score_trajectory__rosidl_typesupport_introspection_cpp.hpp
[1.153s] -- Up-to-date: /home/agilex/agilex_ws/install/dwb_msgs/include/dwb_msgs/dwb_msgs/srv/detail/score_trajectory__type_support.cpp
[1.153s] -- Up-to-date: /home/agilex/agilex_ws/install/dwb_msgs/include/dwb_msgs/dwb_msgs/srv/detail/get_critic_score__type_support.cpp
[1.153s] -- Up-to-date: /home/agilex/agilex_ws/install/dwb_msgs/include/dwb_msgs/dwb_msgs/msg
[1.153s] -- Up-to-date: /home/agilex/agilex_ws/install/dwb_msgs/include/dwb_msgs/dwb_msgs/msg/detail
[1.153s] -- Up-to-date: /home/agilex/agilex_ws/install/dwb_msgs/include/dwb_msgs/dwb_msgs/msg/detail/local_plan_evaluation__type_support.cpp
[1.153s] -- Up-to-date: /home/agilex/agilex_ws/install/dwb_msgs/include/dwb_msgs/dwb_msgs/msg/detail/trajectory2_d__rosidl_typesupport_introspection_cpp.hpp
[1.153s] -- Up-to-date: /home/agilex/agilex_ws/install/dwb_msgs/include/dwb_msgs/dwb_msgs/msg/detail/local_plan_evaluation__rosidl_typesupport_introspection_cpp.hpp
[1.153s] -- Up-to-date: /home/agilex/agilex_ws/install/dwb_msgs/include/dwb_msgs/dwb_msgs/msg/detail/trajectory_score__type_support.cpp
[1.153s] -- Up-to-date: /home/agilex/agilex_ws/install/dwb_msgs/include/dwb_msgs/dwb_msgs/msg/detail/critic_score__type_support.cpp
[1.153s] -- Up-to-date: /home/agilex/agilex_ws/install/dwb_msgs/include/dwb_msgs/dwb_msgs/msg/detail/trajectory_score__rosidl_typesupport_introspection_cpp.hpp
[1.153s] -- Up-to-date: /home/agilex/agilex_ws/install/dwb_msgs/include/dwb_msgs/dwb_msgs/msg/detail/trajectory2_d__type_support.cpp
[1.153s] -- Up-to-date: /home/agilex/agilex_ws/install/dwb_msgs/include/dwb_msgs/dwb_msgs/msg/detail/critic_score__rosidl_typesupport_introspection_cpp.hpp
[1.153s] -- Up-to-date: /home/agilex/agilex_ws/install/dwb_msgs/lib/libdwb_msgs__rosidl_typesupport_introspection_cpp.so
[1.153s] -- Up-to-date: /home/agilex/agilex_ws/install/dwb_msgs/lib/libdwb_msgs__rosidl_typesupport_cpp.so
[1.153s] -- Up-to-date: /home/agilex/agilex_ws/install/dwb_msgs/share/dwb_msgs/environment/pythonpath.sh
[1.153s] -- Up-to-date: /home/agilex/agilex_ws/install/dwb_msgs/share/dwb_msgs/environment/pythonpath.dsv
[1.154s] -- Up-to-date: /home/agilex/agilex_ws/install/dwb_msgs/local/lib/python3.10/dist-packages/dwb_msgs-1.1.0-py3.10.egg-info
[1.154s] -- Installing: /home/agilex/agilex_ws/install/dwb_msgs/local/lib/python3.10/dist-packages/dwb_msgs-1.1.0-py3.10.egg-info/top_level.txt
[1.154s] -- Installing: /home/agilex/agilex_ws/install/dwb_msgs/local/lib/python3.10/dist-packages/dwb_msgs-1.1.0-py3.10.egg-info/SOURCES.txt
[1.154s] -- Installing: /home/agilex/agilex_ws/install/dwb_msgs/local/lib/python3.10/dist-packages/dwb_msgs-1.1.0-py3.10.egg-info/PKG-INFO
[1.154s] -- Installing: /home/agilex/agilex_ws/install/dwb_msgs/local/lib/python3.10/dist-packages/dwb_msgs-1.1.0-py3.10.egg-info/dependency_links.txt
[1.154s] -- Up-to-date: /home/agilex/agilex_ws/install/dwb_msgs/local/lib/python3.10/dist-packages/dwb_msgs
[1.154s] -- Up-to-date: /home/agilex/agilex_ws/install/dwb_msgs/local/lib/python3.10/dist-packages/dwb_msgs/dwb_msgs_s__rosidl_typesupport_fastrtps_c.cpython-310-x86_64-linux-gnu.so
[1.154s] -- Up-to-date: /home/agilex/agilex_ws/install/dwb_msgs/local/lib/python3.10/dist-packages/dwb_msgs/_dwb_msgs_s.ep.rosidl_typesupport_introspection_c.c
[1.154s] -- Up-to-date: /home/agilex/agilex_ws/install/dwb_msgs/local/lib/python3.10/dist-packages/dwb_msgs/__init__.py
[1.154s] -- Up-to-date: /home/agilex/agilex_ws/install/dwb_msgs/local/lib/python3.10/dist-packages/dwb_msgs/_dwb_msgs_s.ep.rosidl_typesupport_fastrtps_c.c
[1.154s] -- Up-to-date: /home/agilex/agilex_ws/install/dwb_msgs/local/lib/python3.10/dist-packages/dwb_msgs/libdwb_msgs__rosidl_generator_py.so
[1.154s] -- Up-to-date: /home/agilex/agilex_ws/install/dwb_msgs/local/lib/python3.10/dist-packages/dwb_msgs/dwb_msgs_s__rosidl_typesupport_introspection_c.cpython-310-x86_64-linux-gnu.so
[1.154s] -- Up-to-date: /home/agilex/agilex_ws/install/dwb_msgs/local/lib/python3.10/dist-packages/dwb_msgs/srv
[1.154s] -- Up-to-date: /home/agilex/agilex_ws/install/dwb_msgs/local/lib/python3.10/dist-packages/dwb_msgs/srv/_get_critic_score_s.c
[1.155s] -- Up-to-date: /home/agilex/agilex_ws/install/dwb_msgs/local/lib/python3.10/dist-packages/dwb_msgs/srv/_debug_local_plan.py
[1.155s] -- Up-to-date: /home/agilex/agilex_ws/install/dwb_msgs/local/lib/python3.10/dist-packages/dwb_msgs/srv/_generate_trajectory.py
[1.155s] -- Up-to-date: /home/agilex/agilex_ws/install/dwb_msgs/local/lib/python3.10/dist-packages/dwb_msgs/srv/_debug_local_plan_s.c
[1.155s] -- Up-to-date: /home/agilex/agilex_ws/install/dwb_msgs/local/lib/python3.10/dist-packages/dwb_msgs/srv/_score_trajectory.py
[1.155s] -- Up-to-date: /home/agilex/agilex_ws/install/dwb_msgs/local/lib/python3.10/dist-packages/dwb_msgs/srv/__init__.py
[1.155s] -- Up-to-date: /home/agilex/agilex_ws/install/dwb_msgs/local/lib/python3.10/dist-packages/dwb_msgs/srv/_generate_twists.py
[1.155s] -- Up-to-date: /home/agilex/agilex_ws/install/dwb_msgs/local/lib/python3.10/dist-packages/dwb_msgs/srv/_score_trajectory_s.c
[1.155s] -- Up-to-date: /home/agilex/agilex_ws/install/dwb_msgs/local/lib/python3.10/dist-packages/dwb_msgs/srv/_generate_twists_s.c
[1.155s] -- Up-to-date: /home/agilex/agilex_ws/install/dwb_msgs/local/lib/python3.10/dist-packages/dwb_msgs/srv/_get_critic_score.py
[1.155s] -- Up-to-date: /home/agilex/agilex_ws/install/dwb_msgs/local/lib/python3.10/dist-packages/dwb_msgs/srv/_generate_trajectory_s.c
[1.155s] -- Up-to-date: /home/agilex/agilex_ws/install/dwb_msgs/local/lib/python3.10/dist-packages/dwb_msgs/msg
[1.155s] -- Up-to-date: /home/agilex/agilex_ws/install/dwb_msgs/local/lib/python3.10/dist-packages/dwb_msgs/msg/_trajectory_score.py
[1.155s] -- Up-to-date: /home/agilex/agilex_ws/install/dwb_msgs/local/lib/python3.10/dist-packages/dwb_msgs/msg/_critic_score_s.c
[1.155s] -- Up-to-date: /home/agilex/agilex_ws/install/dwb_msgs/local/lib/python3.10/dist-packages/dwb_msgs/msg/__init__.py
[1.155s] -- Up-to-date: /home/agilex/agilex_ws/install/dwb_msgs/local/lib/python3.10/dist-packages/dwb_msgs/msg/_local_plan_evaluation_s.c
[1.155s] -- Up-to-date: /home/agilex/agilex_ws/install/dwb_msgs/local/lib/python3.10/dist-packages/dwb_msgs/msg/_trajectory_score_s.c
[1.155s] -- Up-to-date: /home/agilex/agilex_ws/install/dwb_msgs/local/lib/python3.10/dist-packages/dwb_msgs/msg/_trajectory2_d.py
[1.156s] -- Up-to-date: /home/agilex/agilex_ws/install/dwb_msgs/local/lib/python3.10/dist-packages/dwb_msgs/msg/_local_plan_evaluation.py
[1.156s] -- Up-to-date: /home/agilex/agilex_ws/install/dwb_msgs/local/lib/python3.10/dist-packages/dwb_msgs/msg/_trajectory2_d_s.c
[1.156s] -- Up-to-date: /home/agilex/agilex_ws/install/dwb_msgs/local/lib/python3.10/dist-packages/dwb_msgs/msg/_critic_score.py
[1.156s] -- Up-to-date: /home/agilex/agilex_ws/install/dwb_msgs/local/lib/python3.10/dist-packages/dwb_msgs/_dwb_msgs_s.ep.rosidl_typesupport_c.c
[1.156s] -- Up-to-date: /home/agilex/agilex_ws/install/dwb_msgs/local/lib/python3.10/dist-packages/dwb_msgs/dwb_msgs_s__rosidl_typesupport_c.cpython-310-x86_64-linux-gnu.so
[1.170s] Listing '/home/agilex/agilex_ws/install/dwb_msgs/local/lib/python3.10/dist-packages/dwb_msgs'...
[1.170s] Listing '/home/agilex/agilex_ws/install/dwb_msgs/local/lib/python3.10/dist-packages/dwb_msgs/msg'...
[1.170s] Listing '/home/agilex/agilex_ws/install/dwb_msgs/local/lib/python3.10/dist-packages/dwb_msgs/srv'...
[1.174s] -- Up-to-date: /home/agilex/agilex_ws/install/dwb_msgs/local/lib/python3.10/dist-packages/dwb_msgs/dwb_msgs_s__rosidl_typesupport_fastrtps_c.cpython-310-x86_64-linux-gnu.so
[1.175s] -- Up-to-date: /home/agilex/agilex_ws/install/dwb_msgs/local/lib/python3.10/dist-packages/dwb_msgs/dwb_msgs_s__rosidl_typesupport_introspection_c.cpython-310-x86_64-linux-gnu.so
[1.175s] -- Up-to-date: /home/agilex/agilex_ws/install/dwb_msgs/local/lib/python3.10/dist-packages/dwb_msgs/dwb_msgs_s__rosidl_typesupport_c.cpython-310-x86_64-linux-gnu.so
[1.177s] -- Up-to-date: /home/agilex/agilex_ws/install/dwb_msgs/lib/libdwb_msgs__rosidl_generator_py.so
[1.178s] -- Up-to-date: /home/agilex/agilex_ws/install/dwb_msgs/share/dwb_msgs/msg/CriticScore.idl
[1.178s] -- Up-to-date: /home/agilex/agilex_ws/install/dwb_msgs/share/dwb_msgs/msg/LocalPlanEvaluation.idl
[1.179s] -- Up-to-date: /home/agilex/agilex_ws/install/dwb_msgs/share/dwb_msgs/msg/Trajectory2D.idl
[1.179s] -- Up-to-date: /home/agilex/agilex_ws/install/dwb_msgs/share/dwb_msgs/msg/TrajectoryScore.idl
[1.179s] -- Up-to-date: /home/agilex/agilex_ws/install/dwb_msgs/share/dwb_msgs/srv/DebugLocalPlan.idl
[1.180s] -- Up-to-date: /home/agilex/agilex_ws/install/dwb_msgs/share/dwb_msgs/srv/GenerateTrajectory.idl
[1.180s] -- Up-to-date: /home/agilex/agilex_ws/install/dwb_msgs/share/dwb_msgs/srv/GenerateTwists.idl
[1.180s] -- Up-to-date: /home/agilex/agilex_ws/install/dwb_msgs/share/dwb_msgs/srv/GetCriticScore.idl
[1.180s] -- Up-to-date: /home/agilex/agilex_ws/install/dwb_msgs/share/dwb_msgs/srv/ScoreTrajectory.idl
[1.181s] -- Up-to-date: /home/agilex/agilex_ws/install/dwb_msgs/share/dwb_msgs/msg/CriticScore.msg
[1.181s] -- Up-to-date: /home/agilex/agilex_ws/install/dwb_msgs/share/dwb_msgs/msg/LocalPlanEvaluation.msg
[1.182s] -- Up-to-date: /home/agilex/agilex_ws/install/dwb_msgs/share/dwb_msgs/msg/Trajectory2D.msg
[1.182s] -- Up-to-date: /home/agilex/agilex_ws/install/dwb_msgs/share/dwb_msgs/msg/TrajectoryScore.msg
[1.182s] -- Up-to-date: /home/agilex/agilex_ws/install/dwb_msgs/share/dwb_msgs/srv/DebugLocalPlan.srv
[1.182s] -- Up-to-date: /home/agilex/agilex_ws/install/dwb_msgs/share/dwb_msgs/srv/DebugLocalPlan_Request.msg
[1.182s] -- Up-to-date: /home/agilex/agilex_ws/install/dwb_msgs/share/dwb_msgs/srv/DebugLocalPlan_Response.msg
[1.183s] -- Up-to-date: /home/agilex/agilex_ws/install/dwb_msgs/share/dwb_msgs/srv/GenerateTrajectory.srv
[1.183s] -- Up-to-date: /home/agilex/agilex_ws/install/dwb_msgs/share/dwb_msgs/srv/GenerateTrajectory_Request.msg
[1.183s] -- Up-to-date: /home/agilex/agilex_ws/install/dwb_msgs/share/dwb_msgs/srv/GenerateTrajectory_Response.msg
[1.183s] -- Up-to-date: /home/agilex/agilex_ws/install/dwb_msgs/share/dwb_msgs/srv/GenerateTwists.srv
[1.185s] -- Up-to-date: /home/agilex/agilex_ws/install/dwb_msgs/share/dwb_msgs/srv/GenerateTwists_Request.msg
[1.185s] -- Up-to-date: /home/agilex/agilex_ws/install/dwb_msgs/share/dwb_msgs/srv/GenerateTwists_Response.msg
[1.185s] -- Up-to-date: /home/agilex/agilex_ws/install/dwb_msgs/share/dwb_msgs/srv/GetCriticScore.srv
[1.185s] -- Up-to-date: /home/agilex/agilex_ws/install/dwb_msgs/share/dwb_msgs/srv/GetCriticScore_Request.msg
[1.185s] -- Up-to-date: /home/agilex/agilex_ws/install/dwb_msgs/share/dwb_msgs/srv/GetCriticScore_Response.msg
[1.185s] -- Up-to-date: /home/agilex/agilex_ws/install/dwb_msgs/share/dwb_msgs/srv/ScoreTrajectory.srv
[1.186s] -- Up-to-date: /home/agilex/agilex_ws/install/dwb_msgs/share/dwb_msgs/srv/ScoreTrajectory_Request.msg
[1.186s] -- Up-to-date: /home/agilex/agilex_ws/install/dwb_msgs/share/dwb_msgs/srv/ScoreTrajectory_Response.msg
[1.186s] -- Up-to-date: /home/agilex/agilex_ws/install/dwb_msgs/share/ament_index/resource_index/package_run_dependencies/dwb_msgs
[1.186s] -- Up-to-date: /home/agilex/agilex_ws/install/dwb_msgs/share/ament_index/resource_index/parent_prefix_path/dwb_msgs
[1.187s] -- Up-to-date: /home/agilex/agilex_ws/install/dwb_msgs/share/dwb_msgs/environment/ament_prefix_path.sh
[1.187s] -- Up-to-date: /home/agilex/agilex_ws/install/dwb_msgs/share/dwb_msgs/environment/ament_prefix_path.dsv
[1.187s] -- Up-to-date: /home/agilex/agilex_ws/install/dwb_msgs/share/dwb_msgs/environment/path.sh
[1.187s] -- Up-to-date: /home/agilex/agilex_ws/install/dwb_msgs/share/dwb_msgs/environment/path.dsv
[1.187s] -- Up-to-date: /home/agilex/agilex_ws/install/dwb_msgs/share/dwb_msgs/local_setup.bash
[1.187s] -- Up-to-date: /home/agilex/agilex_ws/install/dwb_msgs/share/dwb_msgs/local_setup.sh
[1.188s] -- Up-to-date: /home/agilex/agilex_ws/install/dwb_msgs/share/dwb_msgs/local_setup.zsh
[1.188s] -- Up-to-date: /home/agilex/agilex_ws/install/dwb_msgs/share/dwb_msgs/local_setup.dsv
[1.188s] -- Installing: /home/agilex/agilex_ws/install/dwb_msgs/share/dwb_msgs/package.dsv
[1.188s] -- Up-to-date: /home/agilex/agilex_ws/install/dwb_msgs/share/ament_index/resource_index/packages/dwb_msgs
[1.188s] -- Up-to-date: /home/agilex/agilex_ws/install/dwb_msgs/share/dwb_msgs/cmake/export_dwb_msgs__rosidl_generator_cExport.cmake
[1.188s] -- Up-to-date: /home/agilex/agilex_ws/install/dwb_msgs/share/dwb_msgs/cmake/export_dwb_msgs__rosidl_generator_cExport-noconfig.cmake
[1.188s] -- Up-to-date: /home/agilex/agilex_ws/install/dwb_msgs/share/dwb_msgs/cmake/export_dwb_msgs__rosidl_typesupport_fastrtps_cExport.cmake
[1.188s] -- Up-to-date: /home/agilex/agilex_ws/install/dwb_msgs/share/dwb_msgs/cmake/export_dwb_msgs__rosidl_typesupport_fastrtps_cExport-noconfig.cmake
[1.189s] -- Up-to-date: /home/agilex/agilex_ws/install/dwb_msgs/share/dwb_msgs/cmake/export_dwb_msgs__rosidl_generator_cppExport.cmake
[1.189s] -- Up-to-date: /home/agilex/agilex_ws/install/dwb_msgs/share/dwb_msgs/cmake/export_dwb_msgs__rosidl_typesupport_fastrtps_cppExport.cmake
[1.189s] -- Up-to-date: /home/agilex/agilex_ws/install/dwb_msgs/share/dwb_msgs/cmake/export_dwb_msgs__rosidl_typesupport_fastrtps_cppExport-noconfig.cmake
[1.189s] -- Up-to-date: /home/agilex/agilex_ws/install/dwb_msgs/share/dwb_msgs/cmake/dwb_msgs__rosidl_typesupport_introspection_cExport.cmake
[1.189s] -- Up-to-date: /home/agilex/agilex_ws/install/dwb_msgs/share/dwb_msgs/cmake/dwb_msgs__rosidl_typesupport_introspection_cExport-noconfig.cmake
[1.189s] -- Up-to-date: /home/agilex/agilex_ws/install/dwb_msgs/share/dwb_msgs/cmake/dwb_msgs__rosidl_typesupport_cExport.cmake
[1.189s] -- Up-to-date: /home/agilex/agilex_ws/install/dwb_msgs/share/dwb_msgs/cmake/dwb_msgs__rosidl_typesupport_cExport-noconfig.cmake
[1.189s] -- Up-to-date: /home/agilex/agilex_ws/install/dwb_msgs/share/dwb_msgs/cmake/dwb_msgs__rosidl_typesupport_introspection_cppExport.cmake
[1.189s] -- Up-to-date: /home/agilex/agilex_ws/install/dwb_msgs/share/dwb_msgs/cmake/dwb_msgs__rosidl_typesupport_introspection_cppExport-noconfig.cmake
[1.190s] -- Up-to-date: /home/agilex/agilex_ws/install/dwb_msgs/share/dwb_msgs/cmake/dwb_msgs__rosidl_typesupport_cppExport.cmake
[1.190s] -- Up-to-date: /home/agilex/agilex_ws/install/dwb_msgs/share/dwb_msgs/cmake/dwb_msgs__rosidl_typesupport_cppExport-noconfig.cmake
[1.190s] -- Up-to-date: /home/agilex/agilex_ws/install/dwb_msgs/share/dwb_msgs/cmake/export_dwb_msgs__rosidl_generator_pyExport.cmake
[1.190s] -- Up-to-date: /home/agilex/agilex_ws/install/dwb_msgs/share/dwb_msgs/cmake/export_dwb_msgs__rosidl_generator_pyExport-noconfig.cmake
[1.190s] -- Up-to-date: /home/agilex/agilex_ws/install/dwb_msgs/share/dwb_msgs/cmake/rosidl_cmake-extras.cmake
[1.190s] -- Up-to-date: /home/agilex/agilex_ws/install/dwb_msgs/share/dwb_msgs/cmake/ament_cmake_export_dependencies-extras.cmake
[1.190s] -- Up-to-date: /home/agilex/agilex_ws/install/dwb_msgs/share/dwb_msgs/cmake/ament_cmake_export_include_directories-extras.cmake
[1.190s] -- Up-to-date: /home/agilex/agilex_ws/install/dwb_msgs/share/dwb_msgs/cmake/ament_cmake_export_libraries-extras.cmake
[1.190s] -- Up-to-date: /home/agilex/agilex_ws/install/dwb_msgs/share/dwb_msgs/cmake/ament_cmake_export_targets-extras.cmake
[1.190s] -- Up-to-date: /home/agilex/agilex_ws/install/dwb_msgs/share/dwb_msgs/cmake/rosidl_cmake_export_typesupport_targets-extras.cmake
[1.190s] -- Up-to-date: /home/agilex/agilex_ws/install/dwb_msgs/share/dwb_msgs/cmake/rosidl_cmake_export_typesupport_libraries-extras.cmake
[1.190s] -- Up-to-date: /home/agilex/agilex_ws/install/dwb_msgs/share/dwb_msgs/cmake/dwb_msgsConfig.cmake
[1.190s] -- Up-to-date: /home/agilex/agilex_ws/install/dwb_msgs/share/dwb_msgs/cmake/dwb_msgsConfig-version.cmake
[1.190s] -- Up-to-date: /home/agilex/agilex_ws/install/dwb_msgs/share/dwb_msgs/package.xml
[1.210s] Invoked command in '/home/agilex/agilex_ws/build/dwb_msgs' returned '0': CMAKE_PREFIX_PATH=/home/agilex/agilex_ws/install/nav_2d_msgs:/home/agilex/agilex_ws/install/ydlidar_sdk:/home/agilex/agilex_ws/install/ydlidar_ros2_driver:/home/agilex/agilex_ws/install/teb_local_planner:/home/agilex/agilex_ws/install/teb_msgs:/home/agilex/agilex_ws/install/rf2o_laser_odometry:/home/agilex/agilex_ws/install/orbbec_description:/home/agilex/agilex_ws/install/orbbec_camera:/home/agilex/agilex_ws/install/orbbec_camera_msgs:/home/agilex/agilex_ws/install/nav2_system_tests:/home/agilex/agilex_ws/install/nav2_bringup:/home/agilex/agilex_ws/install/navigation2:/home/agilex/agilex_ws/install/nav2_smoother:/home/agilex/agilex_ws/install/nav2_dwb_controller:/home/agilex/agilex_ws/install/limo_bringup:/home/agilex/agilex_ws/install/nav2_controller:/home/agilex/agilex_ws/install/dwb_plugins:/home/agilex/agilex_ws/install/dwb_critics:/home/agilex/agilex_ws/install/dwb_core:/home/agilex/agilex_ws/install/nav_2d_utils:/home/agilex/agilex_ws/install/dwb_msgs:/home/agilex/agilex_ws/install/nav2_waypoint_follower:/home/agilex/agilex_ws/install/nav2_theta_star_planner:/home/agilex/agilex_ws/install/nav2_smac_planner:/home/agilex/agilex_ws/install/nav2_rotation_shim_controller:/home/agilex/agilex_ws/install/nav2_regulated_pure_pursuit_controller:/home/agilex/agilex_ws/install/nav2_planner:/home/agilex/agilex_ws/install/nav2_navfn_planner:/home/agilex/agilex_ws/install/nav2_constrained_smoother:/home/agilex/agilex_ws/install/nav2_bt_navigator:/home/agilex/agilex_ws/install/nav2_behaviors:/home/agilex/agilex_ws/install/nav2_core:/home/agilex/agilex_ws/install/costmap_queue:/home/agilex/agilex_ws/install/costmap_converter:/home/agilex/agilex_ws/install/nav2_costmap_2d:/home/agilex/agilex_ws/install/nav2_voxel_grid:/home/agilex/agilex_ws/install/nav2_rviz_plugins:/home/agilex/agilex_ws/install/nav2_map_server:/home/agilex/agilex_ws/install/nav2_lifecycle_manager:/home/agilex/agilex_ws/install/nav2_behavior_tree:/home/agilex/agilex_ws/install/nav2_amcl:/home/agilex/agilex_ws/install/nav2_util:/home/agilex/agilex_ws/install/nav2_msgs:/home/agilex/agilex_ws/install/nav2_common:/home/agilex/agilex_ws/install/magic_enum:/home/agilex/agilex_ws/install/limo_visions:/home/agilex/agilex_ws/install/limo_base:/home/agilex/agilex_ws/install/limo_msgs:/home/agilex/agilex_ws/install/limo_description:/home/agilex/agilex_ws/install/limo_car:/home/agilex/agilex_ws/install/libuvc:/home/agilex/agilex_ws/install/glog:/home/agilex/agilex_ws/install/csm:/home/agilex/agilex_ws/install/costmap_converter_msgs:/home/agilex/agilex_ws/install/astra_camera:/home/agilex/agilex_ws/install/astra_camera_msgs:/home/agilex/agilex_ws/install/aruco_ros:/home/agilex/agilex_ws/install/aruco_msgs:/home/agilex/agilex_ws/install/aruco:/home/agilex/agilex_ws/install/yolov5_ros2:/home/agilex/agilex_ws/install/nav2_simple_commander:/opt/ros/humble LD_LIBRARY_PATH=/home/agilex/agilex_ws/install/nav_2d_msgs/lib:/home/agilex/agilex_ws/install/teb_local_planner/lib:/home/agilex/agilex_ws/install/teb_msgs/lib:/home/agilex/agilex_ws/install/orbbec_camera/lib:/home/agilex/agilex_ws/install/orbbec_camera_msgs/lib:/home/agilex/agilex_ws/install/nav2_smoother/lib:/home/agilex/agilex_ws/install/nav2_controller/lib:/home/agilex/agilex_ws/install/dwb_plugins/lib:/home/agilex/agilex_ws/install/dwb_critics/lib:/home/agilex/agilex_ws/install/dwb_core/lib:/home/agilex/agilex_ws/install/nav_2d_utils/lib:/home/agilex/agilex_ws/install/dwb_msgs/lib:/home/agilex/agilex_ws/install/nav2_waypoint_follower/lib:/home/agilex/agilex_ws/install/nav2_theta_star_planner/lib:/home/agilex/agilex_ws/install/nav2_smac_planner/lib:/home/agilex/agilex_ws/install/nav2_rotation_shim_controller/lib:/home/agilex/agilex_ws/install/nav2_regulated_pure_pursuit_controller/lib:/home/agilex/agilex_ws/install/nav2_planner/lib:/home/agilex/agilex_ws/install/nav2_navfn_planner/lib:/home/agilex/agilex_ws/install/nav2_constrained_smoother/lib:/home/agilex/agilex_ws/install/nav2_bt_navigator/lib:/home/agilex/agilex_ws/install/nav2_behaviors/lib:/home/agilex/agilex_ws/install/costmap_queue/lib:/home/agilex/agilex_ws/install/costmap_converter/lib:/home/agilex/agilex_ws/install/nav2_costmap_2d/lib:/home/agilex/agilex_ws/install/nav2_voxel_grid/lib:/home/agilex/agilex_ws/install/nav2_rviz_plugins/lib:/home/agilex/agilex_ws/install/nav2_map_server/lib:/home/agilex/agilex_ws/install/nav2_lifecycle_manager/lib:/home/agilex/agilex_ws/install/nav2_behavior_tree/lib:/home/agilex/agilex_ws/install/nav2_amcl/lib:/home/agilex/agilex_ws/install/nav2_util/lib:/home/agilex/agilex_ws/install/nav2_msgs/lib:/home/agilex/agilex_ws/install/limo_msgs/lib:/home/agilex/agilex_ws/install/libuvc/lib:/home/agilex/agilex_ws/install/glog/lib:/home/agilex/agilex_ws/install/csm/lib:/home/agilex/agilex_ws/install/costmap_converter_msgs/lib:/home/agilex/agilex_ws/install/astra_camera/lib:/home/agilex/agilex_ws/install/astra_camera_msgs/lib:/home/agilex/agilex_ws/install/aruco_ros/lib:/home/agilex/agilex_ws/install/aruco_msgs/lib:/home/agilex/agilex_ws/install/aruco/lib:/usr/lib/x86_64-linux-gnu/gazebo-11/plugins:/opt/ros/humble/opt/rviz_ogre_vendor/lib:/opt/ros/humble/lib/x86_64-linux-gnu:/opt/ros/humble/lib /usr/bin/cmake --install /home/agilex/agilex_ws/build/dwb_msgs
