[0.086s] Invoking command in '/home/agilex/agilex_ws/build/orbbec_description': CMAKE_PREFIX_PATH=${CMAKE_PREFIX_PATH}:/home/agilex/agilex_ws/install/yolov5_ros2:/home/agilex/agilex_ws/install/nav2_simple_commander:/opt/ros/humble /usr/bin/cmake /home/agilex/agilex_ws/src/OrbbecSDK_ROS2/orbbec_description -DCMAKE_INSTALL_PREFIX=/home/agilex/agilex_ws/install/orbbec_description
[4.653s] -- The C compiler identification is GNU 11.4.0
[4.654s] -- The CXX compiler identification is GNU 11.4.0
[4.654s] -- Detecting C compiler ABI info
[4.655s] -- Detecting C compiler ABI info - done
[4.655s] -- Check for working C compiler: /usr/bin/cc - skipped
[4.656s] -- Detecting C compile features
[4.656s] -- Detecting C compile features - done
[4.656s] -- Detecting CXX compiler ABI info
[4.656s] -- Detecting CXX compiler ABI info - done
[4.656s] -- Check for working CXX compiler: /usr/bin/c++ - skipped
[4.656s] -- Detecting CXX compile features
[4.656s] -- Detecting CXX compile features - done
[4.656s] -- Found ament_cmake: 1.3.6 (/opt/ros/humble/share/ament_cmake/cmake)
[4.656s] -- Found Python3: /usr/bin/python3.10 (found version "3.10.12") found components: Interpreter 
[4.657s] -- Found ament_lint_auto: 0.12.9 (/opt/ros/humble/share/ament_lint_auto/cmake)
[4.657s] -- Added test 'copyright' to check source files copyright and LICENSE
[4.657s] -- Added test 'lint_cmake' to check CMake code style
[4.657s] -- Added test 'xmllint' to check XML markup files
[4.657s] -- Configuring done
[4.657s] -- Generating done
[4.657s] -- Build files have been written to: /home/agilex/agilex_ws/build/orbbec_description
[4.659s] Invoked command in '/home/agilex/agilex_ws/build/orbbec_description' returned '0': CMAKE_PREFIX_PATH=${CMAKE_PREFIX_PATH}:/home/agilex/agilex_ws/install/yolov5_ros2:/home/agilex/agilex_ws/install/nav2_simple_commander:/opt/ros/humble /usr/bin/cmake /home/agilex/agilex_ws/src/OrbbecSDK_ROS2/orbbec_description -DCMAKE_INSTALL_PREFIX=/home/agilex/agilex_ws/install/orbbec_description
[4.659s] Invoking command in '/home/agilex/agilex_ws/build/orbbec_description': CMAKE_PREFIX_PATH=${CMAKE_PREFIX_PATH}:/home/agilex/agilex_ws/install/yolov5_ros2:/home/agilex/agilex_ws/install/nav2_simple_commander:/opt/ros/humble /usr/bin/cmake --build /home/agilex/agilex_ws/build/orbbec_description -- -j8 -l8
[4.876s] Invoked command in '/home/agilex/agilex_ws/build/orbbec_description' returned '0': CMAKE_PREFIX_PATH=${CMAKE_PREFIX_PATH}:/home/agilex/agilex_ws/install/yolov5_ros2:/home/agilex/agilex_ws/install/nav2_simple_commander:/opt/ros/humble /usr/bin/cmake --build /home/agilex/agilex_ws/build/orbbec_description -- -j8 -l8
[5.103s] Invoking command in '/home/agilex/agilex_ws/build/orbbec_description': CMAKE_PREFIX_PATH=${CMAKE_PREFIX_PATH}:/home/agilex/agilex_ws/install/yolov5_ros2:/home/agilex/agilex_ws/install/nav2_simple_commander:/opt/ros/humble /usr/bin/cmake --install /home/agilex/agilex_ws/build/orbbec_description
[14.128s] -- Install configuration: ""
[14.128s] -- Installing: /home/agilex/agilex_ws/install/orbbec_description/share/ament_index/resource_index/package_run_dependencies/orbbec_description
[14.128s] -- Installing: /home/agilex/agilex_ws/install/orbbec_description/share/ament_index/resource_index/parent_prefix_path/orbbec_description
[14.128s] -- Installing: /home/agilex/agilex_ws/install/orbbec_description/share/orbbec_description/environment/ament_prefix_path.sh
[14.128s] -- Installing: /home/agilex/agilex_ws/install/orbbec_description/share/orbbec_description/environment/ament_prefix_path.dsv
[14.128s] -- Installing: /home/agilex/agilex_ws/install/orbbec_description/share/orbbec_description/environment/path.sh
[14.128s] -- Installing: /home/agilex/agilex_ws/install/orbbec_description/share/orbbec_description/environment/path.dsv
[14.128s] -- Installing: /home/agilex/agilex_ws/install/orbbec_description/share/orbbec_description/local_setup.bash
[14.128s] -- Installing: /home/agilex/agilex_ws/install/orbbec_description/share/orbbec_description/local_setup.sh
[14.128s] -- Installing: /home/agilex/agilex_ws/install/orbbec_description/share/orbbec_description/local_setup.zsh
[14.128s] -- Installing: /home/agilex/agilex_ws/install/orbbec_description/share/orbbec_description/local_setup.dsv
[14.129s] -- Installing: /home/agilex/agilex_ws/install/orbbec_description/share/orbbec_description/package.dsv
[14.129s] -- Installing: /home/agilex/agilex_ws/install/orbbec_description/share/ament_index/resource_index/packages/orbbec_description
[14.129s] -- Installing: /home/agilex/agilex_ws/install/orbbec_description/share/orbbec_description/cmake/orbbec_descriptionConfig.cmake
[14.129s] -- Installing: /home/agilex/agilex_ws/install/orbbec_description/share/orbbec_description/cmake/orbbec_descriptionConfig-version.cmake
[14.129s] -- Installing: /home/agilex/agilex_ws/install/orbbec_description/share/orbbec_description/package.xml
[14.145s] Invoked command in '/home/agilex/agilex_ws/build/orbbec_description' returned '0': CMAKE_PREFIX_PATH=${CMAKE_PREFIX_PATH}:/home/agilex/agilex_ws/install/yolov5_ros2:/home/agilex/agilex_ws/install/nav2_simple_commander:/opt/ros/humble /usr/bin/cmake --install /home/agilex/agilex_ws/build/orbbec_description
