[0.054s] Invoking command in '/home/agilex/agilex_ws/build/nav2_constrained_smoother': AMENT_PREFIX_PATH=/home/agilex/agilex_ws/install/nav2_core:/home/agilex/agilex_ws/install/nav2_costmap_2d:/home/agilex/agilex_ws/install/nav2_util:/home/agilex/agilex_ws/install/nav2_voxel_grid:/home/agilex/agilex_ws/install/nav2_msgs:/home/agilex/agilex_ws/install/nav2_common:${AMENT_PREFIX_PATH} CMAKE_PREFIX_PATH=/home/agilex/agilex_ws/install/nav2_core:/home/agilex/agilex_ws/install/nav2_costmap_2d:/home/agilex/agilex_ws/install/nav2_util:/home/agilex/agilex_ws/install/nav2_voxel_grid:/home/agilex/agilex_ws/install/nav2_msgs:/home/agilex/agilex_ws/install/nav2_common:/opt/ros/humble LD_LIBRARY_PATH=/home/agilex/agilex_ws/install/nav2_costmap_2d/lib:/home/agilex/agilex_ws/install/nav2_util/lib:/home/agilex/agilex_ws/install/nav2_voxel_grid/lib:/home/agilex/agilex_ws/install/nav2_msgs/lib:${LD_LIBRARY_PATH} PYTHONPATH=/home/agilex/agilex_ws/install/nav2_msgs/local/lib/python3.10/dist-packages:/home/agilex/agilex_ws/install/nav2_common/local/lib/python3.10/dist-packages:${PYTHONPATH} /usr/bin/cmake --build /home/agilex/agilex_ws/build/nav2_constrained_smoother -- -j8 -l8
[0.145s] [35m[1mConsolidate compiler generated dependencies of target nav2_constrained_smoother[0m
[0.155s] [35m[1mConsolidate compiler generated dependencies of target gtest_main[0m
[0.164s] [35m[1mConsolidate compiler generated dependencies of target gtest[0m
[0.178s] [ 50%] Built target gtest
[0.179s] [ 40%] Built target gtest_main
[0.179s] [ 60%] Built target nav2_constrained_smoother
[0.196s] [35m[1mConsolidate compiler generated dependencies of target test_constrained_smoother[0m
[0.197s] [35m[1mConsolidate compiler generated dependencies of target test_smoother_cost_function[0m
[0.241s] [ 80%] Built target test_smoother_cost_function
[0.243s] [100%] Built target test_constrained_smoother
[0.266s] Invoked command in '/home/agilex/agilex_ws/build/nav2_constrained_smoother' returned '0': AMENT_PREFIX_PATH=/home/agilex/agilex_ws/install/nav2_core:/home/agilex/agilex_ws/install/nav2_costmap_2d:/home/agilex/agilex_ws/install/nav2_util:/home/agilex/agilex_ws/install/nav2_voxel_grid:/home/agilex/agilex_ws/install/nav2_msgs:/home/agilex/agilex_ws/install/nav2_common:${AMENT_PREFIX_PATH} CMAKE_PREFIX_PATH=/home/agilex/agilex_ws/install/nav2_core:/home/agilex/agilex_ws/install/nav2_costmap_2d:/home/agilex/agilex_ws/install/nav2_util:/home/agilex/agilex_ws/install/nav2_voxel_grid:/home/agilex/agilex_ws/install/nav2_msgs:/home/agilex/agilex_ws/install/nav2_common:/opt/ros/humble LD_LIBRARY_PATH=/home/agilex/agilex_ws/install/nav2_costmap_2d/lib:/home/agilex/agilex_ws/install/nav2_util/lib:/home/agilex/agilex_ws/install/nav2_voxel_grid/lib:/home/agilex/agilex_ws/install/nav2_msgs/lib:${LD_LIBRARY_PATH} PYTHONPATH=/home/agilex/agilex_ws/install/nav2_msgs/local/lib/python3.10/dist-packages:/home/agilex/agilex_ws/install/nav2_common/local/lib/python3.10/dist-packages:${PYTHONPATH} /usr/bin/cmake --build /home/agilex/agilex_ws/build/nav2_constrained_smoother -- -j8 -l8
[0.330s] Invoking command in '/home/agilex/agilex_ws/build/nav2_constrained_smoother': AMENT_PREFIX_PATH=/home/agilex/agilex_ws/install/nav2_core:/home/agilex/agilex_ws/install/nav2_costmap_2d:/home/agilex/agilex_ws/install/nav2_util:/home/agilex/agilex_ws/install/nav2_voxel_grid:/home/agilex/agilex_ws/install/nav2_msgs:/home/agilex/agilex_ws/install/nav2_common:${AMENT_PREFIX_PATH} CMAKE_PREFIX_PATH=/home/agilex/agilex_ws/install/nav2_core:/home/agilex/agilex_ws/install/nav2_costmap_2d:/home/agilex/agilex_ws/install/nav2_util:/home/agilex/agilex_ws/install/nav2_voxel_grid:/home/agilex/agilex_ws/install/nav2_msgs:/home/agilex/agilex_ws/install/nav2_common:/opt/ros/humble LD_LIBRARY_PATH=/home/agilex/agilex_ws/install/nav2_costmap_2d/lib:/home/agilex/agilex_ws/install/nav2_util/lib:/home/agilex/agilex_ws/install/nav2_voxel_grid/lib:/home/agilex/agilex_ws/install/nav2_msgs/lib:${LD_LIBRARY_PATH} PYTHONPATH=/home/agilex/agilex_ws/install/nav2_msgs/local/lib/python3.10/dist-packages:/home/agilex/agilex_ws/install/nav2_common/local/lib/python3.10/dist-packages:${PYTHONPATH} /usr/bin/cmake --install /home/agilex/agilex_ws/build/nav2_constrained_smoother
[0.349s] -- Install configuration: "Release"
[0.362s] -- Up-to-date: /home/agilex/agilex_ws/install/nav2_constrained_smoother/lib/libnav2_constrained_smoother.so
[0.367s] -- Up-to-date: /home/agilex/agilex_ws/install/nav2_constrained_smoother/include/
[0.367s] -- Up-to-date: /home/agilex/agilex_ws/install/nav2_constrained_smoother/include//nav2_constrained_smoother
[0.367s] -- Up-to-date: /home/agilex/agilex_ws/install/nav2_constrained_smoother/include//nav2_constrained_smoother/options.hpp
[0.369s] -- Up-to-date: /home/agilex/agilex_ws/install/nav2_constrained_smoother/include//nav2_constrained_smoother/constrained_smoother.hpp
[0.369s] -- Up-to-date: /home/agilex/agilex_ws/install/nav2_constrained_smoother/include//nav2_constrained_smoother/utils.hpp
[0.369s] -- Up-to-date: /home/agilex/agilex_ws/install/nav2_constrained_smoother/include//nav2_constrained_smoother/smoother.hpp
[0.370s] -- Up-to-date: /home/agilex/agilex_ws/install/nav2_constrained_smoother/include//nav2_constrained_smoother/smoother_cost_function.hpp
[0.370s] -- Up-to-date: /home/agilex/agilex_ws/install/nav2_constrained_smoother/share/nav2_constrained_smoother/environment/library_path.sh
[0.370s] -- Up-to-date: /home/agilex/agilex_ws/install/nav2_constrained_smoother/share/nav2_constrained_smoother/environment/library_path.dsv
[0.370s] -- Up-to-date: /home/agilex/agilex_ws/install/nav2_constrained_smoother/share/nav2_constrained_smoother/nav2_constrained_smoother.xml
[0.370s] -- Up-to-date: /home/agilex/agilex_ws/install/nav2_constrained_smoother/share/ament_index/resource_index/package_run_dependencies/nav2_constrained_smoother
[0.371s] -- Up-to-date: /home/agilex/agilex_ws/install/nav2_constrained_smoother/share/ament_index/resource_index/parent_prefix_path/nav2_constrained_smoother
[0.371s] -- Up-to-date: /home/agilex/agilex_ws/install/nav2_constrained_smoother/share/nav2_constrained_smoother/environment/ament_prefix_path.sh
[0.371s] -- Up-to-date: /home/agilex/agilex_ws/install/nav2_constrained_smoother/share/nav2_constrained_smoother/environment/ament_prefix_path.dsv
[0.373s] -- Up-to-date: /home/agilex/agilex_ws/install/nav2_constrained_smoother/share/nav2_constrained_smoother/environment/path.sh
[0.374s] -- Up-to-date: /home/agilex/agilex_ws/install/nav2_constrained_smoother/share/nav2_constrained_smoother/environment/path.dsv
[0.374s] -- Up-to-date: /home/agilex/agilex_ws/install/nav2_constrained_smoother/share/nav2_constrained_smoother/local_setup.bash
[0.374s] -- Up-to-date: /home/agilex/agilex_ws/install/nav2_constrained_smoother/share/nav2_constrained_smoother/local_setup.sh
[0.374s] -- Up-to-date: /home/agilex/agilex_ws/install/nav2_constrained_smoother/share/nav2_constrained_smoother/local_setup.zsh
[0.375s] -- Up-to-date: /home/agilex/agilex_ws/install/nav2_constrained_smoother/share/nav2_constrained_smoother/local_setup.dsv
[0.375s] -- Installing: /home/agilex/agilex_ws/install/nav2_constrained_smoother/share/nav2_constrained_smoother/package.dsv
[0.375s] -- Up-to-date: /home/agilex/agilex_ws/install/nav2_constrained_smoother/share/ament_index/resource_index/packages/nav2_constrained_smoother
[0.375s] -- Up-to-date: /home/agilex/agilex_ws/install/nav2_constrained_smoother/share/ament_index/resource_index/nav2_core__pluginlib__plugin/nav2_constrained_smoother
[0.375s] -- Up-to-date: /home/agilex/agilex_ws/install/nav2_constrained_smoother/share/nav2_constrained_smoother/cmake/ament_cmake_export_include_directories-extras.cmake
[0.376s] -- Up-to-date: /home/agilex/agilex_ws/install/nav2_constrained_smoother/share/nav2_constrained_smoother/cmake/ament_cmake_export_libraries-extras.cmake
[0.376s] -- Up-to-date: /home/agilex/agilex_ws/install/nav2_constrained_smoother/share/nav2_constrained_smoother/cmake/ament_cmake_export_dependencies-extras.cmake
[0.376s] -- Up-to-date: /home/agilex/agilex_ws/install/nav2_constrained_smoother/share/nav2_constrained_smoother/cmake/nav2_constrained_smootherConfig.cmake
[0.376s] -- Up-to-date: /home/agilex/agilex_ws/install/nav2_constrained_smoother/share/nav2_constrained_smoother/cmake/nav2_constrained_smootherConfig-version.cmake
[0.376s] -- Up-to-date: /home/agilex/agilex_ws/install/nav2_constrained_smoother/share/nav2_constrained_smoother/package.xml
[0.377s] Invoked command in '/home/agilex/agilex_ws/build/nav2_constrained_smoother' returned '0': AMENT_PREFIX_PATH=/home/agilex/agilex_ws/install/nav2_core:/home/agilex/agilex_ws/install/nav2_costmap_2d:/home/agilex/agilex_ws/install/nav2_util:/home/agilex/agilex_ws/install/nav2_voxel_grid:/home/agilex/agilex_ws/install/nav2_msgs:/home/agilex/agilex_ws/install/nav2_common:${AMENT_PREFIX_PATH} CMAKE_PREFIX_PATH=/home/agilex/agilex_ws/install/nav2_core:/home/agilex/agilex_ws/install/nav2_costmap_2d:/home/agilex/agilex_ws/install/nav2_util:/home/agilex/agilex_ws/install/nav2_voxel_grid:/home/agilex/agilex_ws/install/nav2_msgs:/home/agilex/agilex_ws/install/nav2_common:/opt/ros/humble LD_LIBRARY_PATH=/home/agilex/agilex_ws/install/nav2_costmap_2d/lib:/home/agilex/agilex_ws/install/nav2_util/lib:/home/agilex/agilex_ws/install/nav2_voxel_grid/lib:/home/agilex/agilex_ws/install/nav2_msgs/lib:${LD_LIBRARY_PATH} PYTHONPATH=/home/agilex/agilex_ws/install/nav2_msgs/local/lib/python3.10/dist-packages:/home/agilex/agilex_ws/install/nav2_common/local/lib/python3.10/dist-packages:${PYTHONPATH} /usr/bin/cmake --install /home/agilex/agilex_ws/build/nav2_constrained_smoother
