[0.024s] Invoking command in '/home/agilex/agilex_ws/build/csm': CMAKE_PREFIX_PATH=/opt/ros/humble /usr/bin/cmake /home/agilex/agilex_ws/src/csm -DCMAKE_INSTALL_PREFIX=/home/agilex/agilex_ws/install/csm
[0.506s] -- Found ament_cmake: 1.3.4 (/opt/ros/humble/share/ament_cmake/cmake)
[0.506s] -- Found Python3: /usr/bin/python3.10 (found version "3.10.6") found components: Interpreter 
[0.506s] -- Found rclcpp: 16.0.4 (/opt/ros/humble/share/rclcpp/cmake)
[0.508s] -- Found rosidl_generator_c: 3.1.4 (/opt/ros/humble/share/rosidl_generator_c/cmake)
[0.508s] -- Found rosidl_adapter: 3.1.4 (/opt/ros/humble/share/rosidl_adapter/cmake)
[0.508s] -- Found rosidl_generator_cpp: 3.1.4 (/opt/ros/humble/share/rosidl_generator_cpp/cmake)
[0.508s] -- Using all available rosidl_typesupport_c: rosidl_typesupport_fastrtps_c;rosidl_typesupport_introspection_c
[0.508s] -- Using all available rosidl_typesupport_cpp: rosidl_typesupport_fastrtps_cpp;rosidl_typesupport_introspection_cpp
[0.517s] -- Found rmw_implementation_cmake: 6.1.1 (/opt/ros/humble/share/rmw_implementation_cmake/cmake)
[0.520s] -- Found rmw_fastrtps_cpp: 6.2.2 (/opt/ros/humble/share/rmw_fastrtps_cpp/cmake)
[0.789s] -- Found OpenSSL: /usr/lib/x86_64-linux-gnu/libcrypto.so (found version "3.0.2")  
[0.821s] -- Found FastRTPS: /opt/ros/humble/include  
[0.864s] -- Using RMW implementation 'rmw_fastrtps_cpp' as default
[0.995s] -- Looking for pthread.h
[1.289s] -- Looking for pthread.h - found
[1.289s] -- Performing Test CMAKE_HAVE_LIBC_PTHREAD
[1.585s] -- Performing Test CMAKE_HAVE_LIBC_PTHREAD - Success
[1.586s] -- Found Threads: TRUE  
[2.150s] -- Configuring done
[2.181s] -- Generating done
[2.182s] -- Build files have been written to: /home/agilex/agilex_ws/build/csm
[2.208s] Invoked command in '/home/agilex/agilex_ws/build/csm' returned '0': CMAKE_PREFIX_PATH=/opt/ros/humble /usr/bin/cmake /home/agilex/agilex_ws/src/csm -DCMAKE_INSTALL_PREFIX=/home/agilex/agilex_ws/install/csm
[2.209s] Invoking command in '/home/agilex/agilex_ws/build/csm': CMAKE_PREFIX_PATH=/opt/ros/humble /usr/bin/cmake --build /home/agilex/agilex_ws/build/csm -- -j8 -l8
[2.640s] [  4%] [32mBuilding CXX object CMakeFiles/csm.dir/src/csm/math_utils.cpp.o[0m
[2.640s] [  8%] [32mBuilding CXX object CMakeFiles/csm.dir/src/csm/laser_data.cpp.o[0m
[2.640s] [ 12%] [32mBuilding CXX object CMakeFiles/csm.dir/src/csm/math_utils_gsl.cpp.o[0m
[2.640s] [ 16%] [32mBuilding CXX object CMakeFiles/csm.dir/src/csm/utils.cpp.o[0m
[2.640s] [ 20%] [32mBuilding CXX object CMakeFiles/csm.dir/src/csm/logging.cpp.o[0m
[2.640s] [ 25%] [32mBuilding CXX object CMakeFiles/csm.dir/src/csm/sm_options.cpp.o[0m
[2.641s] [ 29%] [32mBuilding CXX object CMakeFiles/csm.dir/src/csm/orientation.cpp.o[0m
[2.641s] [ 33%] [32mBuilding CXX object CMakeFiles/csm.dir/src/csm/clustering.cpp.o[0m
[6.229s] [ 37%] [32mBuilding CXX object CMakeFiles/csm.dir/src/egsl/egsl.cpp.o[0m
[7.091s] [ 41%] [32mBuilding CXX object CMakeFiles/csm.dir/src/egsl/egsl_conversions.cpp.o[0m
[7.213s] [ 45%] [32mBuilding CXX object CMakeFiles/csm.dir/src/egsl/egsl_misc.cpp.o[0m
[7.337s] [ 50%] [32mBuilding CXX object CMakeFiles/csm.dir/src/egsl/egsl_ops.cpp.o[0m
[7.864s] [ 54%] [32mBuilding CXX object CMakeFiles/csm.dir/src/gpc/gpc.cpp.o[0m
[9.178s] [ 58%] [32mBuilding CXX object CMakeFiles/csm.dir/src/gpc/gpc_utils.cpp.o[0m
[9.304s] [ 62%] [32mBuilding CXX object CMakeFiles/csm.dir/src/icp/icp.cpp.o[0m
[9.469s] [ 66%] [32mBuilding CXX object CMakeFiles/csm.dir/src/icp/icp_corr_dumb.cpp.o[0m
[11.111s] [ 70%] [32mBuilding CXX object CMakeFiles/csm.dir/src/icp/icp_corr_tricks.cpp.o[0m
[11.551s] [ 75%] [32mBuilding CXX object CMakeFiles/csm.dir/src/icp/icp_covariance.cpp.o[0m
[12.212s] [ 79%] [32mBuilding CXX object CMakeFiles/csm.dir/src/icp/icp_loop.cpp.o[0m
[12.213s] [ 83%] [32mBuilding CXX object CMakeFiles/csm.dir/src/icp/icp_debug.cpp.o[0m
[14.182s] [ 87%] [32mBuilding CXX object CMakeFiles/csm.dir/src/icp/icp_outliers.cpp.o[0m
[14.297s] [ 91%] [32mBuilding CXX object CMakeFiles/csm.dir/src/options/options.cpp.o[0m
[14.398s] [ 95%] [32mBuilding CXX object CMakeFiles/csm.dir/src/options/options_interface.cpp.o[0m
[29.268s] [100%] [32m[1mLinking CXX shared library libcsm.so[0m
[29.804s] [100%] Built target csm
[29.822s] Invoked command in '/home/agilex/agilex_ws/build/csm' returned '0': CMAKE_PREFIX_PATH=/opt/ros/humble /usr/bin/cmake --build /home/agilex/agilex_ws/build/csm -- -j8 -l8
[29.897s] Invoking command in '/home/agilex/agilex_ws/build/csm': CMAKE_PREFIX_PATH=/opt/ros/humble /usr/bin/cmake --install /home/agilex/agilex_ws/build/csm
[29.911s] -- Install configuration: ""
[29.911s] -- Installing: /home/agilex/agilex_ws/install/csm/lib/libcsm.so
[29.916s] -- Installing: /home/agilex/agilex_ws/install/csm/include/..//include
[29.916s] -- Installing: /home/agilex/agilex_ws/install/csm/include/..//include/gsl_eigen
[29.916s] -- Installing: /home/agilex/agilex_ws/install/csm/include/..//include/gsl_eigen/gsl_eigen.h
[29.916s] -- Installing: /home/agilex/agilex_ws/install/csm/include/..//include/csm
[29.918s] -- Installing: /home/agilex/agilex_ws/install/csm/include/..//include/csm/laser_data.h
[29.918s] -- Installing: /home/agilex/agilex_ws/install/csm/include/..//include/csm/restrict.h
[29.919s] -- Installing: /home/agilex/agilex_ws/install/csm/include/..//include/csm/algos.h
[29.919s] -- Installing: /home/agilex/agilex_ws/install/csm/include/..//include/csm/laser_data_inline.h
[29.919s] -- Installing: /home/agilex/agilex_ws/install/csm/include/..//include/csm/csm.h
[29.919s] -- Installing: /home/agilex/agilex_ws/install/csm/share/csm/resource
[29.920s] -- Installing: /home/agilex/agilex_ws/install/csm/share/csm/resource/csm
[29.920s] -- Installing: /home/agilex/agilex_ws/install/csm/include/../gsl_eigen
[29.920s] -- Installing: /home/agilex/agilex_ws/install/csm/include/../gsl_eigen/gsl_eigen.h
[29.921s] -- Installing: /home/agilex/agilex_ws/install/csm/share/csm/environment/library_path.sh
[29.921s] -- Installing: /home/agilex/agilex_ws/install/csm/share/csm/environment/library_path.dsv
[29.921s] -- Installing: /home/agilex/agilex_ws/install/csm/share/ament_index/resource_index/package_run_dependencies/csm
[29.921s] -- Installing: /home/agilex/agilex_ws/install/csm/share/ament_index/resource_index/parent_prefix_path/csm
[29.921s] -- Installing: /home/agilex/agilex_ws/install/csm/share/csm/environment/ament_prefix_path.sh
[29.921s] -- Installing: /home/agilex/agilex_ws/install/csm/share/csm/environment/ament_prefix_path.dsv
[29.921s] -- Installing: /home/agilex/agilex_ws/install/csm/share/csm/environment/path.sh
[29.922s] -- Installing: /home/agilex/agilex_ws/install/csm/share/csm/environment/path.dsv
[29.922s] -- Installing: /home/agilex/agilex_ws/install/csm/share/csm/local_setup.bash
[29.922s] -- Installing: /home/agilex/agilex_ws/install/csm/share/csm/local_setup.sh
[29.922s] -- Installing: /home/agilex/agilex_ws/install/csm/share/csm/local_setup.zsh
[29.922s] -- Installing: /home/agilex/agilex_ws/install/csm/share/csm/local_setup.dsv
[29.922s] -- Installing: /home/agilex/agilex_ws/install/csm/share/csm/package.dsv
[29.922s] -- Installing: /home/agilex/agilex_ws/install/csm/share/ament_index/resource_index/packages/csm
[29.922s] -- Installing: /home/agilex/agilex_ws/install/csm/share/csm/cmake/ament_cmake_export_dependencies-extras.cmake
[29.922s] -- Installing: /home/agilex/agilex_ws/install/csm/share/csm/cmake/ament_cmake_export_include_directories-extras.cmake
[29.922s] -- Installing: /home/agilex/agilex_ws/install/csm/share/csm/cmake/ament_cmake_export_libraries-extras.cmake
[29.922s] -- Installing: /home/agilex/agilex_ws/install/csm/share/csm/cmake/csmConfig.cmake
[29.922s] -- Installing: /home/agilex/agilex_ws/install/csm/share/csm/cmake/csmConfig-version.cmake
[29.923s] -- Installing: /home/agilex/agilex_ws/install/csm/share/csm/package.xml
[29.929s] Invoked command in '/home/agilex/agilex_ws/build/csm' returned '0': CMAKE_PREFIX_PATH=/opt/ros/humble /usr/bin/cmake --install /home/agilex/agilex_ws/build/csm
