[0.427s] Invoking command in '/home/agilex/agilex_ws/build/nav_2d_msgs': CMAKE_PREFIX_PATH=${CMAKE_PREFIX_PATH}:/home/agilex/agilex_ws/install/yolov5_ros2:/home/agilex/agilex_ws/install/nav2_simple_commander:/opt/ros/humble /usr/bin/cmake --build /home/agilex/agilex_ws/build/nav_2d_msgs -- -j8 -l8
[0.573s] -- Found geometry_msgs: 4.2.3 (/opt/ros/humble/share/geometry_msgs/cmake)
[0.664s] -- Found Python3: /usr/bin/python3.10 (found version "3.10.12") found components: Interpreter 
[0.810s] -- Found rosidl_generator_c: 3.1.5 (/opt/ros/humble/share/rosidl_generator_c/cmake)
[0.819s] -- Found rosidl_adapter: 3.1.5 (/opt/ros/humble/share/rosidl_adapter/cmake)
[0.825s] -- Found rosidl_generator_cpp: 3.1.5 (/opt/ros/humble/share/rosidl_generator_cpp/cmake)
[0.838s] -- Using all available rosidl_typesupport_c: rosidl_typesupport_fastrtps_c;rosidl_typesupport_introspection_c
[0.856s] -- Using all available rosidl_typesupport_cpp: rosidl_typesupport_fastrtps_cpp;rosidl_typesupport_introspection_cpp
[0.985s] -- Found rosidl_default_generators: 1.2.0 (/opt/ros/humble/share/rosidl_default_generators/cmake)
[1.652s] -- Found ament_cmake_ros: 0.10.0 (/opt/ros/humble/share/ament_cmake_ros/cmake)
[2.785s] -- Using all available rosidl_typesupport_c: rosidl_typesupport_fastrtps_c;rosidl_typesupport_introspection_c
[3.162s] -- Using all available rosidl_typesupport_cpp: rosidl_typesupport_fastrtps_cpp;rosidl_typesupport_introspection_cpp
[3.247s] -- Found PythonInterp: /usr/bin/python3 (found suitable version "3.10.12", minimum required is "3.6") 
[3.248s] -- Found python_cmake_module: 0.10.0 (/opt/ros/humble/share/python_cmake_module/cmake)
[3.309s] -- Found PythonLibs: /usr/lib/x86_64-linux-gnu/libpython3.10.so (found suitable version "3.10.12", minimum required is "3.5") 
[3.309s] -- Using PYTHON_EXECUTABLE: /usr/bin/python3
[3.309s] -- Using PYTHON_INCLUDE_DIRS: /usr/include/python3.10
[3.309s] -- Using PYTHON_LIBRARIES: /usr/lib/x86_64-linux-gnu/libpython3.10.so
[3.493s] -- Configuring done
[3.825s] -- Generating done
[3.829s] -- Build files have been written to: /home/agilex/agilex_ws/build/nav_2d_msgs
[3.969s] [  1%] [34m[1mGenerating C code for ROS interfaces[0m
[4.018s] [  2%] [34m[1mGenerating C++ code for ROS interfaces[0m
[4.105s] [  2%] Built target ament_cmake_python_copy_nav_2d_msgs
[5.188s] running egg_info
[5.189s] writing nav_2d_msgs.egg-info/PKG-INFO
[5.189s] writing dependency_links to nav_2d_msgs.egg-info/dependency_links.txt
[5.189s] writing top-level names to nav_2d_msgs.egg-info/top_level.txt
[5.192s] reading manifest file 'nav_2d_msgs.egg-info/SOURCES.txt'
[5.192s] writing manifest file 'nav_2d_msgs.egg-info/SOURCES.txt'
[5.271s] [  2%] Built target ament_cmake_python_build_nav_2d_msgs_egg
[6.152s] [  2%] Built target nav_2d_msgs__cpp
[6.253s] [  4%] [34m[1mGenerating C++ type support dispatch for ROS interfaces[0m
[6.277s] [  5%] [34m[1mGenerating C++ type support for eProsima Fast-RTPS[0m
[6.312s] [  7%] [34m[1mGenerating C++ introspection for ROS interfaces[0m
[6.412s] [35m[1mConsolidate compiler generated dependencies of target nav_2d_msgs__rosidl_generator_c[0m
[6.516s] [  8%] [32mBuilding C object CMakeFiles/nav_2d_msgs__rosidl_generator_c.dir/rosidl_generator_c/nav_2d_msgs/msg/detail/path2_d__functions.c.o[0m
[6.549s] [  9%] [32mBuilding C object CMakeFiles/nav_2d_msgs__rosidl_generator_c.dir/rosidl_generator_c/nav_2d_msgs/msg/detail/pose2_d32__functions.c.o[0m
[6.580s] [ 11%] [32mBuilding C object CMakeFiles/nav_2d_msgs__rosidl_generator_c.dir/rosidl_generator_c/nav_2d_msgs/msg/detail/pose2_d_stamped__functions.c.o[0m
[6.607s] [ 12%] [32mBuilding C object CMakeFiles/nav_2d_msgs__rosidl_generator_c.dir/rosidl_generator_c/nav_2d_msgs/msg/detail/twist2_d__functions.c.o[0m
[6.641s] [ 14%] [32mBuilding C object CMakeFiles/nav_2d_msgs__rosidl_generator_c.dir/rosidl_generator_c/nav_2d_msgs/msg/detail/twist2_d32__functions.c.o[0m
[6.808s] [ 15%] [32mBuilding C object CMakeFiles/nav_2d_msgs__rosidl_generator_c.dir/rosidl_generator_c/nav_2d_msgs/msg/detail/twist2_d_stamped__functions.c.o[0m
[7.142s] [ 16%] [32m[1mLinking C shared library libnav_2d_msgs__rosidl_generator_c.so[0m
[7.354s] [ 16%] Built target nav_2d_msgs__rosidl_generator_c
[7.419s] [ 18%] [34m[1mGenerating C type support for eProsima Fast-RTPS[0m
[7.464s] [ 19%] [34m[1mGenerating C introspection for ROS interfaces[0m
[7.470s] [ 21%] [34m[1mGenerating C type support dispatch for ROS interfaces[0m
[7.994s] [35m[1mConsolidate compiler generated dependencies of target nav_2d_msgs__rosidl_typesupport_cpp[0m
[8.057s] [ 22%] [32mBuilding CXX object CMakeFiles/nav_2d_msgs__rosidl_typesupport_cpp.dir/rosidl_typesupport_cpp/nav_2d_msgs/msg/path2_d__type_support.cpp.o[0m
[8.187s] [ 23%] [32mBuilding CXX object CMakeFiles/nav_2d_msgs__rosidl_typesupport_cpp.dir/rosidl_typesupport_cpp/nav_2d_msgs/msg/pose2_d32__type_support.cpp.o[0m
[8.256s] [ 25%] [32mBuilding CXX object CMakeFiles/nav_2d_msgs__rosidl_typesupport_cpp.dir/rosidl_typesupport_cpp/nav_2d_msgs/msg/pose2_d_stamped__type_support.cpp.o[0m
[8.265s] [35m[1mConsolidate compiler generated dependencies of target nav_2d_msgs__rosidl_typesupport_fastrtps_cpp[0m
[8.276s] [35m[1mConsolidate compiler generated dependencies of target nav_2d_msgs__rosidl_typesupport_introspection_cpp[0m
[8.327s] [ 26%] [32mBuilding CXX object CMakeFiles/nav_2d_msgs__rosidl_typesupport_fastrtps_cpp.dir/rosidl_typesupport_fastrtps_cpp/nav_2d_msgs/msg/detail/dds_fastrtps/path2_d__type_support.cpp.o[0m
[8.361s] [ 28%] [32mBuilding CXX object CMakeFiles/nav_2d_msgs__rosidl_typesupport_introspection_cpp.dir/rosidl_typesupport_introspection_cpp/nav_2d_msgs/msg/detail/path2_d__type_support.cpp.o[0m
[8.782s] [35m[1mConsolidate compiler generated dependencies of target nav_2d_msgs__rosidl_typesupport_introspection_c[0m
[8.855s] [ 29%] [32mBuilding CXX object CMakeFiles/nav_2d_msgs__rosidl_typesupport_cpp.dir/rosidl_typesupport_cpp/nav_2d_msgs/msg/twist2_d__type_support.cpp.o[0m
[8.875s] [ 30%] [32mBuilding C object CMakeFiles/nav_2d_msgs__rosidl_typesupport_introspection_c.dir/rosidl_typesupport_introspection_c/nav_2d_msgs/msg/detail/path2_d__type_support.c.o[0m
[8.929s] [ 32%] [32mBuilding CXX object CMakeFiles/nav_2d_msgs__rosidl_typesupport_cpp.dir/rosidl_typesupport_cpp/nav_2d_msgs/msg/twist2_d32__type_support.cpp.o[0m
[8.974s] [35m[1mConsolidate compiler generated dependencies of target nav_2d_msgs__rosidl_typesupport_c[0m
[8.985s] [ 33%] [32mBuilding CXX object CMakeFiles/nav_2d_msgs__rosidl_typesupport_cpp.dir/rosidl_typesupport_cpp/nav_2d_msgs/msg/twist2_d_stamped__type_support.cpp.o[0m
[9.023s] [ 35%] [32mBuilding C object CMakeFiles/nav_2d_msgs__rosidl_typesupport_introspection_c.dir/rosidl_typesupport_introspection_c/nav_2d_msgs/msg/detail/pose2_d32__type_support.c.o[0m
[9.059s] [ 36%] [32mBuilding CXX object CMakeFiles/nav_2d_msgs__rosidl_typesupport_c.dir/rosidl_typesupport_c/nav_2d_msgs/msg/path2_d__type_support.cpp.o[0m
[9.127s] [ 38%] [32mBuilding C object CMakeFiles/nav_2d_msgs__rosidl_typesupport_introspection_c.dir/rosidl_typesupport_introspection_c/nav_2d_msgs/msg/detail/pose2_d_stamped__type_support.c.o[0m
[9.221s] [ 39%] [32mBuilding CXX object CMakeFiles/nav_2d_msgs__rosidl_typesupport_c.dir/rosidl_typesupport_c/nav_2d_msgs/msg/pose2_d32__type_support.cpp.o[0m
[9.270s] [ 40%] [32mBuilding C object CMakeFiles/nav_2d_msgs__rosidl_typesupport_introspection_c.dir/rosidl_typesupport_introspection_c/nav_2d_msgs/msg/detail/twist2_d__type_support.c.o[0m
[9.341s] [ 42%] [32mBuilding CXX object CMakeFiles/nav_2d_msgs__rosidl_typesupport_c.dir/rosidl_typesupport_c/nav_2d_msgs/msg/pose2_d_stamped__type_support.cpp.o[0m
[9.375s] [ 43%] [32mBuilding C object CMakeFiles/nav_2d_msgs__rosidl_typesupport_introspection_c.dir/rosidl_typesupport_introspection_c/nav_2d_msgs/msg/detail/twist2_d32__type_support.c.o[0m
[9.388s] [ 45%] [32mBuilding CXX object CMakeFiles/nav_2d_msgs__rosidl_typesupport_c.dir/rosidl_typesupport_c/nav_2d_msgs/msg/twist2_d__type_support.cpp.o[0m
[9.430s] [35m[1mConsolidate compiler generated dependencies of target nav_2d_msgs__rosidl_typesupport_fastrtps_c[0m
[9.442s] [ 46%] [32mBuilding C object CMakeFiles/nav_2d_msgs__rosidl_typesupport_introspection_c.dir/rosidl_typesupport_introspection_c/nav_2d_msgs/msg/detail/twist2_d_stamped__type_support.c.o[0m
[9.460s] [ 47%] [32mBuilding CXX object CMakeFiles/nav_2d_msgs__rosidl_typesupport_c.dir/rosidl_typesupport_c/nav_2d_msgs/msg/twist2_d32__type_support.cpp.o[0m
[9.479s] [ 49%] [32mBuilding CXX object CMakeFiles/nav_2d_msgs__rosidl_typesupport_c.dir/rosidl_typesupport_c/nav_2d_msgs/msg/twist2_d_stamped__type_support.cpp.o[0m
[9.497s] [ 50%] [32mBuilding CXX object CMakeFiles/nav_2d_msgs__rosidl_typesupport_fastrtps_c.dir/rosidl_typesupport_fastrtps_c/nav_2d_msgs/msg/detail/path2_d__type_support_c.cpp.o[0m
[9.520s] [ 52%] [32mBuilding CXX object CMakeFiles/nav_2d_msgs__rosidl_typesupport_fastrtps_cpp.dir/rosidl_typesupport_fastrtps_cpp/nav_2d_msgs/msg/detail/dds_fastrtps/pose2_d32__type_support.cpp.o[0m
[9.525s] [ 53%] [32mBuilding CXX object CMakeFiles/nav_2d_msgs__rosidl_typesupport_introspection_cpp.dir/rosidl_typesupport_introspection_cpp/nav_2d_msgs/msg/detail/pose2_d32__type_support.cpp.o[0m
[9.533s] [ 54%] [32m[1mLinking C shared library libnav_2d_msgs__rosidl_typesupport_introspection_c.so[0m
[9.580s] [ 56%] [32mBuilding CXX object CMakeFiles/nav_2d_msgs__rosidl_typesupport_fastrtps_c.dir/rosidl_typesupport_fastrtps_c/nav_2d_msgs/msg/detail/pose2_d32__type_support_c.cpp.o[0m
[9.609s] [ 57%] [32m[1mLinking CXX shared library libnav_2d_msgs__rosidl_typesupport_c.so[0m
[9.691s] [ 57%] Built target nav_2d_msgs__rosidl_typesupport_introspection_c
[9.732s] [ 59%] [32mBuilding CXX object CMakeFiles/nav_2d_msgs__rosidl_typesupport_introspection_cpp.dir/rosidl_typesupport_introspection_cpp/nav_2d_msgs/msg/detail/pose2_d_stamped__type_support.cpp.o[0m
[9.734s] [ 59%] Built target nav_2d_msgs__rosidl_typesupport_c
[9.771s] [ 60%] [32mBuilding CXX object CMakeFiles/nav_2d_msgs__rosidl_typesupport_fastrtps_cpp.dir/rosidl_typesupport_fastrtps_cpp/nav_2d_msgs/msg/detail/dds_fastrtps/pose2_d_stamped__type_support.cpp.o[0m
[9.780s] [ 61%] [32m[1mLinking CXX shared library libnav_2d_msgs__rosidl_typesupport_cpp.so[0m
[9.785s] [ 63%] [32mBuilding CXX object CMakeFiles/nav_2d_msgs__rosidl_typesupport_fastrtps_c.dir/rosidl_typesupport_fastrtps_c/nav_2d_msgs/msg/detail/pose2_d_stamped__type_support_c.cpp.o[0m
[9.988s] [ 63%] Built target nav_2d_msgs__rosidl_typesupport_cpp
[10.023s] [ 64%] [32mBuilding CXX object CMakeFiles/nav_2d_msgs__rosidl_typesupport_fastrtps_c.dir/rosidl_typesupport_fastrtps_c/nav_2d_msgs/msg/detail/twist2_d__type_support_c.cpp.o[0m
[10.374s] [ 66%] [32mBuilding CXX object CMakeFiles/nav_2d_msgs__rosidl_typesupport_fastrtps_c.dir/rosidl_typesupport_fastrtps_c/nav_2d_msgs/msg/detail/twist2_d32__type_support_c.cpp.o[0m
[10.457s] [ 67%] [32mBuilding CXX object CMakeFiles/nav_2d_msgs__rosidl_typesupport_fastrtps_c.dir/rosidl_typesupport_fastrtps_c/nav_2d_msgs/msg/detail/twist2_d_stamped__type_support_c.cpp.o[0m
[10.544s] [ 69%] [32mBuilding CXX object CMakeFiles/nav_2d_msgs__rosidl_typesupport_introspection_cpp.dir/rosidl_typesupport_introspection_cpp/nav_2d_msgs/msg/detail/twist2_d__type_support.cpp.o[0m
[10.549s] [ 70%] [32mBuilding CXX object CMakeFiles/nav_2d_msgs__rosidl_typesupport_introspection_cpp.dir/rosidl_typesupport_introspection_cpp/nav_2d_msgs/msg/detail/twist2_d32__type_support.cpp.o[0m
[10.555s] [ 71%] [32mBuilding CXX object CMakeFiles/nav_2d_msgs__rosidl_typesupport_fastrtps_cpp.dir/rosidl_typesupport_fastrtps_cpp/nav_2d_msgs/msg/detail/dds_fastrtps/twist2_d__type_support.cpp.o[0m
[10.603s] [ 73%] [32mBuilding CXX object CMakeFiles/nav_2d_msgs__rosidl_typesupport_introspection_cpp.dir/rosidl_typesupport_introspection_cpp/nav_2d_msgs/msg/detail/twist2_d_stamped__type_support.cpp.o[0m
[10.830s] [ 74%] [32mBuilding CXX object CMakeFiles/nav_2d_msgs__rosidl_typesupport_fastrtps_cpp.dir/rosidl_typesupport_fastrtps_cpp/nav_2d_msgs/msg/detail/dds_fastrtps/twist2_d32__type_support.cpp.o[0m
[10.868s] [ 76%] [32mBuilding CXX object CMakeFiles/nav_2d_msgs__rosidl_typesupport_fastrtps_cpp.dir/rosidl_typesupport_fastrtps_cpp/nav_2d_msgs/msg/detail/dds_fastrtps/twist2_d_stamped__type_support.cpp.o[0m
[11.235s] [ 77%] [32m[1mLinking CXX shared library libnav_2d_msgs__rosidl_typesupport_fastrtps_c.so[0m
[11.306s] [ 78%] [32m[1mLinking CXX shared library libnav_2d_msgs__rosidl_typesupport_introspection_cpp.so[0m
[11.507s] [ 78%] Built target nav_2d_msgs__rosidl_typesupport_fastrtps_c
[11.507s] [ 78%] Built target nav_2d_msgs__rosidl_typesupport_introspection_cpp
[11.959s] [ 80%] [32m[1mLinking CXX shared library libnav_2d_msgs__rosidl_typesupport_fastrtps_cpp.so[0m
[12.211s] [ 80%] Built target nav_2d_msgs__rosidl_typesupport_fastrtps_cpp
[12.345s] [ 80%] Built target nav_2d_msgs
[12.465s] [ 81%] [34m[1mGenerating Python code for ROS interfaces[0m
[14.170s] [ 81%] Built target nav_2d_msgs__py
[14.261s] [35m[1mConsolidate compiler generated dependencies of target nav_2d_msgs__rosidl_generator_py[0m
[14.355s] [ 83%] [32mBuilding C object CMakeFiles/nav_2d_msgs__rosidl_generator_py.dir/rosidl_generator_py/nav_2d_msgs/msg/_path2_d_s.c.o[0m
[14.355s] [ 84%] [32mBuilding C object CMakeFiles/nav_2d_msgs__rosidl_generator_py.dir/rosidl_generator_py/nav_2d_msgs/msg/_pose2_d32_s.c.o[0m
[14.385s] [ 85%] [32mBuilding C object CMakeFiles/nav_2d_msgs__rosidl_generator_py.dir/rosidl_generator_py/nav_2d_msgs/msg/_pose2_d_stamped_s.c.o[0m
[14.385s] [ 87%] [32mBuilding C object CMakeFiles/nav_2d_msgs__rosidl_generator_py.dir/rosidl_generator_py/nav_2d_msgs/msg/_twist2_d_s.c.o[0m
[14.401s] [ 88%] [32mBuilding C object CMakeFiles/nav_2d_msgs__rosidl_generator_py.dir/rosidl_generator_py/nav_2d_msgs/msg/_twist2_d32_s.c.o[0m
[14.501s] [ 90%] [32mBuilding C object CMakeFiles/nav_2d_msgs__rosidl_generator_py.dir/rosidl_generator_py/nav_2d_msgs/msg/_twist2_d_stamped_s.c.o[0m
[14.861s] [ 91%] [32m[1mLinking C shared library rosidl_generator_py/nav_2d_msgs/libnav_2d_msgs__rosidl_generator_py.so[0m
[15.008s] [ 91%] Built target nav_2d_msgs__rosidl_generator_py
[15.056s] [35m[1mConsolidate compiler generated dependencies of target nav_2d_msgs__rosidl_typesupport_fastrtps_c__pyext[0m
[15.096s] [35m[1mConsolidate compiler generated dependencies of target nav_2d_msgs__rosidl_typesupport_introspection_c__pyext[0m
[15.119s] [35m[1mConsolidate compiler generated dependencies of target nav_2d_msgs__rosidl_typesupport_c__pyext[0m
[15.146s] [ 92%] [32mBuilding C object CMakeFiles/nav_2d_msgs__rosidl_typesupport_fastrtps_c__pyext.dir/rosidl_generator_py/nav_2d_msgs/_nav_2d_msgs_s.ep.rosidl_typesupport_fastrtps_c.c.o[0m
[15.307s] [ 94%] [32mBuilding C object CMakeFiles/nav_2d_msgs__rosidl_typesupport_introspection_c__pyext.dir/rosidl_generator_py/nav_2d_msgs/_nav_2d_msgs_s.ep.rosidl_typesupport_introspection_c.c.o[0m
[15.376s] [ 95%] [32mBuilding C object CMakeFiles/nav_2d_msgs__rosidl_typesupport_c__pyext.dir/rosidl_generator_py/nav_2d_msgs/_nav_2d_msgs_s.ep.rosidl_typesupport_c.c.o[0m
[15.417s] [ 97%] [32m[1mLinking C shared library rosidl_generator_py/nav_2d_msgs/nav_2d_msgs_s__rosidl_typesupport_fastrtps_c.cpython-310-x86_64-linux-gnu.so[0m
[15.484s] [ 98%] [32m[1mLinking C shared library rosidl_generator_py/nav_2d_msgs/nav_2d_msgs_s__rosidl_typesupport_introspection_c.cpython-310-x86_64-linux-gnu.so[0m
[15.504s] [ 98%] Built target nav_2d_msgs__rosidl_typesupport_fastrtps_c__pyext
[15.643s] [ 98%] Built target nav_2d_msgs__rosidl_typesupport_introspection_c__pyext
[15.644s] [100%] [32m[1mLinking C shared library rosidl_generator_py/nav_2d_msgs/nav_2d_msgs_s__rosidl_typesupport_c.cpython-310-x86_64-linux-gnu.so[0m
[15.795s] [100%] Built target nav_2d_msgs__rosidl_typesupport_c__pyext
[15.954s] Invoked command in '/home/agilex/agilex_ws/build/nav_2d_msgs' returned '0': CMAKE_PREFIX_PATH=${CMAKE_PREFIX_PATH}:/home/agilex/agilex_ws/install/yolov5_ros2:/home/agilex/agilex_ws/install/nav2_simple_commander:/opt/ros/humble /usr/bin/cmake --build /home/agilex/agilex_ws/build/nav_2d_msgs -- -j8 -l8
[18.236s] Invoking command in '/home/agilex/agilex_ws/build/nav_2d_msgs': CMAKE_PREFIX_PATH=${CMAKE_PREFIX_PATH}:/home/agilex/agilex_ws/install/yolov5_ros2:/home/agilex/agilex_ws/install/nav2_simple_commander:/opt/ros/humble /usr/bin/cmake --install /home/agilex/agilex_ws/build/nav_2d_msgs
[22.151s] -- Install configuration: ""
[22.151s] -- Up-to-date: /home/agilex/agilex_ws/install/nav_2d_msgs/share/ament_index/resource_index/rosidl_interfaces/nav_2d_msgs
[22.152s] -- Up-to-date: /home/agilex/agilex_ws/install/nav_2d_msgs/include/nav_2d_msgs/nav_2d_msgs
[22.152s] -- Up-to-date: /home/agilex/agilex_ws/install/nav_2d_msgs/include/nav_2d_msgs/nav_2d_msgs/msg
[22.152s] -- Up-to-date: /home/agilex/agilex_ws/install/nav_2d_msgs/include/nav_2d_msgs/nav_2d_msgs/msg/detail
[22.152s] -- Installing: /home/agilex/agilex_ws/install/nav_2d_msgs/include/nav_2d_msgs/nav_2d_msgs/msg/detail/path2_d__functions.c
[22.152s] -- Installing: /home/agilex/agilex_ws/install/nav_2d_msgs/include/nav_2d_msgs/nav_2d_msgs/msg/detail/pose2_d32__functions.c
[22.152s] -- Installing: /home/agilex/agilex_ws/install/nav_2d_msgs/include/nav_2d_msgs/nav_2d_msgs/msg/detail/pose2_d_stamped__functions.c
[22.152s] -- Installing: /home/agilex/agilex_ws/install/nav_2d_msgs/include/nav_2d_msgs/nav_2d_msgs/msg/detail/twist2_d__functions.c
[22.152s] -- Installing: /home/agilex/agilex_ws/install/nav_2d_msgs/include/nav_2d_msgs/nav_2d_msgs/msg/detail/twist2_d32__functions.c
[22.152s] -- Installing: /home/agilex/agilex_ws/install/nav_2d_msgs/include/nav_2d_msgs/nav_2d_msgs/msg/detail/twist2_d_stamped__functions.c
[22.152s] -- Installing: /home/agilex/agilex_ws/install/nav_2d_msgs/include/nav_2d_msgs/nav_2d_msgs/msg/detail/path2_d__functions.h
[22.152s] -- Installing: /home/agilex/agilex_ws/install/nav_2d_msgs/include/nav_2d_msgs/nav_2d_msgs/msg/detail/path2_d__struct.h
[22.152s] -- Installing: /home/agilex/agilex_ws/install/nav_2d_msgs/include/nav_2d_msgs/nav_2d_msgs/msg/detail/path2_d__type_support.h
[22.152s] -- Installing: /home/agilex/agilex_ws/install/nav_2d_msgs/include/nav_2d_msgs/nav_2d_msgs/msg/detail/pose2_d32__functions.h
[22.153s] -- Installing: /home/agilex/agilex_ws/install/nav_2d_msgs/include/nav_2d_msgs/nav_2d_msgs/msg/detail/pose2_d32__struct.h
[22.153s] -- Installing: /home/agilex/agilex_ws/install/nav_2d_msgs/include/nav_2d_msgs/nav_2d_msgs/msg/detail/pose2_d32__type_support.h
[22.153s] -- Installing: /home/agilex/agilex_ws/install/nav_2d_msgs/include/nav_2d_msgs/nav_2d_msgs/msg/detail/pose2_d_stamped__functions.h
[22.153s] -- Installing: /home/agilex/agilex_ws/install/nav_2d_msgs/include/nav_2d_msgs/nav_2d_msgs/msg/detail/pose2_d_stamped__struct.h
[22.153s] -- Installing: /home/agilex/agilex_ws/install/nav_2d_msgs/include/nav_2d_msgs/nav_2d_msgs/msg/detail/pose2_d_stamped__type_support.h
[22.153s] -- Installing: /home/agilex/agilex_ws/install/nav_2d_msgs/include/nav_2d_msgs/nav_2d_msgs/msg/detail/twist2_d32__functions.h
[22.153s] -- Installing: /home/agilex/agilex_ws/install/nav_2d_msgs/include/nav_2d_msgs/nav_2d_msgs/msg/detail/twist2_d32__struct.h
[22.153s] -- Installing: /home/agilex/agilex_ws/install/nav_2d_msgs/include/nav_2d_msgs/nav_2d_msgs/msg/detail/twist2_d32__type_support.h
[22.153s] -- Installing: /home/agilex/agilex_ws/install/nav_2d_msgs/include/nav_2d_msgs/nav_2d_msgs/msg/detail/twist2_d__functions.h
[22.153s] -- Installing: /home/agilex/agilex_ws/install/nav_2d_msgs/include/nav_2d_msgs/nav_2d_msgs/msg/detail/twist2_d__struct.h
[22.153s] -- Installing: /home/agilex/agilex_ws/install/nav_2d_msgs/include/nav_2d_msgs/nav_2d_msgs/msg/detail/twist2_d__type_support.h
[22.153s] -- Installing: /home/agilex/agilex_ws/install/nav_2d_msgs/include/nav_2d_msgs/nav_2d_msgs/msg/detail/twist2_d_stamped__functions.h
[22.153s] -- Installing: /home/agilex/agilex_ws/install/nav_2d_msgs/include/nav_2d_msgs/nav_2d_msgs/msg/detail/twist2_d_stamped__struct.h
[22.153s] -- Installing: /home/agilex/agilex_ws/install/nav_2d_msgs/include/nav_2d_msgs/nav_2d_msgs/msg/detail/twist2_d_stamped__type_support.h
[22.154s] -- Installing: /home/agilex/agilex_ws/install/nav_2d_msgs/include/nav_2d_msgs/nav_2d_msgs/msg/path2_d.h
[22.154s] -- Installing: /home/agilex/agilex_ws/install/nav_2d_msgs/include/nav_2d_msgs/nav_2d_msgs/msg/pose2_d32.h
[22.154s] -- Installing: /home/agilex/agilex_ws/install/nav_2d_msgs/include/nav_2d_msgs/nav_2d_msgs/msg/pose2_d_stamped.h
[22.154s] -- Up-to-date: /home/agilex/agilex_ws/install/nav_2d_msgs/include/nav_2d_msgs/nav_2d_msgs/msg/rosidl_generator_c__visibility_control.h
[22.154s] -- Installing: /home/agilex/agilex_ws/install/nav_2d_msgs/include/nav_2d_msgs/nav_2d_msgs/msg/twist2_d.h
[22.154s] -- Installing: /home/agilex/agilex_ws/install/nav_2d_msgs/include/nav_2d_msgs/nav_2d_msgs/msg/twist2_d32.h
[22.154s] -- Installing: /home/agilex/agilex_ws/install/nav_2d_msgs/include/nav_2d_msgs/nav_2d_msgs/msg/twist2_d_stamped.h
[22.154s] -- Up-to-date: /home/agilex/agilex_ws/install/nav_2d_msgs/share/nav_2d_msgs/environment/library_path.sh
[22.154s] -- Installing: /home/agilex/agilex_ws/install/nav_2d_msgs/share/nav_2d_msgs/environment/library_path.dsv
[22.154s] -- Installing: /home/agilex/agilex_ws/install/nav_2d_msgs/lib/libnav_2d_msgs__rosidl_generator_c.so
[22.155s] -- Set runtime path of "/home/agilex/agilex_ws/install/nav_2d_msgs/lib/libnav_2d_msgs__rosidl_generator_c.so" to ""
[22.155s] -- Up-to-date: /home/agilex/agilex_ws/install/nav_2d_msgs/include/nav_2d_msgs/nav_2d_msgs
[22.155s] -- Up-to-date: /home/agilex/agilex_ws/install/nav_2d_msgs/include/nav_2d_msgs/nav_2d_msgs/msg
[22.155s] -- Up-to-date: /home/agilex/agilex_ws/install/nav_2d_msgs/include/nav_2d_msgs/nav_2d_msgs/msg/detail
[22.155s] -- Installing: /home/agilex/agilex_ws/install/nav_2d_msgs/include/nav_2d_msgs/nav_2d_msgs/msg/detail/path2_d__rosidl_typesupport_fastrtps_c.h
[22.155s] -- Installing: /home/agilex/agilex_ws/install/nav_2d_msgs/include/nav_2d_msgs/nav_2d_msgs/msg/detail/pose2_d32__rosidl_typesupport_fastrtps_c.h
[22.155s] -- Installing: /home/agilex/agilex_ws/install/nav_2d_msgs/include/nav_2d_msgs/nav_2d_msgs/msg/detail/pose2_d_stamped__rosidl_typesupport_fastrtps_c.h
[22.155s] -- Installing: /home/agilex/agilex_ws/install/nav_2d_msgs/include/nav_2d_msgs/nav_2d_msgs/msg/detail/twist2_d32__rosidl_typesupport_fastrtps_c.h
[22.155s] -- Installing: /home/agilex/agilex_ws/install/nav_2d_msgs/include/nav_2d_msgs/nav_2d_msgs/msg/detail/twist2_d__rosidl_typesupport_fastrtps_c.h
[22.155s] -- Installing: /home/agilex/agilex_ws/install/nav_2d_msgs/include/nav_2d_msgs/nav_2d_msgs/msg/detail/twist2_d_stamped__rosidl_typesupport_fastrtps_c.h
[22.155s] -- Up-to-date: /home/agilex/agilex_ws/install/nav_2d_msgs/include/nav_2d_msgs/nav_2d_msgs/msg/rosidl_typesupport_fastrtps_c__visibility_control.h
[22.155s] -- Installing: /home/agilex/agilex_ws/install/nav_2d_msgs/lib/libnav_2d_msgs__rosidl_typesupport_fastrtps_c.so
[22.155s] -- Set runtime path of "/home/agilex/agilex_ws/install/nav_2d_msgs/lib/libnav_2d_msgs__rosidl_typesupport_fastrtps_c.so" to ""
[22.155s] -- Up-to-date: /home/agilex/agilex_ws/install/nav_2d_msgs/include/nav_2d_msgs/nav_2d_msgs
[22.156s] -- Up-to-date: /home/agilex/agilex_ws/install/nav_2d_msgs/include/nav_2d_msgs/nav_2d_msgs/msg
[22.156s] -- Installing: /home/agilex/agilex_ws/install/nav_2d_msgs/include/nav_2d_msgs/nav_2d_msgs/msg/path2_d.hpp
[22.156s] -- Up-to-date: /home/agilex/agilex_ws/install/nav_2d_msgs/include/nav_2d_msgs/nav_2d_msgs/msg/detail
[22.156s] -- Installing: /home/agilex/agilex_ws/install/nav_2d_msgs/include/nav_2d_msgs/nav_2d_msgs/msg/detail/path2_d__builder.hpp
[22.156s] -- Installing: /home/agilex/agilex_ws/install/nav_2d_msgs/include/nav_2d_msgs/nav_2d_msgs/msg/detail/path2_d__struct.hpp
[22.156s] -- Installing: /home/agilex/agilex_ws/install/nav_2d_msgs/include/nav_2d_msgs/nav_2d_msgs/msg/detail/path2_d__traits.hpp
[22.156s] -- Installing: /home/agilex/agilex_ws/install/nav_2d_msgs/include/nav_2d_msgs/nav_2d_msgs/msg/detail/pose2_d32__builder.hpp
[22.156s] -- Installing: /home/agilex/agilex_ws/install/nav_2d_msgs/include/nav_2d_msgs/nav_2d_msgs/msg/detail/pose2_d32__struct.hpp
[22.156s] -- Installing: /home/agilex/agilex_ws/install/nav_2d_msgs/include/nav_2d_msgs/nav_2d_msgs/msg/detail/pose2_d32__traits.hpp
[22.156s] -- Installing: /home/agilex/agilex_ws/install/nav_2d_msgs/include/nav_2d_msgs/nav_2d_msgs/msg/detail/pose2_d_stamped__builder.hpp
[22.156s] -- Installing: /home/agilex/agilex_ws/install/nav_2d_msgs/include/nav_2d_msgs/nav_2d_msgs/msg/detail/pose2_d_stamped__struct.hpp
[22.156s] -- Installing: /home/agilex/agilex_ws/install/nav_2d_msgs/include/nav_2d_msgs/nav_2d_msgs/msg/detail/pose2_d_stamped__traits.hpp
[22.156s] -- Installing: /home/agilex/agilex_ws/install/nav_2d_msgs/include/nav_2d_msgs/nav_2d_msgs/msg/detail/twist2_d__builder.hpp
[22.157s] -- Installing: /home/agilex/agilex_ws/install/nav_2d_msgs/include/nav_2d_msgs/nav_2d_msgs/msg/detail/twist2_d__struct.hpp
[22.157s] -- Installing: /home/agilex/agilex_ws/install/nav_2d_msgs/include/nav_2d_msgs/nav_2d_msgs/msg/detail/twist2_d__traits.hpp
[22.157s] -- Installing: /home/agilex/agilex_ws/install/nav_2d_msgs/include/nav_2d_msgs/nav_2d_msgs/msg/detail/twist2_d32__builder.hpp
[22.157s] -- Installing: /home/agilex/agilex_ws/install/nav_2d_msgs/include/nav_2d_msgs/nav_2d_msgs/msg/detail/twist2_d32__struct.hpp
[22.157s] -- Installing: /home/agilex/agilex_ws/install/nav_2d_msgs/include/nav_2d_msgs/nav_2d_msgs/msg/detail/twist2_d32__traits.hpp
[22.157s] -- Installing: /home/agilex/agilex_ws/install/nav_2d_msgs/include/nav_2d_msgs/nav_2d_msgs/msg/detail/twist2_d_stamped__builder.hpp
[22.176s] -- Installing: /home/agilex/agilex_ws/install/nav_2d_msgs/include/nav_2d_msgs/nav_2d_msgs/msg/detail/twist2_d_stamped__struct.hpp
[22.176s] -- Installing: /home/agilex/agilex_ws/install/nav_2d_msgs/include/nav_2d_msgs/nav_2d_msgs/msg/detail/twist2_d_stamped__traits.hpp
[22.176s] -- Installing: /home/agilex/agilex_ws/install/nav_2d_msgs/include/nav_2d_msgs/nav_2d_msgs/msg/pose2_d32.hpp
[22.176s] -- Installing: /home/agilex/agilex_ws/install/nav_2d_msgs/include/nav_2d_msgs/nav_2d_msgs/msg/pose2_d_stamped.hpp
[22.176s] -- Installing: /home/agilex/agilex_ws/install/nav_2d_msgs/include/nav_2d_msgs/nav_2d_msgs/msg/twist2_d.hpp
[22.176s] -- Installing: /home/agilex/agilex_ws/install/nav_2d_msgs/include/nav_2d_msgs/nav_2d_msgs/msg/twist2_d32.hpp
[22.177s] -- Installing: /home/agilex/agilex_ws/install/nav_2d_msgs/include/nav_2d_msgs/nav_2d_msgs/msg/twist2_d_stamped.hpp
[22.177s] -- Up-to-date: /home/agilex/agilex_ws/install/nav_2d_msgs/include/nav_2d_msgs/nav_2d_msgs
[22.177s] -- Up-to-date: /home/agilex/agilex_ws/install/nav_2d_msgs/include/nav_2d_msgs/nav_2d_msgs/msg
[22.177s] -- Up-to-date: /home/agilex/agilex_ws/install/nav_2d_msgs/include/nav_2d_msgs/nav_2d_msgs/msg/detail
[22.177s] -- Installing: /home/agilex/agilex_ws/install/nav_2d_msgs/include/nav_2d_msgs/nav_2d_msgs/msg/detail/path2_d__rosidl_typesupport_fastrtps_cpp.hpp
[22.177s] -- Up-to-date: /home/agilex/agilex_ws/install/nav_2d_msgs/include/nav_2d_msgs/nav_2d_msgs/msg/detail/dds_fastrtps
[22.177s] -- Installing: /home/agilex/agilex_ws/install/nav_2d_msgs/include/nav_2d_msgs/nav_2d_msgs/msg/detail/pose2_d32__rosidl_typesupport_fastrtps_cpp.hpp
[22.177s] -- Installing: /home/agilex/agilex_ws/install/nav_2d_msgs/include/nav_2d_msgs/nav_2d_msgs/msg/detail/pose2_d_stamped__rosidl_typesupport_fastrtps_cpp.hpp
[22.177s] -- Installing: /home/agilex/agilex_ws/install/nav_2d_msgs/include/nav_2d_msgs/nav_2d_msgs/msg/detail/twist2_d__rosidl_typesupport_fastrtps_cpp.hpp
[22.177s] -- Installing: /home/agilex/agilex_ws/install/nav_2d_msgs/include/nav_2d_msgs/nav_2d_msgs/msg/detail/twist2_d32__rosidl_typesupport_fastrtps_cpp.hpp
[22.177s] -- Installing: /home/agilex/agilex_ws/install/nav_2d_msgs/include/nav_2d_msgs/nav_2d_msgs/msg/detail/twist2_d_stamped__rosidl_typesupport_fastrtps_cpp.hpp
[22.177s] -- Up-to-date: /home/agilex/agilex_ws/install/nav_2d_msgs/include/nav_2d_msgs/nav_2d_msgs/msg/rosidl_typesupport_fastrtps_cpp__visibility_control.h
[22.177s] -- Installing: /home/agilex/agilex_ws/install/nav_2d_msgs/lib/libnav_2d_msgs__rosidl_typesupport_fastrtps_cpp.so
[22.177s] -- Set runtime path of "/home/agilex/agilex_ws/install/nav_2d_msgs/lib/libnav_2d_msgs__rosidl_typesupport_fastrtps_cpp.so" to ""
[22.178s] -- Up-to-date: /home/agilex/agilex_ws/install/nav_2d_msgs/include/nav_2d_msgs/nav_2d_msgs
[22.178s] -- Up-to-date: /home/agilex/agilex_ws/install/nav_2d_msgs/include/nav_2d_msgs/nav_2d_msgs/msg
[22.178s] -- Up-to-date: /home/agilex/agilex_ws/install/nav_2d_msgs/include/nav_2d_msgs/nav_2d_msgs/msg/detail
[22.178s] -- Installing: /home/agilex/agilex_ws/install/nav_2d_msgs/include/nav_2d_msgs/nav_2d_msgs/msg/detail/path2_d__type_support.c
[22.178s] -- Installing: /home/agilex/agilex_ws/install/nav_2d_msgs/include/nav_2d_msgs/nav_2d_msgs/msg/detail/pose2_d32__type_support.c
[22.178s] -- Installing: /home/agilex/agilex_ws/install/nav_2d_msgs/include/nav_2d_msgs/nav_2d_msgs/msg/detail/pose2_d_stamped__type_support.c
[22.178s] -- Installing: /home/agilex/agilex_ws/install/nav_2d_msgs/include/nav_2d_msgs/nav_2d_msgs/msg/detail/twist2_d__type_support.c
[22.178s] -- Installing: /home/agilex/agilex_ws/install/nav_2d_msgs/include/nav_2d_msgs/nav_2d_msgs/msg/detail/twist2_d32__type_support.c
[22.178s] -- Installing: /home/agilex/agilex_ws/install/nav_2d_msgs/include/nav_2d_msgs/nav_2d_msgs/msg/detail/twist2_d_stamped__type_support.c
[22.178s] -- Installing: /home/agilex/agilex_ws/install/nav_2d_msgs/include/nav_2d_msgs/nav_2d_msgs/msg/detail/path2_d__rosidl_typesupport_introspection_c.h
[22.178s] -- Installing: /home/agilex/agilex_ws/install/nav_2d_msgs/include/nav_2d_msgs/nav_2d_msgs/msg/detail/pose2_d32__rosidl_typesupport_introspection_c.h
[22.178s] -- Installing: /home/agilex/agilex_ws/install/nav_2d_msgs/include/nav_2d_msgs/nav_2d_msgs/msg/detail/pose2_d_stamped__rosidl_typesupport_introspection_c.h
[22.178s] -- Installing: /home/agilex/agilex_ws/install/nav_2d_msgs/include/nav_2d_msgs/nav_2d_msgs/msg/detail/twist2_d32__rosidl_typesupport_introspection_c.h
[22.178s] -- Installing: /home/agilex/agilex_ws/install/nav_2d_msgs/include/nav_2d_msgs/nav_2d_msgs/msg/detail/twist2_d__rosidl_typesupport_introspection_c.h
[22.178s] -- Installing: /home/agilex/agilex_ws/install/nav_2d_msgs/include/nav_2d_msgs/nav_2d_msgs/msg/detail/twist2_d_stamped__rosidl_typesupport_introspection_c.h
[22.179s] -- Up-to-date: /home/agilex/agilex_ws/install/nav_2d_msgs/include/nav_2d_msgs/nav_2d_msgs/msg/rosidl_typesupport_introspection_c__visibility_control.h
[22.179s] -- Installing: /home/agilex/agilex_ws/install/nav_2d_msgs/lib/libnav_2d_msgs__rosidl_typesupport_introspection_c.so
[22.179s] -- Set runtime path of "/home/agilex/agilex_ws/install/nav_2d_msgs/lib/libnav_2d_msgs__rosidl_typesupport_introspection_c.so" to ""
[22.179s] -- Installing: /home/agilex/agilex_ws/install/nav_2d_msgs/lib/libnav_2d_msgs__rosidl_typesupport_c.so
[22.179s] -- Set runtime path of "/home/agilex/agilex_ws/install/nav_2d_msgs/lib/libnav_2d_msgs__rosidl_typesupport_c.so" to ""
[22.179s] -- Up-to-date: /home/agilex/agilex_ws/install/nav_2d_msgs/include/nav_2d_msgs/nav_2d_msgs
[22.179s] -- Up-to-date: /home/agilex/agilex_ws/install/nav_2d_msgs/include/nav_2d_msgs/nav_2d_msgs/msg
[22.179s] -- Up-to-date: /home/agilex/agilex_ws/install/nav_2d_msgs/include/nav_2d_msgs/nav_2d_msgs/msg/detail
[22.179s] -- Installing: /home/agilex/agilex_ws/install/nav_2d_msgs/include/nav_2d_msgs/nav_2d_msgs/msg/detail/path2_d__rosidl_typesupport_introspection_cpp.hpp
[22.179s] -- Installing: /home/agilex/agilex_ws/install/nav_2d_msgs/include/nav_2d_msgs/nav_2d_msgs/msg/detail/pose2_d32__rosidl_typesupport_introspection_cpp.hpp
[22.179s] -- Installing: /home/agilex/agilex_ws/install/nav_2d_msgs/include/nav_2d_msgs/nav_2d_msgs/msg/detail/pose2_d_stamped__rosidl_typesupport_introspection_cpp.hpp
[22.179s] -- Installing: /home/agilex/agilex_ws/install/nav_2d_msgs/include/nav_2d_msgs/nav_2d_msgs/msg/detail/twist2_d__rosidl_typesupport_introspection_cpp.hpp
[22.179s] -- Installing: /home/agilex/agilex_ws/install/nav_2d_msgs/include/nav_2d_msgs/nav_2d_msgs/msg/detail/twist2_d32__rosidl_typesupport_introspection_cpp.hpp
[22.179s] -- Installing: /home/agilex/agilex_ws/install/nav_2d_msgs/include/nav_2d_msgs/nav_2d_msgs/msg/detail/twist2_d_stamped__rosidl_typesupport_introspection_cpp.hpp
[22.179s] -- Installing: /home/agilex/agilex_ws/install/nav_2d_msgs/include/nav_2d_msgs/nav_2d_msgs/msg/detail/path2_d__type_support.cpp
[22.179s] -- Installing: /home/agilex/agilex_ws/install/nav_2d_msgs/include/nav_2d_msgs/nav_2d_msgs/msg/detail/pose2_d32__type_support.cpp
[22.180s] -- Installing: /home/agilex/agilex_ws/install/nav_2d_msgs/include/nav_2d_msgs/nav_2d_msgs/msg/detail/pose2_d_stamped__type_support.cpp
[22.180s] -- Installing: /home/agilex/agilex_ws/install/nav_2d_msgs/include/nav_2d_msgs/nav_2d_msgs/msg/detail/twist2_d32__type_support.cpp
[22.180s] -- Installing: /home/agilex/agilex_ws/install/nav_2d_msgs/include/nav_2d_msgs/nav_2d_msgs/msg/detail/twist2_d__type_support.cpp
[22.180s] -- Installing: /home/agilex/agilex_ws/install/nav_2d_msgs/include/nav_2d_msgs/nav_2d_msgs/msg/detail/twist2_d_stamped__type_support.cpp
[22.180s] -- Installing: /home/agilex/agilex_ws/install/nav_2d_msgs/lib/libnav_2d_msgs__rosidl_typesupport_introspection_cpp.so
[22.180s] -- Set runtime path of "/home/agilex/agilex_ws/install/nav_2d_msgs/lib/libnav_2d_msgs__rosidl_typesupport_introspection_cpp.so" to ""
[22.180s] -- Installing: /home/agilex/agilex_ws/install/nav_2d_msgs/lib/libnav_2d_msgs__rosidl_typesupport_cpp.so
[22.180s] -- Set runtime path of "/home/agilex/agilex_ws/install/nav_2d_msgs/lib/libnav_2d_msgs__rosidl_typesupport_cpp.so" to ""
[22.180s] -- Up-to-date: /home/agilex/agilex_ws/install/nav_2d_msgs/share/nav_2d_msgs/environment/pythonpath.sh
[22.180s] -- Installing: /home/agilex/agilex_ws/install/nav_2d_msgs/share/nav_2d_msgs/environment/pythonpath.dsv
[22.180s] -- Up-to-date: /home/agilex/agilex_ws/install/nav_2d_msgs/local/lib/python3.10/dist-packages/nav_2d_msgs-1.1.0-py3.10.egg-info
[22.180s] -- Installing: /home/agilex/agilex_ws/install/nav_2d_msgs/local/lib/python3.10/dist-packages/nav_2d_msgs-1.1.0-py3.10.egg-info/PKG-INFO
[22.180s] -- Installing: /home/agilex/agilex_ws/install/nav_2d_msgs/local/lib/python3.10/dist-packages/nav_2d_msgs-1.1.0-py3.10.egg-info/dependency_links.txt
[22.180s] -- Installing: /home/agilex/agilex_ws/install/nav_2d_msgs/local/lib/python3.10/dist-packages/nav_2d_msgs-1.1.0-py3.10.egg-info/top_level.txt
[22.180s] -- Installing: /home/agilex/agilex_ws/install/nav_2d_msgs/local/lib/python3.10/dist-packages/nav_2d_msgs-1.1.0-py3.10.egg-info/SOURCES.txt
[22.181s] -- Up-to-date: /home/agilex/agilex_ws/install/nav_2d_msgs/local/lib/python3.10/dist-packages/nav_2d_msgs
[22.181s] -- Up-to-date: /home/agilex/agilex_ws/install/nav_2d_msgs/local/lib/python3.10/dist-packages/nav_2d_msgs/msg
[22.181s] -- Installing: /home/agilex/agilex_ws/install/nav_2d_msgs/local/lib/python3.10/dist-packages/nav_2d_msgs/msg/_path2_d_s.c
[22.181s] -- Installing: /home/agilex/agilex_ws/install/nav_2d_msgs/local/lib/python3.10/dist-packages/nav_2d_msgs/msg/_pose2_d32_s.c
[22.181s] -- Installing: /home/agilex/agilex_ws/install/nav_2d_msgs/local/lib/python3.10/dist-packages/nav_2d_msgs/msg/_pose2_d_stamped_s.c
[22.181s] -- Installing: /home/agilex/agilex_ws/install/nav_2d_msgs/local/lib/python3.10/dist-packages/nav_2d_msgs/msg/_twist2_d_s.c
[22.181s] -- Installing: /home/agilex/agilex_ws/install/nav_2d_msgs/local/lib/python3.10/dist-packages/nav_2d_msgs/msg/_twist2_d32_s.c
[22.181s] -- Installing: /home/agilex/agilex_ws/install/nav_2d_msgs/local/lib/python3.10/dist-packages/nav_2d_msgs/msg/_twist2_d_stamped_s.c
[22.181s] -- Installing: /home/agilex/agilex_ws/install/nav_2d_msgs/local/lib/python3.10/dist-packages/nav_2d_msgs/msg/__init__.py
[22.181s] -- Installing: /home/agilex/agilex_ws/install/nav_2d_msgs/local/lib/python3.10/dist-packages/nav_2d_msgs/msg/_path2_d.py
[22.181s] -- Installing: /home/agilex/agilex_ws/install/nav_2d_msgs/local/lib/python3.10/dist-packages/nav_2d_msgs/msg/_pose2_d32.py
[22.181s] -- Installing: /home/agilex/agilex_ws/install/nav_2d_msgs/local/lib/python3.10/dist-packages/nav_2d_msgs/msg/_pose2_d_stamped.py
[22.181s] -- Installing: /home/agilex/agilex_ws/install/nav_2d_msgs/local/lib/python3.10/dist-packages/nav_2d_msgs/msg/_twist2_d.py
[22.181s] -- Installing: /home/agilex/agilex_ws/install/nav_2d_msgs/local/lib/python3.10/dist-packages/nav_2d_msgs/msg/_twist2_d32.py
[22.181s] -- Installing: /home/agilex/agilex_ws/install/nav_2d_msgs/local/lib/python3.10/dist-packages/nav_2d_msgs/msg/_twist2_d_stamped.py
[22.182s] -- Installing: /home/agilex/agilex_ws/install/nav_2d_msgs/local/lib/python3.10/dist-packages/nav_2d_msgs/_nav_2d_msgs_s.ep.rosidl_typesupport_fastrtps_c.c
[22.182s] -- Installing: /home/agilex/agilex_ws/install/nav_2d_msgs/local/lib/python3.10/dist-packages/nav_2d_msgs/_nav_2d_msgs_s.ep.rosidl_typesupport_introspection_c.c
[22.182s] -- Installing: /home/agilex/agilex_ws/install/nav_2d_msgs/local/lib/python3.10/dist-packages/nav_2d_msgs/_nav_2d_msgs_s.ep.rosidl_typesupport_c.c
[22.182s] -- Installing: /home/agilex/agilex_ws/install/nav_2d_msgs/local/lib/python3.10/dist-packages/nav_2d_msgs/__init__.py
[22.182s] -- Installing: /home/agilex/agilex_ws/install/nav_2d_msgs/local/lib/python3.10/dist-packages/nav_2d_msgs/libnav_2d_msgs__rosidl_generator_py.so
[22.182s] -- Installing: /home/agilex/agilex_ws/install/nav_2d_msgs/local/lib/python3.10/dist-packages/nav_2d_msgs/nav_2d_msgs_s__rosidl_typesupport_fastrtps_c.cpython-310-x86_64-linux-gnu.so
[22.182s] -- Installing: /home/agilex/agilex_ws/install/nav_2d_msgs/local/lib/python3.10/dist-packages/nav_2d_msgs/nav_2d_msgs_s__rosidl_typesupport_introspection_c.cpython-310-x86_64-linux-gnu.so
[22.182s] -- Installing: /home/agilex/agilex_ws/install/nav_2d_msgs/local/lib/python3.10/dist-packages/nav_2d_msgs/nav_2d_msgs_s__rosidl_typesupport_c.cpython-310-x86_64-linux-gnu.so
[22.257s] Listing '/home/agilex/agilex_ws/install/nav_2d_msgs/local/lib/python3.10/dist-packages/nav_2d_msgs'...
[22.257s] Compiling '/home/agilex/agilex_ws/install/nav_2d_msgs/local/lib/python3.10/dist-packages/nav_2d_msgs/__init__.py'...
[22.257s] Listing '/home/agilex/agilex_ws/install/nav_2d_msgs/local/lib/python3.10/dist-packages/nav_2d_msgs/msg'...
[22.258s] Compiling '/home/agilex/agilex_ws/install/nav_2d_msgs/local/lib/python3.10/dist-packages/nav_2d_msgs/msg/__init__.py'...
[22.258s] Compiling '/home/agilex/agilex_ws/install/nav_2d_msgs/local/lib/python3.10/dist-packages/nav_2d_msgs/msg/_path2_d.py'...
[22.258s] Compiling '/home/agilex/agilex_ws/install/nav_2d_msgs/local/lib/python3.10/dist-packages/nav_2d_msgs/msg/_pose2_d32.py'...
[22.258s] Compiling '/home/agilex/agilex_ws/install/nav_2d_msgs/local/lib/python3.10/dist-packages/nav_2d_msgs/msg/_pose2_d_stamped.py'...
[22.258s] Compiling '/home/agilex/agilex_ws/install/nav_2d_msgs/local/lib/python3.10/dist-packages/nav_2d_msgs/msg/_twist2_d.py'...
[22.258s] Compiling '/home/agilex/agilex_ws/install/nav_2d_msgs/local/lib/python3.10/dist-packages/nav_2d_msgs/msg/_twist2_d32.py'...
[22.258s] Compiling '/home/agilex/agilex_ws/install/nav_2d_msgs/local/lib/python3.10/dist-packages/nav_2d_msgs/msg/_twist2_d_stamped.py'...
[22.293s] -- Installing: /home/agilex/agilex_ws/install/nav_2d_msgs/local/lib/python3.10/dist-packages/nav_2d_msgs/nav_2d_msgs_s__rosidl_typesupport_fastrtps_c.cpython-310-x86_64-linux-gnu.so
[22.294s] -- Set runtime path of "/home/agilex/agilex_ws/install/nav_2d_msgs/local/lib/python3.10/dist-packages/nav_2d_msgs/nav_2d_msgs_s__rosidl_typesupport_fastrtps_c.cpython-310-x86_64-linux-gnu.so" to ""
[22.299s] -- Installing: /home/agilex/agilex_ws/install/nav_2d_msgs/local/lib/python3.10/dist-packages/nav_2d_msgs/nav_2d_msgs_s__rosidl_typesupport_introspection_c.cpython-310-x86_64-linux-gnu.so
[22.321s] -- Set runtime path of "/home/agilex/agilex_ws/install/nav_2d_msgs/local/lib/python3.10/dist-packages/nav_2d_msgs/nav_2d_msgs_s__rosidl_typesupport_introspection_c.cpython-310-x86_64-linux-gnu.so" to ""
[22.328s] -- Installing: /home/agilex/agilex_ws/install/nav_2d_msgs/local/lib/python3.10/dist-packages/nav_2d_msgs/nav_2d_msgs_s__rosidl_typesupport_c.cpython-310-x86_64-linux-gnu.so
[22.334s] -- Set runtime path of "/home/agilex/agilex_ws/install/nav_2d_msgs/local/lib/python3.10/dist-packages/nav_2d_msgs/nav_2d_msgs_s__rosidl_typesupport_c.cpython-310-x86_64-linux-gnu.so" to ""
[22.364s] -- Installing: /home/agilex/agilex_ws/install/nav_2d_msgs/lib/libnav_2d_msgs__rosidl_generator_py.so
[22.366s] -- Set runtime path of "/home/agilex/agilex_ws/install/nav_2d_msgs/lib/libnav_2d_msgs__rosidl_generator_py.so" to ""
[22.366s] -- Up-to-date: /home/agilex/agilex_ws/install/nav_2d_msgs/share/nav_2d_msgs/msg/Path2D.idl
[22.366s] -- Up-to-date: /home/agilex/agilex_ws/install/nav_2d_msgs/share/nav_2d_msgs/msg/Pose2D32.idl
[22.366s] -- Up-to-date: /home/agilex/agilex_ws/install/nav_2d_msgs/share/nav_2d_msgs/msg/Pose2DStamped.idl
[22.367s] -- Up-to-date: /home/agilex/agilex_ws/install/nav_2d_msgs/share/nav_2d_msgs/msg/Twist2D.idl
[22.367s] -- Up-to-date: /home/agilex/agilex_ws/install/nav_2d_msgs/share/nav_2d_msgs/msg/Twist2D32.idl
[22.367s] -- Up-to-date: /home/agilex/agilex_ws/install/nav_2d_msgs/share/nav_2d_msgs/msg/Twist2DStamped.idl
[22.367s] -- Up-to-date: /home/agilex/agilex_ws/install/nav_2d_msgs/share/nav_2d_msgs/msg/Path2D.msg
[22.367s] -- Up-to-date: /home/agilex/agilex_ws/install/nav_2d_msgs/share/nav_2d_msgs/msg/Pose2D32.msg
[22.367s] -- Up-to-date: /home/agilex/agilex_ws/install/nav_2d_msgs/share/nav_2d_msgs/msg/Pose2DStamped.msg
[22.367s] -- Up-to-date: /home/agilex/agilex_ws/install/nav_2d_msgs/share/nav_2d_msgs/msg/Twist2D.msg
[22.367s] -- Up-to-date: /home/agilex/agilex_ws/install/nav_2d_msgs/share/nav_2d_msgs/msg/Twist2D32.msg
[22.367s] -- Up-to-date: /home/agilex/agilex_ws/install/nav_2d_msgs/share/nav_2d_msgs/msg/Twist2DStamped.msg
[22.367s] -- Up-to-date: /home/agilex/agilex_ws/install/nav_2d_msgs/share/ament_index/resource_index/package_run_dependencies/nav_2d_msgs
[22.368s] -- Installing: /home/agilex/agilex_ws/install/nav_2d_msgs/share/ament_index/resource_index/parent_prefix_path/nav_2d_msgs
[22.368s] -- Installing: /home/agilex/agilex_ws/install/nav_2d_msgs/share/nav_2d_msgs/environment/ament_prefix_path.sh
[22.368s] -- Installing: /home/agilex/agilex_ws/install/nav_2d_msgs/share/nav_2d_msgs/environment/ament_prefix_path.dsv
[22.368s] -- Installing: /home/agilex/agilex_ws/install/nav_2d_msgs/share/nav_2d_msgs/environment/path.sh
[22.368s] -- Installing: /home/agilex/agilex_ws/install/nav_2d_msgs/share/nav_2d_msgs/environment/path.dsv
[22.368s] -- Up-to-date: /home/agilex/agilex_ws/install/nav_2d_msgs/share/nav_2d_msgs/local_setup.bash
[22.368s] -- Up-to-date: /home/agilex/agilex_ws/install/nav_2d_msgs/share/nav_2d_msgs/local_setup.sh
[22.368s] -- Up-to-date: /home/agilex/agilex_ws/install/nav_2d_msgs/share/nav_2d_msgs/local_setup.zsh
[22.368s] -- Installing: /home/agilex/agilex_ws/install/nav_2d_msgs/share/nav_2d_msgs/local_setup.dsv
[22.368s] -- Installing: /home/agilex/agilex_ws/install/nav_2d_msgs/share/nav_2d_msgs/package.dsv
[22.368s] -- Up-to-date: /home/agilex/agilex_ws/install/nav_2d_msgs/share/ament_index/resource_index/packages/nav_2d_msgs
[22.371s] -- Up-to-date: /home/agilex/agilex_ws/install/nav_2d_msgs/share/nav_2d_msgs/cmake/export_nav_2d_msgs__rosidl_generator_cExport.cmake
[22.371s] -- Up-to-date: /home/agilex/agilex_ws/install/nav_2d_msgs/share/nav_2d_msgs/cmake/export_nav_2d_msgs__rosidl_generator_cExport-noconfig.cmake
[22.373s] -- Up-to-date: /home/agilex/agilex_ws/install/nav_2d_msgs/share/nav_2d_msgs/cmake/export_nav_2d_msgs__rosidl_typesupport_fastrtps_cExport.cmake
[22.373s] -- Up-to-date: /home/agilex/agilex_ws/install/nav_2d_msgs/share/nav_2d_msgs/cmake/export_nav_2d_msgs__rosidl_typesupport_fastrtps_cExport-noconfig.cmake
[22.373s] -- Up-to-date: /home/agilex/agilex_ws/install/nav_2d_msgs/share/nav_2d_msgs/cmake/export_nav_2d_msgs__rosidl_generator_cppExport.cmake
[22.374s] -- Up-to-date: /home/agilex/agilex_ws/install/nav_2d_msgs/share/nav_2d_msgs/cmake/export_nav_2d_msgs__rosidl_typesupport_fastrtps_cppExport.cmake
[22.374s] -- Up-to-date: /home/agilex/agilex_ws/install/nav_2d_msgs/share/nav_2d_msgs/cmake/export_nav_2d_msgs__rosidl_typesupport_fastrtps_cppExport-noconfig.cmake
[22.374s] -- Up-to-date: /home/agilex/agilex_ws/install/nav_2d_msgs/share/nav_2d_msgs/cmake/nav_2d_msgs__rosidl_typesupport_introspection_cExport.cmake
[22.375s] -- Up-to-date: /home/agilex/agilex_ws/install/nav_2d_msgs/share/nav_2d_msgs/cmake/nav_2d_msgs__rosidl_typesupport_introspection_cExport-noconfig.cmake
[22.375s] -- Up-to-date: /home/agilex/agilex_ws/install/nav_2d_msgs/share/nav_2d_msgs/cmake/nav_2d_msgs__rosidl_typesupport_cExport.cmake
[22.375s] -- Up-to-date: /home/agilex/agilex_ws/install/nav_2d_msgs/share/nav_2d_msgs/cmake/nav_2d_msgs__rosidl_typesupport_cExport-noconfig.cmake
[22.375s] -- Up-to-date: /home/agilex/agilex_ws/install/nav_2d_msgs/share/nav_2d_msgs/cmake/nav_2d_msgs__rosidl_typesupport_introspection_cppExport.cmake
[22.375s] -- Up-to-date: /home/agilex/agilex_ws/install/nav_2d_msgs/share/nav_2d_msgs/cmake/nav_2d_msgs__rosidl_typesupport_introspection_cppExport-noconfig.cmake
[22.375s] -- Up-to-date: /home/agilex/agilex_ws/install/nav_2d_msgs/share/nav_2d_msgs/cmake/nav_2d_msgs__rosidl_typesupport_cppExport.cmake
[22.376s] -- Up-to-date: /home/agilex/agilex_ws/install/nav_2d_msgs/share/nav_2d_msgs/cmake/nav_2d_msgs__rosidl_typesupport_cppExport-noconfig.cmake
[22.376s] -- Up-to-date: /home/agilex/agilex_ws/install/nav_2d_msgs/share/nav_2d_msgs/cmake/export_nav_2d_msgs__rosidl_generator_pyExport.cmake
[22.376s] -- Up-to-date: /home/agilex/agilex_ws/install/nav_2d_msgs/share/nav_2d_msgs/cmake/export_nav_2d_msgs__rosidl_generator_pyExport-noconfig.cmake
[22.376s] -- Up-to-date: /home/agilex/agilex_ws/install/nav_2d_msgs/share/nav_2d_msgs/cmake/rosidl_cmake-extras.cmake
[22.376s] -- Up-to-date: /home/agilex/agilex_ws/install/nav_2d_msgs/share/nav_2d_msgs/cmake/ament_cmake_export_dependencies-extras.cmake
[22.376s] -- Up-to-date: /home/agilex/agilex_ws/install/nav_2d_msgs/share/nav_2d_msgs/cmake/ament_cmake_export_include_directories-extras.cmake
[22.376s] -- Up-to-date: /home/agilex/agilex_ws/install/nav_2d_msgs/share/nav_2d_msgs/cmake/ament_cmake_export_libraries-extras.cmake
[22.376s] -- Up-to-date: /home/agilex/agilex_ws/install/nav_2d_msgs/share/nav_2d_msgs/cmake/ament_cmake_export_targets-extras.cmake
[22.377s] -- Up-to-date: /home/agilex/agilex_ws/install/nav_2d_msgs/share/nav_2d_msgs/cmake/rosidl_cmake_export_typesupport_targets-extras.cmake
[22.377s] -- Up-to-date: /home/agilex/agilex_ws/install/nav_2d_msgs/share/nav_2d_msgs/cmake/rosidl_cmake_export_typesupport_libraries-extras.cmake
[22.377s] -- Up-to-date: /home/agilex/agilex_ws/install/nav_2d_msgs/share/nav_2d_msgs/cmake/nav_2d_msgsConfig.cmake
[22.377s] -- Up-to-date: /home/agilex/agilex_ws/install/nav_2d_msgs/share/nav_2d_msgs/cmake/nav_2d_msgsConfig-version.cmake
[22.377s] -- Up-to-date: /home/agilex/agilex_ws/install/nav_2d_msgs/share/nav_2d_msgs/package.xml
[22.379s] Invoked command in '/home/agilex/agilex_ws/build/nav_2d_msgs' returned '0': CMAKE_PREFIX_PATH=${CMAKE_PREFIX_PATH}:/home/agilex/agilex_ws/install/yolov5_ros2:/home/agilex/agilex_ws/install/nav2_simple_commander:/opt/ros/humble /usr/bin/cmake --install /home/agilex/agilex_ws/build/nav_2d_msgs
