[0.010s] Invoking command in '/home/agilex/agilex_ws/build/limo_car': CMAKE_PREFIX_PATH=/opt/ros/humble /usr/bin/cmake /home/agilex/agilex_ws/src/limo_car -DCMAKE_INSTALL_PREFIX=/home/agilex/agilex_ws/install/limo_car
[1.028s] -- The C compiler identification is GNU 11.3.0
[1.028s] -- The CXX compiler identification is GNU 11.3.0
[1.028s] -- Detecting C compiler ABI info
[1.028s] -- Detecting C compiler ABI info - done
[1.028s] -- Check for working C compiler: /usr/bin/cc - skipped
[1.028s] -- Detecting C compile features
[1.028s] -- Detecting C compile features - done
[1.028s] -- Detecting CXX compiler ABI info
[1.029s] -- Detecting CXX compiler ABI info - done
[1.029s] -- Check for working CXX compiler: /usr/bin/c++ - skipped
[1.029s] -- Detecting CXX compile features
[1.029s] -- Detecting CXX compile features - done
[1.029s] -- Found ament_cmake: 1.3.4 (/opt/ros/humble/share/ament_cmake/cmake)
[1.029s] -- Found Python3: /usr/bin/python3.10 (found version "3.10.6") found components: Interpreter 
[1.029s] -- Found ament_lint_auto: 0.12.6 (/opt/ros/humble/share/ament_lint_auto/cmake)
[1.029s] -- Added test 'flake8' to check Python code syntax and style conventions
[1.029s] -- Added test 'lint_cmake' to check CMake code style
[1.029s] -- Added test 'pep257' to check Python code against some of the docstring style conventions in PEP 257
[1.029s] -- Added test 'xmllint' to check XML markup files
[1.029s] -- Configuring done
[1.029s] -- Generating done
[1.029s] -- Build files have been written to: /home/agilex/agilex_ws/build/limo_car
[1.048s] Invoked command in '/home/agilex/agilex_ws/build/limo_car' returned '0': CMAKE_PREFIX_PATH=/opt/ros/humble /usr/bin/cmake /home/agilex/agilex_ws/src/limo_car -DCMAKE_INSTALL_PREFIX=/home/agilex/agilex_ws/install/limo_car
[1.048s] Invoking command in '/home/agilex/agilex_ws/build/limo_car': CMAKE_PREFIX_PATH=/opt/ros/humble /usr/bin/cmake --build /home/agilex/agilex_ws/build/limo_car -- -j8 -l8
[4.277s] Invoked command in '/home/agilex/agilex_ws/build/limo_car' returned '0': CMAKE_PREFIX_PATH=/opt/ros/humble /usr/bin/cmake --build /home/agilex/agilex_ws/build/limo_car -- -j8 -l8
[4.311s] Invoking command in '/home/agilex/agilex_ws/build/limo_car': CMAKE_PREFIX_PATH=/opt/ros/humble /usr/bin/cmake --install /home/agilex/agilex_ws/build/limo_car
[4.316s] -- Install configuration: ""
[4.316s] -- Installing: /home/agilex/agilex_ws/install/limo_car/share/limo_car/launch
[4.317s] -- Installing: /home/agilex/agilex_ws/install/limo_car/share/limo_car/launch/ackermann.launch.py
[4.318s] -- Installing: /home/agilex/agilex_ws/install/limo_car/share/limo_car/launch/display_ackermann.launch.py
[4.318s] -- Installing: /home/agilex/agilex_ws/install/limo_car/share/limo_car/launch/ackermann_gazebo.launch.py
[4.318s] -- Installing: /home/agilex/agilex_ws/install/limo_car/share/limo_car/launch/__pycache__
[4.318s] -- Installing: /home/agilex/agilex_ws/install/limo_car/share/limo_car/launch/__pycache__/ackermann_gazebo.launch.cpython-310.pyc
[4.318s] -- Installing: /home/agilex/agilex_ws/install/limo_car/share/limo_car/launch/__pycache__/ackermann.launch.cpython-310.pyc
[4.318s] -- Installing: /home/agilex/agilex_ws/install/limo_car/share/limo_car/gazebo
[4.318s] -- Installing: /home/agilex/agilex_ws/install/limo_car/share/limo_car/gazebo/ackermann_with_sensor.xacro
[4.318s] -- Installing: /home/agilex/agilex_ws/install/limo_car/share/limo_car/gazebo/sensor.xacro
[4.318s] -- Installing: /home/agilex/agilex_ws/install/limo_car/share/limo_car/gazebo/ackermann.xacro
[4.318s] -- Installing: /home/agilex/agilex_ws/install/limo_car/share/limo_car/log
[4.319s] -- Installing: /home/agilex/agilex_ws/install/limo_car/share/limo_car/log/latest
[4.319s] -- Installing: /home/agilex/agilex_ws/install/limo_car/share/limo_car/log/COLCON_IGNORE
[4.319s] -- Installing: /home/agilex/agilex_ws/install/limo_car/share/limo_car/log/build_2022-12-14_17-02-44
[4.319s] -- Installing: /home/agilex/agilex_ws/install/limo_car/share/limo_car/log/build_2022-12-14_17-02-44/limo_car
[4.319s] -- Installing: /home/agilex/agilex_ws/install/limo_car/share/limo_car/log/build_2022-12-14_17-02-44/limo_car/stdout_stderr.log
[4.319s] -- Installing: /home/agilex/agilex_ws/install/limo_car/share/limo_car/log/build_2022-12-14_17-02-44/limo_car/command.log
[4.319s] -- Installing: /home/agilex/agilex_ws/install/limo_car/share/limo_car/log/build_2022-12-14_17-02-44/limo_car/streams.log
[4.319s] -- Installing: /home/agilex/agilex_ws/install/limo_car/share/limo_car/log/build_2022-12-14_17-02-44/limo_car/stdout.log
[4.320s] -- Installing: /home/agilex/agilex_ws/install/limo_car/share/limo_car/log/build_2022-12-14_17-02-44/limo_car/stderr.log
[4.320s] -- Installing: /home/agilex/agilex_ws/install/limo_car/share/limo_car/log/build_2022-12-14_17-02-44/events.log
[4.320s] -- Installing: /home/agilex/agilex_ws/install/limo_car/share/limo_car/log/build_2022-12-14_17-02-44/logger_all.log
[4.320s] -- Installing: /home/agilex/agilex_ws/install/limo_car/share/limo_car/log/latest_build
[4.320s] -- Installing: /home/agilex/agilex_ws/install/limo_car/share/limo_car/meshes
[4.320s] -- Installing: /home/agilex/agilex_ws/install/limo_car/share/limo_car/meshes/limo_wheel.dae
[4.320s] -- Installing: /home/agilex/agilex_ws/install/limo_car/share/limo_car/meshes/limo_base.stl
[4.320s] -- Installing: /home/agilex/agilex_ws/install/limo_car/share/limo_car/meshes/limo_base.dae
[4.320s] -- Installing: /home/agilex/agilex_ws/install/limo_car/share/limo_car/meshes/limo_wheel.stl
[4.320s] -- Installing: /home/agilex/agilex_ws/install/limo_car/share/limo_car/rviz
[4.320s] -- Installing: /home/agilex/agilex_ws/install/limo_car/share/limo_car/rviz/gazebo.rviz
[4.321s] -- Installing: /home/agilex/agilex_ws/install/limo_car/share/limo_car/rviz/urdf.rviz
[4.321s] -- Installing: /home/agilex/agilex_ws/install/limo_car/share/limo_car/src
[4.321s] -- Installing: /home/agilex/agilex_ws/install/limo_car/share/limo_car/urdf
[4.321s] -- Installing: /home/agilex/agilex_ws/install/limo_car/share/limo_car/urdf/limo_anteil.xacro
[4.321s] -- Installing: /home/agilex/agilex_ws/install/limo_car/share/limo_car/urdf/limo_ackerman_base.xacro
[4.321s] -- Installing: /home/agilex/agilex_ws/install/limo_car/share/limo_car/urdf/limo_steering_hinge.xacro
[4.321s] -- Installing: /home/agilex/agilex_ws/install/limo_car/share/limo_car/worlds
[4.322s] -- Installing: /home/agilex/agilex_ws/install/limo_car/share/limo_car/worlds/empty_world.model
[4.322s] -- Installing: /home/agilex/agilex_ws/install/limo_car/share/ament_index/resource_index/package_run_dependencies/limo_car
[4.322s] -- Installing: /home/agilex/agilex_ws/install/limo_car/share/ament_index/resource_index/parent_prefix_path/limo_car
[4.322s] -- Installing: /home/agilex/agilex_ws/install/limo_car/share/limo_car/environment/ament_prefix_path.sh
[4.322s] -- Installing: /home/agilex/agilex_ws/install/limo_car/share/limo_car/environment/ament_prefix_path.dsv
[4.322s] -- Installing: /home/agilex/agilex_ws/install/limo_car/share/limo_car/environment/path.sh
[4.322s] -- Installing: /home/agilex/agilex_ws/install/limo_car/share/limo_car/environment/path.dsv
[4.322s] -- Installing: /home/agilex/agilex_ws/install/limo_car/share/limo_car/local_setup.bash
[4.322s] -- Installing: /home/agilex/agilex_ws/install/limo_car/share/limo_car/local_setup.sh
[4.322s] -- Installing: /home/agilex/agilex_ws/install/limo_car/share/limo_car/local_setup.zsh
[4.322s] -- Installing: /home/agilex/agilex_ws/install/limo_car/share/limo_car/local_setup.dsv
[4.323s] -- Installing: /home/agilex/agilex_ws/install/limo_car/share/limo_car/package.dsv
[4.323s] -- Installing: /home/agilex/agilex_ws/install/limo_car/share/ament_index/resource_index/packages/limo_car
[4.323s] -- Installing: /home/agilex/agilex_ws/install/limo_car/share/limo_car/cmake/limo_carConfig.cmake
[4.323s] -- Installing: /home/agilex/agilex_ws/install/limo_car/share/limo_car/cmake/limo_carConfig-version.cmake
[4.323s] -- Installing: /home/agilex/agilex_ws/install/limo_car/share/limo_car/package.xml
[4.332s] Invoked command in '/home/agilex/agilex_ws/build/limo_car' returned '0': CMAKE_PREFIX_PATH=/opt/ros/humble /usr/bin/cmake --install /home/agilex/agilex_ws/build/limo_car
