[0.097s] Invoking command in '/home/agilex/agilex_ws/build/astra_camera': CMAKE_PREFIX_PATH=/home/agilex/agilex_ws/install/astra_camera_msgs:/home/agilex/agilex_ws/install/ydlidar_sdk:/home/agilex/agilex_ws/install/ydlidar_ros2_driver:/home/agilex/agilex_ws/install/teb_local_planner:/home/agilex/agilex_ws/install/teb_msgs:/home/agilex/agilex_ws/install/rf2o_laser_odometry:/home/agilex/agilex_ws/install/nav2_system_tests:/home/agilex/agilex_ws/install/nav2_bringup:/home/agilex/agilex_ws/install/navigation2:/home/agilex/agilex_ws/install/nav2_smoother:/home/agilex/agilex_ws/install/nav2_dwb_controller:/home/agilex/agilex_ws/install/limo_bringup:/home/agilex/agilex_ws/install/nav2_controller:/home/agilex/agilex_ws/install/dwb_plugins:/home/agilex/agilex_ws/install/dwb_critics:/home/agilex/agilex_ws/install/dwb_core:/home/agilex/agilex_ws/install/nav_2d_utils:/home/agilex/agilex_ws/install/dwb_msgs:/home/agilex/agilex_ws/install/nav_2d_msgs:/home/agilex/agilex_ws/install/nav2_waypoint_follower:/home/agilex/agilex_ws/install/nav2_theta_star_planner:/home/agilex/agilex_ws/install/nav2_smac_planner:/home/agilex/agilex_ws/install/nav2_rotation_shim_controller:/home/agilex/agilex_ws/install/nav2_regulated_pure_pursuit_controller:/home/agilex/agilex_ws/install/nav2_planner:/home/agilex/agilex_ws/install/nav2_navfn_planner:/home/agilex/agilex_ws/install/nav2_constrained_smoother:/home/agilex/agilex_ws/install/nav2_bt_navigator:/home/agilex/agilex_ws/install/nav2_behaviors:/home/agilex/agilex_ws/install/nav2_core:/home/agilex/agilex_ws/install/costmap_queue:/home/agilex/agilex_ws/install/costmap_converter:/home/agilex/agilex_ws/install/nav2_costmap_2d:/home/agilex/agilex_ws/install/nav2_voxel_grid:/home/agilex/agilex_ws/install/nav2_rviz_plugins:/home/agilex/agilex_ws/install/nav2_map_server:/home/agilex/agilex_ws/install/nav2_lifecycle_manager:/home/agilex/agilex_ws/install/nav2_behavior_tree:/home/agilex/agilex_ws/install/nav2_amcl:/home/agilex/agilex_ws/install/nav2_util:/home/agilex/agilex_ws/install/nav2_msgs:/home/agilex/agilex_ws/install/nav2_common:/home/agilex/agilex_ws/install/magic_enum:/home/agilex/agilex_ws/install/limo_visions:/home/agilex/agilex_ws/install/limo_base:/home/agilex/agilex_ws/install/limo_msgs:/home/agilex/agilex_ws/install/limo_description:/home/agilex/agilex_ws/install/limo_car:/home/agilex/agilex_ws/install/libuvc:/home/agilex/agilex_ws/install/glog:/home/agilex/agilex_ws/install/csm:/home/agilex/agilex_ws/install/costmap_converter_msgs:/home/agilex/agilex_ws/install/astra_camera:/home/agilex/agilex_ws/install/aruco_ros:/home/agilex/agilex_ws/install/aruco_msgs:/home/agilex/agilex_ws/install/aruco:/home/agilex/agilex_ws/install/yolov5_ros2:/home/agilex/agilex_ws/install/nav2_simple_commander:/opt/ros/humble LD_LIBRARY_PATH=/home/agilex/agilex_ws/install/astra_camera_msgs/lib:/home/agilex/agilex_ws/install/teb_local_planner/lib:/home/agilex/agilex_ws/install/teb_msgs/lib:/home/agilex/agilex_ws/install/nav2_smoother/lib:/home/agilex/agilex_ws/install/nav2_controller/lib:/home/agilex/agilex_ws/install/dwb_plugins/lib:/home/agilex/agilex_ws/install/dwb_critics/lib:/home/agilex/agilex_ws/install/dwb_core/lib:/home/agilex/agilex_ws/install/nav_2d_utils/lib:/home/agilex/agilex_ws/install/dwb_msgs/lib:/home/agilex/agilex_ws/install/nav_2d_msgs/lib:/home/agilex/agilex_ws/install/nav2_waypoint_follower/lib:/home/agilex/agilex_ws/install/nav2_theta_star_planner/lib:/home/agilex/agilex_ws/install/nav2_smac_planner/lib:/home/agilex/agilex_ws/install/nav2_rotation_shim_controller/lib:/home/agilex/agilex_ws/install/nav2_regulated_pure_pursuit_controller/lib:/home/agilex/agilex_ws/install/nav2_planner/lib:/home/agilex/agilex_ws/install/nav2_navfn_planner/lib:/home/agilex/agilex_ws/install/nav2_constrained_smoother/lib:/home/agilex/agilex_ws/install/nav2_bt_navigator/lib:/home/agilex/agilex_ws/install/nav2_behaviors/lib:/home/agilex/agilex_ws/install/costmap_queue/lib:/home/agilex/agilex_ws/install/costmap_converter/lib:/home/agilex/agilex_ws/install/nav2_costmap_2d/lib:/home/agilex/agilex_ws/install/nav2_voxel_grid/lib:/home/agilex/agilex_ws/install/nav2_rviz_plugins/lib:/home/agilex/agilex_ws/install/nav2_map_server/lib:/home/agilex/agilex_ws/install/nav2_lifecycle_manager/lib:/home/agilex/agilex_ws/install/nav2_behavior_tree/lib:/home/agilex/agilex_ws/install/nav2_amcl/lib:/home/agilex/agilex_ws/install/nav2_util/lib:/home/agilex/agilex_ws/install/nav2_msgs/lib:/home/agilex/agilex_ws/install/limo_msgs/lib:/home/agilex/agilex_ws/install/libuvc/lib:/home/agilex/agilex_ws/install/glog/lib:/home/agilex/agilex_ws/install/csm/lib:/home/agilex/agilex_ws/install/costmap_converter_msgs/lib:/home/agilex/agilex_ws/install/astra_camera/lib:/home/agilex/agilex_ws/install/aruco_ros/lib:/home/agilex/agilex_ws/install/aruco_msgs/lib:/home/agilex/agilex_ws/install/aruco/lib:/usr/lib/x86_64-linux-gnu/gazebo-11/plugins:/opt/ros/humble/opt/rviz_ogre_vendor/lib:/opt/ros/humble/lib/x86_64-linux-gnu:/opt/ros/humble/lib /usr/bin/cmake --build /home/agilex/agilex_ws/build/astra_camera -- -j8 -l8
[0.134s] -- Found ament_cmake: 1.3.6 (/opt/ros/humble/share/ament_cmake/cmake)
[0.243s] -- Found Python3: /usr/bin/python3.10 (found version "3.10.12") found components: Interpreter 
[0.317s] -- Found ament_index_cpp: 1.4.0 (/opt/ros/humble/share/ament_index_cpp/cmake)
[0.318s] -- Found astra_camera_msgs: 1.0.1 (/home/agilex/agilex_ws/install/astra_camera_msgs/share/astra_camera_msgs/cmake)
[0.344s] -- Found rosidl_generator_c: 3.1.5 (/opt/ros/humble/share/rosidl_generator_c/cmake)
[0.347s] -- Found rosidl_adapter: 3.1.5 (/opt/ros/humble/share/rosidl_adapter/cmake)
[0.353s] -- Found rosidl_generator_cpp: 3.1.5 (/opt/ros/humble/share/rosidl_generator_cpp/cmake)
[0.366s] -- Using all available rosidl_typesupport_c: rosidl_typesupport_fastrtps_c;rosidl_typesupport_introspection_c
[0.384s] -- Using all available rosidl_typesupport_cpp: rosidl_typesupport_fastrtps_cpp;rosidl_typesupport_introspection_cpp
[0.771s] -- Found camera_info_manager: 3.1.7 (/opt/ros/humble/share/camera_info_manager/cmake)
[0.828s] -- Found rmw_implementation_cmake: 6.1.1 (/opt/ros/humble/share/rmw_implementation_cmake/cmake)
[0.831s] -- Found rmw_fastrtps_cpp: 6.2.5 (/opt/ros/humble/share/rmw_fastrtps_cpp/cmake)
[0.956s] -- Using RMW implementation 'rmw_fastrtps_cpp' as default
[1.178s] -- Found class_loader: 2.2.0 (/opt/ros/humble/share/class_loader/cmake)
[1.180s] -- Found cv_bridge: 3.2.1 (/opt/ros/humble/share/cv_bridge/cmake)
[1.201s] -- Found image_geometry: 3.2.1 (/opt/ros/humble/share/image_geometry/cmake)
[1.209s] -- Found image_publisher: 3.0.0 (/opt/ros/humble/share/image_publisher/cmake)
[1.384s] -- Found JPEG library using standard module
[1.390s] -- libusb-1.0 found using pkgconfig
[1.397s] -- Found std_srvs: 4.2.3 (/opt/ros/humble/share/std_srvs/cmake)
[1.415s] -- Found tf2: 0.25.5 (/opt/ros/humble/share/tf2/cmake)
[1.423s] -- Found tf2_eigen: 0.25.5 (/opt/ros/humble/share/tf2_eigen/cmake)
[1.725s] -- Found tf2_sensor_msgs: 0.25.5 (/opt/ros/humble/share/tf2_sensor_msgs/cmake)
[1.754s] -- ORRBEC Machine : x86_64
[1.754s] 
[1.754s] -- ORRBEC Machine Bits : 64
[1.754s] 
[1.754s] -- ORRBEC : x64
[2.042s] -- Found ament_lint_auto: 0.12.9 (/opt/ros/humble/share/ament_lint_auto/cmake)
[2.126s] -- Configuring done
[2.186s] -- Generating done
[2.189s] -- Build files have been written to: /home/agilex/agilex_ws/build/astra_camera
[2.244s] [35m[1mConsolidate compiler generated dependencies of target astra_camera[0m
[2.309s] [  6%] [32mBuilding CXX object CMakeFiles/astra_camera.dir/src/point_cloud_proc/point_cloud_xyz.cpp.o[0m
[7.358s] [ 12%] [32mBuilding CXX object CMakeFiles/astra_camera.dir/src/ob_camera_node_factory.cpp.o[0m
[9.228s] [ 18%] [32mBuilding CXX object CMakeFiles/astra_camera.dir/src/ob_timer_filter.cpp.o[0m
[11.322s] [ 25%] [32mBuilding CXX object CMakeFiles/astra_camera.dir/src/ob_camera_node.cpp.o[0m
[23.230s] [ 31%] [32mBuilding CXX object CMakeFiles/astra_camera.dir/src/ros_service.cpp.o[0m
[36.663s] [ 37%] [32mBuilding CXX object CMakeFiles/astra_camera.dir/src/utils.cpp.o[0m
[36.666s] [ 43%] [32mBuilding CXX object CMakeFiles/astra_camera.dir/src/ros_param_backend.cpp.o[0m
[40.923s] [ 50%] [32mBuilding CXX object CMakeFiles/astra_camera.dir/src/uvc_camera_driver.cpp.o[0m
[53.646s] [ 56%] [32mBuilding CXX object CMakeFiles/astra_camera.dir/src/ob_frame_listener.cpp.o[0m
[57.559s] [ 75%] [32mBuilding CXX object CMakeFiles/astra_camera.dir/src/ob_camera_info.cpp.o[0m
[57.559s] [ 75%] [32mBuilding CXX object CMakeFiles/astra_camera.dir/src/device_listener.cpp.o[0m
[57.559s] [ 75%] [32mBuilding CXX object CMakeFiles/astra_camera.dir/src/dynamic_params.cpp.o[0m
[61.089s] [ 81%] [32mBuilding CXX object CMakeFiles/astra_camera.dir/src/point_cloud_proc/point_cloud_xyzrgb.cpp.o[0m
[75.506s] [ 87%] [32m[1mLinking CXX shared library libastra_camera.so[0m
[77.521s] [ 87%] Built target astra_camera
[77.533s] [35m[1mConsolidate compiler generated dependencies of target list_devices_node[0m
[77.551s] [ 93%] [32mBuilding CXX object CMakeFiles/list_devices_node.dir/src/list_devices_node.cpp.o[0m
[81.824s] [100%] [32m[1mLinking CXX executable list_devices_node[0m
[83.163s] [100%] Built target list_devices_node
[83.181s] Invoked command in '/home/agilex/agilex_ws/build/astra_camera' returned '0': CMAKE_PREFIX_PATH=/home/agilex/agilex_ws/install/astra_camera_msgs:/home/agilex/agilex_ws/install/ydlidar_sdk:/home/agilex/agilex_ws/install/ydlidar_ros2_driver:/home/agilex/agilex_ws/install/teb_local_planner:/home/agilex/agilex_ws/install/teb_msgs:/home/agilex/agilex_ws/install/rf2o_laser_odometry:/home/agilex/agilex_ws/install/nav2_system_tests:/home/agilex/agilex_ws/install/nav2_bringup:/home/agilex/agilex_ws/install/navigation2:/home/agilex/agilex_ws/install/nav2_smoother:/home/agilex/agilex_ws/install/nav2_dwb_controller:/home/agilex/agilex_ws/install/limo_bringup:/home/agilex/agilex_ws/install/nav2_controller:/home/agilex/agilex_ws/install/dwb_plugins:/home/agilex/agilex_ws/install/dwb_critics:/home/agilex/agilex_ws/install/dwb_core:/home/agilex/agilex_ws/install/nav_2d_utils:/home/agilex/agilex_ws/install/dwb_msgs:/home/agilex/agilex_ws/install/nav_2d_msgs:/home/agilex/agilex_ws/install/nav2_waypoint_follower:/home/agilex/agilex_ws/install/nav2_theta_star_planner:/home/agilex/agilex_ws/install/nav2_smac_planner:/home/agilex/agilex_ws/install/nav2_rotation_shim_controller:/home/agilex/agilex_ws/install/nav2_regulated_pure_pursuit_controller:/home/agilex/agilex_ws/install/nav2_planner:/home/agilex/agilex_ws/install/nav2_navfn_planner:/home/agilex/agilex_ws/install/nav2_constrained_smoother:/home/agilex/agilex_ws/install/nav2_bt_navigator:/home/agilex/agilex_ws/install/nav2_behaviors:/home/agilex/agilex_ws/install/nav2_core:/home/agilex/agilex_ws/install/costmap_queue:/home/agilex/agilex_ws/install/costmap_converter:/home/agilex/agilex_ws/install/nav2_costmap_2d:/home/agilex/agilex_ws/install/nav2_voxel_grid:/home/agilex/agilex_ws/install/nav2_rviz_plugins:/home/agilex/agilex_ws/install/nav2_map_server:/home/agilex/agilex_ws/install/nav2_lifecycle_manager:/home/agilex/agilex_ws/install/nav2_behavior_tree:/home/agilex/agilex_ws/install/nav2_amcl:/home/agilex/agilex_ws/install/nav2_util:/home/agilex/agilex_ws/install/nav2_msgs:/home/agilex/agilex_ws/install/nav2_common:/home/agilex/agilex_ws/install/magic_enum:/home/agilex/agilex_ws/install/limo_visions:/home/agilex/agilex_ws/install/limo_base:/home/agilex/agilex_ws/install/limo_msgs:/home/agilex/agilex_ws/install/limo_description:/home/agilex/agilex_ws/install/limo_car:/home/agilex/agilex_ws/install/libuvc:/home/agilex/agilex_ws/install/glog:/home/agilex/agilex_ws/install/csm:/home/agilex/agilex_ws/install/costmap_converter_msgs:/home/agilex/agilex_ws/install/astra_camera:/home/agilex/agilex_ws/install/aruco_ros:/home/agilex/agilex_ws/install/aruco_msgs:/home/agilex/agilex_ws/install/aruco:/home/agilex/agilex_ws/install/yolov5_ros2:/home/agilex/agilex_ws/install/nav2_simple_commander:/opt/ros/humble LD_LIBRARY_PATH=/home/agilex/agilex_ws/install/astra_camera_msgs/lib:/home/agilex/agilex_ws/install/teb_local_planner/lib:/home/agilex/agilex_ws/install/teb_msgs/lib:/home/agilex/agilex_ws/install/nav2_smoother/lib:/home/agilex/agilex_ws/install/nav2_controller/lib:/home/agilex/agilex_ws/install/dwb_plugins/lib:/home/agilex/agilex_ws/install/dwb_critics/lib:/home/agilex/agilex_ws/install/dwb_core/lib:/home/agilex/agilex_ws/install/nav_2d_utils/lib:/home/agilex/agilex_ws/install/dwb_msgs/lib:/home/agilex/agilex_ws/install/nav_2d_msgs/lib:/home/agilex/agilex_ws/install/nav2_waypoint_follower/lib:/home/agilex/agilex_ws/install/nav2_theta_star_planner/lib:/home/agilex/agilex_ws/install/nav2_smac_planner/lib:/home/agilex/agilex_ws/install/nav2_rotation_shim_controller/lib:/home/agilex/agilex_ws/install/nav2_regulated_pure_pursuit_controller/lib:/home/agilex/agilex_ws/install/nav2_planner/lib:/home/agilex/agilex_ws/install/nav2_navfn_planner/lib:/home/agilex/agilex_ws/install/nav2_constrained_smoother/lib:/home/agilex/agilex_ws/install/nav2_bt_navigator/lib:/home/agilex/agilex_ws/install/nav2_behaviors/lib:/home/agilex/agilex_ws/install/costmap_queue/lib:/home/agilex/agilex_ws/install/costmap_converter/lib:/home/agilex/agilex_ws/install/nav2_costmap_2d/lib:/home/agilex/agilex_ws/install/nav2_voxel_grid/lib:/home/agilex/agilex_ws/install/nav2_rviz_plugins/lib:/home/agilex/agilex_ws/install/nav2_map_server/lib:/home/agilex/agilex_ws/install/nav2_lifecycle_manager/lib:/home/agilex/agilex_ws/install/nav2_behavior_tree/lib:/home/agilex/agilex_ws/install/nav2_amcl/lib:/home/agilex/agilex_ws/install/nav2_util/lib:/home/agilex/agilex_ws/install/nav2_msgs/lib:/home/agilex/agilex_ws/install/limo_msgs/lib:/home/agilex/agilex_ws/install/libuvc/lib:/home/agilex/agilex_ws/install/glog/lib:/home/agilex/agilex_ws/install/csm/lib:/home/agilex/agilex_ws/install/costmap_converter_msgs/lib:/home/agilex/agilex_ws/install/astra_camera/lib:/home/agilex/agilex_ws/install/aruco_ros/lib:/home/agilex/agilex_ws/install/aruco_msgs/lib:/home/agilex/agilex_ws/install/aruco/lib:/usr/lib/x86_64-linux-gnu/gazebo-11/plugins:/opt/ros/humble/opt/rviz_ogre_vendor/lib:/opt/ros/humble/lib/x86_64-linux-gnu:/opt/ros/humble/lib /usr/bin/cmake --build /home/agilex/agilex_ws/build/astra_camera -- -j8 -l8
[83.266s] Invoking command in '/home/agilex/agilex_ws/build/astra_camera': CMAKE_PREFIX_PATH=/home/agilex/agilex_ws/install/astra_camera_msgs:/home/agilex/agilex_ws/install/ydlidar_sdk:/home/agilex/agilex_ws/install/ydlidar_ros2_driver:/home/agilex/agilex_ws/install/teb_local_planner:/home/agilex/agilex_ws/install/teb_msgs:/home/agilex/agilex_ws/install/rf2o_laser_odometry:/home/agilex/agilex_ws/install/nav2_system_tests:/home/agilex/agilex_ws/install/nav2_bringup:/home/agilex/agilex_ws/install/navigation2:/home/agilex/agilex_ws/install/nav2_smoother:/home/agilex/agilex_ws/install/nav2_dwb_controller:/home/agilex/agilex_ws/install/limo_bringup:/home/agilex/agilex_ws/install/nav2_controller:/home/agilex/agilex_ws/install/dwb_plugins:/home/agilex/agilex_ws/install/dwb_critics:/home/agilex/agilex_ws/install/dwb_core:/home/agilex/agilex_ws/install/nav_2d_utils:/home/agilex/agilex_ws/install/dwb_msgs:/home/agilex/agilex_ws/install/nav_2d_msgs:/home/agilex/agilex_ws/install/nav2_waypoint_follower:/home/agilex/agilex_ws/install/nav2_theta_star_planner:/home/agilex/agilex_ws/install/nav2_smac_planner:/home/agilex/agilex_ws/install/nav2_rotation_shim_controller:/home/agilex/agilex_ws/install/nav2_regulated_pure_pursuit_controller:/home/agilex/agilex_ws/install/nav2_planner:/home/agilex/agilex_ws/install/nav2_navfn_planner:/home/agilex/agilex_ws/install/nav2_constrained_smoother:/home/agilex/agilex_ws/install/nav2_bt_navigator:/home/agilex/agilex_ws/install/nav2_behaviors:/home/agilex/agilex_ws/install/nav2_core:/home/agilex/agilex_ws/install/costmap_queue:/home/agilex/agilex_ws/install/costmap_converter:/home/agilex/agilex_ws/install/nav2_costmap_2d:/home/agilex/agilex_ws/install/nav2_voxel_grid:/home/agilex/agilex_ws/install/nav2_rviz_plugins:/home/agilex/agilex_ws/install/nav2_map_server:/home/agilex/agilex_ws/install/nav2_lifecycle_manager:/home/agilex/agilex_ws/install/nav2_behavior_tree:/home/agilex/agilex_ws/install/nav2_amcl:/home/agilex/agilex_ws/install/nav2_util:/home/agilex/agilex_ws/install/nav2_msgs:/home/agilex/agilex_ws/install/nav2_common:/home/agilex/agilex_ws/install/magic_enum:/home/agilex/agilex_ws/install/limo_visions:/home/agilex/agilex_ws/install/limo_base:/home/agilex/agilex_ws/install/limo_msgs:/home/agilex/agilex_ws/install/limo_description:/home/agilex/agilex_ws/install/limo_car:/home/agilex/agilex_ws/install/libuvc:/home/agilex/agilex_ws/install/glog:/home/agilex/agilex_ws/install/csm:/home/agilex/agilex_ws/install/costmap_converter_msgs:/home/agilex/agilex_ws/install/astra_camera:/home/agilex/agilex_ws/install/aruco_ros:/home/agilex/agilex_ws/install/aruco_msgs:/home/agilex/agilex_ws/install/aruco:/home/agilex/agilex_ws/install/yolov5_ros2:/home/agilex/agilex_ws/install/nav2_simple_commander:/opt/ros/humble LD_LIBRARY_PATH=/home/agilex/agilex_ws/install/astra_camera_msgs/lib:/home/agilex/agilex_ws/install/teb_local_planner/lib:/home/agilex/agilex_ws/install/teb_msgs/lib:/home/agilex/agilex_ws/install/nav2_smoother/lib:/home/agilex/agilex_ws/install/nav2_controller/lib:/home/agilex/agilex_ws/install/dwb_plugins/lib:/home/agilex/agilex_ws/install/dwb_critics/lib:/home/agilex/agilex_ws/install/dwb_core/lib:/home/agilex/agilex_ws/install/nav_2d_utils/lib:/home/agilex/agilex_ws/install/dwb_msgs/lib:/home/agilex/agilex_ws/install/nav_2d_msgs/lib:/home/agilex/agilex_ws/install/nav2_waypoint_follower/lib:/home/agilex/agilex_ws/install/nav2_theta_star_planner/lib:/home/agilex/agilex_ws/install/nav2_smac_planner/lib:/home/agilex/agilex_ws/install/nav2_rotation_shim_controller/lib:/home/agilex/agilex_ws/install/nav2_regulated_pure_pursuit_controller/lib:/home/agilex/agilex_ws/install/nav2_planner/lib:/home/agilex/agilex_ws/install/nav2_navfn_planner/lib:/home/agilex/agilex_ws/install/nav2_constrained_smoother/lib:/home/agilex/agilex_ws/install/nav2_bt_navigator/lib:/home/agilex/agilex_ws/install/nav2_behaviors/lib:/home/agilex/agilex_ws/install/costmap_queue/lib:/home/agilex/agilex_ws/install/costmap_converter/lib:/home/agilex/agilex_ws/install/nav2_costmap_2d/lib:/home/agilex/agilex_ws/install/nav2_voxel_grid/lib:/home/agilex/agilex_ws/install/nav2_rviz_plugins/lib:/home/agilex/agilex_ws/install/nav2_map_server/lib:/home/agilex/agilex_ws/install/nav2_lifecycle_manager/lib:/home/agilex/agilex_ws/install/nav2_behavior_tree/lib:/home/agilex/agilex_ws/install/nav2_amcl/lib:/home/agilex/agilex_ws/install/nav2_util/lib:/home/agilex/agilex_ws/install/nav2_msgs/lib:/home/agilex/agilex_ws/install/limo_msgs/lib:/home/agilex/agilex_ws/install/libuvc/lib:/home/agilex/agilex_ws/install/glog/lib:/home/agilex/agilex_ws/install/csm/lib:/home/agilex/agilex_ws/install/costmap_converter_msgs/lib:/home/agilex/agilex_ws/install/astra_camera/lib:/home/agilex/agilex_ws/install/aruco_ros/lib:/home/agilex/agilex_ws/install/aruco_msgs/lib:/home/agilex/agilex_ws/install/aruco/lib:/usr/lib/x86_64-linux-gnu/gazebo-11/plugins:/opt/ros/humble/opt/rviz_ogre_vendor/lib:/opt/ros/humble/lib/x86_64-linux-gnu:/opt/ros/humble/lib /usr/bin/cmake --install /home/agilex/agilex_ws/build/astra_camera
[83.275s] -- Install configuration: "Debug"
[83.277s] -- Installing: /home/agilex/agilex_ws/install/astra_camera/lib/libastra_camera.so
[83.306s] -- Set runtime path of "/home/agilex/agilex_ws/install/astra_camera/lib/libastra_camera.so" to ""
[83.306s] -- Up-to-date: /home/agilex/agilex_ws/install/astra_camera/lib/libOpenNI2.so
[83.307s] -- Up-to-date: /home/agilex/agilex_ws/install/astra_camera/lib//OpenNI2
[83.307s] -- Up-to-date: /home/agilex/agilex_ws/install/astra_camera/lib//OpenNI2/Drivers
[83.307s] -- Up-to-date: /home/agilex/agilex_ws/install/astra_camera/lib//OpenNI2/Drivers/libOniFile.so
[83.307s] -- Up-to-date: /home/agilex/agilex_ws/install/astra_camera/lib//OpenNI2/Drivers/orbbec.ini
[83.307s] -- Up-to-date: /home/agilex/agilex_ws/install/astra_camera/lib//OpenNI2/Drivers/OniFile.ini
[83.307s] -- Up-to-date: /home/agilex/agilex_ws/install/astra_camera/lib//OpenNI2/Drivers/liborbbec.so
[83.307s] -- Installing: /home/agilex/agilex_ws/install/astra_camera/lib/astra_camera/list_devices_node
[83.309s] -- Set runtime path of "/home/agilex/agilex_ws/install/astra_camera/lib/astra_camera/list_devices_node" to ""
[83.310s] -- Up-to-date: /home/agilex/agilex_ws/install/astra_camera/include
[83.310s] -- Up-to-date: /home/agilex/agilex_ws/install/astra_camera/include/openni2
[83.310s] -- Up-to-date: /home/agilex/agilex_ws/install/astra_camera/include/openni2/Android-Arm
[83.310s] -- Up-to-date: /home/agilex/agilex_ws/install/astra_camera/include/openni2/Android-Arm/OniPlatformAndroid-Arm.h
[83.310s] -- Up-to-date: /home/agilex/agilex_ws/install/astra_camera/include/openni2/Driver
[83.311s] -- Up-to-date: /home/agilex/agilex_ws/install/astra_camera/include/openni2/Driver/OniDriverAPI.h
[83.311s] -- Up-to-date: /home/agilex/agilex_ws/install/astra_camera/include/openni2/Driver/OniDriverTypes.h
[83.311s] -- Up-to-date: /home/agilex/agilex_ws/install/astra_camera/include/openni2/Linux-x86
[83.311s] -- Up-to-date: /home/agilex/agilex_ws/install/astra_camera/include/openni2/Linux-x86/OniPlatformLinux-x86.h
[83.311s] -- Up-to-date: /home/agilex/agilex_ws/install/astra_camera/include/openni2/openni2_redist
[83.311s] -- Up-to-date: /home/agilex/agilex_ws/install/astra_camera/include/openni2/openni2_redist/x64
[83.311s] -- Up-to-date: /home/agilex/agilex_ws/install/astra_camera/include/openni2/openni2_redist/x64/libOpenNI2.so
[83.311s] -- Up-to-date: /home/agilex/agilex_ws/install/astra_camera/include/openni2/openni2_redist/x64/OpenNI2
[83.311s] -- Up-to-date: /home/agilex/agilex_ws/install/astra_camera/include/openni2/openni2_redist/x64/OpenNI2/Drivers
[83.312s] -- Up-to-date: /home/agilex/agilex_ws/install/astra_camera/include/openni2/openni2_redist/x64/OpenNI2/Drivers/libOniFile.so
[83.312s] -- Up-to-date: /home/agilex/agilex_ws/install/astra_camera/include/openni2/openni2_redist/x64/OpenNI2/Drivers/orbbec.ini
[83.312s] -- Up-to-date: /home/agilex/agilex_ws/install/astra_camera/include/openni2/openni2_redist/x64/OpenNI2/Drivers/OniFile.ini
[83.312s] -- Up-to-date: /home/agilex/agilex_ws/install/astra_camera/include/openni2/openni2_redist/x64/OpenNI2/Drivers/liborbbec.so
[83.312s] -- Up-to-date: /home/agilex/agilex_ws/install/astra_camera/include/openni2/openni2_redist/x64/OpenNI.ini
[83.312s] -- Up-to-date: /home/agilex/agilex_ws/install/astra_camera/include/openni2/openni2_redist/arm64
[83.312s] -- Up-to-date: /home/agilex/agilex_ws/install/astra_camera/include/openni2/openni2_redist/arm64/SimpleRead
[83.312s] -- Up-to-date: /home/agilex/agilex_ws/install/astra_camera/include/openni2/openni2_redist/arm64/libOpenNI2.so
[83.312s] -- Up-to-date: /home/agilex/agilex_ws/install/astra_camera/include/openni2/openni2_redist/arm64/OpenNI2
[83.312s] -- Up-to-date: /home/agilex/agilex_ws/install/astra_camera/include/openni2/openni2_redist/arm64/OpenNI2/Drivers
[83.312s] -- Up-to-date: /home/agilex/agilex_ws/install/astra_camera/include/openni2/openni2_redist/arm64/OpenNI2/Drivers/libOniFile.so
[83.312s] -- Up-to-date: /home/agilex/agilex_ws/install/astra_camera/include/openni2/openni2_redist/arm64/OpenNI2/Drivers/orbbec.ini
[83.313s] -- Up-to-date: /home/agilex/agilex_ws/install/astra_camera/include/openni2/openni2_redist/arm64/OpenNI2/Drivers/OniFile.ini
[83.313s] -- Up-to-date: /home/agilex/agilex_ws/install/astra_camera/include/openni2/openni2_redist/arm64/OpenNI2/Drivers/liborbbec.so
[83.313s] -- Up-to-date: /home/agilex/agilex_ws/install/astra_camera/include/openni2/openni2_redist/arm64/OpenNI.ini
[83.313s] -- Up-to-date: /home/agilex/agilex_ws/install/astra_camera/include/openni2/openni2_redist/arm64/libDepthUtils.a
[83.313s] -- Up-to-date: /home/agilex/agilex_ws/install/astra_camera/include/openni2/openni2_redist/arm64/PS1080Console
[83.313s] -- Up-to-date: /home/agilex/agilex_ws/install/astra_camera/include/openni2/openni2_redist/arm64/NiViewer
[83.313s] -- Up-to-date: /home/agilex/agilex_ws/install/astra_camera/include/openni2/openni2_redist/arm
[83.313s] -- Up-to-date: /home/agilex/agilex_ws/install/astra_camera/include/openni2/openni2_redist/arm/SimpleRead
[83.313s] -- Up-to-date: /home/agilex/agilex_ws/install/astra_camera/include/openni2/openni2_redist/arm/libOpenNI2.so
[83.313s] -- Up-to-date: /home/agilex/agilex_ws/install/astra_camera/include/openni2/openni2_redist/arm/OpenNI2
[83.313s] -- Up-to-date: /home/agilex/agilex_ws/install/astra_camera/include/openni2/openni2_redist/arm/OpenNI2/Drivers
[83.313s] -- Up-to-date: /home/agilex/agilex_ws/install/astra_camera/include/openni2/openni2_redist/arm/OpenNI2/Drivers/libOniFile.so
[83.314s] -- Up-to-date: /home/agilex/agilex_ws/install/astra_camera/include/openni2/openni2_redist/arm/OpenNI2/Drivers/orbbec.ini
[83.314s] -- Up-to-date: /home/agilex/agilex_ws/install/astra_camera/include/openni2/openni2_redist/arm/OpenNI2/Drivers/OniFile.ini
[83.314s] -- Up-to-date: /home/agilex/agilex_ws/install/astra_camera/include/openni2/openni2_redist/arm/OpenNI2/Drivers/liborbbec.so
[83.314s] -- Up-to-date: /home/agilex/agilex_ws/install/astra_camera/include/openni2/openni2_redist/arm/OpenNI.ini
[83.314s] -- Up-to-date: /home/agilex/agilex_ws/install/astra_camera/include/openni2/openni2_redist/arm/libDepthUtils.a
[83.314s] -- Up-to-date: /home/agilex/agilex_ws/install/astra_camera/include/openni2/openni2_redist/arm/PS1080Console
[83.314s] -- Up-to-date: /home/agilex/agilex_ws/install/astra_camera/include/openni2/openni2_redist/arm/NiViewer
[83.314s] -- Up-to-date: /home/agilex/agilex_ws/install/astra_camera/include/openni2/Win32
[83.314s] -- Up-to-date: /home/agilex/agilex_ws/install/astra_camera/include/openni2/Win32/OniPlatformWin32.h
[83.314s] -- Up-to-date: /home/agilex/agilex_ws/install/astra_camera/include/openni2/MacOSX
[83.314s] -- Up-to-date: /home/agilex/agilex_ws/install/astra_camera/include/openni2/MacOSX/OniPlatformMacOSX.h
[83.314s] -- Up-to-date: /home/agilex/agilex_ws/install/astra_camera/include/openni2/Linux-Arm
[83.315s] -- Up-to-date: /home/agilex/agilex_ws/install/astra_camera/include/openni2/Linux-Arm/OniPlatformLinux-Arm.h
[83.315s] -- Up-to-date: /home/agilex/agilex_ws/install/astra_camera/include/openni2/KinectProperties.h
[83.315s] -- Up-to-date: /home/agilex/agilex_ws/install/astra_camera/include/openni2/OniCAPI.h
[83.315s] -- Up-to-date: /home/agilex/agilex_ws/install/astra_camera/include/openni2/OniCEnums.h
[83.315s] -- Up-to-date: /home/agilex/agilex_ws/install/astra_camera/include/openni2/OniCProperties.h
[83.315s] -- Up-to-date: /home/agilex/agilex_ws/install/astra_camera/include/openni2/OniCTypes.h
[83.315s] -- Up-to-date: /home/agilex/agilex_ws/install/astra_camera/include/openni2/OniEnums.h
[83.315s] -- Up-to-date: /home/agilex/agilex_ws/install/astra_camera/include/openni2/OniPlatform.h
[83.315s] -- Up-to-date: /home/agilex/agilex_ws/install/astra_camera/include/openni2/OniProperties.h
[83.315s] -- Up-to-date: /home/agilex/agilex_ws/install/astra_camera/include/openni2/OniTest.h
[83.315s] -- Up-to-date: /home/agilex/agilex_ws/install/astra_camera/include/openni2/OniVersion.h
[83.315s] -- Up-to-date: /home/agilex/agilex_ws/install/astra_camera/include/openni2/OpenNI.h
[83.316s] -- Up-to-date: /home/agilex/agilex_ws/install/astra_camera/include/openni2/PS1080.h
[83.316s] -- Up-to-date: /home/agilex/agilex_ws/install/astra_camera/include/openni2/PSLink.h
[83.316s] -- Up-to-date: /home/agilex/agilex_ws/install/astra_camera/include/openni2/PrimeSense.h
[83.316s] -- Up-to-date: /home/agilex/agilex_ws/install/astra_camera/include/openni2/SonixCamera.h
[83.317s] -- Up-to-date: /home/agilex/agilex_ws/install/astra_camera/include/openni2/util.h
[83.317s] -- Up-to-date: /home/agilex/agilex_ws/install/astra_camera/include/astra_camera
[83.317s] -- Up-to-date: /home/agilex/agilex_ws/install/astra_camera/include/astra_camera/point_cloud_proc
[83.317s] -- Up-to-date: /home/agilex/agilex_ws/install/astra_camera/include/astra_camera/point_cloud_proc/depth_traits.h
[83.317s] -- Up-to-date: /home/agilex/agilex_ws/install/astra_camera/include/astra_camera/point_cloud_proc/point_cloud_xyz.h
[83.318s] -- Up-to-date: /home/agilex/agilex_ws/install/astra_camera/include/astra_camera/point_cloud_proc/point_cloud_xyzrgb.h
[83.318s] -- Up-to-date: /home/agilex/agilex_ws/install/astra_camera/include/astra_camera/constants.h
[83.318s] -- Up-to-date: /home/agilex/agilex_ws/install/astra_camera/include/astra_camera/device_listener.h
[83.318s] -- Up-to-date: /home/agilex/agilex_ws/install/astra_camera/include/astra_camera/dynamic_params.h
[83.318s] -- Up-to-date: /home/agilex/agilex_ws/install/astra_camera/include/astra_camera/ob_camera_node.h
[83.319s] -- Up-to-date: /home/agilex/agilex_ws/install/astra_camera/include/astra_camera/ob_camera_node_factory.h
[83.319s] -- Up-to-date: /home/agilex/agilex_ws/install/astra_camera/include/astra_camera/ob_frame_listener.h
[83.319s] -- Up-to-date: /home/agilex/agilex_ws/install/astra_camera/include/astra_camera/ob_timer_filter.h
[83.319s] -- Up-to-date: /home/agilex/agilex_ws/install/astra_camera/include/astra_camera/ros_param_backend.h
[83.319s] -- Up-to-date: /home/agilex/agilex_ws/install/astra_camera/include/astra_camera/types.h
[83.320s] -- Up-to-date: /home/agilex/agilex_ws/install/astra_camera/include/astra_camera/utils.h
[83.320s] -- Up-to-date: /home/agilex/agilex_ws/install/astra_camera/include/astra_camera/uvc_camera_driver.h
[83.320s] -- Up-to-date: /home/agilex/agilex_ws/install/astra_camera/share/astra_camera//launch
[83.320s] -- Up-to-date: /home/agilex/agilex_ws/install/astra_camera/share/astra_camera//launch/.gitkeep
[83.320s] -- Up-to-date: /home/agilex/agilex_ws/install/astra_camera/share/astra_camera//launch/__pycache__
[83.320s] -- Up-to-date: /home/agilex/agilex_ws/install/astra_camera/share/astra_camera//launch/__pycache__/dabai.launch.cpython-310.pyc
[83.321s] -- Up-to-date: /home/agilex/agilex_ws/install/astra_camera/share/astra_camera//launch/__pycache__/astra_mini.launch.cpython-310.pyc
[83.321s] -- Up-to-date: /home/agilex/agilex_ws/install/astra_camera/share/astra_camera//launch/astra_mini.launch.py
[83.321s] -- Up-to-date: /home/agilex/agilex_ws/install/astra_camera/share/astra_camera//launch/dabai.launch.py
[83.321s] -- Up-to-date: /home/agilex/agilex_ws/install/astra_camera/share/astra_camera//launch/dabai_dcw.launch.py
[83.321s] -- Up-to-date: /home/agilex/agilex_ws/install/astra_camera/share/astra_camera//launch/dabai_dw.launch.py
[83.321s] -- Up-to-date: /home/agilex/agilex_ws/install/astra_camera/share/astra_camera//launch/dabai_pro.launch.py
[83.321s] -- Up-to-date: /home/agilex/agilex_ws/install/astra_camera/share/astra_camera//launch/multi_astra_mini.launch.py
[83.322s] -- Up-to-date: /home/agilex/agilex_ws/install/astra_camera/share/astra_camera//launch/multi_dabai.launch.py
[83.322s] -- Up-to-date: /home/agilex/agilex_ws/install/astra_camera/share/astra_camera//launch/multi_dabai_dcw.launch.py
[83.322s] -- Up-to-date: /home/agilex/agilex_ws/install/astra_camera/share/astra_camera//launch/multi_dabai_dw.launch.py
[83.322s] -- Up-to-date: /home/agilex/agilex_ws/install/astra_camera/share/astra_camera//launch/multi_dabai_pro.launch.py
[83.322s] -- Up-to-date: /home/agilex/agilex_ws/install/astra_camera/share/astra_camera//config
[83.322s] -- Up-to-date: /home/agilex/agilex_ws/install/astra_camera/share/astra_camera//config/.gitkeep
[83.322s] -- Up-to-date: /home/agilex/agilex_ws/install/astra_camera/share/astra_camera//params
[83.323s] -- Up-to-date: /home/agilex/agilex_ws/install/astra_camera/share/astra_camera//params/dabai_pro_params.yaml
[83.323s] -- Up-to-date: /home/agilex/agilex_ws/install/astra_camera/share/astra_camera//params/.gitkeep
[83.323s] -- Up-to-date: /home/agilex/agilex_ws/install/astra_camera/share/astra_camera//params/camera_params_template.yaml
[83.323s] -- Up-to-date: /home/agilex/agilex_ws/install/astra_camera/share/astra_camera//params/dabai_dcw_params.yaml
[83.323s] -- Up-to-date: /home/agilex/agilex_ws/install/astra_camera/share/astra_camera//params/dabai_dw_params.yaml
[83.323s] -- Up-to-date: /home/agilex/agilex_ws/install/astra_camera/share/astra_camera//params/dabai_params.yaml
[83.323s] -- Up-to-date: /home/agilex/agilex_ws/install/astra_camera/share/astra_camera//params/astra_mini_params.yaml
[83.323s] -- Up-to-date: /home/agilex/agilex_ws/install/astra_camera/share/astra_camera//rviz
[83.324s] -- Up-to-date: /home/agilex/agilex_ws/install/astra_camera/share/astra_camera//rviz/.gitkeep
[83.324s] -- Up-to-date: /home/agilex/agilex_ws/install/astra_camera/share/astra_camera//rviz/multi_camera.rviz
[83.324s] -- Up-to-date: /home/agilex/agilex_ws/install/astra_camera/share/astra_camera//rviz/pointcloud.rviz
[83.324s] -- Up-to-date: /home/agilex/agilex_ws/install/astra_camera/share/astra_camera/environment/library_path.sh
[83.324s] -- Installing: /home/agilex/agilex_ws/install/astra_camera/share/astra_camera/environment/library_path.dsv
[83.324s] -- Up-to-date: /home/agilex/agilex_ws/install/astra_camera/share/ament_index/resource_index/package_run_dependencies/astra_camera
[83.324s] -- Installing: /home/agilex/agilex_ws/install/astra_camera/share/ament_index/resource_index/parent_prefix_path/astra_camera
[83.325s] -- Installing: /home/agilex/agilex_ws/install/astra_camera/share/astra_camera/environment/ament_prefix_path.sh
[83.325s] -- Installing: /home/agilex/agilex_ws/install/astra_camera/share/astra_camera/environment/ament_prefix_path.dsv
[83.325s] -- Installing: /home/agilex/agilex_ws/install/astra_camera/share/astra_camera/environment/path.sh
[83.325s] -- Installing: /home/agilex/agilex_ws/install/astra_camera/share/astra_camera/environment/path.dsv
[83.325s] -- Up-to-date: /home/agilex/agilex_ws/install/astra_camera/share/astra_camera/local_setup.bash
[83.325s] -- Up-to-date: /home/agilex/agilex_ws/install/astra_camera/share/astra_camera/local_setup.sh
[83.325s] -- Up-to-date: /home/agilex/agilex_ws/install/astra_camera/share/astra_camera/local_setup.zsh
[83.326s] -- Installing: /home/agilex/agilex_ws/install/astra_camera/share/astra_camera/local_setup.dsv
[83.326s] -- Installing: /home/agilex/agilex_ws/install/astra_camera/share/astra_camera/package.dsv
[83.326s] -- Up-to-date: /home/agilex/agilex_ws/install/astra_camera/share/ament_index/resource_index/packages/astra_camera
[83.326s] -- Up-to-date: /home/agilex/agilex_ws/install/astra_camera/share/ament_index/resource_index/rclcpp_components/astra_camera
[83.326s] -- Up-to-date: /home/agilex/agilex_ws/install/astra_camera/share/astra_camera/cmake/ament_cmake_export_include_directories-extras.cmake
[83.326s] -- Up-to-date: /home/agilex/agilex_ws/install/astra_camera/share/astra_camera/cmake/ament_cmake_export_libraries-extras.cmake
[83.326s] -- Up-to-date: /home/agilex/agilex_ws/install/astra_camera/share/astra_camera/cmake/ament_cmake_export_dependencies-extras.cmake
[83.327s] -- Up-to-date: /home/agilex/agilex_ws/install/astra_camera/share/astra_camera/cmake/astra_cameraConfig.cmake
[83.327s] -- Up-to-date: /home/agilex/agilex_ws/install/astra_camera/share/astra_camera/cmake/astra_cameraConfig-version.cmake
[83.327s] -- Up-to-date: /home/agilex/agilex_ws/install/astra_camera/share/astra_camera/package.xml
[83.327s] Invoked command in '/home/agilex/agilex_ws/build/astra_camera' returned '0': CMAKE_PREFIX_PATH=/home/agilex/agilex_ws/install/astra_camera_msgs:/home/agilex/agilex_ws/install/ydlidar_sdk:/home/agilex/agilex_ws/install/ydlidar_ros2_driver:/home/agilex/agilex_ws/install/teb_local_planner:/home/agilex/agilex_ws/install/teb_msgs:/home/agilex/agilex_ws/install/rf2o_laser_odometry:/home/agilex/agilex_ws/install/nav2_system_tests:/home/agilex/agilex_ws/install/nav2_bringup:/home/agilex/agilex_ws/install/navigation2:/home/agilex/agilex_ws/install/nav2_smoother:/home/agilex/agilex_ws/install/nav2_dwb_controller:/home/agilex/agilex_ws/install/limo_bringup:/home/agilex/agilex_ws/install/nav2_controller:/home/agilex/agilex_ws/install/dwb_plugins:/home/agilex/agilex_ws/install/dwb_critics:/home/agilex/agilex_ws/install/dwb_core:/home/agilex/agilex_ws/install/nav_2d_utils:/home/agilex/agilex_ws/install/dwb_msgs:/home/agilex/agilex_ws/install/nav_2d_msgs:/home/agilex/agilex_ws/install/nav2_waypoint_follower:/home/agilex/agilex_ws/install/nav2_theta_star_planner:/home/agilex/agilex_ws/install/nav2_smac_planner:/home/agilex/agilex_ws/install/nav2_rotation_shim_controller:/home/agilex/agilex_ws/install/nav2_regulated_pure_pursuit_controller:/home/agilex/agilex_ws/install/nav2_planner:/home/agilex/agilex_ws/install/nav2_navfn_planner:/home/agilex/agilex_ws/install/nav2_constrained_smoother:/home/agilex/agilex_ws/install/nav2_bt_navigator:/home/agilex/agilex_ws/install/nav2_behaviors:/home/agilex/agilex_ws/install/nav2_core:/home/agilex/agilex_ws/install/costmap_queue:/home/agilex/agilex_ws/install/costmap_converter:/home/agilex/agilex_ws/install/nav2_costmap_2d:/home/agilex/agilex_ws/install/nav2_voxel_grid:/home/agilex/agilex_ws/install/nav2_rviz_plugins:/home/agilex/agilex_ws/install/nav2_map_server:/home/agilex/agilex_ws/install/nav2_lifecycle_manager:/home/agilex/agilex_ws/install/nav2_behavior_tree:/home/agilex/agilex_ws/install/nav2_amcl:/home/agilex/agilex_ws/install/nav2_util:/home/agilex/agilex_ws/install/nav2_msgs:/home/agilex/agilex_ws/install/nav2_common:/home/agilex/agilex_ws/install/magic_enum:/home/agilex/agilex_ws/install/limo_visions:/home/agilex/agilex_ws/install/limo_base:/home/agilex/agilex_ws/install/limo_msgs:/home/agilex/agilex_ws/install/limo_description:/home/agilex/agilex_ws/install/limo_car:/home/agilex/agilex_ws/install/libuvc:/home/agilex/agilex_ws/install/glog:/home/agilex/agilex_ws/install/csm:/home/agilex/agilex_ws/install/costmap_converter_msgs:/home/agilex/agilex_ws/install/astra_camera:/home/agilex/agilex_ws/install/aruco_ros:/home/agilex/agilex_ws/install/aruco_msgs:/home/agilex/agilex_ws/install/aruco:/home/agilex/agilex_ws/install/yolov5_ros2:/home/agilex/agilex_ws/install/nav2_simple_commander:/opt/ros/humble LD_LIBRARY_PATH=/home/agilex/agilex_ws/install/astra_camera_msgs/lib:/home/agilex/agilex_ws/install/teb_local_planner/lib:/home/agilex/agilex_ws/install/teb_msgs/lib:/home/agilex/agilex_ws/install/nav2_smoother/lib:/home/agilex/agilex_ws/install/nav2_controller/lib:/home/agilex/agilex_ws/install/dwb_plugins/lib:/home/agilex/agilex_ws/install/dwb_critics/lib:/home/agilex/agilex_ws/install/dwb_core/lib:/home/agilex/agilex_ws/install/nav_2d_utils/lib:/home/agilex/agilex_ws/install/dwb_msgs/lib:/home/agilex/agilex_ws/install/nav_2d_msgs/lib:/home/agilex/agilex_ws/install/nav2_waypoint_follower/lib:/home/agilex/agilex_ws/install/nav2_theta_star_planner/lib:/home/agilex/agilex_ws/install/nav2_smac_planner/lib:/home/agilex/agilex_ws/install/nav2_rotation_shim_controller/lib:/home/agilex/agilex_ws/install/nav2_regulated_pure_pursuit_controller/lib:/home/agilex/agilex_ws/install/nav2_planner/lib:/home/agilex/agilex_ws/install/nav2_navfn_planner/lib:/home/agilex/agilex_ws/install/nav2_constrained_smoother/lib:/home/agilex/agilex_ws/install/nav2_bt_navigator/lib:/home/agilex/agilex_ws/install/nav2_behaviors/lib:/home/agilex/agilex_ws/install/costmap_queue/lib:/home/agilex/agilex_ws/install/costmap_converter/lib:/home/agilex/agilex_ws/install/nav2_costmap_2d/lib:/home/agilex/agilex_ws/install/nav2_voxel_grid/lib:/home/agilex/agilex_ws/install/nav2_rviz_plugins/lib:/home/agilex/agilex_ws/install/nav2_map_server/lib:/home/agilex/agilex_ws/install/nav2_lifecycle_manager/lib:/home/agilex/agilex_ws/install/nav2_behavior_tree/lib:/home/agilex/agilex_ws/install/nav2_amcl/lib:/home/agilex/agilex_ws/install/nav2_util/lib:/home/agilex/agilex_ws/install/nav2_msgs/lib:/home/agilex/agilex_ws/install/limo_msgs/lib:/home/agilex/agilex_ws/install/libuvc/lib:/home/agilex/agilex_ws/install/glog/lib:/home/agilex/agilex_ws/install/csm/lib:/home/agilex/agilex_ws/install/costmap_converter_msgs/lib:/home/agilex/agilex_ws/install/astra_camera/lib:/home/agilex/agilex_ws/install/aruco_ros/lib:/home/agilex/agilex_ws/install/aruco_msgs/lib:/home/agilex/agilex_ws/install/aruco/lib:/usr/lib/x86_64-linux-gnu/gazebo-11/plugins:/opt/ros/humble/opt/rviz_ogre_vendor/lib:/opt/ros/humble/lib/x86_64-linux-gnu:/opt/ros/humble/lib /usr/bin/cmake --install /home/agilex/agilex_ws/build/astra_camera
