[35m[1mConsolidate compiler generated dependencies of target glogbase[0m
[ 25%] Built target glogbase
[ 28%] Built target glogtest
[ 31%] Built target glog
[35m[1mConsolidate compiler generated dependencies of target stl_logging_unittest[0m
[35m[1mConsolidate compiler generated dependencies of target logging_custom_prefix_unittest[0m
[35m[1mConsolidate compiler generated dependencies of target logging_unittest[0m
[35m[1mConsolidate compiler generated dependencies of target symbolize_unittest[0m
[35m[1mConsolidate compiler generated dependencies of target demangle_unittest[0m
[35m[1mConsolidate compiler generated dependencies of target stacktrace_unittest[0m
[35m[1mConsolidate compiler generated dependencies of target signalhandler_unittest[0m
[ 50%] Built target logging_custom_prefix_unittest
[ 50%] Built target logging_unittest
[35m[1mConsolidate compiler generated dependencies of target utilities_unittest[0m
[ 56%] Built target symbolize_unittest
[ 50%] Built target stacktrace_unittest
[ 62%] Built target demangle_unittest
[ 68%] Built target stl_logging_unittest
[ 75%] Built target signalhandler_unittest
[35m[1mConsolidate compiler generated dependencies of target cleanup_with_absolute_prefix_unittest[0m
[35m[1mConsolidate compiler generated dependencies of target cleanup_with_relative_prefix_unittest[0m
[35m[1mConsolidate compiler generated dependencies of target cleanup_immediately_unittest[0m
[ 81%] Built target utilities_unittest
[100%] Built target cleanup_with_absolute_prefix_unittest
[100%] Built target cleanup_immediately_unittest
[100%] Built target cleanup_with_relative_prefix_unittest
-- Install configuration: ""
-- Up-to-date: /home/agilex/agilex_ws/install/glog/lib/libglog.so.0.6.0
-- Up-to-date: /home/agilex/agilex_ws/install/glog/lib/libglog.so.1
-- Up-to-date: /home/agilex/agilex_ws/install/glog/lib/libglog.so
-- Up-to-date: /home/agilex/agilex_ws/install/glog/include/glog/export.h
-- Up-to-date: /home/agilex/agilex_ws/install/glog/include/glog/logging.h
-- Up-to-date: /home/agilex/agilex_ws/install/glog/include/glog/raw_logging.h
-- Up-to-date: /home/agilex/agilex_ws/install/glog/include/glog/stl_logging.h
-- Up-to-date: /home/agilex/agilex_ws/install/glog/include/glog/vlog_is_on.h
-- Up-to-date: /home/agilex/agilex_ws/install/glog/include/glog/log_severity.h
-- Up-to-date: /home/agilex/agilex_ws/install/glog/include/glog/platform.h
-- Up-to-date: /home/agilex/agilex_ws/install/glog/lib/pkgconfig/libglog.pc
-- Up-to-date: /home/agilex/agilex_ws/install/glog/lib/cmake/glog/glog-modules.cmake
-- Up-to-date: /home/agilex/agilex_ws/install/glog/lib/cmake/glog/glog-config.cmake
-- Up-to-date: /home/agilex/agilex_ws/install/glog/lib/cmake/glog/glog-config-version.cmake
-- Up-to-date: /home/agilex/agilex_ws/install/glog/share/glog/cmake
-- Up-to-date: /home/agilex/agilex_ws/install/glog/share/glog/cmake/FindUnwind.cmake
-- Up-to-date: /home/agilex/agilex_ws/install/glog/lib/cmake/glog/glog-targets.cmake
-- Up-to-date: /home/agilex/agilex_ws/install/glog/lib/cmake/glog/glog-targets-noconfig.cmake
