[0.072s] Invoking command in '/home/agilex/agilex_ws/build/glog': /usr/bin/cmake --build /home/agilex/agilex_ws/build/glog -- -j8 -l8
[0.129s] [35m[1mConsolidate compiler generated dependencies of target glogbase[0m
[0.134s] [ 25%] Built target glogbase
[0.134s] [ 28%] Built target glogtest
[0.134s] [ 31%] Built target glog
[0.134s] [35m[1mConsolidate compiler generated dependencies of target stl_logging_unittest[0m
[0.135s] [35m[1mConsolidate compiler generated dependencies of target logging_custom_prefix_unittest[0m
[0.135s] [35m[1mConsolidate compiler generated dependencies of target logging_unittest[0m
[0.135s] [35m[1mConsolidate compiler generated dependencies of target symbolize_unittest[0m
[0.135s] [35m[1mConsolidate compiler generated dependencies of target demangle_unittest[0m
[0.135s] [35m[1mConsolidate compiler generated dependencies of target stacktrace_unittest[0m
[0.135s] [35m[1mConsolidate compiler generated dependencies of target signalhandler_unittest[0m
[0.135s] [ 50%] Built target logging_custom_prefix_unittest
[0.135s] [ 50%] Built target logging_unittest
[0.135s] [35m[1mConsolidate compiler generated dependencies of target utilities_unittest[0m
[0.135s] [ 56%] Built target symbolize_unittest
[0.136s] [ 50%] Built target stacktrace_unittest
[0.138s] [ 62%] Built target demangle_unittest
[0.144s] [ 68%] Built target stl_logging_unittest
[0.144s] [ 75%] Built target signalhandler_unittest
[0.144s] [35m[1mConsolidate compiler generated dependencies of target cleanup_with_absolute_prefix_unittest[0m
[0.144s] [35m[1mConsolidate compiler generated dependencies of target cleanup_with_relative_prefix_unittest[0m
[0.144s] [35m[1mConsolidate compiler generated dependencies of target cleanup_immediately_unittest[0m
[0.144s] [ 81%] Built target utilities_unittest
[0.154s] [100%] Built target cleanup_with_absolute_prefix_unittest
[0.155s] [100%] Built target cleanup_immediately_unittest
[0.155s] [100%] Built target cleanup_with_relative_prefix_unittest
[0.209s] Invoked command in '/home/agilex/agilex_ws/build/glog' returned '0': /usr/bin/cmake --build /home/agilex/agilex_ws/build/glog -- -j8 -l8
[0.370s] Invoking command in '/home/agilex/agilex_ws/build/glog': /usr/bin/cmake --install /home/agilex/agilex_ws/build/glog
[0.378s] -- Install configuration: ""
[0.379s] -- Up-to-date: /home/agilex/agilex_ws/install/glog/lib/libglog.so.0.6.0
[0.379s] -- Up-to-date: /home/agilex/agilex_ws/install/glog/lib/libglog.so.1
[0.379s] -- Up-to-date: /home/agilex/agilex_ws/install/glog/lib/libglog.so
[0.379s] -- Up-to-date: /home/agilex/agilex_ws/install/glog/include/glog/export.h
[0.379s] -- Up-to-date: /home/agilex/agilex_ws/install/glog/include/glog/logging.h
[0.379s] -- Up-to-date: /home/agilex/agilex_ws/install/glog/include/glog/raw_logging.h
[0.379s] -- Up-to-date: /home/agilex/agilex_ws/install/glog/include/glog/stl_logging.h
[0.379s] -- Up-to-date: /home/agilex/agilex_ws/install/glog/include/glog/vlog_is_on.h
[0.379s] -- Up-to-date: /home/agilex/agilex_ws/install/glog/include/glog/log_severity.h
[0.379s] -- Up-to-date: /home/agilex/agilex_ws/install/glog/include/glog/platform.h
[0.379s] -- Up-to-date: /home/agilex/agilex_ws/install/glog/lib/pkgconfig/libglog.pc
[0.380s] -- Up-to-date: /home/agilex/agilex_ws/install/glog/lib/cmake/glog/glog-modules.cmake
[0.380s] -- Up-to-date: /home/agilex/agilex_ws/install/glog/lib/cmake/glog/glog-config.cmake
[0.380s] -- Up-to-date: /home/agilex/agilex_ws/install/glog/lib/cmake/glog/glog-config-version.cmake
[0.380s] -- Up-to-date: /home/agilex/agilex_ws/install/glog/share/glog/cmake
[0.380s] -- Up-to-date: /home/agilex/agilex_ws/install/glog/share/glog/cmake/FindUnwind.cmake
[0.380s] -- Up-to-date: /home/agilex/agilex_ws/install/glog/lib/cmake/glog/glog-targets.cmake
[0.380s] -- Up-to-date: /home/agilex/agilex_ws/install/glog/lib/cmake/glog/glog-targets-noconfig.cmake
[0.387s] Invoked command in '/home/agilex/agilex_ws/build/glog' returned '0': /usr/bin/cmake --install /home/agilex/agilex_ws/build/glog
