[0.024s] Invoking command in '/home/agilex/agilex_ws/build/nav2_map_server': AMENT_PREFIX_PATH=/home/agilex/agilex_ws/install/nav2_util:/home/agilex/agilex_ws/install/nav2_msgs:/home/agilex/agilex_ws/install/nav2_common:${AMENT_PREFIX_PATH} CMAKE_PREFIX_PATH=/home/agilex/agilex_ws/install/nav2_util:/home/agilex/agilex_ws/install/nav2_msgs:/home/agilex/agilex_ws/install/nav2_common:/opt/ros/humble LD_LIBRARY_PATH=/home/agilex/agilex_ws/install/nav2_util/lib:/home/agilex/agilex_ws/install/nav2_msgs/lib:${LD_LIBRARY_PATH} PYTHONPATH=/home/agilex/agilex_ws/install/nav2_msgs/local/lib/python3.10/dist-packages:/home/agilex/agilex_ws/install/nav2_common/local/lib/python3.10/dist-packages:${PYTHONPATH} /usr/bin/cmake /home/agilex/agilex_ws/src/navigation2/nav2_map_server -DCMAKE_INSTALL_PREFIX=/home/agilex/agilex_ws/install/nav2_map_server
[0.085s] -- The C compiler identification is GNU 11.3.0
[0.137s] -- The CXX compiler identification is GNU 11.3.0
[0.145s] -- Detecting C compiler ABI info
[0.210s] -- Detecting C compiler ABI info - done
[0.220s] -- Check for working C compiler: /usr/bin/cc - skipped
[0.220s] -- Detecting C compile features
[0.220s] -- Detecting C compile features - done
[0.223s] -- Detecting CXX compiler ABI info
[0.290s] -- Detecting CXX compiler ABI info - done
[0.300s] -- Check for working CXX compiler: /usr/bin/c++ - skipped
[0.300s] -- Detecting CXX compile features
[0.300s] -- Detecting CXX compile features - done
[0.304s] -- Found ament_cmake: 1.3.4 (/opt/ros/humble/share/ament_cmake/cmake)
[0.480s] -- Found Python3: /usr/bin/python3.10 (found version "3.10.6") found components: Interpreter 
[0.574s] -- Found nav2_common: 1.1.0 (/home/agilex/agilex_ws/install/nav2_common/share/nav2_common/cmake)
[0.576s] -- Found rclcpp: 16.0.4 (/opt/ros/humble/share/rclcpp/cmake)
[0.615s] -- Found rosidl_generator_c: 3.1.4 (/opt/ros/humble/share/rosidl_generator_c/cmake)
[0.621s] -- Found rosidl_adapter: 3.1.4 (/opt/ros/humble/share/rosidl_adapter/cmake)
[0.629s] -- Found rosidl_generator_cpp: 3.1.4 (/opt/ros/humble/share/rosidl_generator_cpp/cmake)
[0.642s] -- Using all available rosidl_typesupport_c: rosidl_typesupport_fastrtps_c;rosidl_typesupport_introspection_c
[0.661s] -- Using all available rosidl_typesupport_cpp: rosidl_typesupport_fastrtps_cpp;rosidl_typesupport_introspection_cpp
[0.732s] -- Found rmw_implementation_cmake: 6.1.1 (/opt/ros/humble/share/rmw_implementation_cmake/cmake)
[0.734s] -- Found rmw_fastrtps_cpp: 6.2.2 (/opt/ros/humble/share/rmw_fastrtps_cpp/cmake)
[0.813s] -- Found OpenSSL: /usr/lib/x86_64-linux-gnu/libcrypto.so (found version "3.0.2")  
[0.837s] -- Found FastRTPS: /opt/ros/humble/include  
[0.881s] -- Using RMW implementation 'rmw_fastrtps_cpp' as default
[0.891s] -- Looking for pthread.h
[0.950s] -- Looking for pthread.h - found
[0.951s] -- Performing Test CMAKE_HAVE_LIBC_PTHREAD
[1.009s] -- Performing Test CMAKE_HAVE_LIBC_PTHREAD - Success
[1.009s] -- Found Threads: TRUE  
[1.181s] -- Found rclcpp_lifecycle: 16.0.4 (/opt/ros/humble/share/rclcpp_lifecycle/cmake)
[1.226s] -- Found rclcpp_components: 16.0.4 (/opt/ros/humble/share/rclcpp_components/cmake)
[1.299s] -- Found nav_msgs: 4.2.3 (/opt/ros/humble/share/nav_msgs/cmake)
[1.436s] -- Found nav2_msgs: 1.1.0 (/home/agilex/agilex_ws/install/nav2_msgs/share/nav2_msgs/cmake)
[1.667s] -- Found yaml_cpp_vendor: 8.0.2 (/opt/ros/humble/share/yaml_cpp_vendor/cmake)
[1.671s] -- Found tf2: 0.25.2 (/opt/ros/humble/share/tf2/cmake)
[1.678s] -- Found nav2_util: 1.1.0 (/home/agilex/agilex_ws/install/nav2_util/share/nav2_util/cmake)
[1.938s] -- Found eigen3_cmake_module: 0.1.1 (/opt/ros/humble/share/eigen3_cmake_module/cmake)
[1.940s] -- Found Eigen3: TRUE (found version "3.4.0") 
[1.940s] -- Ensuring Eigen3 include directory is part of orocos-kdl CMake target
[2.137s] -- Found GRAPHICSMAGICKCPP: /usr/include/GraphicsMagick  
[2.137s] -- Setting build type to Release as none was specified.
[5.007s] -- Found ament_lint_auto: 0.12.6 (/opt/ros/humble/share/ament_lint_auto/cmake)
[5.172s] -- Found gtest sources under '/opt/ros/humble/src/gtest_vendor': C++ tests using 'Google Test' will be built
[5.181s] -- Found gtest sources under '/opt/ros/humble/src/gtest_vendor': C++ tests using 'Google Test' will be built
[5.203s] -- Found gtest sources under '/opt/ros/humble/src/gtest_vendor': C++ tests using 'Google Test' will be built
[5.212s] -- Added test 'cppcheck' to perform static code analysis on C / C++ code
[5.213s] -- Configured cppcheck include dirs: /home/agilex/agilex_ws/src/navigation2/nav2_map_server/include
[5.213s] -- Configured cppcheck exclude dirs and/or files: 
[5.228s] -- Added test 'cpplint' to check C / C++ code against the Google style
[5.228s] -- Configured cpplint exclude dirs and/or files: 
[5.229s] -- Added test 'flake8' to check Python code syntax and style conventions
[5.230s] -- Added test 'lint_cmake' to check CMake code style
[5.231s] -- Added test 'pep257' to check Python code against some of the docstring style conventions in PEP 257
[5.233s] -- Added test 'uncrustify' to check C / C++ code style
[5.234s] -- Configured uncrustify additional arguments: 
[5.234s] -- Added test 'xmllint' to check XML markup files
[5.237s] -- Configuring done
[5.640s] -- Generating done
[5.644s] -- Build files have been written to: /home/agilex/agilex_ws/build/nav2_map_server
[5.664s] Invoked command in '/home/agilex/agilex_ws/build/nav2_map_server' returned '0': AMENT_PREFIX_PATH=/home/agilex/agilex_ws/install/nav2_util:/home/agilex/agilex_ws/install/nav2_msgs:/home/agilex/agilex_ws/install/nav2_common:${AMENT_PREFIX_PATH} CMAKE_PREFIX_PATH=/home/agilex/agilex_ws/install/nav2_util:/home/agilex/agilex_ws/install/nav2_msgs:/home/agilex/agilex_ws/install/nav2_common:/opt/ros/humble LD_LIBRARY_PATH=/home/agilex/agilex_ws/install/nav2_util/lib:/home/agilex/agilex_ws/install/nav2_msgs/lib:${LD_LIBRARY_PATH} PYTHONPATH=/home/agilex/agilex_ws/install/nav2_msgs/local/lib/python3.10/dist-packages:/home/agilex/agilex_ws/install/nav2_common/local/lib/python3.10/dist-packages:${PYTHONPATH} /usr/bin/cmake /home/agilex/agilex_ws/src/navigation2/nav2_map_server -DCMAKE_INSTALL_PREFIX=/home/agilex/agilex_ws/install/nav2_map_server
[5.670s] Invoking command in '/home/agilex/agilex_ws/build/nav2_map_server': AMENT_PREFIX_PATH=/home/agilex/agilex_ws/install/nav2_util:/home/agilex/agilex_ws/install/nav2_msgs:/home/agilex/agilex_ws/install/nav2_common:${AMENT_PREFIX_PATH} CMAKE_PREFIX_PATH=/home/agilex/agilex_ws/install/nav2_util:/home/agilex/agilex_ws/install/nav2_msgs:/home/agilex/agilex_ws/install/nav2_common:/opt/ros/humble LD_LIBRARY_PATH=/home/agilex/agilex_ws/install/nav2_util/lib:/home/agilex/agilex_ws/install/nav2_msgs/lib:${LD_LIBRARY_PATH} PYTHONPATH=/home/agilex/agilex_ws/install/nav2_msgs/local/lib/python3.10/dist-packages:/home/agilex/agilex_ws/install/nav2_common/local/lib/python3.10/dist-packages:${PYTHONPATH} /usr/bin/cmake --build /home/agilex/agilex_ws/build/nav2_map_server -- -j8 -l8
[5.845s] [  2%] [32mBuilding CXX object CMakeFiles/map_io.dir/src/map_mode.cpp.o[0m
[5.849s] [  5%] [32mBuilding CXX object CMakeFiles/map_io.dir/src/map_io.cpp.o[0m
[5.867s] [  8%] [32mBuilding CXX object gtest/CMakeFiles/gtest_main.dir/src/gtest_main.cc.o[0m
[5.937s] [ 11%] [32mBuilding CXX object gtest/CMakeFiles/gtest.dir/src/gtest-all.cc.o[0m
[7.818s] [ 13%] [32m[1mLinking CXX static library libgtest_main.a[0m
[7.902s] [ 13%] Built target gtest_main
[12.512s] [ 16%] [32m[1mLinking CXX shared library libmap_io.so[0m
[12.712s] [ 16%] Built target map_io
[12.731s] [ 19%] [32mBuilding CXX object test/component/CMakeFiles/test_map_saver_publisher.dir/__/test_constants.cpp.o[0m
[12.732s] [ 22%] [32mBuilding CXX object test/component/CMakeFiles/test_map_saver_publisher.dir/test_map_saver_publisher.cpp.o[0m
[12.742s] [ 25%] [32mBuilding CXX object CMakeFiles/map_server_core.dir/src/costmap_filter_info/costmap_filter_info_server.cpp.o[0m
[12.749s] [ 27%] [32mBuilding CXX object CMakeFiles/map_server_core.dir/src/map_server/map_server.cpp.o[0m
[12.761s] [ 30%] [32mBuilding CXX object CMakeFiles/map_server_core.dir/src/map_saver/map_saver.cpp.o[0m
[15.595s] [ 33%] [32m[1mLinking CXX static library libgtest.a[0m
[15.758s] [ 33%] Built target gtest
[15.860s] [ 36%] [32mBuilding CXX object test/unit/CMakeFiles/test_map_io.dir/test_map_io.cpp.o[0m
[15.869s] [ 38%] [32mBuilding CXX object test/unit/CMakeFiles/test_map_io.dir/__/test_constants.cpp.o[0m
[15.883s] [ 41%] [32mBuilding CXX object test/map_saver_cli/CMakeFiles/test_map_saver_cli.dir/test_map_saver_cli.cpp.o[0m
[15.899s] [ 44%] [32mBuilding CXX object test/map_saver_cli/CMakeFiles/test_map_saver_cli.dir/__/test_constants.cpp.o[0m
[21.492s] [ 47%] [32m[1mLinking CXX executable test_map_saver_publisher[0m
[22.036s] [ 47%] Built target test_map_saver_publisher
[23.135s] [ 50%] [32m[1mLinking CXX executable test_map_io[0m
[23.385s] [ 50%] Built target test_map_io
[24.053s] [ 52%] [32m[1mLinking CXX executable test_map_saver_cli[0m
[24.207s] [ 52%] Built target test_map_saver_cli
[27.968s] [ 55%] [32m[1mLinking CXX shared library libmap_server_core.so[0m
[28.291s] [ 55%] Built target map_server_core
[28.308s] [ 58%] [32mBuilding CXX object CMakeFiles/map_server.dir/src/map_server/main.cpp.o[0m
[31.512s] [ 61%] [32m[1mLinking CXX executable map_server[0m
[31.797s] [ 61%] Built target map_server
[31.814s] [ 69%] [32mBuilding CXX object test/component/CMakeFiles/test_map_server_node.dir/__/test_constants.cpp.o[0m
[31.815s] [ 72%] [32mBuilding CXX object test/component/CMakeFiles/test_map_server_node.dir/test_map_server_node.cpp.o[0m
[31.815s] [ 72%] [32mBuilding CXX object test/component/CMakeFiles/test_map_saver_node.dir/test_map_saver_node.cpp.o[0m
[31.816s] [ 72%] [32mBuilding CXX object test/component/CMakeFiles/test_map_saver_node.dir/__/test_constants.cpp.o[0m
[37.978s] [ 75%] [32m[1mLinking CXX executable test_map_saver_node[0m
[38.232s] [ 75%] Built target test_map_saver_node
[38.248s] [ 80%] [32mBuilding CXX object CMakeFiles/costmap_filter_info_server.dir/src/costmap_filter_info/main.cpp.o[0m
[38.249s] [ 80%] [32mBuilding CXX object test/unit/CMakeFiles/test_costmap_filter_info_server.dir/test_costmap_filter_info_server.cpp.o[0m
[38.487s] [ 83%] [32m[1mLinking CXX executable test_map_server_node[0m
[38.745s] [ 83%] Built target test_map_server_node
[38.763s] [ 88%] [32mBuilding CXX object CMakeFiles/map_saver_cli.dir/src/map_saver/main_cli.cpp.o[0m
[38.763s] [ 88%] [32mBuilding CXX object CMakeFiles/map_saver_server.dir/src/map_saver/main_server.cpp.o[0m
[41.383s] [ 91%] [32m[1mLinking CXX executable costmap_filter_info_server[0m
[41.772s] [ 91%] Built target costmap_filter_info_server
[42.193s] [ 94%] [32m[1mLinking CXX executable map_saver_server[0m
[42.330s] [ 97%] [32m[1mLinking CXX executable map_saver_cli[0m
[42.489s] [ 97%] Built target map_saver_server
[42.631s] [ 97%] Built target map_saver_cli
[50.390s] [100%] [32m[1mLinking CXX executable test_costmap_filter_info_server[0m
[50.732s] [100%] Built target test_costmap_filter_info_server
[50.743s] Invoked command in '/home/agilex/agilex_ws/build/nav2_map_server' returned '0': AMENT_PREFIX_PATH=/home/agilex/agilex_ws/install/nav2_util:/home/agilex/agilex_ws/install/nav2_msgs:/home/agilex/agilex_ws/install/nav2_common:${AMENT_PREFIX_PATH} CMAKE_PREFIX_PATH=/home/agilex/agilex_ws/install/nav2_util:/home/agilex/agilex_ws/install/nav2_msgs:/home/agilex/agilex_ws/install/nav2_common:/opt/ros/humble LD_LIBRARY_PATH=/home/agilex/agilex_ws/install/nav2_util/lib:/home/agilex/agilex_ws/install/nav2_msgs/lib:${LD_LIBRARY_PATH} PYTHONPATH=/home/agilex/agilex_ws/install/nav2_msgs/local/lib/python3.10/dist-packages:/home/agilex/agilex_ws/install/nav2_common/local/lib/python3.10/dist-packages:${PYTHONPATH} /usr/bin/cmake --build /home/agilex/agilex_ws/build/nav2_map_server -- -j8 -l8
[50.872s] Invoking command in '/home/agilex/agilex_ws/build/nav2_map_server': AMENT_PREFIX_PATH=/home/agilex/agilex_ws/install/nav2_util:/home/agilex/agilex_ws/install/nav2_msgs:/home/agilex/agilex_ws/install/nav2_common:${AMENT_PREFIX_PATH} CMAKE_PREFIX_PATH=/home/agilex/agilex_ws/install/nav2_util:/home/agilex/agilex_ws/install/nav2_msgs:/home/agilex/agilex_ws/install/nav2_common:/opt/ros/humble LD_LIBRARY_PATH=/home/agilex/agilex_ws/install/nav2_util/lib:/home/agilex/agilex_ws/install/nav2_msgs/lib:${LD_LIBRARY_PATH} PYTHONPATH=/home/agilex/agilex_ws/install/nav2_msgs/local/lib/python3.10/dist-packages:/home/agilex/agilex_ws/install/nav2_common/local/lib/python3.10/dist-packages:${PYTHONPATH} /usr/bin/cmake --install /home/agilex/agilex_ws/build/nav2_map_server
[50.878s] -- Install configuration: "Release"
[50.879s] -- Installing: /home/agilex/agilex_ws/install/nav2_map_server/lib/libmap_server_core.so
[50.881s] -- Set runtime path of "/home/agilex/agilex_ws/install/nav2_map_server/lib/libmap_server_core.so" to ""
[50.881s] -- Installing: /home/agilex/agilex_ws/install/nav2_map_server/lib/libmap_io.so
[50.882s] -- Set runtime path of "/home/agilex/agilex_ws/install/nav2_map_server/lib/libmap_io.so" to ""
[50.882s] -- Installing: /home/agilex/agilex_ws/install/nav2_map_server/lib/nav2_map_server/map_server
[50.883s] -- Set runtime path of "/home/agilex/agilex_ws/install/nav2_map_server/lib/nav2_map_server/map_server" to ""
[50.883s] -- Installing: /home/agilex/agilex_ws/install/nav2_map_server/lib/nav2_map_server/map_saver_cli
[50.885s] -- Set runtime path of "/home/agilex/agilex_ws/install/nav2_map_server/lib/nav2_map_server/map_saver_cli" to ""
[50.885s] -- Installing: /home/agilex/agilex_ws/install/nav2_map_server/lib/nav2_map_server/map_saver_server
[50.886s] -- Set runtime path of "/home/agilex/agilex_ws/install/nav2_map_server/lib/nav2_map_server/map_saver_server" to ""
[50.886s] -- Installing: /home/agilex/agilex_ws/install/nav2_map_server/lib/nav2_map_server/costmap_filter_info_server
[50.887s] -- Set runtime path of "/home/agilex/agilex_ws/install/nav2_map_server/lib/nav2_map_server/costmap_filter_info_server" to ""
[50.887s] -- Installing: /home/agilex/agilex_ws/install/nav2_map_server/include/
[50.888s] -- Installing: /home/agilex/agilex_ws/install/nav2_map_server/include//nav2_map_server
[50.888s] -- Installing: /home/agilex/agilex_ws/install/nav2_map_server/include//nav2_map_server/map_server.hpp
[50.888s] -- Installing: /home/agilex/agilex_ws/install/nav2_map_server/include//nav2_map_server/map_saver.hpp
[50.888s] -- Installing: /home/agilex/agilex_ws/install/nav2_map_server/include//nav2_map_server/costmap_filter_info_server.hpp
[50.888s] -- Installing: /home/agilex/agilex_ws/install/nav2_map_server/include//nav2_map_server/map_mode.hpp
[50.888s] -- Installing: /home/agilex/agilex_ws/install/nav2_map_server/include//nav2_map_server/map_io.hpp
[50.888s] -- Installing: /home/agilex/agilex_ws/install/nav2_map_server/share/nav2_map_server/launch
[50.889s] -- Installing: /home/agilex/agilex_ws/install/nav2_map_server/share/nav2_map_server/launch/map_saver_server.launch.py
[50.889s] -- Installing: /home/agilex/agilex_ws/install/nav2_map_server/share/nav2_map_server/environment/library_path.sh
[50.889s] -- Installing: /home/agilex/agilex_ws/install/nav2_map_server/share/nav2_map_server/environment/library_path.dsv
[50.889s] -- Installing: /home/agilex/agilex_ws/install/nav2_map_server/share/ament_index/resource_index/package_run_dependencies/nav2_map_server
[50.889s] -- Installing: /home/agilex/agilex_ws/install/nav2_map_server/share/ament_index/resource_index/parent_prefix_path/nav2_map_server
[50.889s] -- Installing: /home/agilex/agilex_ws/install/nav2_map_server/share/nav2_map_server/environment/ament_prefix_path.sh
[50.889s] -- Installing: /home/agilex/agilex_ws/install/nav2_map_server/share/nav2_map_server/environment/ament_prefix_path.dsv
[50.890s] -- Installing: /home/agilex/agilex_ws/install/nav2_map_server/share/nav2_map_server/environment/path.sh
[50.890s] -- Installing: /home/agilex/agilex_ws/install/nav2_map_server/share/nav2_map_server/environment/path.dsv
[50.890s] -- Installing: /home/agilex/agilex_ws/install/nav2_map_server/share/nav2_map_server/local_setup.bash
[50.890s] -- Installing: /home/agilex/agilex_ws/install/nav2_map_server/share/nav2_map_server/local_setup.sh
[50.890s] -- Installing: /home/agilex/agilex_ws/install/nav2_map_server/share/nav2_map_server/local_setup.zsh
[50.890s] -- Installing: /home/agilex/agilex_ws/install/nav2_map_server/share/nav2_map_server/local_setup.dsv
[50.890s] -- Installing: /home/agilex/agilex_ws/install/nav2_map_server/share/nav2_map_server/package.dsv
[50.890s] -- Installing: /home/agilex/agilex_ws/install/nav2_map_server/share/ament_index/resource_index/packages/nav2_map_server
[50.890s] -- Installing: /home/agilex/agilex_ws/install/nav2_map_server/share/ament_index/resource_index/rclcpp_components/nav2_map_server
[50.890s] -- Installing: /home/agilex/agilex_ws/install/nav2_map_server/share/nav2_map_server/cmake/ament_cmake_export_include_directories-extras.cmake
[50.891s] -- Installing: /home/agilex/agilex_ws/install/nav2_map_server/share/nav2_map_server/cmake/ament_cmake_export_libraries-extras.cmake
[50.891s] -- Installing: /home/agilex/agilex_ws/install/nav2_map_server/share/nav2_map_server/cmake/ament_cmake_export_dependencies-extras.cmake
[50.891s] -- Installing: /home/agilex/agilex_ws/install/nav2_map_server/share/nav2_map_server/cmake/nav2_map_serverConfig.cmake
[50.891s] -- Installing: /home/agilex/agilex_ws/install/nav2_map_server/share/nav2_map_server/cmake/nav2_map_serverConfig-version.cmake
[50.891s] -- Installing: /home/agilex/agilex_ws/install/nav2_map_server/share/nav2_map_server/package.xml
[50.904s] Invoked command in '/home/agilex/agilex_ws/build/nav2_map_server' returned '0': AMENT_PREFIX_PATH=/home/agilex/agilex_ws/install/nav2_util:/home/agilex/agilex_ws/install/nav2_msgs:/home/agilex/agilex_ws/install/nav2_common:${AMENT_PREFIX_PATH} CMAKE_PREFIX_PATH=/home/agilex/agilex_ws/install/nav2_util:/home/agilex/agilex_ws/install/nav2_msgs:/home/agilex/agilex_ws/install/nav2_common:/opt/ros/humble LD_LIBRARY_PATH=/home/agilex/agilex_ws/install/nav2_util/lib:/home/agilex/agilex_ws/install/nav2_msgs/lib:${LD_LIBRARY_PATH} PYTHONPATH=/home/agilex/agilex_ws/install/nav2_msgs/local/lib/python3.10/dist-packages:/home/agilex/agilex_ws/install/nav2_common/local/lib/python3.10/dist-packages:${PYTHONPATH} /usr/bin/cmake --install /home/agilex/agilex_ws/build/nav2_map_server
