[0.193s] Invoking command in '/home/agilex/agilex_ws/build/dwb_plugins': AMENT_PREFIX_PATH=/home/agilex/agilex_ws/install/dwb_core:/home/agilex/agilex_ws/install/nav2_core:/home/agilex/agilex_ws/install/nav2_costmap_2d:/home/agilex/agilex_ws/install/nav_2d_utils:/home/agilex/agilex_ws/install/nav2_util:/home/agilex/agilex_ws/install/nav2_voxel_grid:/home/agilex/agilex_ws/install/nav2_msgs:/home/agilex/agilex_ws/install/dwb_msgs:/home/agilex/agilex_ws/install/nav_2d_msgs:/home/agilex/agilex_ws/install/nav2_common CMAKE_PREFIX_PATH=/home/agilex/agilex_ws/install/dwb_core:/home/agilex/agilex_ws/install/nav2_core:/home/agilex/agilex_ws/install/nav2_costmap_2d:/home/agilex/agilex_ws/install/nav_2d_utils:/home/agilex/agilex_ws/install/nav2_util:/home/agilex/agilex_ws/install/nav2_voxel_grid:/home/agilex/agilex_ws/install/nav2_msgs:/home/agilex/agilex_ws/install/dwb_msgs:/home/agilex/agilex_ws/install/nav_2d_msgs:/home/agilex/agilex_ws/install/nav2_common LD_LIBRARY_PATH=/home/agilex/agilex_ws/install/dwb_core/lib:/home/agilex/agilex_ws/install/nav2_costmap_2d/lib:/home/agilex/agilex_ws/install/nav_2d_utils/lib:/home/agilex/agilex_ws/install/nav2_util/lib:/home/agilex/agilex_ws/install/nav2_voxel_grid/lib:/home/agilex/agilex_ws/install/nav2_msgs/lib:/home/agilex/agilex_ws/install/dwb_msgs/lib:/home/agilex/agilex_ws/install/nav_2d_msgs/lib PYTHONPATH=/home/agilex/agilex_ws/install/nav2_msgs/local/lib/python3.10/dist-packages:/home/agilex/agilex_ws/install/dwb_msgs/local/lib/python3.10/dist-packages:/home/agilex/agilex_ws/install/nav_2d_msgs/local/lib/python3.10/dist-packages:/home/agilex/agilex_ws/install/nav2_common/local/lib/python3.10/dist-packages /usr/bin/cmake --build /home/agilex/agilex_ws/build/dwb_plugins -- -j16 -l16
[0.318s] [ 11%] Built target gtest
[0.318s] [ 23%] Built target gtest_main
[0.319s] [ 52%] Built target standard_traj_generator
[0.319s] [ 64%] Built target vtest
[0.320s] [ 88%] Built target kinematic_parameters_test
[0.320s] [ 88%] Built target twist_gen_test
[0.320s] [100%] Built target speed_limit_test
[0.421s] Invoked command in '/home/agilex/agilex_ws/build/dwb_plugins' returned '0': AMENT_PREFIX_PATH=/home/agilex/agilex_ws/install/dwb_core:/home/agilex/agilex_ws/install/nav2_core:/home/agilex/agilex_ws/install/nav2_costmap_2d:/home/agilex/agilex_ws/install/nav_2d_utils:/home/agilex/agilex_ws/install/nav2_util:/home/agilex/agilex_ws/install/nav2_voxel_grid:/home/agilex/agilex_ws/install/nav2_msgs:/home/agilex/agilex_ws/install/dwb_msgs:/home/agilex/agilex_ws/install/nav_2d_msgs:/home/agilex/agilex_ws/install/nav2_common CMAKE_PREFIX_PATH=/home/agilex/agilex_ws/install/dwb_core:/home/agilex/agilex_ws/install/nav2_core:/home/agilex/agilex_ws/install/nav2_costmap_2d:/home/agilex/agilex_ws/install/nav_2d_utils:/home/agilex/agilex_ws/install/nav2_util:/home/agilex/agilex_ws/install/nav2_voxel_grid:/home/agilex/agilex_ws/install/nav2_msgs:/home/agilex/agilex_ws/install/dwb_msgs:/home/agilex/agilex_ws/install/nav_2d_msgs:/home/agilex/agilex_ws/install/nav2_common LD_LIBRARY_PATH=/home/agilex/agilex_ws/install/dwb_core/lib:/home/agilex/agilex_ws/install/nav2_costmap_2d/lib:/home/agilex/agilex_ws/install/nav_2d_utils/lib:/home/agilex/agilex_ws/install/nav2_util/lib:/home/agilex/agilex_ws/install/nav2_voxel_grid/lib:/home/agilex/agilex_ws/install/nav2_msgs/lib:/home/agilex/agilex_ws/install/dwb_msgs/lib:/home/agilex/agilex_ws/install/nav_2d_msgs/lib PYTHONPATH=/home/agilex/agilex_ws/install/nav2_msgs/local/lib/python3.10/dist-packages:/home/agilex/agilex_ws/install/dwb_msgs/local/lib/python3.10/dist-packages:/home/agilex/agilex_ws/install/nav_2d_msgs/local/lib/python3.10/dist-packages:/home/agilex/agilex_ws/install/nav2_common/local/lib/python3.10/dist-packages /usr/bin/cmake --build /home/agilex/agilex_ws/build/dwb_plugins -- -j16 -l16
[0.446s] Invoking command in '/home/agilex/agilex_ws/build/dwb_plugins': AMENT_PREFIX_PATH=/home/agilex/agilex_ws/install/dwb_core:/home/agilex/agilex_ws/install/nav2_core:/home/agilex/agilex_ws/install/nav2_costmap_2d:/home/agilex/agilex_ws/install/nav_2d_utils:/home/agilex/agilex_ws/install/nav2_util:/home/agilex/agilex_ws/install/nav2_voxel_grid:/home/agilex/agilex_ws/install/nav2_msgs:/home/agilex/agilex_ws/install/dwb_msgs:/home/agilex/agilex_ws/install/nav_2d_msgs:/home/agilex/agilex_ws/install/nav2_common CMAKE_PREFIX_PATH=/home/agilex/agilex_ws/install/dwb_core:/home/agilex/agilex_ws/install/nav2_core:/home/agilex/agilex_ws/install/nav2_costmap_2d:/home/agilex/agilex_ws/install/nav_2d_utils:/home/agilex/agilex_ws/install/nav2_util:/home/agilex/agilex_ws/install/nav2_voxel_grid:/home/agilex/agilex_ws/install/nav2_msgs:/home/agilex/agilex_ws/install/dwb_msgs:/home/agilex/agilex_ws/install/nav_2d_msgs:/home/agilex/agilex_ws/install/nav2_common LD_LIBRARY_PATH=/home/agilex/agilex_ws/install/dwb_core/lib:/home/agilex/agilex_ws/install/nav2_costmap_2d/lib:/home/agilex/agilex_ws/install/nav_2d_utils/lib:/home/agilex/agilex_ws/install/nav2_util/lib:/home/agilex/agilex_ws/install/nav2_voxel_grid/lib:/home/agilex/agilex_ws/install/nav2_msgs/lib:/home/agilex/agilex_ws/install/dwb_msgs/lib:/home/agilex/agilex_ws/install/nav_2d_msgs/lib PYTHONPATH=/home/agilex/agilex_ws/install/nav2_msgs/local/lib/python3.10/dist-packages:/home/agilex/agilex_ws/install/dwb_msgs/local/lib/python3.10/dist-packages:/home/agilex/agilex_ws/install/nav_2d_msgs/local/lib/python3.10/dist-packages:/home/agilex/agilex_ws/install/nav2_common/local/lib/python3.10/dist-packages /usr/bin/cmake --install /home/agilex/agilex_ws/build/dwb_plugins
[0.452s] -- Install configuration: "Release"
[0.452s] -- Up-to-date: /home/agilex/agilex_ws/install/dwb_plugins/lib/libstandard_traj_generator.so
[0.452s] -- Up-to-date: /home/agilex/agilex_ws/install/dwb_plugins/include/
[0.452s] -- Up-to-date: /home/agilex/agilex_ws/install/dwb_plugins/include//dwb_plugins
[0.452s] -- Up-to-date: /home/agilex/agilex_ws/install/dwb_plugins/include//dwb_plugins/kinematic_parameters.hpp
[0.452s] -- Up-to-date: /home/agilex/agilex_ws/install/dwb_plugins/include//dwb_plugins/xy_theta_iterator.hpp
[0.453s] -- Up-to-date: /home/agilex/agilex_ws/install/dwb_plugins/include//dwb_plugins/standard_traj_generator.hpp
[0.453s] -- Up-to-date: /home/agilex/agilex_ws/install/dwb_plugins/include//dwb_plugins/one_d_velocity_iterator.hpp
[0.453s] -- Up-to-date: /home/agilex/agilex_ws/install/dwb_plugins/include//dwb_plugins/limited_accel_generator.hpp
[0.453s] -- Up-to-date: /home/agilex/agilex_ws/install/dwb_plugins/include//dwb_plugins/velocity_iterator.hpp
[0.453s] -- Up-to-date: /home/agilex/agilex_ws/install/dwb_plugins/share/dwb_plugins/plugins.xml
[0.453s] -- Up-to-date: /home/agilex/agilex_ws/install/dwb_plugins/share/dwb_plugins/environment/library_path.sh
[0.453s] -- Up-to-date: /home/agilex/agilex_ws/install/dwb_plugins/share/dwb_plugins/environment/library_path.dsv
[0.453s] -- Up-to-date: /home/agilex/agilex_ws/install/dwb_plugins/share/dwb_plugins/plugins.xml
[0.453s] -- Up-to-date: /home/agilex/agilex_ws/install/dwb_plugins/share/ament_index/resource_index/package_run_dependencies/dwb_plugins
[0.453s] -- Up-to-date: /home/agilex/agilex_ws/install/dwb_plugins/share/ament_index/resource_index/parent_prefix_path/dwb_plugins
[0.453s] -- Up-to-date: /home/agilex/agilex_ws/install/dwb_plugins/share/dwb_plugins/environment/ament_prefix_path.sh
[0.453s] -- Up-to-date: /home/agilex/agilex_ws/install/dwb_plugins/share/dwb_plugins/environment/ament_prefix_path.dsv
[0.454s] -- Up-to-date: /home/agilex/agilex_ws/install/dwb_plugins/share/dwb_plugins/environment/path.sh
[0.454s] -- Up-to-date: /home/agilex/agilex_ws/install/dwb_plugins/share/dwb_plugins/environment/path.dsv
[0.454s] -- Up-to-date: /home/agilex/agilex_ws/install/dwb_plugins/share/dwb_plugins/local_setup.bash
[0.454s] -- Up-to-date: /home/agilex/agilex_ws/install/dwb_plugins/share/dwb_plugins/local_setup.sh
[0.454s] -- Up-to-date: /home/agilex/agilex_ws/install/dwb_plugins/share/dwb_plugins/local_setup.zsh
[0.454s] -- Up-to-date: /home/agilex/agilex_ws/install/dwb_plugins/share/dwb_plugins/local_setup.dsv
[0.454s] -- Installing: /home/agilex/agilex_ws/install/dwb_plugins/share/dwb_plugins/package.dsv
[0.454s] -- Up-to-date: /home/agilex/agilex_ws/install/dwb_plugins/share/ament_index/resource_index/packages/dwb_plugins
[0.454s] -- Up-to-date: /home/agilex/agilex_ws/install/dwb_plugins/share/ament_index/resource_index/dwb_core__pluginlib__plugin/dwb_plugins
[0.455s] -- Up-to-date: /home/agilex/agilex_ws/install/dwb_plugins/share/dwb_plugins/cmake/ament_cmake_export_include_directories-extras.cmake
[0.455s] -- Up-to-date: /home/agilex/agilex_ws/install/dwb_plugins/share/dwb_plugins/cmake/ament_cmake_export_libraries-extras.cmake
[0.455s] -- Up-to-date: /home/agilex/agilex_ws/install/dwb_plugins/share/dwb_plugins/cmake/dwb_pluginsConfig.cmake
[0.456s] -- Up-to-date: /home/agilex/agilex_ws/install/dwb_plugins/share/dwb_plugins/cmake/dwb_pluginsConfig-version.cmake
[0.457s] -- Up-to-date: /home/agilex/agilex_ws/install/dwb_plugins/share/dwb_plugins/package.xml
[0.457s] Invoked command in '/home/agilex/agilex_ws/build/dwb_plugins' returned '0': AMENT_PREFIX_PATH=/home/agilex/agilex_ws/install/dwb_core:/home/agilex/agilex_ws/install/nav2_core:/home/agilex/agilex_ws/install/nav2_costmap_2d:/home/agilex/agilex_ws/install/nav_2d_utils:/home/agilex/agilex_ws/install/nav2_util:/home/agilex/agilex_ws/install/nav2_voxel_grid:/home/agilex/agilex_ws/install/nav2_msgs:/home/agilex/agilex_ws/install/dwb_msgs:/home/agilex/agilex_ws/install/nav_2d_msgs:/home/agilex/agilex_ws/install/nav2_common CMAKE_PREFIX_PATH=/home/agilex/agilex_ws/install/dwb_core:/home/agilex/agilex_ws/install/nav2_core:/home/agilex/agilex_ws/install/nav2_costmap_2d:/home/agilex/agilex_ws/install/nav_2d_utils:/home/agilex/agilex_ws/install/nav2_util:/home/agilex/agilex_ws/install/nav2_voxel_grid:/home/agilex/agilex_ws/install/nav2_msgs:/home/agilex/agilex_ws/install/dwb_msgs:/home/agilex/agilex_ws/install/nav_2d_msgs:/home/agilex/agilex_ws/install/nav2_common LD_LIBRARY_PATH=/home/agilex/agilex_ws/install/dwb_core/lib:/home/agilex/agilex_ws/install/nav2_costmap_2d/lib:/home/agilex/agilex_ws/install/nav_2d_utils/lib:/home/agilex/agilex_ws/install/nav2_util/lib:/home/agilex/agilex_ws/install/nav2_voxel_grid/lib:/home/agilex/agilex_ws/install/nav2_msgs/lib:/home/agilex/agilex_ws/install/dwb_msgs/lib:/home/agilex/agilex_ws/install/nav_2d_msgs/lib PYTHONPATH=/home/agilex/agilex_ws/install/nav2_msgs/local/lib/python3.10/dist-packages:/home/agilex/agilex_ws/install/dwb_msgs/local/lib/python3.10/dist-packages:/home/agilex/agilex_ws/install/nav_2d_msgs/local/lib/python3.10/dist-packages:/home/agilex/agilex_ws/install/nav2_common/local/lib/python3.10/dist-packages /usr/bin/cmake --install /home/agilex/agilex_ws/build/dwb_plugins
