[0.304s] Invoking command in '/home/agilex/agilex_ws/build/astra_camera_msgs': CMAKE_PREFIX_PATH=${CMAKE_PREFIX_PATH}:/home/agilex/agilex_ws/install/yolov5_ros2:/home/agilex/agilex_ws/install/nav2_simple_commander:/opt/ros/humble /usr/bin/cmake --build /home/agilex/agilex_ws/build/astra_camera_msgs -- -j16 -l16
[0.440s] [ 11%] Built target astra_camera_msgs__rosidl_generator_c
[0.449s] [ 12%] Built target astra_camera_msgs__cpp
[0.459s] [ 12%] Built target ament_cmake_python_copy_astra_camera_msgs
[0.533s] [ 24%] Built target astra_camera_msgs__rosidl_typesupport_fastrtps_c
[0.601s] [ 35%] Built target astra_camera_msgs__rosidl_typesupport_c
[0.609s] [ 47%] Built target astra_camera_msgs__rosidl_typesupport_introspection_cpp
[0.618s] [ 58%] Built target astra_camera_msgs__rosidl_typesupport_fastrtps_cpp
[0.621s] [ 70%] Built target astra_camera_msgs__rosidl_typesupport_introspection_c
[0.677s] [ 82%] Built target astra_camera_msgs__rosidl_typesupport_cpp
[0.731s] [ 82%] Built target astra_camera_msgs
[0.777s] [ 83%] Built target astra_camera_msgs__py
[0.849s] [ 93%] Built target astra_camera_msgs__rosidl_generator_py
[0.870s] running egg_info
[0.874s] writing astra_camera_msgs.egg-info/PKG-INFO
[0.874s] writing dependency_links to astra_camera_msgs.egg-info/dependency_links.txt
[0.874s] writing top-level names to astra_camera_msgs.egg-info/top_level.txt
[0.879s] reading manifest file 'astra_camera_msgs.egg-info/SOURCES.txt'
[0.879s] writing manifest file 'astra_camera_msgs.egg-info/SOURCES.txt'
[0.894s] [ 96%] Built target astra_camera_msgs__rosidl_typesupport_c__pyext
[0.894s] [ 97%] Built target astra_camera_msgs__rosidl_typesupport_fastrtps_c__pyext
[0.895s] [100%] Built target astra_camera_msgs__rosidl_typesupport_introspection_c__pyext
[0.933s] [100%] Built target ament_cmake_python_build_astra_camera_msgs_egg
[1.002s] Invoked command in '/home/agilex/agilex_ws/build/astra_camera_msgs' returned '0': CMAKE_PREFIX_PATH=${CMAKE_PREFIX_PATH}:/home/agilex/agilex_ws/install/yolov5_ros2:/home/agilex/agilex_ws/install/nav2_simple_commander:/opt/ros/humble /usr/bin/cmake --build /home/agilex/agilex_ws/build/astra_camera_msgs -- -j16 -l16
[1.518s] Invoking command in '/home/agilex/agilex_ws/build/astra_camera_msgs': CMAKE_PREFIX_PATH=${CMAKE_PREFIX_PATH}:/home/agilex/agilex_ws/install/yolov5_ros2:/home/agilex/agilex_ws/install/nav2_simple_commander:/opt/ros/humble /usr/bin/cmake --install /home/agilex/agilex_ws/build/astra_camera_msgs
[1.578s] -- Install configuration: ""
[1.578s] -- Up-to-date: /home/agilex/agilex_ws/install/astra_camera_msgs/share/ament_index/resource_index/rosidl_interfaces/astra_camera_msgs
[1.578s] -- Up-to-date: /home/agilex/agilex_ws/install/astra_camera_msgs/include/astra_camera_msgs/astra_camera_msgs
[1.578s] -- Up-to-date: /home/agilex/agilex_ws/install/astra_camera_msgs/include/astra_camera_msgs/astra_camera_msgs/srv
[1.578s] -- Up-to-date: /home/agilex/agilex_ws/install/astra_camera_msgs/include/astra_camera_msgs/astra_camera_msgs/srv/set_int32.h
[1.578s] -- Up-to-date: /home/agilex/agilex_ws/install/astra_camera_msgs/include/astra_camera_msgs/astra_camera_msgs/srv/get_camera_info.h
[1.578s] -- Up-to-date: /home/agilex/agilex_ws/install/astra_camera_msgs/include/astra_camera_msgs/astra_camera_msgs/srv/get_device_info.h
[1.579s] -- Up-to-date: /home/agilex/agilex_ws/install/astra_camera_msgs/include/astra_camera_msgs/astra_camera_msgs/srv/detail
[1.579s] -- Up-to-date: /home/agilex/agilex_ws/install/astra_camera_msgs/include/astra_camera_msgs/astra_camera_msgs/srv/detail/get_camera_params__functions.h
[1.579s] -- Up-to-date: /home/agilex/agilex_ws/install/astra_camera_msgs/include/astra_camera_msgs/astra_camera_msgs/srv/detail/get_int32__type_support.h
[1.579s] -- Up-to-date: /home/agilex/agilex_ws/install/astra_camera_msgs/include/astra_camera_msgs/astra_camera_msgs/srv/detail/get_camera_info__functions.c
[1.579s] -- Up-to-date: /home/agilex/agilex_ws/install/astra_camera_msgs/include/astra_camera_msgs/astra_camera_msgs/srv/detail/get_string__type_support.h
[1.579s] -- Up-to-date: /home/agilex/agilex_ws/install/astra_camera_msgs/include/astra_camera_msgs/astra_camera_msgs/srv/detail/get_device_info__type_support.h
[1.579s] -- Up-to-date: /home/agilex/agilex_ws/install/astra_camera_msgs/include/astra_camera_msgs/astra_camera_msgs/srv/detail/get_camera_params__struct.h
[1.579s] -- Up-to-date: /home/agilex/agilex_ws/install/astra_camera_msgs/include/astra_camera_msgs/astra_camera_msgs/srv/detail/get_device_info__functions.h
[1.579s] -- Up-to-date: /home/agilex/agilex_ws/install/astra_camera_msgs/include/astra_camera_msgs/astra_camera_msgs/srv/detail/get_camera_info__functions.h
[1.579s] -- Up-to-date: /home/agilex/agilex_ws/install/astra_camera_msgs/include/astra_camera_msgs/astra_camera_msgs/srv/detail/get_camera_info__type_support.h
[1.579s] -- Up-to-date: /home/agilex/agilex_ws/install/astra_camera_msgs/include/astra_camera_msgs/astra_camera_msgs/srv/detail/get_int32__functions.h
[1.579s] -- Up-to-date: /home/agilex/agilex_ws/install/astra_camera_msgs/include/astra_camera_msgs/astra_camera_msgs/srv/detail/set_int32__struct.h
[1.580s] -- Up-to-date: /home/agilex/agilex_ws/install/astra_camera_msgs/include/astra_camera_msgs/astra_camera_msgs/srv/detail/set_int32__functions.h
[1.580s] -- Up-to-date: /home/agilex/agilex_ws/install/astra_camera_msgs/include/astra_camera_msgs/astra_camera_msgs/srv/detail/get_device_info__functions.c
[1.580s] -- Up-to-date: /home/agilex/agilex_ws/install/astra_camera_msgs/include/astra_camera_msgs/astra_camera_msgs/srv/detail/get_camera_info__struct.h
[1.580s] -- Up-to-date: /home/agilex/agilex_ws/install/astra_camera_msgs/include/astra_camera_msgs/astra_camera_msgs/srv/detail/get_device_info__struct.h
[1.580s] -- Up-to-date: /home/agilex/agilex_ws/install/astra_camera_msgs/include/astra_camera_msgs/astra_camera_msgs/srv/detail/get_int32__functions.c
[1.580s] -- Up-to-date: /home/agilex/agilex_ws/install/astra_camera_msgs/include/astra_camera_msgs/astra_camera_msgs/srv/detail/set_int32__type_support.h
[1.580s] -- Up-to-date: /home/agilex/agilex_ws/install/astra_camera_msgs/include/astra_camera_msgs/astra_camera_msgs/srv/detail/get_camera_params__type_support.h
[1.580s] -- Up-to-date: /home/agilex/agilex_ws/install/astra_camera_msgs/include/astra_camera_msgs/astra_camera_msgs/srv/detail/get_string__functions.h
[1.580s] -- Up-to-date: /home/agilex/agilex_ws/install/astra_camera_msgs/include/astra_camera_msgs/astra_camera_msgs/srv/detail/get_camera_params__functions.c
[1.580s] -- Up-to-date: /home/agilex/agilex_ws/install/astra_camera_msgs/include/astra_camera_msgs/astra_camera_msgs/srv/detail/set_int32__functions.c
[1.595s] -- Up-to-date: /home/agilex/agilex_ws/install/astra_camera_msgs/include/astra_camera_msgs/astra_camera_msgs/srv/detail/get_string__functions.c
[1.595s] -- Up-to-date: /home/agilex/agilex_ws/install/astra_camera_msgs/include/astra_camera_msgs/astra_camera_msgs/srv/detail/get_int32__struct.h
[1.596s] -- Up-to-date: /home/agilex/agilex_ws/install/astra_camera_msgs/include/astra_camera_msgs/astra_camera_msgs/srv/detail/get_string__struct.h
[1.596s] -- Up-to-date: /home/agilex/agilex_ws/install/astra_camera_msgs/include/astra_camera_msgs/astra_camera_msgs/srv/get_camera_params.h
[1.596s] -- Up-to-date: /home/agilex/agilex_ws/install/astra_camera_msgs/include/astra_camera_msgs/astra_camera_msgs/srv/get_string.h
[1.596s] -- Up-to-date: /home/agilex/agilex_ws/install/astra_camera_msgs/include/astra_camera_msgs/astra_camera_msgs/srv/get_int32.h
[1.596s] -- Up-to-date: /home/agilex/agilex_ws/install/astra_camera_msgs/include/astra_camera_msgs/astra_camera_msgs/msg
[1.596s] -- Up-to-date: /home/agilex/agilex_ws/install/astra_camera_msgs/include/astra_camera_msgs/astra_camera_msgs/msg/metadata.h
[1.596s] -- Up-to-date: /home/agilex/agilex_ws/install/astra_camera_msgs/include/astra_camera_msgs/astra_camera_msgs/msg/detail
[1.596s] -- Up-to-date: /home/agilex/agilex_ws/install/astra_camera_msgs/include/astra_camera_msgs/astra_camera_msgs/msg/detail/device_info__struct.h
[1.596s] -- Up-to-date: /home/agilex/agilex_ws/install/astra_camera_msgs/include/astra_camera_msgs/astra_camera_msgs/msg/detail/metadata__functions.c
[1.596s] -- Up-to-date: /home/agilex/agilex_ws/install/astra_camera_msgs/include/astra_camera_msgs/astra_camera_msgs/msg/detail/extrinsics__type_support.h
[1.596s] -- Up-to-date: /home/agilex/agilex_ws/install/astra_camera_msgs/include/astra_camera_msgs/astra_camera_msgs/msg/detail/metadata__type_support.h
[1.596s] -- Up-to-date: /home/agilex/agilex_ws/install/astra_camera_msgs/include/astra_camera_msgs/astra_camera_msgs/msg/detail/metadata__functions.h
[1.596s] -- Up-to-date: /home/agilex/agilex_ws/install/astra_camera_msgs/include/astra_camera_msgs/astra_camera_msgs/msg/detail/device_info__functions.h
[1.597s] -- Up-to-date: /home/agilex/agilex_ws/install/astra_camera_msgs/include/astra_camera_msgs/astra_camera_msgs/msg/detail/extrinsics__functions.h
[1.597s] -- Up-to-date: /home/agilex/agilex_ws/install/astra_camera_msgs/include/astra_camera_msgs/astra_camera_msgs/msg/detail/extrinsics__functions.c
[1.597s] -- Up-to-date: /home/agilex/agilex_ws/install/astra_camera_msgs/include/astra_camera_msgs/astra_camera_msgs/msg/detail/device_info__type_support.h
[1.597s] -- Up-to-date: /home/agilex/agilex_ws/install/astra_camera_msgs/include/astra_camera_msgs/astra_camera_msgs/msg/detail/metadata__struct.h
[1.597s] -- Up-to-date: /home/agilex/agilex_ws/install/astra_camera_msgs/include/astra_camera_msgs/astra_camera_msgs/msg/detail/device_info__functions.c
[1.597s] -- Up-to-date: /home/agilex/agilex_ws/install/astra_camera_msgs/include/astra_camera_msgs/astra_camera_msgs/msg/detail/extrinsics__struct.h
[1.598s] -- Up-to-date: /home/agilex/agilex_ws/install/astra_camera_msgs/include/astra_camera_msgs/astra_camera_msgs/msg/device_info.h
[1.598s] -- Up-to-date: /home/agilex/agilex_ws/install/astra_camera_msgs/include/astra_camera_msgs/astra_camera_msgs/msg/extrinsics.h
[1.598s] -- Up-to-date: /home/agilex/agilex_ws/install/astra_camera_msgs/include/astra_camera_msgs/astra_camera_msgs/msg/rosidl_generator_c__visibility_control.h
[1.598s] -- Up-to-date: /home/agilex/agilex_ws/install/astra_camera_msgs/share/astra_camera_msgs/environment/library_path.sh
[1.598s] -- Up-to-date: /home/agilex/agilex_ws/install/astra_camera_msgs/share/astra_camera_msgs/environment/library_path.dsv
[1.598s] -- Up-to-date: /home/agilex/agilex_ws/install/astra_camera_msgs/lib/libastra_camera_msgs__rosidl_generator_c.so
[1.598s] -- Up-to-date: /home/agilex/agilex_ws/install/astra_camera_msgs/include/astra_camera_msgs/astra_camera_msgs
[1.598s] -- Up-to-date: /home/agilex/agilex_ws/install/astra_camera_msgs/include/astra_camera_msgs/astra_camera_msgs/srv
[1.599s] -- Up-to-date: /home/agilex/agilex_ws/install/astra_camera_msgs/include/astra_camera_msgs/astra_camera_msgs/srv/detail
[1.599s] -- Up-to-date: /home/agilex/agilex_ws/install/astra_camera_msgs/include/astra_camera_msgs/astra_camera_msgs/srv/detail/get_camera_info__rosidl_typesupport_fastrtps_c.h
[1.605s] -- Up-to-date: /home/agilex/agilex_ws/install/astra_camera_msgs/include/astra_camera_msgs/astra_camera_msgs/srv/detail/get_int32__rosidl_typesupport_fastrtps_c.h
[1.605s] -- Up-to-date: /home/agilex/agilex_ws/install/astra_camera_msgs/include/astra_camera_msgs/astra_camera_msgs/srv/detail/get_string__rosidl_typesupport_fastrtps_c.h
[1.606s] -- Up-to-date: /home/agilex/agilex_ws/install/astra_camera_msgs/include/astra_camera_msgs/astra_camera_msgs/srv/detail/set_int32__rosidl_typesupport_fastrtps_c.h
[1.606s] -- Up-to-date: /home/agilex/agilex_ws/install/astra_camera_msgs/include/astra_camera_msgs/astra_camera_msgs/srv/detail/get_camera_params__rosidl_typesupport_fastrtps_c.h
[1.606s] -- Up-to-date: /home/agilex/agilex_ws/install/astra_camera_msgs/include/astra_camera_msgs/astra_camera_msgs/srv/detail/get_device_info__rosidl_typesupport_fastrtps_c.h
[1.607s] -- Up-to-date: /home/agilex/agilex_ws/install/astra_camera_msgs/include/astra_camera_msgs/astra_camera_msgs/msg
[1.607s] -- Up-to-date: /home/agilex/agilex_ws/install/astra_camera_msgs/include/astra_camera_msgs/astra_camera_msgs/msg/rosidl_typesupport_fastrtps_c__visibility_control.h
[1.607s] -- Up-to-date: /home/agilex/agilex_ws/install/astra_camera_msgs/include/astra_camera_msgs/astra_camera_msgs/msg/detail
[1.607s] -- Up-to-date: /home/agilex/agilex_ws/install/astra_camera_msgs/include/astra_camera_msgs/astra_camera_msgs/msg/detail/extrinsics__rosidl_typesupport_fastrtps_c.h
[1.608s] -- Up-to-date: /home/agilex/agilex_ws/install/astra_camera_msgs/include/astra_camera_msgs/astra_camera_msgs/msg/detail/metadata__rosidl_typesupport_fastrtps_c.h
[1.608s] -- Up-to-date: /home/agilex/agilex_ws/install/astra_camera_msgs/include/astra_camera_msgs/astra_camera_msgs/msg/detail/device_info__rosidl_typesupport_fastrtps_c.h
[1.608s] -- Up-to-date: /home/agilex/agilex_ws/install/astra_camera_msgs/lib/libastra_camera_msgs__rosidl_typesupport_fastrtps_c.so
[1.608s] -- Up-to-date: /home/agilex/agilex_ws/install/astra_camera_msgs/include/astra_camera_msgs/astra_camera_msgs
[1.608s] -- Up-to-date: /home/agilex/agilex_ws/install/astra_camera_msgs/include/astra_camera_msgs/astra_camera_msgs/srv
[1.608s] -- Up-to-date: /home/agilex/agilex_ws/install/astra_camera_msgs/include/astra_camera_msgs/astra_camera_msgs/srv/detail
[1.608s] -- Up-to-date: /home/agilex/agilex_ws/install/astra_camera_msgs/include/astra_camera_msgs/astra_camera_msgs/srv/detail/get_int32__rosidl_typesupport_introspection_c.h
[1.608s] -- Up-to-date: /home/agilex/agilex_ws/install/astra_camera_msgs/include/astra_camera_msgs/astra_camera_msgs/srv/detail/get_int32__type_support.c
[1.608s] -- Up-to-date: /home/agilex/agilex_ws/install/astra_camera_msgs/include/astra_camera_msgs/astra_camera_msgs/srv/detail/get_camera_info__type_support.c
[1.608s] -- Up-to-date: /home/agilex/agilex_ws/install/astra_camera_msgs/include/astra_camera_msgs/astra_camera_msgs/srv/detail/get_string__rosidl_typesupport_introspection_c.h
[1.608s] -- Up-to-date: /home/agilex/agilex_ws/install/astra_camera_msgs/include/astra_camera_msgs/astra_camera_msgs/srv/detail/get_device_info__type_support.c
[1.608s] -- Up-to-date: /home/agilex/agilex_ws/install/astra_camera_msgs/include/astra_camera_msgs/astra_camera_msgs/srv/detail/get_camera_params__type_support.c
[1.608s] -- Up-to-date: /home/agilex/agilex_ws/install/astra_camera_msgs/include/astra_camera_msgs/astra_camera_msgs/srv/detail/get_camera_info__rosidl_typesupport_introspection_c.h
[1.608s] -- Up-to-date: /home/agilex/agilex_ws/install/astra_camera_msgs/include/astra_camera_msgs/astra_camera_msgs/srv/detail/get_camera_params__rosidl_typesupport_introspection_c.h
[1.608s] -- Up-to-date: /home/agilex/agilex_ws/install/astra_camera_msgs/include/astra_camera_msgs/astra_camera_msgs/srv/detail/set_int32__type_support.c
[1.608s] -- Up-to-date: /home/agilex/agilex_ws/install/astra_camera_msgs/include/astra_camera_msgs/astra_camera_msgs/srv/detail/get_device_info__rosidl_typesupport_introspection_c.h
[1.608s] -- Up-to-date: /home/agilex/agilex_ws/install/astra_camera_msgs/include/astra_camera_msgs/astra_camera_msgs/srv/detail/get_string__type_support.c
[1.608s] -- Up-to-date: /home/agilex/agilex_ws/install/astra_camera_msgs/include/astra_camera_msgs/astra_camera_msgs/srv/detail/set_int32__rosidl_typesupport_introspection_c.h
[1.610s] -- Up-to-date: /home/agilex/agilex_ws/install/astra_camera_msgs/include/astra_camera_msgs/astra_camera_msgs/msg
[1.610s] -- Up-to-date: /home/agilex/agilex_ws/install/astra_camera_msgs/include/astra_camera_msgs/astra_camera_msgs/msg/detail
[1.610s] -- Up-to-date: /home/agilex/agilex_ws/install/astra_camera_msgs/include/astra_camera_msgs/astra_camera_msgs/msg/detail/metadata__rosidl_typesupport_introspection_c.h
[1.610s] -- Up-to-date: /home/agilex/agilex_ws/install/astra_camera_msgs/include/astra_camera_msgs/astra_camera_msgs/msg/detail/metadata__type_support.c
[1.610s] -- Up-to-date: /home/agilex/agilex_ws/install/astra_camera_msgs/include/astra_camera_msgs/astra_camera_msgs/msg/detail/device_info__type_support.c
[1.610s] -- Up-to-date: /home/agilex/agilex_ws/install/astra_camera_msgs/include/astra_camera_msgs/astra_camera_msgs/msg/detail/extrinsics__type_support.c
[1.610s] -- Up-to-date: /home/agilex/agilex_ws/install/astra_camera_msgs/include/astra_camera_msgs/astra_camera_msgs/msg/detail/extrinsics__rosidl_typesupport_introspection_c.h
[1.610s] -- Up-to-date: /home/agilex/agilex_ws/install/astra_camera_msgs/include/astra_camera_msgs/astra_camera_msgs/msg/detail/device_info__rosidl_typesupport_introspection_c.h
[1.610s] -- Up-to-date: /home/agilex/agilex_ws/install/astra_camera_msgs/include/astra_camera_msgs/astra_camera_msgs/msg/rosidl_typesupport_introspection_c__visibility_control.h
[1.610s] -- Up-to-date: /home/agilex/agilex_ws/install/astra_camera_msgs/lib/libastra_camera_msgs__rosidl_typesupport_introspection_c.so
[1.610s] -- Up-to-date: /home/agilex/agilex_ws/install/astra_camera_msgs/lib/libastra_camera_msgs__rosidl_typesupport_c.so
[1.610s] -- Up-to-date: /home/agilex/agilex_ws/install/astra_camera_msgs/include/astra_camera_msgs/astra_camera_msgs
[1.610s] -- Up-to-date: /home/agilex/agilex_ws/install/astra_camera_msgs/include/astra_camera_msgs/astra_camera_msgs/srv
[1.610s] -- Up-to-date: /home/agilex/agilex_ws/install/astra_camera_msgs/include/astra_camera_msgs/astra_camera_msgs/srv/get_string.hpp
[1.610s] -- Up-to-date: /home/agilex/agilex_ws/install/astra_camera_msgs/include/astra_camera_msgs/astra_camera_msgs/srv/get_camera_params.hpp
[1.610s] -- Up-to-date: /home/agilex/agilex_ws/install/astra_camera_msgs/include/astra_camera_msgs/astra_camera_msgs/srv/get_int32.hpp
[1.610s] -- Up-to-date: /home/agilex/agilex_ws/install/astra_camera_msgs/include/astra_camera_msgs/astra_camera_msgs/srv/detail
[1.610s] -- Up-to-date: /home/agilex/agilex_ws/install/astra_camera_msgs/include/astra_camera_msgs/astra_camera_msgs/srv/detail/get_int32__traits.hpp
[1.610s] -- Up-to-date: /home/agilex/agilex_ws/install/astra_camera_msgs/include/astra_camera_msgs/astra_camera_msgs/srv/detail/get_camera_params__struct.hpp
[1.610s] -- Up-to-date: /home/agilex/agilex_ws/install/astra_camera_msgs/include/astra_camera_msgs/astra_camera_msgs/srv/detail/get_camera_params__builder.hpp
[1.610s] -- Up-to-date: /home/agilex/agilex_ws/install/astra_camera_msgs/include/astra_camera_msgs/astra_camera_msgs/srv/detail/set_int32__builder.hpp
[1.610s] -- Up-to-date: /home/agilex/agilex_ws/install/astra_camera_msgs/include/astra_camera_msgs/astra_camera_msgs/srv/detail/set_int32__struct.hpp
[1.610s] -- Up-to-date: /home/agilex/agilex_ws/install/astra_camera_msgs/include/astra_camera_msgs/astra_camera_msgs/srv/detail/get_camera_info__builder.hpp
[1.610s] -- Up-to-date: /home/agilex/agilex_ws/install/astra_camera_msgs/include/astra_camera_msgs/astra_camera_msgs/srv/detail/set_int32__traits.hpp
[1.610s] -- Up-to-date: /home/agilex/agilex_ws/install/astra_camera_msgs/include/astra_camera_msgs/astra_camera_msgs/srv/detail/get_device_info__builder.hpp
[1.610s] -- Up-to-date: /home/agilex/agilex_ws/install/astra_camera_msgs/include/astra_camera_msgs/astra_camera_msgs/srv/detail/get_int32__builder.hpp
[1.610s] -- Up-to-date: /home/agilex/agilex_ws/install/astra_camera_msgs/include/astra_camera_msgs/astra_camera_msgs/srv/detail/get_camera_params__traits.hpp
[1.611s] -- Up-to-date: /home/agilex/agilex_ws/install/astra_camera_msgs/include/astra_camera_msgs/astra_camera_msgs/srv/detail/get_string__builder.hpp
[1.611s] -- Up-to-date: /home/agilex/agilex_ws/install/astra_camera_msgs/include/astra_camera_msgs/astra_camera_msgs/srv/detail/get_int32__struct.hpp
[1.613s] -- Up-to-date: /home/agilex/agilex_ws/install/astra_camera_msgs/include/astra_camera_msgs/astra_camera_msgs/srv/detail/get_camera_info__traits.hpp
[1.613s] -- Up-to-date: /home/agilex/agilex_ws/install/astra_camera_msgs/include/astra_camera_msgs/astra_camera_msgs/srv/detail/get_device_info__traits.hpp
[1.613s] -- Up-to-date: /home/agilex/agilex_ws/install/astra_camera_msgs/include/astra_camera_msgs/astra_camera_msgs/srv/detail/get_camera_info__struct.hpp
[1.613s] -- Up-to-date: /home/agilex/agilex_ws/install/astra_camera_msgs/include/astra_camera_msgs/astra_camera_msgs/srv/detail/get_string__traits.hpp
[1.613s] -- Up-to-date: /home/agilex/agilex_ws/install/astra_camera_msgs/include/astra_camera_msgs/astra_camera_msgs/srv/detail/get_device_info__struct.hpp
[1.613s] -- Up-to-date: /home/agilex/agilex_ws/install/astra_camera_msgs/include/astra_camera_msgs/astra_camera_msgs/srv/detail/get_string__struct.hpp
[1.613s] -- Up-to-date: /home/agilex/agilex_ws/install/astra_camera_msgs/include/astra_camera_msgs/astra_camera_msgs/srv/get_device_info.hpp
[1.613s] -- Up-to-date: /home/agilex/agilex_ws/install/astra_camera_msgs/include/astra_camera_msgs/astra_camera_msgs/srv/set_int32.hpp
[1.613s] -- Up-to-date: /home/agilex/agilex_ws/install/astra_camera_msgs/include/astra_camera_msgs/astra_camera_msgs/srv/get_camera_info.hpp
[1.613s] -- Up-to-date: /home/agilex/agilex_ws/install/astra_camera_msgs/include/astra_camera_msgs/astra_camera_msgs/msg
[1.614s] -- Up-to-date: /home/agilex/agilex_ws/install/astra_camera_msgs/include/astra_camera_msgs/astra_camera_msgs/msg/detail
[1.614s] -- Up-to-date: /home/agilex/agilex_ws/install/astra_camera_msgs/include/astra_camera_msgs/astra_camera_msgs/msg/detail/device_info__traits.hpp
[1.614s] -- Up-to-date: /home/agilex/agilex_ws/install/astra_camera_msgs/include/astra_camera_msgs/astra_camera_msgs/msg/detail/device_info__struct.hpp
[1.614s] -- Up-to-date: /home/agilex/agilex_ws/install/astra_camera_msgs/include/astra_camera_msgs/astra_camera_msgs/msg/detail/extrinsics__builder.hpp
[1.614s] -- Up-to-date: /home/agilex/agilex_ws/install/astra_camera_msgs/include/astra_camera_msgs/astra_camera_msgs/msg/detail/extrinsics__traits.hpp
[1.614s] -- Up-to-date: /home/agilex/agilex_ws/install/astra_camera_msgs/include/astra_camera_msgs/astra_camera_msgs/msg/detail/metadata__traits.hpp
[1.614s] -- Up-to-date: /home/agilex/agilex_ws/install/astra_camera_msgs/include/astra_camera_msgs/astra_camera_msgs/msg/detail/metadata__struct.hpp
[1.614s] -- Up-to-date: /home/agilex/agilex_ws/install/astra_camera_msgs/include/astra_camera_msgs/astra_camera_msgs/msg/detail/device_info__builder.hpp
[1.614s] -- Up-to-date: /home/agilex/agilex_ws/install/astra_camera_msgs/include/astra_camera_msgs/astra_camera_msgs/msg/detail/extrinsics__struct.hpp
[1.614s] -- Up-to-date: /home/agilex/agilex_ws/install/astra_camera_msgs/include/astra_camera_msgs/astra_camera_msgs/msg/detail/metadata__builder.hpp
[1.614s] -- Up-to-date: /home/agilex/agilex_ws/install/astra_camera_msgs/include/astra_camera_msgs/astra_camera_msgs/msg/extrinsics.hpp
[1.614s] -- Up-to-date: /home/agilex/agilex_ws/install/astra_camera_msgs/include/astra_camera_msgs/astra_camera_msgs/msg/metadata.hpp
[1.615s] -- Up-to-date: /home/agilex/agilex_ws/install/astra_camera_msgs/include/astra_camera_msgs/astra_camera_msgs/msg/device_info.hpp
[1.615s] -- Up-to-date: /home/agilex/agilex_ws/install/astra_camera_msgs/include/astra_camera_msgs/astra_camera_msgs
[1.615s] -- Up-to-date: /home/agilex/agilex_ws/install/astra_camera_msgs/include/astra_camera_msgs/astra_camera_msgs/srv
[1.615s] -- Up-to-date: /home/agilex/agilex_ws/install/astra_camera_msgs/include/astra_camera_msgs/astra_camera_msgs/srv/detail
[1.615s] -- Up-to-date: /home/agilex/agilex_ws/install/astra_camera_msgs/include/astra_camera_msgs/astra_camera_msgs/srv/detail/set_int32__rosidl_typesupport_fastrtps_cpp.hpp
[1.615s] -- Up-to-date: /home/agilex/agilex_ws/install/astra_camera_msgs/include/astra_camera_msgs/astra_camera_msgs/srv/detail/get_device_info__rosidl_typesupport_fastrtps_cpp.hpp
[1.615s] -- Up-to-date: /home/agilex/agilex_ws/install/astra_camera_msgs/include/astra_camera_msgs/astra_camera_msgs/srv/detail/get_string__rosidl_typesupport_fastrtps_cpp.hpp
[1.616s] -- Up-to-date: /home/agilex/agilex_ws/install/astra_camera_msgs/include/astra_camera_msgs/astra_camera_msgs/srv/detail/get_camera_info__rosidl_typesupport_fastrtps_cpp.hpp
[1.616s] -- Up-to-date: /home/agilex/agilex_ws/install/astra_camera_msgs/include/astra_camera_msgs/astra_camera_msgs/srv/detail/dds_fastrtps
[1.616s] -- Up-to-date: /home/agilex/agilex_ws/install/astra_camera_msgs/include/astra_camera_msgs/astra_camera_msgs/srv/detail/get_camera_params__rosidl_typesupport_fastrtps_cpp.hpp
[1.616s] -- Up-to-date: /home/agilex/agilex_ws/install/astra_camera_msgs/include/astra_camera_msgs/astra_camera_msgs/srv/detail/get_int32__rosidl_typesupport_fastrtps_cpp.hpp
[1.616s] -- Up-to-date: /home/agilex/agilex_ws/install/astra_camera_msgs/include/astra_camera_msgs/astra_camera_msgs/msg
[1.616s] -- Up-to-date: /home/agilex/agilex_ws/install/astra_camera_msgs/include/astra_camera_msgs/astra_camera_msgs/msg/rosidl_typesupport_fastrtps_cpp__visibility_control.h
[1.616s] -- Up-to-date: /home/agilex/agilex_ws/install/astra_camera_msgs/include/astra_camera_msgs/astra_camera_msgs/msg/detail
[1.616s] -- Up-to-date: /home/agilex/agilex_ws/install/astra_camera_msgs/include/astra_camera_msgs/astra_camera_msgs/msg/detail/metadata__rosidl_typesupport_fastrtps_cpp.hpp
[1.617s] -- Up-to-date: /home/agilex/agilex_ws/install/astra_camera_msgs/include/astra_camera_msgs/astra_camera_msgs/msg/detail/device_info__rosidl_typesupport_fastrtps_cpp.hpp
[1.617s] -- Up-to-date: /home/agilex/agilex_ws/install/astra_camera_msgs/include/astra_camera_msgs/astra_camera_msgs/msg/detail/extrinsics__rosidl_typesupport_fastrtps_cpp.hpp
[1.617s] -- Up-to-date: /home/agilex/agilex_ws/install/astra_camera_msgs/include/astra_camera_msgs/astra_camera_msgs/msg/detail/dds_fastrtps
[1.617s] -- Up-to-date: /home/agilex/agilex_ws/install/astra_camera_msgs/lib/libastra_camera_msgs__rosidl_typesupport_fastrtps_cpp.so
[1.617s] -- Up-to-date: /home/agilex/agilex_ws/install/astra_camera_msgs/include/astra_camera_msgs/astra_camera_msgs
[1.617s] -- Up-to-date: /home/agilex/agilex_ws/install/astra_camera_msgs/include/astra_camera_msgs/astra_camera_msgs/srv
[1.617s] -- Up-to-date: /home/agilex/agilex_ws/install/astra_camera_msgs/include/astra_camera_msgs/astra_camera_msgs/srv/detail
[1.617s] -- Up-to-date: /home/agilex/agilex_ws/install/astra_camera_msgs/include/astra_camera_msgs/astra_camera_msgs/srv/detail/get_string__rosidl_typesupport_introspection_cpp.hpp
[1.617s] -- Up-to-date: /home/agilex/agilex_ws/install/astra_camera_msgs/include/astra_camera_msgs/astra_camera_msgs/srv/detail/set_int32__type_support.cpp
[1.617s] -- Up-to-date: /home/agilex/agilex_ws/install/astra_camera_msgs/include/astra_camera_msgs/astra_camera_msgs/srv/detail/get_int32__rosidl_typesupport_introspection_cpp.hpp
[1.617s] -- Up-to-date: /home/agilex/agilex_ws/install/astra_camera_msgs/include/astra_camera_msgs/astra_camera_msgs/srv/detail/get_camera_params__rosidl_typesupport_introspection_cpp.hpp
[1.618s] -- Up-to-date: /home/agilex/agilex_ws/install/astra_camera_msgs/include/astra_camera_msgs/astra_camera_msgs/srv/detail/get_int32__type_support.cpp
[1.618s] -- Up-to-date: /home/agilex/agilex_ws/install/astra_camera_msgs/include/astra_camera_msgs/astra_camera_msgs/srv/detail/get_string__type_support.cpp
[1.618s] -- Up-to-date: /home/agilex/agilex_ws/install/astra_camera_msgs/include/astra_camera_msgs/astra_camera_msgs/srv/detail/get_camera_params__type_support.cpp
[1.618s] -- Up-to-date: /home/agilex/agilex_ws/install/astra_camera_msgs/include/astra_camera_msgs/astra_camera_msgs/srv/detail/get_camera_info__type_support.cpp
[1.618s] -- Up-to-date: /home/agilex/agilex_ws/install/astra_camera_msgs/include/astra_camera_msgs/astra_camera_msgs/srv/detail/get_device_info__type_support.cpp
[1.618s] -- Up-to-date: /home/agilex/agilex_ws/install/astra_camera_msgs/include/astra_camera_msgs/astra_camera_msgs/srv/detail/get_camera_info__rosidl_typesupport_introspection_cpp.hpp
[1.618s] -- Up-to-date: /home/agilex/agilex_ws/install/astra_camera_msgs/include/astra_camera_msgs/astra_camera_msgs/srv/detail/set_int32__rosidl_typesupport_introspection_cpp.hpp
[1.618s] -- Up-to-date: /home/agilex/agilex_ws/install/astra_camera_msgs/include/astra_camera_msgs/astra_camera_msgs/srv/detail/get_device_info__rosidl_typesupport_introspection_cpp.hpp
[1.618s] -- Up-to-date: /home/agilex/agilex_ws/install/astra_camera_msgs/include/astra_camera_msgs/astra_camera_msgs/msg
[1.618s] -- Up-to-date: /home/agilex/agilex_ws/install/astra_camera_msgs/include/astra_camera_msgs/astra_camera_msgs/msg/detail
[1.618s] -- Up-to-date: /home/agilex/agilex_ws/install/astra_camera_msgs/include/astra_camera_msgs/astra_camera_msgs/msg/detail/metadata__rosidl_typesupport_introspection_cpp.hpp
[1.618s] -- Up-to-date: /home/agilex/agilex_ws/install/astra_camera_msgs/include/astra_camera_msgs/astra_camera_msgs/msg/detail/device_info__rosidl_typesupport_introspection_cpp.hpp
[1.618s] -- Up-to-date: /home/agilex/agilex_ws/install/astra_camera_msgs/include/astra_camera_msgs/astra_camera_msgs/msg/detail/metadata__type_support.cpp
[1.619s] -- Up-to-date: /home/agilex/agilex_ws/install/astra_camera_msgs/include/astra_camera_msgs/astra_camera_msgs/msg/detail/device_info__type_support.cpp
[1.619s] -- Up-to-date: /home/agilex/agilex_ws/install/astra_camera_msgs/include/astra_camera_msgs/astra_camera_msgs/msg/detail/extrinsics__rosidl_typesupport_introspection_cpp.hpp
[1.619s] -- Up-to-date: /home/agilex/agilex_ws/install/astra_camera_msgs/include/astra_camera_msgs/astra_camera_msgs/msg/detail/extrinsics__type_support.cpp
[1.620s] -- Up-to-date: /home/agilex/agilex_ws/install/astra_camera_msgs/lib/libastra_camera_msgs__rosidl_typesupport_introspection_cpp.so
[1.620s] -- Up-to-date: /home/agilex/agilex_ws/install/astra_camera_msgs/lib/libastra_camera_msgs__rosidl_typesupport_cpp.so
[1.620s] -- Up-to-date: /home/agilex/agilex_ws/install/astra_camera_msgs/share/astra_camera_msgs/environment/pythonpath.sh
[1.621s] -- Up-to-date: /home/agilex/agilex_ws/install/astra_camera_msgs/share/astra_camera_msgs/environment/pythonpath.dsv
[1.621s] -- Up-to-date: /home/agilex/agilex_ws/install/astra_camera_msgs/local/lib/python3.10/dist-packages/astra_camera_msgs-1.0.1-py3.10.egg-info
[1.621s] -- Installing: /home/agilex/agilex_ws/install/astra_camera_msgs/local/lib/python3.10/dist-packages/astra_camera_msgs-1.0.1-py3.10.egg-info/top_level.txt
[1.621s] -- Installing: /home/agilex/agilex_ws/install/astra_camera_msgs/local/lib/python3.10/dist-packages/astra_camera_msgs-1.0.1-py3.10.egg-info/SOURCES.txt
[1.622s] -- Installing: /home/agilex/agilex_ws/install/astra_camera_msgs/local/lib/python3.10/dist-packages/astra_camera_msgs-1.0.1-py3.10.egg-info/PKG-INFO
[1.622s] -- Installing: /home/agilex/agilex_ws/install/astra_camera_msgs/local/lib/python3.10/dist-packages/astra_camera_msgs-1.0.1-py3.10.egg-info/dependency_links.txt
[1.622s] -- Up-to-date: /home/agilex/agilex_ws/install/astra_camera_msgs/local/lib/python3.10/dist-packages/astra_camera_msgs
[1.623s] -- Up-to-date: /home/agilex/agilex_ws/install/astra_camera_msgs/local/lib/python3.10/dist-packages/astra_camera_msgs/_astra_camera_msgs_s.ep.rosidl_typesupport_c.c
[1.623s] -- Up-to-date: /home/agilex/agilex_ws/install/astra_camera_msgs/local/lib/python3.10/dist-packages/astra_camera_msgs/astra_camera_msgs_s__rosidl_typesupport_fastrtps_c.cpython-310-x86_64-linux-gnu.so
[1.623s] -- Up-to-date: /home/agilex/agilex_ws/install/astra_camera_msgs/local/lib/python3.10/dist-packages/astra_camera_msgs/__init__.py
[1.623s] -- Up-to-date: /home/agilex/agilex_ws/install/astra_camera_msgs/local/lib/python3.10/dist-packages/astra_camera_msgs/_astra_camera_msgs_s.ep.rosidl_typesupport_fastrtps_c.c
[1.623s] -- Up-to-date: /home/agilex/agilex_ws/install/astra_camera_msgs/local/lib/python3.10/dist-packages/astra_camera_msgs/srv
[1.623s] -- Up-to-date: /home/agilex/agilex_ws/install/astra_camera_msgs/local/lib/python3.10/dist-packages/astra_camera_msgs/srv/_get_camera_params_s.c
[1.623s] -- Up-to-date: /home/agilex/agilex_ws/install/astra_camera_msgs/local/lib/python3.10/dist-packages/astra_camera_msgs/srv/_set_int32.py
[1.624s] -- Up-to-date: /home/agilex/agilex_ws/install/astra_camera_msgs/local/lib/python3.10/dist-packages/astra_camera_msgs/srv/_get_string.py
[1.624s] -- Up-to-date: /home/agilex/agilex_ws/install/astra_camera_msgs/local/lib/python3.10/dist-packages/astra_camera_msgs/srv/__init__.py
[1.624s] -- Up-to-date: /home/agilex/agilex_ws/install/astra_camera_msgs/local/lib/python3.10/dist-packages/astra_camera_msgs/srv/_get_int32_s.c
[1.624s] -- Up-to-date: /home/agilex/agilex_ws/install/astra_camera_msgs/local/lib/python3.10/dist-packages/astra_camera_msgs/srv/_get_camera_info_s.c
[1.624s] -- Up-to-date: /home/agilex/agilex_ws/install/astra_camera_msgs/local/lib/python3.10/dist-packages/astra_camera_msgs/srv/_get_string_s.c
[1.624s] -- Up-to-date: /home/agilex/agilex_ws/install/astra_camera_msgs/local/lib/python3.10/dist-packages/astra_camera_msgs/srv/_set_int32_s.c
[1.624s] -- Up-to-date: /home/agilex/agilex_ws/install/astra_camera_msgs/local/lib/python3.10/dist-packages/astra_camera_msgs/srv/_get_camera_info.py
[1.624s] -- Up-to-date: /home/agilex/agilex_ws/install/astra_camera_msgs/local/lib/python3.10/dist-packages/astra_camera_msgs/srv/_get_camera_params.py
[1.624s] -- Up-to-date: /home/agilex/agilex_ws/install/astra_camera_msgs/local/lib/python3.10/dist-packages/astra_camera_msgs/srv/_get_device_info.py
[1.624s] -- Up-to-date: /home/agilex/agilex_ws/install/astra_camera_msgs/local/lib/python3.10/dist-packages/astra_camera_msgs/srv/_get_device_info_s.c
[1.625s] -- Up-to-date: /home/agilex/agilex_ws/install/astra_camera_msgs/local/lib/python3.10/dist-packages/astra_camera_msgs/srv/_get_int32.py
[1.625s] -- Up-to-date: /home/agilex/agilex_ws/install/astra_camera_msgs/local/lib/python3.10/dist-packages/astra_camera_msgs/_astra_camera_msgs_s.ep.rosidl_typesupport_introspection_c.c
[1.625s] -- Up-to-date: /home/agilex/agilex_ws/install/astra_camera_msgs/local/lib/python3.10/dist-packages/astra_camera_msgs/astra_camera_msgs_s__rosidl_typesupport_introspection_c.cpython-310-x86_64-linux-gnu.so
[1.625s] -- Up-to-date: /home/agilex/agilex_ws/install/astra_camera_msgs/local/lib/python3.10/dist-packages/astra_camera_msgs/msg
[1.625s] -- Up-to-date: /home/agilex/agilex_ws/install/astra_camera_msgs/local/lib/python3.10/dist-packages/astra_camera_msgs/msg/_metadata_s.c
[1.625s] -- Up-to-date: /home/agilex/agilex_ws/install/astra_camera_msgs/local/lib/python3.10/dist-packages/astra_camera_msgs/msg/__init__.py
[1.627s] -- Up-to-date: /home/agilex/agilex_ws/install/astra_camera_msgs/local/lib/python3.10/dist-packages/astra_camera_msgs/msg/_extrinsics.py
[1.627s] -- Up-to-date: /home/agilex/agilex_ws/install/astra_camera_msgs/local/lib/python3.10/dist-packages/astra_camera_msgs/msg/_extrinsics_s.c
[1.627s] -- Up-to-date: /home/agilex/agilex_ws/install/astra_camera_msgs/local/lib/python3.10/dist-packages/astra_camera_msgs/msg/_metadata.py
[1.627s] -- Up-to-date: /home/agilex/agilex_ws/install/astra_camera_msgs/local/lib/python3.10/dist-packages/astra_camera_msgs/msg/_device_info.py
[1.627s] -- Up-to-date: /home/agilex/agilex_ws/install/astra_camera_msgs/local/lib/python3.10/dist-packages/astra_camera_msgs/msg/_device_info_s.c
[1.627s] -- Up-to-date: /home/agilex/agilex_ws/install/astra_camera_msgs/local/lib/python3.10/dist-packages/astra_camera_msgs/libastra_camera_msgs__rosidl_generator_py.so
[1.627s] -- Up-to-date: /home/agilex/agilex_ws/install/astra_camera_msgs/local/lib/python3.10/dist-packages/astra_camera_msgs/astra_camera_msgs_s__rosidl_typesupport_c.cpython-310-x86_64-linux-gnu.so
[1.641s] Listing '/home/agilex/agilex_ws/install/astra_camera_msgs/local/lib/python3.10/dist-packages/astra_camera_msgs'...
[1.641s] Listing '/home/agilex/agilex_ws/install/astra_camera_msgs/local/lib/python3.10/dist-packages/astra_camera_msgs/msg'...
[1.641s] Listing '/home/agilex/agilex_ws/install/astra_camera_msgs/local/lib/python3.10/dist-packages/astra_camera_msgs/srv'...
[1.642s] -- Up-to-date: /home/agilex/agilex_ws/install/astra_camera_msgs/local/lib/python3.10/dist-packages/astra_camera_msgs/astra_camera_msgs_s__rosidl_typesupport_fastrtps_c.cpython-310-x86_64-linux-gnu.so
[1.642s] -- Up-to-date: /home/agilex/agilex_ws/install/astra_camera_msgs/local/lib/python3.10/dist-packages/astra_camera_msgs/astra_camera_msgs_s__rosidl_typesupport_introspection_c.cpython-310-x86_64-linux-gnu.so
[1.642s] -- Up-to-date: /home/agilex/agilex_ws/install/astra_camera_msgs/local/lib/python3.10/dist-packages/astra_camera_msgs/astra_camera_msgs_s__rosidl_typesupport_c.cpython-310-x86_64-linux-gnu.so
[1.642s] -- Up-to-date: /home/agilex/agilex_ws/install/astra_camera_msgs/lib/libastra_camera_msgs__rosidl_generator_py.so
[1.642s] -- Up-to-date: /home/agilex/agilex_ws/install/astra_camera_msgs/share/astra_camera_msgs/msg/DeviceInfo.idl
[1.642s] -- Up-to-date: /home/agilex/agilex_ws/install/astra_camera_msgs/share/astra_camera_msgs/msg/Extrinsics.idl
[1.642s] -- Up-to-date: /home/agilex/agilex_ws/install/astra_camera_msgs/share/astra_camera_msgs/msg/Metadata.idl
[1.642s] -- Up-to-date: /home/agilex/agilex_ws/install/astra_camera_msgs/share/astra_camera_msgs/srv/GetDeviceInfo.idl
[1.642s] -- Up-to-date: /home/agilex/agilex_ws/install/astra_camera_msgs/share/astra_camera_msgs/srv/GetCameraInfo.idl
[1.642s] -- Up-to-date: /home/agilex/agilex_ws/install/astra_camera_msgs/share/astra_camera_msgs/srv/GetCameraParams.idl
[1.642s] -- Up-to-date: /home/agilex/agilex_ws/install/astra_camera_msgs/share/astra_camera_msgs/srv/GetInt32.idl
[1.642s] -- Up-to-date: /home/agilex/agilex_ws/install/astra_camera_msgs/share/astra_camera_msgs/srv/GetString.idl
[1.642s] -- Up-to-date: /home/agilex/agilex_ws/install/astra_camera_msgs/share/astra_camera_msgs/srv/SetInt32.idl
[1.642s] -- Up-to-date: /home/agilex/agilex_ws/install/astra_camera_msgs/share/astra_camera_msgs/msg/DeviceInfo.msg
[1.642s] -- Up-to-date: /home/agilex/agilex_ws/install/astra_camera_msgs/share/astra_camera_msgs/msg/Extrinsics.msg
[1.642s] -- Up-to-date: /home/agilex/agilex_ws/install/astra_camera_msgs/share/astra_camera_msgs/msg/Metadata.msg
[1.642s] -- Up-to-date: /home/agilex/agilex_ws/install/astra_camera_msgs/share/astra_camera_msgs/srv/GetDeviceInfo.srv
[1.642s] -- Up-to-date: /home/agilex/agilex_ws/install/astra_camera_msgs/share/astra_camera_msgs/srv/GetDeviceInfo_Request.msg
[1.642s] -- Up-to-date: /home/agilex/agilex_ws/install/astra_camera_msgs/share/astra_camera_msgs/srv/GetDeviceInfo_Response.msg
[1.642s] -- Up-to-date: /home/agilex/agilex_ws/install/astra_camera_msgs/share/astra_camera_msgs/srv/GetCameraInfo.srv
[1.642s] -- Up-to-date: /home/agilex/agilex_ws/install/astra_camera_msgs/share/astra_camera_msgs/srv/GetCameraInfo_Request.msg
[1.642s] -- Up-to-date: /home/agilex/agilex_ws/install/astra_camera_msgs/share/astra_camera_msgs/srv/GetCameraInfo_Response.msg
[1.642s] -- Up-to-date: /home/agilex/agilex_ws/install/astra_camera_msgs/share/astra_camera_msgs/srv/GetCameraParams.srv
[1.642s] -- Up-to-date: /home/agilex/agilex_ws/install/astra_camera_msgs/share/astra_camera_msgs/srv/GetCameraParams_Request.msg
[1.642s] -- Up-to-date: /home/agilex/agilex_ws/install/astra_camera_msgs/share/astra_camera_msgs/srv/GetCameraParams_Response.msg
[1.642s] -- Up-to-date: /home/agilex/agilex_ws/install/astra_camera_msgs/share/astra_camera_msgs/srv/GetInt32.srv
[1.642s] -- Up-to-date: /home/agilex/agilex_ws/install/astra_camera_msgs/share/astra_camera_msgs/srv/GetInt32_Request.msg
[1.642s] -- Up-to-date: /home/agilex/agilex_ws/install/astra_camera_msgs/share/astra_camera_msgs/srv/GetInt32_Response.msg
[1.642s] -- Up-to-date: /home/agilex/agilex_ws/install/astra_camera_msgs/share/astra_camera_msgs/srv/GetString.srv
[1.642s] -- Up-to-date: /home/agilex/agilex_ws/install/astra_camera_msgs/share/astra_camera_msgs/srv/GetString_Request.msg
[1.642s] -- Up-to-date: /home/agilex/agilex_ws/install/astra_camera_msgs/share/astra_camera_msgs/srv/GetString_Response.msg
[1.642s] -- Up-to-date: /home/agilex/agilex_ws/install/astra_camera_msgs/share/astra_camera_msgs/srv/SetInt32.srv
[1.642s] -- Up-to-date: /home/agilex/agilex_ws/install/astra_camera_msgs/share/astra_camera_msgs/srv/SetInt32_Request.msg
[1.643s] -- Up-to-date: /home/agilex/agilex_ws/install/astra_camera_msgs/share/astra_camera_msgs/srv/SetInt32_Response.msg
[1.643s] -- Up-to-date: /home/agilex/agilex_ws/install/astra_camera_msgs/share/ament_index/resource_index/package_run_dependencies/astra_camera_msgs
[1.643s] -- Up-to-date: /home/agilex/agilex_ws/install/astra_camera_msgs/share/ament_index/resource_index/parent_prefix_path/astra_camera_msgs
[1.643s] -- Up-to-date: /home/agilex/agilex_ws/install/astra_camera_msgs/share/astra_camera_msgs/environment/ament_prefix_path.sh
[1.643s] -- Up-to-date: /home/agilex/agilex_ws/install/astra_camera_msgs/share/astra_camera_msgs/environment/ament_prefix_path.dsv
[1.643s] -- Up-to-date: /home/agilex/agilex_ws/install/astra_camera_msgs/share/astra_camera_msgs/environment/path.sh
[1.643s] -- Up-to-date: /home/agilex/agilex_ws/install/astra_camera_msgs/share/astra_camera_msgs/environment/path.dsv
[1.643s] -- Up-to-date: /home/agilex/agilex_ws/install/astra_camera_msgs/share/astra_camera_msgs/local_setup.bash
[1.643s] -- Up-to-date: /home/agilex/agilex_ws/install/astra_camera_msgs/share/astra_camera_msgs/local_setup.sh
[1.643s] -- Up-to-date: /home/agilex/agilex_ws/install/astra_camera_msgs/share/astra_camera_msgs/local_setup.zsh
[1.643s] -- Up-to-date: /home/agilex/agilex_ws/install/astra_camera_msgs/share/astra_camera_msgs/local_setup.dsv
[1.643s] -- Installing: /home/agilex/agilex_ws/install/astra_camera_msgs/share/astra_camera_msgs/package.dsv
[1.643s] -- Up-to-date: /home/agilex/agilex_ws/install/astra_camera_msgs/share/ament_index/resource_index/packages/astra_camera_msgs
[1.643s] -- Up-to-date: /home/agilex/agilex_ws/install/astra_camera_msgs/share/astra_camera_msgs/cmake/export_astra_camera_msgs__rosidl_generator_cExport.cmake
[1.643s] -- Up-to-date: /home/agilex/agilex_ws/install/astra_camera_msgs/share/astra_camera_msgs/cmake/export_astra_camera_msgs__rosidl_generator_cExport-noconfig.cmake
[1.643s] -- Up-to-date: /home/agilex/agilex_ws/install/astra_camera_msgs/share/astra_camera_msgs/cmake/export_astra_camera_msgs__rosidl_typesupport_fastrtps_cExport.cmake
[1.643s] -- Up-to-date: /home/agilex/agilex_ws/install/astra_camera_msgs/share/astra_camera_msgs/cmake/export_astra_camera_msgs__rosidl_typesupport_fastrtps_cExport-noconfig.cmake
[1.643s] -- Up-to-date: /home/agilex/agilex_ws/install/astra_camera_msgs/share/astra_camera_msgs/cmake/astra_camera_msgs__rosidl_typesupport_introspection_cExport.cmake
[1.643s] -- Up-to-date: /home/agilex/agilex_ws/install/astra_camera_msgs/share/astra_camera_msgs/cmake/astra_camera_msgs__rosidl_typesupport_introspection_cExport-noconfig.cmake
[1.644s] -- Up-to-date: /home/agilex/agilex_ws/install/astra_camera_msgs/share/astra_camera_msgs/cmake/astra_camera_msgs__rosidl_typesupport_cExport.cmake
[1.644s] -- Up-to-date: /home/agilex/agilex_ws/install/astra_camera_msgs/share/astra_camera_msgs/cmake/astra_camera_msgs__rosidl_typesupport_cExport-noconfig.cmake
[1.644s] -- Up-to-date: /home/agilex/agilex_ws/install/astra_camera_msgs/share/astra_camera_msgs/cmake/export_astra_camera_msgs__rosidl_generator_cppExport.cmake
[1.644s] -- Up-to-date: /home/agilex/agilex_ws/install/astra_camera_msgs/share/astra_camera_msgs/cmake/export_astra_camera_msgs__rosidl_typesupport_fastrtps_cppExport.cmake
[1.644s] -- Up-to-date: /home/agilex/agilex_ws/install/astra_camera_msgs/share/astra_camera_msgs/cmake/export_astra_camera_msgs__rosidl_typesupport_fastrtps_cppExport-noconfig.cmake
[1.645s] -- Up-to-date: /home/agilex/agilex_ws/install/astra_camera_msgs/share/astra_camera_msgs/cmake/astra_camera_msgs__rosidl_typesupport_introspection_cppExport.cmake
[1.645s] -- Up-to-date: /home/agilex/agilex_ws/install/astra_camera_msgs/share/astra_camera_msgs/cmake/astra_camera_msgs__rosidl_typesupport_introspection_cppExport-noconfig.cmake
[1.645s] -- Up-to-date: /home/agilex/agilex_ws/install/astra_camera_msgs/share/astra_camera_msgs/cmake/astra_camera_msgs__rosidl_typesupport_cppExport.cmake
[1.645s] -- Up-to-date: /home/agilex/agilex_ws/install/astra_camera_msgs/share/astra_camera_msgs/cmake/astra_camera_msgs__rosidl_typesupport_cppExport-noconfig.cmake
[1.645s] -- Up-to-date: /home/agilex/agilex_ws/install/astra_camera_msgs/share/astra_camera_msgs/cmake/export_astra_camera_msgs__rosidl_generator_pyExport.cmake
[1.645s] -- Up-to-date: /home/agilex/agilex_ws/install/astra_camera_msgs/share/astra_camera_msgs/cmake/export_astra_camera_msgs__rosidl_generator_pyExport-noconfig.cmake
[1.645s] -- Up-to-date: /home/agilex/agilex_ws/install/astra_camera_msgs/share/astra_camera_msgs/cmake/rosidl_cmake-extras.cmake
[1.645s] -- Up-to-date: /home/agilex/agilex_ws/install/astra_camera_msgs/share/astra_camera_msgs/cmake/ament_cmake_export_dependencies-extras.cmake
[1.645s] -- Up-to-date: /home/agilex/agilex_ws/install/astra_camera_msgs/share/astra_camera_msgs/cmake/ament_cmake_export_include_directories-extras.cmake
[1.645s] -- Up-to-date: /home/agilex/agilex_ws/install/astra_camera_msgs/share/astra_camera_msgs/cmake/ament_cmake_export_libraries-extras.cmake
[1.645s] -- Up-to-date: /home/agilex/agilex_ws/install/astra_camera_msgs/share/astra_camera_msgs/cmake/ament_cmake_export_targets-extras.cmake
[1.645s] -- Up-to-date: /home/agilex/agilex_ws/install/astra_camera_msgs/share/astra_camera_msgs/cmake/rosidl_cmake_export_typesupport_targets-extras.cmake
[1.645s] -- Up-to-date: /home/agilex/agilex_ws/install/astra_camera_msgs/share/astra_camera_msgs/cmake/rosidl_cmake_export_typesupport_libraries-extras.cmake
[1.645s] -- Up-to-date: /home/agilex/agilex_ws/install/astra_camera_msgs/share/astra_camera_msgs/cmake/astra_camera_msgsConfig.cmake
[1.645s] -- Up-to-date: /home/agilex/agilex_ws/install/astra_camera_msgs/share/astra_camera_msgs/cmake/astra_camera_msgsConfig-version.cmake
[1.645s] -- Up-to-date: /home/agilex/agilex_ws/install/astra_camera_msgs/share/astra_camera_msgs/package.xml
[2.109s] Invoked command in '/home/agilex/agilex_ws/build/astra_camera_msgs' returned '0': CMAKE_PREFIX_PATH=${CMAKE_PREFIX_PATH}:/home/agilex/agilex_ws/install/yolov5_ros2:/home/agilex/agilex_ws/install/nav2_simple_commander:/opt/ros/humble /usr/bin/cmake --install /home/agilex/agilex_ws/build/astra_camera_msgs
