[0.013s] Invoking command in '/home/agilex/agilex_ws/build/libuvc': /usr/bin/cmake /home/agilex/agilex_ws/src/ros2_astra_camera/libuvc -DCMAKE_INSTALL_PREFIX=/home/agilex/agilex_ws/install/libuvc
[2.014s] -- The C compiler identification is GNU 11.3.0
[2.015s] -- Detecting C compiler ABI info
[2.015s] -- Detecting C compiler ABI info - done
[2.015s] -- Check for working C compiler: /usr/bin/cc - skipped
[2.015s] -- Detecting C compile features
[2.015s] -- Detecting C compile features - done
[2.015s] -- No build type selected, default to Release
[2.015s] -- No target type selected, default to both shared and static library
[2.015s] -- Found PkgConfig: /usr/bin/pkg-config (found version "0.29.2") 
[2.015s] -- Checking for module 'libusb-1.0'
[2.015s] --   Found libusb-1.0, version 1.0.25
[2.015s] -- libusb-1.0 found using pkgconfig
[2.015s] -- Found JPEG: /usr/lib/x86_64-linux-gnu/libjpeg.so (found version "80") 
[2.016s] -- Found JPEG library using standard module
[2.016s] -- Building libuvc with JPEG support.
[2.016s] -- Looking for pthread.h
[2.016s] -- Looking for pthread.h - found
[2.016s] -- Performing Test CMAKE_HAVE_LIBC_PTHREAD
[2.016s] -- Performing Test CMAKE_HAVE_LIBC_PTHREAD - Success
[2.016s] -- Found Threads: TRUE  
[2.016s] -- Configuring done
[2.016s] -- Generating done
[2.016s] -- Build files have been written to: /home/agilex/agilex_ws/build/libuvc
[2.018s] Invoked command in '/home/agilex/agilex_ws/build/libuvc' returned '0': /usr/bin/cmake /home/agilex/agilex_ws/src/ros2_astra_camera/libuvc -DCMAKE_INSTALL_PREFIX=/home/agilex/agilex_ws/install/libuvc
[2.018s] Invoking command in '/home/agilex/agilex_ws/build/libuvc': /usr/bin/cmake --build /home/agilex/agilex_ws/build/libuvc -- -j8 -l8
[2.716s] [  4%] [32mBuilding C object CMakeFiles/uvc.dir/src/ctrl.c.o[0m
[2.716s] [  9%] [32mBuilding C object CMakeFiles/uvc.dir/src/stream.c.o[0m
[2.716s] [ 13%] [32mBuilding C object CMakeFiles/uvc.dir/src/misc.c.o[0m
[2.716s] [ 18%] [32mBuilding C object CMakeFiles/uvc.dir/src/frame-mjpeg.c.o[0m
[2.716s] [ 22%] [32mBuilding C object CMakeFiles/uvc.dir/src/init.c.o[0m
[2.716s] [ 27%] [32mBuilding C object CMakeFiles/uvc.dir/src/frame.c.o[0m
[2.935s] [ 31%] [32mBuilding C object CMakeFiles/uvc.dir/src/diag.c.o[0m
[3.040s] [ 36%] [32mBuilding C object CMakeFiles/uvc.dir/src/device.c.o[0m
[3.371s] [ 40%] [32mBuilding C object CMakeFiles/uvc.dir/src/ctrl-gen.c.o[0m
[3.754s] [ 45%] [32m[1mLinking C shared library libuvc.so[0m
[3.799s] [ 45%] Built target uvc
[3.817s] [ 50%] [32mBuilding C object CMakeFiles/uvc_static.dir/src/ctrl.c.o[0m
[3.871s] [ 54%] [32mBuilding C object CMakeFiles/uvc_static.dir/src/stream.c.o[0m
[4.234s] [ 59%] [32mBuilding C object CMakeFiles/uvc_static.dir/src/misc.c.o[0m
[4.257s] [ 63%] [32mBuilding C object CMakeFiles/uvc_static.dir/src/frame-mjpeg.c.o[0m
[4.325s] [ 68%] [32mBuilding C object CMakeFiles/uvc_static.dir/src/init.c.o[0m
[4.374s] [ 72%] [32mBuilding C object CMakeFiles/uvc_static.dir/src/frame.c.o[0m
[4.674s] [ 77%] [32mBuilding C object CMakeFiles/uvc_static.dir/src/diag.c.o[0m
[4.786s] [ 81%] [32mBuilding C object CMakeFiles/uvc_static.dir/src/device.c.o[0m
[5.147s] [ 86%] [32mBuilding C object CMakeFiles/uvc_static.dir/src/ctrl-gen.c.o[0m
[5.524s] [ 90%] [32m[1mLinking C static library libuvc.a[0m
[5.564s] [ 90%] Built target uvc_static
[5.581s] [ 95%] [32mBuilding C object CMakeFiles/example.dir/src/example.c.o[0m
[5.598s] [01m[K/home/agilex/agilex_ws/src/ros2_astra_camera/libuvc/src/example.c:[m[K In function ‘[01m[Kcb[m[K’:
[5.598s] [01m[K/home/agilex/agilex_ws/src/ros2_astra_camera/libuvc/src/example.c:26:74:[m[K [01;35m[Kwarning: [m[Kcast from pointer to integer of different size [[01;35m[K]8;;https://gcc.gnu.org/onlinedocs/gcc/Warning-Options.html#index-Wpointer-to-int-cast-Wpointer-to-int-cast]8;;[m[K]
[5.598s]    26 |     frame->frame_format, frame->width, frame->height, frame->data_bytes, [01;35m[K([m[Kint) ptr);
[5.598s]       |                                                                          [01;35m[K^[m[K
[5.632s] [100%] [32m[1mLinking C executable example[0m
[5.669s] [100%] Built target example
[5.694s] Invoked command in '/home/agilex/agilex_ws/build/libuvc' returned '0': /usr/bin/cmake --build /home/agilex/agilex_ws/build/libuvc -- -j8 -l8
[5.723s] Invoking command in '/home/agilex/agilex_ws/build/libuvc': /usr/bin/cmake --install /home/agilex/agilex_ws/build/libuvc
[7.003s] -- Install configuration: "Release"
[7.004s] -- Installing: /home/agilex/agilex_ws/install/libuvc/lib/libuvc.so.0.0.6
[7.004s] -- Installing: /home/agilex/agilex_ws/install/libuvc/lib/libuvc.so.0
[7.005s] -- Installing: /home/agilex/agilex_ws/install/libuvc/lib/libuvc.so
[7.005s] -- Installing: /home/agilex/agilex_ws/install/libuvc/include/libuvc/libuvc.h
[7.009s] -- Installing: /home/agilex/agilex_ws/install/libuvc/include/libuvc/libuvc_config.h
[7.010s] -- Installing: /home/agilex/agilex_ws/install/libuvc/lib/libuvc.a
[7.012s] -- Up-to-date: /home/agilex/agilex_ws/install/libuvc/include/libuvc/libuvc.h
[7.012s] -- Up-to-date: /home/agilex/agilex_ws/install/libuvc/include/libuvc/libuvc_config.h
[7.012s] -- Installing: /home/agilex/agilex_ws/install/libuvc/lib/cmake/libuvc/libuvcTargets.cmake
[7.013s] -- Installing: /home/agilex/agilex_ws/install/libuvc/lib/cmake/libuvc/libuvcTargets-release.cmake
[7.013s] -- Installing: /home/agilex/agilex_ws/install/libuvc/lib/cmake/libuvc/FindLibUSB.cmake
[7.013s] -- Installing: /home/agilex/agilex_ws/install/libuvc/lib/cmake/libuvc/FindJpegPkg.cmake
[7.013s] -- Installing: /home/agilex/agilex_ws/install/libuvc/lib/cmake/libuvc/libuvcConfigVersion.cmake
[7.013s] -- Installing: /home/agilex/agilex_ws/install/libuvc/lib/pkgconfig/libuvc.pc
[7.013s] -- Installing: /home/agilex/agilex_ws/install/libuvc/lib/cmake/libuvc/libuvcConfig.cmake
[7.015s] Invoked command in '/home/agilex/agilex_ws/build/libuvc' returned '0': /usr/bin/cmake --install /home/agilex/agilex_ws/build/libuvc
