[35m[1mConsolidate compiler generated dependencies of target detect_line[0m
[35m[1mConsolidate compiler generated dependencies of target move_to_ar[0m
[35m[1mConsolidate compiler generated dependencies of target traffic_light[0m
[35m[1mConsolidate compiler generated dependencies of target object_detect[0m
[ 25%] Built target detect_line
[ 50%] Built target move_to_ar
[ 75%] Built target object_detect
[100%] Built target traffic_light
-- Install configuration: ""
-- Up-to-date: /home/agilex/agilex_ws/install/limo_visions/lib/limo_visions/move_to_ar
-- Up-to-date: /home/agilex/agilex_ws/install/limo_visions/lib/limo_visions/object_detect
-- Up-to-date: /home/agilex/agilex_ws/install/limo_visions/lib/limo_visions/detect_line
-- Up-to-date: /home/agilex/agilex_ws/install/limo_visions/lib/limo_visions/traffic_light
-- Up-to-date: /home/agilex/agilex_ws/install/limo_visions/share/ament_index/resource_index/package_run_dependencies/limo_visions
-- Up-to-date: /home/agilex/agilex_ws/install/limo_visions/share/ament_index/resource_index/parent_prefix_path/limo_visions
-- Up-to-date: /home/agilex/agilex_ws/install/limo_visions/share/limo_visions/environment/ament_prefix_path.sh
-- Up-to-date: /home/agilex/agilex_ws/install/limo_visions/share/limo_visions/environment/ament_prefix_path.dsv
-- Up-to-date: /home/agilex/agilex_ws/install/limo_visions/share/limo_visions/environment/path.sh
-- Up-to-date: /home/agilex/agilex_ws/install/limo_visions/share/limo_visions/environment/path.dsv
-- Up-to-date: /home/agilex/agilex_ws/install/limo_visions/share/limo_visions/local_setup.bash
-- Up-to-date: /home/agilex/agilex_ws/install/limo_visions/share/limo_visions/local_setup.sh
-- Up-to-date: /home/agilex/agilex_ws/install/limo_visions/share/limo_visions/local_setup.zsh
-- Up-to-date: /home/agilex/agilex_ws/install/limo_visions/share/limo_visions/local_setup.dsv
-- Installing: /home/agilex/agilex_ws/install/limo_visions/share/limo_visions/package.dsv
-- Up-to-date: /home/agilex/agilex_ws/install/limo_visions/share/ament_index/resource_index/packages/limo_visions
-- Up-to-date: /home/agilex/agilex_ws/install/limo_visions/share/limo_visions/cmake/ament_cmake_export_include_directories-extras.cmake
-- Up-to-date: /home/agilex/agilex_ws/install/limo_visions/share/limo_visions/cmake/ament_cmake_export_dependencies-extras.cmake
-- Up-to-date: /home/agilex/agilex_ws/install/limo_visions/share/limo_visions/cmake/limo_visionsConfig.cmake
-- Up-to-date: /home/agilex/agilex_ws/install/limo_visions/share/limo_visions/cmake/limo_visionsConfig-version.cmake
-- Up-to-date: /home/agilex/agilex_ws/install/limo_visions/share/limo_visions/package.xml
