[0.351s] Invoking command in '/home/agilex/agilex_ws/build/limo_visions': CMAKE_PREFIX_PATH=${CMAKE_PREFIX_PATH}:/home/agilex/agilex_ws/install/yolov5_ros2:/home/agilex/agilex_ws/install/nav2_simple_commander:/opt/ros/humble /usr/bin/cmake --build /home/agilex/agilex_ws/build/limo_visions -- -j8 -l8
[0.419s] [35m[1mConsolidate compiler generated dependencies of target detect_line[0m
[0.427s] [35m[1mConsolidate compiler generated dependencies of target move_to_ar[0m
[0.432s] [35m[1mConsolidate compiler generated dependencies of target traffic_light[0m
[0.435s] [35m[1mConsolidate compiler generated dependencies of target object_detect[0m
[0.465s] [ 25%] Built target detect_line
[0.474s] [ 50%] Built target move_to_ar
[0.474s] [ 75%] Built target object_detect
[0.486s] [100%] Built target traffic_light
[0.707s] Invoked command in '/home/agilex/agilex_ws/build/limo_visions' returned '0': CMAKE_PREFIX_PATH=${CMAKE_PREFIX_PATH}:/home/agilex/agilex_ws/install/yolov5_ros2:/home/agilex/agilex_ws/install/nav2_simple_commander:/opt/ros/humble /usr/bin/cmake --build /home/agilex/agilex_ws/build/limo_visions -- -j8 -l8
[1.200s] Invoking command in '/home/agilex/agilex_ws/build/limo_visions': CMAKE_PREFIX_PATH=${CMAKE_PREFIX_PATH}:/home/agilex/agilex_ws/install/yolov5_ros2:/home/agilex/agilex_ws/install/nav2_simple_commander:/opt/ros/humble /usr/bin/cmake --install /home/agilex/agilex_ws/build/limo_visions
[1.312s] -- Install configuration: ""
[1.312s] -- Up-to-date: /home/agilex/agilex_ws/install/limo_visions/lib/limo_visions/move_to_ar
[1.313s] -- Up-to-date: /home/agilex/agilex_ws/install/limo_visions/lib/limo_visions/object_detect
[1.313s] -- Up-to-date: /home/agilex/agilex_ws/install/limo_visions/lib/limo_visions/detect_line
[1.313s] -- Up-to-date: /home/agilex/agilex_ws/install/limo_visions/lib/limo_visions/traffic_light
[1.313s] -- Up-to-date: /home/agilex/agilex_ws/install/limo_visions/share/ament_index/resource_index/package_run_dependencies/limo_visions
[1.313s] -- Up-to-date: /home/agilex/agilex_ws/install/limo_visions/share/ament_index/resource_index/parent_prefix_path/limo_visions
[1.314s] -- Up-to-date: /home/agilex/agilex_ws/install/limo_visions/share/limo_visions/environment/ament_prefix_path.sh
[1.314s] -- Up-to-date: /home/agilex/agilex_ws/install/limo_visions/share/limo_visions/environment/ament_prefix_path.dsv
[1.314s] -- Up-to-date: /home/agilex/agilex_ws/install/limo_visions/share/limo_visions/environment/path.sh
[1.314s] -- Up-to-date: /home/agilex/agilex_ws/install/limo_visions/share/limo_visions/environment/path.dsv
[1.314s] -- Up-to-date: /home/agilex/agilex_ws/install/limo_visions/share/limo_visions/local_setup.bash
[1.314s] -- Up-to-date: /home/agilex/agilex_ws/install/limo_visions/share/limo_visions/local_setup.sh
[1.314s] -- Up-to-date: /home/agilex/agilex_ws/install/limo_visions/share/limo_visions/local_setup.zsh
[1.315s] -- Up-to-date: /home/agilex/agilex_ws/install/limo_visions/share/limo_visions/local_setup.dsv
[1.315s] -- Installing: /home/agilex/agilex_ws/install/limo_visions/share/limo_visions/package.dsv
[1.315s] -- Up-to-date: /home/agilex/agilex_ws/install/limo_visions/share/ament_index/resource_index/packages/limo_visions
[1.315s] -- Up-to-date: /home/agilex/agilex_ws/install/limo_visions/share/limo_visions/cmake/ament_cmake_export_include_directories-extras.cmake
[1.315s] -- Up-to-date: /home/agilex/agilex_ws/install/limo_visions/share/limo_visions/cmake/ament_cmake_export_dependencies-extras.cmake
[1.315s] -- Up-to-date: /home/agilex/agilex_ws/install/limo_visions/share/limo_visions/cmake/limo_visionsConfig.cmake
[1.315s] -- Up-to-date: /home/agilex/agilex_ws/install/limo_visions/share/limo_visions/cmake/limo_visionsConfig-version.cmake
[1.316s] -- Up-to-date: /home/agilex/agilex_ws/install/limo_visions/share/limo_visions/package.xml
[1.382s] Invoked command in '/home/agilex/agilex_ws/build/limo_visions' returned '0': CMAKE_PREFIX_PATH=${CMAKE_PREFIX_PATH}:/home/agilex/agilex_ws/install/yolov5_ros2:/home/agilex/agilex_ws/install/nav2_simple_commander:/opt/ros/humble /usr/bin/cmake --install /home/agilex/agilex_ws/build/limo_visions
