[  2%] [32mBuilding CXX object gtest/CMakeFiles/gtest_main.dir/src/gtest_main.cc.o[0m
[  7%] [32mBuilding CXX object src/CMakeFiles/nav2_util_core.dir/costmap.cpp.o[0m
[  7%] [32mBuilding CXX object src/CMakeFiles/nav2_util_core.dir/node_utils.cpp.o[0m
[ 10%] [32m[1mLinking CXX static library libgtest_main.a[0m
[ 10%] Built target gtest_main
[ 13%] [32mBuilding CXX object gtest/CMakeFiles/gtest.dir/src/gtest-all.cc.o[0m
[ 23%] [32mBuilding CXX object src/CMakeFiles/nav2_util_core.dir/robot_utils.cpp.o[0m
[ 23%] [32mBuilding CXX object src/CMakeFiles/nav2_util_core.dir/odometry_utils.cpp.o[0m
[ 23%] [32mBuilding CXX object src/CMakeFiles/nav2_util_core.dir/lifecycle_node.cpp.o[0m
[ 23%] [32mBuilding CXX object src/CMakeFiles/nav2_util_core.dir/node_thread.cpp.o[0m
[ 26%] [32mBuilding CXX object src/CMakeFiles/nav2_util_core.dir/lifecycle_utils.cpp.o[0m
[ 28%] [32mBuilding CXX object src/CMakeFiles/nav2_util_core.dir/string_utils.cpp.o[0m
[ 31%] [32mBuilding CXX object src/CMakeFiles/nav2_util_core.dir/lifecycle_service_client.cpp.o[0m
[ 34%] [32m[1mLinking CXX static library libgtest.a[0m
[ 34%] Built target gtest
[ 36%] [32mBuilding CXX object test/CMakeFiles/test_execution_timer.dir/test_execution_timer.cpp.o[0m
[ 39%] [32m[1mLinking CXX executable test_execution_timer[0m
[ 39%] Built target test_execution_timer
[ 42%] [32m[1mLinking CXX shared library libnav2_util_core.so[0m
[ 42%] Built target nav2_util_core
[ 47%] [32mBuilding CXX object src/CMakeFiles/lifecycle_bringup.dir/lifecycle_bringup_commandline.cpp.o[0m
[ 47%] [32mBuilding CXX object test/CMakeFiles/test_service_client.dir/test_service_client.cpp.o[0m
[ 50%] [32mBuilding CXX object test/CMakeFiles/test_string_utils.dir/test_string_utils.cpp.o[0m
[ 52%] [32mBuilding CXX object test/CMakeFiles/test_lifecycle_utils.dir/test_lifecycle_utils.cpp.o[0m
[ 57%] [32mBuilding CXX object test/CMakeFiles/test_lifecycle_node.dir/test_lifecycle_node.cpp.o[0m
[ 57%] [32mBuilding CXX object test/CMakeFiles/test_node_utils.dir/test_node_utils.cpp.o[0m
[ 60%] [32mBuilding CXX object test/CMakeFiles/test_actions.dir/test_actions.cpp.o[0m
[ 63%] [32mBuilding CXX object test/CMakeFiles/test_lifecycle_cli_node.dir/test_lifecycle_cli_node.cpp.o[0m
[ 65%] [32m[1mLinking CXX executable test_string_utils[0m
[ 65%] Built target test_string_utils
[ 68%] [32mBuilding CXX object test/CMakeFiles/test_odometry_utils.dir/test_odometry_utils.cpp.o[0m
[ 71%] [32mBuilding CXX object test/CMakeFiles/test_robot_utils.dir/test_robot_utils.cpp.o[0m
[ 73%] [32mBuilding CXX object test/CMakeFiles/test_geometry_utils.dir/test_geometry_utils.cpp.o[0m
[ 76%] [32m[1mLinking CXX executable lifecycle_bringup[0m
[ 76%] Built target lifecycle_bringup
[ 78%] [32m[1mLinking CXX executable test_lifecycle_node[0m
[ 78%] Built target test_lifecycle_node
[ 81%] [32m[1mLinking CXX executable test_lifecycle_utils[0m
[ 81%] Built target test_lifecycle_utils
[ 84%] [32m[1mLinking CXX executable test_lifecycle_cli_node[0m
[ 84%] Built target test_lifecycle_cli_node
[ 86%] [32m[1mLinking CXX executable test_geometry_utils[0m
[ 86%] Built target test_geometry_utils
[ 89%] [32m[1mLinking CXX executable test_node_utils[0m
[ 92%] [32m[1mLinking CXX executable test_robot_utils[0m
[ 92%] Built target test_node_utils
[ 92%] Built target test_robot_utils
[ 94%] [32m[1mLinking CXX executable test_odometry_utils[0m
[ 94%] Built target test_odometry_utils
[ 97%] [32m[1mLinking CXX executable test_service_client[0m
[ 97%] Built target test_service_client
[100%] [32m[1mLinking CXX executable test_actions[0m
[100%] Built target test_actions
-- Install configuration: "Release"
-- Up-to-date: /home/agilex/agilex_ws/install/nav2_util/include/
-- Up-to-date: /home/agilex/agilex_ws/install/nav2_util/include//nav2_util
-- Up-to-date: /home/agilex/agilex_ws/install/nav2_util/include//nav2_util/string_utils.hpp
-- Up-to-date: /home/agilex/agilex_ws/install/nav2_util/include//nav2_util/geometry_utils.hpp
-- Up-to-date: /home/agilex/agilex_ws/install/nav2_util/include//nav2_util/lifecycle_service_client.hpp
-- Up-to-date: /home/agilex/agilex_ws/install/nav2_util/include//nav2_util/lifecycle_utils.hpp
-- Up-to-date: /home/agilex/agilex_ws/install/nav2_util/include//nav2_util/execution_timer.hpp
-- Up-to-date: /home/agilex/agilex_ws/install/nav2_util/include//nav2_util/odometry_utils.hpp
-- Up-to-date: /home/agilex/agilex_ws/install/nav2_util/include//nav2_util/robot_utils.hpp
-- Up-to-date: /home/agilex/agilex_ws/install/nav2_util/include//nav2_util/occ_grid_values.hpp
-- Up-to-date: /home/agilex/agilex_ws/install/nav2_util/include//nav2_util/lifecycle_node.hpp
-- Up-to-date: /home/agilex/agilex_ws/install/nav2_util/include//nav2_util/line_iterator.hpp
-- Up-to-date: /home/agilex/agilex_ws/install/nav2_util/include//nav2_util/service_client.hpp
-- Up-to-date: /home/agilex/agilex_ws/install/nav2_util/include//nav2_util/simple_action_server.hpp
-- Up-to-date: /home/agilex/agilex_ws/install/nav2_util/include//nav2_util/clear_entirely_costmap_service_client.hpp
-- Up-to-date: /home/agilex/agilex_ws/install/nav2_util/include//nav2_util/node_utils.hpp
-- Up-to-date: /home/agilex/agilex_ws/install/nav2_util/include//nav2_util/node_thread.hpp
-- Up-to-date: /home/agilex/agilex_ws/install/nav2_util/include//nav2_util/costmap.hpp
-- Up-to-date: /home/agilex/agilex_ws/install/nav2_util/share/nav2_util/environment/library_path.sh
-- Up-to-date: /home/agilex/agilex_ws/install/nav2_util/share/nav2_util/environment/library_path.dsv
-- Up-to-date: /home/agilex/agilex_ws/install/nav2_util/share/ament_index/resource_index/package_run_dependencies/nav2_util
-- Up-to-date: /home/agilex/agilex_ws/install/nav2_util/share/ament_index/resource_index/parent_prefix_path/nav2_util
-- Up-to-date: /home/agilex/agilex_ws/install/nav2_util/share/nav2_util/environment/ament_prefix_path.sh
-- Up-to-date: /home/agilex/agilex_ws/install/nav2_util/share/nav2_util/environment/ament_prefix_path.dsv
-- Up-to-date: /home/agilex/agilex_ws/install/nav2_util/share/nav2_util/environment/path.sh
-- Up-to-date: /home/agilex/agilex_ws/install/nav2_util/share/nav2_util/environment/path.dsv
-- Up-to-date: /home/agilex/agilex_ws/install/nav2_util/share/nav2_util/local_setup.bash
-- Up-to-date: /home/agilex/agilex_ws/install/nav2_util/share/nav2_util/local_setup.sh
-- Up-to-date: /home/agilex/agilex_ws/install/nav2_util/share/nav2_util/local_setup.zsh
-- Up-to-date: /home/agilex/agilex_ws/install/nav2_util/share/nav2_util/local_setup.dsv
-- Installing: /home/agilex/agilex_ws/install/nav2_util/share/nav2_util/package.dsv
-- Up-to-date: /home/agilex/agilex_ws/install/nav2_util/share/ament_index/resource_index/packages/nav2_util
-- Up-to-date: /home/agilex/agilex_ws/install/nav2_util/share/nav2_util/cmake/ament_cmake_export_include_directories-extras.cmake
-- Up-to-date: /home/agilex/agilex_ws/install/nav2_util/share/nav2_util/cmake/ament_cmake_export_libraries-extras.cmake
-- Up-to-date: /home/agilex/agilex_ws/install/nav2_util/share/nav2_util/cmake/ament_cmake_export_dependencies-extras.cmake
-- Up-to-date: /home/agilex/agilex_ws/install/nav2_util/share/nav2_util/cmake/nav2_utilConfig.cmake
-- Up-to-date: /home/agilex/agilex_ws/install/nav2_util/share/nav2_util/cmake/nav2_utilConfig-version.cmake
-- Up-to-date: /home/agilex/agilex_ws/install/nav2_util/share/nav2_util/package.xml
-- Installing: /home/agilex/agilex_ws/install/nav2_util/lib/libnav2_util_core.so
-- Set runtime path of "/home/agilex/agilex_ws/install/nav2_util/lib/libnav2_util_core.so" to ""
-- Installing: /home/agilex/agilex_ws/install/nav2_util/lib/nav2_util/lifecycle_bringup
-- Set runtime path of "/home/agilex/agilex_ws/install/nav2_util/lib/nav2_util/lifecycle_bringup" to ""
