[0.028s] Invoking command in '/home/agilex/agilex_ws/build/nav2_util': AMENT_PREFIX_PATH=/home/agilex/agilex_ws/install/nav2_msgs:/home/agilex/agilex_ws/install/nav2_common CMAKE_PREFIX_PATH=/home/agilex/agilex_ws/install/nav2_msgs:/home/agilex/agilex_ws/install/nav2_common LD_LIBRARY_PATH=/home/agilex/agilex_ws/install/nav2_msgs/lib PYTHONPATH=/home/agilex/agilex_ws/install/nav2_msgs/local/lib/python3.10/dist-packages:/home/agilex/agilex_ws/install/nav2_common/local/lib/python3.10/dist-packages /usr/bin/cmake --build /home/agilex/agilex_ws/build/nav2_util -- -j16 -l16
[0.106s] [  2%] [32mBuilding CXX object gtest/CMakeFiles/gtest_main.dir/src/gtest_main.cc.o[0m
[0.121s] [  7%] [32mBuilding CXX object src/CMakeFiles/nav2_util_core.dir/costmap.cpp.o[0m
[0.121s] [  7%] [32mBuilding CXX object src/CMakeFiles/nav2_util_core.dir/node_utils.cpp.o[0m
[0.955s] [ 10%] [32m[1mLinking CXX static library libgtest_main.a[0m
[0.987s] [ 10%] Built target gtest_main
[1.012s] [ 13%] [32mBuilding CXX object gtest/CMakeFiles/gtest.dir/src/gtest-all.cc.o[0m
[2.288s] [ 23%] [32mBuilding CXX object src/CMakeFiles/nav2_util_core.dir/robot_utils.cpp.o[0m
[2.288s] [ 23%] [32mBuilding CXX object src/CMakeFiles/nav2_util_core.dir/odometry_utils.cpp.o[0m
[2.288s] [ 23%] [32mBuilding CXX object src/CMakeFiles/nav2_util_core.dir/lifecycle_node.cpp.o[0m
[2.288s] [ 23%] [32mBuilding CXX object src/CMakeFiles/nav2_util_core.dir/node_thread.cpp.o[0m
[2.584s] [ 26%] [32mBuilding CXX object src/CMakeFiles/nav2_util_core.dir/lifecycle_utils.cpp.o[0m
[5.022s] [ 28%] [32mBuilding CXX object src/CMakeFiles/nav2_util_core.dir/string_utils.cpp.o[0m
[5.025s] [ 31%] [32mBuilding CXX object src/CMakeFiles/nav2_util_core.dir/lifecycle_service_client.cpp.o[0m
[7.026s] [ 34%] [32m[1mLinking CXX static library libgtest.a[0m
[7.060s] [ 34%] Built target gtest
[7.081s] [ 36%] [32mBuilding CXX object test/CMakeFiles/test_execution_timer.dir/test_execution_timer.cpp.o[0m
[7.927s] [ 39%] [32m[1mLinking CXX executable test_execution_timer[0m
[7.999s] [ 39%] Built target test_execution_timer
[11.602s] [ 42%] [32m[1mLinking CXX shared library libnav2_util_core.so[0m
[11.743s] [ 42%] Built target nav2_util_core
[11.764s] [ 47%] [32mBuilding CXX object src/CMakeFiles/lifecycle_bringup.dir/lifecycle_bringup_commandline.cpp.o[0m
[11.764s] [ 47%] [32mBuilding CXX object test/CMakeFiles/test_service_client.dir/test_service_client.cpp.o[0m
[11.765s] [ 50%] [32mBuilding CXX object test/CMakeFiles/test_string_utils.dir/test_string_utils.cpp.o[0m
[11.766s] [ 52%] [32mBuilding CXX object test/CMakeFiles/test_lifecycle_utils.dir/test_lifecycle_utils.cpp.o[0m
[11.768s] [ 57%] [32mBuilding CXX object test/CMakeFiles/test_lifecycle_node.dir/test_lifecycle_node.cpp.o[0m
[11.768s] [ 57%] [32mBuilding CXX object test/CMakeFiles/test_node_utils.dir/test_node_utils.cpp.o[0m
[11.770s] [ 60%] [32mBuilding CXX object test/CMakeFiles/test_actions.dir/test_actions.cpp.o[0m
[11.771s] [ 63%] [32mBuilding CXX object test/CMakeFiles/test_lifecycle_cli_node.dir/test_lifecycle_cli_node.cpp.o[0m
[13.831s] [ 65%] [32m[1mLinking CXX executable test_string_utils[0m
[14.000s] [ 65%] Built target test_string_utils
[14.028s] [ 68%] [32mBuilding CXX object test/CMakeFiles/test_odometry_utils.dir/test_odometry_utils.cpp.o[0m
[14.033s] [ 71%] [32mBuilding CXX object test/CMakeFiles/test_robot_utils.dir/test_robot_utils.cpp.o[0m
[14.035s] [ 73%] [32mBuilding CXX object test/CMakeFiles/test_geometry_utils.dir/test_geometry_utils.cpp.o[0m
[15.230s] [ 76%] [32m[1mLinking CXX executable lifecycle_bringup[0m
[15.471s] [ 76%] Built target lifecycle_bringup
[15.628s] [ 78%] [32m[1mLinking CXX executable test_lifecycle_node[0m
[15.898s] [ 78%] Built target test_lifecycle_node
[16.082s] [ 81%] [32m[1mLinking CXX executable test_lifecycle_utils[0m
[16.326s] [ 81%] Built target test_lifecycle_utils
[16.431s] [ 84%] [32m[1mLinking CXX executable test_lifecycle_cli_node[0m
[16.662s] [ 84%] Built target test_lifecycle_cli_node
[17.548s] [ 86%] [32m[1mLinking CXX executable test_geometry_utils[0m
[17.813s] [ 86%] Built target test_geometry_utils
[17.986s] [ 89%] [32m[1mLinking CXX executable test_node_utils[0m
[18.051s] [ 92%] [32m[1mLinking CXX executable test_robot_utils[0m
[18.160s] [ 92%] Built target test_node_utils
[18.226s] [ 92%] Built target test_robot_utils
[19.411s] [ 94%] [32m[1mLinking CXX executable test_odometry_utils[0m
[19.546s] [ 94%] Built target test_odometry_utils
[21.469s] [ 97%] [32m[1mLinking CXX executable test_service_client[0m
[21.599s] [ 97%] Built target test_service_client
[24.778s] [100%] [32m[1mLinking CXX executable test_actions[0m
[24.932s] [100%] Built target test_actions
[24.939s] Invoked command in '/home/agilex/agilex_ws/build/nav2_util' returned '0': AMENT_PREFIX_PATH=/home/agilex/agilex_ws/install/nav2_msgs:/home/agilex/agilex_ws/install/nav2_common CMAKE_PREFIX_PATH=/home/agilex/agilex_ws/install/nav2_msgs:/home/agilex/agilex_ws/install/nav2_common LD_LIBRARY_PATH=/home/agilex/agilex_ws/install/nav2_msgs/lib PYTHONPATH=/home/agilex/agilex_ws/install/nav2_msgs/local/lib/python3.10/dist-packages:/home/agilex/agilex_ws/install/nav2_common/local/lib/python3.10/dist-packages /usr/bin/cmake --build /home/agilex/agilex_ws/build/nav2_util -- -j16 -l16
[24.962s] Invoking command in '/home/agilex/agilex_ws/build/nav2_util': AMENT_PREFIX_PATH=/home/agilex/agilex_ws/install/nav2_msgs:/home/agilex/agilex_ws/install/nav2_common CMAKE_PREFIX_PATH=/home/agilex/agilex_ws/install/nav2_msgs:/home/agilex/agilex_ws/install/nav2_common LD_LIBRARY_PATH=/home/agilex/agilex_ws/install/nav2_msgs/lib PYTHONPATH=/home/agilex/agilex_ws/install/nav2_msgs/local/lib/python3.10/dist-packages:/home/agilex/agilex_ws/install/nav2_common/local/lib/python3.10/dist-packages /usr/bin/cmake --install /home/agilex/agilex_ws/build/nav2_util
[24.971s] -- Install configuration: "Release"
[24.971s] -- Up-to-date: /home/agilex/agilex_ws/install/nav2_util/include/
[24.971s] -- Up-to-date: /home/agilex/agilex_ws/install/nav2_util/include//nav2_util
[24.972s] -- Up-to-date: /home/agilex/agilex_ws/install/nav2_util/include//nav2_util/string_utils.hpp
[24.972s] -- Up-to-date: /home/agilex/agilex_ws/install/nav2_util/include//nav2_util/geometry_utils.hpp
[24.972s] -- Up-to-date: /home/agilex/agilex_ws/install/nav2_util/include//nav2_util/lifecycle_service_client.hpp
[24.972s] -- Up-to-date: /home/agilex/agilex_ws/install/nav2_util/include//nav2_util/lifecycle_utils.hpp
[24.972s] -- Up-to-date: /home/agilex/agilex_ws/install/nav2_util/include//nav2_util/execution_timer.hpp
[24.972s] -- Up-to-date: /home/agilex/agilex_ws/install/nav2_util/include//nav2_util/odometry_utils.hpp
[24.972s] -- Up-to-date: /home/agilex/agilex_ws/install/nav2_util/include//nav2_util/robot_utils.hpp
[24.972s] -- Up-to-date: /home/agilex/agilex_ws/install/nav2_util/include//nav2_util/occ_grid_values.hpp
[24.972s] -- Up-to-date: /home/agilex/agilex_ws/install/nav2_util/include//nav2_util/lifecycle_node.hpp
[24.972s] -- Up-to-date: /home/agilex/agilex_ws/install/nav2_util/include//nav2_util/line_iterator.hpp
[24.972s] -- Up-to-date: /home/agilex/agilex_ws/install/nav2_util/include//nav2_util/service_client.hpp
[24.972s] -- Up-to-date: /home/agilex/agilex_ws/install/nav2_util/include//nav2_util/simple_action_server.hpp
[24.972s] -- Up-to-date: /home/agilex/agilex_ws/install/nav2_util/include//nav2_util/clear_entirely_costmap_service_client.hpp
[24.972s] -- Up-to-date: /home/agilex/agilex_ws/install/nav2_util/include//nav2_util/node_utils.hpp
[24.972s] -- Up-to-date: /home/agilex/agilex_ws/install/nav2_util/include//nav2_util/node_thread.hpp
[24.972s] -- Up-to-date: /home/agilex/agilex_ws/install/nav2_util/include//nav2_util/costmap.hpp
[24.972s] -- Up-to-date: /home/agilex/agilex_ws/install/nav2_util/share/nav2_util/environment/library_path.sh
[24.972s] -- Up-to-date: /home/agilex/agilex_ws/install/nav2_util/share/nav2_util/environment/library_path.dsv
[24.972s] -- Up-to-date: /home/agilex/agilex_ws/install/nav2_util/share/ament_index/resource_index/package_run_dependencies/nav2_util
[24.972s] -- Up-to-date: /home/agilex/agilex_ws/install/nav2_util/share/ament_index/resource_index/parent_prefix_path/nav2_util
[24.973s] -- Up-to-date: /home/agilex/agilex_ws/install/nav2_util/share/nav2_util/environment/ament_prefix_path.sh
[24.973s] -- Up-to-date: /home/agilex/agilex_ws/install/nav2_util/share/nav2_util/environment/ament_prefix_path.dsv
[24.973s] -- Up-to-date: /home/agilex/agilex_ws/install/nav2_util/share/nav2_util/environment/path.sh
[24.973s] -- Up-to-date: /home/agilex/agilex_ws/install/nav2_util/share/nav2_util/environment/path.dsv
[24.973s] -- Up-to-date: /home/agilex/agilex_ws/install/nav2_util/share/nav2_util/local_setup.bash
[24.973s] -- Up-to-date: /home/agilex/agilex_ws/install/nav2_util/share/nav2_util/local_setup.sh
[24.973s] -- Up-to-date: /home/agilex/agilex_ws/install/nav2_util/share/nav2_util/local_setup.zsh
[24.973s] -- Up-to-date: /home/agilex/agilex_ws/install/nav2_util/share/nav2_util/local_setup.dsv
[24.973s] -- Installing: /home/agilex/agilex_ws/install/nav2_util/share/nav2_util/package.dsv
[24.973s] -- Up-to-date: /home/agilex/agilex_ws/install/nav2_util/share/ament_index/resource_index/packages/nav2_util
[24.973s] -- Up-to-date: /home/agilex/agilex_ws/install/nav2_util/share/nav2_util/cmake/ament_cmake_export_include_directories-extras.cmake
[24.973s] -- Up-to-date: /home/agilex/agilex_ws/install/nav2_util/share/nav2_util/cmake/ament_cmake_export_libraries-extras.cmake
[24.973s] -- Up-to-date: /home/agilex/agilex_ws/install/nav2_util/share/nav2_util/cmake/ament_cmake_export_dependencies-extras.cmake
[24.973s] -- Up-to-date: /home/agilex/agilex_ws/install/nav2_util/share/nav2_util/cmake/nav2_utilConfig.cmake
[24.973s] -- Up-to-date: /home/agilex/agilex_ws/install/nav2_util/share/nav2_util/cmake/nav2_utilConfig-version.cmake
[24.973s] -- Up-to-date: /home/agilex/agilex_ws/install/nav2_util/share/nav2_util/package.xml
[24.974s] -- Installing: /home/agilex/agilex_ws/install/nav2_util/lib/libnav2_util_core.so
[24.975s] -- Set runtime path of "/home/agilex/agilex_ws/install/nav2_util/lib/libnav2_util_core.so" to ""
[24.975s] -- Installing: /home/agilex/agilex_ws/install/nav2_util/lib/nav2_util/lifecycle_bringup
[24.975s] -- Set runtime path of "/home/agilex/agilex_ws/install/nav2_util/lib/nav2_util/lifecycle_bringup" to ""
[24.977s] Invoked command in '/home/agilex/agilex_ws/build/nav2_util' returned '0': AMENT_PREFIX_PATH=/home/agilex/agilex_ws/install/nav2_msgs:/home/agilex/agilex_ws/install/nav2_common CMAKE_PREFIX_PATH=/home/agilex/agilex_ws/install/nav2_msgs:/home/agilex/agilex_ws/install/nav2_common LD_LIBRARY_PATH=/home/agilex/agilex_ws/install/nav2_msgs/lib PYTHONPATH=/home/agilex/agilex_ws/install/nav2_msgs/local/lib/python3.10/dist-packages:/home/agilex/agilex_ws/install/nav2_common/local/lib/python3.10/dist-packages /usr/bin/cmake --install /home/agilex/agilex_ws/build/nav2_util
