[0.128s] Invoking command in '/home/agilex/agilex_ws/build/nav2_voxel_grid': AMENT_PREFIX_PATH=/home/agilex/agilex_ws/install/nav2_common CMAKE_PREFIX_PATH=/home/agilex/agilex_ws/install/nav2_common PYTHONPATH=/home/agilex/agilex_ws/install/nav2_common/local/lib/python3.10/dist-packages /usr/bin/cmake --build /home/agilex/agilex_ws/build/nav2_voxel_grid -- -j16 -l16
[0.171s] [ 50%] Built target gtest_main
[0.171s] [ 60%] Built target gtest
[0.171s] [ 60%] Built target voxel_grid
[0.187s] [ 80%] Built target voxel_grid_tests
[0.189s] [100%] Built target voxel_grid_bresenham_3d
[0.214s] Invoked command in '/home/agilex/agilex_ws/build/nav2_voxel_grid' returned '0': AMENT_PREFIX_PATH=/home/agilex/agilex_ws/install/nav2_common CMAKE_PREFIX_PATH=/home/agilex/agilex_ws/install/nav2_common PYTHONPATH=/home/agilex/agilex_ws/install/nav2_common/local/lib/python3.10/dist-packages /usr/bin/cmake --build /home/agilex/agilex_ws/build/nav2_voxel_grid -- -j16 -l16
[0.229s] Invoking command in '/home/agilex/agilex_ws/build/nav2_voxel_grid': AMENT_PREFIX_PATH=/home/agilex/agilex_ws/install/nav2_common CMAKE_PREFIX_PATH=/home/agilex/agilex_ws/install/nav2_common PYTHONPATH=/home/agilex/agilex_ws/install/nav2_common/local/lib/python3.10/dist-packages /usr/bin/cmake --install /home/agilex/agilex_ws/build/nav2_voxel_grid
[0.238s] -- Install configuration: "Release"
[0.238s] -- Up-to-date: /home/agilex/agilex_ws/install/nav2_voxel_grid/lib/libvoxel_grid.so
[0.238s] -- Up-to-date: /home/agilex/agilex_ws/install/nav2_voxel_grid/include
[0.238s] -- Up-to-date: /home/agilex/agilex_ws/install/nav2_voxel_grid/include/nav2_voxel_grid
[0.238s] -- Up-to-date: /home/agilex/agilex_ws/install/nav2_voxel_grid/include/nav2_voxel_grid/voxel_grid.hpp
[0.238s] -- Up-to-date: /home/agilex/agilex_ws/install/nav2_voxel_grid/share/nav2_voxel_grid/environment/library_path.sh
[0.238s] -- Up-to-date: /home/agilex/agilex_ws/install/nav2_voxel_grid/share/nav2_voxel_grid/environment/library_path.dsv
[0.238s] -- Up-to-date: /home/agilex/agilex_ws/install/nav2_voxel_grid/share/ament_index/resource_index/package_run_dependencies/nav2_voxel_grid
[0.238s] -- Up-to-date: /home/agilex/agilex_ws/install/nav2_voxel_grid/share/ament_index/resource_index/parent_prefix_path/nav2_voxel_grid
[0.239s] -- Up-to-date: /home/agilex/agilex_ws/install/nav2_voxel_grid/share/nav2_voxel_grid/environment/ament_prefix_path.sh
[0.239s] -- Up-to-date: /home/agilex/agilex_ws/install/nav2_voxel_grid/share/nav2_voxel_grid/environment/ament_prefix_path.dsv
[0.239s] -- Up-to-date: /home/agilex/agilex_ws/install/nav2_voxel_grid/share/nav2_voxel_grid/environment/path.sh
[0.239s] -- Up-to-date: /home/agilex/agilex_ws/install/nav2_voxel_grid/share/nav2_voxel_grid/environment/path.dsv
[0.239s] -- Up-to-date: /home/agilex/agilex_ws/install/nav2_voxel_grid/share/nav2_voxel_grid/local_setup.bash
[0.239s] -- Up-to-date: /home/agilex/agilex_ws/install/nav2_voxel_grid/share/nav2_voxel_grid/local_setup.sh
[0.239s] -- Up-to-date: /home/agilex/agilex_ws/install/nav2_voxel_grid/share/nav2_voxel_grid/local_setup.zsh
[0.239s] -- Up-to-date: /home/agilex/agilex_ws/install/nav2_voxel_grid/share/nav2_voxel_grid/local_setup.dsv
[0.239s] -- Installing: /home/agilex/agilex_ws/install/nav2_voxel_grid/share/nav2_voxel_grid/package.dsv
[0.239s] -- Up-to-date: /home/agilex/agilex_ws/install/nav2_voxel_grid/share/ament_index/resource_index/packages/nav2_voxel_grid
[0.239s] -- Up-to-date: /home/agilex/agilex_ws/install/nav2_voxel_grid/share/nav2_voxel_grid/cmake/ament_cmake_export_dependencies-extras.cmake
[0.239s] -- Up-to-date: /home/agilex/agilex_ws/install/nav2_voxel_grid/share/nav2_voxel_grid/cmake/ament_cmake_export_include_directories-extras.cmake
[0.239s] -- Up-to-date: /home/agilex/agilex_ws/install/nav2_voxel_grid/share/nav2_voxel_grid/cmake/ament_cmake_export_libraries-extras.cmake
[0.239s] -- Up-to-date: /home/agilex/agilex_ws/install/nav2_voxel_grid/share/nav2_voxel_grid/cmake/nav2_voxel_gridConfig.cmake
[0.239s] -- Up-to-date: /home/agilex/agilex_ws/install/nav2_voxel_grid/share/nav2_voxel_grid/cmake/nav2_voxel_gridConfig-version.cmake
[0.239s] -- Up-to-date: /home/agilex/agilex_ws/install/nav2_voxel_grid/share/nav2_voxel_grid/package.xml
[0.241s] Invoked command in '/home/agilex/agilex_ws/build/nav2_voxel_grid' returned '0': AMENT_PREFIX_PATH=/home/agilex/agilex_ws/install/nav2_common CMAKE_PREFIX_PATH=/home/agilex/agilex_ws/install/nav2_common PYTHONPATH=/home/agilex/agilex_ws/install/nav2_common/local/lib/python3.10/dist-packages /usr/bin/cmake --install /home/agilex/agilex_ws/build/nav2_voxel_grid
