[0.025s] Invoking command in '/home/agilex/agilex_ws/build/nav2_amcl': AMENT_PREFIX_PATH=/home/agilex/agilex_ws/install/nav2_util:/home/agilex/agilex_ws/install/nav2_msgs:/home/agilex/agilex_ws/install/nav2_common CMAKE_PREFIX_PATH=/home/agilex/agilex_ws/install/nav2_util:/home/agilex/agilex_ws/install/nav2_msgs:/home/agilex/agilex_ws/install/nav2_common LD_LIBRARY_PATH=/home/agilex/agilex_ws/install/nav2_util/lib:/home/agilex/agilex_ws/install/nav2_msgs/lib PYTHONPATH=/home/agilex/agilex_ws/install/nav2_msgs/local/lib/python3.10/dist-packages:/home/agilex/agilex_ws/install/nav2_common/local/lib/python3.10/dist-packages /usr/bin/cmake --build /home/agilex/agilex_ws/build/nav2_amcl -- -j16 -l16
[0.089s] [  4%] [32mBuilding C object src/map/CMakeFiles/map_lib.dir/map.c.o[0m
[0.095s] [  8%] [32mBuilding C object src/map/CMakeFiles/map_lib.dir/map_range.c.o[0m
[0.100s] [ 12%] [32mBuilding C object src/map/CMakeFiles/map_lib.dir/map_draw.c.o[0m
[0.100s] [ 16%] [32mBuilding C object src/pf/CMakeFiles/pf_lib.dir/pf.c.o[0m
[0.100s] [ 20%] [32mBuilding C object src/pf/CMakeFiles/pf_lib.dir/pf_kdtree.c.o[0m
[0.101s] [ 25%] [32mBuilding CXX object src/map/CMakeFiles/map_lib.dir/map_cspace.cpp.o[0m
[0.104s] [ 29%] [32mBuilding C object src/pf/CMakeFiles/pf_lib.dir/pf_pdf.c.o[0m
[0.105s] [ 33%] [32mBuilding C object src/pf/CMakeFiles/pf_lib.dir/pf_vector.c.o[0m
[0.115s] [ 37%] [32mBuilding C object src/pf/CMakeFiles/pf_lib.dir/pf_draw.c.o[0m
[0.119s] [ 41%] [32mBuilding C object src/pf/CMakeFiles/pf_lib.dir/eig3.c.o[0m
[0.568s] [ 45%] [32m[1mLinking C shared library libpf_lib.so[0m
[0.652s] [ 45%] Built target pf_lib
[0.861s] [ 50%] [32mBuilding CXX object src/motion_model/CMakeFiles/motions_lib.dir/differential_motion_model.cpp.o[0m
[0.872s] [ 54%] [32mBuilding CXX object src/motion_model/CMakeFiles/motions_lib.dir/omni_motion_model.cpp.o[0m
[1.471s] [ 58%] [32m[1mLinking CXX shared library libmap_lib.so[0m
[1.677s] [ 58%] Built target map_lib
[1.759s] [ 62%] [32mBuilding CXX object src/sensors/CMakeFiles/sensors_lib.dir/laser/laser.cpp.o[0m
[1.760s] [ 66%] [32mBuilding CXX object src/sensors/CMakeFiles/sensors_lib.dir/laser/beam_model.cpp.o[0m
[1.771s] [ 70%] [32mBuilding CXX object src/sensors/CMakeFiles/sensors_lib.dir/laser/likelihood_field_model.cpp.o[0m
[1.772s] [ 75%] [32mBuilding CXX object src/sensors/CMakeFiles/sensors_lib.dir/laser/likelihood_field_model_prob.cpp.o[0m
[3.139s] [ 79%] [32m[1mLinking CXX shared library libsensors_lib.so[0m
[3.547s] [ 79%] Built target sensors_lib
[3.649s] [ 83%] [32mBuilding CXX object CMakeFiles/amcl_core.dir/src/amcl_node.cpp.o[0m
[4.198s] [ 87%] [32m[1mLinking CXX shared library libmotions_lib.so[0m
[4.550s] [ 87%] Built target motions_lib
[44.872s] [ 91%] [32m[1mLinking CXX shared library libamcl_core.so[0m
[45.157s] [ 91%] Built target amcl_core
[45.189s] [ 95%] [32mBuilding CXX object CMakeFiles/amcl.dir/src/main.cpp.o[0m
[48.760s] [100%] [32m[1mLinking CXX executable amcl[0m
[49.054s] [100%] Built target amcl
[49.100s] Invoked command in '/home/agilex/agilex_ws/build/nav2_amcl' returned '0': AMENT_PREFIX_PATH=/home/agilex/agilex_ws/install/nav2_util:/home/agilex/agilex_ws/install/nav2_msgs:/home/agilex/agilex_ws/install/nav2_common CMAKE_PREFIX_PATH=/home/agilex/agilex_ws/install/nav2_util:/home/agilex/agilex_ws/install/nav2_msgs:/home/agilex/agilex_ws/install/nav2_common LD_LIBRARY_PATH=/home/agilex/agilex_ws/install/nav2_util/lib:/home/agilex/agilex_ws/install/nav2_msgs/lib PYTHONPATH=/home/agilex/agilex_ws/install/nav2_msgs/local/lib/python3.10/dist-packages:/home/agilex/agilex_ws/install/nav2_common/local/lib/python3.10/dist-packages /usr/bin/cmake --build /home/agilex/agilex_ws/build/nav2_amcl -- -j16 -l16
[49.142s] Invoking command in '/home/agilex/agilex_ws/build/nav2_amcl': AMENT_PREFIX_PATH=/home/agilex/agilex_ws/install/nav2_util:/home/agilex/agilex_ws/install/nav2_msgs:/home/agilex/agilex_ws/install/nav2_common CMAKE_PREFIX_PATH=/home/agilex/agilex_ws/install/nav2_util:/home/agilex/agilex_ws/install/nav2_msgs:/home/agilex/agilex_ws/install/nav2_common LD_LIBRARY_PATH=/home/agilex/agilex_ws/install/nav2_util/lib:/home/agilex/agilex_ws/install/nav2_msgs/lib PYTHONPATH=/home/agilex/agilex_ws/install/nav2_msgs/local/lib/python3.10/dist-packages:/home/agilex/agilex_ws/install/nav2_common/local/lib/python3.10/dist-packages /usr/bin/cmake --install /home/agilex/agilex_ws/build/nav2_amcl
[49.150s] -- Install configuration: "Release"
[49.152s] -- Installing: /home/agilex/agilex_ws/install/nav2_amcl/lib/libamcl_core.so
[49.156s] -- Set runtime path of "/home/agilex/agilex_ws/install/nav2_amcl/lib/libamcl_core.so" to ""
[49.156s] -- Installing: /home/agilex/agilex_ws/install/nav2_amcl/lib/nav2_amcl/amcl
[49.159s] -- Set runtime path of "/home/agilex/agilex_ws/install/nav2_amcl/lib/nav2_amcl/amcl" to ""
[49.159s] -- Up-to-date: /home/agilex/agilex_ws/install/nav2_amcl/include/
[49.159s] -- Up-to-date: /home/agilex/agilex_ws/install/nav2_amcl/include//nav2_amcl
[49.159s] -- Up-to-date: /home/agilex/agilex_ws/install/nav2_amcl/include//nav2_amcl/sensors
[49.160s] -- Up-to-date: /home/agilex/agilex_ws/install/nav2_amcl/include//nav2_amcl/sensors/laser
[49.160s] -- Up-to-date: /home/agilex/agilex_ws/install/nav2_amcl/include//nav2_amcl/sensors/laser/laser.hpp
[49.160s] -- Up-to-date: /home/agilex/agilex_ws/install/nav2_amcl/include//nav2_amcl/angleutils.hpp
[49.160s] -- Up-to-date: /home/agilex/agilex_ws/install/nav2_amcl/include//nav2_amcl/motion_model
[49.160s] -- Up-to-date: /home/agilex/agilex_ws/install/nav2_amcl/include//nav2_amcl/motion_model/differential_motion_model.hpp
[49.160s] -- Up-to-date: /home/agilex/agilex_ws/install/nav2_amcl/include//nav2_amcl/motion_model/motion_model.hpp
[49.160s] -- Up-to-date: /home/agilex/agilex_ws/install/nav2_amcl/include//nav2_amcl/motion_model/omni_motion_model.hpp
[49.160s] -- Up-to-date: /home/agilex/agilex_ws/install/nav2_amcl/include//nav2_amcl/portable_utils.hpp
[49.160s] -- Up-to-date: /home/agilex/agilex_ws/install/nav2_amcl/include//nav2_amcl/amcl_node.hpp
[49.160s] -- Up-to-date: /home/agilex/agilex_ws/install/nav2_amcl/include//nav2_amcl/map
[49.160s] -- Up-to-date: /home/agilex/agilex_ws/install/nav2_amcl/include//nav2_amcl/map/map.hpp
[49.160s] -- Up-to-date: /home/agilex/agilex_ws/install/nav2_amcl/include//nav2_amcl/pf
[49.161s] -- Up-to-date: /home/agilex/agilex_ws/install/nav2_amcl/include//nav2_amcl/pf/eig3.hpp
[49.161s] -- Up-to-date: /home/agilex/agilex_ws/install/nav2_amcl/include//nav2_amcl/pf/pf_kdtree.hpp
[49.161s] -- Up-to-date: /home/agilex/agilex_ws/install/nav2_amcl/include//nav2_amcl/pf/pf_pdf.hpp
[49.161s] -- Up-to-date: /home/agilex/agilex_ws/install/nav2_amcl/include//nav2_amcl/pf/pf_vector.hpp
[49.161s] -- Up-to-date: /home/agilex/agilex_ws/install/nav2_amcl/include//nav2_amcl/pf/pf.hpp
[49.161s] -- Up-to-date: /home/agilex/agilex_ws/install/nav2_amcl/share/nav2_amcl/environment/library_path.sh
[49.162s] -- Up-to-date: /home/agilex/agilex_ws/install/nav2_amcl/share/nav2_amcl/environment/library_path.dsv
[49.162s] -- Up-to-date: /home/agilex/agilex_ws/install/nav2_amcl/share/nav2_amcl/plugins.xml
[49.163s] -- Up-to-date: /home/agilex/agilex_ws/install/nav2_amcl/share/ament_index/resource_index/package_run_dependencies/nav2_amcl
[49.163s] -- Up-to-date: /home/agilex/agilex_ws/install/nav2_amcl/share/ament_index/resource_index/parent_prefix_path/nav2_amcl
[49.163s] -- Up-to-date: /home/agilex/agilex_ws/install/nav2_amcl/share/nav2_amcl/environment/ament_prefix_path.sh
[49.163s] -- Up-to-date: /home/agilex/agilex_ws/install/nav2_amcl/share/nav2_amcl/environment/ament_prefix_path.dsv
[49.164s] -- Up-to-date: /home/agilex/agilex_ws/install/nav2_amcl/share/nav2_amcl/environment/path.sh
[49.164s] -- Up-to-date: /home/agilex/agilex_ws/install/nav2_amcl/share/nav2_amcl/environment/path.dsv
[49.164s] -- Up-to-date: /home/agilex/agilex_ws/install/nav2_amcl/share/nav2_amcl/local_setup.bash
[49.164s] -- Up-to-date: /home/agilex/agilex_ws/install/nav2_amcl/share/nav2_amcl/local_setup.sh
[49.164s] -- Up-to-date: /home/agilex/agilex_ws/install/nav2_amcl/share/nav2_amcl/local_setup.zsh
[49.164s] -- Up-to-date: /home/agilex/agilex_ws/install/nav2_amcl/share/nav2_amcl/local_setup.dsv
[49.164s] -- Installing: /home/agilex/agilex_ws/install/nav2_amcl/share/nav2_amcl/package.dsv
[49.164s] -- Up-to-date: /home/agilex/agilex_ws/install/nav2_amcl/share/ament_index/resource_index/packages/nav2_amcl
[49.164s] -- Up-to-date: /home/agilex/agilex_ws/install/nav2_amcl/share/ament_index/resource_index/nav2_amcl__pluginlib__plugin/nav2_amcl
[49.164s] -- Up-to-date: /home/agilex/agilex_ws/install/nav2_amcl/share/ament_index/resource_index/rclcpp_components/nav2_amcl
[49.164s] -- Up-to-date: /home/agilex/agilex_ws/install/nav2_amcl/share/nav2_amcl/cmake/ament_cmake_export_include_directories-extras.cmake
[49.164s] -- Up-to-date: /home/agilex/agilex_ws/install/nav2_amcl/share/nav2_amcl/cmake/ament_cmake_export_libraries-extras.cmake
[49.164s] -- Up-to-date: /home/agilex/agilex_ws/install/nav2_amcl/share/nav2_amcl/cmake/ament_cmake_export_dependencies-extras.cmake
[49.164s] -- Up-to-date: /home/agilex/agilex_ws/install/nav2_amcl/share/nav2_amcl/cmake/nav2_amclConfig.cmake
[49.164s] -- Up-to-date: /home/agilex/agilex_ws/install/nav2_amcl/share/nav2_amcl/cmake/nav2_amclConfig-version.cmake
[49.165s] -- Up-to-date: /home/agilex/agilex_ws/install/nav2_amcl/share/nav2_amcl/package.xml
[49.165s] -- Installing: /home/agilex/agilex_ws/install/nav2_amcl/lib/libpf_lib.so
[49.165s] -- Installing: /home/agilex/agilex_ws/install/nav2_amcl/lib/libmap_lib.so
[49.166s] -- Installing: /home/agilex/agilex_ws/install/nav2_amcl/lib/libmotions_lib.so
[49.167s] -- Set runtime path of "/home/agilex/agilex_ws/install/nav2_amcl/lib/libmotions_lib.so" to ""
[49.168s] -- Installing: /home/agilex/agilex_ws/install/nav2_amcl/lib/libsensors_lib.so
[49.168s] -- Set runtime path of "/home/agilex/agilex_ws/install/nav2_amcl/lib/libsensors_lib.so" to ""
[49.172s] Invoked command in '/home/agilex/agilex_ws/build/nav2_amcl' returned '0': AMENT_PREFIX_PATH=/home/agilex/agilex_ws/install/nav2_util:/home/agilex/agilex_ws/install/nav2_msgs:/home/agilex/agilex_ws/install/nav2_common CMAKE_PREFIX_PATH=/home/agilex/agilex_ws/install/nav2_util:/home/agilex/agilex_ws/install/nav2_msgs:/home/agilex/agilex_ws/install/nav2_common LD_LIBRARY_PATH=/home/agilex/agilex_ws/install/nav2_util/lib:/home/agilex/agilex_ws/install/nav2_msgs/lib PYTHONPATH=/home/agilex/agilex_ws/install/nav2_msgs/local/lib/python3.10/dist-packages:/home/agilex/agilex_ws/install/nav2_common/local/lib/python3.10/dist-packages /usr/bin/cmake --install /home/agilex/agilex_ws/build/nav2_amcl
