[  2%] [32mBuilding CXX object gtest/CMakeFiles/gtest.dir/src/gtest-all.cc.o[0m
[  5%] [32mBuilding CXX object gtest/CMakeFiles/gtest_main.dir/src/gtest_main.cc.o[0m
[  8%] [32mBuilding CXX object CMakeFiles/map_io.dir/src/map_io.cpp.o[0m
[ 11%] [32mBuilding CXX object CMakeFiles/map_io.dir/src/map_mode.cpp.o[0m
[ 13%] [32m[1mLinking CXX static library libgtest_main.a[0m
[ 13%] Built target gtest_main
[ 16%] [32m[1mLinking CXX shared library libmap_io.so[0m
[ 16%] Built target map_io
[ 19%] [32m[1mLinking CXX static library libgtest.a[0m
[ 19%] Built target gtest
[ 22%] [32mBuilding CXX object test/component/CMakeFiles/test_map_saver_publisher.dir/test_map_saver_publisher.cpp.o[0m
[ 25%] [32mBuilding CXX object test/component/CMakeFiles/test_map_saver_publisher.dir/__/test_constants.cpp.o[0m
[ 27%] [32m[1mLinking CXX executable test_map_saver_publisher[0m
[ 27%] Built target test_map_saver_publisher
[ 30%] [32mBuilding CXX object test/map_saver_cli/CMakeFiles/test_map_saver_cli.dir/test_map_saver_cli.cpp.o[0m
[ 33%] [32mBuilding CXX object test/map_saver_cli/CMakeFiles/test_map_saver_cli.dir/__/test_constants.cpp.o[0m
[ 36%] [32m[1mLinking CXX executable test_map_saver_cli[0m
[ 36%] Built target test_map_saver_cli
[ 38%] [32mBuilding CXX object test/unit/CMakeFiles/test_map_io.dir/test_map_io.cpp.o[0m
[ 41%] [32mBuilding CXX object test/unit/CMakeFiles/test_map_io.dir/__/test_constants.cpp.o[0m
[ 44%] [32m[1mLinking CXX executable test_map_io[0m
[ 44%] Built target test_map_io
[ 47%] [32mBuilding CXX object CMakeFiles/map_server_core.dir/src/map_server/map_server.cpp.o[0m
[ 50%] [32mBuilding CXX object CMakeFiles/map_server_core.dir/src/map_saver/map_saver.cpp.o[0m
[ 52%] [32mBuilding CXX object CMakeFiles/map_server_core.dir/src/costmap_filter_info/costmap_filter_info_server.cpp.o[0m
[ 55%] [32m[1mLinking CXX shared library libmap_server_core.so[0m
[ 55%] Built target map_server_core
[ 58%] [32mBuilding CXX object CMakeFiles/map_saver_server.dir/src/map_saver/main_server.cpp.o[0m
[ 69%] [32mBuilding CXX object CMakeFiles/map_server.dir/src/map_server/main.cpp.o[0m
[ 69%] [32mBuilding CXX object test/unit/CMakeFiles/test_costmap_filter_info_server.dir/test_costmap_filter_info_server.cpp.o[0m
[ 69%] [32mBuilding CXX object CMakeFiles/costmap_filter_info_server.dir/src/costmap_filter_info/main.cpp.o[0m
[ 69%] [32mBuilding CXX object CMakeFiles/map_saver_cli.dir/src/map_saver/main_cli.cpp.o[0m
[ 72%] [32m[1mLinking CXX executable map_saver_server[0m
[ 75%] [32m[1mLinking CXX executable map_server[0m
[ 77%] [32m[1mLinking CXX executable costmap_filter_info_server[0m
[ 77%] Built target map_saver_server
[ 80%] [32mBuilding CXX object test/component/CMakeFiles/test_map_saver_node.dir/test_map_saver_node.cpp.o[0m
[ 83%] [32mBuilding CXX object test/component/CMakeFiles/test_map_server_node.dir/test_map_server_node.cpp.o[0m
[ 88%] [32mBuilding CXX object test/component/CMakeFiles/test_map_server_node.dir/__/test_constants.cpp.o[0m
[ 88%] [32mBuilding CXX object test/component/CMakeFiles/test_map_saver_node.dir/__/test_constants.cpp.o[0m
[ 88%] Built target costmap_filter_info_server
[ 91%] [32m[1mLinking CXX executable map_saver_cli[0m
[ 91%] Built target map_server
[ 91%] Built target map_saver_cli
[ 94%] [32m[1mLinking CXX executable test_map_saver_node[0m
[ 94%] Built target test_map_saver_node
[ 97%] [32m[1mLinking CXX executable test_map_server_node[0m
[ 97%] Built target test_map_server_node
[100%] [32m[1mLinking CXX executable test_costmap_filter_info_server[0m
[100%] Built target test_costmap_filter_info_server
-- Install configuration: "Release"
-- Installing: /home/agilex/agilex_ws/install/nav2_map_server/lib/libmap_server_core.so
-- Set runtime path of "/home/agilex/agilex_ws/install/nav2_map_server/lib/libmap_server_core.so" to ""
-- Installing: /home/agilex/agilex_ws/install/nav2_map_server/lib/libmap_io.so
-- Set runtime path of "/home/agilex/agilex_ws/install/nav2_map_server/lib/libmap_io.so" to ""
-- Installing: /home/agilex/agilex_ws/install/nav2_map_server/lib/nav2_map_server/map_server
-- Set runtime path of "/home/agilex/agilex_ws/install/nav2_map_server/lib/nav2_map_server/map_server" to ""
-- Installing: /home/agilex/agilex_ws/install/nav2_map_server/lib/nav2_map_server/map_saver_cli
-- Set runtime path of "/home/agilex/agilex_ws/install/nav2_map_server/lib/nav2_map_server/map_saver_cli" to ""
-- Installing: /home/agilex/agilex_ws/install/nav2_map_server/lib/nav2_map_server/map_saver_server
-- Set runtime path of "/home/agilex/agilex_ws/install/nav2_map_server/lib/nav2_map_server/map_saver_server" to ""
-- Installing: /home/agilex/agilex_ws/install/nav2_map_server/lib/nav2_map_server/costmap_filter_info_server
-- Set runtime path of "/home/agilex/agilex_ws/install/nav2_map_server/lib/nav2_map_server/costmap_filter_info_server" to ""
-- Up-to-date: /home/agilex/agilex_ws/install/nav2_map_server/include/
-- Up-to-date: /home/agilex/agilex_ws/install/nav2_map_server/include//nav2_map_server
-- Up-to-date: /home/agilex/agilex_ws/install/nav2_map_server/include//nav2_map_server/map_mode.hpp
-- Up-to-date: /home/agilex/agilex_ws/install/nav2_map_server/include//nav2_map_server/map_server.hpp
-- Up-to-date: /home/agilex/agilex_ws/install/nav2_map_server/include//nav2_map_server/map_saver.hpp
-- Up-to-date: /home/agilex/agilex_ws/install/nav2_map_server/include//nav2_map_server/map_io.hpp
-- Up-to-date: /home/agilex/agilex_ws/install/nav2_map_server/include//nav2_map_server/costmap_filter_info_server.hpp
-- Up-to-date: /home/agilex/agilex_ws/install/nav2_map_server/share/nav2_map_server/launch
-- Up-to-date: /home/agilex/agilex_ws/install/nav2_map_server/share/nav2_map_server/launch/map_saver_server.launch.py
-- Up-to-date: /home/agilex/agilex_ws/install/nav2_map_server/share/nav2_map_server/environment/library_path.sh
-- Up-to-date: /home/agilex/agilex_ws/install/nav2_map_server/share/nav2_map_server/environment/library_path.dsv
-- Up-to-date: /home/agilex/agilex_ws/install/nav2_map_server/share/ament_index/resource_index/package_run_dependencies/nav2_map_server
-- Up-to-date: /home/agilex/agilex_ws/install/nav2_map_server/share/ament_index/resource_index/parent_prefix_path/nav2_map_server
-- Up-to-date: /home/agilex/agilex_ws/install/nav2_map_server/share/nav2_map_server/environment/ament_prefix_path.sh
-- Up-to-date: /home/agilex/agilex_ws/install/nav2_map_server/share/nav2_map_server/environment/ament_prefix_path.dsv
-- Up-to-date: /home/agilex/agilex_ws/install/nav2_map_server/share/nav2_map_server/environment/path.sh
-- Up-to-date: /home/agilex/agilex_ws/install/nav2_map_server/share/nav2_map_server/environment/path.dsv
-- Up-to-date: /home/agilex/agilex_ws/install/nav2_map_server/share/nav2_map_server/local_setup.bash
-- Up-to-date: /home/agilex/agilex_ws/install/nav2_map_server/share/nav2_map_server/local_setup.sh
-- Up-to-date: /home/agilex/agilex_ws/install/nav2_map_server/share/nav2_map_server/local_setup.zsh
-- Up-to-date: /home/agilex/agilex_ws/install/nav2_map_server/share/nav2_map_server/local_setup.dsv
-- Installing: /home/agilex/agilex_ws/install/nav2_map_server/share/nav2_map_server/package.dsv
-- Up-to-date: /home/agilex/agilex_ws/install/nav2_map_server/share/ament_index/resource_index/packages/nav2_map_server
-- Up-to-date: /home/agilex/agilex_ws/install/nav2_map_server/share/ament_index/resource_index/rclcpp_components/nav2_map_server
-- Up-to-date: /home/agilex/agilex_ws/install/nav2_map_server/share/nav2_map_server/cmake/ament_cmake_export_include_directories-extras.cmake
-- Up-to-date: /home/agilex/agilex_ws/install/nav2_map_server/share/nav2_map_server/cmake/ament_cmake_export_libraries-extras.cmake
-- Up-to-date: /home/agilex/agilex_ws/install/nav2_map_server/share/nav2_map_server/cmake/ament_cmake_export_dependencies-extras.cmake
-- Up-to-date: /home/agilex/agilex_ws/install/nav2_map_server/share/nav2_map_server/cmake/nav2_map_serverConfig.cmake
-- Up-to-date: /home/agilex/agilex_ws/install/nav2_map_server/share/nav2_map_server/cmake/nav2_map_serverConfig-version.cmake
-- Up-to-date: /home/agilex/agilex_ws/install/nav2_map_server/share/nav2_map_server/package.xml
