[0.029s] Invoking command in '/home/agilex/agilex_ws/build/nav2_map_server': AMENT_PREFIX_PATH=/home/agilex/agilex_ws/install/nav2_util:/home/agilex/agilex_ws/install/nav2_msgs:/home/agilex/agilex_ws/install/nav2_common CMAKE_PREFIX_PATH=/home/agilex/agilex_ws/install/nav2_util:/home/agilex/agilex_ws/install/nav2_msgs:/home/agilex/agilex_ws/install/nav2_common LD_LIBRARY_PATH=/home/agilex/agilex_ws/install/nav2_util/lib:/home/agilex/agilex_ws/install/nav2_msgs/lib PYTHONPATH=/home/agilex/agilex_ws/install/nav2_msgs/local/lib/python3.10/dist-packages:/home/agilex/agilex_ws/install/nav2_common/local/lib/python3.10/dist-packages /usr/bin/cmake --build /home/agilex/agilex_ws/build/nav2_map_server -- -j16 -l16
[0.119s] [  2%] [32mBuilding CXX object gtest/CMakeFiles/gtest.dir/src/gtest-all.cc.o[0m
[0.124s] [  5%] [32mBuilding CXX object gtest/CMakeFiles/gtest_main.dir/src/gtest_main.cc.o[0m
[0.156s] [  8%] [32mBuilding CXX object CMakeFiles/map_io.dir/src/map_io.cpp.o[0m
[0.161s] [ 11%] [32mBuilding CXX object CMakeFiles/map_io.dir/src/map_mode.cpp.o[0m
[3.515s] [ 13%] [32m[1mLinking CXX static library libgtest_main.a[0m
[3.629s] [ 13%] Built target gtest_main
[26.856s] [ 16%] [32m[1mLinking CXX shared library libmap_io.so[0m
[27.028s] [ 16%] Built target map_io
[34.058s] [ 19%] [32m[1mLinking CXX static library libgtest.a[0m
[34.112s] [ 19%] Built target gtest
[34.178s] [ 22%] [32mBuilding CXX object test/component/CMakeFiles/test_map_saver_publisher.dir/test_map_saver_publisher.cpp.o[0m
[39.408s] [ 25%] [32mBuilding CXX object test/component/CMakeFiles/test_map_saver_publisher.dir/__/test_constants.cpp.o[0m
[39.497s] [ 27%] [32m[1mLinking CXX executable test_map_saver_publisher[0m
[39.680s] [ 27%] Built target test_map_saver_publisher
[39.708s] [ 30%] [32mBuilding CXX object test/map_saver_cli/CMakeFiles/test_map_saver_cli.dir/test_map_saver_cli.cpp.o[0m
[44.452s] [ 33%] [32mBuilding CXX object test/map_saver_cli/CMakeFiles/test_map_saver_cli.dir/__/test_constants.cpp.o[0m
[44.539s] [ 36%] [32m[1mLinking CXX executable test_map_saver_cli[0m
[44.667s] [ 36%] Built target test_map_saver_cli
[44.696s] [ 38%] [32mBuilding CXX object test/unit/CMakeFiles/test_map_io.dir/test_map_io.cpp.o[0m
[49.583s] [ 41%] [32mBuilding CXX object test/unit/CMakeFiles/test_map_io.dir/__/test_constants.cpp.o[0m
[49.688s] [ 44%] [32m[1mLinking CXX executable test_map_io[0m
[49.954s] [ 44%] Built target test_map_io
[49.993s] [ 47%] [32mBuilding CXX object CMakeFiles/map_server_core.dir/src/map_server/map_server.cpp.o[0m
[49.993s] [ 50%] [32mBuilding CXX object CMakeFiles/map_server_core.dir/src/map_saver/map_saver.cpp.o[0m
[49.997s] [ 52%] [32mBuilding CXX object CMakeFiles/map_server_core.dir/src/costmap_filter_info/costmap_filter_info_server.cpp.o[0m
[69.214s] [ 55%] [32m[1mLinking CXX shared library libmap_server_core.so[0m
[69.479s] [ 55%] Built target map_server_core
[69.512s] [ 58%] [32mBuilding CXX object CMakeFiles/map_saver_server.dir/src/map_saver/main_server.cpp.o[0m
[69.514s] [ 69%] [32mBuilding CXX object CMakeFiles/map_server.dir/src/map_server/main.cpp.o[0m
[69.514s] [ 69%] [32mBuilding CXX object test/unit/CMakeFiles/test_costmap_filter_info_server.dir/test_costmap_filter_info_server.cpp.o[0m
[69.514s] [ 69%] [32mBuilding CXX object CMakeFiles/costmap_filter_info_server.dir/src/costmap_filter_info/main.cpp.o[0m
[69.515s] [ 69%] [32mBuilding CXX object CMakeFiles/map_saver_cli.dir/src/map_saver/main_cli.cpp.o[0m
[74.861s] [ 72%] [32m[1mLinking CXX executable map_saver_server[0m
[75.219s] [ 75%] [32m[1mLinking CXX executable map_server[0m
[75.456s] [ 77%] [32m[1mLinking CXX executable costmap_filter_info_server[0m
[75.873s] [ 77%] Built target map_saver_server
[75.975s] [ 80%] [32mBuilding CXX object test/component/CMakeFiles/test_map_saver_node.dir/test_map_saver_node.cpp.o[0m
[75.978s] [ 83%] [32mBuilding CXX object test/component/CMakeFiles/test_map_server_node.dir/test_map_server_node.cpp.o[0m
[75.979s] [ 88%] [32mBuilding CXX object test/component/CMakeFiles/test_map_server_node.dir/__/test_constants.cpp.o[0m
[75.985s] [ 88%] [32mBuilding CXX object test/component/CMakeFiles/test_map_saver_node.dir/__/test_constants.cpp.o[0m
[76.228s] [ 88%] Built target costmap_filter_info_server
[76.446s] [ 91%] [32m[1mLinking CXX executable map_saver_cli[0m
[76.497s] [ 91%] Built target map_server
[77.071s] [ 91%] Built target map_saver_cli
[89.869s] [ 94%] [32m[1mLinking CXX executable test_map_saver_node[0m
[90.684s] [ 94%] Built target test_map_saver_node
[91.549s] [ 97%] [32m[1mLinking CXX executable test_map_server_node[0m
[91.909s] [ 97%] Built target test_map_server_node
[98.269s] [100%] [32m[1mLinking CXX executable test_costmap_filter_info_server[0m
[98.491s] [100%] Built target test_costmap_filter_info_server
[98.555s] Invoked command in '/home/agilex/agilex_ws/build/nav2_map_server' returned '0': AMENT_PREFIX_PATH=/home/agilex/agilex_ws/install/nav2_util:/home/agilex/agilex_ws/install/nav2_msgs:/home/agilex/agilex_ws/install/nav2_common CMAKE_PREFIX_PATH=/home/agilex/agilex_ws/install/nav2_util:/home/agilex/agilex_ws/install/nav2_msgs:/home/agilex/agilex_ws/install/nav2_common LD_LIBRARY_PATH=/home/agilex/agilex_ws/install/nav2_util/lib:/home/agilex/agilex_ws/install/nav2_msgs/lib PYTHONPATH=/home/agilex/agilex_ws/install/nav2_msgs/local/lib/python3.10/dist-packages:/home/agilex/agilex_ws/install/nav2_common/local/lib/python3.10/dist-packages /usr/bin/cmake --build /home/agilex/agilex_ws/build/nav2_map_server -- -j16 -l16
[98.619s] Invoking command in '/home/agilex/agilex_ws/build/nav2_map_server': AMENT_PREFIX_PATH=/home/agilex/agilex_ws/install/nav2_util:/home/agilex/agilex_ws/install/nav2_msgs:/home/agilex/agilex_ws/install/nav2_common CMAKE_PREFIX_PATH=/home/agilex/agilex_ws/install/nav2_util:/home/agilex/agilex_ws/install/nav2_msgs:/home/agilex/agilex_ws/install/nav2_common LD_LIBRARY_PATH=/home/agilex/agilex_ws/install/nav2_util/lib:/home/agilex/agilex_ws/install/nav2_msgs/lib PYTHONPATH=/home/agilex/agilex_ws/install/nav2_msgs/local/lib/python3.10/dist-packages:/home/agilex/agilex_ws/install/nav2_common/local/lib/python3.10/dist-packages /usr/bin/cmake --install /home/agilex/agilex_ws/build/nav2_map_server
[98.627s] -- Install configuration: "Release"
[98.628s] -- Installing: /home/agilex/agilex_ws/install/nav2_map_server/lib/libmap_server_core.so
[98.630s] -- Set runtime path of "/home/agilex/agilex_ws/install/nav2_map_server/lib/libmap_server_core.so" to ""
[98.630s] -- Installing: /home/agilex/agilex_ws/install/nav2_map_server/lib/libmap_io.so
[98.630s] -- Set runtime path of "/home/agilex/agilex_ws/install/nav2_map_server/lib/libmap_io.so" to ""
[98.631s] -- Installing: /home/agilex/agilex_ws/install/nav2_map_server/lib/nav2_map_server/map_server
[98.631s] -- Set runtime path of "/home/agilex/agilex_ws/install/nav2_map_server/lib/nav2_map_server/map_server" to ""
[98.632s] -- Installing: /home/agilex/agilex_ws/install/nav2_map_server/lib/nav2_map_server/map_saver_cli
[98.632s] -- Set runtime path of "/home/agilex/agilex_ws/install/nav2_map_server/lib/nav2_map_server/map_saver_cli" to ""
[98.633s] -- Installing: /home/agilex/agilex_ws/install/nav2_map_server/lib/nav2_map_server/map_saver_server
[98.633s] -- Set runtime path of "/home/agilex/agilex_ws/install/nav2_map_server/lib/nav2_map_server/map_saver_server" to ""
[98.634s] -- Installing: /home/agilex/agilex_ws/install/nav2_map_server/lib/nav2_map_server/costmap_filter_info_server
[98.634s] -- Set runtime path of "/home/agilex/agilex_ws/install/nav2_map_server/lib/nav2_map_server/costmap_filter_info_server" to ""
[98.635s] -- Up-to-date: /home/agilex/agilex_ws/install/nav2_map_server/include/
[98.635s] -- Up-to-date: /home/agilex/agilex_ws/install/nav2_map_server/include//nav2_map_server
[98.636s] -- Up-to-date: /home/agilex/agilex_ws/install/nav2_map_server/include//nav2_map_server/map_mode.hpp
[98.636s] -- Up-to-date: /home/agilex/agilex_ws/install/nav2_map_server/include//nav2_map_server/map_server.hpp
[98.636s] -- Up-to-date: /home/agilex/agilex_ws/install/nav2_map_server/include//nav2_map_server/map_saver.hpp
[98.636s] -- Up-to-date: /home/agilex/agilex_ws/install/nav2_map_server/include//nav2_map_server/map_io.hpp
[98.636s] -- Up-to-date: /home/agilex/agilex_ws/install/nav2_map_server/include//nav2_map_server/costmap_filter_info_server.hpp
[98.636s] -- Up-to-date: /home/agilex/agilex_ws/install/nav2_map_server/share/nav2_map_server/launch
[98.636s] -- Up-to-date: /home/agilex/agilex_ws/install/nav2_map_server/share/nav2_map_server/launch/map_saver_server.launch.py
[98.638s] -- Up-to-date: /home/agilex/agilex_ws/install/nav2_map_server/share/nav2_map_server/environment/library_path.sh
[98.638s] -- Up-to-date: /home/agilex/agilex_ws/install/nav2_map_server/share/nav2_map_server/environment/library_path.dsv
[98.639s] -- Up-to-date: /home/agilex/agilex_ws/install/nav2_map_server/share/ament_index/resource_index/package_run_dependencies/nav2_map_server
[98.639s] -- Up-to-date: /home/agilex/agilex_ws/install/nav2_map_server/share/ament_index/resource_index/parent_prefix_path/nav2_map_server
[98.640s] -- Up-to-date: /home/agilex/agilex_ws/install/nav2_map_server/share/nav2_map_server/environment/ament_prefix_path.sh
[98.640s] -- Up-to-date: /home/agilex/agilex_ws/install/nav2_map_server/share/nav2_map_server/environment/ament_prefix_path.dsv
[98.641s] -- Up-to-date: /home/agilex/agilex_ws/install/nav2_map_server/share/nav2_map_server/environment/path.sh
[98.641s] -- Up-to-date: /home/agilex/agilex_ws/install/nav2_map_server/share/nav2_map_server/environment/path.dsv
[98.641s] -- Up-to-date: /home/agilex/agilex_ws/install/nav2_map_server/share/nav2_map_server/local_setup.bash
[98.641s] -- Up-to-date: /home/agilex/agilex_ws/install/nav2_map_server/share/nav2_map_server/local_setup.sh
[98.641s] -- Up-to-date: /home/agilex/agilex_ws/install/nav2_map_server/share/nav2_map_server/local_setup.zsh
[98.641s] -- Up-to-date: /home/agilex/agilex_ws/install/nav2_map_server/share/nav2_map_server/local_setup.dsv
[98.641s] -- Installing: /home/agilex/agilex_ws/install/nav2_map_server/share/nav2_map_server/package.dsv
[98.641s] -- Up-to-date: /home/agilex/agilex_ws/install/nav2_map_server/share/ament_index/resource_index/packages/nav2_map_server
[98.641s] -- Up-to-date: /home/agilex/agilex_ws/install/nav2_map_server/share/ament_index/resource_index/rclcpp_components/nav2_map_server
[98.641s] -- Up-to-date: /home/agilex/agilex_ws/install/nav2_map_server/share/nav2_map_server/cmake/ament_cmake_export_include_directories-extras.cmake
[98.642s] -- Up-to-date: /home/agilex/agilex_ws/install/nav2_map_server/share/nav2_map_server/cmake/ament_cmake_export_libraries-extras.cmake
[98.642s] -- Up-to-date: /home/agilex/agilex_ws/install/nav2_map_server/share/nav2_map_server/cmake/ament_cmake_export_dependencies-extras.cmake
[98.642s] -- Up-to-date: /home/agilex/agilex_ws/install/nav2_map_server/share/nav2_map_server/cmake/nav2_map_serverConfig.cmake
[98.642s] -- Up-to-date: /home/agilex/agilex_ws/install/nav2_map_server/share/nav2_map_server/cmake/nav2_map_serverConfig-version.cmake
[98.642s] -- Up-to-date: /home/agilex/agilex_ws/install/nav2_map_server/share/nav2_map_server/package.xml
[98.658s] Invoked command in '/home/agilex/agilex_ws/build/nav2_map_server' returned '0': AMENT_PREFIX_PATH=/home/agilex/agilex_ws/install/nav2_util:/home/agilex/agilex_ws/install/nav2_msgs:/home/agilex/agilex_ws/install/nav2_common CMAKE_PREFIX_PATH=/home/agilex/agilex_ws/install/nav2_util:/home/agilex/agilex_ws/install/nav2_msgs:/home/agilex/agilex_ws/install/nav2_common LD_LIBRARY_PATH=/home/agilex/agilex_ws/install/nav2_util/lib:/home/agilex/agilex_ws/install/nav2_msgs/lib PYTHONPATH=/home/agilex/agilex_ws/install/nav2_msgs/local/lib/python3.10/dist-packages:/home/agilex/agilex_ws/install/nav2_common/local/lib/python3.10/dist-packages /usr/bin/cmake --install /home/agilex/agilex_ws/build/nav2_map_server
