[0.027s] Invoking command in '/home/agilex/agilex_ws/build/nav_2d_utils': AMENT_PREFIX_PATH=/home/agilex/agilex_ws/install/nav2_util:/home/agilex/agilex_ws/install/nav2_msgs:/home/agilex/agilex_ws/install/nav_2d_msgs:/home/agilex/agilex_ws/install/nav2_common:${AMENT_PREFIX_PATH} CMAKE_PREFIX_PATH=/home/agilex/agilex_ws/install/nav2_util:/home/agilex/agilex_ws/install/nav2_msgs:/home/agilex/agilex_ws/install/nav_2d_msgs:/home/agilex/agilex_ws/install/nav2_common:/opt/ros/humble LD_LIBRARY_PATH=/home/agilex/agilex_ws/install/nav2_util/lib:/home/agilex/agilex_ws/install/nav2_msgs/lib:/home/agilex/agilex_ws/install/nav_2d_msgs/lib:${LD_LIBRARY_PATH} PYTHONPATH=/home/agilex/agilex_ws/install/nav2_msgs/local/lib/python3.10/dist-packages:/home/agilex/agilex_ws/install/nav_2d_msgs/local/lib/python3.10/dist-packages:/home/agilex/agilex_ws/install/nav2_common/local/lib/python3.10/dist-packages:${PYTHONPATH} /usr/bin/cmake --build /home/agilex/agilex_ws/build/nav_2d_utils -- -j8 -l8
[0.063s] [35m[1mConsolidate compiler generated dependencies of target gtest_main[0m
[0.063s] [35m[1mConsolidate compiler generated dependencies of target conversions[0m
[0.063s] [35m[1mConsolidate compiler generated dependencies of target gtest[0m
[0.066s] [35m[1mConsolidate compiler generated dependencies of target path_ops[0m
[0.101s] [ 12%] Built target gtest_main
[0.127s] [ 50%] Built target path_ops
[0.129s] [ 50%] Built target gtest
[0.129s] [ 43%] Built target conversions
[0.176s] [35m[1mConsolidate compiler generated dependencies of target tf_help[0m
[0.188s] [35m[1mConsolidate compiler generated dependencies of target 2d_utils_tests[0m
[0.188s] [35m[1mConsolidate compiler generated dependencies of target path_ops_tests[0m
[0.212s] [ 62%] Built target path_ops_tests
[0.217s] [ 75%] Built target 2d_utils_tests
[0.225s] [ 87%] Built target tf_help
[0.251s] [35m[1mConsolidate compiler generated dependencies of target tf_help_tests[0m
[0.284s] [100%] Built target tf_help_tests
[0.325s] Invoked command in '/home/agilex/agilex_ws/build/nav_2d_utils' returned '0': AMENT_PREFIX_PATH=/home/agilex/agilex_ws/install/nav2_util:/home/agilex/agilex_ws/install/nav2_msgs:/home/agilex/agilex_ws/install/nav_2d_msgs:/home/agilex/agilex_ws/install/nav2_common:${AMENT_PREFIX_PATH} CMAKE_PREFIX_PATH=/home/agilex/agilex_ws/install/nav2_util:/home/agilex/agilex_ws/install/nav2_msgs:/home/agilex/agilex_ws/install/nav_2d_msgs:/home/agilex/agilex_ws/install/nav2_common:/opt/ros/humble LD_LIBRARY_PATH=/home/agilex/agilex_ws/install/nav2_util/lib:/home/agilex/agilex_ws/install/nav2_msgs/lib:/home/agilex/agilex_ws/install/nav_2d_msgs/lib:${LD_LIBRARY_PATH} PYTHONPATH=/home/agilex/agilex_ws/install/nav2_msgs/local/lib/python3.10/dist-packages:/home/agilex/agilex_ws/install/nav_2d_msgs/local/lib/python3.10/dist-packages:/home/agilex/agilex_ws/install/nav2_common/local/lib/python3.10/dist-packages:${PYTHONPATH} /usr/bin/cmake --build /home/agilex/agilex_ws/build/nav_2d_utils -- -j8 -l8
[0.359s] Invoking command in '/home/agilex/agilex_ws/build/nav_2d_utils': AMENT_PREFIX_PATH=/home/agilex/agilex_ws/install/nav2_util:/home/agilex/agilex_ws/install/nav2_msgs:/home/agilex/agilex_ws/install/nav_2d_msgs:/home/agilex/agilex_ws/install/nav2_common:${AMENT_PREFIX_PATH} CMAKE_PREFIX_PATH=/home/agilex/agilex_ws/install/nav2_util:/home/agilex/agilex_ws/install/nav2_msgs:/home/agilex/agilex_ws/install/nav_2d_msgs:/home/agilex/agilex_ws/install/nav2_common:/opt/ros/humble LD_LIBRARY_PATH=/home/agilex/agilex_ws/install/nav2_util/lib:/home/agilex/agilex_ws/install/nav2_msgs/lib:/home/agilex/agilex_ws/install/nav_2d_msgs/lib:${LD_LIBRARY_PATH} PYTHONPATH=/home/agilex/agilex_ws/install/nav2_msgs/local/lib/python3.10/dist-packages:/home/agilex/agilex_ws/install/nav_2d_msgs/local/lib/python3.10/dist-packages:/home/agilex/agilex_ws/install/nav2_common/local/lib/python3.10/dist-packages:${PYTHONPATH} /usr/bin/cmake --install /home/agilex/agilex_ws/build/nav_2d_utils
[0.364s] -- Install configuration: "Release"
[0.364s] -- Up-to-date: /home/agilex/agilex_ws/install/nav_2d_utils/lib/libconversions.so
[0.365s] -- Up-to-date: /home/agilex/agilex_ws/install/nav_2d_utils/lib/libpath_ops.so
[0.365s] -- Up-to-date: /home/agilex/agilex_ws/install/nav_2d_utils/lib/libtf_help.so
[0.365s] -- Up-to-date: /home/agilex/agilex_ws/install/nav_2d_utils/include/
[0.365s] -- Up-to-date: /home/agilex/agilex_ws/install/nav_2d_utils/include//nav_2d_utils
[0.366s] -- Up-to-date: /home/agilex/agilex_ws/install/nav_2d_utils/include//nav_2d_utils/path_ops.hpp
[0.366s] -- Up-to-date: /home/agilex/agilex_ws/install/nav_2d_utils/include//nav_2d_utils/parameters.hpp
[0.366s] -- Up-to-date: /home/agilex/agilex_ws/install/nav_2d_utils/include//nav_2d_utils/odom_subscriber.hpp
[0.366s] -- Up-to-date: /home/agilex/agilex_ws/install/nav_2d_utils/include//nav_2d_utils/tf_help.hpp
[0.366s] -- Up-to-date: /home/agilex/agilex_ws/install/nav_2d_utils/include//nav_2d_utils/conversions.hpp
[0.366s] -- Up-to-date: /home/agilex/agilex_ws/install/nav_2d_utils/share/nav_2d_utils/environment/library_path.sh
[0.366s] -- Up-to-date: /home/agilex/agilex_ws/install/nav_2d_utils/share/nav_2d_utils/environment/library_path.dsv
[0.366s] -- Up-to-date: /home/agilex/agilex_ws/install/nav_2d_utils/share/ament_index/resource_index/package_run_dependencies/nav_2d_utils
[0.366s] -- Up-to-date: /home/agilex/agilex_ws/install/nav_2d_utils/share/ament_index/resource_index/parent_prefix_path/nav_2d_utils
[0.367s] -- Up-to-date: /home/agilex/agilex_ws/install/nav_2d_utils/share/nav_2d_utils/environment/ament_prefix_path.sh
[0.373s] -- Up-to-date: /home/agilex/agilex_ws/install/nav_2d_utils/share/nav_2d_utils/environment/ament_prefix_path.dsv
[0.373s] -- Up-to-date: /home/agilex/agilex_ws/install/nav_2d_utils/share/nav_2d_utils/environment/path.sh
[0.373s] -- Up-to-date: /home/agilex/agilex_ws/install/nav_2d_utils/share/nav_2d_utils/environment/path.dsv
[0.373s] -- Up-to-date: /home/agilex/agilex_ws/install/nav_2d_utils/share/nav_2d_utils/local_setup.bash
[0.374s] -- Up-to-date: /home/agilex/agilex_ws/install/nav_2d_utils/share/nav_2d_utils/local_setup.sh
[0.374s] -- Up-to-date: /home/agilex/agilex_ws/install/nav_2d_utils/share/nav_2d_utils/local_setup.zsh
[0.374s] -- Up-to-date: /home/agilex/agilex_ws/install/nav_2d_utils/share/nav_2d_utils/local_setup.dsv
[0.374s] -- Installing: /home/agilex/agilex_ws/install/nav_2d_utils/share/nav_2d_utils/package.dsv
[0.374s] -- Up-to-date: /home/agilex/agilex_ws/install/nav_2d_utils/share/ament_index/resource_index/packages/nav_2d_utils
[0.374s] -- Up-to-date: /home/agilex/agilex_ws/install/nav_2d_utils/share/nav_2d_utils/cmake/ament_cmake_export_include_directories-extras.cmake
[0.374s] -- Up-to-date: /home/agilex/agilex_ws/install/nav_2d_utils/share/nav_2d_utils/cmake/ament_cmake_export_libraries-extras.cmake
[0.374s] -- Up-to-date: /home/agilex/agilex_ws/install/nav_2d_utils/share/nav_2d_utils/cmake/ament_cmake_export_dependencies-extras.cmake
[0.374s] -- Up-to-date: /home/agilex/agilex_ws/install/nav_2d_utils/share/nav_2d_utils/cmake/nav_2d_utilsConfig.cmake
[0.375s] -- Up-to-date: /home/agilex/agilex_ws/install/nav_2d_utils/share/nav_2d_utils/cmake/nav_2d_utilsConfig-version.cmake
[0.375s] -- Up-to-date: /home/agilex/agilex_ws/install/nav_2d_utils/share/nav_2d_utils/package.xml
[0.401s] Invoked command in '/home/agilex/agilex_ws/build/nav_2d_utils' returned '0': AMENT_PREFIX_PATH=/home/agilex/agilex_ws/install/nav2_util:/home/agilex/agilex_ws/install/nav2_msgs:/home/agilex/agilex_ws/install/nav_2d_msgs:/home/agilex/agilex_ws/install/nav2_common:${AMENT_PREFIX_PATH} CMAKE_PREFIX_PATH=/home/agilex/agilex_ws/install/nav2_util:/home/agilex/agilex_ws/install/nav2_msgs:/home/agilex/agilex_ws/install/nav_2d_msgs:/home/agilex/agilex_ws/install/nav2_common:/opt/ros/humble LD_LIBRARY_PATH=/home/agilex/agilex_ws/install/nav2_util/lib:/home/agilex/agilex_ws/install/nav2_msgs/lib:/home/agilex/agilex_ws/install/nav_2d_msgs/lib:${LD_LIBRARY_PATH} PYTHONPATH=/home/agilex/agilex_ws/install/nav2_msgs/local/lib/python3.10/dist-packages:/home/agilex/agilex_ws/install/nav_2d_msgs/local/lib/python3.10/dist-packages:/home/agilex/agilex_ws/install/nav2_common/local/lib/python3.10/dist-packages:${PYTHONPATH} /usr/bin/cmake --install /home/agilex/agilex_ws/build/nav_2d_utils
