[0.019s] Invoking command in '/home/agilex/agilex_ws/build/costmap_converter': AMENT_PREFIX_PATH=/home/agilex/agilex_ws/install/nav2_costmap_2d:/home/agilex/agilex_ws/install/nav2_util:/home/agilex/agilex_ws/install/nav2_voxel_grid:/home/agilex/agilex_ws/install/nav2_msgs:/home/agilex/agilex_ws/install/nav2_common:/home/agilex/agilex_ws/install/costmap_converter_msgs CMAKE_PREFIX_PATH=/home/agilex/agilex_ws/install/nav2_costmap_2d:/home/agilex/agilex_ws/install/nav2_util:/home/agilex/agilex_ws/install/nav2_voxel_grid:/home/agilex/agilex_ws/install/nav2_msgs:/home/agilex/agilex_ws/install/nav2_common:/home/agilex/agilex_ws/install/costmap_converter_msgs LD_LIBRARY_PATH=/home/agilex/agilex_ws/install/nav2_costmap_2d/lib:/home/agilex/agilex_ws/install/nav2_util/lib:/home/agilex/agilex_ws/install/nav2_voxel_grid/lib:/home/agilex/agilex_ws/install/nav2_msgs/lib:/home/agilex/agilex_ws/install/costmap_converter_msgs/lib PYTHONPATH=/home/agilex/agilex_ws/install/nav2_msgs/local/lib/python3.10/dist-packages:/home/agilex/agilex_ws/install/nav2_common/local/lib/python3.10/dist-packages:/home/agilex/agilex_ws/install/costmap_converter_msgs/local/lib/python3.10/dist-packages /usr/bin/cmake --build /home/agilex/agilex_ws/build/costmap_converter -- -j16 -l16
[0.064s] [ 10%] Built target gtest_main
[0.068s] [ 21%] Built target gtest
[0.082s] [ 78%] Built target costmap_converter
[0.107s] [ 89%] Built target test_costmap_polygons
[0.107s] [100%] Built target standalone_converter
[0.223s] Invoked command in '/home/agilex/agilex_ws/build/costmap_converter' returned '0': AMENT_PREFIX_PATH=/home/agilex/agilex_ws/install/nav2_costmap_2d:/home/agilex/agilex_ws/install/nav2_util:/home/agilex/agilex_ws/install/nav2_voxel_grid:/home/agilex/agilex_ws/install/nav2_msgs:/home/agilex/agilex_ws/install/nav2_common:/home/agilex/agilex_ws/install/costmap_converter_msgs CMAKE_PREFIX_PATH=/home/agilex/agilex_ws/install/nav2_costmap_2d:/home/agilex/agilex_ws/install/nav2_util:/home/agilex/agilex_ws/install/nav2_voxel_grid:/home/agilex/agilex_ws/install/nav2_msgs:/home/agilex/agilex_ws/install/nav2_common:/home/agilex/agilex_ws/install/costmap_converter_msgs LD_LIBRARY_PATH=/home/agilex/agilex_ws/install/nav2_costmap_2d/lib:/home/agilex/agilex_ws/install/nav2_util/lib:/home/agilex/agilex_ws/install/nav2_voxel_grid/lib:/home/agilex/agilex_ws/install/nav2_msgs/lib:/home/agilex/agilex_ws/install/costmap_converter_msgs/lib PYTHONPATH=/home/agilex/agilex_ws/install/nav2_msgs/local/lib/python3.10/dist-packages:/home/agilex/agilex_ws/install/nav2_common/local/lib/python3.10/dist-packages:/home/agilex/agilex_ws/install/costmap_converter_msgs/local/lib/python3.10/dist-packages /usr/bin/cmake --build /home/agilex/agilex_ws/build/costmap_converter -- -j16 -l16
[0.359s] Invoking command in '/home/agilex/agilex_ws/build/costmap_converter': AMENT_PREFIX_PATH=/home/agilex/agilex_ws/install/nav2_costmap_2d:/home/agilex/agilex_ws/install/nav2_util:/home/agilex/agilex_ws/install/nav2_voxel_grid:/home/agilex/agilex_ws/install/nav2_msgs:/home/agilex/agilex_ws/install/nav2_common:/home/agilex/agilex_ws/install/costmap_converter_msgs CMAKE_PREFIX_PATH=/home/agilex/agilex_ws/install/nav2_costmap_2d:/home/agilex/agilex_ws/install/nav2_util:/home/agilex/agilex_ws/install/nav2_voxel_grid:/home/agilex/agilex_ws/install/nav2_msgs:/home/agilex/agilex_ws/install/nav2_common:/home/agilex/agilex_ws/install/costmap_converter_msgs LD_LIBRARY_PATH=/home/agilex/agilex_ws/install/nav2_costmap_2d/lib:/home/agilex/agilex_ws/install/nav2_util/lib:/home/agilex/agilex_ws/install/nav2_voxel_grid/lib:/home/agilex/agilex_ws/install/nav2_msgs/lib:/home/agilex/agilex_ws/install/costmap_converter_msgs/lib PYTHONPATH=/home/agilex/agilex_ws/install/nav2_msgs/local/lib/python3.10/dist-packages:/home/agilex/agilex_ws/install/nav2_common/local/lib/python3.10/dist-packages:/home/agilex/agilex_ws/install/costmap_converter_msgs/local/lib/python3.10/dist-packages /usr/bin/cmake --install /home/agilex/agilex_ws/build/costmap_converter
[0.413s] -- Install configuration: "Release"
[0.413s] -- Up-to-date: /home/agilex/agilex_ws/install/costmap_converter/lib/libcostmap_converter.so
[0.413s] -- Up-to-date: /home/agilex/agilex_ws/install/costmap_converter/bin/standalone_converter
[0.413s] -- Up-to-date: /home/agilex/agilex_ws/install/costmap_converter/include/
[0.413s] -- Up-to-date: /home/agilex/agilex_ws/install/costmap_converter/include//costmap_converter
[0.413s] -- Up-to-date: /home/agilex/agilex_ws/install/costmap_converter/include//costmap_converter/costmap_converter_interface.h
[0.413s] -- Up-to-date: /home/agilex/agilex_ws/install/costmap_converter/include//costmap_converter/costmap_to_lines_convex_hull.h
[0.413s] -- Up-to-date: /home/agilex/agilex_ws/install/costmap_converter/include//costmap_converter/costmap_to_polygons_concave.h
[0.413s] -- Up-to-date: /home/agilex/agilex_ws/install/costmap_converter/include//costmap_converter/costmap_to_lines_ransac.h
[0.413s] -- Up-to-date: /home/agilex/agilex_ws/install/costmap_converter/include//costmap_converter/costmap_to_dynamic_obstacles
[0.413s] -- Up-to-date: /home/agilex/agilex_ws/install/costmap_converter/include//costmap_converter/costmap_to_dynamic_obstacles/costmap_to_dynamic_obstacles.h
[0.413s] -- Up-to-date: /home/agilex/agilex_ws/install/costmap_converter/include//costmap_converter/costmap_to_dynamic_obstacles/blob_detector.h
[0.413s] -- Up-to-date: /home/agilex/agilex_ws/install/costmap_converter/include//costmap_converter/costmap_to_dynamic_obstacles/background_subtractor.h
[0.413s] -- Up-to-date: /home/agilex/agilex_ws/install/costmap_converter/include//costmap_converter/costmap_to_dynamic_obstacles/multitarget_tracker
[0.414s] -- Up-to-date: /home/agilex/agilex_ws/install/costmap_converter/include//costmap_converter/costmap_to_dynamic_obstacles/multitarget_tracker/Ctracker.h
[0.414s] -- Up-to-date: /home/agilex/agilex_ws/install/costmap_converter/include//costmap_converter/costmap_to_dynamic_obstacles/multitarget_tracker/defines.h
[0.414s] -- Up-to-date: /home/agilex/agilex_ws/install/costmap_converter/include//costmap_converter/costmap_to_dynamic_obstacles/multitarget_tracker/Kalman.h
[0.414s] -- Up-to-date: /home/agilex/agilex_ws/install/costmap_converter/include//costmap_converter/costmap_to_dynamic_obstacles/multitarget_tracker/README.md
[0.414s] -- Up-to-date: /home/agilex/agilex_ws/install/costmap_converter/include//costmap_converter/costmap_to_dynamic_obstacles/multitarget_tracker/HungarianAlg.h
[0.414s] -- Up-to-date: /home/agilex/agilex_ws/install/costmap_converter/include//costmap_converter/misc.h
[0.414s] -- Up-to-date: /home/agilex/agilex_ws/install/costmap_converter/include//costmap_converter/costmap_to_polygons.h
[0.414s] -- Up-to-date: /home/agilex/agilex_ws/install/costmap_converter/share/costmap_converter/environment/library_path.sh
[0.414s] -- Up-to-date: /home/agilex/agilex_ws/install/costmap_converter/share/costmap_converter/environment/library_path.dsv
[0.414s] -- Up-to-date: /home/agilex/agilex_ws/install/costmap_converter/share/costmap_converter/costmap_converter_plugins.xml
[0.414s] -- Up-to-date: /home/agilex/agilex_ws/install/costmap_converter/share/ament_index/resource_index/package_run_dependencies/costmap_converter
[0.414s] -- Up-to-date: /home/agilex/agilex_ws/install/costmap_converter/share/ament_index/resource_index/parent_prefix_path/costmap_converter
[0.414s] -- Up-to-date: /home/agilex/agilex_ws/install/costmap_converter/share/costmap_converter/environment/ament_prefix_path.sh
[0.414s] -- Up-to-date: /home/agilex/agilex_ws/install/costmap_converter/share/costmap_converter/environment/ament_prefix_path.dsv
[0.414s] -- Up-to-date: /home/agilex/agilex_ws/install/costmap_converter/share/costmap_converter/environment/path.sh
[0.414s] -- Up-to-date: /home/agilex/agilex_ws/install/costmap_converter/share/costmap_converter/environment/path.dsv
[0.415s] -- Up-to-date: /home/agilex/agilex_ws/install/costmap_converter/share/costmap_converter/local_setup.bash
[0.415s] -- Up-to-date: /home/agilex/agilex_ws/install/costmap_converter/share/costmap_converter/local_setup.sh
[0.415s] -- Up-to-date: /home/agilex/agilex_ws/install/costmap_converter/share/costmap_converter/local_setup.zsh
[0.415s] -- Up-to-date: /home/agilex/agilex_ws/install/costmap_converter/share/costmap_converter/local_setup.dsv
[0.415s] -- Installing: /home/agilex/agilex_ws/install/costmap_converter/share/costmap_converter/package.dsv
[0.415s] -- Up-to-date: /home/agilex/agilex_ws/install/costmap_converter/share/ament_index/resource_index/packages/costmap_converter
[0.415s] -- Up-to-date: /home/agilex/agilex_ws/install/costmap_converter/share/ament_index/resource_index/costmap_converter__pluginlib__plugin/costmap_converter
[0.415s] -- Up-to-date: /home/agilex/agilex_ws/install/costmap_converter/share/costmap_converter/cmake/ament_cmake_export_include_directories-extras.cmake
[0.415s] -- Up-to-date: /home/agilex/agilex_ws/install/costmap_converter/share/costmap_converter/cmake/ament_cmake_export_libraries-extras.cmake
[0.417s] -- Up-to-date: /home/agilex/agilex_ws/install/costmap_converter/share/costmap_converter/cmake/ament_cmake_export_dependencies-extras.cmake
[0.417s] -- Up-to-date: /home/agilex/agilex_ws/install/costmap_converter/share/costmap_converter/cmake/costmap_converterConfig.cmake
[0.417s] -- Up-to-date: /home/agilex/agilex_ws/install/costmap_converter/share/costmap_converter/cmake/costmap_converterConfig-version.cmake
[0.417s] -- Up-to-date: /home/agilex/agilex_ws/install/costmap_converter/share/costmap_converter/package.xml
[0.465s] Invoked command in '/home/agilex/agilex_ws/build/costmap_converter' returned '0': AMENT_PREFIX_PATH=/home/agilex/agilex_ws/install/nav2_costmap_2d:/home/agilex/agilex_ws/install/nav2_util:/home/agilex/agilex_ws/install/nav2_voxel_grid:/home/agilex/agilex_ws/install/nav2_msgs:/home/agilex/agilex_ws/install/nav2_common:/home/agilex/agilex_ws/install/costmap_converter_msgs CMAKE_PREFIX_PATH=/home/agilex/agilex_ws/install/nav2_costmap_2d:/home/agilex/agilex_ws/install/nav2_util:/home/agilex/agilex_ws/install/nav2_voxel_grid:/home/agilex/agilex_ws/install/nav2_msgs:/home/agilex/agilex_ws/install/nav2_common:/home/agilex/agilex_ws/install/costmap_converter_msgs LD_LIBRARY_PATH=/home/agilex/agilex_ws/install/nav2_costmap_2d/lib:/home/agilex/agilex_ws/install/nav2_util/lib:/home/agilex/agilex_ws/install/nav2_voxel_grid/lib:/home/agilex/agilex_ws/install/nav2_msgs/lib:/home/agilex/agilex_ws/install/costmap_converter_msgs/lib PYTHONPATH=/home/agilex/agilex_ws/install/nav2_msgs/local/lib/python3.10/dist-packages:/home/agilex/agilex_ws/install/nav2_common/local/lib/python3.10/dist-packages:/home/agilex/agilex_ws/install/costmap_converter_msgs/local/lib/python3.10/dist-packages /usr/bin/cmake --install /home/agilex/agilex_ws/build/costmap_converter
