-- Found ament_cmake: 1.3.6 (/opt/ros/humble/share/ament_cmake/cmake)
-- Found Python3: /usr/bin/python3.10 (found version "3.10.12") found components: Interpreter 
-- Found rclcpp: 16.0.7 (/opt/ros/humble/share/rclcpp/cmake)
-- Found rosidl_generator_c: 3.1.5 (/opt/ros/humble/share/rosidl_generator_c/cmake)
-- Found rosidl_adapter: 3.1.5 (/opt/ros/humble/share/rosidl_adapter/cmake)
-- Found rosidl_generator_cpp: 3.1.5 (/opt/ros/humble/share/rosidl_generator_cpp/cmake)
-- Using all available rosidl_typesupport_c: rosidl_typesupport_fastrtps_c;rosidl_typesupport_introspection_c
-- Using all available rosidl_typesupport_cpp: rosidl_typesupport_fastrtps_cpp;rosidl_typesupport_introspection_cpp
-- Found rmw_implementation_cmake: 6.1.1 (/opt/ros/humble/share/rmw_implementation_cmake/cmake)
-- Found rmw_fastrtps_cpp: 6.2.5 (/opt/ros/humble/share/rmw_fastrtps_cpp/cmake)
-- Using RMW implementation 'rmw_fastrtps_cpp' as default
-- Found geometry_msgs: 4.2.3 (/opt/ros/humble/share/geometry_msgs/cmake)
-- Found sensor_msgs: 4.2.3 (/opt/ros/humble/share/sensor_msgs/cmake)
-- Found cv_bridge: 3.2.1 (/opt/ros/humble/share/cv_bridge/cmake)
-- Found image_transport: 3.1.7 (/opt/ros/humble/share/image_transport/cmake)
-- Found ament_lint_auto: 0.12.9 (/opt/ros/humble/share/ament_lint_auto/cmake)
-- Added test 'cppcheck' to perform static code analysis on C / C++ code
-- Configured cppcheck include dirs: 
-- Configured cppcheck exclude dirs and/or files: 
-- Added test 'lint_cmake' to check CMake code style
-- Added test 'uncrustify' to check C / C++ code style
-- Configured uncrustify additional arguments: 
-- Added test 'xmllint' to check XML markup files
-- Configuring done
-- Generating done
-- Build files have been written to: /home/agilex/agilex_ws/build/limo_visions
[35m[1mConsolidate compiler generated dependencies of target move_to_ar[0m
[ 12%] [32mBuilding CXX object CMakeFiles/move_to_ar.dir/src/move_to_ar.cpp.o[0m
[ 25%] [32m[1mLinking CXX executable move_to_ar[0m
[ 25%] Built target move_to_ar
[35m[1mConsolidate compiler generated dependencies of target traffic_light[0m
[35m[1mConsolidate compiler generated dependencies of target detect_line[0m
[ 37%] [32mBuilding CXX object CMakeFiles/traffic_light.dir/src/traffic_light.cpp.o[0m
[ 50%] [32mBuilding CXX object CMakeFiles/detect_line.dir/src/detect_line.cpp.o[0m
[ 62%] [32m[1mLinking CXX executable traffic_light[0m
[ 62%] Built target traffic_light
[ 75%] [32m[1mLinking CXX executable detect_line[0m
[ 75%] Built target detect_line
[35m[1mConsolidate compiler generated dependencies of target object_detect[0m
[ 87%] [32mBuilding CXX object CMakeFiles/object_detect.dir/src/object_detect.cpp.o[0m
[100%] [32m[1mLinking CXX executable object_detect[0m
[100%] Built target object_detect
-- Install configuration: ""
-- Installing: /home/agilex/agilex_ws/install/limo_visions/lib/limo_visions/move_to_ar
-- Set runtime path of "/home/agilex/agilex_ws/install/limo_visions/lib/limo_visions/move_to_ar" to ""
-- Installing: /home/agilex/agilex_ws/install/limo_visions/lib/limo_visions/object_detect
-- Set runtime path of "/home/agilex/agilex_ws/install/limo_visions/lib/limo_visions/object_detect" to ""
-- Installing: /home/agilex/agilex_ws/install/limo_visions/lib/limo_visions/detect_line
-- Set runtime path of "/home/agilex/agilex_ws/install/limo_visions/lib/limo_visions/detect_line" to ""
-- Installing: /home/agilex/agilex_ws/install/limo_visions/lib/limo_visions/traffic_light
-- Set runtime path of "/home/agilex/agilex_ws/install/limo_visions/lib/limo_visions/traffic_light" to ""
-- Up-to-date: /home/agilex/agilex_ws/install/limo_visions/share/ament_index/resource_index/package_run_dependencies/limo_visions
-- Installing: /home/agilex/agilex_ws/install/limo_visions/share/ament_index/resource_index/parent_prefix_path/limo_visions
-- Installing: /home/agilex/agilex_ws/install/limo_visions/share/limo_visions/environment/ament_prefix_path.sh
-- Installing: /home/agilex/agilex_ws/install/limo_visions/share/limo_visions/environment/ament_prefix_path.dsv
-- Installing: /home/agilex/agilex_ws/install/limo_visions/share/limo_visions/environment/path.sh
-- Installing: /home/agilex/agilex_ws/install/limo_visions/share/limo_visions/environment/path.dsv
-- Up-to-date: /home/agilex/agilex_ws/install/limo_visions/share/limo_visions/local_setup.bash
-- Up-to-date: /home/agilex/agilex_ws/install/limo_visions/share/limo_visions/local_setup.sh
-- Up-to-date: /home/agilex/agilex_ws/install/limo_visions/share/limo_visions/local_setup.zsh
-- Installing: /home/agilex/agilex_ws/install/limo_visions/share/limo_visions/local_setup.dsv
-- Installing: /home/agilex/agilex_ws/install/limo_visions/share/limo_visions/package.dsv
-- Up-to-date: /home/agilex/agilex_ws/install/limo_visions/share/ament_index/resource_index/packages/limo_visions
-- Up-to-date: /home/agilex/agilex_ws/install/limo_visions/share/limo_visions/cmake/ament_cmake_export_include_directories-extras.cmake
-- Up-to-date: /home/agilex/agilex_ws/install/limo_visions/share/limo_visions/cmake/ament_cmake_export_dependencies-extras.cmake
-- Up-to-date: /home/agilex/agilex_ws/install/limo_visions/share/limo_visions/cmake/limo_visionsConfig.cmake
-- Up-to-date: /home/agilex/agilex_ws/install/limo_visions/share/limo_visions/cmake/limo_visionsConfig-version.cmake
-- Up-to-date: /home/agilex/agilex_ws/install/limo_visions/share/limo_visions/package.xml
