running egg_info
creating ../../build/yolov5_ros2/yolov5_ros2.egg-info
writing ../../build/yolov5_ros2/yolov5_ros2.egg-info/PKG-INFO
writing dependency_links to ../../build/yolov5_ros2/yolov5_ros2.egg-info/dependency_links.txt
writing entry points to ../../build/yolov5_ros2/yolov5_ros2.egg-info/entry_points.txt
writing requirements to ../../build/yolov5_ros2/yolov5_ros2.egg-info/requires.txt
writing top-level names to ../../build/yolov5_ros2/yolov5_ros2.egg-info/top_level.txt
writing manifest file '../../build/yolov5_ros2/yolov5_ros2.egg-info/SOURCES.txt'
reading manifest file '../../build/yolov5_ros2/yolov5_ros2.egg-info/SOURCES.txt'
writing manifest file '../../build/yolov5_ros2/yolov5_ros2.egg-info/SOURCES.txt'
running build
running build_py
creating /home/agilex/agilex_ws/build/yolov5_ros2/build
creating /home/agilex/agilex_ws/build/yolov5_ros2/build/lib
creating /home/agilex/agilex_ws/build/yolov5_ros2/build/lib/yolov5_ros2
copying yolov5_ros2/__init__.py -> /home/agilex/agilex_ws/build/yolov5_ros2/build/lib/yolov5_ros2
copying yolov5_ros2/yolo_detect_2d.py -> /home/agilex/agilex_ws/build/yolov5_ros2/build/lib/yolov5_ros2
copying yolov5_ros2/cv_tool.py -> /home/agilex/agilex_ws/build/yolov5_ros2/build/lib/yolov5_ros2
running install
running install_lib
creating /home/agilex/agilex_ws/install/yolov5_ros2/lib/python3.10/site-packages/yolov5_ros2
copying /home/agilex/agilex_ws/build/yolov5_ros2/build/lib/yolov5_ros2/__init__.py -> /home/agilex/agilex_ws/install/yolov5_ros2/lib/python3.10/site-packages/yolov5_ros2
copying /home/agilex/agilex_ws/build/yolov5_ros2/build/lib/yolov5_ros2/yolo_detect_2d.py -> /home/agilex/agilex_ws/install/yolov5_ros2/lib/python3.10/site-packages/yolov5_ros2
copying /home/agilex/agilex_ws/build/yolov5_ros2/build/lib/yolov5_ros2/cv_tool.py -> /home/agilex/agilex_ws/install/yolov5_ros2/lib/python3.10/site-packages/yolov5_ros2
byte-compiling /home/agilex/agilex_ws/install/yolov5_ros2/lib/python3.10/site-packages/yolov5_ros2/__init__.py to __init__.cpython-310.pyc
byte-compiling /home/agilex/agilex_ws/install/yolov5_ros2/lib/python3.10/site-packages/yolov5_ros2/yolo_detect_2d.py to yolo_detect_2d.cpython-310.pyc
byte-compiling /home/agilex/agilex_ws/install/yolov5_ros2/lib/python3.10/site-packages/yolov5_ros2/cv_tool.py to cv_tool.cpython-310.pyc
running install_data
copying package.xml -> /home/agilex/agilex_ws/install/yolov5_ros2/share/yolov5_ros2
creating /home/agilex/agilex_ws/install/yolov5_ros2/share/yolov5_ros2/launch
copying launch/yolov5_ros2.launch.py -> /home/agilex/agilex_ws/install/yolov5_ros2/share/yolov5_ros2/launch
creating /home/agilex/agilex_ws/install/yolov5_ros2/share/yolov5_ros2/config
copying config/camera_info.yaml -> /home/agilex/agilex_ws/install/yolov5_ros2/share/yolov5_ros2/config
copying config/yolov5s.pt -> /home/agilex/agilex_ws/install/yolov5_ros2/share/yolov5_ros2/config
creating /home/agilex/agilex_ws/install/yolov5_ros2/share/yolov5_ros2/resource
copying resource/fish.jpg -> /home/agilex/agilex_ws/install/yolov5_ros2/share/yolov5_ros2/resource
copying resource/yolov5_ros2 -> /home/agilex/agilex_ws/install/yolov5_ros2/share/yolov5_ros2/resource
copying resource/mouse.png -> /home/agilex/agilex_ws/install/yolov5_ros2/share/yolov5_ros2/resource
running install_egg_info
Copying ../../build/yolov5_ros2/yolov5_ros2.egg-info to /home/agilex/agilex_ws/install/yolov5_ros2/lib/python3.10/site-packages/yolov5_ros2-0.0.0-py3.10.egg-info
running install_scripts
Installing yolo_detect_2d script to /home/agilex/agilex_ws/install/yolov5_ros2/lib/yolov5_ros2
writing list of installed files to '/home/agilex/agilex_ws/build/yolov5_ros2/install.log'
