[0.070s] Invoking command in '/home/agilex/agilex_ws/build/aruco_ros': AMENT_PREFIX_PATH=/home/agilex/agilex_ws/install/aruco_msgs:/home/agilex/agilex_ws/install/aruco CMAKE_PREFIX_PATH=/home/agilex/agilex_ws/install/aruco_msgs:/home/agilex/agilex_ws/install/aruco LD_LIBRARY_PATH=/home/agilex/agilex_ws/install/aruco_msgs/lib:/home/agilex/agilex_ws/install/aruco/lib PYTHONPATH=/home/agilex/agilex_ws/install/aruco_msgs/local/lib/python3.10/dist-packages /usr/bin/cmake --build /home/agilex/agilex_ws/build/aruco_ros -- -j16 -l16
[0.127s] [ 27%] Built target marker_publisher
[0.127s] [ 45%] Built target aruco_ros_utils
[0.127s] [ 72%] Built target double
[0.127s] [100%] Built target single
[0.169s] Invoked command in '/home/agilex/agilex_ws/build/aruco_ros' returned '0': AMENT_PREFIX_PATH=/home/agilex/agilex_ws/install/aruco_msgs:/home/agilex/agilex_ws/install/aruco CMAKE_PREFIX_PATH=/home/agilex/agilex_ws/install/aruco_msgs:/home/agilex/agilex_ws/install/aruco LD_LIBRARY_PATH=/home/agilex/agilex_ws/install/aruco_msgs/lib:/home/agilex/agilex_ws/install/aruco/lib PYTHONPATH=/home/agilex/agilex_ws/install/aruco_msgs/local/lib/python3.10/dist-packages /usr/bin/cmake --build /home/agilex/agilex_ws/build/aruco_ros -- -j16 -l16
[0.190s] Invoking command in '/home/agilex/agilex_ws/build/aruco_ros': AMENT_PREFIX_PATH=/home/agilex/agilex_ws/install/aruco_msgs:/home/agilex/agilex_ws/install/aruco CMAKE_PREFIX_PATH=/home/agilex/agilex_ws/install/aruco_msgs:/home/agilex/agilex_ws/install/aruco LD_LIBRARY_PATH=/home/agilex/agilex_ws/install/aruco_msgs/lib:/home/agilex/agilex_ws/install/aruco/lib PYTHONPATH=/home/agilex/agilex_ws/install/aruco_msgs/local/lib/python3.10/dist-packages /usr/bin/cmake --install /home/agilex/agilex_ws/build/aruco_ros
[0.197s] -- Install configuration: ""
[0.197s] -- Up-to-date: /home/agilex/agilex_ws/install/aruco_ros/lib/libaruco_ros_utils.so
[0.197s] -- Up-to-date: /home/agilex/agilex_ws/install/aruco_ros/lib/aruco_ros/marker_publisher
[0.197s] -- Up-to-date: /home/agilex/agilex_ws/install/aruco_ros/lib/aruco_ros/single
[0.197s] -- Up-to-date: /home/agilex/agilex_ws/install/aruco_ros/lib/aruco_ros/double
[0.197s] -- Up-to-date: /home/agilex/agilex_ws/install/aruco_ros/include
[0.198s] -- Up-to-date: /home/agilex/agilex_ws/install/aruco_ros/include/aruco_ros
[0.198s] -- Up-to-date: /home/agilex/agilex_ws/install/aruco_ros/share/aruco_ros/etc
[0.198s] -- Up-to-date: /home/agilex/agilex_ws/install/aruco_ros/share/aruco_ros/etc/marker582_5cm.jpg
[0.198s] -- Up-to-date: /home/agilex/agilex_ws/install/aruco_ros/share/aruco_ros/etc/new_coordinates.png
[0.198s] -- Up-to-date: /home/agilex/agilex_ws/install/aruco_ros/share/aruco_ros/etc/marker26_5cm_margin_2cm.jpg
[0.198s] -- Up-to-date: /home/agilex/agilex_ws/install/aruco_ros/share/aruco_ros/etc/reem_gazebo_floating_marker.png
[0.198s] -- Up-to-date: /home/agilex/agilex_ws/install/aruco_ros/share/aruco_ros/etc/marker_in_hand.jpg
[0.198s] -- Up-to-date: /home/agilex/agilex_ws/install/aruco_ros/share/aruco_ros/etc/marker26_5cm_margin_1cm.jpg
[0.199s] -- Up-to-date: /home/agilex/agilex_ws/install/aruco_ros/share/aruco_ros/etc/marker_in_object.jpg
[0.199s] -- Up-to-date: /home/agilex/agilex_ws/install/aruco_ros/share/aruco_ros/etc/marker582_5cm_margin_2cm.jpg
[0.199s] -- Up-to-date: /home/agilex/agilex_ws/install/aruco_ros/share/aruco_ros/etc/marker26_5cm.jpg
[0.199s] -- Up-to-date: /home/agilex/agilex_ws/install/aruco_ros/share/aruco_ros/etc/reem_gazebo_floating_marker_world.png
[0.199s] -- Up-to-date: /home/agilex/agilex_ws/install/aruco_ros/share/aruco_ros/launch
[0.199s] -- Up-to-date: /home/agilex/agilex_ws/install/aruco_ros/share/aruco_ros/launch/single.launch.py
[0.199s] -- Up-to-date: /home/agilex/agilex_ws/install/aruco_ros/share/aruco_ros/launch/marker_publisher.launch.py
[0.199s] -- Up-to-date: /home/agilex/agilex_ws/install/aruco_ros/share/aruco_ros/launch/double.launch.py
[0.199s] -- Up-to-date: /home/agilex/agilex_ws/install/aruco_ros/share/ament_index/resource_index/package_run_dependencies/aruco_ros
[0.199s] -- Up-to-date: /home/agilex/agilex_ws/install/aruco_ros/share/ament_index/resource_index/parent_prefix_path/aruco_ros
[0.199s] -- Up-to-date: /home/agilex/agilex_ws/install/aruco_ros/share/aruco_ros/environment/ament_prefix_path.sh
[0.200s] -- Up-to-date: /home/agilex/agilex_ws/install/aruco_ros/share/aruco_ros/environment/ament_prefix_path.dsv
[0.200s] -- Up-to-date: /home/agilex/agilex_ws/install/aruco_ros/share/aruco_ros/environment/path.sh
[0.200s] -- Up-to-date: /home/agilex/agilex_ws/install/aruco_ros/share/aruco_ros/environment/path.dsv
[0.200s] -- Up-to-date: /home/agilex/agilex_ws/install/aruco_ros/share/aruco_ros/local_setup.bash
[0.200s] -- Up-to-date: /home/agilex/agilex_ws/install/aruco_ros/share/aruco_ros/local_setup.sh
[0.200s] -- Up-to-date: /home/agilex/agilex_ws/install/aruco_ros/share/aruco_ros/local_setup.zsh
[0.200s] -- Up-to-date: /home/agilex/agilex_ws/install/aruco_ros/share/aruco_ros/local_setup.dsv
[0.200s] -- Installing: /home/agilex/agilex_ws/install/aruco_ros/share/aruco_ros/package.dsv
[0.200s] -- Up-to-date: /home/agilex/agilex_ws/install/aruco_ros/share/ament_index/resource_index/packages/aruco_ros
[0.200s] -- Up-to-date: /home/agilex/agilex_ws/install/aruco_ros/share/aruco_ros/cmake/aruco_rosConfig.cmake
[0.200s] -- Up-to-date: /home/agilex/agilex_ws/install/aruco_ros/share/aruco_ros/cmake/aruco_rosConfig-version.cmake
[0.200s] -- Up-to-date: /home/agilex/agilex_ws/install/aruco_ros/share/aruco_ros/package.xml
[0.267s] Invoked command in '/home/agilex/agilex_ws/build/aruco_ros' returned '0': AMENT_PREFIX_PATH=/home/agilex/agilex_ws/install/aruco_msgs:/home/agilex/agilex_ws/install/aruco CMAKE_PREFIX_PATH=/home/agilex/agilex_ws/install/aruco_msgs:/home/agilex/agilex_ws/install/aruco LD_LIBRARY_PATH=/home/agilex/agilex_ws/install/aruco_msgs/lib:/home/agilex/agilex_ws/install/aruco/lib PYTHONPATH=/home/agilex/agilex_ws/install/aruco_msgs/local/lib/python3.10/dist-packages /usr/bin/cmake --install /home/agilex/agilex_ws/build/aruco_ros
