[0.032s] Invoking command in '/home/agilex/agilex_ws/build/costmap_converter_msgs': CMAKE_PREFIX_PATH=/opt/ros/humble /usr/bin/cmake /home/agilex/agilex_ws/src/costmap_converter/costmap_converter_msgs -DCMAKE_INSTALL_PREFIX=/home/agilex/agilex_ws/install/costmap_converter_msgs
[0.049s] -- Found ament_cmake: 1.3.4 (/opt/ros/humble/share/ament_cmake/cmake)
[0.236s] -- Found Python3: /usr/bin/python3.10 (found version "3.10.6") found components: Interpreter 
[0.360s] -- Found builtin_interfaces: 1.2.1 (/opt/ros/humble/share/builtin_interfaces/cmake)
[0.392s] -- Found rosidl_generator_c: 3.1.4 (/opt/ros/humble/share/rosidl_generator_c/cmake)
[0.397s] -- Found rosidl_adapter: 3.1.4 (/opt/ros/humble/share/rosidl_adapter/cmake)
[0.406s] -- Found rosidl_generator_cpp: 3.1.4 (/opt/ros/humble/share/rosidl_generator_cpp/cmake)
[0.430s] -- Using all available rosidl_typesupport_c: rosidl_typesupport_fastrtps_c;rosidl_typesupport_introspection_c
[0.450s] -- Using all available rosidl_typesupport_cpp: rosidl_typesupport_fastrtps_cpp;rosidl_typesupport_introspection_cpp
[0.468s] -- Found geometry_msgs: 4.2.3 (/opt/ros/humble/share/geometry_msgs/cmake)
[0.584s] -- Found rosidl_default_generators: 1.2.0 (/opt/ros/humble/share/rosidl_default_generators/cmake)
[1.214s] -- Found ament_cmake_ros: 0.10.0 (/opt/ros/humble/share/ament_cmake_ros/cmake)
[2.142s] -- Using all available rosidl_typesupport_c: rosidl_typesupport_fastrtps_c;rosidl_typesupport_introspection_c
[2.637s] -- Using all available rosidl_typesupport_cpp: rosidl_typesupport_fastrtps_cpp;rosidl_typesupport_introspection_cpp
[2.689s] -- Found PythonInterp: /usr/bin/python3 (found suitable version "3.10.6", minimum required is "3.6") 
[2.691s] -- Found python_cmake_module: 0.10.0 (/opt/ros/humble/share/python_cmake_module/cmake)
[2.758s] -- Found PythonLibs: /usr/lib/x86_64-linux-gnu/libpython3.10.so (found suitable version "3.10.6", minimum required is "3.5") 
[2.758s] -- Using PYTHON_EXECUTABLE: /usr/bin/python3
[2.758s] -- Using PYTHON_INCLUDE_DIRS: /usr/include/python3.10
[2.759s] -- Using PYTHON_LIBRARIES: /usr/lib/x86_64-linux-gnu/libpython3.10.so
[2.825s] -- Found PythonExtra: .so  
[2.977s] -- Configuring done
[3.235s] -- Generating done
[3.244s] -- Build files have been written to: /home/agilex/agilex_ws/build/costmap_converter_msgs
[3.307s] Invoked command in '/home/agilex/agilex_ws/build/costmap_converter_msgs' returned '0': CMAKE_PREFIX_PATH=/opt/ros/humble /usr/bin/cmake /home/agilex/agilex_ws/src/costmap_converter/costmap_converter_msgs -DCMAKE_INSTALL_PREFIX=/home/agilex/agilex_ws/install/costmap_converter_msgs
[3.307s] Invoking command in '/home/agilex/agilex_ws/build/costmap_converter_msgs': CMAKE_PREFIX_PATH=/opt/ros/humble /usr/bin/cmake --build /home/agilex/agilex_ws/build/costmap_converter_msgs -- -j8 -l8
[3.479s] [  2%] [34m[1mGenerating C code for ROS interfaces[0m
[3.500s] [  5%] [34m[1mGenerating C++ code for ROS interfaces[0m
[3.501s] [  5%] Built target ament_cmake_python_copy_costmap_converter_msgs
[4.796s] running egg_info
[4.800s] creating costmap_converter_msgs.egg-info
[4.801s] writing costmap_converter_msgs.egg-info/PKG-INFO
[4.801s] writing dependency_links to costmap_converter_msgs.egg-info/dependency_links.txt
[4.801s] writing top-level names to costmap_converter_msgs.egg-info/top_level.txt
[4.802s] writing manifest file 'costmap_converter_msgs.egg-info/SOURCES.txt'
[4.808s] reading manifest file 'costmap_converter_msgs.egg-info/SOURCES.txt'
[4.811s] writing manifest file 'costmap_converter_msgs.egg-info/SOURCES.txt'
[5.132s] [  5%] Built target ament_cmake_python_build_costmap_converter_msgs_egg
[5.145s] [  7%] [32mBuilding C object CMakeFiles/costmap_converter_msgs__rosidl_generator_c.dir/rosidl_generator_c/costmap_converter_msgs/msg/detail/obstacle_msg__functions.c.o[0m
[5.150s] [ 10%] [32mBuilding C object CMakeFiles/costmap_converter_msgs__rosidl_generator_c.dir/rosidl_generator_c/costmap_converter_msgs/msg/detail/obstacle_array_msg__functions.c.o[0m
[5.293s] [ 10%] Built target costmap_converter_msgs__cpp
[5.350s] [ 12%] [34m[1mGenerating C++ type support for eProsima Fast-RTPS[0m
[5.374s] [ 15%] [34m[1mGenerating C++ introspection for ROS interfaces[0m
[5.404s] [ 17%] [34m[1mGenerating C++ type support dispatch for ROS interfaces[0m
[5.438s] [ 20%] [32m[1mLinking C shared library libcostmap_converter_msgs__rosidl_generator_c.so[0m
[5.636s] [ 20%] Built target costmap_converter_msgs__rosidl_generator_c
[5.694s] [ 23%] [34m[1mGenerating C introspection for ROS interfaces[0m
[5.718s] [ 25%] [34m[1mGenerating C type support dispatch for ROS interfaces[0m
[5.809s] [ 28%] [34m[1mGenerating C type support for eProsima Fast-RTPS[0m
[6.722s] [ 30%] [32mBuilding CXX object CMakeFiles/costmap_converter_msgs__rosidl_typesupport_introspection_cpp.dir/rosidl_typesupport_introspection_cpp/costmap_converter_msgs/msg/detail/obstacle_msg__type_support.cpp.o[0m
[6.746s] [ 33%] [32mBuilding CXX object CMakeFiles/costmap_converter_msgs__rosidl_typesupport_introspection_cpp.dir/rosidl_typesupport_introspection_cpp/costmap_converter_msgs/msg/detail/obstacle_array_msg__type_support.cpp.o[0m
[6.839s] [ 35%] [32mBuilding CXX object CMakeFiles/costmap_converter_msgs__rosidl_typesupport_fastrtps_cpp.dir/rosidl_typesupport_fastrtps_cpp/costmap_converter_msgs/msg/detail/dds_fastrtps/obstacle_msg__type_support.cpp.o[0m
[6.896s] [ 38%] [32mBuilding CXX object CMakeFiles/costmap_converter_msgs__rosidl_typesupport_fastrtps_cpp.dir/rosidl_typesupport_fastrtps_cpp/costmap_converter_msgs/msg/detail/dds_fastrtps/obstacle_array_msg__type_support.cpp.o[0m
[7.272s] [ 41%] [32mBuilding CXX object CMakeFiles/costmap_converter_msgs__rosidl_typesupport_cpp.dir/rosidl_typesupport_cpp/costmap_converter_msgs/msg/obstacle_msg__type_support.cpp.o[0m
[7.970s] [ 43%] [32mBuilding CXX object CMakeFiles/costmap_converter_msgs__rosidl_typesupport_fastrtps_c.dir/rosidl_typesupport_fastrtps_c/costmap_converter_msgs/msg/detail/obstacle_msg__type_support_c.cpp.o[0m
[8.115s] [ 46%] [32mBuilding CXX object CMakeFiles/costmap_converter_msgs__rosidl_typesupport_c.dir/rosidl_typesupport_c/costmap_converter_msgs/msg/obstacle_msg__type_support.cpp.o[0m
[8.233s] [ 48%] [32mBuilding C object CMakeFiles/costmap_converter_msgs__rosidl_typesupport_introspection_c.dir/rosidl_typesupport_introspection_c/costmap_converter_msgs/msg/detail/obstacle_msg__type_support.c.o[0m
[8.407s] [ 51%] [32mBuilding CXX object CMakeFiles/costmap_converter_msgs__rosidl_typesupport_c.dir/rosidl_typesupport_c/costmap_converter_msgs/msg/obstacle_array_msg__type_support.cpp.o[0m
[8.476s] [ 53%] [32mBuilding C object CMakeFiles/costmap_converter_msgs__rosidl_typesupport_introspection_c.dir/rosidl_typesupport_introspection_c/costmap_converter_msgs/msg/detail/obstacle_array_msg__type_support.c.o[0m
[8.476s] [ 56%] [32mBuilding CXX object CMakeFiles/costmap_converter_msgs__rosidl_typesupport_fastrtps_c.dir/rosidl_typesupport_fastrtps_c/costmap_converter_msgs/msg/detail/obstacle_array_msg__type_support_c.cpp.o[0m
[8.554s] [ 58%] [32m[1mLinking CXX shared library libcostmap_converter_msgs__rosidl_typesupport_c.so[0m
[8.786s] [ 61%] [32m[1mLinking C shared library libcostmap_converter_msgs__rosidl_typesupport_introspection_c.so[0m
[8.786s] [ 61%] Built target costmap_converter_msgs__rosidl_typesupport_c
[8.835s] [ 64%] [32mBuilding CXX object CMakeFiles/costmap_converter_msgs__rosidl_typesupport_cpp.dir/rosidl_typesupport_cpp/costmap_converter_msgs/msg/obstacle_array_msg__type_support.cpp.o[0m
[8.988s] [ 64%] Built target costmap_converter_msgs__rosidl_typesupport_introspection_c
[9.240s] [ 66%] [32m[1mLinking CXX shared library libcostmap_converter_msgs__rosidl_typesupport_fastrtps_cpp.so[0m
[9.279s] [ 69%] [32m[1mLinking CXX shared library libcostmap_converter_msgs__rosidl_typesupport_introspection_cpp.so[0m
[9.569s] [ 69%] Built target costmap_converter_msgs__rosidl_typesupport_introspection_cpp
[9.673s] [ 71%] [32m[1mLinking CXX shared library libcostmap_converter_msgs__rosidl_typesupport_fastrtps_c.so[0m
[9.779s] [ 71%] Built target costmap_converter_msgs__rosidl_typesupport_fastrtps_cpp
[9.801s] [ 74%] [32m[1mLinking CXX shared library libcostmap_converter_msgs__rosidl_typesupport_cpp.so[0m
[10.017s] [ 74%] Built target costmap_converter_msgs__rosidl_typesupport_cpp
[10.230s] [ 74%] Built target costmap_converter_msgs__rosidl_typesupport_fastrtps_c
[10.389s] [ 74%] Built target costmap_converter_msgs
[10.551s] [ 76%] [34m[1mGenerating Python code for ROS interfaces[0m
[13.076s] [ 76%] Built target costmap_converter_msgs__py
[13.266s] [ 79%] [32mBuilding C object CMakeFiles/costmap_converter_msgs__rosidl_generator_py.dir/rosidl_generator_py/costmap_converter_msgs/msg/_obstacle_msg_s.c.o[0m
[13.279s] [ 82%] [32mBuilding C object CMakeFiles/costmap_converter_msgs__rosidl_generator_py.dir/rosidl_generator_py/costmap_converter_msgs/msg/_obstacle_array_msg_s.c.o[0m
[13.762s] [ 84%] [32m[1mLinking C shared library rosidl_generator_py/costmap_converter_msgs/libcostmap_converter_msgs__rosidl_generator_py.so[0m
[13.946s] [ 84%] Built target costmap_converter_msgs__rosidl_generator_py
[14.054s] [ 87%] [32mBuilding C object CMakeFiles/costmap_converter_msgs__rosidl_typesupport_introspection_c__pyext.dir/rosidl_generator_py/costmap_converter_msgs/_costmap_converter_msgs_s.ep.rosidl_typesupport_introspection_c.c.o[0m
[14.081s] [ 89%] [32mBuilding C object CMakeFiles/costmap_converter_msgs__rosidl_typesupport_c__pyext.dir/rosidl_generator_py/costmap_converter_msgs/_costmap_converter_msgs_s.ep.rosidl_typesupport_c.c.o[0m
[14.116s] [ 92%] [32mBuilding C object CMakeFiles/costmap_converter_msgs__rosidl_typesupport_fastrtps_c__pyext.dir/rosidl_generator_py/costmap_converter_msgs/_costmap_converter_msgs_s.ep.rosidl_typesupport_fastrtps_c.c.o[0m
[14.356s] [ 94%] [32m[1mLinking C shared library rosidl_generator_py/costmap_converter_msgs/costmap_converter_msgs_s__rosidl_typesupport_c.cpython-310-x86_64-linux-gnu.so[0m
[14.387s] [ 97%] [32m[1mLinking C shared library rosidl_generator_py/costmap_converter_msgs/costmap_converter_msgs_s__rosidl_typesupport_introspection_c.cpython-310-x86_64-linux-gnu.so[0m
[14.443s] [100%] [32m[1mLinking C shared library rosidl_generator_py/costmap_converter_msgs/costmap_converter_msgs_s__rosidl_typesupport_fastrtps_c.cpython-310-x86_64-linux-gnu.so[0m
[14.496s] [100%] Built target costmap_converter_msgs__rosidl_typesupport_c__pyext
[14.573s] [100%] Built target costmap_converter_msgs__rosidl_typesupport_introspection_c__pyext
[14.596s] [100%] Built target costmap_converter_msgs__rosidl_typesupport_fastrtps_c__pyext
[14.621s] Invoked command in '/home/agilex/agilex_ws/build/costmap_converter_msgs' returned '0': CMAKE_PREFIX_PATH=/opt/ros/humble /usr/bin/cmake --build /home/agilex/agilex_ws/build/costmap_converter_msgs -- -j8 -l8
[15.337s] Invoking command in '/home/agilex/agilex_ws/build/costmap_converter_msgs': CMAKE_PREFIX_PATH=/opt/ros/humble /usr/bin/cmake --install /home/agilex/agilex_ws/build/costmap_converter_msgs
[15.382s] -- Install configuration: ""
[15.382s] -- Installing: /home/agilex/agilex_ws/install/costmap_converter_msgs/share/ament_index/resource_index/rosidl_interfaces/costmap_converter_msgs
[15.383s] -- Installing: /home/agilex/agilex_ws/install/costmap_converter_msgs/include/costmap_converter_msgs/costmap_converter_msgs
[15.383s] -- Installing: /home/agilex/agilex_ws/install/costmap_converter_msgs/include/costmap_converter_msgs/costmap_converter_msgs/msg
[15.383s] -- Installing: /home/agilex/agilex_ws/install/costmap_converter_msgs/include/costmap_converter_msgs/costmap_converter_msgs/msg/rosidl_generator_c__visibility_control.h
[15.383s] -- Installing: /home/agilex/agilex_ws/install/costmap_converter_msgs/include/costmap_converter_msgs/costmap_converter_msgs/msg/obstacle_msg.h
[15.383s] -- Installing: /home/agilex/agilex_ws/install/costmap_converter_msgs/include/costmap_converter_msgs/costmap_converter_msgs/msg/detail
[15.383s] -- Installing: /home/agilex/agilex_ws/install/costmap_converter_msgs/include/costmap_converter_msgs/costmap_converter_msgs/msg/detail/obstacle_msg__functions.c
[15.383s] -- Installing: /home/agilex/agilex_ws/install/costmap_converter_msgs/include/costmap_converter_msgs/costmap_converter_msgs/msg/detail/obstacle_msg__functions.h
[15.383s] -- Installing: /home/agilex/agilex_ws/install/costmap_converter_msgs/include/costmap_converter_msgs/costmap_converter_msgs/msg/detail/obstacle_msg__struct.h
[15.398s] -- Installing: /home/agilex/agilex_ws/install/costmap_converter_msgs/include/costmap_converter_msgs/costmap_converter_msgs/msg/detail/obstacle_msg__type_support.h
[15.398s] -- Installing: /home/agilex/agilex_ws/install/costmap_converter_msgs/include/costmap_converter_msgs/costmap_converter_msgs/msg/detail/obstacle_array_msg__functions.c
[15.398s] -- Installing: /home/agilex/agilex_ws/install/costmap_converter_msgs/include/costmap_converter_msgs/costmap_converter_msgs/msg/detail/obstacle_array_msg__functions.h
[15.398s] -- Installing: /home/agilex/agilex_ws/install/costmap_converter_msgs/include/costmap_converter_msgs/costmap_converter_msgs/msg/detail/obstacle_array_msg__struct.h
[15.399s] -- Installing: /home/agilex/agilex_ws/install/costmap_converter_msgs/include/costmap_converter_msgs/costmap_converter_msgs/msg/detail/obstacle_array_msg__type_support.h
[15.399s] -- Installing: /home/agilex/agilex_ws/install/costmap_converter_msgs/include/costmap_converter_msgs/costmap_converter_msgs/msg/obstacle_array_msg.h
[15.399s] -- Installing: /home/agilex/agilex_ws/install/costmap_converter_msgs/share/costmap_converter_msgs/environment/library_path.sh
[15.399s] -- Installing: /home/agilex/agilex_ws/install/costmap_converter_msgs/share/costmap_converter_msgs/environment/library_path.dsv
[15.399s] -- Installing: /home/agilex/agilex_ws/install/costmap_converter_msgs/lib/libcostmap_converter_msgs__rosidl_generator_c.so
[15.400s] -- Set runtime path of "/home/agilex/agilex_ws/install/costmap_converter_msgs/lib/libcostmap_converter_msgs__rosidl_generator_c.so" to ""
[15.400s] -- Up-to-date: /home/agilex/agilex_ws/install/costmap_converter_msgs/include/costmap_converter_msgs/costmap_converter_msgs
[15.400s] -- Up-to-date: /home/agilex/agilex_ws/install/costmap_converter_msgs/include/costmap_converter_msgs/costmap_converter_msgs/msg
[15.400s] -- Installing: /home/agilex/agilex_ws/install/costmap_converter_msgs/include/costmap_converter_msgs/costmap_converter_msgs/msg/rosidl_typesupport_fastrtps_c__visibility_control.h
[15.400s] -- Up-to-date: /home/agilex/agilex_ws/install/costmap_converter_msgs/include/costmap_converter_msgs/costmap_converter_msgs/msg/detail
[15.400s] -- Installing: /home/agilex/agilex_ws/install/costmap_converter_msgs/include/costmap_converter_msgs/costmap_converter_msgs/msg/detail/obstacle_msg__rosidl_typesupport_fastrtps_c.h
[15.400s] -- Installing: /home/agilex/agilex_ws/install/costmap_converter_msgs/include/costmap_converter_msgs/costmap_converter_msgs/msg/detail/obstacle_array_msg__rosidl_typesupport_fastrtps_c.h
[15.401s] -- Installing: /home/agilex/agilex_ws/install/costmap_converter_msgs/lib/libcostmap_converter_msgs__rosidl_typesupport_fastrtps_c.so
[15.401s] -- Set runtime path of "/home/agilex/agilex_ws/install/costmap_converter_msgs/lib/libcostmap_converter_msgs__rosidl_typesupport_fastrtps_c.so" to ""
[15.401s] -- Up-to-date: /home/agilex/agilex_ws/install/costmap_converter_msgs/include/costmap_converter_msgs/costmap_converter_msgs
[15.401s] -- Up-to-date: /home/agilex/agilex_ws/install/costmap_converter_msgs/include/costmap_converter_msgs/costmap_converter_msgs/msg
[15.401s] -- Installing: /home/agilex/agilex_ws/install/costmap_converter_msgs/include/costmap_converter_msgs/costmap_converter_msgs/msg/obstacle_msg.hpp
[15.401s] -- Up-to-date: /home/agilex/agilex_ws/install/costmap_converter_msgs/include/costmap_converter_msgs/costmap_converter_msgs/msg/detail
[15.401s] -- Installing: /home/agilex/agilex_ws/install/costmap_converter_msgs/include/costmap_converter_msgs/costmap_converter_msgs/msg/detail/obstacle_msg__builder.hpp
[15.401s] -- Installing: /home/agilex/agilex_ws/install/costmap_converter_msgs/include/costmap_converter_msgs/costmap_converter_msgs/msg/detail/obstacle_msg__struct.hpp
[15.401s] -- Installing: /home/agilex/agilex_ws/install/costmap_converter_msgs/include/costmap_converter_msgs/costmap_converter_msgs/msg/detail/obstacle_msg__traits.hpp
[15.408s] -- Installing: /home/agilex/agilex_ws/install/costmap_converter_msgs/include/costmap_converter_msgs/costmap_converter_msgs/msg/detail/obstacle_array_msg__builder.hpp
[15.408s] -- Installing: /home/agilex/agilex_ws/install/costmap_converter_msgs/include/costmap_converter_msgs/costmap_converter_msgs/msg/detail/obstacle_array_msg__struct.hpp
[15.409s] -- Installing: /home/agilex/agilex_ws/install/costmap_converter_msgs/include/costmap_converter_msgs/costmap_converter_msgs/msg/detail/obstacle_array_msg__traits.hpp
[15.409s] -- Installing: /home/agilex/agilex_ws/install/costmap_converter_msgs/include/costmap_converter_msgs/costmap_converter_msgs/msg/obstacle_array_msg.hpp
[15.410s] -- Up-to-date: /home/agilex/agilex_ws/install/costmap_converter_msgs/include/costmap_converter_msgs/costmap_converter_msgs
[15.410s] -- Up-to-date: /home/agilex/agilex_ws/install/costmap_converter_msgs/include/costmap_converter_msgs/costmap_converter_msgs/msg
[15.410s] -- Installing: /home/agilex/agilex_ws/install/costmap_converter_msgs/include/costmap_converter_msgs/costmap_converter_msgs/msg/rosidl_typesupport_fastrtps_cpp__visibility_control.h
[15.410s] -- Up-to-date: /home/agilex/agilex_ws/install/costmap_converter_msgs/include/costmap_converter_msgs/costmap_converter_msgs/msg/detail
[15.410s] -- Installing: /home/agilex/agilex_ws/install/costmap_converter_msgs/include/costmap_converter_msgs/costmap_converter_msgs/msg/detail/obstacle_msg__rosidl_typesupport_fastrtps_cpp.hpp
[15.411s] -- Installing: /home/agilex/agilex_ws/install/costmap_converter_msgs/include/costmap_converter_msgs/costmap_converter_msgs/msg/detail/dds_fastrtps
[15.411s] -- Installing: /home/agilex/agilex_ws/install/costmap_converter_msgs/include/costmap_converter_msgs/costmap_converter_msgs/msg/detail/obstacle_array_msg__rosidl_typesupport_fastrtps_cpp.hpp
[15.413s] -- Installing: /home/agilex/agilex_ws/install/costmap_converter_msgs/lib/libcostmap_converter_msgs__rosidl_typesupport_fastrtps_cpp.so
[15.416s] -- Set runtime path of "/home/agilex/agilex_ws/install/costmap_converter_msgs/lib/libcostmap_converter_msgs__rosidl_typesupport_fastrtps_cpp.so" to ""
[15.417s] -- Up-to-date: /home/agilex/agilex_ws/install/costmap_converter_msgs/include/costmap_converter_msgs/costmap_converter_msgs
[15.417s] -- Up-to-date: /home/agilex/agilex_ws/install/costmap_converter_msgs/include/costmap_converter_msgs/costmap_converter_msgs/msg
[15.417s] -- Installing: /home/agilex/agilex_ws/install/costmap_converter_msgs/include/costmap_converter_msgs/costmap_converter_msgs/msg/rosidl_typesupport_introspection_c__visibility_control.h
[15.417s] -- Up-to-date: /home/agilex/agilex_ws/install/costmap_converter_msgs/include/costmap_converter_msgs/costmap_converter_msgs/msg/detail
[15.417s] -- Installing: /home/agilex/agilex_ws/install/costmap_converter_msgs/include/costmap_converter_msgs/costmap_converter_msgs/msg/detail/obstacle_msg__rosidl_typesupport_introspection_c.h
[15.418s] -- Installing: /home/agilex/agilex_ws/install/costmap_converter_msgs/include/costmap_converter_msgs/costmap_converter_msgs/msg/detail/obstacle_msg__type_support.c
[15.418s] -- Installing: /home/agilex/agilex_ws/install/costmap_converter_msgs/include/costmap_converter_msgs/costmap_converter_msgs/msg/detail/obstacle_array_msg__rosidl_typesupport_introspection_c.h
[15.420s] -- Installing: /home/agilex/agilex_ws/install/costmap_converter_msgs/include/costmap_converter_msgs/costmap_converter_msgs/msg/detail/obstacle_array_msg__type_support.c
[15.423s] -- Installing: /home/agilex/agilex_ws/install/costmap_converter_msgs/lib/libcostmap_converter_msgs__rosidl_typesupport_introspection_c.so
[15.424s] -- Set runtime path of "/home/agilex/agilex_ws/install/costmap_converter_msgs/lib/libcostmap_converter_msgs__rosidl_typesupport_introspection_c.so" to ""
[15.424s] -- Installing: /home/agilex/agilex_ws/install/costmap_converter_msgs/lib/libcostmap_converter_msgs__rosidl_typesupport_c.so
[15.426s] -- Set runtime path of "/home/agilex/agilex_ws/install/costmap_converter_msgs/lib/libcostmap_converter_msgs__rosidl_typesupport_c.so" to ""
[15.426s] -- Up-to-date: /home/agilex/agilex_ws/install/costmap_converter_msgs/include/costmap_converter_msgs/costmap_converter_msgs
[15.426s] -- Up-to-date: /home/agilex/agilex_ws/install/costmap_converter_msgs/include/costmap_converter_msgs/costmap_converter_msgs/msg
[15.426s] -- Up-to-date: /home/agilex/agilex_ws/install/costmap_converter_msgs/include/costmap_converter_msgs/costmap_converter_msgs/msg/detail
[15.427s] -- Installing: /home/agilex/agilex_ws/install/costmap_converter_msgs/include/costmap_converter_msgs/costmap_converter_msgs/msg/detail/obstacle_msg__rosidl_typesupport_introspection_cpp.hpp
[15.427s] -- Installing: /home/agilex/agilex_ws/install/costmap_converter_msgs/include/costmap_converter_msgs/costmap_converter_msgs/msg/detail/obstacle_msg__type_support.cpp
[15.427s] -- Installing: /home/agilex/agilex_ws/install/costmap_converter_msgs/include/costmap_converter_msgs/costmap_converter_msgs/msg/detail/obstacle_array_msg__rosidl_typesupport_introspection_cpp.hpp
[15.428s] -- Installing: /home/agilex/agilex_ws/install/costmap_converter_msgs/include/costmap_converter_msgs/costmap_converter_msgs/msg/detail/obstacle_array_msg__type_support.cpp
[15.428s] -- Installing: /home/agilex/agilex_ws/install/costmap_converter_msgs/lib/libcostmap_converter_msgs__rosidl_typesupport_introspection_cpp.so
[15.430s] -- Set runtime path of "/home/agilex/agilex_ws/install/costmap_converter_msgs/lib/libcostmap_converter_msgs__rosidl_typesupport_introspection_cpp.so" to ""
[15.430s] -- Installing: /home/agilex/agilex_ws/install/costmap_converter_msgs/lib/libcostmap_converter_msgs__rosidl_typesupport_cpp.so
[15.434s] -- Set runtime path of "/home/agilex/agilex_ws/install/costmap_converter_msgs/lib/libcostmap_converter_msgs__rosidl_typesupport_cpp.so" to ""
[15.434s] -- Installing: /home/agilex/agilex_ws/install/costmap_converter_msgs/share/costmap_converter_msgs/environment/pythonpath.sh
[15.436s] -- Installing: /home/agilex/agilex_ws/install/costmap_converter_msgs/share/costmap_converter_msgs/environment/pythonpath.dsv
[15.438s] -- Installing: /home/agilex/agilex_ws/install/costmap_converter_msgs/local/lib/python3.10/dist-packages/costmap_converter_msgs-0.1.2-py3.10.egg-info
[15.438s] -- Installing: /home/agilex/agilex_ws/install/costmap_converter_msgs/local/lib/python3.10/dist-packages/costmap_converter_msgs-0.1.2-py3.10.egg-info/PKG-INFO
[15.439s] -- Installing: /home/agilex/agilex_ws/install/costmap_converter_msgs/local/lib/python3.10/dist-packages/costmap_converter_msgs-0.1.2-py3.10.egg-info/dependency_links.txt
[15.439s] -- Installing: /home/agilex/agilex_ws/install/costmap_converter_msgs/local/lib/python3.10/dist-packages/costmap_converter_msgs-0.1.2-py3.10.egg-info/top_level.txt
[15.439s] -- Installing: /home/agilex/agilex_ws/install/costmap_converter_msgs/local/lib/python3.10/dist-packages/costmap_converter_msgs-0.1.2-py3.10.egg-info/SOURCES.txt
[15.439s] -- Installing: /home/agilex/agilex_ws/install/costmap_converter_msgs/local/lib/python3.10/dist-packages/costmap_converter_msgs
[15.440s] -- Installing: /home/agilex/agilex_ws/install/costmap_converter_msgs/local/lib/python3.10/dist-packages/costmap_converter_msgs/__init__.py
[15.441s] -- Installing: /home/agilex/agilex_ws/install/costmap_converter_msgs/local/lib/python3.10/dist-packages/costmap_converter_msgs/msg
[15.441s] -- Installing: /home/agilex/agilex_ws/install/costmap_converter_msgs/local/lib/python3.10/dist-packages/costmap_converter_msgs/msg/_obstacle_msg.py
[15.441s] -- Installing: /home/agilex/agilex_ws/install/costmap_converter_msgs/local/lib/python3.10/dist-packages/costmap_converter_msgs/msg/_obstacle_msg_s.c
[15.442s] -- Installing: /home/agilex/agilex_ws/install/costmap_converter_msgs/local/lib/python3.10/dist-packages/costmap_converter_msgs/msg/_obstacle_array_msg.py
[15.442s] -- Installing: /home/agilex/agilex_ws/install/costmap_converter_msgs/local/lib/python3.10/dist-packages/costmap_converter_msgs/msg/_obstacle_array_msg_s.c
[15.445s] -- Installing: /home/agilex/agilex_ws/install/costmap_converter_msgs/local/lib/python3.10/dist-packages/costmap_converter_msgs/msg/__init__.py
[15.448s] -- Installing: /home/agilex/agilex_ws/install/costmap_converter_msgs/local/lib/python3.10/dist-packages/costmap_converter_msgs/_costmap_converter_msgs_s.ep.rosidl_typesupport_fastrtps_c.c
[15.448s] -- Installing: /home/agilex/agilex_ws/install/costmap_converter_msgs/local/lib/python3.10/dist-packages/costmap_converter_msgs/_costmap_converter_msgs_s.ep.rosidl_typesupport_introspection_c.c
[15.449s] -- Installing: /home/agilex/agilex_ws/install/costmap_converter_msgs/local/lib/python3.10/dist-packages/costmap_converter_msgs/_costmap_converter_msgs_s.ep.rosidl_typesupport_c.c
[15.449s] -- Installing: /home/agilex/agilex_ws/install/costmap_converter_msgs/local/lib/python3.10/dist-packages/costmap_converter_msgs/libcostmap_converter_msgs__rosidl_generator_py.so
[15.450s] -- Installing: /home/agilex/agilex_ws/install/costmap_converter_msgs/local/lib/python3.10/dist-packages/costmap_converter_msgs/costmap_converter_msgs_s__rosidl_typesupport_c.cpython-310-x86_64-linux-gnu.so
[15.455s] -- Installing: /home/agilex/agilex_ws/install/costmap_converter_msgs/local/lib/python3.10/dist-packages/costmap_converter_msgs/costmap_converter_msgs_s__rosidl_typesupport_introspection_c.cpython-310-x86_64-linux-gnu.so
[15.459s] -- Installing: /home/agilex/agilex_ws/install/costmap_converter_msgs/local/lib/python3.10/dist-packages/costmap_converter_msgs/costmap_converter_msgs_s__rosidl_typesupport_fastrtps_c.cpython-310-x86_64-linux-gnu.so
[15.593s] Listing '/home/agilex/agilex_ws/install/costmap_converter_msgs/local/lib/python3.10/dist-packages/costmap_converter_msgs'...
[15.593s] Compiling '/home/agilex/agilex_ws/install/costmap_converter_msgs/local/lib/python3.10/dist-packages/costmap_converter_msgs/__init__.py'...
[15.593s] Listing '/home/agilex/agilex_ws/install/costmap_converter_msgs/local/lib/python3.10/dist-packages/costmap_converter_msgs/msg'...
[15.593s] Compiling '/home/agilex/agilex_ws/install/costmap_converter_msgs/local/lib/python3.10/dist-packages/costmap_converter_msgs/msg/__init__.py'...
[15.593s] Compiling '/home/agilex/agilex_ws/install/costmap_converter_msgs/local/lib/python3.10/dist-packages/costmap_converter_msgs/msg/_obstacle_array_msg.py'...
[15.594s] Compiling '/home/agilex/agilex_ws/install/costmap_converter_msgs/local/lib/python3.10/dist-packages/costmap_converter_msgs/msg/_obstacle_msg.py'...
[15.616s] -- Installing: /home/agilex/agilex_ws/install/costmap_converter_msgs/local/lib/python3.10/dist-packages/costmap_converter_msgs/costmap_converter_msgs_s__rosidl_typesupport_fastrtps_c.cpython-310-x86_64-linux-gnu.so
[15.617s] -- Set runtime path of "/home/agilex/agilex_ws/install/costmap_converter_msgs/local/lib/python3.10/dist-packages/costmap_converter_msgs/costmap_converter_msgs_s__rosidl_typesupport_fastrtps_c.cpython-310-x86_64-linux-gnu.so" to ""
[15.617s] -- Installing: /home/agilex/agilex_ws/install/costmap_converter_msgs/local/lib/python3.10/dist-packages/costmap_converter_msgs/costmap_converter_msgs_s__rosidl_typesupport_introspection_c.cpython-310-x86_64-linux-gnu.so
[15.617s] -- Set runtime path of "/home/agilex/agilex_ws/install/costmap_converter_msgs/local/lib/python3.10/dist-packages/costmap_converter_msgs/costmap_converter_msgs_s__rosidl_typesupport_introspection_c.cpython-310-x86_64-linux-gnu.so" to ""
[15.618s] -- Installing: /home/agilex/agilex_ws/install/costmap_converter_msgs/local/lib/python3.10/dist-packages/costmap_converter_msgs/costmap_converter_msgs_s__rosidl_typesupport_c.cpython-310-x86_64-linux-gnu.so
[15.618s] -- Set runtime path of "/home/agilex/agilex_ws/install/costmap_converter_msgs/local/lib/python3.10/dist-packages/costmap_converter_msgs/costmap_converter_msgs_s__rosidl_typesupport_c.cpython-310-x86_64-linux-gnu.so" to ""
[15.618s] -- Installing: /home/agilex/agilex_ws/install/costmap_converter_msgs/lib/libcostmap_converter_msgs__rosidl_generator_py.so
[15.618s] -- Set runtime path of "/home/agilex/agilex_ws/install/costmap_converter_msgs/lib/libcostmap_converter_msgs__rosidl_generator_py.so" to ""
[15.619s] -- Installing: /home/agilex/agilex_ws/install/costmap_converter_msgs/share/costmap_converter_msgs/msg/ObstacleMsg.idl
[15.619s] -- Installing: /home/agilex/agilex_ws/install/costmap_converter_msgs/share/costmap_converter_msgs/msg/ObstacleArrayMsg.idl
[15.619s] -- Installing: /home/agilex/agilex_ws/install/costmap_converter_msgs/share/costmap_converter_msgs/msg/ObstacleMsg.msg
[15.621s] -- Installing: /home/agilex/agilex_ws/install/costmap_converter_msgs/share/costmap_converter_msgs/msg/ObstacleArrayMsg.msg
[15.622s] -- Installing: /home/agilex/agilex_ws/install/costmap_converter_msgs/share/ament_index/resource_index/package_run_dependencies/costmap_converter_msgs
[15.622s] -- Installing: /home/agilex/agilex_ws/install/costmap_converter_msgs/share/ament_index/resource_index/parent_prefix_path/costmap_converter_msgs
[15.622s] -- Installing: /home/agilex/agilex_ws/install/costmap_converter_msgs/share/costmap_converter_msgs/environment/ament_prefix_path.sh
[15.622s] -- Installing: /home/agilex/agilex_ws/install/costmap_converter_msgs/share/costmap_converter_msgs/environment/ament_prefix_path.dsv
[15.622s] -- Installing: /home/agilex/agilex_ws/install/costmap_converter_msgs/share/costmap_converter_msgs/environment/path.sh
[15.622s] -- Installing: /home/agilex/agilex_ws/install/costmap_converter_msgs/share/costmap_converter_msgs/environment/path.dsv
[15.622s] -- Installing: /home/agilex/agilex_ws/install/costmap_converter_msgs/share/costmap_converter_msgs/local_setup.bash
[15.622s] -- Installing: /home/agilex/agilex_ws/install/costmap_converter_msgs/share/costmap_converter_msgs/local_setup.sh
[15.622s] -- Installing: /home/agilex/agilex_ws/install/costmap_converter_msgs/share/costmap_converter_msgs/local_setup.zsh
[15.622s] -- Installing: /home/agilex/agilex_ws/install/costmap_converter_msgs/share/costmap_converter_msgs/local_setup.dsv
[15.622s] -- Installing: /home/agilex/agilex_ws/install/costmap_converter_msgs/share/costmap_converter_msgs/package.dsv
[15.623s] -- Installing: /home/agilex/agilex_ws/install/costmap_converter_msgs/share/ament_index/resource_index/packages/costmap_converter_msgs
[15.623s] -- Installing: /home/agilex/agilex_ws/install/costmap_converter_msgs/share/costmap_converter_msgs/cmake/export_costmap_converter_msgs__rosidl_generator_cExport.cmake
[15.623s] -- Installing: /home/agilex/agilex_ws/install/costmap_converter_msgs/share/costmap_converter_msgs/cmake/export_costmap_converter_msgs__rosidl_generator_cExport-noconfig.cmake
[15.623s] -- Installing: /home/agilex/agilex_ws/install/costmap_converter_msgs/share/costmap_converter_msgs/cmake/export_costmap_converter_msgs__rosidl_typesupport_fastrtps_cExport.cmake
[15.623s] -- Installing: /home/agilex/agilex_ws/install/costmap_converter_msgs/share/costmap_converter_msgs/cmake/export_costmap_converter_msgs__rosidl_typesupport_fastrtps_cExport-noconfig.cmake
[15.623s] -- Installing: /home/agilex/agilex_ws/install/costmap_converter_msgs/share/costmap_converter_msgs/cmake/export_costmap_converter_msgs__rosidl_generator_cppExport.cmake
[15.624s] -- Installing: /home/agilex/agilex_ws/install/costmap_converter_msgs/share/costmap_converter_msgs/cmake/export_costmap_converter_msgs__rosidl_typesupport_fastrtps_cppExport.cmake
[15.624s] -- Installing: /home/agilex/agilex_ws/install/costmap_converter_msgs/share/costmap_converter_msgs/cmake/export_costmap_converter_msgs__rosidl_typesupport_fastrtps_cppExport-noconfig.cmake
[15.625s] -- Installing: /home/agilex/agilex_ws/install/costmap_converter_msgs/share/costmap_converter_msgs/cmake/costmap_converter_msgs__rosidl_typesupport_introspection_cExport.cmake
[15.625s] -- Installing: /home/agilex/agilex_ws/install/costmap_converter_msgs/share/costmap_converter_msgs/cmake/costmap_converter_msgs__rosidl_typesupport_introspection_cExport-noconfig.cmake
[15.625s] -- Installing: /home/agilex/agilex_ws/install/costmap_converter_msgs/share/costmap_converter_msgs/cmake/costmap_converter_msgs__rosidl_typesupport_cExport.cmake
[15.626s] -- Installing: /home/agilex/agilex_ws/install/costmap_converter_msgs/share/costmap_converter_msgs/cmake/costmap_converter_msgs__rosidl_typesupport_cExport-noconfig.cmake
[15.626s] -- Installing: /home/agilex/agilex_ws/install/costmap_converter_msgs/share/costmap_converter_msgs/cmake/costmap_converter_msgs__rosidl_typesupport_introspection_cppExport.cmake
[15.627s] -- Installing: /home/agilex/agilex_ws/install/costmap_converter_msgs/share/costmap_converter_msgs/cmake/costmap_converter_msgs__rosidl_typesupport_introspection_cppExport-noconfig.cmake
[15.627s] -- Installing: /home/agilex/agilex_ws/install/costmap_converter_msgs/share/costmap_converter_msgs/cmake/costmap_converter_msgs__rosidl_typesupport_cppExport.cmake
[15.627s] -- Installing: /home/agilex/agilex_ws/install/costmap_converter_msgs/share/costmap_converter_msgs/cmake/costmap_converter_msgs__rosidl_typesupport_cppExport-noconfig.cmake
[15.628s] -- Installing: /home/agilex/agilex_ws/install/costmap_converter_msgs/share/costmap_converter_msgs/cmake/export_costmap_converter_msgs__rosidl_generator_pyExport.cmake
[15.628s] -- Installing: /home/agilex/agilex_ws/install/costmap_converter_msgs/share/costmap_converter_msgs/cmake/export_costmap_converter_msgs__rosidl_generator_pyExport-noconfig.cmake
[15.628s] -- Installing: /home/agilex/agilex_ws/install/costmap_converter_msgs/share/costmap_converter_msgs/cmake/rosidl_cmake-extras.cmake
[15.629s] -- Installing: /home/agilex/agilex_ws/install/costmap_converter_msgs/share/costmap_converter_msgs/cmake/ament_cmake_export_dependencies-extras.cmake
[15.629s] -- Installing: /home/agilex/agilex_ws/install/costmap_converter_msgs/share/costmap_converter_msgs/cmake/ament_cmake_export_include_directories-extras.cmake
[15.629s] -- Installing: /home/agilex/agilex_ws/install/costmap_converter_msgs/share/costmap_converter_msgs/cmake/ament_cmake_export_libraries-extras.cmake
[15.629s] -- Installing: /home/agilex/agilex_ws/install/costmap_converter_msgs/share/costmap_converter_msgs/cmake/ament_cmake_export_targets-extras.cmake
[15.630s] -- Installing: /home/agilex/agilex_ws/install/costmap_converter_msgs/share/costmap_converter_msgs/cmake/rosidl_cmake_export_typesupport_targets-extras.cmake
[15.630s] -- Installing: /home/agilex/agilex_ws/install/costmap_converter_msgs/share/costmap_converter_msgs/cmake/rosidl_cmake_export_typesupport_libraries-extras.cmake
[15.630s] -- Installing: /home/agilex/agilex_ws/install/costmap_converter_msgs/share/costmap_converter_msgs/cmake/costmap_converter_msgsConfig.cmake
[15.630s] -- Installing: /home/agilex/agilex_ws/install/costmap_converter_msgs/share/costmap_converter_msgs/cmake/costmap_converter_msgsConfig-version.cmake
[15.631s] -- Installing: /home/agilex/agilex_ws/install/costmap_converter_msgs/share/costmap_converter_msgs/package.xml
[15.642s] Invoked command in '/home/agilex/agilex_ws/build/costmap_converter_msgs' returned '0': CMAKE_PREFIX_PATH=/opt/ros/humble /usr/bin/cmake --install /home/agilex/agilex_ws/build/costmap_converter_msgs
