[0.198s] Invoking command in '/home/agilex/agilex_ws/build/orbbec_description': CMAKE_PREFIX_PATH=${CMAKE_PREFIX_PATH}:/home/agilex/agilex_ws/install/yolov5_ros2:/home/agilex/agilex_ws/install/nav2_simple_commander:/opt/ros/humble /usr/bin/cmake --build /home/agilex/agilex_ws/build/orbbec_description -- -j16 -l16
[0.363s] Invoked command in '/home/agilex/agilex_ws/build/orbbec_description' returned '0': CMAKE_PREFIX_PATH=${CMAKE_PREFIX_PATH}:/home/agilex/agilex_ws/install/yolov5_ros2:/home/agilex/agilex_ws/install/nav2_simple_commander:/opt/ros/humble /usr/bin/cmake --build /home/agilex/agilex_ws/build/orbbec_description -- -j16 -l16
[0.617s] Invoking command in '/home/agilex/agilex_ws/build/orbbec_description': CMAKE_PREFIX_PATH=${CMAKE_PREFIX_PATH}:/home/agilex/agilex_ws/install/yolov5_ros2:/home/agilex/agilex_ws/install/nav2_simple_commander:/opt/ros/humble /usr/bin/cmake --install /home/agilex/agilex_ws/build/orbbec_description
[0.636s] -- Install configuration: ""
[0.637s] -- Up-to-date: /home/agilex/agilex_ws/install/orbbec_description/share/ament_index/resource_index/package_run_dependencies/orbbec_description
[0.637s] -- Up-to-date: /home/agilex/agilex_ws/install/orbbec_description/share/ament_index/resource_index/parent_prefix_path/orbbec_description
[0.637s] -- Up-to-date: /home/agilex/agilex_ws/install/orbbec_description/share/orbbec_description/environment/ament_prefix_path.sh
[0.637s] -- Up-to-date: /home/agilex/agilex_ws/install/orbbec_description/share/orbbec_description/environment/ament_prefix_path.dsv
[0.637s] -- Up-to-date: /home/agilex/agilex_ws/install/orbbec_description/share/orbbec_description/environment/path.sh
[0.637s] -- Up-to-date: /home/agilex/agilex_ws/install/orbbec_description/share/orbbec_description/environment/path.dsv
[0.637s] -- Up-to-date: /home/agilex/agilex_ws/install/orbbec_description/share/orbbec_description/local_setup.bash
[0.637s] -- Up-to-date: /home/agilex/agilex_ws/install/orbbec_description/share/orbbec_description/local_setup.sh
[0.637s] -- Up-to-date: /home/agilex/agilex_ws/install/orbbec_description/share/orbbec_description/local_setup.zsh
[0.637s] -- Up-to-date: /home/agilex/agilex_ws/install/orbbec_description/share/orbbec_description/local_setup.dsv
[0.637s] -- Installing: /home/agilex/agilex_ws/install/orbbec_description/share/orbbec_description/package.dsv
[0.638s] -- Up-to-date: /home/agilex/agilex_ws/install/orbbec_description/share/ament_index/resource_index/packages/orbbec_description
[0.638s] -- Up-to-date: /home/agilex/agilex_ws/install/orbbec_description/share/orbbec_description/cmake/orbbec_descriptionConfig.cmake
[0.638s] -- Up-to-date: /home/agilex/agilex_ws/install/orbbec_description/share/orbbec_description/cmake/orbbec_descriptionConfig-version.cmake
[0.638s] -- Up-to-date: /home/agilex/agilex_ws/install/orbbec_description/share/orbbec_description/package.xml
[0.728s] Invoked command in '/home/agilex/agilex_ws/build/orbbec_description' returned '0': CMAKE_PREFIX_PATH=${CMAKE_PREFIX_PATH}:/home/agilex/agilex_ws/install/yolov5_ros2:/home/agilex/agilex_ws/install/nav2_simple_commander:/opt/ros/humble /usr/bin/cmake --install /home/agilex/agilex_ws/build/orbbec_description
