[0.021s] Invoking command in '/home/agilex/agilex_ws/build/dwb_msgs': AMENT_PREFIX_PATH=/home/agilex/agilex_ws/install/nav_2d_msgs CMAKE_PREFIX_PATH=/home/agilex/agilex_ws/install/nav_2d_msgs LD_LIBRARY_PATH=/home/agilex/agilex_ws/install/nav_2d_msgs/lib PYTHONPATH=/home/agilex/agilex_ws/install/nav_2d_msgs/local/lib/python3.10/dist-packages /usr/bin/cmake --build /home/agilex/agilex_ws/build/dwb_msgs -- -j16 -l16
[0.062s] [ 11%] Built target dwb_msgs__rosidl_generator_c
[0.065s] [ 12%] Built target dwb_msgs__cpp
[0.077s] [ 12%] Built target ament_cmake_python_copy_dwb_msgs
[0.087s] [ 36%] Built target dwb_msgs__rosidl_typesupport_introspection_c
[0.087s] [ 43%] Built target dwb_msgs__rosidl_typesupport_cpp
[0.087s] [ 48%] Built target dwb_msgs__rosidl_typesupport_c
[0.087s] [ 58%] Built target dwb_msgs__rosidl_typesupport_introspection_cpp
[0.091s] [ 70%] Built target dwb_msgs__rosidl_typesupport_fastrtps_cpp
[0.091s] [ 82%] Built target dwb_msgs__rosidl_typesupport_fastrtps_c
[0.106s] [ 82%] Built target dwb_msgs
[0.122s] [ 83%] Built target dwb_msgs__py
[0.142s] [ 93%] Built target dwb_msgs__rosidl_generator_py
[0.160s] [ 95%] Built target dwb_msgs__rosidl_typesupport_fastrtps_c__pyext
[0.161s] [ 97%] Built target dwb_msgs__rosidl_typesupport_c__pyext
[0.162s] [100%] Built target dwb_msgs__rosidl_typesupport_introspection_c__pyext
[0.224s] running egg_info
[0.225s] writing dwb_msgs.egg-info/PKG-INFO
[0.225s] writing dependency_links to dwb_msgs.egg-info/dependency_links.txt
[0.225s] writing top-level names to dwb_msgs.egg-info/top_level.txt
[0.226s] reading manifest file 'dwb_msgs.egg-info/SOURCES.txt'
[0.227s] writing manifest file 'dwb_msgs.egg-info/SOURCES.txt'
[0.248s] [100%] Built target ament_cmake_python_build_dwb_msgs_egg
[0.276s] Invoked command in '/home/agilex/agilex_ws/build/dwb_msgs' returned '0': AMENT_PREFIX_PATH=/home/agilex/agilex_ws/install/nav_2d_msgs CMAKE_PREFIX_PATH=/home/agilex/agilex_ws/install/nav_2d_msgs LD_LIBRARY_PATH=/home/agilex/agilex_ws/install/nav_2d_msgs/lib PYTHONPATH=/home/agilex/agilex_ws/install/nav_2d_msgs/local/lib/python3.10/dist-packages /usr/bin/cmake --build /home/agilex/agilex_ws/build/dwb_msgs -- -j16 -l16
[0.421s] Invoking command in '/home/agilex/agilex_ws/build/dwb_msgs': AMENT_PREFIX_PATH=/home/agilex/agilex_ws/install/nav_2d_msgs CMAKE_PREFIX_PATH=/home/agilex/agilex_ws/install/nav_2d_msgs LD_LIBRARY_PATH=/home/agilex/agilex_ws/install/nav_2d_msgs/lib PYTHONPATH=/home/agilex/agilex_ws/install/nav_2d_msgs/local/lib/python3.10/dist-packages /usr/bin/cmake --install /home/agilex/agilex_ws/build/dwb_msgs
[0.426s] -- Install configuration: ""
[0.426s] -- Up-to-date: /home/agilex/agilex_ws/install/dwb_msgs/share/ament_index/resource_index/rosidl_interfaces/dwb_msgs
[0.426s] -- Up-to-date: /home/agilex/agilex_ws/install/dwb_msgs/include/dwb_msgs/dwb_msgs
[0.427s] -- Up-to-date: /home/agilex/agilex_ws/install/dwb_msgs/include/dwb_msgs/dwb_msgs/srv
[0.427s] -- Up-to-date: /home/agilex/agilex_ws/install/dwb_msgs/include/dwb_msgs/dwb_msgs/srv/generate_trajectory.h
[0.427s] -- Up-to-date: /home/agilex/agilex_ws/install/dwb_msgs/include/dwb_msgs/dwb_msgs/srv/detail
[0.427s] -- Up-to-date: /home/agilex/agilex_ws/install/dwb_msgs/include/dwb_msgs/dwb_msgs/srv/detail/get_critic_score__type_support.h
[0.427s] -- Up-to-date: /home/agilex/agilex_ws/install/dwb_msgs/include/dwb_msgs/dwb_msgs/srv/detail/get_critic_score__functions.c
[0.427s] -- Up-to-date: /home/agilex/agilex_ws/install/dwb_msgs/include/dwb_msgs/dwb_msgs/srv/detail/generate_trajectory__struct.h
[0.427s] -- Up-to-date: /home/agilex/agilex_ws/install/dwb_msgs/include/dwb_msgs/dwb_msgs/srv/detail/score_trajectory__type_support.h
[0.427s] -- Up-to-date: /home/agilex/agilex_ws/install/dwb_msgs/include/dwb_msgs/dwb_msgs/srv/detail/score_trajectory__functions.h
[0.427s] -- Up-to-date: /home/agilex/agilex_ws/install/dwb_msgs/include/dwb_msgs/dwb_msgs/srv/detail/generate_twists__type_support.h
[0.427s] -- Up-to-date: /home/agilex/agilex_ws/install/dwb_msgs/include/dwb_msgs/dwb_msgs/srv/detail/score_trajectory__functions.c
[0.428s] -- Up-to-date: /home/agilex/agilex_ws/install/dwb_msgs/include/dwb_msgs/dwb_msgs/srv/detail/debug_local_plan__functions.h
[0.428s] -- Up-to-date: /home/agilex/agilex_ws/install/dwb_msgs/include/dwb_msgs/dwb_msgs/srv/detail/get_critic_score__struct.h
[0.428s] -- Up-to-date: /home/agilex/agilex_ws/install/dwb_msgs/include/dwb_msgs/dwb_msgs/srv/detail/generate_trajectory__functions.c
[0.428s] -- Up-to-date: /home/agilex/agilex_ws/install/dwb_msgs/include/dwb_msgs/dwb_msgs/srv/detail/score_trajectory__struct.h
[0.428s] -- Up-to-date: /home/agilex/agilex_ws/install/dwb_msgs/include/dwb_msgs/dwb_msgs/srv/detail/generate_trajectory__functions.h
[0.428s] -- Up-to-date: /home/agilex/agilex_ws/install/dwb_msgs/include/dwb_msgs/dwb_msgs/srv/detail/debug_local_plan__functions.c
[0.428s] -- Up-to-date: /home/agilex/agilex_ws/install/dwb_msgs/include/dwb_msgs/dwb_msgs/srv/detail/debug_local_plan__struct.h
[0.428s] -- Up-to-date: /home/agilex/agilex_ws/install/dwb_msgs/include/dwb_msgs/dwb_msgs/srv/detail/generate_twists__struct.h
[0.428s] -- Up-to-date: /home/agilex/agilex_ws/install/dwb_msgs/include/dwb_msgs/dwb_msgs/srv/detail/generate_twists__functions.h
[0.428s] -- Up-to-date: /home/agilex/agilex_ws/install/dwb_msgs/include/dwb_msgs/dwb_msgs/srv/detail/generate_twists__functions.c
[0.428s] -- Up-to-date: /home/agilex/agilex_ws/install/dwb_msgs/include/dwb_msgs/dwb_msgs/srv/detail/generate_trajectory__type_support.h
[0.429s] -- Up-to-date: /home/agilex/agilex_ws/install/dwb_msgs/include/dwb_msgs/dwb_msgs/srv/detail/debug_local_plan__type_support.h
[0.429s] -- Up-to-date: /home/agilex/agilex_ws/install/dwb_msgs/include/dwb_msgs/dwb_msgs/srv/detail/get_critic_score__functions.h
[0.429s] -- Up-to-date: /home/agilex/agilex_ws/install/dwb_msgs/include/dwb_msgs/dwb_msgs/srv/get_critic_score.h
[0.429s] -- Up-to-date: /home/agilex/agilex_ws/install/dwb_msgs/include/dwb_msgs/dwb_msgs/srv/generate_twists.h
[0.429s] -- Up-to-date: /home/agilex/agilex_ws/install/dwb_msgs/include/dwb_msgs/dwb_msgs/srv/debug_local_plan.h
[0.429s] -- Up-to-date: /home/agilex/agilex_ws/install/dwb_msgs/include/dwb_msgs/dwb_msgs/srv/score_trajectory.h
[0.429s] -- Up-to-date: /home/agilex/agilex_ws/install/dwb_msgs/include/dwb_msgs/dwb_msgs/msg
[0.429s] -- Up-to-date: /home/agilex/agilex_ws/install/dwb_msgs/include/dwb_msgs/dwb_msgs/msg/local_plan_evaluation.h
[0.429s] -- Up-to-date: /home/agilex/agilex_ws/install/dwb_msgs/include/dwb_msgs/dwb_msgs/msg/critic_score.h
[0.429s] -- Up-to-date: /home/agilex/agilex_ws/install/dwb_msgs/include/dwb_msgs/dwb_msgs/msg/detail
[0.430s] -- Up-to-date: /home/agilex/agilex_ws/install/dwb_msgs/include/dwb_msgs/dwb_msgs/msg/detail/trajectory_score__type_support.h
[0.430s] -- Up-to-date: /home/agilex/agilex_ws/install/dwb_msgs/include/dwb_msgs/dwb_msgs/msg/detail/local_plan_evaluation__type_support.h
[0.430s] -- Up-to-date: /home/agilex/agilex_ws/install/dwb_msgs/include/dwb_msgs/dwb_msgs/msg/detail/critic_score__functions.c
[0.430s] -- Up-to-date: /home/agilex/agilex_ws/install/dwb_msgs/include/dwb_msgs/dwb_msgs/msg/detail/critic_score__type_support.h
[0.430s] -- Up-to-date: /home/agilex/agilex_ws/install/dwb_msgs/include/dwb_msgs/dwb_msgs/msg/detail/critic_score__struct.h
[0.430s] -- Up-to-date: /home/agilex/agilex_ws/install/dwb_msgs/include/dwb_msgs/dwb_msgs/msg/detail/local_plan_evaluation__struct.h
[0.430s] -- Up-to-date: /home/agilex/agilex_ws/install/dwb_msgs/include/dwb_msgs/dwb_msgs/msg/detail/trajectory2_d__functions.c
[0.430s] -- Up-to-date: /home/agilex/agilex_ws/install/dwb_msgs/include/dwb_msgs/dwb_msgs/msg/detail/trajectory2_d__type_support.h
[0.430s] -- Up-to-date: /home/agilex/agilex_ws/install/dwb_msgs/include/dwb_msgs/dwb_msgs/msg/detail/trajectory_score__functions.c
[0.430s] -- Up-to-date: /home/agilex/agilex_ws/install/dwb_msgs/include/dwb_msgs/dwb_msgs/msg/detail/trajectory_score__functions.h
[0.430s] -- Up-to-date: /home/agilex/agilex_ws/install/dwb_msgs/include/dwb_msgs/dwb_msgs/msg/detail/trajectory_score__struct.h
[0.430s] -- Up-to-date: /home/agilex/agilex_ws/install/dwb_msgs/include/dwb_msgs/dwb_msgs/msg/detail/local_plan_evaluation__functions.c
[0.431s] -- Up-to-date: /home/agilex/agilex_ws/install/dwb_msgs/include/dwb_msgs/dwb_msgs/msg/detail/critic_score__functions.h
[0.431s] -- Up-to-date: /home/agilex/agilex_ws/install/dwb_msgs/include/dwb_msgs/dwb_msgs/msg/detail/trajectory2_d__functions.h
[0.431s] -- Up-to-date: /home/agilex/agilex_ws/install/dwb_msgs/include/dwb_msgs/dwb_msgs/msg/detail/trajectory2_d__struct.h
[0.431s] -- Up-to-date: /home/agilex/agilex_ws/install/dwb_msgs/include/dwb_msgs/dwb_msgs/msg/detail/local_plan_evaluation__functions.h
[0.431s] -- Up-to-date: /home/agilex/agilex_ws/install/dwb_msgs/include/dwb_msgs/dwb_msgs/msg/trajectory2_d.h
[0.431s] -- Up-to-date: /home/agilex/agilex_ws/install/dwb_msgs/include/dwb_msgs/dwb_msgs/msg/trajectory_score.h
[0.431s] -- Up-to-date: /home/agilex/agilex_ws/install/dwb_msgs/include/dwb_msgs/dwb_msgs/msg/rosidl_generator_c__visibility_control.h
[0.431s] -- Up-to-date: /home/agilex/agilex_ws/install/dwb_msgs/share/dwb_msgs/environment/library_path.sh
[0.431s] -- Up-to-date: /home/agilex/agilex_ws/install/dwb_msgs/share/dwb_msgs/environment/library_path.dsv
[0.431s] -- Up-to-date: /home/agilex/agilex_ws/install/dwb_msgs/lib/libdwb_msgs__rosidl_generator_c.so
[0.431s] -- Up-to-date: /home/agilex/agilex_ws/install/dwb_msgs/include/dwb_msgs/dwb_msgs
[0.431s] -- Up-to-date: /home/agilex/agilex_ws/install/dwb_msgs/include/dwb_msgs/dwb_msgs/srv
[0.431s] -- Up-to-date: /home/agilex/agilex_ws/install/dwb_msgs/include/dwb_msgs/dwb_msgs/srv/detail
[0.432s] -- Up-to-date: /home/agilex/agilex_ws/install/dwb_msgs/include/dwb_msgs/dwb_msgs/srv/detail/generate_trajectory__rosidl_typesupport_fastrtps_c.h
[0.432s] -- Up-to-date: /home/agilex/agilex_ws/install/dwb_msgs/include/dwb_msgs/dwb_msgs/srv/detail/score_trajectory__rosidl_typesupport_fastrtps_c.h
[0.432s] -- Up-to-date: /home/agilex/agilex_ws/install/dwb_msgs/include/dwb_msgs/dwb_msgs/srv/detail/generate_twists__rosidl_typesupport_fastrtps_c.h
[0.432s] -- Up-to-date: /home/agilex/agilex_ws/install/dwb_msgs/include/dwb_msgs/dwb_msgs/srv/detail/debug_local_plan__rosidl_typesupport_fastrtps_c.h
[0.432s] -- Up-to-date: /home/agilex/agilex_ws/install/dwb_msgs/include/dwb_msgs/dwb_msgs/srv/detail/get_critic_score__rosidl_typesupport_fastrtps_c.h
[0.432s] -- Up-to-date: /home/agilex/agilex_ws/install/dwb_msgs/include/dwb_msgs/dwb_msgs/msg
[0.432s] -- Up-to-date: /home/agilex/agilex_ws/install/dwb_msgs/include/dwb_msgs/dwb_msgs/msg/rosidl_typesupport_fastrtps_c__visibility_control.h
[0.432s] -- Up-to-date: /home/agilex/agilex_ws/install/dwb_msgs/include/dwb_msgs/dwb_msgs/msg/detail
[0.432s] -- Up-to-date: /home/agilex/agilex_ws/install/dwb_msgs/include/dwb_msgs/dwb_msgs/msg/detail/critic_score__rosidl_typesupport_fastrtps_c.h
[0.432s] -- Up-to-date: /home/agilex/agilex_ws/install/dwb_msgs/include/dwb_msgs/dwb_msgs/msg/detail/local_plan_evaluation__rosidl_typesupport_fastrtps_c.h
[0.432s] -- Up-to-date: /home/agilex/agilex_ws/install/dwb_msgs/include/dwb_msgs/dwb_msgs/msg/detail/trajectory_score__rosidl_typesupport_fastrtps_c.h
[0.433s] -- Up-to-date: /home/agilex/agilex_ws/install/dwb_msgs/include/dwb_msgs/dwb_msgs/msg/detail/trajectory2_d__rosidl_typesupport_fastrtps_c.h
[0.433s] -- Up-to-date: /home/agilex/agilex_ws/install/dwb_msgs/lib/libdwb_msgs__rosidl_typesupport_fastrtps_c.so
[0.433s] -- Up-to-date: /home/agilex/agilex_ws/install/dwb_msgs/include/dwb_msgs/dwb_msgs
[0.433s] -- Up-to-date: /home/agilex/agilex_ws/install/dwb_msgs/include/dwb_msgs/dwb_msgs/srv
[0.433s] -- Up-to-date: /home/agilex/agilex_ws/install/dwb_msgs/include/dwb_msgs/dwb_msgs/srv/debug_local_plan.hpp
[0.433s] -- Up-to-date: /home/agilex/agilex_ws/install/dwb_msgs/include/dwb_msgs/dwb_msgs/srv/generate_trajectory.hpp
[0.433s] -- Up-to-date: /home/agilex/agilex_ws/install/dwb_msgs/include/dwb_msgs/dwb_msgs/srv/score_trajectory.hpp
[0.433s] -- Up-to-date: /home/agilex/agilex_ws/install/dwb_msgs/include/dwb_msgs/dwb_msgs/srv/detail
[0.433s] -- Up-to-date: /home/agilex/agilex_ws/install/dwb_msgs/include/dwb_msgs/dwb_msgs/srv/detail/generate_twists__builder.hpp
[0.433s] -- Up-to-date: /home/agilex/agilex_ws/install/dwb_msgs/include/dwb_msgs/dwb_msgs/srv/detail/score_trajectory__struct.hpp
[0.433s] -- Up-to-date: /home/agilex/agilex_ws/install/dwb_msgs/include/dwb_msgs/dwb_msgs/srv/detail/get_critic_score__builder.hpp
[0.433s] -- Up-to-date: /home/agilex/agilex_ws/install/dwb_msgs/include/dwb_msgs/dwb_msgs/srv/detail/score_trajectory__builder.hpp
[0.433s] -- Up-to-date: /home/agilex/agilex_ws/install/dwb_msgs/include/dwb_msgs/dwb_msgs/srv/detail/generate_twists__traits.hpp
[0.434s] -- Up-to-date: /home/agilex/agilex_ws/install/dwb_msgs/include/dwb_msgs/dwb_msgs/srv/detail/generate_twists__struct.hpp
[0.434s] -- Up-to-date: /home/agilex/agilex_ws/install/dwb_msgs/include/dwb_msgs/dwb_msgs/srv/detail/generate_trajectory__struct.hpp
[0.434s] -- Up-to-date: /home/agilex/agilex_ws/install/dwb_msgs/include/dwb_msgs/dwb_msgs/srv/detail/debug_local_plan__struct.hpp
[0.434s] -- Up-to-date: /home/agilex/agilex_ws/install/dwb_msgs/include/dwb_msgs/dwb_msgs/srv/detail/debug_local_plan__builder.hpp
[0.434s] -- Up-to-date: /home/agilex/agilex_ws/install/dwb_msgs/include/dwb_msgs/dwb_msgs/srv/detail/generate_trajectory__traits.hpp
[0.434s] -- Up-to-date: /home/agilex/agilex_ws/install/dwb_msgs/include/dwb_msgs/dwb_msgs/srv/detail/generate_trajectory__builder.hpp
[0.434s] -- Up-to-date: /home/agilex/agilex_ws/install/dwb_msgs/include/dwb_msgs/dwb_msgs/srv/detail/get_critic_score__traits.hpp
[0.434s] -- Up-to-date: /home/agilex/agilex_ws/install/dwb_msgs/include/dwb_msgs/dwb_msgs/srv/detail/score_trajectory__traits.hpp
[0.434s] -- Up-to-date: /home/agilex/agilex_ws/install/dwb_msgs/include/dwb_msgs/dwb_msgs/srv/detail/get_critic_score__struct.hpp
[0.434s] -- Up-to-date: /home/agilex/agilex_ws/install/dwb_msgs/include/dwb_msgs/dwb_msgs/srv/detail/debug_local_plan__traits.hpp
[0.434s] -- Up-to-date: /home/agilex/agilex_ws/install/dwb_msgs/include/dwb_msgs/dwb_msgs/srv/generate_twists.hpp
[0.434s] -- Up-to-date: /home/agilex/agilex_ws/install/dwb_msgs/include/dwb_msgs/dwb_msgs/srv/get_critic_score.hpp
[0.434s] -- Up-to-date: /home/agilex/agilex_ws/install/dwb_msgs/include/dwb_msgs/dwb_msgs/msg
[0.434s] -- Up-to-date: /home/agilex/agilex_ws/install/dwb_msgs/include/dwb_msgs/dwb_msgs/msg/local_plan_evaluation.hpp
[0.435s] -- Up-to-date: /home/agilex/agilex_ws/install/dwb_msgs/include/dwb_msgs/dwb_msgs/msg/critic_score.hpp
[0.435s] -- Up-to-date: /home/agilex/agilex_ws/install/dwb_msgs/include/dwb_msgs/dwb_msgs/msg/detail
[0.435s] -- Up-to-date: /home/agilex/agilex_ws/install/dwb_msgs/include/dwb_msgs/dwb_msgs/msg/detail/trajectory2_d__builder.hpp
[0.435s] -- Up-to-date: /home/agilex/agilex_ws/install/dwb_msgs/include/dwb_msgs/dwb_msgs/msg/detail/trajectory2_d__traits.hpp
[0.435s] -- Up-to-date: /home/agilex/agilex_ws/install/dwb_msgs/include/dwb_msgs/dwb_msgs/msg/detail/trajectory2_d__struct.hpp
[0.435s] -- Up-to-date: /home/agilex/agilex_ws/install/dwb_msgs/include/dwb_msgs/dwb_msgs/msg/detail/trajectory_score__struct.hpp
[0.435s] -- Up-to-date: /home/agilex/agilex_ws/install/dwb_msgs/include/dwb_msgs/dwb_msgs/msg/detail/trajectory_score__builder.hpp
[0.435s] -- Up-to-date: /home/agilex/agilex_ws/install/dwb_msgs/include/dwb_msgs/dwb_msgs/msg/detail/critic_score__builder.hpp
[0.435s] -- Up-to-date: /home/agilex/agilex_ws/install/dwb_msgs/include/dwb_msgs/dwb_msgs/msg/detail/local_plan_evaluation__struct.hpp
[0.435s] -- Up-to-date: /home/agilex/agilex_ws/install/dwb_msgs/include/dwb_msgs/dwb_msgs/msg/detail/local_plan_evaluation__traits.hpp
[0.435s] -- Up-to-date: /home/agilex/agilex_ws/install/dwb_msgs/include/dwb_msgs/dwb_msgs/msg/detail/critic_score__traits.hpp
[0.435s] -- Up-to-date: /home/agilex/agilex_ws/install/dwb_msgs/include/dwb_msgs/dwb_msgs/msg/detail/local_plan_evaluation__builder.hpp
[0.435s] -- Up-to-date: /home/agilex/agilex_ws/install/dwb_msgs/include/dwb_msgs/dwb_msgs/msg/detail/trajectory_score__traits.hpp
[0.435s] -- Up-to-date: /home/agilex/agilex_ws/install/dwb_msgs/include/dwb_msgs/dwb_msgs/msg/detail/critic_score__struct.hpp
[0.436s] -- Up-to-date: /home/agilex/agilex_ws/install/dwb_msgs/include/dwb_msgs/dwb_msgs/msg/trajectory2_d.hpp
[0.436s] -- Up-to-date: /home/agilex/agilex_ws/install/dwb_msgs/include/dwb_msgs/dwb_msgs/msg/trajectory_score.hpp
[0.436s] -- Up-to-date: /home/agilex/agilex_ws/install/dwb_msgs/include/dwb_msgs/dwb_msgs
[0.436s] -- Up-to-date: /home/agilex/agilex_ws/install/dwb_msgs/include/dwb_msgs/dwb_msgs/srv
[0.436s] -- Up-to-date: /home/agilex/agilex_ws/install/dwb_msgs/include/dwb_msgs/dwb_msgs/srv/detail
[0.436s] -- Up-to-date: /home/agilex/agilex_ws/install/dwb_msgs/include/dwb_msgs/dwb_msgs/srv/detail/get_critic_score__rosidl_typesupport_fastrtps_cpp.hpp
[0.436s] -- Up-to-date: /home/agilex/agilex_ws/install/dwb_msgs/include/dwb_msgs/dwb_msgs/srv/detail/score_trajectory__rosidl_typesupport_fastrtps_cpp.hpp
[0.436s] -- Up-to-date: /home/agilex/agilex_ws/install/dwb_msgs/include/dwb_msgs/dwb_msgs/srv/detail/debug_local_plan__rosidl_typesupport_fastrtps_cpp.hpp
[0.436s] -- Up-to-date: /home/agilex/agilex_ws/install/dwb_msgs/include/dwb_msgs/dwb_msgs/srv/detail/generate_trajectory__rosidl_typesupport_fastrtps_cpp.hpp
[0.437s] -- Up-to-date: /home/agilex/agilex_ws/install/dwb_msgs/include/dwb_msgs/dwb_msgs/srv/detail/dds_fastrtps
[0.437s] -- Up-to-date: /home/agilex/agilex_ws/install/dwb_msgs/include/dwb_msgs/dwb_msgs/srv/detail/generate_twists__rosidl_typesupport_fastrtps_cpp.hpp
[0.437s] -- Up-to-date: /home/agilex/agilex_ws/install/dwb_msgs/include/dwb_msgs/dwb_msgs/msg
[0.437s] -- Up-to-date: /home/agilex/agilex_ws/install/dwb_msgs/include/dwb_msgs/dwb_msgs/msg/rosidl_typesupport_fastrtps_cpp__visibility_control.h
[0.437s] -- Up-to-date: /home/agilex/agilex_ws/install/dwb_msgs/include/dwb_msgs/dwb_msgs/msg/detail
[0.437s] -- Up-to-date: /home/agilex/agilex_ws/install/dwb_msgs/include/dwb_msgs/dwb_msgs/msg/detail/trajectory2_d__rosidl_typesupport_fastrtps_cpp.hpp
[0.437s] -- Up-to-date: /home/agilex/agilex_ws/install/dwb_msgs/include/dwb_msgs/dwb_msgs/msg/detail/local_plan_evaluation__rosidl_typesupport_fastrtps_cpp.hpp
[0.437s] -- Up-to-date: /home/agilex/agilex_ws/install/dwb_msgs/include/dwb_msgs/dwb_msgs/msg/detail/critic_score__rosidl_typesupport_fastrtps_cpp.hpp
[0.437s] -- Up-to-date: /home/agilex/agilex_ws/install/dwb_msgs/include/dwb_msgs/dwb_msgs/msg/detail/trajectory_score__rosidl_typesupport_fastrtps_cpp.hpp
[0.437s] -- Up-to-date: /home/agilex/agilex_ws/install/dwb_msgs/include/dwb_msgs/dwb_msgs/msg/detail/dds_fastrtps
[0.437s] -- Up-to-date: /home/agilex/agilex_ws/install/dwb_msgs/lib/libdwb_msgs__rosidl_typesupport_fastrtps_cpp.so
[0.437s] -- Up-to-date: /home/agilex/agilex_ws/install/dwb_msgs/include/dwb_msgs/dwb_msgs
[0.437s] -- Up-to-date: /home/agilex/agilex_ws/install/dwb_msgs/include/dwb_msgs/dwb_msgs/srv
[0.438s] -- Up-to-date: /home/agilex/agilex_ws/install/dwb_msgs/include/dwb_msgs/dwb_msgs/srv/detail
[0.438s] -- Up-to-date: /home/agilex/agilex_ws/install/dwb_msgs/include/dwb_msgs/dwb_msgs/srv/detail/generate_trajectory__type_support.c
[0.438s] -- Up-to-date: /home/agilex/agilex_ws/install/dwb_msgs/include/dwb_msgs/dwb_msgs/srv/detail/get_critic_score__rosidl_typesupport_introspection_c.h
[0.438s] -- Up-to-date: /home/agilex/agilex_ws/install/dwb_msgs/include/dwb_msgs/dwb_msgs/srv/detail/generate_trajectory__rosidl_typesupport_introspection_c.h
[0.438s] -- Up-to-date: /home/agilex/agilex_ws/install/dwb_msgs/include/dwb_msgs/dwb_msgs/srv/detail/get_critic_score__type_support.c
[0.438s] -- Up-to-date: /home/agilex/agilex_ws/install/dwb_msgs/include/dwb_msgs/dwb_msgs/srv/detail/debug_local_plan__type_support.c
[0.438s] -- Up-to-date: /home/agilex/agilex_ws/install/dwb_msgs/include/dwb_msgs/dwb_msgs/srv/detail/score_trajectory__type_support.c
[0.438s] -- Up-to-date: /home/agilex/agilex_ws/install/dwb_msgs/include/dwb_msgs/dwb_msgs/srv/detail/score_trajectory__rosidl_typesupport_introspection_c.h
[0.438s] -- Up-to-date: /home/agilex/agilex_ws/install/dwb_msgs/include/dwb_msgs/dwb_msgs/srv/detail/generate_twists__rosidl_typesupport_introspection_c.h
[0.439s] -- Up-to-date: /home/agilex/agilex_ws/install/dwb_msgs/include/dwb_msgs/dwb_msgs/srv/detail/debug_local_plan__rosidl_typesupport_introspection_c.h
[0.439s] -- Up-to-date: /home/agilex/agilex_ws/install/dwb_msgs/include/dwb_msgs/dwb_msgs/srv/detail/generate_twists__type_support.c
[0.439s] -- Up-to-date: /home/agilex/agilex_ws/install/dwb_msgs/include/dwb_msgs/dwb_msgs/msg
[0.440s] -- Up-to-date: /home/agilex/agilex_ws/install/dwb_msgs/include/dwb_msgs/dwb_msgs/msg/detail
[0.440s] -- Up-to-date: /home/agilex/agilex_ws/install/dwb_msgs/include/dwb_msgs/dwb_msgs/msg/detail/local_plan_evaluation__rosidl_typesupport_introspection_c.h
[0.440s] -- Up-to-date: /home/agilex/agilex_ws/install/dwb_msgs/include/dwb_msgs/dwb_msgs/msg/detail/trajectory_score__type_support.c
[0.440s] -- Up-to-date: /home/agilex/agilex_ws/install/dwb_msgs/include/dwb_msgs/dwb_msgs/msg/detail/trajectory2_d__rosidl_typesupport_introspection_c.h
[0.440s] -- Up-to-date: /home/agilex/agilex_ws/install/dwb_msgs/include/dwb_msgs/dwb_msgs/msg/detail/critic_score__type_support.c
[0.441s] -- Up-to-date: /home/agilex/agilex_ws/install/dwb_msgs/include/dwb_msgs/dwb_msgs/msg/detail/trajectory_score__rosidl_typesupport_introspection_c.h
[0.441s] -- Up-to-date: /home/agilex/agilex_ws/install/dwb_msgs/include/dwb_msgs/dwb_msgs/msg/detail/critic_score__rosidl_typesupport_introspection_c.h
[0.441s] -- Up-to-date: /home/agilex/agilex_ws/install/dwb_msgs/include/dwb_msgs/dwb_msgs/msg/detail/local_plan_evaluation__type_support.c
[0.441s] -- Up-to-date: /home/agilex/agilex_ws/install/dwb_msgs/include/dwb_msgs/dwb_msgs/msg/detail/trajectory2_d__type_support.c
[0.441s] -- Up-to-date: /home/agilex/agilex_ws/install/dwb_msgs/include/dwb_msgs/dwb_msgs/msg/rosidl_typesupport_introspection_c__visibility_control.h
[0.441s] -- Up-to-date: /home/agilex/agilex_ws/install/dwb_msgs/lib/libdwb_msgs__rosidl_typesupport_introspection_c.so
[0.441s] -- Up-to-date: /home/agilex/agilex_ws/install/dwb_msgs/lib/libdwb_msgs__rosidl_typesupport_c.so
[0.441s] -- Up-to-date: /home/agilex/agilex_ws/install/dwb_msgs/include/dwb_msgs/dwb_msgs
[0.441s] -- Up-to-date: /home/agilex/agilex_ws/install/dwb_msgs/include/dwb_msgs/dwb_msgs/srv
[0.442s] -- Up-to-date: /home/agilex/agilex_ws/install/dwb_msgs/include/dwb_msgs/dwb_msgs/srv/detail
[0.442s] -- Up-to-date: /home/agilex/agilex_ws/install/dwb_msgs/include/dwb_msgs/dwb_msgs/srv/detail/get_critic_score__rosidl_typesupport_introspection_cpp.hpp
[0.442s] -- Up-to-date: /home/agilex/agilex_ws/install/dwb_msgs/include/dwb_msgs/dwb_msgs/srv/detail/generate_twists__rosidl_typesupport_introspection_cpp.hpp
[0.442s] -- Up-to-date: /home/agilex/agilex_ws/install/dwb_msgs/include/dwb_msgs/dwb_msgs/srv/detail/generate_trajectory__type_support.cpp
[0.442s] -- Up-to-date: /home/agilex/agilex_ws/install/dwb_msgs/include/dwb_msgs/dwb_msgs/srv/detail/generate_trajectory__rosidl_typesupport_introspection_cpp.hpp
[0.442s] -- Up-to-date: /home/agilex/agilex_ws/install/dwb_msgs/include/dwb_msgs/dwb_msgs/srv/detail/generate_twists__type_support.cpp
[0.442s] -- Up-to-date: /home/agilex/agilex_ws/install/dwb_msgs/include/dwb_msgs/dwb_msgs/srv/detail/debug_local_plan__type_support.cpp
[0.442s] -- Up-to-date: /home/agilex/agilex_ws/install/dwb_msgs/include/dwb_msgs/dwb_msgs/srv/detail/debug_local_plan__rosidl_typesupport_introspection_cpp.hpp
[0.442s] -- Up-to-date: /home/agilex/agilex_ws/install/dwb_msgs/include/dwb_msgs/dwb_msgs/srv/detail/score_trajectory__rosidl_typesupport_introspection_cpp.hpp
[0.442s] -- Up-to-date: /home/agilex/agilex_ws/install/dwb_msgs/include/dwb_msgs/dwb_msgs/srv/detail/score_trajectory__type_support.cpp
[0.442s] -- Up-to-date: /home/agilex/agilex_ws/install/dwb_msgs/include/dwb_msgs/dwb_msgs/srv/detail/get_critic_score__type_support.cpp
[0.442s] -- Up-to-date: /home/agilex/agilex_ws/install/dwb_msgs/include/dwb_msgs/dwb_msgs/msg
[0.442s] -- Up-to-date: /home/agilex/agilex_ws/install/dwb_msgs/include/dwb_msgs/dwb_msgs/msg/detail
[0.442s] -- Up-to-date: /home/agilex/agilex_ws/install/dwb_msgs/include/dwb_msgs/dwb_msgs/msg/detail/local_plan_evaluation__type_support.cpp
[0.442s] -- Up-to-date: /home/agilex/agilex_ws/install/dwb_msgs/include/dwb_msgs/dwb_msgs/msg/detail/trajectory2_d__rosidl_typesupport_introspection_cpp.hpp
[0.443s] -- Up-to-date: /home/agilex/agilex_ws/install/dwb_msgs/include/dwb_msgs/dwb_msgs/msg/detail/local_plan_evaluation__rosidl_typesupport_introspection_cpp.hpp
[0.443s] -- Up-to-date: /home/agilex/agilex_ws/install/dwb_msgs/include/dwb_msgs/dwb_msgs/msg/detail/trajectory_score__type_support.cpp
[0.443s] -- Up-to-date: /home/agilex/agilex_ws/install/dwb_msgs/include/dwb_msgs/dwb_msgs/msg/detail/critic_score__type_support.cpp
[0.443s] -- Up-to-date: /home/agilex/agilex_ws/install/dwb_msgs/include/dwb_msgs/dwb_msgs/msg/detail/trajectory_score__rosidl_typesupport_introspection_cpp.hpp
[0.443s] -- Up-to-date: /home/agilex/agilex_ws/install/dwb_msgs/include/dwb_msgs/dwb_msgs/msg/detail/trajectory2_d__type_support.cpp
[0.443s] -- Up-to-date: /home/agilex/agilex_ws/install/dwb_msgs/include/dwb_msgs/dwb_msgs/msg/detail/critic_score__rosidl_typesupport_introspection_cpp.hpp
[0.443s] -- Up-to-date: /home/agilex/agilex_ws/install/dwb_msgs/lib/libdwb_msgs__rosidl_typesupport_introspection_cpp.so
[0.443s] -- Up-to-date: /home/agilex/agilex_ws/install/dwb_msgs/lib/libdwb_msgs__rosidl_typesupport_cpp.so
[0.443s] -- Up-to-date: /home/agilex/agilex_ws/install/dwb_msgs/share/dwb_msgs/environment/pythonpath.sh
[0.443s] -- Up-to-date: /home/agilex/agilex_ws/install/dwb_msgs/share/dwb_msgs/environment/pythonpath.dsv
[0.443s] -- Up-to-date: /home/agilex/agilex_ws/install/dwb_msgs/local/lib/python3.10/dist-packages/dwb_msgs-1.1.0-py3.10.egg-info
[0.443s] -- Installing: /home/agilex/agilex_ws/install/dwb_msgs/local/lib/python3.10/dist-packages/dwb_msgs-1.1.0-py3.10.egg-info/top_level.txt
[0.443s] -- Installing: /home/agilex/agilex_ws/install/dwb_msgs/local/lib/python3.10/dist-packages/dwb_msgs-1.1.0-py3.10.egg-info/SOURCES.txt
[0.443s] -- Installing: /home/agilex/agilex_ws/install/dwb_msgs/local/lib/python3.10/dist-packages/dwb_msgs-1.1.0-py3.10.egg-info/PKG-INFO
[0.444s] -- Installing: /home/agilex/agilex_ws/install/dwb_msgs/local/lib/python3.10/dist-packages/dwb_msgs-1.1.0-py3.10.egg-info/dependency_links.txt
[0.444s] -- Up-to-date: /home/agilex/agilex_ws/install/dwb_msgs/local/lib/python3.10/dist-packages/dwb_msgs
[0.444s] -- Up-to-date: /home/agilex/agilex_ws/install/dwb_msgs/local/lib/python3.10/dist-packages/dwb_msgs/dwb_msgs_s__rosidl_typesupport_fastrtps_c.cpython-310-x86_64-linux-gnu.so
[0.444s] -- Up-to-date: /home/agilex/agilex_ws/install/dwb_msgs/local/lib/python3.10/dist-packages/dwb_msgs/_dwb_msgs_s.ep.rosidl_typesupport_introspection_c.c
[0.444s] -- Up-to-date: /home/agilex/agilex_ws/install/dwb_msgs/local/lib/python3.10/dist-packages/dwb_msgs/__init__.py
[0.444s] -- Up-to-date: /home/agilex/agilex_ws/install/dwb_msgs/local/lib/python3.10/dist-packages/dwb_msgs/_dwb_msgs_s.ep.rosidl_typesupport_fastrtps_c.c
[0.444s] -- Up-to-date: /home/agilex/agilex_ws/install/dwb_msgs/local/lib/python3.10/dist-packages/dwb_msgs/libdwb_msgs__rosidl_generator_py.so
[0.444s] -- Up-to-date: /home/agilex/agilex_ws/install/dwb_msgs/local/lib/python3.10/dist-packages/dwb_msgs/dwb_msgs_s__rosidl_typesupport_introspection_c.cpython-310-x86_64-linux-gnu.so
[0.444s] -- Up-to-date: /home/agilex/agilex_ws/install/dwb_msgs/local/lib/python3.10/dist-packages/dwb_msgs/srv
[0.444s] -- Up-to-date: /home/agilex/agilex_ws/install/dwb_msgs/local/lib/python3.10/dist-packages/dwb_msgs/srv/_get_critic_score_s.c
[0.444s] -- Up-to-date: /home/agilex/agilex_ws/install/dwb_msgs/local/lib/python3.10/dist-packages/dwb_msgs/srv/_debug_local_plan.py
[0.444s] -- Up-to-date: /home/agilex/agilex_ws/install/dwb_msgs/local/lib/python3.10/dist-packages/dwb_msgs/srv/_generate_trajectory.py
[0.444s] -- Up-to-date: /home/agilex/agilex_ws/install/dwb_msgs/local/lib/python3.10/dist-packages/dwb_msgs/srv/_debug_local_plan_s.c
[0.444s] -- Up-to-date: /home/agilex/agilex_ws/install/dwb_msgs/local/lib/python3.10/dist-packages/dwb_msgs/srv/_score_trajectory.py
[0.444s] -- Up-to-date: /home/agilex/agilex_ws/install/dwb_msgs/local/lib/python3.10/dist-packages/dwb_msgs/srv/__init__.py
[0.444s] -- Up-to-date: /home/agilex/agilex_ws/install/dwb_msgs/local/lib/python3.10/dist-packages/dwb_msgs/srv/_generate_twists.py
[0.444s] -- Up-to-date: /home/agilex/agilex_ws/install/dwb_msgs/local/lib/python3.10/dist-packages/dwb_msgs/srv/_score_trajectory_s.c
[0.444s] -- Up-to-date: /home/agilex/agilex_ws/install/dwb_msgs/local/lib/python3.10/dist-packages/dwb_msgs/srv/_generate_twists_s.c
[0.444s] -- Up-to-date: /home/agilex/agilex_ws/install/dwb_msgs/local/lib/python3.10/dist-packages/dwb_msgs/srv/_get_critic_score.py
[0.444s] -- Up-to-date: /home/agilex/agilex_ws/install/dwb_msgs/local/lib/python3.10/dist-packages/dwb_msgs/srv/_generate_trajectory_s.c
[0.444s] -- Up-to-date: /home/agilex/agilex_ws/install/dwb_msgs/local/lib/python3.10/dist-packages/dwb_msgs/msg
[0.444s] -- Up-to-date: /home/agilex/agilex_ws/install/dwb_msgs/local/lib/python3.10/dist-packages/dwb_msgs/msg/_trajectory_score.py
[0.444s] -- Up-to-date: /home/agilex/agilex_ws/install/dwb_msgs/local/lib/python3.10/dist-packages/dwb_msgs/msg/_critic_score_s.c
[0.444s] -- Up-to-date: /home/agilex/agilex_ws/install/dwb_msgs/local/lib/python3.10/dist-packages/dwb_msgs/msg/__init__.py
[0.444s] -- Up-to-date: /home/agilex/agilex_ws/install/dwb_msgs/local/lib/python3.10/dist-packages/dwb_msgs/msg/_local_plan_evaluation_s.c
[0.444s] -- Up-to-date: /home/agilex/agilex_ws/install/dwb_msgs/local/lib/python3.10/dist-packages/dwb_msgs/msg/_trajectory_score_s.c
[0.444s] -- Up-to-date: /home/agilex/agilex_ws/install/dwb_msgs/local/lib/python3.10/dist-packages/dwb_msgs/msg/_trajectory2_d.py
[0.444s] -- Up-to-date: /home/agilex/agilex_ws/install/dwb_msgs/local/lib/python3.10/dist-packages/dwb_msgs/msg/_local_plan_evaluation.py
[0.444s] -- Up-to-date: /home/agilex/agilex_ws/install/dwb_msgs/local/lib/python3.10/dist-packages/dwb_msgs/msg/_trajectory2_d_s.c
[0.444s] -- Up-to-date: /home/agilex/agilex_ws/install/dwb_msgs/local/lib/python3.10/dist-packages/dwb_msgs/msg/_critic_score.py
[0.444s] -- Up-to-date: /home/agilex/agilex_ws/install/dwb_msgs/local/lib/python3.10/dist-packages/dwb_msgs/_dwb_msgs_s.ep.rosidl_typesupport_c.c
[0.444s] -- Up-to-date: /home/agilex/agilex_ws/install/dwb_msgs/local/lib/python3.10/dist-packages/dwb_msgs/dwb_msgs_s__rosidl_typesupport_c.cpython-310-x86_64-linux-gnu.so
[0.458s] Listing '/home/agilex/agilex_ws/install/dwb_msgs/local/lib/python3.10/dist-packages/dwb_msgs'...
[0.458s] Listing '/home/agilex/agilex_ws/install/dwb_msgs/local/lib/python3.10/dist-packages/dwb_msgs/msg'...
[0.458s] Listing '/home/agilex/agilex_ws/install/dwb_msgs/local/lib/python3.10/dist-packages/dwb_msgs/srv'...
[0.462s] -- Up-to-date: /home/agilex/agilex_ws/install/dwb_msgs/local/lib/python3.10/dist-packages/dwb_msgs/dwb_msgs_s__rosidl_typesupport_fastrtps_c.cpython-310-x86_64-linux-gnu.so
[0.462s] -- Up-to-date: /home/agilex/agilex_ws/install/dwb_msgs/local/lib/python3.10/dist-packages/dwb_msgs/dwb_msgs_s__rosidl_typesupport_introspection_c.cpython-310-x86_64-linux-gnu.so
[0.462s] -- Up-to-date: /home/agilex/agilex_ws/install/dwb_msgs/local/lib/python3.10/dist-packages/dwb_msgs/dwb_msgs_s__rosidl_typesupport_c.cpython-310-x86_64-linux-gnu.so
[0.462s] -- Up-to-date: /home/agilex/agilex_ws/install/dwb_msgs/lib/libdwb_msgs__rosidl_generator_py.so
[0.462s] -- Up-to-date: /home/agilex/agilex_ws/install/dwb_msgs/share/dwb_msgs/msg/CriticScore.idl
[0.462s] -- Up-to-date: /home/agilex/agilex_ws/install/dwb_msgs/share/dwb_msgs/msg/LocalPlanEvaluation.idl
[0.462s] -- Up-to-date: /home/agilex/agilex_ws/install/dwb_msgs/share/dwb_msgs/msg/Trajectory2D.idl
[0.462s] -- Up-to-date: /home/agilex/agilex_ws/install/dwb_msgs/share/dwb_msgs/msg/TrajectoryScore.idl
[0.462s] -- Up-to-date: /home/agilex/agilex_ws/install/dwb_msgs/share/dwb_msgs/srv/DebugLocalPlan.idl
[0.462s] -- Up-to-date: /home/agilex/agilex_ws/install/dwb_msgs/share/dwb_msgs/srv/GenerateTrajectory.idl
[0.462s] -- Up-to-date: /home/agilex/agilex_ws/install/dwb_msgs/share/dwb_msgs/srv/GenerateTwists.idl
[0.462s] -- Up-to-date: /home/agilex/agilex_ws/install/dwb_msgs/share/dwb_msgs/srv/GetCriticScore.idl
[0.463s] -- Up-to-date: /home/agilex/agilex_ws/install/dwb_msgs/share/dwb_msgs/srv/ScoreTrajectory.idl
[0.463s] -- Up-to-date: /home/agilex/agilex_ws/install/dwb_msgs/share/dwb_msgs/msg/CriticScore.msg
[0.463s] -- Up-to-date: /home/agilex/agilex_ws/install/dwb_msgs/share/dwb_msgs/msg/LocalPlanEvaluation.msg
[0.463s] -- Up-to-date: /home/agilex/agilex_ws/install/dwb_msgs/share/dwb_msgs/msg/Trajectory2D.msg
[0.463s] -- Up-to-date: /home/agilex/agilex_ws/install/dwb_msgs/share/dwb_msgs/msg/TrajectoryScore.msg
[0.463s] -- Up-to-date: /home/agilex/agilex_ws/install/dwb_msgs/share/dwb_msgs/srv/DebugLocalPlan.srv
[0.463s] -- Up-to-date: /home/agilex/agilex_ws/install/dwb_msgs/share/dwb_msgs/srv/DebugLocalPlan_Request.msg
[0.463s] -- Up-to-date: /home/agilex/agilex_ws/install/dwb_msgs/share/dwb_msgs/srv/DebugLocalPlan_Response.msg
[0.463s] -- Up-to-date: /home/agilex/agilex_ws/install/dwb_msgs/share/dwb_msgs/srv/GenerateTrajectory.srv
[0.463s] -- Up-to-date: /home/agilex/agilex_ws/install/dwb_msgs/share/dwb_msgs/srv/GenerateTrajectory_Request.msg
[0.463s] -- Up-to-date: /home/agilex/agilex_ws/install/dwb_msgs/share/dwb_msgs/srv/GenerateTrajectory_Response.msg
[0.463s] -- Up-to-date: /home/agilex/agilex_ws/install/dwb_msgs/share/dwb_msgs/srv/GenerateTwists.srv
[0.463s] -- Up-to-date: /home/agilex/agilex_ws/install/dwb_msgs/share/dwb_msgs/srv/GenerateTwists_Request.msg
[0.463s] -- Up-to-date: /home/agilex/agilex_ws/install/dwb_msgs/share/dwb_msgs/srv/GenerateTwists_Response.msg
[0.463s] -- Up-to-date: /home/agilex/agilex_ws/install/dwb_msgs/share/dwb_msgs/srv/GetCriticScore.srv
[0.463s] -- Up-to-date: /home/agilex/agilex_ws/install/dwb_msgs/share/dwb_msgs/srv/GetCriticScore_Request.msg
[0.463s] -- Up-to-date: /home/agilex/agilex_ws/install/dwb_msgs/share/dwb_msgs/srv/GetCriticScore_Response.msg
[0.463s] -- Up-to-date: /home/agilex/agilex_ws/install/dwb_msgs/share/dwb_msgs/srv/ScoreTrajectory.srv
[0.463s] -- Up-to-date: /home/agilex/agilex_ws/install/dwb_msgs/share/dwb_msgs/srv/ScoreTrajectory_Request.msg
[0.464s] -- Up-to-date: /home/agilex/agilex_ws/install/dwb_msgs/share/dwb_msgs/srv/ScoreTrajectory_Response.msg
[0.464s] -- Up-to-date: /home/agilex/agilex_ws/install/dwb_msgs/share/ament_index/resource_index/package_run_dependencies/dwb_msgs
[0.464s] -- Up-to-date: /home/agilex/agilex_ws/install/dwb_msgs/share/ament_index/resource_index/parent_prefix_path/dwb_msgs
[0.464s] -- Up-to-date: /home/agilex/agilex_ws/install/dwb_msgs/share/dwb_msgs/environment/ament_prefix_path.sh
[0.464s] -- Up-to-date: /home/agilex/agilex_ws/install/dwb_msgs/share/dwb_msgs/environment/ament_prefix_path.dsv
[0.464s] -- Up-to-date: /home/agilex/agilex_ws/install/dwb_msgs/share/dwb_msgs/environment/path.sh
[0.464s] -- Up-to-date: /home/agilex/agilex_ws/install/dwb_msgs/share/dwb_msgs/environment/path.dsv
[0.464s] -- Up-to-date: /home/agilex/agilex_ws/install/dwb_msgs/share/dwb_msgs/local_setup.bash
[0.464s] -- Up-to-date: /home/agilex/agilex_ws/install/dwb_msgs/share/dwb_msgs/local_setup.sh
[0.464s] -- Up-to-date: /home/agilex/agilex_ws/install/dwb_msgs/share/dwb_msgs/local_setup.zsh
[0.464s] -- Up-to-date: /home/agilex/agilex_ws/install/dwb_msgs/share/dwb_msgs/local_setup.dsv
[0.464s] -- Installing: /home/agilex/agilex_ws/install/dwb_msgs/share/dwb_msgs/package.dsv
[0.464s] -- Up-to-date: /home/agilex/agilex_ws/install/dwb_msgs/share/ament_index/resource_index/packages/dwb_msgs
[0.465s] -- Up-to-date: /home/agilex/agilex_ws/install/dwb_msgs/share/dwb_msgs/cmake/export_dwb_msgs__rosidl_generator_cExport.cmake
[0.465s] -- Up-to-date: /home/agilex/agilex_ws/install/dwb_msgs/share/dwb_msgs/cmake/export_dwb_msgs__rosidl_generator_cExport-noconfig.cmake
[0.465s] -- Up-to-date: /home/agilex/agilex_ws/install/dwb_msgs/share/dwb_msgs/cmake/export_dwb_msgs__rosidl_typesupport_fastrtps_cExport.cmake
[0.465s] -- Up-to-date: /home/agilex/agilex_ws/install/dwb_msgs/share/dwb_msgs/cmake/export_dwb_msgs__rosidl_typesupport_fastrtps_cExport-noconfig.cmake
[0.465s] -- Up-to-date: /home/agilex/agilex_ws/install/dwb_msgs/share/dwb_msgs/cmake/export_dwb_msgs__rosidl_generator_cppExport.cmake
[0.465s] -- Up-to-date: /home/agilex/agilex_ws/install/dwb_msgs/share/dwb_msgs/cmake/export_dwb_msgs__rosidl_typesupport_fastrtps_cppExport.cmake
[0.465s] -- Up-to-date: /home/agilex/agilex_ws/install/dwb_msgs/share/dwb_msgs/cmake/export_dwb_msgs__rosidl_typesupport_fastrtps_cppExport-noconfig.cmake
[0.465s] -- Up-to-date: /home/agilex/agilex_ws/install/dwb_msgs/share/dwb_msgs/cmake/dwb_msgs__rosidl_typesupport_introspection_cExport.cmake
[0.466s] -- Up-to-date: /home/agilex/agilex_ws/install/dwb_msgs/share/dwb_msgs/cmake/dwb_msgs__rosidl_typesupport_introspection_cExport-noconfig.cmake
[0.466s] -- Up-to-date: /home/agilex/agilex_ws/install/dwb_msgs/share/dwb_msgs/cmake/dwb_msgs__rosidl_typesupport_cExport.cmake
[0.466s] -- Up-to-date: /home/agilex/agilex_ws/install/dwb_msgs/share/dwb_msgs/cmake/dwb_msgs__rosidl_typesupport_cExport-noconfig.cmake
[0.466s] -- Up-to-date: /home/agilex/agilex_ws/install/dwb_msgs/share/dwb_msgs/cmake/dwb_msgs__rosidl_typesupport_introspection_cppExport.cmake
[0.466s] -- Up-to-date: /home/agilex/agilex_ws/install/dwb_msgs/share/dwb_msgs/cmake/dwb_msgs__rosidl_typesupport_introspection_cppExport-noconfig.cmake
[0.466s] -- Up-to-date: /home/agilex/agilex_ws/install/dwb_msgs/share/dwb_msgs/cmake/dwb_msgs__rosidl_typesupport_cppExport.cmake
[0.466s] -- Up-to-date: /home/agilex/agilex_ws/install/dwb_msgs/share/dwb_msgs/cmake/dwb_msgs__rosidl_typesupport_cppExport-noconfig.cmake
[0.466s] -- Up-to-date: /home/agilex/agilex_ws/install/dwb_msgs/share/dwb_msgs/cmake/export_dwb_msgs__rosidl_generator_pyExport.cmake
[0.466s] -- Up-to-date: /home/agilex/agilex_ws/install/dwb_msgs/share/dwb_msgs/cmake/export_dwb_msgs__rosidl_generator_pyExport-noconfig.cmake
[0.466s] -- Up-to-date: /home/agilex/agilex_ws/install/dwb_msgs/share/dwb_msgs/cmake/rosidl_cmake-extras.cmake
[0.467s] -- Up-to-date: /home/agilex/agilex_ws/install/dwb_msgs/share/dwb_msgs/cmake/ament_cmake_export_dependencies-extras.cmake
[0.467s] -- Up-to-date: /home/agilex/agilex_ws/install/dwb_msgs/share/dwb_msgs/cmake/ament_cmake_export_include_directories-extras.cmake
[0.467s] -- Up-to-date: /home/agilex/agilex_ws/install/dwb_msgs/share/dwb_msgs/cmake/ament_cmake_export_libraries-extras.cmake
[0.467s] -- Up-to-date: /home/agilex/agilex_ws/install/dwb_msgs/share/dwb_msgs/cmake/ament_cmake_export_targets-extras.cmake
[0.467s] -- Up-to-date: /home/agilex/agilex_ws/install/dwb_msgs/share/dwb_msgs/cmake/rosidl_cmake_export_typesupport_targets-extras.cmake
[0.467s] -- Up-to-date: /home/agilex/agilex_ws/install/dwb_msgs/share/dwb_msgs/cmake/rosidl_cmake_export_typesupport_libraries-extras.cmake
[0.467s] -- Up-to-date: /home/agilex/agilex_ws/install/dwb_msgs/share/dwb_msgs/cmake/dwb_msgsConfig.cmake
[0.467s] -- Up-to-date: /home/agilex/agilex_ws/install/dwb_msgs/share/dwb_msgs/cmake/dwb_msgsConfig-version.cmake
[0.467s] -- Up-to-date: /home/agilex/agilex_ws/install/dwb_msgs/share/dwb_msgs/package.xml
[0.467s] Invoked command in '/home/agilex/agilex_ws/build/dwb_msgs' returned '0': AMENT_PREFIX_PATH=/home/agilex/agilex_ws/install/nav_2d_msgs CMAKE_PREFIX_PATH=/home/agilex/agilex_ws/install/nav_2d_msgs LD_LIBRARY_PATH=/home/agilex/agilex_ws/install/nav_2d_msgs/lib PYTHONPATH=/home/agilex/agilex_ws/install/nav_2d_msgs/local/lib/python3.10/dist-packages /usr/bin/cmake --install /home/agilex/agilex_ws/build/dwb_msgs
