[0.019s] Invoking command in '/home/agilex/agilex_ws/build/costmap_converter_msgs': /usr/bin/cmake /home/agilex/agilex_ws/src/costmap_converter/costmap_converter_msgs -DCMAKE_INSTALL_PREFIX=/home/agilex/agilex_ws/install/costmap_converter_msgs
[0.070s] -- Configuring incomplete, errors occurred!
[0.070s] See also "/home/agilex/agilex_ws/build/costmap_converter_msgs/CMakeFiles/CMakeOutput.log".
[0.070s] [31mCMake Error at CMakeLists.txt:14 (find_package):
[0.070s]   By not providing "Findament_cmake.cmake" in CMAKE_MODULE_PATH this project
[0.070s]   has asked CMake to find a package configuration file provided by
[0.071s]   "ament_cmake", but CMake did not find one.
[0.071s] 
[0.071s]   Could not find a package configuration file provided by "ament_cmake" with
[0.071s]   any of the following names:
[0.071s] 
[0.071s]     ament_cmakeConfig.cmake
[0.071s]     ament_cmake-config.cmake
[0.071s] 
[0.071s]   Add the installation prefix of "ament_cmake" to CMAKE_PREFIX_PATH or set
[0.071s]   "ament_cmake_DIR" to a directory containing one of the above files.  If
[0.071s]   "ament_cmake" provides a separate development package or SDK, be sure it
[0.071s]   has been installed.
[0.071s] 
[0.071s] [0m
