[  5%] [32mBuilding CXX object CMakeFiles/controller_server_core.dir/src/controller_server.cpp.o[0m
[ 10%] [32m[1mLinking CXX shared library libcontroller_server_core.so[0m
[ 10%] Built target controller_server_core
[ 20%] Built target gtest_main
[ 25%] [32mBuilding CXX object CMakeFiles/controller_server.dir/src/main.cpp.o[0m
[ 30%] [32m[1mLinking CXX executable controller_server[0m
[ 30%] Built target controller_server
[ 35%] [32mBuilding CXX object gtest/CMakeFiles/gtest.dir/src/gtest-all.cc.o[0m
[ 40%] [32m[1mLinking CXX static library libgtest.a[0m
[ 40%] Built target gtest
[ 45%] [32mBuilding CXX object CMakeFiles/simple_goal_checker.dir/plugins/simple_goal_checker.cpp.o[0m
[ 50%] [32m[1mLinking CXX shared library libsimple_goal_checker.so[0m
[ 50%] Built target simple_goal_checker
[ 55%] [32mBuilding CXX object test/CMakeFiles/test_dynamic_parameters.dir/test_dynamic_parameters.cpp.o[0m
[ 60%] [32m[1mLinking CXX executable test_dynamic_parameters[0m
[ 60%] Built target test_dynamic_parameters
[ 65%] [32mBuilding CXX object CMakeFiles/stopped_goal_checker.dir/plugins/stopped_goal_checker.cpp.o[0m
[ 70%] [32m[1mLinking CXX shared library libstopped_goal_checker.so[0m
[ 70%] Built target stopped_goal_checker
[ 75%] [32mBuilding CXX object CMakeFiles/simple_progress_checker.dir/plugins/simple_progress_checker.cpp.o[0m
[ 80%] [32mBuilding CXX object plugins/test/CMakeFiles/gctest.dir/goal_checker.cpp.o[0m
[ 85%] [32m[1mLinking CXX shared library libsimple_progress_checker.so[0m
[ 85%] Built target simple_progress_checker
[ 90%] [32m[1mLinking CXX executable gctest[0m
[ 90%] Built target gctest
[ 95%] [32mBuilding CXX object plugins/test/CMakeFiles/pctest.dir/progress_checker.cpp.o[0m
[100%] [32m[1mLinking CXX executable pctest[0m
[100%] Built target pctest
-- Install configuration: "Release"
-- Installing: /home/agilex/agilex_ws/install/nav2_controller/lib/libsimple_progress_checker.so
-- Set runtime path of "/home/agilex/agilex_ws/install/nav2_controller/lib/libsimple_progress_checker.so" to ""
-- Installing: /home/agilex/agilex_ws/install/nav2_controller/lib/libsimple_goal_checker.so
-- Set runtime path of "/home/agilex/agilex_ws/install/nav2_controller/lib/libsimple_goal_checker.so" to ""
-- Installing: /home/agilex/agilex_ws/install/nav2_controller/lib/libstopped_goal_checker.so
-- Set runtime path of "/home/agilex/agilex_ws/install/nav2_controller/lib/libstopped_goal_checker.so" to ""
-- Installing: /home/agilex/agilex_ws/install/nav2_controller/lib/libcontroller_server_core.so
-- Set runtime path of "/home/agilex/agilex_ws/install/nav2_controller/lib/libcontroller_server_core.so" to ""
-- Installing: /home/agilex/agilex_ws/install/nav2_controller/lib/nav2_controller/controller_server
-- Set runtime path of "/home/agilex/agilex_ws/install/nav2_controller/lib/nav2_controller/controller_server" to ""
-- Up-to-date: /home/agilex/agilex_ws/install/nav2_controller/include/
-- Up-to-date: /home/agilex/agilex_ws/install/nav2_controller/include//nav2_controller
-- Up-to-date: /home/agilex/agilex_ws/install/nav2_controller/include//nav2_controller/controller_server.hpp
-- Up-to-date: /home/agilex/agilex_ws/install/nav2_controller/include//nav2_controller/plugins
-- Up-to-date: /home/agilex/agilex_ws/install/nav2_controller/include//nav2_controller/plugins/stopped_goal_checker.hpp
-- Up-to-date: /home/agilex/agilex_ws/install/nav2_controller/include//nav2_controller/plugins/simple_progress_checker.hpp
-- Up-to-date: /home/agilex/agilex_ws/install/nav2_controller/include//nav2_controller/plugins/simple_goal_checker.hpp
-- Up-to-date: /home/agilex/agilex_ws/install/nav2_controller/share/nav2_controller/environment/library_path.sh
-- Up-to-date: /home/agilex/agilex_ws/install/nav2_controller/share/nav2_controller/environment/library_path.dsv
-- Up-to-date: /home/agilex/agilex_ws/install/nav2_controller/share/nav2_controller/plugins.xml
-- Up-to-date: /home/agilex/agilex_ws/install/nav2_controller/share/ament_index/resource_index/package_run_dependencies/nav2_controller
-- Up-to-date: /home/agilex/agilex_ws/install/nav2_controller/share/ament_index/resource_index/parent_prefix_path/nav2_controller
-- Up-to-date: /home/agilex/agilex_ws/install/nav2_controller/share/nav2_controller/environment/ament_prefix_path.sh
-- Up-to-date: /home/agilex/agilex_ws/install/nav2_controller/share/nav2_controller/environment/ament_prefix_path.dsv
-- Up-to-date: /home/agilex/agilex_ws/install/nav2_controller/share/nav2_controller/environment/path.sh
-- Up-to-date: /home/agilex/agilex_ws/install/nav2_controller/share/nav2_controller/environment/path.dsv
-- Up-to-date: /home/agilex/agilex_ws/install/nav2_controller/share/nav2_controller/local_setup.bash
-- Up-to-date: /home/agilex/agilex_ws/install/nav2_controller/share/nav2_controller/local_setup.sh
-- Up-to-date: /home/agilex/agilex_ws/install/nav2_controller/share/nav2_controller/local_setup.zsh
-- Up-to-date: /home/agilex/agilex_ws/install/nav2_controller/share/nav2_controller/local_setup.dsv
-- Installing: /home/agilex/agilex_ws/install/nav2_controller/share/nav2_controller/package.dsv
-- Up-to-date: /home/agilex/agilex_ws/install/nav2_controller/share/ament_index/resource_index/packages/nav2_controller
-- Up-to-date: /home/agilex/agilex_ws/install/nav2_controller/share/ament_index/resource_index/nav2_core__pluginlib__plugin/nav2_controller
-- Up-to-date: /home/agilex/agilex_ws/install/nav2_controller/share/ament_index/resource_index/rclcpp_components/nav2_controller
-- Up-to-date: /home/agilex/agilex_ws/install/nav2_controller/share/nav2_controller/cmake/ament_cmake_export_include_directories-extras.cmake
-- Up-to-date: /home/agilex/agilex_ws/install/nav2_controller/share/nav2_controller/cmake/ament_cmake_export_libraries-extras.cmake
-- Up-to-date: /home/agilex/agilex_ws/install/nav2_controller/share/nav2_controller/cmake/ament_cmake_export_dependencies-extras.cmake
-- Up-to-date: /home/agilex/agilex_ws/install/nav2_controller/share/nav2_controller/cmake/nav2_controllerConfig.cmake
-- Up-to-date: /home/agilex/agilex_ws/install/nav2_controller/share/nav2_controller/cmake/nav2_controllerConfig-version.cmake
-- Up-to-date: /home/agilex/agilex_ws/install/nav2_controller/share/nav2_controller/package.xml
