[0.096s] Invoking command in '/home/agilex/agilex_ws/build/nav2_controller': AMENT_PREFIX_PATH=/home/agilex/agilex_ws/install/nav2_core:/home/agilex/agilex_ws/install/nav2_costmap_2d:/home/agilex/agilex_ws/install/nav_2d_utils:/home/agilex/agilex_ws/install/nav2_util:/home/agilex/agilex_ws/install/nav2_voxel_grid:/home/agilex/agilex_ws/install/nav2_msgs:/home/agilex/agilex_ws/install/nav_2d_msgs:/home/agilex/agilex_ws/install/nav2_common CMAKE_PREFIX_PATH=/home/agilex/agilex_ws/install/nav2_core:/home/agilex/agilex_ws/install/nav2_costmap_2d:/home/agilex/agilex_ws/install/nav_2d_utils:/home/agilex/agilex_ws/install/nav2_util:/home/agilex/agilex_ws/install/nav2_voxel_grid:/home/agilex/agilex_ws/install/nav2_msgs:/home/agilex/agilex_ws/install/nav_2d_msgs:/home/agilex/agilex_ws/install/nav2_common LD_LIBRARY_PATH=/home/agilex/agilex_ws/install/nav2_costmap_2d/lib:/home/agilex/agilex_ws/install/nav_2d_utils/lib:/home/agilex/agilex_ws/install/nav2_util/lib:/home/agilex/agilex_ws/install/nav2_voxel_grid/lib:/home/agilex/agilex_ws/install/nav2_msgs/lib:/home/agilex/agilex_ws/install/nav_2d_msgs/lib PYTHONPATH=/home/agilex/agilex_ws/install/nav2_msgs/local/lib/python3.10/dist-packages:/home/agilex/agilex_ws/install/nav_2d_msgs/local/lib/python3.10/dist-packages:/home/agilex/agilex_ws/install/nav2_common/local/lib/python3.10/dist-packages /usr/bin/cmake --build /home/agilex/agilex_ws/build/nav2_controller -- -j16 -l16
[0.160s] [  5%] [32mBuilding CXX object CMakeFiles/controller_server_core.dir/src/controller_server.cpp.o[0m
[33.992s] [ 10%] [32m[1mLinking CXX shared library libcontroller_server_core.so[0m
[34.519s] [ 10%] Built target controller_server_core
[34.544s] [ 20%] Built target gtest_main
[34.588s] [ 25%] [32mBuilding CXX object CMakeFiles/controller_server.dir/src/main.cpp.o[0m
[45.652s] [ 30%] [32m[1mLinking CXX executable controller_server[0m
[46.065s] [ 30%] Built target controller_server
[46.090s] [ 35%] [32mBuilding CXX object gtest/CMakeFiles/gtest.dir/src/gtest-all.cc.o[0m
[54.181s] [ 40%] [32m[1mLinking CXX static library libgtest.a[0m
[54.221s] [ 40%] Built target gtest
[54.261s] [ 45%] [32mBuilding CXX object CMakeFiles/simple_goal_checker.dir/plugins/simple_goal_checker.cpp.o[0m
[58.922s] [ 50%] [32m[1mLinking CXX shared library libsimple_goal_checker.so[0m
[59.109s] [ 50%] Built target simple_goal_checker
[59.143s] [ 55%] [32mBuilding CXX object test/CMakeFiles/test_dynamic_parameters.dir/test_dynamic_parameters.cpp.o[0m
[67.667s] [ 60%] [32m[1mLinking CXX executable test_dynamic_parameters[0m
[68.117s] [ 60%] Built target test_dynamic_parameters
[68.151s] [ 65%] [32mBuilding CXX object CMakeFiles/stopped_goal_checker.dir/plugins/stopped_goal_checker.cpp.o[0m
[74.181s] [ 70%] [32m[1mLinking CXX shared library libstopped_goal_checker.so[0m
[74.465s] [ 70%] Built target stopped_goal_checker
[74.509s] [ 75%] [32mBuilding CXX object CMakeFiles/simple_progress_checker.dir/plugins/simple_progress_checker.cpp.o[0m
[74.516s] [ 80%] [32mBuilding CXX object plugins/test/CMakeFiles/gctest.dir/goal_checker.cpp.o[0m
[81.946s] [ 85%] [32m[1mLinking CXX shared library libsimple_progress_checker.so[0m
[82.983s] [ 85%] Built target simple_progress_checker
[86.033s] [ 90%] [32m[1mLinking CXX executable gctest[0m
[86.610s] [ 90%] Built target gctest
[86.653s] [ 95%] [32mBuilding CXX object plugins/test/CMakeFiles/pctest.dir/progress_checker.cpp.o[0m
[93.301s] [100%] [32m[1mLinking CXX executable pctest[0m
[93.661s] [100%] Built target pctest
[93.693s] Invoked command in '/home/agilex/agilex_ws/build/nav2_controller' returned '0': AMENT_PREFIX_PATH=/home/agilex/agilex_ws/install/nav2_core:/home/agilex/agilex_ws/install/nav2_costmap_2d:/home/agilex/agilex_ws/install/nav_2d_utils:/home/agilex/agilex_ws/install/nav2_util:/home/agilex/agilex_ws/install/nav2_voxel_grid:/home/agilex/agilex_ws/install/nav2_msgs:/home/agilex/agilex_ws/install/nav_2d_msgs:/home/agilex/agilex_ws/install/nav2_common CMAKE_PREFIX_PATH=/home/agilex/agilex_ws/install/nav2_core:/home/agilex/agilex_ws/install/nav2_costmap_2d:/home/agilex/agilex_ws/install/nav_2d_utils:/home/agilex/agilex_ws/install/nav2_util:/home/agilex/agilex_ws/install/nav2_voxel_grid:/home/agilex/agilex_ws/install/nav2_msgs:/home/agilex/agilex_ws/install/nav_2d_msgs:/home/agilex/agilex_ws/install/nav2_common LD_LIBRARY_PATH=/home/agilex/agilex_ws/install/nav2_costmap_2d/lib:/home/agilex/agilex_ws/install/nav_2d_utils/lib:/home/agilex/agilex_ws/install/nav2_util/lib:/home/agilex/agilex_ws/install/nav2_voxel_grid/lib:/home/agilex/agilex_ws/install/nav2_msgs/lib:/home/agilex/agilex_ws/install/nav_2d_msgs/lib PYTHONPATH=/home/agilex/agilex_ws/install/nav2_msgs/local/lib/python3.10/dist-packages:/home/agilex/agilex_ws/install/nav_2d_msgs/local/lib/python3.10/dist-packages:/home/agilex/agilex_ws/install/nav2_common/local/lib/python3.10/dist-packages /usr/bin/cmake --build /home/agilex/agilex_ws/build/nav2_controller -- -j16 -l16
[93.733s] Invoking command in '/home/agilex/agilex_ws/build/nav2_controller': AMENT_PREFIX_PATH=/home/agilex/agilex_ws/install/nav2_core:/home/agilex/agilex_ws/install/nav2_costmap_2d:/home/agilex/agilex_ws/install/nav_2d_utils:/home/agilex/agilex_ws/install/nav2_util:/home/agilex/agilex_ws/install/nav2_voxel_grid:/home/agilex/agilex_ws/install/nav2_msgs:/home/agilex/agilex_ws/install/nav_2d_msgs:/home/agilex/agilex_ws/install/nav2_common CMAKE_PREFIX_PATH=/home/agilex/agilex_ws/install/nav2_core:/home/agilex/agilex_ws/install/nav2_costmap_2d:/home/agilex/agilex_ws/install/nav_2d_utils:/home/agilex/agilex_ws/install/nav2_util:/home/agilex/agilex_ws/install/nav2_voxel_grid:/home/agilex/agilex_ws/install/nav2_msgs:/home/agilex/agilex_ws/install/nav_2d_msgs:/home/agilex/agilex_ws/install/nav2_common LD_LIBRARY_PATH=/home/agilex/agilex_ws/install/nav2_costmap_2d/lib:/home/agilex/agilex_ws/install/nav_2d_utils/lib:/home/agilex/agilex_ws/install/nav2_util/lib:/home/agilex/agilex_ws/install/nav2_voxel_grid/lib:/home/agilex/agilex_ws/install/nav2_msgs/lib:/home/agilex/agilex_ws/install/nav_2d_msgs/lib PYTHONPATH=/home/agilex/agilex_ws/install/nav2_msgs/local/lib/python3.10/dist-packages:/home/agilex/agilex_ws/install/nav_2d_msgs/local/lib/python3.10/dist-packages:/home/agilex/agilex_ws/install/nav2_common/local/lib/python3.10/dist-packages /usr/bin/cmake --install /home/agilex/agilex_ws/build/nav2_controller
[93.739s] -- Install configuration: "Release"
[93.740s] -- Installing: /home/agilex/agilex_ws/install/nav2_controller/lib/libsimple_progress_checker.so
[93.740s] -- Set runtime path of "/home/agilex/agilex_ws/install/nav2_controller/lib/libsimple_progress_checker.so" to ""
[93.740s] -- Installing: /home/agilex/agilex_ws/install/nav2_controller/lib/libsimple_goal_checker.so
[93.741s] -- Set runtime path of "/home/agilex/agilex_ws/install/nav2_controller/lib/libsimple_goal_checker.so" to ""
[93.741s] -- Installing: /home/agilex/agilex_ws/install/nav2_controller/lib/libstopped_goal_checker.so
[93.741s] -- Set runtime path of "/home/agilex/agilex_ws/install/nav2_controller/lib/libstopped_goal_checker.so" to ""
[93.742s] -- Installing: /home/agilex/agilex_ws/install/nav2_controller/lib/libcontroller_server_core.so
[93.745s] -- Set runtime path of "/home/agilex/agilex_ws/install/nav2_controller/lib/libcontroller_server_core.so" to ""
[93.746s] -- Installing: /home/agilex/agilex_ws/install/nav2_controller/lib/nav2_controller/controller_server
[93.746s] -- Set runtime path of "/home/agilex/agilex_ws/install/nav2_controller/lib/nav2_controller/controller_server" to ""
[93.746s] -- Up-to-date: /home/agilex/agilex_ws/install/nav2_controller/include/
[93.746s] -- Up-to-date: /home/agilex/agilex_ws/install/nav2_controller/include//nav2_controller
[93.746s] -- Up-to-date: /home/agilex/agilex_ws/install/nav2_controller/include//nav2_controller/controller_server.hpp
[93.746s] -- Up-to-date: /home/agilex/agilex_ws/install/nav2_controller/include//nav2_controller/plugins
[93.746s] -- Up-to-date: /home/agilex/agilex_ws/install/nav2_controller/include//nav2_controller/plugins/stopped_goal_checker.hpp
[93.747s] -- Up-to-date: /home/agilex/agilex_ws/install/nav2_controller/include//nav2_controller/plugins/simple_progress_checker.hpp
[93.747s] -- Up-to-date: /home/agilex/agilex_ws/install/nav2_controller/include//nav2_controller/plugins/simple_goal_checker.hpp
[93.747s] -- Up-to-date: /home/agilex/agilex_ws/install/nav2_controller/share/nav2_controller/environment/library_path.sh
[93.747s] -- Up-to-date: /home/agilex/agilex_ws/install/nav2_controller/share/nav2_controller/environment/library_path.dsv
[93.747s] -- Up-to-date: /home/agilex/agilex_ws/install/nav2_controller/share/nav2_controller/plugins.xml
[93.748s] -- Up-to-date: /home/agilex/agilex_ws/install/nav2_controller/share/ament_index/resource_index/package_run_dependencies/nav2_controller
[93.748s] -- Up-to-date: /home/agilex/agilex_ws/install/nav2_controller/share/ament_index/resource_index/parent_prefix_path/nav2_controller
[93.748s] -- Up-to-date: /home/agilex/agilex_ws/install/nav2_controller/share/nav2_controller/environment/ament_prefix_path.sh
[93.748s] -- Up-to-date: /home/agilex/agilex_ws/install/nav2_controller/share/nav2_controller/environment/ament_prefix_path.dsv
[93.748s] -- Up-to-date: /home/agilex/agilex_ws/install/nav2_controller/share/nav2_controller/environment/path.sh
[93.748s] -- Up-to-date: /home/agilex/agilex_ws/install/nav2_controller/share/nav2_controller/environment/path.dsv
[93.748s] -- Up-to-date: /home/agilex/agilex_ws/install/nav2_controller/share/nav2_controller/local_setup.bash
[93.748s] -- Up-to-date: /home/agilex/agilex_ws/install/nav2_controller/share/nav2_controller/local_setup.sh
[93.748s] -- Up-to-date: /home/agilex/agilex_ws/install/nav2_controller/share/nav2_controller/local_setup.zsh
[93.748s] -- Up-to-date: /home/agilex/agilex_ws/install/nav2_controller/share/nav2_controller/local_setup.dsv
[93.748s] -- Installing: /home/agilex/agilex_ws/install/nav2_controller/share/nav2_controller/package.dsv
[93.749s] -- Up-to-date: /home/agilex/agilex_ws/install/nav2_controller/share/ament_index/resource_index/packages/nav2_controller
[93.749s] -- Up-to-date: /home/agilex/agilex_ws/install/nav2_controller/share/ament_index/resource_index/nav2_core__pluginlib__plugin/nav2_controller
[93.749s] -- Up-to-date: /home/agilex/agilex_ws/install/nav2_controller/share/ament_index/resource_index/rclcpp_components/nav2_controller
[93.749s] -- Up-to-date: /home/agilex/agilex_ws/install/nav2_controller/share/nav2_controller/cmake/ament_cmake_export_include_directories-extras.cmake
[93.749s] -- Up-to-date: /home/agilex/agilex_ws/install/nav2_controller/share/nav2_controller/cmake/ament_cmake_export_libraries-extras.cmake
[93.749s] -- Up-to-date: /home/agilex/agilex_ws/install/nav2_controller/share/nav2_controller/cmake/ament_cmake_export_dependencies-extras.cmake
[93.749s] -- Up-to-date: /home/agilex/agilex_ws/install/nav2_controller/share/nav2_controller/cmake/nav2_controllerConfig.cmake
[93.749s] -- Up-to-date: /home/agilex/agilex_ws/install/nav2_controller/share/nav2_controller/cmake/nav2_controllerConfig-version.cmake
[93.749s] -- Up-to-date: /home/agilex/agilex_ws/install/nav2_controller/share/nav2_controller/package.xml
[93.752s] Invoked command in '/home/agilex/agilex_ws/build/nav2_controller' returned '0': AMENT_PREFIX_PATH=/home/agilex/agilex_ws/install/nav2_core:/home/agilex/agilex_ws/install/nav2_costmap_2d:/home/agilex/agilex_ws/install/nav_2d_utils:/home/agilex/agilex_ws/install/nav2_util:/home/agilex/agilex_ws/install/nav2_voxel_grid:/home/agilex/agilex_ws/install/nav2_msgs:/home/agilex/agilex_ws/install/nav_2d_msgs:/home/agilex/agilex_ws/install/nav2_common CMAKE_PREFIX_PATH=/home/agilex/agilex_ws/install/nav2_core:/home/agilex/agilex_ws/install/nav2_costmap_2d:/home/agilex/agilex_ws/install/nav_2d_utils:/home/agilex/agilex_ws/install/nav2_util:/home/agilex/agilex_ws/install/nav2_voxel_grid:/home/agilex/agilex_ws/install/nav2_msgs:/home/agilex/agilex_ws/install/nav_2d_msgs:/home/agilex/agilex_ws/install/nav2_common LD_LIBRARY_PATH=/home/agilex/agilex_ws/install/nav2_costmap_2d/lib:/home/agilex/agilex_ws/install/nav_2d_utils/lib:/home/agilex/agilex_ws/install/nav2_util/lib:/home/agilex/agilex_ws/install/nav2_voxel_grid/lib:/home/agilex/agilex_ws/install/nav2_msgs/lib:/home/agilex/agilex_ws/install/nav_2d_msgs/lib PYTHONPATH=/home/agilex/agilex_ws/install/nav2_msgs/local/lib/python3.10/dist-packages:/home/agilex/agilex_ws/install/nav_2d_msgs/local/lib/python3.10/dist-packages:/home/agilex/agilex_ws/install/nav2_common/local/lib/python3.10/dist-packages /usr/bin/cmake --install /home/agilex/agilex_ws/build/nav2_controller
