[0.105s] Invoking command in '/home/agilex/agilex_ws/build/aruco_ros': AMENT_PREFIX_PATH=/home/agilex/agilex_ws/install/aruco_msgs:/home/agilex/agilex_ws/install/aruco:${AMENT_PREFIX_PATH} CMAKE_PREFIX_PATH=/home/agilex/agilex_ws/install/aruco_msgs:/home/agilex/agilex_ws/install/aruco:/opt/ros/humble LD_LIBRARY_PATH=/home/agilex/agilex_ws/install/aruco_msgs/lib:/home/agilex/agilex_ws/install/aruco/lib:${LD_LIBRARY_PATH} PYTHONPATH=/home/agilex/agilex_ws/install/aruco_msgs/local/lib/python3.10/dist-packages:${PYTHONPATH} /usr/bin/cmake /home/agilex/agilex_ws/src/aruco_ros/aruco_ros -DCMAKE_INSTALL_PREFIX=/home/agilex/agilex_ws/install/aruco_ros
[0.202s] -- The C compiler identification is GNU 11.3.0
[0.354s] -- The CXX compiler identification is GNU 11.3.0
[0.362s] -- Detecting C compiler ABI info
[0.517s] -- Detecting C compiler ABI info - done
[0.527s] -- Check for working C compiler: /usr/bin/cc - skipped
[0.527s] -- Detecting C compile features
[0.527s] -- Detecting C compile features - done
[0.531s] -- Detecting CXX compiler ABI info
[0.818s] -- Detecting CXX compiler ABI info - done
[0.827s] -- Check for working CXX compiler: /usr/bin/c++ - skipped
[0.828s] -- Detecting CXX compile features
[0.829s] -- Detecting CXX compile features - done
[0.831s] -- Found ament_cmake: 1.3.4 (/opt/ros/humble/share/ament_cmake/cmake)
[1.095s] -- Found Python3: /usr/bin/python3.10 (found version "3.10.6") found components: Interpreter 
[1.200s] -- Found OpenCV: /usr (found version "4.5.4") 
[1.202s] -- Found cv_bridge: 3.2.1 (/opt/ros/humble/share/cv_bridge/cmake)
[1.237s] -- Found rosidl_generator_c: 3.1.4 (/opt/ros/humble/share/rosidl_generator_c/cmake)
[1.242s] -- Found rosidl_adapter: 3.1.4 (/opt/ros/humble/share/rosidl_adapter/cmake)
[1.250s] -- Found rosidl_generator_cpp: 3.1.4 (/opt/ros/humble/share/rosidl_generator_cpp/cmake)
[1.273s] -- Using all available rosidl_typesupport_c: rosidl_typesupport_fastrtps_c;rosidl_typesupport_introspection_c
[1.294s] -- Using all available rosidl_typesupport_cpp: rosidl_typesupport_fastrtps_cpp;rosidl_typesupport_introspection_cpp
[1.578s] -- Found image_transport: 3.1.5 (/opt/ros/humble/share/image_transport/cmake)
[1.656s] -- Found rmw_implementation_cmake: 6.1.1 (/opt/ros/humble/share/rmw_implementation_cmake/cmake)
[1.658s] -- Found rmw_fastrtps_cpp: 6.2.2 (/opt/ros/humble/share/rmw_fastrtps_cpp/cmake)
[1.759s] -- Found OpenSSL: /usr/lib/x86_64-linux-gnu/libcrypto.so (found version "3.0.2")  
[1.783s] -- Found FastRTPS: /opt/ros/humble/include  
[1.825s] -- Using RMW implementation 'rmw_fastrtps_cpp' as default
[1.835s] -- Looking for pthread.h
[1.912s] -- Looking for pthread.h - found
[1.913s] -- Performing Test CMAKE_HAVE_LIBC_PTHREAD
[1.990s] -- Performing Test CMAKE_HAVE_LIBC_PTHREAD - Success
[1.991s] -- Found Threads: TRUE  
[2.210s] -- Found rclpy: 3.3.8 (/opt/ros/humble/share/rclpy/cmake)
[2.210s] -- Found tf2: 0.25.2 (/opt/ros/humble/share/tf2/cmake)
[2.220s] -- Found tf2_ros: 0.25.2 (/opt/ros/humble/share/tf2_ros/cmake)
[2.617s] -- Found tf2_geometry_msgs: 0.25.2 (/opt/ros/humble/share/tf2_geometry_msgs/cmake)
[2.633s] -- Found eigen3_cmake_module: 0.1.1 (/opt/ros/humble/share/eigen3_cmake_module/cmake)
[2.634s] -- Found Eigen3: TRUE (found version "3.4.0") 
[2.635s] -- Ensuring Eigen3 include directory is part of orocos-kdl CMake target
[2.648s] -- Found aruco: 3.1.2 (/home/agilex/agilex_ws/install/aruco/share/aruco/cmake)
[2.650s] -- Found aruco_msgs: 3.1.2 (/home/agilex/agilex_ws/install/aruco_msgs/share/aruco_msgs/cmake)
[2.738s] -- Found visualization_msgs: 4.2.3 (/opt/ros/humble/share/visualization_msgs/cmake)
[2.918s] -- Found ament_lint_auto: 0.12.6 (/opt/ros/humble/share/ament_lint_auto/cmake)
[3.016s] -- Added test 'cppcheck' to perform static code analysis on C / C++ code
[3.016s] -- Configured cppcheck include dirs: /home/agilex/agilex_ws/src/aruco_ros/aruco_ros/include
[3.017s] -- Configured cppcheck exclude dirs and/or files: 
[3.019s] -- Added test 'cpplint' to check C / C++ code against the Google style
[3.019s] -- Configured cpplint exclude dirs and/or files: 
[3.020s] -- Added test 'flake8' to check Python code syntax and style conventions
[3.021s] -- Added test 'lint_cmake' to check CMake code style
[3.022s] -- Added test 'pep257' to check Python code against some of the docstring style conventions in PEP 257
[3.023s] -- Added test 'uncrustify' to check C / C++ code style
[3.023s] -- Configured uncrustify additional arguments: 
[3.024s] -- Added test 'xmllint' to check XML markup files
[3.026s] -- Configuring done
[3.096s] -- Generating done
[3.099s] -- Build files have been written to: /home/agilex/agilex_ws/build/aruco_ros
[3.194s] Invoked command in '/home/agilex/agilex_ws/build/aruco_ros' returned '0': AMENT_PREFIX_PATH=/home/agilex/agilex_ws/install/aruco_msgs:/home/agilex/agilex_ws/install/aruco:${AMENT_PREFIX_PATH} CMAKE_PREFIX_PATH=/home/agilex/agilex_ws/install/aruco_msgs:/home/agilex/agilex_ws/install/aruco:/opt/ros/humble LD_LIBRARY_PATH=/home/agilex/agilex_ws/install/aruco_msgs/lib:/home/agilex/agilex_ws/install/aruco/lib:${LD_LIBRARY_PATH} PYTHONPATH=/home/agilex/agilex_ws/install/aruco_msgs/local/lib/python3.10/dist-packages:${PYTHONPATH} /usr/bin/cmake /home/agilex/agilex_ws/src/aruco_ros/aruco_ros -DCMAKE_INSTALL_PREFIX=/home/agilex/agilex_ws/install/aruco_ros
[3.217s] Invoking command in '/home/agilex/agilex_ws/build/aruco_ros': AMENT_PREFIX_PATH=/home/agilex/agilex_ws/install/aruco_msgs:/home/agilex/agilex_ws/install/aruco:${AMENT_PREFIX_PATH} CMAKE_PREFIX_PATH=/home/agilex/agilex_ws/install/aruco_msgs:/home/agilex/agilex_ws/install/aruco:/opt/ros/humble LD_LIBRARY_PATH=/home/agilex/agilex_ws/install/aruco_msgs/lib:/home/agilex/agilex_ws/install/aruco/lib:${LD_LIBRARY_PATH} PYTHONPATH=/home/agilex/agilex_ws/install/aruco_msgs/local/lib/python3.10/dist-packages:${PYTHONPATH} /usr/bin/cmake --build /home/agilex/agilex_ws/build/aruco_ros -- -j8 -l8
[3.225s] [  9%] [32mBuilding CXX object CMakeFiles/aruco_ros_utils.dir/src/aruco_ros_utils.cpp.o[0m
[4.918s] [ 18%] [32m[1mLinking CXX shared library libaruco_ros_utils.so[0m
[5.241s] [ 18%] Built target aruco_ros_utils
[5.259s] [ 27%] [32mBuilding CXX object CMakeFiles/marker_publisher.dir/src/marker_publish.cpp.o[0m
[7.433s] In file included from [01m[K/home/agilex/agilex_ws/src/aruco_ros/aruco_ros/src/marker_publish.cpp:44[m[K:
[7.433s] [01m[K/opt/ros/humble/include/image_transport/image_transport/image_transport.h:32:89:[m[K [01;36m[Knote: [m[K‘[01m[K#pragma message: Warning: This header is deprecated. Use 'image_transport.hpp' instead[m[K’
[7.433s]    32 | #pragma message ("Warning: This header is deprecated. Use 'image_transport.hpp' instead"[01;36m[K)[m[K
[7.434s]       |                                                                                         [01;36m[K^[m[K
[9.265s] [01m[K/home/agilex/agilex_ws/src/aruco_ros/aruco_ros/src/marker_publish.cpp:[m[K In member function ‘[01m[Kbool ArucoMarkerPublisher::setup()[m[K’:
[9.265s] [01m[K/home/agilex/agilex_ws/src/aruco_ros/aruco_ros/src/marker_publish.cpp:113:23:[m[K [01;35m[Kwarning: [m[Kvariable ‘[01m[Kqos[m[K’ set but not used [[01;35m[K]8;;https://gcc.gnu.org/onlinedocs/gcc/Warning-Options.html#index-Wunused-but-set-variable-Wunused-but-set-variable]8;;[m[K]
[9.265s]   113 |     rmw_qos_profile_t [01;35m[Kqos[m[K = rmw_qos_profile_sensor_data;
[9.265s]       |                       [01;35m[K^~~[m[K
[9.265s] [01m[K/home/agilex/agilex_ws/src/aruco_ros/aruco_ros/src/marker_publish.cpp:166:3:[m[K [01;35m[Kwarning: [m[Kno return statement in function returning non-void [[01;35m[K]8;;https://gcc.gnu.org/onlinedocs/gcc/Warning-Options.html#index-Wreturn-type-Wreturn-type]8;;[m[K]
[9.265s]   166 |   [01;35m[K}[m[K
[9.265s]       |   [01;35m[K^[m[K
[18.408s] [ 36%] [32mBuilding CXX object CMakeFiles/marker_publisher.dir/src/aruco_ros_utils.cpp.o[0m
[20.023s] [ 45%] [32m[1mLinking CXX executable marker_publisher[0m
[21.374s] [ 45%] Built target marker_publisher
[21.391s] [ 54%] [32mBuilding CXX object CMakeFiles/double.dir/src/simple_double.cpp.o[0m
[32.470s] [ 63%] [32mBuilding CXX object CMakeFiles/double.dir/src/aruco_ros_utils.cpp.o[0m
[34.089s] [ 72%] [32m[1mLinking CXX executable double[0m
[35.206s] [ 72%] Built target double
[35.222s] [ 81%] [32mBuilding CXX object CMakeFiles/single.dir/src/simple_single.cpp.o[0m
[46.390s] [ 90%] [32mBuilding CXX object CMakeFiles/single.dir/src/aruco_ros_utils.cpp.o[0m
[47.896s] [100%] [32m[1mLinking CXX executable single[0m
[48.992s] [100%] Built target single
[49.004s] Invoked command in '/home/agilex/agilex_ws/build/aruco_ros' returned '0': AMENT_PREFIX_PATH=/home/agilex/agilex_ws/install/aruco_msgs:/home/agilex/agilex_ws/install/aruco:${AMENT_PREFIX_PATH} CMAKE_PREFIX_PATH=/home/agilex/agilex_ws/install/aruco_msgs:/home/agilex/agilex_ws/install/aruco:/opt/ros/humble LD_LIBRARY_PATH=/home/agilex/agilex_ws/install/aruco_msgs/lib:/home/agilex/agilex_ws/install/aruco/lib:${LD_LIBRARY_PATH} PYTHONPATH=/home/agilex/agilex_ws/install/aruco_msgs/local/lib/python3.10/dist-packages:${PYTHONPATH} /usr/bin/cmake --build /home/agilex/agilex_ws/build/aruco_ros -- -j8 -l8
[49.028s] Invoking command in '/home/agilex/agilex_ws/build/aruco_ros': AMENT_PREFIX_PATH=/home/agilex/agilex_ws/install/aruco_msgs:/home/agilex/agilex_ws/install/aruco:${AMENT_PREFIX_PATH} CMAKE_PREFIX_PATH=/home/agilex/agilex_ws/install/aruco_msgs:/home/agilex/agilex_ws/install/aruco:/opt/ros/humble LD_LIBRARY_PATH=/home/agilex/agilex_ws/install/aruco_msgs/lib:/home/agilex/agilex_ws/install/aruco/lib:${LD_LIBRARY_PATH} PYTHONPATH=/home/agilex/agilex_ws/install/aruco_msgs/local/lib/python3.10/dist-packages:${PYTHONPATH} /usr/bin/cmake --install /home/agilex/agilex_ws/build/aruco_ros
[49.035s] -- Install configuration: ""
[49.035s] -- Installing: /home/agilex/agilex_ws/install/aruco_ros/lib/libaruco_ros_utils.so
[49.036s] -- Set runtime path of "/home/agilex/agilex_ws/install/aruco_ros/lib/libaruco_ros_utils.so" to ""
[49.036s] -- Installing: /home/agilex/agilex_ws/install/aruco_ros/lib/aruco_ros/marker_publisher
[49.037s] -- Set runtime path of "/home/agilex/agilex_ws/install/aruco_ros/lib/aruco_ros/marker_publisher" to ""
[49.037s] -- Installing: /home/agilex/agilex_ws/install/aruco_ros/lib/aruco_ros/single
[49.046s] -- Set runtime path of "/home/agilex/agilex_ws/install/aruco_ros/lib/aruco_ros/single" to ""
[49.047s] -- Installing: /home/agilex/agilex_ws/install/aruco_ros/lib/aruco_ros/double
[49.053s] -- Set runtime path of "/home/agilex/agilex_ws/install/aruco_ros/lib/aruco_ros/double" to ""
[49.053s] -- Installing: /home/agilex/agilex_ws/install/aruco_ros/include
[49.053s] -- Installing: /home/agilex/agilex_ws/install/aruco_ros/include/aruco_ros
[49.054s] -- Installing: /home/agilex/agilex_ws/install/aruco_ros/share/aruco_ros/etc
[49.054s] -- Installing: /home/agilex/agilex_ws/install/aruco_ros/share/aruco_ros/etc/marker_in_object.jpg
[49.054s] -- Installing: /home/agilex/agilex_ws/install/aruco_ros/share/aruco_ros/etc/reem_gazebo_floating_marker.png
[49.054s] -- Installing: /home/agilex/agilex_ws/install/aruco_ros/share/aruco_ros/etc/marker_in_hand.jpg
[49.054s] -- Installing: /home/agilex/agilex_ws/install/aruco_ros/share/aruco_ros/etc/new_coordinates.png
[49.054s] -- Installing: /home/agilex/agilex_ws/install/aruco_ros/share/aruco_ros/etc/marker26_5cm_margin_2cm.jpg
[49.054s] -- Installing: /home/agilex/agilex_ws/install/aruco_ros/share/aruco_ros/etc/reem_gazebo_floating_marker_world.png
[49.055s] -- Installing: /home/agilex/agilex_ws/install/aruco_ros/share/aruco_ros/etc/marker582_5cm_margin_2cm.jpg
[49.055s] -- Installing: /home/agilex/agilex_ws/install/aruco_ros/share/aruco_ros/etc/marker582_5cm.jpg
[49.055s] -- Installing: /home/agilex/agilex_ws/install/aruco_ros/share/aruco_ros/etc/marker26_5cm.jpg
[49.055s] -- Installing: /home/agilex/agilex_ws/install/aruco_ros/share/aruco_ros/etc/marker26_5cm_margin_1cm.jpg
[49.055s] -- Installing: /home/agilex/agilex_ws/install/aruco_ros/share/aruco_ros/launch
[49.055s] -- Installing: /home/agilex/agilex_ws/install/aruco_ros/share/aruco_ros/launch/marker_publisher.launch.py
[49.055s] -- Installing: /home/agilex/agilex_ws/install/aruco_ros/share/aruco_ros/launch/single.launch.py
[49.055s] -- Installing: /home/agilex/agilex_ws/install/aruco_ros/share/aruco_ros/launch/double.launch.py
[49.055s] -- Installing: /home/agilex/agilex_ws/install/aruco_ros/share/ament_index/resource_index/package_run_dependencies/aruco_ros
[49.056s] -- Installing: /home/agilex/agilex_ws/install/aruco_ros/share/ament_index/resource_index/parent_prefix_path/aruco_ros
[49.056s] -- Installing: /home/agilex/agilex_ws/install/aruco_ros/share/aruco_ros/environment/ament_prefix_path.sh
[49.056s] -- Installing: /home/agilex/agilex_ws/install/aruco_ros/share/aruco_ros/environment/ament_prefix_path.dsv
[49.056s] -- Installing: /home/agilex/agilex_ws/install/aruco_ros/share/aruco_ros/environment/path.sh
[49.056s] -- Installing: /home/agilex/agilex_ws/install/aruco_ros/share/aruco_ros/environment/path.dsv
[49.056s] -- Installing: /home/agilex/agilex_ws/install/aruco_ros/share/aruco_ros/local_setup.bash
[49.056s] -- Installing: /home/agilex/agilex_ws/install/aruco_ros/share/aruco_ros/local_setup.sh
[49.056s] -- Installing: /home/agilex/agilex_ws/install/aruco_ros/share/aruco_ros/local_setup.zsh
[49.056s] -- Installing: /home/agilex/agilex_ws/install/aruco_ros/share/aruco_ros/local_setup.dsv
[49.057s] -- Installing: /home/agilex/agilex_ws/install/aruco_ros/share/aruco_ros/package.dsv
[49.057s] -- Installing: /home/agilex/agilex_ws/install/aruco_ros/share/ament_index/resource_index/packages/aruco_ros
[49.057s] -- Installing: /home/agilex/agilex_ws/install/aruco_ros/share/aruco_ros/cmake/aruco_rosConfig.cmake
[49.057s] -- Installing: /home/agilex/agilex_ws/install/aruco_ros/share/aruco_ros/cmake/aruco_rosConfig-version.cmake
[49.057s] -- Installing: /home/agilex/agilex_ws/install/aruco_ros/share/aruco_ros/package.xml
[49.060s] Invoked command in '/home/agilex/agilex_ws/build/aruco_ros' returned '0': AMENT_PREFIX_PATH=/home/agilex/agilex_ws/install/aruco_msgs:/home/agilex/agilex_ws/install/aruco:${AMENT_PREFIX_PATH} CMAKE_PREFIX_PATH=/home/agilex/agilex_ws/install/aruco_msgs:/home/agilex/agilex_ws/install/aruco:/opt/ros/humble LD_LIBRARY_PATH=/home/agilex/agilex_ws/install/aruco_msgs/lib:/home/agilex/agilex_ws/install/aruco/lib:${LD_LIBRARY_PATH} PYTHONPATH=/home/agilex/agilex_ws/install/aruco_msgs/local/lib/python3.10/dist-packages:${PYTHONPATH} /usr/bin/cmake --install /home/agilex/agilex_ws/build/aruco_ros
