[0.016s] Invoking command in '/home/agilex/agilex_ws/build/nav2_util': AMENT_PREFIX_PATH=/home/agilex/agilex_ws/install/nav2_msgs:/home/agilex/agilex_ws/install/nav2_common:${AMENT_PREFIX_PATH} CMAKE_PREFIX_PATH=/home/agilex/agilex_ws/install/nav2_msgs:/home/agilex/agilex_ws/install/nav2_common:/opt/ros/humble LD_LIBRARY_PATH=/home/agilex/agilex_ws/install/nav2_msgs/lib:${LD_LIBRARY_PATH} PYTHONPATH=/home/agilex/agilex_ws/install/nav2_msgs/local/lib/python3.10/dist-packages:/home/agilex/agilex_ws/install/nav2_common/local/lib/python3.10/dist-packages:${PYTHONPATH} /usr/bin/cmake /home/agilex/agilex_ws/src/navigation2/nav2_util -DCMAKE_INSTALL_PREFIX=/home/agilex/agilex_ws/install/nav2_util
[0.070s] -- The C compiler identification is GNU 11.3.0
[0.120s] -- The CXX compiler identification is GNU 11.3.0
[0.132s] -- Detecting C compiler ABI info
[0.193s] -- Detecting C compiler ABI info - done
[0.201s] -- Check for working C compiler: /usr/bin/cc - skipped
[0.201s] -- Detecting C compile features
[0.202s] -- Detecting C compile features - done
[0.206s] -- Detecting CXX compiler ABI info
[0.273s] -- Detecting CXX compiler ABI info - done
[0.282s] -- Check for working CXX compiler: /usr/bin/c++ - skipped
[0.282s] -- Detecting CXX compile features
[0.282s] -- Detecting CXX compile features - done
[0.293s] -- Found ament_cmake: 1.3.4 (/opt/ros/humble/share/ament_cmake/cmake)
[0.467s] -- Found Python3: /usr/bin/python3.10 (found version "3.10.6") found components: Interpreter 
[0.571s] -- Found nav2_common: 1.1.0 (/home/agilex/agilex_ws/install/nav2_common/share/nav2_common/cmake)
[0.571s] -- Found nav2_msgs: 1.1.0 (/home/agilex/agilex_ws/install/nav2_msgs/share/nav2_msgs/cmake)
[0.628s] -- Found rosidl_generator_c: 3.1.4 (/opt/ros/humble/share/rosidl_generator_c/cmake)
[0.634s] -- Found rosidl_adapter: 3.1.4 (/opt/ros/humble/share/rosidl_adapter/cmake)
[0.645s] -- Found rosidl_generator_cpp: 3.1.4 (/opt/ros/humble/share/rosidl_generator_cpp/cmake)
[0.667s] -- Using all available rosidl_typesupport_c: rosidl_typesupport_fastrtps_c;rosidl_typesupport_introspection_c
[0.696s] -- Using all available rosidl_typesupport_cpp: rosidl_typesupport_fastrtps_cpp;rosidl_typesupport_introspection_cpp
[1.238s] -- Found tf2_ros: 0.25.2 (/opt/ros/humble/share/tf2_ros/cmake)
[1.388s] -- Found rmw_implementation_cmake: 6.1.1 (/opt/ros/humble/share/rmw_implementation_cmake/cmake)
[1.392s] -- Found rmw_fastrtps_cpp: 6.2.2 (/opt/ros/humble/share/rmw_fastrtps_cpp/cmake)
[1.503s] -- Found OpenSSL: /usr/lib/x86_64-linux-gnu/libcrypto.so (found version "3.0.2")  
[1.523s] -- Found FastRTPS: /opt/ros/humble/include  
[1.563s] -- Using RMW implementation 'rmw_fastrtps_cpp' as default
[1.577s] -- Looking for pthread.h
[1.634s] -- Looking for pthread.h - found
[1.634s] -- Performing Test CMAKE_HAVE_LIBC_PTHREAD
[1.690s] -- Performing Test CMAKE_HAVE_LIBC_PTHREAD - Success
[1.691s] -- Found Threads: TRUE  
[2.094s] -- Found tf2_geometry_msgs: 0.25.2 (/opt/ros/humble/share/tf2_geometry_msgs/cmake)
[2.107s] -- Found eigen3_cmake_module: 0.1.1 (/opt/ros/humble/share/eigen3_cmake_module/cmake)
[2.108s] -- Found Eigen3: TRUE (found version "3.4.0") 
[2.108s] -- Ensuring Eigen3 include directory is part of orocos-kdl CMake target
[2.119s] -- Found lifecycle_msgs: 1.2.1 (/opt/ros/humble/share/lifecycle_msgs/cmake)
[2.147s] -- Found rclcpp_lifecycle: 16.0.4 (/opt/ros/humble/share/rclcpp_lifecycle/cmake)
[2.173s] -- Found bondcpp: 3.0.2 (/opt/ros/humble/share/bondcpp/cmake)
[2.260s] -- Setting build type to Release as none was specified.
[2.306s] -- Found Boost: /usr/lib/x86_64-linux-gnu/cmake/Boost-1.74.0/BoostConfig.cmake (found version "1.74.0") found components: program_options 
[2.308s] -- Found ament_lint_auto: 0.12.6 (/opt/ros/humble/share/ament_lint_auto/cmake)
[2.309s] -- Found ament_cmake_pytest: 1.3.4 (/opt/ros/humble/share/ament_cmake_pytest/cmake)
[2.312s] -- Found launch_testing_ament_cmake: 1.0.4 (/opt/ros/humble/share/launch_testing_ament_cmake/cmake)
[2.313s] -- Found python_cmake_module: 0.10.0 (/opt/ros/humble/share/python_cmake_module/cmake)
[2.333s] -- Found PythonInterp: /usr/bin/python3 (found suitable version "3.10.6", minimum required is "3.6") 
[2.339s] -- Found PythonLibs: /usr/lib/x86_64-linux-gnu/libpython3.10.so (found suitable version "3.10.6", minimum required is "3.5") 
[2.339s] -- Using PYTHON_EXECUTABLE: /usr/bin/python3
[2.339s] -- Using PYTHON_INCLUDE_DIRS: /usr/include/python3.10
[2.339s] -- Using PYTHON_LIBRARIES: /usr/lib/x86_64-linux-gnu/libpython3.10.so
[2.359s] -- Found PythonExtra: .so  
[2.571s] -- Found gtest sources under '/opt/ros/humble/src/gtest_vendor': C++ tests using 'Google Test' will be built
[2.602s] -- Added test 'copyright' to check source files copyright and LICENSE
[2.603s] -- Added test 'cppcheck' to perform static code analysis on C / C++ code
[2.603s] -- Configured cppcheck include dirs: /home/agilex/agilex_ws/src/navigation2/nav2_util/include
[2.603s] -- Configured cppcheck exclude dirs and/or files: 
[2.605s] -- Added test 'cpplint' to check C / C++ code against the Google style
[2.605s] -- Configured cpplint exclude dirs and/or files: 
[2.606s] -- Added test 'lint_cmake' to check CMake code style
[2.607s] -- Added test 'uncrustify' to check C / C++ code style
[2.607s] -- Configured uncrustify additional arguments: 
[2.608s] -- Added test 'xmllint' to check XML markup files
[2.611s] -- Configuring done
[2.743s] -- Generating done
[2.746s] -- Build files have been written to: /home/agilex/agilex_ws/build/nav2_util
[2.766s] Invoked command in '/home/agilex/agilex_ws/build/nav2_util' returned '0': AMENT_PREFIX_PATH=/home/agilex/agilex_ws/install/nav2_msgs:/home/agilex/agilex_ws/install/nav2_common:${AMENT_PREFIX_PATH} CMAKE_PREFIX_PATH=/home/agilex/agilex_ws/install/nav2_msgs:/home/agilex/agilex_ws/install/nav2_common:/opt/ros/humble LD_LIBRARY_PATH=/home/agilex/agilex_ws/install/nav2_msgs/lib:${LD_LIBRARY_PATH} PYTHONPATH=/home/agilex/agilex_ws/install/nav2_msgs/local/lib/python3.10/dist-packages:/home/agilex/agilex_ws/install/nav2_common/local/lib/python3.10/dist-packages:${PYTHONPATH} /usr/bin/cmake /home/agilex/agilex_ws/src/navigation2/nav2_util -DCMAKE_INSTALL_PREFIX=/home/agilex/agilex_ws/install/nav2_util
[2.768s] Invoking command in '/home/agilex/agilex_ws/build/nav2_util': AMENT_PREFIX_PATH=/home/agilex/agilex_ws/install/nav2_msgs:/home/agilex/agilex_ws/install/nav2_common:${AMENT_PREFIX_PATH} CMAKE_PREFIX_PATH=/home/agilex/agilex_ws/install/nav2_msgs:/home/agilex/agilex_ws/install/nav2_common:/opt/ros/humble LD_LIBRARY_PATH=/home/agilex/agilex_ws/install/nav2_msgs/lib:${LD_LIBRARY_PATH} PYTHONPATH=/home/agilex/agilex_ws/install/nav2_msgs/local/lib/python3.10/dist-packages:/home/agilex/agilex_ws/install/nav2_common/local/lib/python3.10/dist-packages:${PYTHONPATH} /usr/bin/cmake --build /home/agilex/agilex_ws/build/nav2_util -- -j8 -l8
[2.806s] [  2%] [32mBuilding CXX object gtest/CMakeFiles/gtest.dir/src/gtest-all.cc.o[0m
[2.806s] [  5%] [32mBuilding CXX object gtest/CMakeFiles/gtest_main.dir/src/gtest_main.cc.o[0m
[2.807s] [  7%] [32mBuilding CXX object src/CMakeFiles/nav2_util_core.dir/lifecycle_service_client.cpp.o[0m
[2.807s] [ 10%] [32mBuilding CXX object src/CMakeFiles/nav2_util_core.dir/costmap.cpp.o[0m
[2.811s] [ 13%] [32mBuilding CXX object src/CMakeFiles/nav2_util_core.dir/node_utils.cpp.o[0m
[2.813s] [ 15%] [32mBuilding CXX object src/CMakeFiles/nav2_util_core.dir/lifecycle_utils.cpp.o[0m
[2.832s] [ 18%] [32mBuilding CXX object src/CMakeFiles/nav2_util_core.dir/string_utils.cpp.o[0m
[3.219s] [ 21%] [32mBuilding CXX object src/CMakeFiles/nav2_util_core.dir/lifecycle_node.cpp.o[0m
[3.887s] [ 23%] [32m[1mLinking CXX static library libgtest_main.a[0m
[4.011s] [ 23%] Built target gtest_main
[4.045s] [ 26%] [32mBuilding CXX object src/CMakeFiles/nav2_util_core.dir/robot_utils.cpp.o[0m
[4.079s] [ 28%] [32mBuilding CXX object src/CMakeFiles/nav2_util_core.dir/node_thread.cpp.o[0m
[7.437s] [ 31%] [32mBuilding CXX object src/CMakeFiles/nav2_util_core.dir/odometry_utils.cpp.o[0m
[12.384s] [ 34%] [32m[1mLinking CXX static library libgtest.a[0m
[12.418s] [ 34%] Built target gtest
[12.437s] [ 36%] [32mBuilding CXX object test/CMakeFiles/test_execution_timer.dir/test_execution_timer.cpp.o[0m
[13.788s] [ 39%] [32m[1mLinking CXX executable test_execution_timer[0m
[13.882s] [ 39%] Built target test_execution_timer
[18.151s] [ 42%] [32m[1mLinking CXX shared library libnav2_util_core.so[0m
[18.353s] [ 42%] Built target nav2_util_core
[18.380s] [ 44%] [32mBuilding CXX object test/CMakeFiles/test_string_utils.dir/test_string_utils.cpp.o[0m
[18.380s] [ 47%] [32mBuilding CXX object test/CMakeFiles/test_node_utils.dir/test_node_utils.cpp.o[0m
[18.380s] [ 50%] [32mBuilding CXX object test/CMakeFiles/test_actions.dir/test_actions.cpp.o[0m
[18.381s] [ 52%] [32mBuilding CXX object src/CMakeFiles/lifecycle_bringup.dir/lifecycle_bringup_commandline.cpp.o[0m
[18.383s] [ 55%] [32mBuilding CXX object test/CMakeFiles/test_lifecycle_utils.dir/test_lifecycle_utils.cpp.o[0m
[18.398s] [ 57%] [32mBuilding CXX object test/CMakeFiles/test_service_client.dir/test_service_client.cpp.o[0m
[19.453s] [ 60%] [32mBuilding CXX object test/CMakeFiles/test_lifecycle_cli_node.dir/test_lifecycle_cli_node.cpp.o[0m
[19.490s] [ 63%] [32mBuilding CXX object test/CMakeFiles/test_lifecycle_node.dir/test_lifecycle_node.cpp.o[0m
[19.971s] [ 65%] [32m[1mLinking CXX executable test_string_utils[0m
[20.275s] [ 65%] Built target test_string_utils
[20.434s] [ 68%] [32mBuilding CXX object test/CMakeFiles/test_geometry_utils.dir/test_geometry_utils.cpp.o[0m
[21.703s] [ 71%] [32m[1mLinking CXX executable lifecycle_bringup[0m
[22.008s] [ 71%] Built target lifecycle_bringup
[22.026s] [ 73%] [32mBuilding CXX object test/CMakeFiles/test_odometry_utils.dir/test_odometry_utils.cpp.o[0m
[23.180s] [ 76%] [32m[1mLinking CXX executable test_lifecycle_utils[0m
[23.467s] [ 76%] Built target test_lifecycle_utils
[23.486s] [ 78%] [32mBuilding CXX object test/CMakeFiles/test_robot_utils.dir/test_robot_utils.cpp.o[0m
[23.966s] [ 81%] [32m[1mLinking CXX executable test_node_utils[0m
[24.179s] [ 81%] Built target test_node_utils
[24.793s] [ 84%] [32m[1mLinking CXX executable test_lifecycle_node[0m
[24.826s] [ 86%] [32m[1mLinking CXX executable test_lifecycle_cli_node[0m
[24.934s] [ 89%] [32m[1mLinking CXX executable test_geometry_utils[0m
[25.000s] [ 89%] Built target test_lifecycle_node
[25.034s] [ 89%] Built target test_lifecycle_cli_node
[25.208s] [ 89%] Built target test_geometry_utils
[27.486s] [ 92%] [32m[1mLinking CXX executable test_robot_utils[0m
[27.651s] [ 92%] Built target test_robot_utils
[28.606s] [ 94%] [32m[1mLinking CXX executable test_odometry_utils[0m
[28.783s] [ 94%] Built target test_odometry_utils
[32.247s] [ 97%] [32m[1mLinking CXX executable test_service_client[0m
[32.421s] [ 97%] Built target test_service_client
[35.346s] [100%] [32m[1mLinking CXX executable test_actions[0m
[35.584s] [100%] Built target test_actions
[35.619s] Invoked command in '/home/agilex/agilex_ws/build/nav2_util' returned '0': AMENT_PREFIX_PATH=/home/agilex/agilex_ws/install/nav2_msgs:/home/agilex/agilex_ws/install/nav2_common:${AMENT_PREFIX_PATH} CMAKE_PREFIX_PATH=/home/agilex/agilex_ws/install/nav2_msgs:/home/agilex/agilex_ws/install/nav2_common:/opt/ros/humble LD_LIBRARY_PATH=/home/agilex/agilex_ws/install/nav2_msgs/lib:${LD_LIBRARY_PATH} PYTHONPATH=/home/agilex/agilex_ws/install/nav2_msgs/local/lib/python3.10/dist-packages:/home/agilex/agilex_ws/install/nav2_common/local/lib/python3.10/dist-packages:${PYTHONPATH} /usr/bin/cmake --build /home/agilex/agilex_ws/build/nav2_util -- -j8 -l8
[35.639s] Invoking command in '/home/agilex/agilex_ws/build/nav2_util': AMENT_PREFIX_PATH=/home/agilex/agilex_ws/install/nav2_msgs:/home/agilex/agilex_ws/install/nav2_common:${AMENT_PREFIX_PATH} CMAKE_PREFIX_PATH=/home/agilex/agilex_ws/install/nav2_msgs:/home/agilex/agilex_ws/install/nav2_common:/opt/ros/humble LD_LIBRARY_PATH=/home/agilex/agilex_ws/install/nav2_msgs/lib:${LD_LIBRARY_PATH} PYTHONPATH=/home/agilex/agilex_ws/install/nav2_msgs/local/lib/python3.10/dist-packages:/home/agilex/agilex_ws/install/nav2_common/local/lib/python3.10/dist-packages:${PYTHONPATH} /usr/bin/cmake --install /home/agilex/agilex_ws/build/nav2_util
[35.644s] -- Install configuration: "Release"
[35.644s] -- Installing: /home/agilex/agilex_ws/install/nav2_util/include/
[35.644s] -- Installing: /home/agilex/agilex_ws/install/nav2_util/include//nav2_util
[35.644s] -- Installing: /home/agilex/agilex_ws/install/nav2_util/include//nav2_util/string_utils.hpp
[35.644s] -- Installing: /home/agilex/agilex_ws/install/nav2_util/include//nav2_util/lifecycle_node.hpp
[35.645s] -- Installing: /home/agilex/agilex_ws/install/nav2_util/include//nav2_util/clear_entirely_costmap_service_client.hpp
[35.645s] -- Installing: /home/agilex/agilex_ws/install/nav2_util/include//nav2_util/node_utils.hpp
[35.645s] -- Installing: /home/agilex/agilex_ws/install/nav2_util/include//nav2_util/occ_grid_values.hpp
[35.645s] -- Installing: /home/agilex/agilex_ws/install/nav2_util/include//nav2_util/execution_timer.hpp
[35.645s] -- Installing: /home/agilex/agilex_ws/install/nav2_util/include//nav2_util/lifecycle_service_client.hpp
[35.645s] -- Installing: /home/agilex/agilex_ws/install/nav2_util/include//nav2_util/service_client.hpp
[35.645s] -- Installing: /home/agilex/agilex_ws/install/nav2_util/include//nav2_util/node_thread.hpp
[35.645s] -- Installing: /home/agilex/agilex_ws/install/nav2_util/include//nav2_util/lifecycle_utils.hpp
[35.645s] -- Installing: /home/agilex/agilex_ws/install/nav2_util/include//nav2_util/costmap.hpp
[35.645s] -- Installing: /home/agilex/agilex_ws/install/nav2_util/include//nav2_util/robot_utils.hpp
[35.645s] -- Installing: /home/agilex/agilex_ws/install/nav2_util/include//nav2_util/odometry_utils.hpp
[35.646s] -- Installing: /home/agilex/agilex_ws/install/nav2_util/include//nav2_util/line_iterator.hpp
[35.646s] -- Installing: /home/agilex/agilex_ws/install/nav2_util/include//nav2_util/geometry_utils.hpp
[35.646s] -- Installing: /home/agilex/agilex_ws/install/nav2_util/include//nav2_util/simple_action_server.hpp
[35.646s] -- Installing: /home/agilex/agilex_ws/install/nav2_util/share/nav2_util/environment/library_path.sh
[35.646s] -- Installing: /home/agilex/agilex_ws/install/nav2_util/share/nav2_util/environment/library_path.dsv
[35.646s] -- Installing: /home/agilex/agilex_ws/install/nav2_util/share/ament_index/resource_index/package_run_dependencies/nav2_util
[35.646s] -- Installing: /home/agilex/agilex_ws/install/nav2_util/share/ament_index/resource_index/parent_prefix_path/nav2_util
[35.646s] -- Installing: /home/agilex/agilex_ws/install/nav2_util/share/nav2_util/environment/ament_prefix_path.sh
[35.646s] -- Installing: /home/agilex/agilex_ws/install/nav2_util/share/nav2_util/environment/ament_prefix_path.dsv
[35.646s] -- Installing: /home/agilex/agilex_ws/install/nav2_util/share/nav2_util/environment/path.sh
[35.646s] -- Installing: /home/agilex/agilex_ws/install/nav2_util/share/nav2_util/environment/path.dsv
[35.647s] -- Installing: /home/agilex/agilex_ws/install/nav2_util/share/nav2_util/local_setup.bash
[35.647s] -- Installing: /home/agilex/agilex_ws/install/nav2_util/share/nav2_util/local_setup.sh
[35.647s] -- Installing: /home/agilex/agilex_ws/install/nav2_util/share/nav2_util/local_setup.zsh
[35.647s] -- Installing: /home/agilex/agilex_ws/install/nav2_util/share/nav2_util/local_setup.dsv
[35.647s] -- Installing: /home/agilex/agilex_ws/install/nav2_util/share/nav2_util/package.dsv
[35.647s] -- Installing: /home/agilex/agilex_ws/install/nav2_util/share/ament_index/resource_index/packages/nav2_util
[35.647s] -- Installing: /home/agilex/agilex_ws/install/nav2_util/share/nav2_util/cmake/ament_cmake_export_include_directories-extras.cmake
[35.647s] -- Installing: /home/agilex/agilex_ws/install/nav2_util/share/nav2_util/cmake/ament_cmake_export_libraries-extras.cmake
[35.648s] -- Installing: /home/agilex/agilex_ws/install/nav2_util/share/nav2_util/cmake/ament_cmake_export_dependencies-extras.cmake
[35.648s] -- Installing: /home/agilex/agilex_ws/install/nav2_util/share/nav2_util/cmake/nav2_utilConfig.cmake
[35.648s] -- Installing: /home/agilex/agilex_ws/install/nav2_util/share/nav2_util/cmake/nav2_utilConfig-version.cmake
[35.648s] -- Installing: /home/agilex/agilex_ws/install/nav2_util/share/nav2_util/package.xml
[35.648s] -- Installing: /home/agilex/agilex_ws/install/nav2_util/lib/libnav2_util_core.so
[35.649s] -- Set runtime path of "/home/agilex/agilex_ws/install/nav2_util/lib/libnav2_util_core.so" to ""
[35.649s] -- Installing: /home/agilex/agilex_ws/install/nav2_util/lib/nav2_util/lifecycle_bringup
[35.649s] -- Set runtime path of "/home/agilex/agilex_ws/install/nav2_util/lib/nav2_util/lifecycle_bringup" to ""
[35.655s] Invoked command in '/home/agilex/agilex_ws/build/nav2_util' returned '0': AMENT_PREFIX_PATH=/home/agilex/agilex_ws/install/nav2_msgs:/home/agilex/agilex_ws/install/nav2_common:${AMENT_PREFIX_PATH} CMAKE_PREFIX_PATH=/home/agilex/agilex_ws/install/nav2_msgs:/home/agilex/agilex_ws/install/nav2_common:/opt/ros/humble LD_LIBRARY_PATH=/home/agilex/agilex_ws/install/nav2_msgs/lib:${LD_LIBRARY_PATH} PYTHONPATH=/home/agilex/agilex_ws/install/nav2_msgs/local/lib/python3.10/dist-packages:/home/agilex/agilex_ws/install/nav2_common/local/lib/python3.10/dist-packages:${PYTHONPATH} /usr/bin/cmake --install /home/agilex/agilex_ws/build/nav2_util
