[0.092s] Invoking command in '/home/agilex/agilex_ws/build/orbbec_description': /usr/bin/cmake --build /home/agilex/agilex_ws/build/orbbec_description -- -j16 -l16
[2.458s] Invoked command in '/home/agilex/agilex_ws/build/orbbec_description' returned '0': /usr/bin/cmake --build /home/agilex/agilex_ws/build/orbbec_description -- -j16 -l16
[2.686s] Invoking command in '/home/agilex/agilex_ws/build/orbbec_description': /usr/bin/cmake --install /home/agilex/agilex_ws/build/orbbec_description
[8.271s] -- Install configuration: ""
[8.271s] -- Up-to-date: /home/agilex/agilex_ws/install/orbbec_description/share/ament_index/resource_index/package_run_dependencies/orbbec_description
[8.271s] -- Up-to-date: /home/agilex/agilex_ws/install/orbbec_description/share/ament_index/resource_index/parent_prefix_path/orbbec_description
[8.271s] -- Up-to-date: /home/agilex/agilex_ws/install/orbbec_description/share/orbbec_description/environment/ament_prefix_path.sh
[8.271s] -- Up-to-date: /home/agilex/agilex_ws/install/orbbec_description/share/orbbec_description/environment/ament_prefix_path.dsv
[8.271s] -- Up-to-date: /home/agilex/agilex_ws/install/orbbec_description/share/orbbec_description/environment/path.sh
[8.271s] -- Up-to-date: /home/agilex/agilex_ws/install/orbbec_description/share/orbbec_description/environment/path.dsv
[8.271s] -- Up-to-date: /home/agilex/agilex_ws/install/orbbec_description/share/orbbec_description/local_setup.bash
[8.272s] -- Up-to-date: /home/agilex/agilex_ws/install/orbbec_description/share/orbbec_description/local_setup.sh
[8.272s] -- Up-to-date: /home/agilex/agilex_ws/install/orbbec_description/share/orbbec_description/local_setup.zsh
[8.272s] -- Up-to-date: /home/agilex/agilex_ws/install/orbbec_description/share/orbbec_description/local_setup.dsv
[8.272s] -- Installing: /home/agilex/agilex_ws/install/orbbec_description/share/orbbec_description/package.dsv
[8.272s] -- Up-to-date: /home/agilex/agilex_ws/install/orbbec_description/share/ament_index/resource_index/packages/orbbec_description
[8.272s] -- Up-to-date: /home/agilex/agilex_ws/install/orbbec_description/share/orbbec_description/cmake/orbbec_descriptionConfig.cmake
[8.272s] -- Up-to-date: /home/agilex/agilex_ws/install/orbbec_description/share/orbbec_description/cmake/orbbec_descriptionConfig-version.cmake
[8.272s] -- Up-to-date: /home/agilex/agilex_ws/install/orbbec_description/share/orbbec_description/package.xml
[8.631s] Invoked command in '/home/agilex/agilex_ws/build/orbbec_description' returned '0': /usr/bin/cmake --install /home/agilex/agilex_ws/build/orbbec_description
