[0.485s] Invoking command in '/home/agilex/agilex_ws/build/nav2_common': CMAKE_PREFIX_PATH=${CMAKE_PREFIX_PATH}:/home/agilex/agilex_ws/install/yolov5_ros2:/home/agilex/agilex_ws/install/nav2_simple_commander:/opt/ros/humble /usr/bin/cmake --build /home/agilex/agilex_ws/build/nav2_common -- -j8 -l8
[0.606s] -- Found ament_cmake_core: 1.3.6 (/opt/ros/humble/share/ament_cmake_core/cmake)
[0.723s] -- Found Python3: /usr/bin/python3.10 (found version "3.10.12") found components: Interpreter 
[0.812s] -- Found ament_cmake_python: 1.3.6 (/opt/ros/humble/share/ament_cmake_python/cmake)
[0.962s] -- Configuring done
[0.967s] -- Generating done
[0.969s] -- Build files have been written to: /home/agilex/agilex_ws/build/nav2_common
[1.039s] Built target ament_cmake_python_copy_nav2_common
[1.657s] running egg_info
[1.658s] writing nav2_common.egg-info/PKG-INFO
[1.658s] writing dependency_links to nav2_common.egg-info/dependency_links.txt
[1.658s] writing top-level names to nav2_common.egg-info/top_level.txt
[1.662s] reading manifest file 'nav2_common.egg-info/SOURCES.txt'
[1.662s] writing manifest file 'nav2_common.egg-info/SOURCES.txt'
[1.726s] Built target ament_cmake_python_build_nav2_common_egg
[1.739s] Invoked command in '/home/agilex/agilex_ws/build/nav2_common' returned '0': CMAKE_PREFIX_PATH=${CMAKE_PREFIX_PATH}:/home/agilex/agilex_ws/install/yolov5_ros2:/home/agilex/agilex_ws/install/nav2_simple_commander:/opt/ros/humble /usr/bin/cmake --build /home/agilex/agilex_ws/build/nav2_common -- -j8 -l8
[1.927s] Invoking command in '/home/agilex/agilex_ws/build/nav2_common': CMAKE_PREFIX_PATH=${CMAKE_PREFIX_PATH}:/home/agilex/agilex_ws/install/yolov5_ros2:/home/agilex/agilex_ws/install/nav2_simple_commander:/opt/ros/humble /usr/bin/cmake --install /home/agilex/agilex_ws/build/nav2_common
[11.058s] -- Install configuration: ""
[11.058s] -- Up-to-date: /home/agilex/agilex_ws/install/nav2_common/share/nav2_common/environment/pythonpath.sh
[11.058s] -- Installing: /home/agilex/agilex_ws/install/nav2_common/share/nav2_common/environment/pythonpath.dsv
[11.058s] -- Up-to-date: /home/agilex/agilex_ws/install/nav2_common/local/lib/python3.10/dist-packages/nav2_common-1.1.0-py3.10.egg-info
[11.058s] -- Installing: /home/agilex/agilex_ws/install/nav2_common/local/lib/python3.10/dist-packages/nav2_common-1.1.0-py3.10.egg-info/PKG-INFO
[11.058s] -- Installing: /home/agilex/agilex_ws/install/nav2_common/local/lib/python3.10/dist-packages/nav2_common-1.1.0-py3.10.egg-info/dependency_links.txt
[11.058s] -- Installing: /home/agilex/agilex_ws/install/nav2_common/local/lib/python3.10/dist-packages/nav2_common-1.1.0-py3.10.egg-info/top_level.txt
[11.058s] -- Installing: /home/agilex/agilex_ws/install/nav2_common/local/lib/python3.10/dist-packages/nav2_common-1.1.0-py3.10.egg-info/SOURCES.txt
[11.058s] -- Up-to-date: /home/agilex/agilex_ws/install/nav2_common/local/lib/python3.10/dist-packages/nav2_common
[11.058s] -- Up-to-date: /home/agilex/agilex_ws/install/nav2_common/local/lib/python3.10/dist-packages/nav2_common/launch
[11.058s] -- Up-to-date: /home/agilex/agilex_ws/install/nav2_common/local/lib/python3.10/dist-packages/nav2_common/launch/__init__.py
[11.058s] -- Up-to-date: /home/agilex/agilex_ws/install/nav2_common/local/lib/python3.10/dist-packages/nav2_common/launch/has_node_params.py
[11.058s] -- Up-to-date: /home/agilex/agilex_ws/install/nav2_common/local/lib/python3.10/dist-packages/nav2_common/launch/replace_string.py
[11.058s] -- Up-to-date: /home/agilex/agilex_ws/install/nav2_common/local/lib/python3.10/dist-packages/nav2_common/launch/rewritten_yaml.py
[11.058s] -- Up-to-date: /home/agilex/agilex_ws/install/nav2_common/local/lib/python3.10/dist-packages/nav2_common/__init__.py
[11.059s] Listing '/home/agilex/agilex_ws/install/nav2_common/local/lib/python3.10/dist-packages/nav2_common'...
[11.059s] Listing '/home/agilex/agilex_ws/install/nav2_common/local/lib/python3.10/dist-packages/nav2_common/launch'...
[11.059s] -- Up-to-date: /home/agilex/agilex_ws/install/nav2_common/share/ament_index/resource_index/package_run_dependencies/nav2_common
[11.059s] -- Installing: /home/agilex/agilex_ws/install/nav2_common/share/ament_index/resource_index/parent_prefix_path/nav2_common
[11.059s] -- Installing: /home/agilex/agilex_ws/install/nav2_common/share/nav2_common/environment/ament_prefix_path.sh
[11.059s] -- Installing: /home/agilex/agilex_ws/install/nav2_common/share/nav2_common/environment/ament_prefix_path.dsv
[11.059s] -- Installing: /home/agilex/agilex_ws/install/nav2_common/share/nav2_common/environment/path.sh
[11.059s] -- Installing: /home/agilex/agilex_ws/install/nav2_common/share/nav2_common/environment/path.dsv
[11.059s] -- Up-to-date: /home/agilex/agilex_ws/install/nav2_common/share/nav2_common/local_setup.bash
[11.059s] -- Up-to-date: /home/agilex/agilex_ws/install/nav2_common/share/nav2_common/local_setup.sh
[11.059s] -- Up-to-date: /home/agilex/agilex_ws/install/nav2_common/share/nav2_common/local_setup.zsh
[11.059s] -- Installing: /home/agilex/agilex_ws/install/nav2_common/share/nav2_common/local_setup.dsv
[11.059s] -- Installing: /home/agilex/agilex_ws/install/nav2_common/share/nav2_common/package.dsv
[11.059s] -- Up-to-date: /home/agilex/agilex_ws/install/nav2_common/share/ament_index/resource_index/packages/nav2_common
[11.060s] -- Up-to-date: /home/agilex/agilex_ws/install/nav2_common/share/nav2_common/cmake/nav2_common-extras.cmake
[11.060s] -- Up-to-date: /home/agilex/agilex_ws/install/nav2_common/share/nav2_common/cmake/nav2_commonConfig.cmake
[11.060s] -- Up-to-date: /home/agilex/agilex_ws/install/nav2_common/share/nav2_common/cmake/nav2_commonConfig-version.cmake
[11.060s] -- Up-to-date: /home/agilex/agilex_ws/install/nav2_common/share/nav2_common/package.xml
[11.060s] -- Up-to-date: /home/agilex/agilex_ws/install/nav2_common/share/nav2_common/cmake
[11.060s] -- Up-to-date: /home/agilex/agilex_ws/install/nav2_common/share/nav2_common/cmake/nav2_package.cmake
[11.112s] Invoked command in '/home/agilex/agilex_ws/build/nav2_common' returned '0': CMAKE_PREFIX_PATH=${CMAKE_PREFIX_PATH}:/home/agilex/agilex_ws/install/yolov5_ros2:/home/agilex/agilex_ws/install/nav2_simple_commander:/opt/ros/humble /usr/bin/cmake --install /home/agilex/agilex_ws/build/nav2_common
