-- The C compiler identification is GNU 11.3.0
-- The CXX compiler identification is GNU 11.3.0
-- Detecting C compiler ABI info
-- Detecting C compiler ABI info - done
-- Check for working C compiler: /usr/bin/cc - skipped
-- Detecting C compile features
-- Detecting C compile features - done
-- Detecting CXX compiler ABI info
-- Detecting CXX compiler ABI info - done
-- Check for working CXX compiler: /usr/bin/c++ - skipped
-- Detecting CXX compile features
-- Detecting CXX compile features - done
-- Found ament_cmake: 1.3.4 (/opt/ros/humble/share/ament_cmake/cmake)
-- Found Python3: /usr/bin/python3.10 (found version "3.10.6") found components: Interpreter 
-- Found ament_index_cpp: 1.4.0 (/opt/ros/humble/share/ament_index_cpp/cmake)
-- Found astra_camera_msgs: 1.0.1 (/home/agilex/agilex_ws/install/astra_camera_msgs/share/astra_camera_msgs/cmake)
-- Found rosidl_generator_c: 3.1.4 (/opt/ros/humble/share/rosidl_generator_c/cmake)
-- Found rosidl_adapter: 3.1.4 (/opt/ros/humble/share/rosidl_adapter/cmake)
-- Found rosidl_generator_cpp: 3.1.4 (/opt/ros/humble/share/rosidl_generator_cpp/cmake)
-- Using all available rosidl_typesupport_c: rosidl_typesupport_fastrtps_c;rosidl_typesupport_introspection_c
-- Using all available rosidl_typesupport_cpp: rosidl_typesupport_fastrtps_cpp;rosidl_typesupport_introspection_cpp
-- Found camera_info_manager: 3.1.5 (/opt/ros/humble/share/camera_info_manager/cmake)
-- Found rmw_implementation_cmake: 6.1.1 (/opt/ros/humble/share/rmw_implementation_cmake/cmake)
-- Found rmw_fastrtps_cpp: 6.2.2 (/opt/ros/humble/share/rmw_fastrtps_cpp/cmake)
-- Found OpenSSL: /usr/lib/x86_64-linux-gnu/libcrypto.so (found version "3.0.2")  
-- Found FastRTPS: /opt/ros/humble/include  
-- Using RMW implementation 'rmw_fastrtps_cpp' as default
-- Looking for pthread.h
-- Looking for pthread.h - found
-- Performing Test CMAKE_HAVE_LIBC_PTHREAD
-- Performing Test CMAKE_HAVE_LIBC_PTHREAD - Success
-- Found Threads: TRUE  
-- Found class_loader: 2.2.0 (/opt/ros/humble/share/class_loader/cmake)
-- Found cv_bridge: 3.2.1 (/opt/ros/humble/share/cv_bridge/cmake)
-- Found Unwind: /usr/include/x86_64-linux-gnu (found suitable version "1.3.2", minimum required is "1.3.2") 
-- Found image_geometry: 3.2.1 (/opt/ros/humble/share/image_geometry/cmake)
-- Found image_publisher: 3.0.0 (/opt/ros/humble/share/image_publisher/cmake)
-- Found JPEG: /usr/lib/x86_64-linux-gnu/libjpeg.so (found version "80") 
-- Found JPEG library using standard module
-- Found JpegPkg: /usr/lib/x86_64-linux-gnu/libjpeg.so  
-- Found PkgConfig: /usr/bin/pkg-config (found version "0.29.2") 
-- Checking for module 'libusb-1.0'
--   Found libusb-1.0, version 1.0.25
-- libusb-1.0 found using pkgconfig
-- Found OpenCV: /usr (found version "4.5.4") 
-- Found std_srvs: 4.2.3 (/opt/ros/humble/share/std_srvs/cmake)
-- Found tf2: 0.25.2 (/opt/ros/humble/share/tf2/cmake)
-- Found tf2_eigen: 0.25.2 (/opt/ros/humble/share/tf2_eigen/cmake)
-- Found tf2_sensor_msgs: 0.25.2 (/opt/ros/humble/share/tf2_sensor_msgs/cmake)
-- ORRBEC Machine : x86_64

-- ORRBEC Machine Bits : 64

-- ORRBEC : x64
-- Found ament_lint_auto: 0.12.6 (/opt/ros/humble/share/ament_lint_auto/cmake)
-- Configuring done
-- Generating done
-- Build files have been written to: /home/agilex/agilex_ws/build/astra_camera
[  6%] [32mBuilding CXX object CMakeFiles/astra_camera.dir/src/point_cloud_proc/point_cloud_xyz.cpp.o[0m
[ 12%] [32mBuilding CXX object CMakeFiles/astra_camera.dir/src/ob_camera_node_factory.cpp.o[0m
[ 18%] [32mBuilding CXX object CMakeFiles/astra_camera.dir/src/ob_camera_node.cpp.o[0m
[ 25%] [32mBuilding CXX object CMakeFiles/astra_camera.dir/src/ros_param_backend.cpp.o[0m
[ 31%] [32mBuilding CXX object CMakeFiles/astra_camera.dir/src/ob_timer_filter.cpp.o[0m
[ 37%] [32mBuilding CXX object CMakeFiles/astra_camera.dir/src/ob_frame_listener.cpp.o[0m
[ 43%] [32mBuilding CXX object CMakeFiles/astra_camera.dir/src/ob_camera_info.cpp.o[0m
[ 50%] [32mBuilding CXX object CMakeFiles/astra_camera.dir/src/dynamic_params.cpp.o[0m
[ 56%] [32mBuilding CXX object CMakeFiles/astra_camera.dir/src/device_listener.cpp.o[0m
[ 62%] [32mBuilding CXX object CMakeFiles/astra_camera.dir/src/uvc_camera_driver.cpp.o[0m
[ 75%] [32mBuilding CXX object CMakeFiles/astra_camera.dir/src/ros_service.cpp.o[0m
[ 75%] [32mBuilding CXX object CMakeFiles/astra_camera.dir/src/utils.cpp.o[0m
[ 81%] [32mBuilding CXX object CMakeFiles/astra_camera.dir/src/point_cloud_proc/point_cloud_xyzrgb.cpp.o[0m
[ 87%] [32m[1mLinking CXX shared library libastra_camera.so[0m
[ 87%] Built target astra_camera
[ 93%] [32mBuilding CXX object CMakeFiles/list_devices_node.dir/src/list_devices_node.cpp.o[0m
[100%] [32m[1mLinking CXX executable list_devices_node[0m
[100%] Built target list_devices_node
-- Install configuration: "Debug"
-- Installing: /home/agilex/agilex_ws/install/astra_camera/lib/libastra_camera.so
-- Set runtime path of "/home/agilex/agilex_ws/install/astra_camera/lib/libastra_camera.so" to ""
-- Installing: /home/agilex/agilex_ws/install/astra_camera/lib/libOpenNI2.so
-- Installing: /home/agilex/agilex_ws/install/astra_camera/lib//OpenNI2
-- Installing: /home/agilex/agilex_ws/install/astra_camera/lib//OpenNI2/Drivers
-- Installing: /home/agilex/agilex_ws/install/astra_camera/lib//OpenNI2/Drivers/libOniFile.so
-- Installing: /home/agilex/agilex_ws/install/astra_camera/lib//OpenNI2/Drivers/orbbec.ini
-- Installing: /home/agilex/agilex_ws/install/astra_camera/lib//OpenNI2/Drivers/OniFile.ini
-- Installing: /home/agilex/agilex_ws/install/astra_camera/lib//OpenNI2/Drivers/liborbbec.so
-- Installing: /home/agilex/agilex_ws/install/astra_camera/lib/astra_camera/list_devices_node
-- Set runtime path of "/home/agilex/agilex_ws/install/astra_camera/lib/astra_camera/list_devices_node" to ""
-- Installing: /home/agilex/agilex_ws/install/astra_camera/include
-- Installing: /home/agilex/agilex_ws/install/astra_camera/include/openni2
-- Installing: /home/agilex/agilex_ws/install/astra_camera/include/openni2/KinectProperties.h
-- Installing: /home/agilex/agilex_ws/install/astra_camera/include/openni2/OpenNI.h
-- Installing: /home/agilex/agilex_ws/install/astra_camera/include/openni2/Android-Arm
-- Installing: /home/agilex/agilex_ws/install/astra_camera/include/openni2/Android-Arm/OniPlatformAndroid-Arm.h
-- Installing: /home/agilex/agilex_ws/install/astra_camera/include/openni2/Driver
-- Installing: /home/agilex/agilex_ws/install/astra_camera/include/openni2/Driver/OniDriverAPI.h
-- Installing: /home/agilex/agilex_ws/install/astra_camera/include/openni2/Driver/OniDriverTypes.h
-- Installing: /home/agilex/agilex_ws/install/astra_camera/include/openni2/Linux-x86
-- Installing: /home/agilex/agilex_ws/install/astra_camera/include/openni2/Linux-x86/OniPlatformLinux-x86.h
-- Installing: /home/agilex/agilex_ws/install/astra_camera/include/openni2/OniCAPI.h
-- Installing: /home/agilex/agilex_ws/install/astra_camera/include/openni2/openni2_redist
-- Installing: /home/agilex/agilex_ws/install/astra_camera/include/openni2/openni2_redist/x64
-- Installing: /home/agilex/agilex_ws/install/astra_camera/include/openni2/openni2_redist/x64/libOpenNI2.so
-- Installing: /home/agilex/agilex_ws/install/astra_camera/include/openni2/openni2_redist/x64/OpenNI2
-- Installing: /home/agilex/agilex_ws/install/astra_camera/include/openni2/openni2_redist/x64/OpenNI2/Drivers
-- Installing: /home/agilex/agilex_ws/install/astra_camera/include/openni2/openni2_redist/x64/OpenNI2/Drivers/libOniFile.so
-- Installing: /home/agilex/agilex_ws/install/astra_camera/include/openni2/openni2_redist/x64/OpenNI2/Drivers/orbbec.ini
-- Installing: /home/agilex/agilex_ws/install/astra_camera/include/openni2/openni2_redist/x64/OpenNI2/Drivers/OniFile.ini
-- Installing: /home/agilex/agilex_ws/install/astra_camera/include/openni2/openni2_redist/x64/OpenNI2/Drivers/liborbbec.so
-- Installing: /home/agilex/agilex_ws/install/astra_camera/include/openni2/openni2_redist/x64/OpenNI.ini
-- Installing: /home/agilex/agilex_ws/install/astra_camera/include/openni2/openni2_redist/arm64
-- Installing: /home/agilex/agilex_ws/install/astra_camera/include/openni2/openni2_redist/arm64/SimpleRead
-- Installing: /home/agilex/agilex_ws/install/astra_camera/include/openni2/openni2_redist/arm64/libOpenNI2.so
-- Installing: /home/agilex/agilex_ws/install/astra_camera/include/openni2/openni2_redist/arm64/OpenNI2
-- Installing: /home/agilex/agilex_ws/install/astra_camera/include/openni2/openni2_redist/arm64/OpenNI2/Drivers
-- Installing: /home/agilex/agilex_ws/install/astra_camera/include/openni2/openni2_redist/arm64/OpenNI2/Drivers/libOniFile.so
-- Installing: /home/agilex/agilex_ws/install/astra_camera/include/openni2/openni2_redist/arm64/OpenNI2/Drivers/orbbec.ini
-- Installing: /home/agilex/agilex_ws/install/astra_camera/include/openni2/openni2_redist/arm64/OpenNI2/Drivers/OniFile.ini
-- Installing: /home/agilex/agilex_ws/install/astra_camera/include/openni2/openni2_redist/arm64/OpenNI2/Drivers/liborbbec.so
-- Installing: /home/agilex/agilex_ws/install/astra_camera/include/openni2/openni2_redist/arm64/OpenNI.ini
-- Installing: /home/agilex/agilex_ws/install/astra_camera/include/openni2/openni2_redist/arm64/libDepthUtils.a
-- Installing: /home/agilex/agilex_ws/install/astra_camera/include/openni2/openni2_redist/arm64/PS1080Console
-- Installing: /home/agilex/agilex_ws/install/astra_camera/include/openni2/openni2_redist/arm64/NiViewer
-- Installing: /home/agilex/agilex_ws/install/astra_camera/include/openni2/openni2_redist/arm
-- Installing: /home/agilex/agilex_ws/install/astra_camera/include/openni2/openni2_redist/arm/SimpleRead
-- Installing: /home/agilex/agilex_ws/install/astra_camera/include/openni2/openni2_redist/arm/libOpenNI2.so
-- Installing: /home/agilex/agilex_ws/install/astra_camera/include/openni2/openni2_redist/arm/OpenNI2
-- Installing: /home/agilex/agilex_ws/install/astra_camera/include/openni2/openni2_redist/arm/OpenNI2/Drivers
-- Installing: /home/agilex/agilex_ws/install/astra_camera/include/openni2/openni2_redist/arm/OpenNI2/Drivers/libOniFile.so
-- Installing: /home/agilex/agilex_ws/install/astra_camera/include/openni2/openni2_redist/arm/OpenNI2/Drivers/orbbec.ini
-- Installing: /home/agilex/agilex_ws/install/astra_camera/include/openni2/openni2_redist/arm/OpenNI2/Drivers/OniFile.ini
-- Installing: /home/agilex/agilex_ws/install/astra_camera/include/openni2/openni2_redist/arm/OpenNI2/Drivers/liborbbec.so
-- Installing: /home/agilex/agilex_ws/install/astra_camera/include/openni2/openni2_redist/arm/OpenNI.ini
-- Installing: /home/agilex/agilex_ws/install/astra_camera/include/openni2/openni2_redist/arm/libDepthUtils.a
-- Installing: /home/agilex/agilex_ws/install/astra_camera/include/openni2/openni2_redist/arm/PS1080Console
-- Installing: /home/agilex/agilex_ws/install/astra_camera/include/openni2/openni2_redist/arm/NiViewer
-- Installing: /home/agilex/agilex_ws/install/astra_camera/include/openni2/OniPlatform.h
-- Installing: /home/agilex/agilex_ws/install/astra_camera/include/openni2/OniEnums.h
-- Installing: /home/agilex/agilex_ws/install/astra_camera/include/openni2/PrimeSense.h
-- Installing: /home/agilex/agilex_ws/install/astra_camera/include/openni2/OniTest.h
-- Installing: /home/agilex/agilex_ws/install/astra_camera/include/openni2/OniCEnums.h
-- Installing: /home/agilex/agilex_ws/install/astra_camera/include/openni2/Win32
-- Installing: /home/agilex/agilex_ws/install/astra_camera/include/openni2/Win32/OniPlatformWin32.h
-- Installing: /home/agilex/agilex_ws/install/astra_camera/include/openni2/OniProperties.h
-- Installing: /home/agilex/agilex_ws/install/astra_camera/include/openni2/OniVersion.h
-- Installing: /home/agilex/agilex_ws/install/astra_camera/include/openni2/SonixCamera.h
-- Installing: /home/agilex/agilex_ws/install/astra_camera/include/openni2/OniCProperties.h
-- Installing: /home/agilex/agilex_ws/install/astra_camera/include/openni2/MacOSX
-- Installing: /home/agilex/agilex_ws/install/astra_camera/include/openni2/MacOSX/OniPlatformMacOSX.h
-- Installing: /home/agilex/agilex_ws/install/astra_camera/include/openni2/PS1080.h
-- Installing: /home/agilex/agilex_ws/install/astra_camera/include/openni2/util.h
-- Installing: /home/agilex/agilex_ws/install/astra_camera/include/openni2/OniCTypes.h
-- Installing: /home/agilex/agilex_ws/install/astra_camera/include/openni2/Linux-Arm
-- Installing: /home/agilex/agilex_ws/install/astra_camera/include/openni2/Linux-Arm/OniPlatformLinux-Arm.h
-- Installing: /home/agilex/agilex_ws/install/astra_camera/include/openni2/PSLink.h
-- Installing: /home/agilex/agilex_ws/install/astra_camera/include/astra_camera
-- Installing: /home/agilex/agilex_ws/install/astra_camera/include/astra_camera/ob_timer_filter.h
-- Installing: /home/agilex/agilex_ws/install/astra_camera/include/astra_camera/ob_camera_node.h
-- Installing: /home/agilex/agilex_ws/install/astra_camera/include/astra_camera/uvc_camera_driver.h
-- Installing: /home/agilex/agilex_ws/install/astra_camera/include/astra_camera/utils.h
-- Installing: /home/agilex/agilex_ws/install/astra_camera/include/astra_camera/ros_param_backend.h
-- Installing: /home/agilex/agilex_ws/install/astra_camera/include/astra_camera/point_cloud_proc
-- Installing: /home/agilex/agilex_ws/install/astra_camera/include/astra_camera/point_cloud_proc/point_cloud_xyz.h
-- Installing: /home/agilex/agilex_ws/install/astra_camera/include/astra_camera/point_cloud_proc/point_cloud_xyzrgb.h
-- Installing: /home/agilex/agilex_ws/install/astra_camera/include/astra_camera/point_cloud_proc/depth_traits.h
-- Installing: /home/agilex/agilex_ws/install/astra_camera/include/astra_camera/dynamic_params.h
-- Installing: /home/agilex/agilex_ws/install/astra_camera/include/astra_camera/device_listener.h
-- Installing: /home/agilex/agilex_ws/install/astra_camera/include/astra_camera/ob_camera_node_factory.h
-- Installing: /home/agilex/agilex_ws/install/astra_camera/include/astra_camera/types.h
-- Installing: /home/agilex/agilex_ws/install/astra_camera/include/astra_camera/constants.h
-- Installing: /home/agilex/agilex_ws/install/astra_camera/include/astra_camera/ob_frame_listener.h
-- Installing: /home/agilex/agilex_ws/install/astra_camera/share/astra_camera//launch
-- Installing: /home/agilex/agilex_ws/install/astra_camera/share/astra_camera//launch/dabai_dcw.launch.py
-- Installing: /home/agilex/agilex_ws/install/astra_camera/share/astra_camera//launch/.gitkeep
-- Installing: /home/agilex/agilex_ws/install/astra_camera/share/astra_camera//launch/multi_dabai_pro.launch.py
-- Installing: /home/agilex/agilex_ws/install/astra_camera/share/astra_camera//launch/dabai_pro.launch.py
-- Installing: /home/agilex/agilex_ws/install/astra_camera/share/astra_camera//launch/astra_mini.launch.py
-- Installing: /home/agilex/agilex_ws/install/astra_camera/share/astra_camera//launch/dabai_dw.launch.py
-- Installing: /home/agilex/agilex_ws/install/astra_camera/share/astra_camera//launch/multi_dabai.launch.py
-- Installing: /home/agilex/agilex_ws/install/astra_camera/share/astra_camera//launch/multi_dabai_dw.launch.py
-- Installing: /home/agilex/agilex_ws/install/astra_camera/share/astra_camera//launch/multi_dabai_dcw.launch.py
-- Installing: /home/agilex/agilex_ws/install/astra_camera/share/astra_camera//launch/dabai.launch.py
-- Installing: /home/agilex/agilex_ws/install/astra_camera/share/astra_camera//launch/multi_astra_mini.launch.py
-- Installing: /home/agilex/agilex_ws/install/astra_camera/share/astra_camera//launch/__pycache__
-- Installing: /home/agilex/agilex_ws/install/astra_camera/share/astra_camera//launch/__pycache__/dabai.launch.cpython-310.pyc
-- Installing: /home/agilex/agilex_ws/install/astra_camera/share/astra_camera//launch/__pycache__/astra_mini.launch.cpython-310.pyc
-- Installing: /home/agilex/agilex_ws/install/astra_camera/share/astra_camera//config
-- Installing: /home/agilex/agilex_ws/install/astra_camera/share/astra_camera//config/.gitkeep
-- Installing: /home/agilex/agilex_ws/install/astra_camera/share/astra_camera//params
-- Installing: /home/agilex/agilex_ws/install/astra_camera/share/astra_camera//params/dabai_pro_params.yaml
-- Installing: /home/agilex/agilex_ws/install/astra_camera/share/astra_camera//params/.gitkeep
-- Installing: /home/agilex/agilex_ws/install/astra_camera/share/astra_camera//params/camera_params_template.yaml
-- Installing: /home/agilex/agilex_ws/install/astra_camera/share/astra_camera//params/dabai_dcw_params.yaml
-- Installing: /home/agilex/agilex_ws/install/astra_camera/share/astra_camera//params/dabai_dw_params.yaml
-- Installing: /home/agilex/agilex_ws/install/astra_camera/share/astra_camera//params/dabai_params.yaml
-- Installing: /home/agilex/agilex_ws/install/astra_camera/share/astra_camera//params/astra_mini_params.yaml
-- Installing: /home/agilex/agilex_ws/install/astra_camera/share/astra_camera//rviz
-- Installing: /home/agilex/agilex_ws/install/astra_camera/share/astra_camera//rviz/.gitkeep
-- Installing: /home/agilex/agilex_ws/install/astra_camera/share/astra_camera//rviz/multi_camera.rviz
-- Installing: /home/agilex/agilex_ws/install/astra_camera/share/astra_camera//rviz/pointcloud.rviz
-- Installing: /home/agilex/agilex_ws/install/astra_camera/share/astra_camera/environment/library_path.sh
-- Installing: /home/agilex/agilex_ws/install/astra_camera/share/astra_camera/environment/library_path.dsv
-- Installing: /home/agilex/agilex_ws/install/astra_camera/share/ament_index/resource_index/package_run_dependencies/astra_camera
-- Installing: /home/agilex/agilex_ws/install/astra_camera/share/ament_index/resource_index/parent_prefix_path/astra_camera
-- Installing: /home/agilex/agilex_ws/install/astra_camera/share/astra_camera/environment/ament_prefix_path.sh
-- Installing: /home/agilex/agilex_ws/install/astra_camera/share/astra_camera/environment/ament_prefix_path.dsv
-- Installing: /home/agilex/agilex_ws/install/astra_camera/share/astra_camera/environment/path.sh
-- Installing: /home/agilex/agilex_ws/install/astra_camera/share/astra_camera/environment/path.dsv
-- Installing: /home/agilex/agilex_ws/install/astra_camera/share/astra_camera/local_setup.bash
-- Installing: /home/agilex/agilex_ws/install/astra_camera/share/astra_camera/local_setup.sh
-- Installing: /home/agilex/agilex_ws/install/astra_camera/share/astra_camera/local_setup.zsh
-- Installing: /home/agilex/agilex_ws/install/astra_camera/share/astra_camera/local_setup.dsv
-- Installing: /home/agilex/agilex_ws/install/astra_camera/share/astra_camera/package.dsv
-- Installing: /home/agilex/agilex_ws/install/astra_camera/share/ament_index/resource_index/packages/astra_camera
-- Installing: /home/agilex/agilex_ws/install/astra_camera/share/ament_index/resource_index/rclcpp_components/astra_camera
-- Installing: /home/agilex/agilex_ws/install/astra_camera/share/astra_camera/cmake/ament_cmake_export_include_directories-extras.cmake
-- Installing: /home/agilex/agilex_ws/install/astra_camera/share/astra_camera/cmake/ament_cmake_export_libraries-extras.cmake
-- Installing: /home/agilex/agilex_ws/install/astra_camera/share/astra_camera/cmake/ament_cmake_export_dependencies-extras.cmake
-- Installing: /home/agilex/agilex_ws/install/astra_camera/share/astra_camera/cmake/astra_cameraConfig.cmake
-- Installing: /home/agilex/agilex_ws/install/astra_camera/share/astra_camera/cmake/astra_cameraConfig-version.cmake
-- Installing: /home/agilex/agilex_ws/install/astra_camera/share/astra_camera/package.xml
