[0.020s] Invoking command in '/home/agilex/agilex_ws/build/astra_camera': AMENT_PREFIX_PATH=/home/agilex/agilex_ws/install/astra_camera_msgs:${AMENT_PREFIX_PATH} CMAKE_PREFIX_PATH=/home/agilex/agilex_ws/install/astra_camera_msgs:/opt/ros/humble LD_LIBRARY_PATH=/home/agilex/agilex_ws/install/astra_camera_msgs/lib:${LD_LIBRARY_PATH} PYTHONPATH=/home/agilex/agilex_ws/install/astra_camera_msgs/local/lib/python3.10/dist-packages:${PYTHONPATH} /usr/bin/cmake /home/agilex/agilex_ws/src/ros2_astra_camera/astra_camera -DCMAKE_INSTALL_PREFIX=/home/agilex/agilex_ws/install/astra_camera
[1.070s] -- The C compiler identification is GNU 11.3.0
[1.070s] -- The CXX compiler identification is GNU 11.3.0
[1.070s] -- Detecting C compiler ABI info
[1.070s] -- Detecting C compiler ABI info - done
[1.070s] -- Check for working C compiler: /usr/bin/cc - skipped
[1.070s] -- Detecting C compile features
[1.070s] -- Detecting C compile features - done
[1.070s] -- Detecting CXX compiler ABI info
[1.070s] -- Detecting CXX compiler ABI info - done
[1.070s] -- Check for working CXX compiler: /usr/bin/c++ - skipped
[1.070s] -- Detecting CXX compile features
[1.070s] -- Detecting CXX compile features - done
[1.070s] -- Found ament_cmake: 1.3.4 (/opt/ros/humble/share/ament_cmake/cmake)
[1.070s] -- Found Python3: /usr/bin/python3.10 (found version "3.10.6") found components: Interpreter 
[1.071s] -- Found ament_index_cpp: 1.4.0 (/opt/ros/humble/share/ament_index_cpp/cmake)
[1.071s] -- Found astra_camera_msgs: 1.0.1 (/home/agilex/agilex_ws/install/astra_camera_msgs/share/astra_camera_msgs/cmake)
[1.071s] -- Found rosidl_generator_c: 3.1.4 (/opt/ros/humble/share/rosidl_generator_c/cmake)
[1.071s] -- Found rosidl_adapter: 3.1.4 (/opt/ros/humble/share/rosidl_adapter/cmake)
[1.071s] -- Found rosidl_generator_cpp: 3.1.4 (/opt/ros/humble/share/rosidl_generator_cpp/cmake)
[1.071s] -- Using all available rosidl_typesupport_c: rosidl_typesupport_fastrtps_c;rosidl_typesupport_introspection_c
[1.071s] -- Using all available rosidl_typesupport_cpp: rosidl_typesupport_fastrtps_cpp;rosidl_typesupport_introspection_cpp
[1.128s] -- Found camera_info_manager: 3.1.5 (/opt/ros/humble/share/camera_info_manager/cmake)
[1.202s] -- Found rmw_implementation_cmake: 6.1.1 (/opt/ros/humble/share/rmw_implementation_cmake/cmake)
[1.214s] -- Found rmw_fastrtps_cpp: 6.2.2 (/opt/ros/humble/share/rmw_fastrtps_cpp/cmake)
[1.331s] -- Found OpenSSL: /usr/lib/x86_64-linux-gnu/libcrypto.so (found version "3.0.2")  
[1.355s] -- Found FastRTPS: /opt/ros/humble/include  
[1.414s] -- Using RMW implementation 'rmw_fastrtps_cpp' as default
[1.423s] -- Looking for pthread.h
[1.514s] -- Looking for pthread.h - found
[1.514s] -- Performing Test CMAKE_HAVE_LIBC_PTHREAD
[1.662s] -- Performing Test CMAKE_HAVE_LIBC_PTHREAD - Success
[1.663s] -- Found Threads: TRUE  
[1.973s] -- Found class_loader: 2.2.0 (/opt/ros/humble/share/class_loader/cmake)
[1.982s] -- Found cv_bridge: 3.2.1 (/opt/ros/humble/share/cv_bridge/cmake)
[2.095s] -- Found Unwind: /usr/include/x86_64-linux-gnu (found suitable version "1.3.2", minimum required is "1.3.2") 
[2.096s] -- Found image_geometry: 3.2.1 (/opt/ros/humble/share/image_geometry/cmake)
[2.097s] -- Found image_publisher: 3.0.0 (/opt/ros/humble/share/image_publisher/cmake)
[2.221s] -- Found JPEG: /usr/lib/x86_64-linux-gnu/libjpeg.so (found version "80") 
[2.221s] -- Found JPEG library using standard module
[2.222s] -- Found JpegPkg: /usr/lib/x86_64-linux-gnu/libjpeg.so  
[2.226s] -- Found PkgConfig: /usr/bin/pkg-config (found version "0.29.2") 
[2.227s] -- Checking for module 'libusb-1.0'
[2.240s] --   Found libusb-1.0, version 1.0.25
[2.268s] -- libusb-1.0 found using pkgconfig
[2.276s] -- Found OpenCV: /usr (found version "4.5.4") 
[2.279s] -- Found std_srvs: 4.2.3 (/opt/ros/humble/share/std_srvs/cmake)
[2.299s] -- Found tf2: 0.25.2 (/opt/ros/humble/share/tf2/cmake)
[2.309s] -- Found tf2_eigen: 0.25.2 (/opt/ros/humble/share/tf2_eigen/cmake)
[2.623s] -- Found tf2_sensor_msgs: 0.25.2 (/opt/ros/humble/share/tf2_sensor_msgs/cmake)
[2.651s] -- ORRBEC Machine : x86_64
[2.651s] 
[2.651s] -- ORRBEC Machine Bits : 64
[2.651s] 
[2.651s] -- ORRBEC : x64
[2.864s] -- Found ament_lint_auto: 0.12.6 (/opt/ros/humble/share/ament_lint_auto/cmake)
[2.947s] -- Configuring done
[3.010s] -- Generating done
[3.012s] -- Build files have been written to: /home/agilex/agilex_ws/build/astra_camera
[3.029s] Invoked command in '/home/agilex/agilex_ws/build/astra_camera' returned '0': AMENT_PREFIX_PATH=/home/agilex/agilex_ws/install/astra_camera_msgs:${AMENT_PREFIX_PATH} CMAKE_PREFIX_PATH=/home/agilex/agilex_ws/install/astra_camera_msgs:/opt/ros/humble LD_LIBRARY_PATH=/home/agilex/agilex_ws/install/astra_camera_msgs/lib:${LD_LIBRARY_PATH} PYTHONPATH=/home/agilex/agilex_ws/install/astra_camera_msgs/local/lib/python3.10/dist-packages:${PYTHONPATH} /usr/bin/cmake /home/agilex/agilex_ws/src/ros2_astra_camera/astra_camera -DCMAKE_INSTALL_PREFIX=/home/agilex/agilex_ws/install/astra_camera
[3.030s] Invoking command in '/home/agilex/agilex_ws/build/astra_camera': AMENT_PREFIX_PATH=/home/agilex/agilex_ws/install/astra_camera_msgs:${AMENT_PREFIX_PATH} CMAKE_PREFIX_PATH=/home/agilex/agilex_ws/install/astra_camera_msgs:/opt/ros/humble LD_LIBRARY_PATH=/home/agilex/agilex_ws/install/astra_camera_msgs/lib:${LD_LIBRARY_PATH} PYTHONPATH=/home/agilex/agilex_ws/install/astra_camera_msgs/local/lib/python3.10/dist-packages:${PYTHONPATH} /usr/bin/cmake --build /home/agilex/agilex_ws/build/astra_camera -- -j8 -l8
[3.072s] [  6%] [32mBuilding CXX object CMakeFiles/astra_camera.dir/src/point_cloud_proc/point_cloud_xyz.cpp.o[0m
[9.627s] [ 12%] [32mBuilding CXX object CMakeFiles/astra_camera.dir/src/ob_camera_node_factory.cpp.o[0m
[17.856s] [ 18%] [32mBuilding CXX object CMakeFiles/astra_camera.dir/src/ob_camera_node.cpp.o[0m
[24.870s] [ 25%] [32mBuilding CXX object CMakeFiles/astra_camera.dir/src/ros_param_backend.cpp.o[0m
[25.880s] [ 31%] [32mBuilding CXX object CMakeFiles/astra_camera.dir/src/ob_timer_filter.cpp.o[0m
[26.891s] [ 37%] [32mBuilding CXX object CMakeFiles/astra_camera.dir/src/ob_frame_listener.cpp.o[0m
[27.930s] [ 43%] [32mBuilding CXX object CMakeFiles/astra_camera.dir/src/ob_camera_info.cpp.o[0m
[27.951s] [ 50%] [32mBuilding CXX object CMakeFiles/astra_camera.dir/src/dynamic_params.cpp.o[0m
[29.010s] [ 56%] [32mBuilding CXX object CMakeFiles/astra_camera.dir/src/device_listener.cpp.o[0m
[36.880s] [ 62%] [32mBuilding CXX object CMakeFiles/astra_camera.dir/src/uvc_camera_driver.cpp.o[0m
[47.031s] [ 75%] [32mBuilding CXX object CMakeFiles/astra_camera.dir/src/ros_service.cpp.o[0m
[47.031s] [ 75%] [32mBuilding CXX object CMakeFiles/astra_camera.dir/src/utils.cpp.o[0m
[51.734s] [ 81%] [32mBuilding CXX object CMakeFiles/astra_camera.dir/src/point_cloud_proc/point_cloud_xyzrgb.cpp.o[0m
[67.033s] [ 87%] [32m[1mLinking CXX shared library libastra_camera.so[0m
[71.565s] [ 87%] Built target astra_camera
[71.593s] [ 93%] [32mBuilding CXX object CMakeFiles/list_devices_node.dir/src/list_devices_node.cpp.o[0m
[75.249s] [100%] [32m[1mLinking CXX executable list_devices_node[0m
[76.549s] [100%] Built target list_devices_node
[76.588s] Invoked command in '/home/agilex/agilex_ws/build/astra_camera' returned '0': AMENT_PREFIX_PATH=/home/agilex/agilex_ws/install/astra_camera_msgs:${AMENT_PREFIX_PATH} CMAKE_PREFIX_PATH=/home/agilex/agilex_ws/install/astra_camera_msgs:/opt/ros/humble LD_LIBRARY_PATH=/home/agilex/agilex_ws/install/astra_camera_msgs/lib:${LD_LIBRARY_PATH} PYTHONPATH=/home/agilex/agilex_ws/install/astra_camera_msgs/local/lib/python3.10/dist-packages:${PYTHONPATH} /usr/bin/cmake --build /home/agilex/agilex_ws/build/astra_camera -- -j8 -l8
[76.628s] Invoking command in '/home/agilex/agilex_ws/build/astra_camera': AMENT_PREFIX_PATH=/home/agilex/agilex_ws/install/astra_camera_msgs:${AMENT_PREFIX_PATH} CMAKE_PREFIX_PATH=/home/agilex/agilex_ws/install/astra_camera_msgs:/opt/ros/humble LD_LIBRARY_PATH=/home/agilex/agilex_ws/install/astra_camera_msgs/lib:${LD_LIBRARY_PATH} PYTHONPATH=/home/agilex/agilex_ws/install/astra_camera_msgs/local/lib/python3.10/dist-packages:${PYTHONPATH} /usr/bin/cmake --install /home/agilex/agilex_ws/build/astra_camera
[76.634s] -- Install configuration: "Debug"
[76.634s] -- Installing: /home/agilex/agilex_ws/install/astra_camera/lib/libastra_camera.so
[76.635s] -- Set runtime path of "/home/agilex/agilex_ws/install/astra_camera/lib/libastra_camera.so" to ""
[76.635s] -- Installing: /home/agilex/agilex_ws/install/astra_camera/lib/libOpenNI2.so
[76.635s] -- Installing: /home/agilex/agilex_ws/install/astra_camera/lib//OpenNI2
[76.635s] -- Installing: /home/agilex/agilex_ws/install/astra_camera/lib//OpenNI2/Drivers
[76.635s] -- Installing: /home/agilex/agilex_ws/install/astra_camera/lib//OpenNI2/Drivers/libOniFile.so
[76.635s] -- Installing: /home/agilex/agilex_ws/install/astra_camera/lib//OpenNI2/Drivers/orbbec.ini
[76.636s] -- Installing: /home/agilex/agilex_ws/install/astra_camera/lib//OpenNI2/Drivers/OniFile.ini
[76.636s] -- Installing: /home/agilex/agilex_ws/install/astra_camera/lib//OpenNI2/Drivers/liborbbec.so
[76.636s] -- Installing: /home/agilex/agilex_ws/install/astra_camera/lib/astra_camera/list_devices_node
[76.638s] -- Set runtime path of "/home/agilex/agilex_ws/install/astra_camera/lib/astra_camera/list_devices_node" to ""
[76.638s] -- Installing: /home/agilex/agilex_ws/install/astra_camera/include
[76.639s] -- Installing: /home/agilex/agilex_ws/install/astra_camera/include/openni2
[76.639s] -- Installing: /home/agilex/agilex_ws/install/astra_camera/include/openni2/KinectProperties.h
[76.639s] -- Installing: /home/agilex/agilex_ws/install/astra_camera/include/openni2/OpenNI.h
[76.639s] -- Installing: /home/agilex/agilex_ws/install/astra_camera/include/openni2/Android-Arm
[76.639s] -- Installing: /home/agilex/agilex_ws/install/astra_camera/include/openni2/Android-Arm/OniPlatformAndroid-Arm.h
[76.639s] -- Installing: /home/agilex/agilex_ws/install/astra_camera/include/openni2/Driver
[76.639s] -- Installing: /home/agilex/agilex_ws/install/astra_camera/include/openni2/Driver/OniDriverAPI.h
[76.639s] -- Installing: /home/agilex/agilex_ws/install/astra_camera/include/openni2/Driver/OniDriverTypes.h
[76.640s] -- Installing: /home/agilex/agilex_ws/install/astra_camera/include/openni2/Linux-x86
[76.640s] -- Installing: /home/agilex/agilex_ws/install/astra_camera/include/openni2/Linux-x86/OniPlatformLinux-x86.h
[76.640s] -- Installing: /home/agilex/agilex_ws/install/astra_camera/include/openni2/OniCAPI.h
[76.640s] -- Installing: /home/agilex/agilex_ws/install/astra_camera/include/openni2/openni2_redist
[76.640s] -- Installing: /home/agilex/agilex_ws/install/astra_camera/include/openni2/openni2_redist/x64
[76.640s] -- Installing: /home/agilex/agilex_ws/install/astra_camera/include/openni2/openni2_redist/x64/libOpenNI2.so
[76.640s] -- Installing: /home/agilex/agilex_ws/install/astra_camera/include/openni2/openni2_redist/x64/OpenNI2
[76.640s] -- Installing: /home/agilex/agilex_ws/install/astra_camera/include/openni2/openni2_redist/x64/OpenNI2/Drivers
[76.640s] -- Installing: /home/agilex/agilex_ws/install/astra_camera/include/openni2/openni2_redist/x64/OpenNI2/Drivers/libOniFile.so
[76.641s] -- Installing: /home/agilex/agilex_ws/install/astra_camera/include/openni2/openni2_redist/x64/OpenNI2/Drivers/orbbec.ini
[76.641s] -- Installing: /home/agilex/agilex_ws/install/astra_camera/include/openni2/openni2_redist/x64/OpenNI2/Drivers/OniFile.ini
[76.641s] -- Installing: /home/agilex/agilex_ws/install/astra_camera/include/openni2/openni2_redist/x64/OpenNI2/Drivers/liborbbec.so
[76.641s] -- Installing: /home/agilex/agilex_ws/install/astra_camera/include/openni2/openni2_redist/x64/OpenNI.ini
[76.641s] -- Installing: /home/agilex/agilex_ws/install/astra_camera/include/openni2/openni2_redist/arm64
[76.641s] -- Installing: /home/agilex/agilex_ws/install/astra_camera/include/openni2/openni2_redist/arm64/SimpleRead
[76.642s] -- Installing: /home/agilex/agilex_ws/install/astra_camera/include/openni2/openni2_redist/arm64/libOpenNI2.so
[76.642s] -- Installing: /home/agilex/agilex_ws/install/astra_camera/include/openni2/openni2_redist/arm64/OpenNI2
[76.642s] -- Installing: /home/agilex/agilex_ws/install/astra_camera/include/openni2/openni2_redist/arm64/OpenNI2/Drivers
[76.642s] -- Installing: /home/agilex/agilex_ws/install/astra_camera/include/openni2/openni2_redist/arm64/OpenNI2/Drivers/libOniFile.so
[76.642s] -- Installing: /home/agilex/agilex_ws/install/astra_camera/include/openni2/openni2_redist/arm64/OpenNI2/Drivers/orbbec.ini
[76.642s] -- Installing: /home/agilex/agilex_ws/install/astra_camera/include/openni2/openni2_redist/arm64/OpenNI2/Drivers/OniFile.ini
[76.642s] -- Installing: /home/agilex/agilex_ws/install/astra_camera/include/openni2/openni2_redist/arm64/OpenNI2/Drivers/liborbbec.so
[76.642s] -- Installing: /home/agilex/agilex_ws/install/astra_camera/include/openni2/openni2_redist/arm64/OpenNI.ini
[76.642s] -- Installing: /home/agilex/agilex_ws/install/astra_camera/include/openni2/openni2_redist/arm64/libDepthUtils.a
[76.643s] -- Installing: /home/agilex/agilex_ws/install/astra_camera/include/openni2/openni2_redist/arm64/PS1080Console
[76.643s] -- Installing: /home/agilex/agilex_ws/install/astra_camera/include/openni2/openni2_redist/arm64/NiViewer
[76.643s] -- Installing: /home/agilex/agilex_ws/install/astra_camera/include/openni2/openni2_redist/arm
[76.643s] -- Installing: /home/agilex/agilex_ws/install/astra_camera/include/openni2/openni2_redist/arm/SimpleRead
[76.643s] -- Installing: /home/agilex/agilex_ws/install/astra_camera/include/openni2/openni2_redist/arm/libOpenNI2.so
[76.643s] -- Installing: /home/agilex/agilex_ws/install/astra_camera/include/openni2/openni2_redist/arm/OpenNI2
[76.643s] -- Installing: /home/agilex/agilex_ws/install/astra_camera/include/openni2/openni2_redist/arm/OpenNI2/Drivers
[76.643s] -- Installing: /home/agilex/agilex_ws/install/astra_camera/include/openni2/openni2_redist/arm/OpenNI2/Drivers/libOniFile.so
[76.643s] -- Installing: /home/agilex/agilex_ws/install/astra_camera/include/openni2/openni2_redist/arm/OpenNI2/Drivers/orbbec.ini
[76.643s] -- Installing: /home/agilex/agilex_ws/install/astra_camera/include/openni2/openni2_redist/arm/OpenNI2/Drivers/OniFile.ini
[76.643s] -- Installing: /home/agilex/agilex_ws/install/astra_camera/include/openni2/openni2_redist/arm/OpenNI2/Drivers/liborbbec.so
[76.644s] -- Installing: /home/agilex/agilex_ws/install/astra_camera/include/openni2/openni2_redist/arm/OpenNI.ini
[76.644s] -- Installing: /home/agilex/agilex_ws/install/astra_camera/include/openni2/openni2_redist/arm/libDepthUtils.a
[76.644s] -- Installing: /home/agilex/agilex_ws/install/astra_camera/include/openni2/openni2_redist/arm/PS1080Console
[76.644s] -- Installing: /home/agilex/agilex_ws/install/astra_camera/include/openni2/openni2_redist/arm/NiViewer
[76.644s] -- Installing: /home/agilex/agilex_ws/install/astra_camera/include/openni2/OniPlatform.h
[76.644s] -- Installing: /home/agilex/agilex_ws/install/astra_camera/include/openni2/OniEnums.h
[76.645s] -- Installing: /home/agilex/agilex_ws/install/astra_camera/include/openni2/PrimeSense.h
[76.645s] -- Installing: /home/agilex/agilex_ws/install/astra_camera/include/openni2/OniTest.h
[76.645s] -- Installing: /home/agilex/agilex_ws/install/astra_camera/include/openni2/OniCEnums.h
[76.645s] -- Installing: /home/agilex/agilex_ws/install/astra_camera/include/openni2/Win32
[76.645s] -- Installing: /home/agilex/agilex_ws/install/astra_camera/include/openni2/Win32/OniPlatformWin32.h
[76.645s] -- Installing: /home/agilex/agilex_ws/install/astra_camera/include/openni2/OniProperties.h
[76.645s] -- Installing: /home/agilex/agilex_ws/install/astra_camera/include/openni2/OniVersion.h
[76.649s] -- Installing: /home/agilex/agilex_ws/install/astra_camera/include/openni2/SonixCamera.h
[76.649s] -- Installing: /home/agilex/agilex_ws/install/astra_camera/include/openni2/OniCProperties.h
[76.649s] -- Installing: /home/agilex/agilex_ws/install/astra_camera/include/openni2/MacOSX
[76.649s] -- Installing: /home/agilex/agilex_ws/install/astra_camera/include/openni2/MacOSX/OniPlatformMacOSX.h
[76.649s] -- Installing: /home/agilex/agilex_ws/install/astra_camera/include/openni2/PS1080.h
[76.649s] -- Installing: /home/agilex/agilex_ws/install/astra_camera/include/openni2/util.h
[76.649s] -- Installing: /home/agilex/agilex_ws/install/astra_camera/include/openni2/OniCTypes.h
[76.650s] -- Installing: /home/agilex/agilex_ws/install/astra_camera/include/openni2/Linux-Arm
[76.650s] -- Installing: /home/agilex/agilex_ws/install/astra_camera/include/openni2/Linux-Arm/OniPlatformLinux-Arm.h
[76.650s] -- Installing: /home/agilex/agilex_ws/install/astra_camera/include/openni2/PSLink.h
[76.650s] -- Installing: /home/agilex/agilex_ws/install/astra_camera/include/astra_camera
[76.650s] -- Installing: /home/agilex/agilex_ws/install/astra_camera/include/astra_camera/ob_timer_filter.h
[76.650s] -- Installing: /home/agilex/agilex_ws/install/astra_camera/include/astra_camera/ob_camera_node.h
[76.650s] -- Installing: /home/agilex/agilex_ws/install/astra_camera/include/astra_camera/uvc_camera_driver.h
[76.650s] -- Installing: /home/agilex/agilex_ws/install/astra_camera/include/astra_camera/utils.h
[76.650s] -- Installing: /home/agilex/agilex_ws/install/astra_camera/include/astra_camera/ros_param_backend.h
[76.651s] -- Installing: /home/agilex/agilex_ws/install/astra_camera/include/astra_camera/point_cloud_proc
[76.651s] -- Installing: /home/agilex/agilex_ws/install/astra_camera/include/astra_camera/point_cloud_proc/point_cloud_xyz.h
[76.651s] -- Installing: /home/agilex/agilex_ws/install/astra_camera/include/astra_camera/point_cloud_proc/point_cloud_xyzrgb.h
[76.651s] -- Installing: /home/agilex/agilex_ws/install/astra_camera/include/astra_camera/point_cloud_proc/depth_traits.h
[76.651s] -- Installing: /home/agilex/agilex_ws/install/astra_camera/include/astra_camera/dynamic_params.h
[76.651s] -- Installing: /home/agilex/agilex_ws/install/astra_camera/include/astra_camera/device_listener.h
[76.651s] -- Installing: /home/agilex/agilex_ws/install/astra_camera/include/astra_camera/ob_camera_node_factory.h
[76.651s] -- Installing: /home/agilex/agilex_ws/install/astra_camera/include/astra_camera/types.h
[76.651s] -- Installing: /home/agilex/agilex_ws/install/astra_camera/include/astra_camera/constants.h
[76.651s] -- Installing: /home/agilex/agilex_ws/install/astra_camera/include/astra_camera/ob_frame_listener.h
[76.652s] -- Installing: /home/agilex/agilex_ws/install/astra_camera/share/astra_camera//launch
[76.652s] -- Installing: /home/agilex/agilex_ws/install/astra_camera/share/astra_camera//launch/dabai_dcw.launch.py
[76.652s] -- Installing: /home/agilex/agilex_ws/install/astra_camera/share/astra_camera//launch/.gitkeep
[76.652s] -- Installing: /home/agilex/agilex_ws/install/astra_camera/share/astra_camera//launch/multi_dabai_pro.launch.py
[76.652s] -- Installing: /home/agilex/agilex_ws/install/astra_camera/share/astra_camera//launch/dabai_pro.launch.py
[76.652s] -- Installing: /home/agilex/agilex_ws/install/astra_camera/share/astra_camera//launch/astra_mini.launch.py
[76.652s] -- Installing: /home/agilex/agilex_ws/install/astra_camera/share/astra_camera//launch/dabai_dw.launch.py
[76.653s] -- Installing: /home/agilex/agilex_ws/install/astra_camera/share/astra_camera//launch/multi_dabai.launch.py
[76.653s] -- Installing: /home/agilex/agilex_ws/install/astra_camera/share/astra_camera//launch/multi_dabai_dw.launch.py
[76.653s] -- Installing: /home/agilex/agilex_ws/install/astra_camera/share/astra_camera//launch/multi_dabai_dcw.launch.py
[76.653s] -- Installing: /home/agilex/agilex_ws/install/astra_camera/share/astra_camera//launch/dabai.launch.py
[76.653s] -- Installing: /home/agilex/agilex_ws/install/astra_camera/share/astra_camera//launch/multi_astra_mini.launch.py
[76.653s] -- Installing: /home/agilex/agilex_ws/install/astra_camera/share/astra_camera//launch/__pycache__
[76.653s] -- Installing: /home/agilex/agilex_ws/install/astra_camera/share/astra_camera//launch/__pycache__/dabai.launch.cpython-310.pyc
[76.653s] -- Installing: /home/agilex/agilex_ws/install/astra_camera/share/astra_camera//launch/__pycache__/astra_mini.launch.cpython-310.pyc
[76.653s] -- Installing: /home/agilex/agilex_ws/install/astra_camera/share/astra_camera//config
[76.653s] -- Installing: /home/agilex/agilex_ws/install/astra_camera/share/astra_camera//config/.gitkeep
[76.654s] -- Installing: /home/agilex/agilex_ws/install/astra_camera/share/astra_camera//params
[76.654s] -- Installing: /home/agilex/agilex_ws/install/astra_camera/share/astra_camera//params/dabai_pro_params.yaml
[76.654s] -- Installing: /home/agilex/agilex_ws/install/astra_camera/share/astra_camera//params/.gitkeep
[76.654s] -- Installing: /home/agilex/agilex_ws/install/astra_camera/share/astra_camera//params/camera_params_template.yaml
[76.654s] -- Installing: /home/agilex/agilex_ws/install/astra_camera/share/astra_camera//params/dabai_dcw_params.yaml
[76.654s] -- Installing: /home/agilex/agilex_ws/install/astra_camera/share/astra_camera//params/dabai_dw_params.yaml
[76.654s] -- Installing: /home/agilex/agilex_ws/install/astra_camera/share/astra_camera//params/dabai_params.yaml
[76.654s] -- Installing: /home/agilex/agilex_ws/install/astra_camera/share/astra_camera//params/astra_mini_params.yaml
[76.654s] -- Installing: /home/agilex/agilex_ws/install/astra_camera/share/astra_camera//rviz
[76.655s] -- Installing: /home/agilex/agilex_ws/install/astra_camera/share/astra_camera//rviz/.gitkeep
[76.655s] -- Installing: /home/agilex/agilex_ws/install/astra_camera/share/astra_camera//rviz/multi_camera.rviz
[76.655s] -- Installing: /home/agilex/agilex_ws/install/astra_camera/share/astra_camera//rviz/pointcloud.rviz
[76.655s] -- Installing: /home/agilex/agilex_ws/install/astra_camera/share/astra_camera/environment/library_path.sh
[76.655s] -- Installing: /home/agilex/agilex_ws/install/astra_camera/share/astra_camera/environment/library_path.dsv
[76.656s] -- Installing: /home/agilex/agilex_ws/install/astra_camera/share/ament_index/resource_index/package_run_dependencies/astra_camera
[76.656s] -- Installing: /home/agilex/agilex_ws/install/astra_camera/share/ament_index/resource_index/parent_prefix_path/astra_camera
[76.656s] -- Installing: /home/agilex/agilex_ws/install/astra_camera/share/astra_camera/environment/ament_prefix_path.sh
[76.656s] -- Installing: /home/agilex/agilex_ws/install/astra_camera/share/astra_camera/environment/ament_prefix_path.dsv
[76.656s] -- Installing: /home/agilex/agilex_ws/install/astra_camera/share/astra_camera/environment/path.sh
[76.656s] -- Installing: /home/agilex/agilex_ws/install/astra_camera/share/astra_camera/environment/path.dsv
[76.656s] -- Installing: /home/agilex/agilex_ws/install/astra_camera/share/astra_camera/local_setup.bash
[76.657s] -- Installing: /home/agilex/agilex_ws/install/astra_camera/share/astra_camera/local_setup.sh
[76.657s] -- Installing: /home/agilex/agilex_ws/install/astra_camera/share/astra_camera/local_setup.zsh
[76.657s] -- Installing: /home/agilex/agilex_ws/install/astra_camera/share/astra_camera/local_setup.dsv
[76.657s] -- Installing: /home/agilex/agilex_ws/install/astra_camera/share/astra_camera/package.dsv
[76.657s] -- Installing: /home/agilex/agilex_ws/install/astra_camera/share/ament_index/resource_index/packages/astra_camera
[76.657s] -- Installing: /home/agilex/agilex_ws/install/astra_camera/share/ament_index/resource_index/rclcpp_components/astra_camera
[76.657s] -- Installing: /home/agilex/agilex_ws/install/astra_camera/share/astra_camera/cmake/ament_cmake_export_include_directories-extras.cmake
[76.657s] -- Installing: /home/agilex/agilex_ws/install/astra_camera/share/astra_camera/cmake/ament_cmake_export_libraries-extras.cmake
[76.657s] -- Installing: /home/agilex/agilex_ws/install/astra_camera/share/astra_camera/cmake/ament_cmake_export_dependencies-extras.cmake
[76.657s] -- Installing: /home/agilex/agilex_ws/install/astra_camera/share/astra_camera/cmake/astra_cameraConfig.cmake
[76.657s] -- Installing: /home/agilex/agilex_ws/install/astra_camera/share/astra_camera/cmake/astra_cameraConfig-version.cmake
[76.657s] -- Installing: /home/agilex/agilex_ws/install/astra_camera/share/astra_camera/package.xml
[76.661s] Invoked command in '/home/agilex/agilex_ws/build/astra_camera' returned '0': AMENT_PREFIX_PATH=/home/agilex/agilex_ws/install/astra_camera_msgs:${AMENT_PREFIX_PATH} CMAKE_PREFIX_PATH=/home/agilex/agilex_ws/install/astra_camera_msgs:/opt/ros/humble LD_LIBRARY_PATH=/home/agilex/agilex_ws/install/astra_camera_msgs/lib:${LD_LIBRARY_PATH} PYTHONPATH=/home/agilex/agilex_ws/install/astra_camera_msgs/local/lib/python3.10/dist-packages:${PYTHONPATH} /usr/bin/cmake --install /home/agilex/agilex_ws/build/astra_camera
