[0.247s] Invoking command in '/home/agilex/agilex_ws/build/aruco_msgs': CMAKE_PREFIX_PATH=${CMAKE_PREFIX_PATH}:/home/agilex/agilex_ws/install/yolov5_ros2:/home/agilex/agilex_ws/install/nav2_simple_commander:/opt/ros/humble /usr/bin/cmake --build /home/agilex/agilex_ws/build/aruco_msgs -- -j8 -l8
[0.443s] [  2%] Built target aruco_msgs__cpp
[0.464s] [35m[1mConsolidate compiler generated dependencies of target aruco_msgs__rosidl_generator_c[0m
[0.536s] [35m[1mConsolidate compiler generated dependencies of target aruco_msgs__rosidl_typesupport_cpp[0m
[0.538s] [35m[1mConsolidate compiler generated dependencies of target aruco_msgs__rosidl_typesupport_fastrtps_cpp[0m
[0.552s] [35m[1mConsolidate compiler generated dependencies of target aruco_msgs__rosidl_typesupport_introspection_cpp[0m
[0.654s] [  5%] Built target ament_cmake_python_copy_aruco_msgs
[0.673s] [ 15%] Built target aruco_msgs__rosidl_generator_c
[0.724s] [ 38%] Built target aruco_msgs__rosidl_typesupport_cpp
[0.727s] [ 41%] Built target aruco_msgs__rosidl_typesupport_introspection_cpp
[0.733s] [ 43%] Built target aruco_msgs__rosidl_typesupport_fastrtps_cpp
[0.761s] [35m[1mConsolidate compiler generated dependencies of target aruco_msgs__rosidl_typesupport_c[0m
[0.763s] [35m[1mConsolidate compiler generated dependencies of target aruco_msgs__rosidl_typesupport_fastrtps_c[0m
[0.776s] [35m[1mConsolidate compiler generated dependencies of target aruco_msgs__rosidl_typesupport_introspection_c[0m
[0.856s] [ 53%] Built target aruco_msgs__rosidl_typesupport_c
[0.876s] [ 64%] Built target aruco_msgs__rosidl_typesupport_fastrtps_c
[0.892s] [ 74%] Built target aruco_msgs__rosidl_typesupport_introspection_c
[0.982s] [ 74%] Built target aruco_msgs
[1.089s] [ 76%] Built target aruco_msgs__py
[1.136s] [35m[1mConsolidate compiler generated dependencies of target aruco_msgs__rosidl_generator_py[0m
[1.173s] [ 84%] Built target aruco_msgs__rosidl_generator_py
[1.180s] running egg_info
[1.182s] writing aruco_msgs.egg-info/PKG-INFO
[1.182s] writing dependency_links to aruco_msgs.egg-info/dependency_links.txt
[1.183s] writing top-level names to aruco_msgs.egg-info/top_level.txt
[1.187s] reading manifest file 'aruco_msgs.egg-info/SOURCES.txt'
[1.188s] writing manifest file 'aruco_msgs.egg-info/SOURCES.txt'
[1.222s] [35m[1mConsolidate compiler generated dependencies of target aruco_msgs__rosidl_typesupport_fastrtps_c__pyext[0m
[1.229s] [35m[1mConsolidate compiler generated dependencies of target aruco_msgs__rosidl_typesupport_introspection_c__pyext[0m
[1.230s] [35m[1mConsolidate compiler generated dependencies of target aruco_msgs__rosidl_typesupport_c__pyext[0m
[1.241s] [ 84%] Built target ament_cmake_python_build_aruco_msgs_egg
[1.280s] [ 89%] Built target aruco_msgs__rosidl_typesupport_fastrtps_c__pyext
[1.311s] [ 97%] Built target aruco_msgs__rosidl_typesupport_introspection_c__pyext
[1.312s] [100%] Built target aruco_msgs__rosidl_typesupport_c__pyext
[1.345s] Invoked command in '/home/agilex/agilex_ws/build/aruco_msgs' returned '0': CMAKE_PREFIX_PATH=${CMAKE_PREFIX_PATH}:/home/agilex/agilex_ws/install/yolov5_ros2:/home/agilex/agilex_ws/install/nav2_simple_commander:/opt/ros/humble /usr/bin/cmake --build /home/agilex/agilex_ws/build/aruco_msgs -- -j8 -l8
[1.510s] Invoking command in '/home/agilex/agilex_ws/build/aruco_msgs': CMAKE_PREFIX_PATH=${CMAKE_PREFIX_PATH}:/home/agilex/agilex_ws/install/yolov5_ros2:/home/agilex/agilex_ws/install/nav2_simple_commander:/opt/ros/humble /usr/bin/cmake --install /home/agilex/agilex_ws/build/aruco_msgs
[1.528s] -- Install configuration: ""
[1.528s] -- Up-to-date: /home/agilex/agilex_ws/install/aruco_msgs/share/ament_index/resource_index/rosidl_interfaces/aruco_msgs
[1.529s] -- Up-to-date: /home/agilex/agilex_ws/install/aruco_msgs/include/aruco_msgs/aruco_msgs
[1.529s] -- Up-to-date: /home/agilex/agilex_ws/install/aruco_msgs/include/aruco_msgs/aruco_msgs/msg
[1.529s] -- Up-to-date: /home/agilex/agilex_ws/install/aruco_msgs/include/aruco_msgs/aruco_msgs/msg/detail
[1.529s] -- Up-to-date: /home/agilex/agilex_ws/install/aruco_msgs/include/aruco_msgs/aruco_msgs/msg/detail/marker__functions.c
[1.529s] -- Up-to-date: /home/agilex/agilex_ws/install/aruco_msgs/include/aruco_msgs/aruco_msgs/msg/detail/marker_array__functions.c
[1.529s] -- Up-to-date: /home/agilex/agilex_ws/install/aruco_msgs/include/aruco_msgs/aruco_msgs/msg/detail/marker__functions.h
[1.529s] -- Up-to-date: /home/agilex/agilex_ws/install/aruco_msgs/include/aruco_msgs/aruco_msgs/msg/detail/marker__struct.h
[1.529s] -- Up-to-date: /home/agilex/agilex_ws/install/aruco_msgs/include/aruco_msgs/aruco_msgs/msg/detail/marker__type_support.h
[1.529s] -- Up-to-date: /home/agilex/agilex_ws/install/aruco_msgs/include/aruco_msgs/aruco_msgs/msg/detail/marker_array__functions.h
[1.529s] -- Up-to-date: /home/agilex/agilex_ws/install/aruco_msgs/include/aruco_msgs/aruco_msgs/msg/detail/marker_array__struct.h
[1.529s] -- Up-to-date: /home/agilex/agilex_ws/install/aruco_msgs/include/aruco_msgs/aruco_msgs/msg/detail/marker_array__type_support.h
[1.529s] -- Up-to-date: /home/agilex/agilex_ws/install/aruco_msgs/include/aruco_msgs/aruco_msgs/msg/marker.h
[1.530s] -- Up-to-date: /home/agilex/agilex_ws/install/aruco_msgs/include/aruco_msgs/aruco_msgs/msg/marker_array.h
[1.530s] -- Up-to-date: /home/agilex/agilex_ws/install/aruco_msgs/include/aruco_msgs/aruco_msgs/msg/rosidl_generator_c__visibility_control.h
[1.530s] -- Up-to-date: /home/agilex/agilex_ws/install/aruco_msgs/share/aruco_msgs/environment/library_path.sh
[1.530s] -- Up-to-date: /home/agilex/agilex_ws/install/aruco_msgs/share/aruco_msgs/environment/library_path.dsv
[1.530s] -- Up-to-date: /home/agilex/agilex_ws/install/aruco_msgs/lib/libaruco_msgs__rosidl_generator_c.so
[1.530s] -- Up-to-date: /home/agilex/agilex_ws/install/aruco_msgs/include/aruco_msgs/aruco_msgs
[1.530s] -- Up-to-date: /home/agilex/agilex_ws/install/aruco_msgs/include/aruco_msgs/aruco_msgs/msg
[1.530s] -- Up-to-date: /home/agilex/agilex_ws/install/aruco_msgs/include/aruco_msgs/aruco_msgs/msg/detail
[1.530s] -- Up-to-date: /home/agilex/agilex_ws/install/aruco_msgs/include/aruco_msgs/aruco_msgs/msg/detail/marker__rosidl_typesupport_fastrtps_c.h
[1.530s] -- Up-to-date: /home/agilex/agilex_ws/install/aruco_msgs/include/aruco_msgs/aruco_msgs/msg/detail/marker_array__rosidl_typesupport_fastrtps_c.h
[1.530s] -- Up-to-date: /home/agilex/agilex_ws/install/aruco_msgs/include/aruco_msgs/aruco_msgs/msg/rosidl_typesupport_fastrtps_c__visibility_control.h
[1.530s] -- Up-to-date: /home/agilex/agilex_ws/install/aruco_msgs/lib/libaruco_msgs__rosidl_typesupport_fastrtps_c.so
[1.530s] -- Up-to-date: /home/agilex/agilex_ws/install/aruco_msgs/include/aruco_msgs/aruco_msgs
[1.530s] -- Up-to-date: /home/agilex/agilex_ws/install/aruco_msgs/include/aruco_msgs/aruco_msgs/msg
[1.530s] -- Up-to-date: /home/agilex/agilex_ws/install/aruco_msgs/include/aruco_msgs/aruco_msgs/msg/marker.hpp
[1.531s] -- Up-to-date: /home/agilex/agilex_ws/install/aruco_msgs/include/aruco_msgs/aruco_msgs/msg/detail
[1.531s] -- Up-to-date: /home/agilex/agilex_ws/install/aruco_msgs/include/aruco_msgs/aruco_msgs/msg/detail/marker__builder.hpp
[1.531s] -- Up-to-date: /home/agilex/agilex_ws/install/aruco_msgs/include/aruco_msgs/aruco_msgs/msg/detail/marker__struct.hpp
[1.531s] -- Up-to-date: /home/agilex/agilex_ws/install/aruco_msgs/include/aruco_msgs/aruco_msgs/msg/detail/marker__traits.hpp
[1.531s] -- Up-to-date: /home/agilex/agilex_ws/install/aruco_msgs/include/aruco_msgs/aruco_msgs/msg/detail/marker_array__builder.hpp
[1.531s] -- Up-to-date: /home/agilex/agilex_ws/install/aruco_msgs/include/aruco_msgs/aruco_msgs/msg/detail/marker_array__struct.hpp
[1.531s] -- Up-to-date: /home/agilex/agilex_ws/install/aruco_msgs/include/aruco_msgs/aruco_msgs/msg/detail/marker_array__traits.hpp
[1.531s] -- Up-to-date: /home/agilex/agilex_ws/install/aruco_msgs/include/aruco_msgs/aruco_msgs/msg/marker_array.hpp
[1.531s] -- Up-to-date: /home/agilex/agilex_ws/install/aruco_msgs/include/aruco_msgs/aruco_msgs
[1.531s] -- Up-to-date: /home/agilex/agilex_ws/install/aruco_msgs/include/aruco_msgs/aruco_msgs/msg
[1.531s] -- Up-to-date: /home/agilex/agilex_ws/install/aruco_msgs/include/aruco_msgs/aruco_msgs/msg/detail
[1.531s] -- Up-to-date: /home/agilex/agilex_ws/install/aruco_msgs/include/aruco_msgs/aruco_msgs/msg/detail/marker__rosidl_typesupport_fastrtps_cpp.hpp
[1.531s] -- Up-to-date: /home/agilex/agilex_ws/install/aruco_msgs/include/aruco_msgs/aruco_msgs/msg/detail/dds_fastrtps
[1.531s] -- Up-to-date: /home/agilex/agilex_ws/install/aruco_msgs/include/aruco_msgs/aruco_msgs/msg/detail/marker_array__rosidl_typesupport_fastrtps_cpp.hpp
[1.532s] -- Up-to-date: /home/agilex/agilex_ws/install/aruco_msgs/include/aruco_msgs/aruco_msgs/msg/rosidl_typesupport_fastrtps_cpp__visibility_control.h
[1.532s] -- Up-to-date: /home/agilex/agilex_ws/install/aruco_msgs/lib/libaruco_msgs__rosidl_typesupport_fastrtps_cpp.so
[1.532s] -- Up-to-date: /home/agilex/agilex_ws/install/aruco_msgs/include/aruco_msgs/aruco_msgs
[1.532s] -- Up-to-date: /home/agilex/agilex_ws/install/aruco_msgs/include/aruco_msgs/aruco_msgs/msg
[1.532s] -- Up-to-date: /home/agilex/agilex_ws/install/aruco_msgs/include/aruco_msgs/aruco_msgs/msg/detail
[1.532s] -- Up-to-date: /home/agilex/agilex_ws/install/aruco_msgs/include/aruco_msgs/aruco_msgs/msg/detail/marker__type_support.c
[1.532s] -- Up-to-date: /home/agilex/agilex_ws/install/aruco_msgs/include/aruco_msgs/aruco_msgs/msg/detail/marker_array__type_support.c
[1.532s] -- Up-to-date: /home/agilex/agilex_ws/install/aruco_msgs/include/aruco_msgs/aruco_msgs/msg/detail/marker__rosidl_typesupport_introspection_c.h
[1.534s] -- Up-to-date: /home/agilex/agilex_ws/install/aruco_msgs/include/aruco_msgs/aruco_msgs/msg/detail/marker_array__rosidl_typesupport_introspection_c.h
[1.534s] -- Up-to-date: /home/agilex/agilex_ws/install/aruco_msgs/include/aruco_msgs/aruco_msgs/msg/rosidl_typesupport_introspection_c__visibility_control.h
[1.534s] -- Up-to-date: /home/agilex/agilex_ws/install/aruco_msgs/lib/libaruco_msgs__rosidl_typesupport_introspection_c.so
[1.534s] -- Up-to-date: /home/agilex/agilex_ws/install/aruco_msgs/lib/libaruco_msgs__rosidl_typesupport_c.so
[1.535s] -- Up-to-date: /home/agilex/agilex_ws/install/aruco_msgs/include/aruco_msgs/aruco_msgs
[1.535s] -- Up-to-date: /home/agilex/agilex_ws/install/aruco_msgs/include/aruco_msgs/aruco_msgs/msg
[1.535s] -- Up-to-date: /home/agilex/agilex_ws/install/aruco_msgs/include/aruco_msgs/aruco_msgs/msg/detail
[1.535s] -- Up-to-date: /home/agilex/agilex_ws/install/aruco_msgs/include/aruco_msgs/aruco_msgs/msg/detail/marker__rosidl_typesupport_introspection_cpp.hpp
[1.535s] -- Up-to-date: /home/agilex/agilex_ws/install/aruco_msgs/include/aruco_msgs/aruco_msgs/msg/detail/marker_array__rosidl_typesupport_introspection_cpp.hpp
[1.535s] -- Up-to-date: /home/agilex/agilex_ws/install/aruco_msgs/include/aruco_msgs/aruco_msgs/msg/detail/marker__type_support.cpp
[1.536s] -- Up-to-date: /home/agilex/agilex_ws/install/aruco_msgs/include/aruco_msgs/aruco_msgs/msg/detail/marker_array__type_support.cpp
[1.536s] -- Up-to-date: /home/agilex/agilex_ws/install/aruco_msgs/lib/libaruco_msgs__rosidl_typesupport_introspection_cpp.so
[1.536s] -- Up-to-date: /home/agilex/agilex_ws/install/aruco_msgs/lib/libaruco_msgs__rosidl_typesupport_cpp.so
[1.536s] -- Up-to-date: /home/agilex/agilex_ws/install/aruco_msgs/share/aruco_msgs/environment/pythonpath.sh
[1.536s] -- Up-to-date: /home/agilex/agilex_ws/install/aruco_msgs/share/aruco_msgs/environment/pythonpath.dsv
[1.536s] -- Up-to-date: /home/agilex/agilex_ws/install/aruco_msgs/local/lib/python3.10/dist-packages/aruco_msgs-3.1.2-py3.10.egg-info
[1.536s] -- Installing: /home/agilex/agilex_ws/install/aruco_msgs/local/lib/python3.10/dist-packages/aruco_msgs-3.1.2-py3.10.egg-info/PKG-INFO
[1.536s] -- Installing: /home/agilex/agilex_ws/install/aruco_msgs/local/lib/python3.10/dist-packages/aruco_msgs-3.1.2-py3.10.egg-info/dependency_links.txt
[1.536s] -- Installing: /home/agilex/agilex_ws/install/aruco_msgs/local/lib/python3.10/dist-packages/aruco_msgs-3.1.2-py3.10.egg-info/top_level.txt
[1.536s] -- Installing: /home/agilex/agilex_ws/install/aruco_msgs/local/lib/python3.10/dist-packages/aruco_msgs-3.1.2-py3.10.egg-info/SOURCES.txt
[1.537s] -- Up-to-date: /home/agilex/agilex_ws/install/aruco_msgs/local/lib/python3.10/dist-packages/aruco_msgs
[1.537s] -- Up-to-date: /home/agilex/agilex_ws/install/aruco_msgs/local/lib/python3.10/dist-packages/aruco_msgs/msg
[1.537s] -- Up-to-date: /home/agilex/agilex_ws/install/aruco_msgs/local/lib/python3.10/dist-packages/aruco_msgs/msg/_marker_s.c
[1.537s] -- Up-to-date: /home/agilex/agilex_ws/install/aruco_msgs/local/lib/python3.10/dist-packages/aruco_msgs/msg/_marker_array_s.c
[1.537s] -- Up-to-date: /home/agilex/agilex_ws/install/aruco_msgs/local/lib/python3.10/dist-packages/aruco_msgs/msg/__init__.py
[1.537s] -- Up-to-date: /home/agilex/agilex_ws/install/aruco_msgs/local/lib/python3.10/dist-packages/aruco_msgs/msg/_marker.py
[1.537s] -- Up-to-date: /home/agilex/agilex_ws/install/aruco_msgs/local/lib/python3.10/dist-packages/aruco_msgs/msg/_marker_array.py
[1.538s] -- Up-to-date: /home/agilex/agilex_ws/install/aruco_msgs/local/lib/python3.10/dist-packages/aruco_msgs/_aruco_msgs_s.ep.rosidl_typesupport_fastrtps_c.c
[1.538s] -- Up-to-date: /home/agilex/agilex_ws/install/aruco_msgs/local/lib/python3.10/dist-packages/aruco_msgs/_aruco_msgs_s.ep.rosidl_typesupport_introspection_c.c
[1.538s] -- Up-to-date: /home/agilex/agilex_ws/install/aruco_msgs/local/lib/python3.10/dist-packages/aruco_msgs/_aruco_msgs_s.ep.rosidl_typesupport_c.c
[1.538s] -- Up-to-date: /home/agilex/agilex_ws/install/aruco_msgs/local/lib/python3.10/dist-packages/aruco_msgs/__init__.py
[1.538s] -- Up-to-date: /home/agilex/agilex_ws/install/aruco_msgs/local/lib/python3.10/dist-packages/aruco_msgs/libaruco_msgs__rosidl_generator_py.so
[1.538s] -- Up-to-date: /home/agilex/agilex_ws/install/aruco_msgs/local/lib/python3.10/dist-packages/aruco_msgs/aruco_msgs_s__rosidl_typesupport_c.cpython-310-x86_64-linux-gnu.so
[1.538s] -- Up-to-date: /home/agilex/agilex_ws/install/aruco_msgs/local/lib/python3.10/dist-packages/aruco_msgs/aruco_msgs_s__rosidl_typesupport_fastrtps_c.cpython-310-x86_64-linux-gnu.so
[1.538s] -- Up-to-date: /home/agilex/agilex_ws/install/aruco_msgs/local/lib/python3.10/dist-packages/aruco_msgs/aruco_msgs_s__rosidl_typesupport_introspection_c.cpython-310-x86_64-linux-gnu.so
[1.585s] Listing '/home/agilex/agilex_ws/install/aruco_msgs/local/lib/python3.10/dist-packages/aruco_msgs'...
[1.585s] Listing '/home/agilex/agilex_ws/install/aruco_msgs/local/lib/python3.10/dist-packages/aruco_msgs/msg'...
[1.585s] -- Up-to-date: /home/agilex/agilex_ws/install/aruco_msgs/local/lib/python3.10/dist-packages/aruco_msgs/aruco_msgs_s__rosidl_typesupport_fastrtps_c.cpython-310-x86_64-linux-gnu.so
[1.586s] -- Up-to-date: /home/agilex/agilex_ws/install/aruco_msgs/local/lib/python3.10/dist-packages/aruco_msgs/aruco_msgs_s__rosidl_typesupport_introspection_c.cpython-310-x86_64-linux-gnu.so
[1.586s] -- Up-to-date: /home/agilex/agilex_ws/install/aruco_msgs/local/lib/python3.10/dist-packages/aruco_msgs/aruco_msgs_s__rosidl_typesupport_c.cpython-310-x86_64-linux-gnu.so
[1.588s] -- Up-to-date: /home/agilex/agilex_ws/install/aruco_msgs/lib/libaruco_msgs__rosidl_generator_py.so
[1.593s] -- Up-to-date: /home/agilex/agilex_ws/install/aruco_msgs/share/aruco_msgs/msg/Marker.idl
[1.593s] -- Up-to-date: /home/agilex/agilex_ws/install/aruco_msgs/share/aruco_msgs/msg/MarkerArray.idl
[1.594s] -- Up-to-date: /home/agilex/agilex_ws/install/aruco_msgs/share/aruco_msgs/msg/Marker.msg
[1.595s] -- Up-to-date: /home/agilex/agilex_ws/install/aruco_msgs/share/aruco_msgs/msg/MarkerArray.msg
[1.595s] -- Up-to-date: /home/agilex/agilex_ws/install/aruco_msgs/share/ament_index/resource_index/package_run_dependencies/aruco_msgs
[1.595s] -- Up-to-date: /home/agilex/agilex_ws/install/aruco_msgs/share/ament_index/resource_index/parent_prefix_path/aruco_msgs
[1.595s] -- Up-to-date: /home/agilex/agilex_ws/install/aruco_msgs/share/aruco_msgs/environment/ament_prefix_path.sh
[1.595s] -- Up-to-date: /home/agilex/agilex_ws/install/aruco_msgs/share/aruco_msgs/environment/ament_prefix_path.dsv
[1.595s] -- Up-to-date: /home/agilex/agilex_ws/install/aruco_msgs/share/aruco_msgs/environment/path.sh
[1.595s] -- Up-to-date: /home/agilex/agilex_ws/install/aruco_msgs/share/aruco_msgs/environment/path.dsv
[1.595s] -- Up-to-date: /home/agilex/agilex_ws/install/aruco_msgs/share/aruco_msgs/local_setup.bash
[1.595s] -- Up-to-date: /home/agilex/agilex_ws/install/aruco_msgs/share/aruco_msgs/local_setup.sh
[1.595s] -- Up-to-date: /home/agilex/agilex_ws/install/aruco_msgs/share/aruco_msgs/local_setup.zsh
[1.596s] -- Up-to-date: /home/agilex/agilex_ws/install/aruco_msgs/share/aruco_msgs/local_setup.dsv
[1.596s] -- Installing: /home/agilex/agilex_ws/install/aruco_msgs/share/aruco_msgs/package.dsv
[1.596s] -- Up-to-date: /home/agilex/agilex_ws/install/aruco_msgs/share/ament_index/resource_index/packages/aruco_msgs
[1.596s] -- Up-to-date: /home/agilex/agilex_ws/install/aruco_msgs/share/aruco_msgs/cmake/export_aruco_msgs__rosidl_generator_cExport.cmake
[1.596s] -- Up-to-date: /home/agilex/agilex_ws/install/aruco_msgs/share/aruco_msgs/cmake/export_aruco_msgs__rosidl_generator_cExport-noconfig.cmake
[1.596s] -- Up-to-date: /home/agilex/agilex_ws/install/aruco_msgs/share/aruco_msgs/cmake/export_aruco_msgs__rosidl_typesupport_fastrtps_cExport.cmake
[1.596s] -- Up-to-date: /home/agilex/agilex_ws/install/aruco_msgs/share/aruco_msgs/cmake/export_aruco_msgs__rosidl_typesupport_fastrtps_cExport-noconfig.cmake
[1.596s] -- Up-to-date: /home/agilex/agilex_ws/install/aruco_msgs/share/aruco_msgs/cmake/export_aruco_msgs__rosidl_generator_cppExport.cmake
[1.596s] -- Up-to-date: /home/agilex/agilex_ws/install/aruco_msgs/share/aruco_msgs/cmake/export_aruco_msgs__rosidl_typesupport_fastrtps_cppExport.cmake
[1.597s] -- Up-to-date: /home/agilex/agilex_ws/install/aruco_msgs/share/aruco_msgs/cmake/export_aruco_msgs__rosidl_typesupport_fastrtps_cppExport-noconfig.cmake
[1.597s] -- Up-to-date: /home/agilex/agilex_ws/install/aruco_msgs/share/aruco_msgs/cmake/aruco_msgs__rosidl_typesupport_introspection_cExport.cmake
[1.598s] -- Up-to-date: /home/agilex/agilex_ws/install/aruco_msgs/share/aruco_msgs/cmake/aruco_msgs__rosidl_typesupport_introspection_cExport-noconfig.cmake
[1.598s] -- Up-to-date: /home/agilex/agilex_ws/install/aruco_msgs/share/aruco_msgs/cmake/aruco_msgs__rosidl_typesupport_cExport.cmake
[1.598s] -- Up-to-date: /home/agilex/agilex_ws/install/aruco_msgs/share/aruco_msgs/cmake/aruco_msgs__rosidl_typesupport_cExport-noconfig.cmake
[1.598s] -- Up-to-date: /home/agilex/agilex_ws/install/aruco_msgs/share/aruco_msgs/cmake/aruco_msgs__rosidl_typesupport_introspection_cppExport.cmake
[1.598s] -- Up-to-date: /home/agilex/agilex_ws/install/aruco_msgs/share/aruco_msgs/cmake/aruco_msgs__rosidl_typesupport_introspection_cppExport-noconfig.cmake
[1.599s] -- Up-to-date: /home/agilex/agilex_ws/install/aruco_msgs/share/aruco_msgs/cmake/aruco_msgs__rosidl_typesupport_cppExport.cmake
[1.599s] -- Up-to-date: /home/agilex/agilex_ws/install/aruco_msgs/share/aruco_msgs/cmake/aruco_msgs__rosidl_typesupport_cppExport-noconfig.cmake
[1.599s] -- Up-to-date: /home/agilex/agilex_ws/install/aruco_msgs/share/aruco_msgs/cmake/export_aruco_msgs__rosidl_generator_pyExport.cmake
[1.599s] -- Up-to-date: /home/agilex/agilex_ws/install/aruco_msgs/share/aruco_msgs/cmake/export_aruco_msgs__rosidl_generator_pyExport-noconfig.cmake
[1.599s] -- Up-to-date: /home/agilex/agilex_ws/install/aruco_msgs/share/aruco_msgs/cmake/rosidl_cmake-extras.cmake
[1.600s] -- Up-to-date: /home/agilex/agilex_ws/install/aruco_msgs/share/aruco_msgs/cmake/ament_cmake_export_dependencies-extras.cmake
[1.600s] -- Up-to-date: /home/agilex/agilex_ws/install/aruco_msgs/share/aruco_msgs/cmake/ament_cmake_export_include_directories-extras.cmake
[1.600s] -- Up-to-date: /home/agilex/agilex_ws/install/aruco_msgs/share/aruco_msgs/cmake/ament_cmake_export_libraries-extras.cmake
[1.600s] -- Up-to-date: /home/agilex/agilex_ws/install/aruco_msgs/share/aruco_msgs/cmake/ament_cmake_export_targets-extras.cmake
[1.600s] -- Up-to-date: /home/agilex/agilex_ws/install/aruco_msgs/share/aruco_msgs/cmake/rosidl_cmake_export_typesupport_targets-extras.cmake
[1.600s] -- Up-to-date: /home/agilex/agilex_ws/install/aruco_msgs/share/aruco_msgs/cmake/rosidl_cmake_export_typesupport_libraries-extras.cmake
[1.601s] -- Up-to-date: /home/agilex/agilex_ws/install/aruco_msgs/share/aruco_msgs/cmake/aruco_msgsConfig.cmake
[1.601s] -- Up-to-date: /home/agilex/agilex_ws/install/aruco_msgs/share/aruco_msgs/cmake/aruco_msgsConfig-version.cmake
[1.601s] -- Up-to-date: /home/agilex/agilex_ws/install/aruco_msgs/share/aruco_msgs/package.xml
[1.663s] Invoked command in '/home/agilex/agilex_ws/build/aruco_msgs' returned '0': CMAKE_PREFIX_PATH=${CMAKE_PREFIX_PATH}:/home/agilex/agilex_ws/install/yolov5_ros2:/home/agilex/agilex_ws/install/nav2_simple_commander:/opt/ros/humble /usr/bin/cmake --install /home/agilex/agilex_ws/build/aruco_msgs
