[0.539s] Invoking command in '/home/agilex/agilex_ws/build/orbbec_description': CMAKE_PREFIX_PATH=${CMAKE_PREFIX_PATH}:/home/agilex/agilex_ws/install/yolov5_ros2:/home/agilex/agilex_ws/install/nav2_simple_commander:/opt/ros/humble /usr/bin/cmake --build /home/agilex/agilex_ws/build/orbbec_description -- -j8 -l8
[0.904s] Invoked command in '/home/agilex/agilex_ws/build/orbbec_description' returned '0': CMAKE_PREFIX_PATH=${CMAKE_PREFIX_PATH}:/home/agilex/agilex_ws/install/yolov5_ros2:/home/agilex/agilex_ws/install/nav2_simple_commander:/opt/ros/humble /usr/bin/cmake --build /home/agilex/agilex_ws/build/orbbec_description -- -j8 -l8
[1.222s] Invoking command in '/home/agilex/agilex_ws/build/orbbec_description': CMAKE_PREFIX_PATH=${CMAKE_PREFIX_PATH}:/home/agilex/agilex_ws/install/yolov5_ros2:/home/agilex/agilex_ws/install/nav2_simple_commander:/opt/ros/humble /usr/bin/cmake --install /home/agilex/agilex_ws/build/orbbec_description
[1.412s] -- Install configuration: ""
[1.413s] -- Up-to-date: /home/agilex/agilex_ws/install/orbbec_description/share/ament_index/resource_index/package_run_dependencies/orbbec_description
[1.414s] -- Up-to-date: /home/agilex/agilex_ws/install/orbbec_description/share/ament_index/resource_index/parent_prefix_path/orbbec_description
[1.414s] -- Up-to-date: /home/agilex/agilex_ws/install/orbbec_description/share/orbbec_description/environment/ament_prefix_path.sh
[1.414s] -- Up-to-date: /home/agilex/agilex_ws/install/orbbec_description/share/orbbec_description/environment/ament_prefix_path.dsv
[1.414s] -- Up-to-date: /home/agilex/agilex_ws/install/orbbec_description/share/orbbec_description/environment/path.sh
[1.414s] -- Up-to-date: /home/agilex/agilex_ws/install/orbbec_description/share/orbbec_description/environment/path.dsv
[1.414s] -- Up-to-date: /home/agilex/agilex_ws/install/orbbec_description/share/orbbec_description/local_setup.bash
[1.414s] -- Up-to-date: /home/agilex/agilex_ws/install/orbbec_description/share/orbbec_description/local_setup.sh
[1.414s] -- Up-to-date: /home/agilex/agilex_ws/install/orbbec_description/share/orbbec_description/local_setup.zsh
[1.414s] -- Up-to-date: /home/agilex/agilex_ws/install/orbbec_description/share/orbbec_description/local_setup.dsv
[1.414s] -- Installing: /home/agilex/agilex_ws/install/orbbec_description/share/orbbec_description/package.dsv
[1.414s] -- Up-to-date: /home/agilex/agilex_ws/install/orbbec_description/share/ament_index/resource_index/packages/orbbec_description
[1.415s] -- Up-to-date: /home/agilex/agilex_ws/install/orbbec_description/share/orbbec_description/cmake/orbbec_descriptionConfig.cmake
[1.415s] -- Up-to-date: /home/agilex/agilex_ws/install/orbbec_description/share/orbbec_description/cmake/orbbec_descriptionConfig-version.cmake
[1.415s] -- Up-to-date: /home/agilex/agilex_ws/install/orbbec_description/share/orbbec_description/package.xml
[1.518s] Invoked command in '/home/agilex/agilex_ws/build/orbbec_description' returned '0': CMAKE_PREFIX_PATH=${CMAKE_PREFIX_PATH}:/home/agilex/agilex_ws/install/yolov5_ros2:/home/agilex/agilex_ws/install/nav2_simple_commander:/opt/ros/humble /usr/bin/cmake --install /home/agilex/agilex_ws/build/orbbec_description
