[0.088s] Invoking command in '/home/agilex/agilex_ws/build/limo_description': CMAKE_PREFIX_PATH=${CMAKE_PREFIX_PATH}:/home/agilex/agilex_ws/install/yolov5_ros2:/home/agilex/agilex_ws/install/nav2_simple_commander:/opt/ros/humble /usr/bin/cmake --build /home/agilex/agilex_ws/build/limo_description -- -j8 -l8
[0.609s] -- Found ament_cmake: 1.3.6 (/opt/ros/humble/share/ament_cmake/cmake)
[0.609s] -- Found Python3: /usr/bin/python3.10 (found version "3.10.12") found components: Interpreter 
[0.609s] -- Found ament_lint_auto: 0.12.9 (/opt/ros/humble/share/ament_lint_auto/cmake)
[0.609s] -- Added test 'copyright' to check source files copyright and LICENSE
[0.609s] -- Added test 'flake8' to check Python code syntax and style conventions
[0.609s] -- Added test 'lint_cmake' to check CMake code style
[0.609s] -- Added test 'pep257' to check Python code against some of the docstring style conventions in PEP 257
[0.609s] -- Added test 'xmllint' to check XML markup files
[0.609s] -- Configuring done
[0.609s] -- Generating done
[0.609s] -- Build files have been written to: /home/agilex/agilex_ws/build/limo_description
[0.613s] Invoked command in '/home/agilex/agilex_ws/build/limo_description' returned '0': CMAKE_PREFIX_PATH=${CMAKE_PREFIX_PATH}:/home/agilex/agilex_ws/install/yolov5_ros2:/home/agilex/agilex_ws/install/nav2_simple_commander:/opt/ros/humble /usr/bin/cmake --build /home/agilex/agilex_ws/build/limo_description -- -j8 -l8
[0.678s] Invoking command in '/home/agilex/agilex_ws/build/limo_description': CMAKE_PREFIX_PATH=${CMAKE_PREFIX_PATH}:/home/agilex/agilex_ws/install/yolov5_ros2:/home/agilex/agilex_ws/install/nav2_simple_commander:/opt/ros/humble /usr/bin/cmake --install /home/agilex/agilex_ws/build/limo_description
[0.752s] -- Install configuration: ""
[0.752s] -- Up-to-date: /home/agilex/agilex_ws/install/limo_description/share/limo_description/launch
[0.752s] -- Up-to-date: /home/agilex/agilex_ws/install/limo_description/share/limo_description/launch/display_models_diff.launch.py
[0.752s] -- Up-to-date: /home/agilex/agilex_ws/install/limo_description/share/limo_description/launch/gazebo_models_diff.launch.py
[0.753s] -- Up-to-date: /home/agilex/agilex_ws/install/limo_description/share/limo_description/meshes
[0.753s] -- Up-to-date: /home/agilex/agilex_ws/install/limo_description/share/limo_description/meshes/limo_wheel.dae
[0.753s] -- Up-to-date: /home/agilex/agilex_ws/install/limo_description/share/limo_description/meshes/limo_base.stl
[0.753s] -- Up-to-date: /home/agilex/agilex_ws/install/limo_description/share/limo_description/meshes/limo_base.dae
[0.753s] -- Up-to-date: /home/agilex/agilex_ws/install/limo_description/share/limo_description/meshes/limo_wheel.stl
[0.753s] -- Up-to-date: /home/agilex/agilex_ws/install/limo_description/share/limo_description/rviz
[0.753s] -- Up-to-date: /home/agilex/agilex_ws/install/limo_description/share/limo_description/rviz/model_display.rviz
[0.753s] -- Up-to-date: /home/agilex/agilex_ws/install/limo_description/share/limo_description/rviz/urdf.rviz
[0.753s] -- Up-to-date: /home/agilex/agilex_ws/install/limo_description/share/limo_description/urdf
[0.753s] -- Up-to-date: /home/agilex/agilex_ws/install/limo_description/share/limo_description/urdf/limo_four_diff.xacro
[0.753s] -- Up-to-date: /home/agilex/agilex_ws/install/limo_description/share/limo_description/urdf/limo_ackerman.xacro
[0.753s] -- Up-to-date: /home/agilex/agilex_ws/install/limo_description/share/limo_description/urdf/limo_ackerman.gazebo
[0.753s] -- Up-to-date: /home/agilex/agilex_ws/install/limo_description/share/limo_description/urdf/limo_four_diff.gazebo
[0.754s] -- Up-to-date: /home/agilex/agilex_ws/install/limo_description/share/limo_description/urdf/limo_xacro.xacro
[0.754s] -- Up-to-date: /home/agilex/agilex_ws/install/limo_description/share/limo_description/urdf/limo_four_diff_2.gazebo
[0.754s] -- Up-to-date: /home/agilex/agilex_ws/install/limo_description/share/limo_description/urdf/limo_gazebo.gazebo
[0.754s] -- Up-to-date: /home/agilex/agilex_ws/install/limo_description/share/limo_description/urdf/limo_steering_hinge.xacro
[0.754s] -- Up-to-date: /home/agilex/agilex_ws/install/limo_description/share/ament_index/resource_index/package_run_dependencies/limo_description
[0.754s] -- Installing: /home/agilex/agilex_ws/install/limo_description/share/ament_index/resource_index/parent_prefix_path/limo_description
[0.754s] -- Installing: /home/agilex/agilex_ws/install/limo_description/share/limo_description/environment/ament_prefix_path.sh
[0.754s] -- Installing: /home/agilex/agilex_ws/install/limo_description/share/limo_description/environment/ament_prefix_path.dsv
[0.754s] -- Installing: /home/agilex/agilex_ws/install/limo_description/share/limo_description/environment/path.sh
[0.754s] -- Installing: /home/agilex/agilex_ws/install/limo_description/share/limo_description/environment/path.dsv
[0.754s] -- Up-to-date: /home/agilex/agilex_ws/install/limo_description/share/limo_description/local_setup.bash
[0.754s] -- Up-to-date: /home/agilex/agilex_ws/install/limo_description/share/limo_description/local_setup.sh
[0.755s] -- Up-to-date: /home/agilex/agilex_ws/install/limo_description/share/limo_description/local_setup.zsh
[0.755s] -- Installing: /home/agilex/agilex_ws/install/limo_description/share/limo_description/local_setup.dsv
[0.755s] -- Installing: /home/agilex/agilex_ws/install/limo_description/share/limo_description/package.dsv
[0.755s] -- Up-to-date: /home/agilex/agilex_ws/install/limo_description/share/ament_index/resource_index/packages/limo_description
[0.755s] -- Up-to-date: /home/agilex/agilex_ws/install/limo_description/share/limo_description/cmake/limo_descriptionConfig.cmake
[0.755s] -- Up-to-date: /home/agilex/agilex_ws/install/limo_description/share/limo_description/cmake/limo_descriptionConfig-version.cmake
[0.755s] -- Up-to-date: /home/agilex/agilex_ws/install/limo_description/share/limo_description/package.xml
[0.841s] Invoked command in '/home/agilex/agilex_ws/build/limo_description' returned '0': CMAKE_PREFIX_PATH=${CMAKE_PREFIX_PATH}:/home/agilex/agilex_ws/install/yolov5_ros2:/home/agilex/agilex_ws/install/nav2_simple_commander:/opt/ros/humble /usr/bin/cmake --install /home/agilex/agilex_ws/build/limo_description
